
> test:build
> node --test scripts/test-artifacts.mjs scripts/test-sdk-manifest.mjs scripts/test-noir-dependencies.mjs scripts/test-crs-build.mjs scripts/test-crs-consumers.mjs scripts/test-process-lifecycle.mjs

✔ matching synthetic artifacts and recorded sources pass (19.932958ms)
✔ stale deploy Noir copy is rejected (6.141375ms)
✔ stale censor Noir copy is rejected (6.468917ms)
✔ missing verification key is rejected even when all consumer copies agree (6.54325ms)
✔ empty private function set is rejected even when all consumer copies agree (6.963125ms)
✔ only public functions is rejected even when all consumer copies agree (7.870875ms)
✔ untranspiled artifact is rejected even when all consumer copies agree (7.941458ms)
✔ truthy non-boolean transpilation marker is rejected even when all consumer copies agree (7.375959ms)
✔ stale portal bytecode is rejected: apps/src/billboard/portal_bytecode.txt (6.795417ms)
✔ stale portal bytecode is rejected: apps/src/billboard/deploy/portal_bytecode.txt (7.901042ms)
✔ portal source drift is rejected by embedded compiler provenance (6.030958ms)
✔ missing Solidity source provenance is rejected (10.269708ms)
✔ string-encoded Solidity metadata remains supported (10.508041ms)
✔ Noir source drift requires a rebuild (6.571125ms)
✔ Noir dependency declaration drift requires a rebuild (7.403041ms)
✔ root dependency lock drift requires a rebuild (5.821792ms)
✔ portal dependency lock drift requires a rebuild (6.231167ms)
✔ compiler configuration drift requires a rebuild (7.066667ms)
✔ toolchain pins drift requires a rebuild (7.117125ms)
✔ contract builder drift requires a rebuild (6.560875ms)
✔ Noir debug-path normalizer drift requires a rebuild (5.694958ms)
✔ Noir dependency verifier drift requires a rebuild (7.441417ms)
✔ Noir dependency pins drift requires a rebuild (5.954041ms)
✔ new Noir source omitted from the old manifest requires a rebuild (5.510542ms)
✔ contract manifest input hash tampering is rejected (5.215166ms)
✔ contract manifest noir hash tampering is rejected (4.85375ms)
✔ contract manifest portal hash tampering is rejected (5.415708ms)
✔ synchronized altered Noir artifacts still fail the recorded build hash (4.885917ms)
✔ synchronized altered portal bytecode still fails the recorded build hash (5.01525ms)
✔ accepts the exact pinned partial response and requests identity encoding (17.452375ms)
✔ rejects ignored Range (0.8135ms)
✔ rejects wrong range (1.183334ms)
✔ rejects oversized stream (0.425459ms)
✔ rejects truncated stream (0.512583ms)
✔ rejects checksum mismatch (0.649334ms)
✔ falls back only to another response matching the same content pin (1.151208ms)
✔ all verified local bytes reach SRS with the pinned v5 point counts (15.323667ms)
✔ old uncompressed-size local BN254 data is rejected before any prover call (0.440625ms)
✔ corrupt same-size cache and CDN bytes cannot initialize SRS (23.392333ms)
✔ bad local cache and bad first CDN fall back only to hash-verified second CDN bytes (14.792708ms)
✔ g1.dat uses the official v5 CDN filename and exact range (33.297417ms)
✔ grumpkin_g1.dat uses the official v5 CDN filename and exact range (15.313542ms)
✔ missing manifest is rejected before any data request (0.217917ms)
✔ old point count is rejected before any data request (0.100792ms)
✔ old Grumpkin filename is rejected before any data request (0.095833ms)
✔ unexpected network destination is rejected before any data request (0.106458ms)
✔ duplicate file is rejected before any data request (0.067708ms)
✔ invalid range is rejected before any data request (0.055958ms)
✔ truncated body cannot be loaded (0.134084ms)
✔ oversized body cannot be loaded (0.087416ms)
✔ oversized content length cannot be loaded (0.349375ms)
✔ HTTP failure cannot be loaded (0.060584ms)
✔ empty successful response cannot be loaded (0.056834ms)
✔ oversized streamed response is cancelled instead of reading remaining bytes (0.32375ms)
✔ BN254 initialization rejection prevents Grumpkin initialization (14.101584ms)
✔ unexpected BN254 response cannot be reported as initialized (14.130834ms)
✔ unexpected Grumpkin response cannot be reported as initialized (20.943375ms)
✔ browser loading uses the same checks with Web Crypto SHA-256 (20.342917ms)
✔ matching trees and artifact embedded sources pass (5.013375ms)
✔ macro change absent from file_map still fails the full tree check (5.921417ms)
✔ new and missing tree sources cannot pass (7.408875ms)
✔ local or transitive manifest changes fail (2.876083ms)
✔ changed, missing, new and conflicting artifact sources fail (2.950667ms)
✔ absolute and traversal source paths fail closed (2.062792ms)
✔ successful tests reap the service and remove signal handlers (64.661458ms)
✔ failed tests remain a failure and reap the service (51.121708ms)
✔ service death by signal during startup is detected before readiness timeout (23.742583ms)
✔ readiness deadline terminates a live unready service (102.036583ms)
✔ a stuck readiness probe is bounded and its service is reaped (51.441625ms)
✔ timed-out tests and service ignoring SIGTERM are forcibly killed and reaped (325.477ms)
✔ SIGTERM during startup produces exit code 143 and reaps children (24.628917ms)
✔ SIGINT during test execution produces exit code 130 and reaps both children (144.377875ms)
✔ cancellation immediately after test spawn does not leave an unhandled exit rejection (35.172167ms)
✔ service death while tests are active aborts and reaps those tests (46.638416ms)
✔ service spawn failure is surfaced without leaving signal handlers (1.344958ms)
✔ test spawn failure still reaps its service (22.686041ms)
✔ complete synthetic SDK manifest passes (20.460375ms)
✔ stale lockfile is rejected (9.576667ms)
✔ stale build script is rejected (6.050833ms)
✔ stale SDK entry source is rejected (6.218958ms)
✔ stale imported dependency source is rejected (7.572959ms)
✔ stale toolchain helper is rejected (5.854ms)
✔ stale runtime asset source is rejected (6.449041ms)
✔ stale bundle output is rejected (5.674666ms)
✔ stale worker output is rejected (6.444958ms)
✔ stale runtime asset output is rejected (12.754667ms)
✔ protocol version mismatch is rejected (10.268209ms)
✔ omitting required inputs entry shared/sdk-entry.mjs is rejected (6.907583ms)
✔ omitting required inputs entry node_modules/@aztec/noir-acvm_js/web/acvm_js_bg.wasm is rejected (7.096292ms)
✔ omitting required outputs entry sqlite.worker.js is rejected (7.097958ms)
✔ omitting required outputs entry sqlite3.wasm is rejected (7.367708ms)
✔ runtime asset output cannot differ from its source even with a refreshed output hash (8.67375ms)
✔ manifest inputs path confinement rejects ../outside.js (8.894209ms)
✔ manifest inputs path confinement rejects /outside.js (8.432125ms)
✔ manifest inputs path confinement rejects shared/../outside.js (9.486125ms)
✔ manifest inputs path confinement rejects shared\outside.js (8.157916ms)
✔ manifest outputs path confinement rejects ../outside.js (15.668958ms)
✔ manifest outputs path confinement rejects /outside.js (7.622625ms)
✔ manifest outputs path confinement rejects nested/worker.js (8.602375ms)
✔ manifest outputs path confinement rejects ..\outside.js (9.117667ms)
✔ inputs symlink cannot escape its allowed directory (7.478333ms)
✔ outputs symlink cannot escape its allowed directory (8.9065ms)
✔ invalid manifest structure is rejected (6.559792ms)
✔ malformed manifest digest is rejected (7.442583ms)
✔ missing worker file is rejected rather than silently omitted (9.609792ms)
ℹ tests 105
ℹ suites 0
ℹ pass 105
ℹ fail 0
ℹ cancelled 0
ℹ skipped 0
ℹ todo 0
ℹ duration_ms 933.863209
