Compiling 89 files with Solc 0.8.27
Solc 0.8.27 finished in 1.33s
Compiler run successful!
2026-09-12T06:34:28.649404Z  WARN traces::etherscan: etherscan config not found
[31mThe application panicked (crashed).[0m
Message:  [36mAttempted to create a NULL object.[0m
Location: [35m/Users/runner/.cargo/registry/src/index.crates.io-1949cf8c6b5b557f/system-configuration-0.6.1/src/dynamic_store.rs[0m:[35m154[0m

This is a bug. Consider reporting it at https://github.com/foundry-rs/foundry

  ━━━━━━━━━━━━━━━━━━━━━━━━━━━━━━━━━━ BACKTRACE ━━━━━━━━━━━━━━━━━━━━━━━━━━━━━━━━━━━
  [96m                              ⋮ 7 frames hidden ⋮                               [0m
   8: [91msystem_configuration::dynamic_store::SCDynamicStoreBuilder<T>::build[0m[90m::hd6da5c63bae74b9d[0m
      at [35m<unknown source file>[0m:[35m<unknown line>[0m
   9: [91mhyper_util::client::proxy::matcher::mac::with_system[0m[90m::h897c54e611c55451[0m
      at [35m<unknown source file>[0m:[35m<unknown line>[0m
  10: [91mhyper_util::client::proxy::matcher::Builder::from_system[0m[90m::h55cc2a652d61a563[0m
      at [35m<unknown source file>[0m:[35m<unknown line>[0m
  11: [91mhyper_util::client::proxy::matcher::Matcher::from_system[0m[90m::hbc7cddeb13e754a2[0m
      at [35m<unknown source file>[0m:[35m<unknown line>[0m
  12: [91mreqwest::async_impl::client::ClientBuilder::build[0m[90m::h5cdee1b7eb287e55[0m
      at [35m<unknown source file>[0m:[35m<unknown line>[0m
  13: [91mfoundry_common::provider::runtime_transport::RuntimeTransport::reqwest_client[0m[90m::h9c28c52e5a52535a[0m
      at [35m<unknown source file>[0m:[35m<unknown line>[0m
  14: [91mfoundry_common::selectors::OpenChainClient::new[0m[90m::hd11f26092aed185e[0m
      at [35m<unknown source file>[0m:[35m<unknown line>[0m
  15: [91mfoundry_evm_traces::identifier::signatures::SignaturesIdentifier::new_with[0m[90m::he5385c7e7d86fdbc[0m
      at [35m<unknown source file>[0m:[35m<unknown line>[0m
  16: [91mfoundry_evm_traces::identifier::signatures::SignaturesIdentifier::from_config[0m[90m::h0e5dc86bca55a60b[0m
      at [35m<unknown source file>[0m:[35m<unknown line>[0m
  17: [91mforge::cmd::test::TestArgs::run_tests_inner::{{closure}}[0m[90m::h320757c905e9a5d0[0m
      at [35m<unknown source file>[0m:[35m<unknown line>[0m
  18: [91mforge::cmd::test::TestArgs::run_tests::{{closure}}[0m[90m::h30a7257bb95529d6[0m
      at [35m<unknown source file>[0m:[35m<unknown line>[0m
  19: [91mforge::cmd::test::TestArgs::compile_and_run::{{closure}}[0m[90m::h6d5eb8a434fa4f43[0m
      at [35m<unknown source file>[0m:[35m<unknown line>[0m
  20: [91m<core::pin::Pin<P> as core::future::future::Future>::poll[0m[90m::h7b98b4fbb5160286[0m
      at [35m<unknown source file>[0m:[35m<unknown line>[0m
  21: [91mforge::args::run_command[0m[90m::hf091734a78d37528[0m
      at [35m<unknown source file>[0m:[35m<unknown line>[0m
  22: [91mforge::args::run[0m[90m::h1f0b4d89c1eea380[0m
      at [35m<unknown source file>[0m:[35m<unknown line>[0m
  23: [91mforge::main[0m[90m::hab63c0a245332dcb[0m
      at [35m<unknown source file>[0m:[35m<unknown line>[0m
  24: [32mstd::sys::backtrace::__rust_begin_short_backtrace[0m[90m::h9ff524d71b78c42f[0m
      at [35m<unknown source file>[0m:[35m<unknown line>[0m
  25: [32m_main[0m[90m<unknown>[0m
      at [35m<unknown source file>[0m:[35m<unknown line>[0m

Run with COLORBT_SHOW_HIDDEN=1 environment variable to disable frame filtering.
Run with RUST_BACKTRACE=full to include source snippets.
