✔ workflow guard accepts unchanged output and ignores unrelated evidence (311.8165ms)
✔ workflow guard fails each overwritten committed output after a rebuild (593.248625ms)
✔ workflow guard rejects staged regeneration and removed consumers (124.2755ms)
✔ workflow guard rejects newly generated uncommitted application outputs (91.092583ms)
✔ matching synthetic artifacts and recorded sources pass (26.824208ms)
✔ stale deploy Noir copy is rejected (19.6195ms)
✔ stale censor Noir copy is rejected (12.553416ms)
✔ missing verification key is rejected even when all consumer copies agree (9.907ms)
✔ empty private function set is rejected even when all consumer copies agree (14.874583ms)
✔ only public functions is rejected even when all consumer copies agree (12.176375ms)
✔ untranspiled artifact is rejected even when all consumer copies agree (12.869458ms)
✔ truthy non-boolean transpilation marker is rejected even when all consumer copies agree (10.27075ms)
✔ stale portal bytecode is rejected: apps/src/billboard/portal_bytecode.txt (10.734041ms)
✔ stale portal bytecode is rejected: apps/src/billboard/deploy/portal_bytecode.txt (12.381583ms)
✔ portal source drift is rejected by embedded compiler provenance (9.561583ms)
✔ missing Solidity source provenance is rejected (9.579ms)
✔ string-encoded Solidity metadata remains supported (10.24025ms)
✔ Noir source drift requires a rebuild (10.206208ms)
✔ Noir dependency declaration drift requires a rebuild (7.587667ms)
✔ root dependency lock drift requires a rebuild (9.911334ms)
✔ portal dependency lock drift requires a rebuild (8.58ms)
✔ compiler configuration drift requires a rebuild (9.8435ms)
✔ toolchain pins drift requires a rebuild (7.834625ms)
✔ contract builder drift requires a rebuild (8.815459ms)
✔ Noir debug-path normalizer drift requires a rebuild (10.052958ms)
✔ Noir dependency verifier drift requires a rebuild (8.865708ms)
✔ Noir dependency pins drift requires a rebuild (7.0285ms)
✔ new Noir source omitted from the old manifest requires a rebuild (8.656417ms)
✔ contract manifest input hash tampering is rejected (9.370292ms)
✔ contract manifest noir hash tampering is rejected (8.0185ms)
✔ contract manifest portal hash tampering is rejected (8.124042ms)
✔ synchronized altered Noir artifacts still fail the recorded build hash (8.50425ms)
✔ synchronized altered portal bytecode still fails the recorded build hash (9.603791ms)
✔ privateFee key, extra route and stale content fail closed (8.766958ms)
✔ user generated page binds the canonical privateFee and isolated RPC credential (106.452958ms)
✔ censor generated page binds the canonical privateFee and isolated RPC credential (27.669208ms)
✔ deploy generated page binds the canonical privateFee and isolated RPC credential (56.122958ms)
✔ fee-juice generated page binds the canonical privateFee and isolated RPC credential (29.754834ms)
✔ user feed resolves large stable IDs and decodes seven-field reasons with explicit length (17.529375ms)
✔ censor feed resolves large stable IDs and decodes seven-field reasons with explicit length (6.937875ms)
✔ user countdown does not announce withdrawal eligibility while screened debt remains (1.373375ms)
✔ seven-field reasons enforce byte length, UTF-8 and exact padding (1.561375ms)
✔ flag carries immutable post policy and rejects a mismatched reviewed version (0.383792ms)
✔ policy content and version are read atomically without independent latest-state reads (0.114584ms)
✔ normal author calls carry only private payment method and bootstrap claim is consumed once (2.954167ms)
✔ unknown submission is preserved without retry and private errors are redacted (1.629708ms)
✔ missing private fee configuration fails before account work for every private action (1.4735ms)
✔ actual wallet keeps configured gas and normal account scope/tag through simulation and proof (21.956416ms)
✔ actual main claim uses standard author call with private fee payment (13.1985ms)
✔ actual main post uses standard author call with private fee payment (2.409209ms)
✔ actual main post dummy uses standard author call with private fee payment (1.0915ms)
✔ actual main withdraw uses standard author call with private fee payment (0.938ms)
✔ moderator calls use their normal account with private fee payment (1.061875ms)
✔ inherited object names never select an application method (0.304709ms)
✔ build provenance rejects changed frontend sources paired with old HTML (48.665958ms)
✔ build provenance rejects output changes and removed output (48.625625ms)
✔ source removal and newly discovered app invalidate previous build (32.592583ms)
✔ partial or interrupted builds cannot preserve a valid aggregate manifest (58.881625ms)
✔ mid-build drift and private RPC overrides cannot be certified (57.172625ms)
✔ internal symlinks hash the actual source while escapes and cycles reject (27.625541ms)
✔ obsolete template cannot leave a served HTML page in certified output (29.093083ms)
✔ unexpected top-level and nested HTML reject certification without deletion (28.288ms)
✔ output symlink escapes and cycles cannot bypass the served HTML inventory (23.776875ms)
✔ browser forwards public fee config and local claim directly with no service or store (6.61725ms)
✔ CLI reads public configuration and restricted local claim, rejecting links, extra fields, and broad permissions (3.533917ms)
✔ CLI keeps ambiguous outcomes actionable without exposing private errors (0.1275ms)
✔ actual raw Noir inventory survives JSON round trip including absent optional metadata (37.582666ms)
✔ missing VK, duplicate functions and malformed encoded bytecode are rejected (22.32025ms)
✔ runtime is labeled a template with immutable references and byte changes invalidate inventory (1.49025ms)
✔ removed assets, source drift and changed verification keys fail complete inventory comparison (16.239542ms)
✔ valid no-screening and linked hints survive SDK result wrappers (2.244167ms)
✔ malformed result never silently becomes empty hints (1.87275ms)
✔ missing, conflicting, stale and transport errors are explicit and redact raw data (0.933667ms)
✔ complete synthetic SDK manifest passes (22.812458ms)
✔ stale lockfile is rejected (15.227541ms)
✔ stale build script is rejected (16.341667ms)
✔ stale SDK entry source is rejected (15.905417ms)
✔ stale storage adapter source is rejected (20.962459ms)
✔ stale PXE schema source is rejected (12.524709ms)
✔ stale imported dependency source is rejected (14.757208ms)
✔ stale toolchain helper is rejected (13.92675ms)
✔ stale runtime asset source is rejected (34.748709ms)
✔ stale bundle output is rejected (24.242ms)
✔ stale worker output is rejected (21.163625ms)
✔ stale runtime asset output is rejected (19.125375ms)
✔ protocol version mismatch is rejected (12.828375ms)
✔ omitting required inputs entry shared/sdk-entry.mjs is rejected (15.366958ms)
✔ omitting required inputs entry shared/sdk-store.mjs is rejected (14.197042ms)
✔ omitting required inputs entry node_modules/@aztec/pxe/dest/storage/metadata.js is rejected (14.107167ms)
✔ omitting required inputs entry node_modules/@aztec/noir-acvm_js/web/acvm_js_bg.wasm is rejected (10.773334ms)
✔ omitting required outputs entry sqlite.worker.js is rejected (12.539083ms)
✔ omitting required outputs entry sqlite3.wasm is rejected (12.161042ms)
✔ runtime asset output cannot differ from its source even with a refreshed output hash (15.932208ms)
✔ manifest inputs path confinement rejects ../outside.js (11.994167ms)
✔ manifest inputs path confinement rejects /outside.js (11.973375ms)
✔ manifest inputs path confinement rejects shared/../outside.js (12.543875ms)
✔ manifest inputs path confinement rejects shared\outside.js (10.880584ms)
✔ manifest outputs path confinement rejects ../outside.js (13.314458ms)
✔ manifest outputs path confinement rejects /outside.js (11.511917ms)
✔ manifest outputs path confinement rejects nested/worker.js (12.071042ms)
✔ manifest outputs path confinement rejects ..\outside.js (10.77525ms)
✔ inputs symlink cannot escape its allowed directory (11.951834ms)
✔ outputs symlink cannot escape its allowed directory (11.463833ms)
✔ invalid manifest structure is rejected (11.107166ms)
✔ malformed manifest digest is rejected (10.169584ms)
✔ missing worker file is rejected rather than silently omitted (11.205541ms)
✔ historical unsafe constructor has pinned provenance and cannot execute without capture (2.507209ms)
✔ known-bad shell construction retains substitutions; repaired authority emits inert argv (7.984ms)
ℹ tests 108
ℹ suites 0
ℹ pass 108
ℹ fail 0
ℹ cancelled 0
ℹ skipped 0
ℹ todo 0
ℹ duration_ms 1199.373958
