node:internal/child_process:1143
    result.error = new ErrnoException(result.error, 'spawnSync ' + options.file);
                   ^

<ref *1> Error: spawnSync /work/.build/toolchain/nargo ETIMEDOUT
    at Object.spawnSync (node:internal/child_process:1143:20)
    at spawnSync (node:child_process:911:24)
    at execFileSync (node:child_process:954:15)
    at file:///work/scripts/fixtures/noir-interface-v1/run.mjs:21:16
    at ModuleJob.run (node:internal/modules/esm/module_job:437:25)
    at async node:internal/modules/esm/loader:639:26
    at async asyncRunEntryPointWithESMLoader (node:internal/modules/run_main:101:5) {
  errno: -110,
  code: 'ETIMEDOUT',
  syscall: 'spawnSync /work/.build/toolchain/nargo',
  path: '/work/.build/toolchain/nargo',
  spawnargs: [
    'test',
    '--program-dir',
    '/work/scripts/fixtures/noir-interface-v1',
    '--deny-warnings'
  ],
  error: [Circular *1],
  status: null,
  signal: 'SIGKILL',
  output: [
    null,
    '[billboard_note_layout_v1] Running 22 test functions\n' +
      '[billboard_note_layout_v1] Testing canonical_roundtrip_rejects_u32_overflow ... \x1B[0m\x1B[32mok\x1B[0m\n' +
      '[billboard_note_layout_v1] Testing canonical_roundtrip_rejects_u128_overflow ... \x1B[0m\x1B[32mok\x1B[0m\n' +
      '[billboard_note_layout_v1] Testing canonical_roundtrip_rejects_u64_overflow ... \x1B[0m\x1B[32mok\x1B[0m\n' +
      '[billboard_note_layout_v1] Testing checked_unpack_accepts_canonical_note_controls ... \x1B[0m\x1B[32mok\x1B[0m\n' +
      '[billboard_note_layout_v1] Testing deposit_eleven_fields_exact_order_and_roundtrip ... \x1B[0m\x1B[32mok\x1B[0m\n' +
      '[billboard_note_layout_v1] Testing deposit_generated_selectors_match_every_packed_field ... \x1B[0m\x1B[32mok\x1B[0m\n' +
      '[billboard_note_layout_v1] Testing explicit_eth_address_validation_rejects_overwidth_unpack ... \x1B[0m\x1B[32mok\x1B[0m\n' +
      '[billboard_note_layout_v1] Testing full_scalar_widths_roundtrip_without_sharing_fields ... \x1B[0m\x1B[32mok\x1B[0m\n' +
      '[billboard_note_layout_v1] Testing post_generated_selectors_match_every_packed_field ... \x1B[0m\x1B[32mok\x1B[0m\n' +
      '[billboard_note_layout_v1] Testing post_seven_fields_exact_order_and_roundtrip ... \x1B[0m\x1B[32mok\x1B[0m\n',
    ''
  ],
  pid: 645,
  stdout: '[billboard_note_layout_v1] Running 22 test functions\n' +
    '[billboard_note_layout_v1] Testing canonical_roundtrip_rejects_u32_overflow ... \x1B[0m\x1B[32mok\x1B[0m\n' +
    '[billboard_note_layout_v1] Testing canonical_roundtrip_rejects_u128_overflow ... \x1B[0m\x1B[32mok\x1B[0m\n' +
    '[billboard_note_layout_v1] Testing canonical_roundtrip_rejects_u64_overflow ... \x1B[0m\x1B[32mok\x1B[0m\n' +
    '[billboard_note_layout_v1] Testing checked_unpack_accepts_canonical_note_controls ... \x1B[0m\x1B[32mok\x1B[0m\n' +
    '[billboard_note_layout_v1] Testing deposit_eleven_fields_exact_order_and_roundtrip ... \x1B[0m\x1B[32mok\x1B[0m\n' +
    '[billboard_note_layout_v1] Testing deposit_generated_selectors_match_every_packed_field ... \x1B[0m\x1B[32mok\x1B[0m\n' +
    '[billboard_note_layout_v1] Testing explicit_eth_address_validation_rejects_overwidth_unpack ... \x1B[0m\x1B[32mok\x1B[0m\n' +
    '[billboard_note_layout_v1] Testing full_scalar_widths_roundtrip_without_sharing_fields ... \x1B[0m\x1B[32mok\x1B[0m\n' +
    '[billboard_note_layout_v1] Testing post_generated_selectors_match_every_packed_field ... \x1B[0m\x1B[32mok\x1B[0m\n' +
    '[billboard_note_layout_v1] Testing post_seven_fields_exact_order_and_roundtrip ... \x1B[0m\x1B[32mok\x1B[0m\n',
  stderr: ''
}

Node.js v24.15.0
