npm timing npm:load:whichnode Completed in 3ms
npm timing npm:load:configload Completed in 10ms
npm timing config:load:flatten Completed in 4ms
npm timing npm:load:mkdirpcache Completed in 4ms
npm timing npm:load:mkdirplogs Completed in 3ms
npm timing npm:load:setTitle Completed in 1ms
npm timing npm:load Completed in 65ms
npm timing arborist:ctor Completed in 5ms
npm timing arborist:ctor Completed in 1ms
npm timing idealTree:init Completed in 2483ms
npm timing idealTree:userRequests Completed in 0ms
npm timing idealTree:#root Completed in 7ms
npm timing idealTree:buildDeps Completed in 26ms
npm timing idealTree:fixDepFlags Completed in 0ms
npm timing idealTree Completed in 2679ms
npm timing npm-ci:rm Completed in 26ms
npm timing reify:loadTrees Completed in 162ms
npm timing reify:diffTrees Completed in 57ms
npm timing reify:retireShallow Completed in 0ms
npm timing reify:createSparse Completed in 957ms
npm timing reify:loadBundles Completed in 0ms
npm timing reifyNode:node_modules/vary Completed in 14517ms
npm timing reifyNode:node_modules/wordwrapjs Completed in 14525ms
npm timing reifyNode:node_modules/yallist Completed in 14528ms
npm timing reifyNode:node_modules/wrappy Completed in 14530ms
npm timing reifyNode:node_modules/which Completed in 14588ms
npm timing reifyNode:node_modules/wherearewe Completed in 14590ms
npm timing reifyNode:node_modules/unpipe Completed in 14596ms
npm timing reifyNode:node_modules/strip-final-newline Completed in 14601ms
npm timing reifyNode:node_modules/yoctocolors-cjs Completed in 14606ms
npm timing reifyNode:node_modules/xtend Completed in 14608ms
npm timing reifyNode:node_modules/write-file-atomic Completed in 14611ms
npm timing reifyNode:node_modules/yocto-queue Completed in 14677ms
npm timing reifyNode:node_modules/wrap-ansi Completed in 14678ms
npm timing reifyNode:node_modules/webidl-conversions Completed in 14679ms
npm timing reifyNode:node_modules/util-deprecate Completed in 14684ms
npm timing reifyNode:node_modules/utils-merge Completed in 14686ms
npm timing reifyNode:node_modules/tsscmp Completed in 14687ms
npm timing reifyNode:node_modules/supports-color Completed in 14693ms
npm timing reifyNode:node_modules/test-exclude Completed in 14694ms
npm timing reifyNode:node_modules/stream-events Completed in 14695ms
npm timing reifyNode:node_modules/weak-lru-cache Completed in 14807ms
npm timing reifyNode:node_modules/ylru Completed in 14810ms
npm timing reifyNode:node_modules/type-detect Completed in 14809ms
npm timing reifyNode:node_modules/string-width-cjs Completed in 14814ms
npm timing reifyNode:node_modules/string-length Completed in 14818ms
npm timing reifyNode:node_modules/stubs Completed in 14822ms
npm timing reifyNode:node_modules/strip-ansi-cjs Completed in 14828ms
npm timing reifyNode:node_modules/split2 Completed in 14833ms
npm timing reifyNode:node_modules/strip-bom Completed in 14882ms
npm timing reifyNode:node_modules/wrap-ansi-cjs Completed in 15146ms
npm timing reifyNode:node_modules/xml-naming Completed in 15150ms
npm timing reifyNode:node_modules/utf8-codec Completed in 15157ms
npm timing reifyNode:node_modules/update-browserslist-db Completed in 15168ms
npm timing reifyNode:node_modules/toidentifier Completed in 15174ms
npm timing reifyNode:node_modules/string-format Completed in 15178ms
npm timing reifyNode:node_modules/shebang-command Completed in 15188ms
npm timing reifyNode:node_modules/shebang-regex Completed in 15189ms
npm timing reifyNode:node_modules/stream-shift Completed in 15193ms
npm timing reifyNode:node_modules/setprototypeof Completed in 15200ms
npm timing reifyNode:node_modules/resolve-cwd Completed in 15208ms
npm timing reifyNode:node_modules/typical Completed in 15385ms
npm timing reifyNode:node_modules/string-width Completed in 15398ms
npm timing reifyNode:node_modules/strip-json-comments Completed in 15400ms
npm timing reifyNode:node_modules/statuses Completed in 15401ms
npm timing reifyNode:node_modules/stack-utils Completed in 15405ms
npm timing reifyNode:node_modules/type-is Completed in 15691ms
npm timing reifyNode:node_modules/signal-exit Completed in 15779ms
npm timing reifyNode:node_modules/snappy Completed in 15783ms
npm timing reifyNode:node_modules/source-map-support Completed in 15785ms
npm timing reifyNode:node_modules/side-channel-weakmap Completed in 15792ms
npm timing reifyNode:node_modules/side-channel-list Completed in 15798ms
npm timing reifyNode:node_modules/require-directory Completed in 15800ms
npm timing reifyNode:node_modules/safe-regex-test Completed in 15804ms
npm timing reifyNode:node_modules/run-async Completed in 15824ms
npm timing reifyNode:node_modules/strnum Completed in 16622ms
npm timing reifyNode:node_modules/slash Completed in 16625ms
npm timing reifyNode:node_modules/side-channel-map Completed in 16626ms
npm timing reifyNode:node_modules/reduce-flatten Completed in 16633ms
npm timing reifyNode:node_modules/real-require Completed in 16638ms
npm timing reifyNode:node_modules/tdigest Completed in 16756ms
npm timing reifyNode:node_modules/string_decoder Completed in 16758ms
npm timing reifyNode:node_modules/serve-static Completed in 16760ms
npm timing reifyNode:node_modules/safer-buffer Completed in 16761ms
npm timing reifyNode:node_modules/safe-buffer Completed in 16762ms
npm timing reifyNode:node_modules/resolve-from Completed in 16764ms
npm timing reifyNode:node_modules/retry Completed in 16767ms
npm timing reifyNode:node_modules/raw-body Completed in 16768ms
npm timing reifyNode:node_modules/queue-microtask Completed in 16770ms
npm timing reifyNode:node_modules/retry-request Completed in 16789ms
npm timing reifyNode:node_modules/side-channel Completed in 16953ms
npm timing reifyNode:node_modules/send Completed in 16954ms
npm timing reifyNode:node_modules/postgres-bytea Completed in 16957ms
npm timing reifyNode:node_modules/postgres-date Completed in 16960ms
npm timing reifyNode:node_modules/unrs-resolver Completed in 17251ms
npm timing reifyNode:node_modules/quick-lru Completed in 17275ms
npm timing reifyNode:node_modules/quick-format-unescaped Completed in 17284ms
npm timing reifyNode:node_modules/pvutils Completed in 17290ms
npm timing reifyNode:node_modules/pump Completed in 17298ms
npm timing reifyNode:node_modules/proxy-addr Completed in 17303ms
npm timing reifyNode:node_modules/pirates Completed in 17314ms
npm timing reifyNode:node_modules/pg-connection-string Completed in 17330ms
npm timing reifyNode:node_modules/pg-int8 Completed in 17335ms
npm timing reifyNode:node_modules/range-parser Completed in 18216ms
npm timing reifyNode:node_modules/safe-stable-stringify Completed in 18254ms
npm timing reifyNode:node_modules/proxy-from-env Completed in 18266ms
npm timing reifyNode:node_modules/pkg-dir Completed in 18280ms
npm timing reifyNode:node_modules/postgres-interval Completed in 18292ms
npm timing reifyNode:node_modules/postgres-array Completed in 18299ms
npm timing reifyNode:node_modules/p-defer Completed in 18313ms
npm timing reifyNode:node_modules/tmp Completed in 18515ms
npm timing reifyNode:node_modules/table-layout Completed in 18534ms
npm timing reifyNode:node_modules/picocolors Completed in 18547ms
npm timing reifyNode:node_modules/pg-pool Completed in 18553ms
npm timing reifyNode:node_modules/path-exists Completed in 18559ms
npm timing reifyNode:node_modules/p-timeout Completed in 18555ms
npm timing reifyNode:node_modules/parse-json Completed in 18563ms
npm timing reifyNode:node_modules/p-try Completed in 18561ms
npm timing reifyNode:node_modules/p-limit Completed in 18562ms
npm timing reifyNode:node_modules/strip-ansi Completed in 18578ms
npm timing reifyNode:node_modules/node-gyp-build-optional-packages Completed in 18573ms
npm timing reifyNode:node_modules/npm-run-path Completed in 18578ms
npm timing reifyNode:node_modules/y18n Completed in 18709ms
npm timing reifyNode:node_modules/pretty-format Completed in 18727ms
npm timing reifyNode:node_modules/pgpass Completed in 18734ms
npm timing reifyNode:node_modules/p-locate Completed in 18742ms
npm timing reifyNode:node_modules/path-key Completed in 18752ms
npm timing reifyNode:node_modules/os-tmpdir Completed in 18760ms
npm timing reifyNode:node_modules/once Completed in 18849ms
npm timing reifyNode:node_modules/pvtsutils Completed in 19313ms
npm timing reifyNode:node_modules/parseurl Completed in 19331ms
npm timing reifyNode:node_modules/on-finished Completed in 19358ms
npm timing reifyNode:node_modules/node-int64 Completed in 19923ms
npm timing reifyNode:node_modules/only Completed in 19925ms
npm timing reifyNode:node_modules/onetime Completed in 19925ms
npm timing reifyNode:node_modules/mimic-fn Completed in 19930ms
npm timing reifyNode:node_modules/node-gyp-build Completed in 19935ms
npm timing reifyNode:node_modules/normalize-path Completed in 19940ms
npm timing reifyNode:node_modules/strict-event-emitter-types Completed in 20097ms
npm timing reifyNode:node_modules/node-releases Completed in 20092ms
npm timing reifyNode:node_modules/mute-stream Completed in 20093ms
npm timing reifyNode:node_modules/msgpackr-extract Completed in 20100ms
npm timing reifyNode:node_modules/natural-compare Completed in 20444ms
npm timing reifyNode:node_modules/lodash.times Completed in 20455ms
npm timing reifyNode:node_modules/whatwg-url Completed in 20679ms
npm timing reifyNode:node_modules/minimalistic-crypto-utils Completed in 20684ms
npm timing reifyNode:node_modules/methods Completed in 20688ms
npm timing reifyNode:node_modules/merge-stream Completed in 20689ms
npm timing reifyNode:node_modules/ms Completed in 20690ms
npm timing reifyNode:node_modules/loady Completed in 20705ms
npm timing reifyNode:node_modules/minimalistic-assert Completed in 20769ms
npm timing reifyNode:node_modules/mime-types Completed in 20771ms
npm timing reifyNode:node_modules/media-typer Completed in 20772ms
npm timing reifyNode:node_modules/lodash.omit Completed in 20777ms
npm warn deprecated level-concat-iterator@3.1.0: Superseded by abstract-level (https://github.com/Level/community#faq)
npm timing reifyNode:node_modules/level-concat-iterator Completed in 20819ms
npm timing reifyNode:node_modules/merge-descriptors Completed in 21239ms
npm timing reifyNode:node_modules/merge-options Completed in 21246ms
npm timing reifyNode:node_modules/make-dir Completed in 21274ms
npm timing reifyNode:node_modules/koa-bodyparser Completed in 21304ms
npm timing reifyNode:node_modules/jwa Completed in 21315ms
npm timing reifyNode:node_modules/keygrip Completed in 21332ms
npm timing reifyNode:node_modules/negotiator Completed in 21794ms
npm timing reifyNode:node_modules/napi-macros Completed in 21795ms
npm timing reifyNode:node_modules/lodash.groupby Completed in 21797ms
npm timing reifyNode:node_modules/lodash.merge Completed in 21799ms
npm timing reifyNode:node_modules/leven Completed in 21800ms
npm timing reifyNode:node_modules/lines-and-columns Completed in 21803ms
npm timing reifyNode:node_modules/joycon Completed in 21806ms
npm timing reifyNode:node_modules/koa-convert Completed in 21813ms
npm timing reifyNode:node_modules/picomatch Completed in 21890ms
npm timing reifyNode:node_modules/lodash.clonedeepwith Completed in 21886ms
npm timing reifyNode:node_modules/lodash.chunk Completed in 21888ms
npm timing reifyNode:node_modules/lodash.pickby Completed in 21890ms
npm timing reifyNode:node_modules/locate-path Completed in 21896ms
npm timing reifyNode:node_modules/jsesc Completed in 21899ms
npm timing reifyNode:node_modules/jest-resolve-dependencies Completed in 21899ms
npm timing reifyNode:node_modules/sprintf-js Completed in 22239ms
npm timing reifyNode:node_modules/pg-types Completed in 22261ms
npm warn deprecated lodash.isequal@4.5.0: This package is deprecated. Use require('node:util').isDeepStrictEqual instead.
npm timing reifyNode:node_modules/lodash.isequal Completed in 22290ms
npm warn deprecated koa-router@13.1.1: Please use @koa/router instead, starting from v9! 
npm timing reifyNode:node_modules/koa-router Completed in 22307ms
npm timing reifyNode:node_modules/lodash.camelcase Completed in 22319ms
npm timing reifyNode:node_modules/json-parse-even-better-errors Completed in 22332ms
npm timing reifyNode:node_modules/koa-is-json Completed in 22351ms
npm timing reifyNode:node_modules/jest-leak-detector Completed in 22376ms
npm timing reifyNode:node_modules/uint8-varint Completed in 22858ms
npm timing reifyNode:node_modules/path-to-regexp Completed in 22870ms
npm timing reifyNode:node_modules/node-fetch Completed in 22872ms
npm timing reifyNode:node_modules/koa-compose Completed in 22977ms
npm timing reifyNode:node_modules/lodash.clonedeep Completed in 22983ms
npm timing reifyNode:node_modules/mime Completed in 22990ms
npm timing reifyNode:node_modules/jest-watcher Completed in 22988ms
npm timing reifyNode:node_modules/js-sha3 Completed in 22994ms
npm timing reifyNode:node_modules/jest-regex-util Completed in 23004ms
npm timing reifyNode:node_modules/json-bigint Completed in 23022ms
npm timing reifyNode:node_modules/v8-to-istanbul Completed in 23356ms
npm timing reifyNode:node_modules/race-signal Completed in 23357ms
npm timing reifyNode:node_modules/level-supports Completed in 23350ms
npm timing reifyNode:node_modules/koa-compress Completed in 23350ms
npm timing reifyNode:node_modules/jest-validate Completed in 23351ms
npm timing reifyNode:node_modules/jest-matcher-utils Completed in 23351ms
npm timing reifyNode:node_modules/js-tokens Completed in 23515ms
npm timing reifyNode:node_modules/json-stringify-deterministic Completed in 23518ms
npm timing reifyNode:node_modules/jest-mock Completed in 23518ms
npm timing reifyNode:node_modules/jest-message-util Completed in 23520ms
npm timing reifyNode:node_modules/jest-util Completed in 23523ms
npm timing reifyNode:node_modules/jest-docblock Completed in 23530ms
npm timing reifyNode:node_modules/race-event Completed in 23666ms
npm timing reifyNode:node_modules/jest-each Completed in 23658ms
npm timing reifyNode:node_modules/jest-changed-files Completed in 23664ms
npm timing reifyNode:node_modules/is-plain-obj Completed in 23674ms
npm timing reifyNode:node_modules/progress-events Completed in 23765ms
npm timing reifyNode:node_modules/jws Completed in 23766ms
npm timing reifyNode:node_modules/jest-runner Completed in 23781ms
npm timing reifyNode:node_modules/jest-environment-node Completed in 23791ms
npm timing reifyNode:node_modules/jest-cli Completed in 23802ms
npm timing reifyNode:node_modules/jest Completed in 23810ms
npm timing reifyNode:node_modules/is-glob Completed in 23834ms
npm timing reifyNode:node_modules/is-buffer Completed in 23839ms
npm timing reifyNode:node_modules/is-electron Completed in 23842ms
npm timing reifyNode:node_modules/jest-resolve Completed in 24088ms
npm timing reifyNode:node_modules/ieee754 Completed in 24120ms
npm timing reifyNode:node_modules/import-local Completed in 24121ms
npm timing reifyNode:node_modules/jest-snapshot Completed in 24420ms
npm timing reifyNode:node_modules/is-fullwidth-code-point Completed in 24489ms
npm timing reifyNode:node_modules/is-extglob Completed in 24637ms
npm timing reifyNode:node_modules/is-regex Completed in 24661ms
npm timing reifyNode:node_modules/http-assert Completed in 24687ms
npm timing reifyNode:node_modules/hashlru Completed in 24726ms
npm timing reifyNode:node_modules/hasown Completed in 24746ms
npm timing reifyNode:node_modules/has-flag Completed in 24754ms
npm timing reifyNode:node_modules/pg-cloudflare Completed in 25327ms
npm timing reifyNode:node_modules/koa Completed in 25320ms
npm timing reifyNode:node_modules/jest-diff Completed in 25320ms
npm timing reifyNode:node_modules/isexe Completed in 25325ms
npm timing reifyNode:node_modules/ipaddr.js Completed in 25328ms
npm timing reifyNode:node_modules/inherits Completed in 25331ms
npm timing reifyNode:node_modules/inflation Completed in 25332ms
npm timing reifyNode:node_modules/get-stream Completed in 25333ms
npm timing reifyNode:node_modules/is-arrayish Completed in 25456ms
npm timing reifyNode:node_modules/long Completed in 25514ms
npm timing reifyNode:node_modules/jest-config Completed in 25528ms
npm timing reifyNode:node_modules/is-generator-fn Completed in 25541ms
npm timing reifyNode:node_modules/http-errors Completed in 25547ms
npm timing reifyNode:node_modules/hmac-drbg Completed in 25561ms
npm timing reifyNode:node_modules/graceful-fs Completed in 25567ms
npm timing reifyNode:node_modules/scrypt-js Completed in 26379ms
npm timing reifyNode:node_modules/murmurhash3js-revisited Completed in 26375ms
npm timing reifyNode:node_modules/netmask Completed in 26380ms
npm timing reifyNode:node_modules/jest-worker Completed in 26965ms
npm timing reifyNode:node_modules/imurmurhash Completed in 27118ms
npm timing reifyNode:node_modules/fresh Completed in 27164ms
npm timing reifyNode:node_modules/get-caller-file Completed in 27171ms
npm timing reifyNode:node_modules/get-port Completed in 27172ms
npm timing reifyNode:node_modules/gensync Completed in 27217ms
npm timing reifyNode:node_modules/finalhandler Completed in 27337ms
npm timing reifyNode:node_modules/gtoken Completed in 28062ms
npm timing reifyNode:node_modules/on-exit-leak-free Completed in 29115ms
npm timing reifyNode:node_modules/mime-db Completed in 29235ms
npm timing reifyNode:node_modules/get-package-type Completed in 29337ms
npm timing reifyNode:node_modules/forwarded Completed in 29376ms
npm timing reifyNode:node_modules/secure-json-parse Completed in 29933ms
npm timing reifyNode:node_modules/tslib Completed in 29952ms
npm timing reifyNode:node_modules/jest-haste-map Completed in 29953ms
npm timing reifyNode:node_modules/gopd Completed in 29971ms
npm timing reifyNode:node_modules/find-replace Completed in 30014ms
npm timing reifyNode:node_modules/fb-watchman Completed in 30141ms
npm timing reifyNode:node_modules/etag Completed in 30199ms
npm timing reifyNode:node_modules/p-queue Completed in 30501ms
npm timing reifyNode:node_modules/is-generator-function Completed in 30518ms
npm timing reifyNode:node_modules/find-up Completed in 30556ms
npm timing reifyNode:node_modules/fast-safe-stringify Completed in 30563ms
npm timing reifyNode:node_modules/extend Completed in 30570ms
npm timing reifyNode:node_modules/error-ex Completed in 30590ms
npm timing reifyNode:node_modules/path-expression-matcher Completed in 30831ms
npm timing reifyNode:node_modules/istanbul-lib-coverage Completed in 30828ms
npm timing reifyNode:node_modules/html-escaper Completed in 30833ms
npm timing reifyNode:node_modules/http-proxy-agent Completed in 30837ms
npm timing reifyNode:node_modules/get-intrinsic Completed in 30837ms
npm timing reifyNode:node_modules/follow-redirects Completed in 30856ms
npm timing reifyNode:node_modules/escape-string-regexp Completed in 30864ms
npm timing reifyNode:node_modules/escape-html Completed in 30868ms
npm timing reifyNode:node_modules/ee-first Completed in 30875ms
npm timing reifyNode:node_modules/end-of-stream Completed in 30877ms
npm timing reifyNode:node_modules/uint8arraylist Completed in 31089ms
npm timing reifyNode:node_modules/jest-runtime Completed in 31106ms
npm timing reifyNode:node_modules/it-protobuf-stream Completed in 31105ms
npm timing reifyNode:node_modules/is-loopback-addr Completed in 31149ms
npm timing reifyNode:node_modules/get-proto Completed in 31187ms
npm timing reifyNode:node_modules/es-set-tostringtag Completed in 31289ms
npm timing reifyNode:node_modules/detect-node Completed in 31307ms
npm timing reifyNode:node_modules/eastasianwidth Completed in 31328ms
npm timing reifyNode:node_modules/detect-newline Completed in 31330ms
npm timing reifyNode:node_modules/duplexify Completed in 31345ms
npm timing reifyNode:node_modules/generator-function Completed in 32249ms
npm timing reifyNode:node_modules/err-code Completed in 32302ms
npm timing reifyNode:node_modules/encodeurl Completed in 32321ms
npm timing reifyNode:node_modules/depd Completed in 32350ms
npm timing reifyNode:node_modules/delayed-stream Completed in 32364ms
npm timing reifyNode:node_modules/delay Completed in 32369ms
npm timing reifyNode:node_modules/delegates Completed in 32373ms
npm timing reifyNode:node_modules/tr46 Completed in 33226ms
npm timing reifyNode:node_modules/it-take Completed in 33312ms
npm timing reifyNode:node_modules/it-queueless-pushable Completed in 33320ms
npm timing reifyNode:node_modules/jest-circus Completed in 33322ms
npm timing reifyNode:node_modules/istanbul-lib-source-maps Completed in 33338ms
npm timing reifyNode:node_modules/fdir Completed in 33362ms
npm timing reifyNode:node_modules/form-data Completed in 33363ms
npm timing reifyNode:node_modules/es-define-property Completed in 33388ms
npm timing reifyNode:node_modules/ecdsa-sig-formatter Completed in 33388ms
npm timing reifyNode:node_modules/emoji-regex Completed in 33393ms
npm timing reifyNode:node_modules/convert-source-map Completed in 33397ms
npm timing reifyNode:node_modules/content-type Completed in 33403ms
npm timing reifyNode:node_modules/copy-to Completed in 33426ms
npm timing reifyNode:node_modules/cookie Completed in 33433ms
npm timing reifyNode:node_modules/emittery Completed in 34014ms
npm timing reifyNode:node_modules/yargs-parser Completed in 34071ms
npm timing reifyNode:node_modules/it-sort Completed in 34146ms
npm timing reifyNode:node_modules/istanbul-lib-instrument Completed in 34213ms
npm timing reifyNode:node_modules/cookies Completed in 34275ms
npm timing reifyNode:node_modules/destroy Completed in 34297ms
npm timing reifyNode:node_modules/dateformat Completed in 34332ms
npm timing reifyNode:node_modules/it-drain Completed in 35173ms
npm timing reifyNode:node_modules/function-bind Completed in 35172ms
npm timing reifyNode:node_modules/denque Completed in 35179ms
npm timing reifyNode:node_modules/content-disposition Completed in 35180ms
npm timing reifyNode:node_modules/deep-extend Completed in 35183ms
npm timing reifyNode:node_modules/compressible Completed in 35185ms
npm timing reifyNode:node_modules/color-name Completed in 35187ms
npm timing reifyNode:node_modules/color-convert Completed in 35191ms
npm timing reifyNode:node_modules/combined-stream Completed in 35194ms
npm timing reifyNode:node_modules/co Completed in 35196ms
npm timing reifyNode:node_modules/undici-types Completed in 35371ms
npm timing reifyNode:node_modules/pino-abstract-transport Completed in 35373ms
npm timing reifyNode:node_modules/ordered-binary Completed in 35372ms
npm timing reifyNode:node_modules/it-parallel Completed in 35371ms
npm timing reifyNode:node_modules/it-peekable Completed in 35372ms
npm timing reifyNode:node_modules/it-map Completed in 35372ms
npm timing reifyNode:node_modules/get-iterator Completed in 35384ms
npm timing reifyNode:node_modules/catering Completed in 35666ms
npm timing reifyNode:node_modules/camelcase Completed in 35680ms
npm timing reifyNode:node_modules/rlp Completed in 36229ms
npm timing reifyNode:node_modules/it-all Completed in 36251ms
npm timing reifyNode:node_modules/it-filter Completed in 36274ms
npm timing reifyNode:node_modules/interface-store Completed in 36297ms
npm timing reifyNode:node_modules/expect Completed in 36327ms
npm timing reifyNode:node_modules/detect-libc Completed in 36334ms
npm timing reifyNode:node_modules/debug Completed in 36337ms
npm timing reifyNode:node_modules/cookie-signature Completed in 36350ms
npm timing reifyNode:node_modules/deep-equal Completed in 36353ms
npm timing reifyNode:node_modules/collect-v8-coverage Completed in 36373ms
npm timing reifyNode:node_modules/bser Completed in 36387ms
npm timing reifyNode:node_modules/cli-width Completed in 36400ms
npm timing reifyNode:node_modules/buffer-equal-constant-time Completed in 36410ms
npm timing reifyNode:node_modules/buffer-from Completed in 36422ms
npm timing reifyNode:node_modules/brorand Completed in 36427ms
npm timing reifyNode:node_modules/it-foreach Completed in 36831ms
npm timing reifyNode:node_modules/teeny-request Completed in 36854ms
npm timing reifyNode:node_modules/it-merge Completed in 36879ms
npm timing reifyNode:node_modules/it-stream-types Completed in 36884ms
npm timing reifyNode:node_modules/has-tostringtag Completed in 36905ms
npm timing reifyNode:node_modules/esbuild Completed in 36939ms
npm timing reifyNode:node_modules/es-object-atoms Completed in 36959ms
npm timing reifyNode:node_modules/ci-info Completed in 37022ms
npm timing reifyNode:node_modules/bytes Completed in 37029ms
npm timing reifyNode:node_modules/char-regex Completed in 37038ms
npm timing reifyNode:node_modules/cache-content-type Completed in 37044ms
npm timing reifyNode:node_modules/call-bound Completed in 37158ms
npm timing reifyNode:node_modules/pino-std-serializers Completed in 37257ms
npm timing reifyNode:node_modules/it-reader Completed in 37251ms
npm timing reifyNode:node_modules/it-pipe Completed in 37252ms
npm timing reifyNode:node_modules/escalade Completed in 37256ms
npm timing reifyNode:node_modules/deepmerge Completed in 37256ms
npm timing reifyNode:node_modules/dedent Completed in 37257ms
npm timing reifyNode:node_modules/colorette Completed in 37258ms
npm timing reifyNode:node_modules/buffer Completed in 37260ms
npm timing reifyNode:node_modules/base64-js Completed in 37262ms
npm timing reifyNode:node_modules/bn.js Completed in 37265ms
npm timing reifyNode:node_modules/babel-preset-current-node-syntax Completed in 37264ms
npm timing reifyNode:node_modules/babel-jest Completed in 37268ms
npm timing reifyNode:node_modules/atomic-sleep Completed in 37271ms
npm timing reifyNode:node_modules/has-symbols Completed in 37359ms
npm timing reifyNode:node_modules/chalk Completed in 37360ms
npm timing reifyNode:node_modules/anymatch Completed in 37362ms
npm timing reifyNode:node_modules/anynum Completed in 37364ms
npm timing reifyNode:node_modules/array-back Completed in 37442ms
npm timing reifyNode:node_modules/istanbul-lib-report Completed in 37512ms
npm timing reifyNode:node_modules/dunder-proto Completed in 37605ms
npm timing reifyNode:node_modules/command-line-usage Completed in 37611ms
npm timing reifyNode:node_modules/callsites Completed in 37697ms
npm timing reifyNode:node_modules/babel-preset-jest Completed in 37720ms
npm timing reifyNode:node_modules/babel-plugin-istanbul Completed in 37727ms
npm timing reifyNode:node_modules/babel-plugin-jest-hoist Completed in 37732ms
npm timing reifyNode:node_modules/@types/yargs-parser Completed in 37771ms
npm timing reifyNode:node_modules/@types/stack-utils Completed in 37795ms
npm timing reifyNode:node_modules/co-body Completed in 38364ms
npm timing reifyNode:node_modules/ansi-regex Completed in 38389ms
npm timing reifyNode:node_modules/array-flatten Completed in 38394ms
npm timing reifyNode:node_modules/arrify Completed in 38403ms
npm timing reifyNode:node_modules/ansi-styles Completed in 38453ms
npm timing reifyNode:node_modules/@types/murmurhash3js-revisited Completed in 38457ms
npm timing reifyNode:node_modules/@types/istanbul-lib-coverage Completed in 38468ms
npm warn deprecated @types/chalk@2.2.4: This is a stub types definition. chalk provides its own type definitions, so you do not need this installed.
npm timing reifyNode:node_modules/@types/chalk Completed in 38475ms
npm timing reifyNode:node_modules/ansi-escapes Completed in 38487ms
npm timing reifyNode:node_modules/@types/istanbul-reports Completed in 38487ms
npm timing reifyNode:node_modules/@types/istanbul-lib-report Completed in 38492ms
npm timing reifyNode:node_modules/@types/request Completed in 38504ms
npm timing reifyNode:node_modules/@types/sinonjs__fake-timers Completed in 38508ms
npm timing reifyNode:node_modules/@types/caseless Completed in 38538ms
npm timing reifyNode:node_modules/https-proxy-agent Completed in 39113ms
npm timing reifyNode:node_modules/execa Completed in 39114ms
npm timing reifyNode:node_modules/browserslist Completed in 39114ms
npm timing reifyNode:node_modules/async-retry Completed in 39116ms
npm timing reifyNode:node_modules/accepts Completed in 39122ms
npm timing reifyNode:node_modules/@types/babel__generator Completed in 39122ms
npm timing reifyNode:node_modules/@types/babel__core Completed in 39124ms
npm timing reifyNode:node_modules/@types/babel__template Completed in 39128ms
npm timing reifyNode:node_modules/es-errors Completed in 39637ms
npm timing reifyNode:node_modules/@types/mute-stream Completed in 39642ms
npm timing reifyNode:node_modules/@sindresorhus/fnv1a Completed in 39650ms
npm timing reifyNode:node_modules/package-json-from-dist Completed in 39738ms
npm timing reifyNode:node_modules/idb-keyval Completed in 39731ms
npm timing reifyNode:node_modules/electron-to-chromium Completed in 39732ms
npm timing reifyNode:node_modules/eventemitter3 Completed in 39735ms
npm timing reifyNode:node_modules/cross-spawn Completed in 39733ms
npm timing reifyNode:node_modules/cliui Completed in 39732ms
npm timing reifyNode:node_modules/cjs-module-lexer Completed in 39734ms
npm timing reifyNode:node_modules/@types/sinon Completed in 39736ms
npm timing reifyNode:node_modules/@protobufjs/pool Completed in 39740ms
npm timing reifyNode:node_modules/@protobufjs/path Completed in 39741ms
npm timing reifyNode:node_modules/@protobufjs/eventemitter Completed in 39743ms
npm timing reifyNode:node_modules/@protobufjs/aspromise Completed in 39747ms
npm timing reifyNode:node_modules/@protobufjs/base64 Completed in 39858ms
npm timing reifyNode:node_modules/ohash Completed in 39885ms
npm timing reifyNode:node_modules/@types/babel__traverse Completed in 40080ms
npm timing reifyNode:node_modules/synckit Completed in 40381ms
npm timing reifyNode:node_modules/jest-mock-extended Completed in 40406ms
npm timing reifyNode:node_modules/dotenv Completed in 40416ms
npm timing reifyNode:node_modules/@protobufjs/codegen Completed in 40450ms
npm timing reifyNode:node_modules/math-intrinsics Completed in 41470ms
npm timing reifyNode:node_modules/idb Completed in 41483ms
npm timing reifyNode:node_modules/esprima Completed in 41525ms
npm timing reifyNode:node_modules/change-case Completed in 41530ms
npm timing reifyNode:node_modules/@protobufjs/float Completed in 41690ms
npm timing reifyNode:node_modules/@protobufjs/fetch Completed in 41700ms
npm timing reifyNode:node_modules/@types/tough-cookie Completed in 41740ms
npm timing reifyNode:node_modules/node-addon-api Completed in 42089ms
npm timing reifyNode:node_modules/@types/wrap-ansi Completed in 42127ms
npm timing reifyNode:node_modules/@msgpackr-extract/msgpackr-extract-linux-arm64 Completed in 42238ms
npm timing reifyNode:node_modules/call-bind-apply-helpers Completed in 43444ms
npm timing reifyNode:node_modules/@sinonjs/fake-timers Completed in 43443ms
npm timing reifyNode:node_modules/@types/yargs Completed in 43449ms
npm timing reifyNode:node_modules/sonic-boom Completed in 43557ms
npm timing reifyNode:node_modules/chardet Completed in 43565ms
npm timing reifyNode:node_modules/fast-json-stable-stringify Completed in 43934ms
npm timing reifyNode:node_modules/sha3 Completed in 43966ms
npm timing reifyNode:node_modules/event-target-shim Completed in 44392ms
npm timing reifyNode:node_modules/@koa/cors Completed in 44402ms
npm timing reifyNode:node_modules/@leichtgewicht/ip-codec Completed in 44420ms
npm timing reifyNode:node_modules/process-warning Completed in 44590ms
npm timing reifyNode:node_modules/gcp-metadata Completed in 44587ms
npm timing reifyNode:node_modules/@protobufjs/utf8 Completed in 44614ms
npm timing reifyNode:node_modules/@jest/types Completed in 44916ms
npm timing reifyNode:node_modules/@jest/test-sequencer Completed in 44926ms
npm timing reifyNode:node_modules/@jest/test-result Completed in 44942ms
npm timing reifyNode:node_modules/@jest/react-is-19 Completed in 45301ms
npm timing reifyNode:node_modules/@jest/globals Completed in 45417ms
npm timing reifyNode:node_modules/baseline-browser-mapping Completed in 45834ms
npm timing reifyNode:node_modules/@jest/transform Completed in 45888ms
npm timing reifyNode:node_modules/@jest/expect Completed in 45927ms
npm timing reifyNode:node_modules/it-byte-stream Completed in 46417ms
npm warn deprecated esbuild-plugin-polyfill-node@0.3.0: Package no longer supported. Contact Support at https://www.npmjs.com/support for more info.
npm timing reifyNode:node_modules/esbuild-plugin-polyfill-node Completed in 46563ms
npm timing reifyNode:node_modules/@jest/fake-timers Completed in 46839ms
npm timing reifyNode:node_modules/@jest/source-map Completed in 46840ms
npm timing reifyNode:node_modules/@istanbuljs/schema Completed in 47070ms
npm timing reifyNode:node_modules/qs Completed in 51518ms
npm timing reifyNode:node_modules/minimist Completed in 51527ms
npm timing reifyNode:node_modules/body-parser Completed in 51566ms
npm timing reifyNode:node_modules/asn1js Completed in 51573ms
npm timing reifyNode:node_modules/@jest/schemas Completed in 51822ms
npm timing reifyNode:node_modules/@jest/expect-utils Completed in 51834ms
npm timing reifyNode:node_modules/@jest/environment Completed in 51842ms
npm timing reifyNode:node_modules/@jest/get-type Completed in 51847ms
npm timing reifyNode:node_modules/@jest/console Completed in 51856ms
npm timing reifyNode:node_modules/@istanbuljs/load-nyc-config Completed in 55579ms
npm timing reifyNode:node_modules/ws Completed in 56377ms
npm timing reifyNode:node_modules/it-pair Completed in 56405ms
npm timing reifyNode:node_modules/it-length-prefixed-stream Completed in 56406ms
npm timing reifyNode:node_modules/import-meta-resolve Completed in 56637ms
npm timing reifyNode:node_modules/es-module-lexer Completed in 56639ms
npm timing reifyNode:node_modules/@jest/diff-sequences Completed in 56829ms
npm timing reifyNode:node_modules/@jest/react-is-18 Completed in 56831ms
npm timing reifyNode:node_modules/human-signals Completed in 57678ms
npm timing reifyNode:node_modules/@tootallnate/once Completed in 57672ms
npm timing reifyNode:node_modules/abort-controller Completed in 57674ms
npm timing reifyNode:node_modules/@hapi/bourne Completed in 57687ms
npm timing reifyNode:node_modules/any-signal Completed in 58443ms
npm timing reifyNode:node_modules/@jridgewell/resolve-uri Completed in 58448ms
npm timing reifyNode:node_modules/@google-cloud/projectify Completed in 58454ms
npm timing reifyNode:node_modules/bignumber.js Completed in 58569ms
npm timing reifyNode:node_modules/abort-error Completed in 58579ms
npm timing reifyNode:node_modules/@google-cloud/promisify Completed in 59415ms
npm timing reifyNode:node_modules/pg Completed in 60256ms
npm timing reifyNode:node_modules/fast-xml-builder Completed in 60251ms
npm timing reifyNode:node_modules/help-me Completed in 60256ms
npm timing reifyNode:node_modules/command-line-args Completed in 60259ms
npm timing reifyNode:node_modules/commander Completed in 60261ms
npm timing reifyNode:node_modules/@babel/plugin-syntax-numeric-separator Completed in 60311ms
npm timing reifyNode:node_modules/@babel/plugin-syntax-private-property-in-object Completed in 60348ms
npm timing reifyNode:node_modules/@babel/plugin-syntax-top-level-await Completed in 60392ms
npm timing reifyNode:node_modules/@babel/plugin-syntax-optional-chaining Completed in 60394ms
npm timing reifyNode:node_modules/@babel/plugin-syntax-optional-catch-binding Completed in 60397ms
npm timing reifyNode:node_modules/@babel/plugin-syntax-logical-assignment-operators Completed in 60407ms
npm timing reifyNode:node_modules/@babel/plugin-syntax-nullish-coalescing-operator Completed in 60409ms
npm timing reifyNode:node_modules/napi-postinstall Completed in 61404ms
npm timing reifyNode:node_modules/external-editor Completed in 61537ms
npm timing reifyNode:node_modules/bufio Completed in 61539ms
npm timing reifyNode:node_modules/@pkgr/core Completed in 61707ms
npm timing reifyNode:node_modules/@nodable/entities Completed in 61799ms
npm timing reifyNode:node_modules/@harperfast/extended-iterable Completed in 61916ms
npm timing reifyNode:node_modules/@babel/plugin-syntax-typescript Completed in 61959ms
npm timing reifyNode:node_modules/@babel/plugin-syntax-jsx Completed in 61967ms
npm timing reifyNode:node_modules/@babel/plugin-syntax-class-properties Completed in 61984ms
npm timing reifyNode:node_modules/@babel/plugin-syntax-class-static-block Completed in 61986ms
npm timing reifyNode:node_modules/@babel/plugin-syntax-import-attributes Completed in 62001ms
npm timing reifyNode:node_modules/@babel/plugin-syntax-import-meta Completed in 66155ms
npm timing reifyNode:node_modules/it-pushable Completed in 66451ms
npm timing reifyNode:node_modules/@jest/core Completed in 67047ms
npm timing reifyNode:node_modules/@babel/plugin-syntax-object-rest-spread Completed in 67154ms
npm timing reifyNode:node_modules/@babel/plugin-syntax-async-generators Completed in 67330ms
npm timing reifyNode:node_modules/@babel/plugin-syntax-bigint Completed in 67343ms
npm timing reifyNode:node_modules/@babel/helper-string-parser Completed in 67345ms
npm timing reifyNode:node_modules/@babel/helper-plugin-utils Completed in 68087ms
npm timing reifyNode:node_modules/agent-base Completed in 68431ms
npm timing reifyNode:node_modules/@napi-rs/snappy-linux-arm64-musl Completed in 68442ms
npm timing reifyNode:node_modules/@babel/plugin-syntax-json-strings Completed in 68465ms
npm timing reifyNode:node_modules/asynckit Completed in 69672ms
npm timing reifyNode:node_modules/@jest/reporters Completed in 69842ms
npm timing reifyNode:node_modules/@jest/snapshot-utils Completed in 69843ms
npm timing reifyNode:node_modules/@crate-crypto/node-eth-kzg Completed in 69847ms
npm timing reifyNode:node_modules/@babel/helper-globals Completed in 69849ms
npm timing reifyNode:node_modules/is-unsafe Completed in 70006ms
npm timing reifyNode:node_modules/@ungap/structured-clone Completed in 70001ms
npm timing reifyNode:node_modules/@inquirer/search Completed in 70034ms
npm timing reifyNode:node_modules/json5 Completed in 71253ms
npm timing reifyNode:node_modules/@babel/code-frame Completed in 71455ms
npm timing reifyNode:node_modules/isows Completed in 71545ms
npm timing reifyNode:node_modules/@napi-rs/snappy-linux-arm64-gnu Completed in 71871ms
npm timing reifyNode:node_modules/@inquirer/number Completed in 71881ms
npm timing reifyNode:node_modules/@libp2p/peer-id Completed in 71885ms
npm timing reifyNode:node_modules/@aztec/p2p-bootstrap Completed in 71894ms
npm timing reifyNode:node_modules/@inquirer/password Completed in 72196ms
npm timing reifyNode:node_modules/@inquirer/editor Completed in 72197ms
npm timing reifyNode:node_modules/@inquirer/confirm Completed in 72223ms
npm timing reifyNode:node_modules/fast-copy Completed in 73013ms
npm timing reifyNode:node_modules/@multiformats/mafmt Completed in 73130ms
npm timing reifyNode:node_modules/@inquirer/rawlist Completed in 73139ms
npm timing reifyNode:node_modules/@inquirer/prompts Completed in 73143ms
npm timing reifyNode:node_modules/@inquirer/select Completed in 73148ms
npm timing reifyNode:node_modules/@jest/pattern Completed in 73159ms
npm timing reifyNode:node_modules/@inquirer/input Completed in 74836ms
npm timing reifyNode:node_modules/@inquirer/expand Completed in 74845ms
npm timing reifyNode:node_modules/@pkgjs/parseargs Completed in 75676ms
npm timing reifyNode:node_modules/@libp2p/bootstrap Completed in 75751ms
npm timing reifyNode:node_modules/@inquirer/checkbox Completed in 75761ms
npm timing reifyNode:node_modules/@google-cloud/paginator Completed in 75763ms
npm timing reifyNode:node_modules/@aws/lambda-invoke-store Completed in 75776ms
npm timing reifyNode:node_modules/main-event Completed in 75990ms
npm timing reifyNode:node_modules/bowser Completed in 77944ms
npm timing reifyNode:node_modules/@babel/helper-validator-option Completed in 77957ms
npm timing reifyNode:node_modules/weald/node_modules/ms Completed in 78009ms
npm timing reifyNode:node_modules/weald/node_modules/supports-color Completed in 78011ms
npm timing reifyNode:node_modules/wordwrapjs/node_modules/typical Completed in 78012ms
npm timing reifyNode:node_modules/interface-datastore Completed in 78207ms
npm timing reifyNode:node_modules/@parcel/watcher-linux-arm64-glibc Completed in 78199ms
npm timing reifyNode:node_modules/test-exclude/node_modules/string-width Completed in 78246ms
npm timing reifyNode:node_modules/test-exclude/node_modules/wrap-ansi Completed in 78433ms
npm timing reifyNode:node_modules/minipass Completed in 78440ms
npm timing reifyNode:node_modules/balanced-match Completed in 78459ms
npm timing reifyNode:node_modules/google-logging-utils Completed in 78484ms
npm timing reifyNode:node_modules/@inquirer/figures Completed in 78602ms
npm timing reifyNode:node_modules/@babel/helper-validator-identifier Completed in 78626ms
npm timing reifyNode:node_modules/test-exclude/node_modules/balanced-match Completed in 78900ms
npm timing reifyNode:node_modules/test-exclude/node_modules/brace-expansion Completed in 78909ms
npm timing reifyNode:node_modules/@scure/bip32 Completed in 79749ms
npm timing reifyNode:node_modules/test-exclude/node_modules/strip-ansi Completed in 79881ms
npm timing reifyNode:node_modules/table-layout/node_modules/array-back Completed in 79911ms
npm timing reifyNode:node_modules/send/node_modules/statuses Completed in 79914ms
npm timing reifyNode:node_modules/send/node_modules/encodeurl Completed in 80045ms
npm timing reifyNode:node_modules/table-layout/node_modules/typical Completed in 80232ms
npm timing reifyNode:node_modules/test-exclude/node_modules/ansi-regex Completed in 80243ms
npm timing reifyNode:node_modules/pino-pretty/node_modules/strip-json-comments Completed in 80241ms
npm timing reifyNode:node_modules/send/node_modules/debug/node_modules/ms Completed in 80256ms
npm timing reifyNode:node_modules/object-inspect Completed in 80499ms
npm timing reifyNode:node_modules/brace-expansion Completed in 80509ms
npm timing reifyNode:node_modules/@aztec/noir-types Completed in 80561ms
npm timing reifyNode:node_modules/test-exclude/node_modules/ansi-styles Completed in 80659ms
npm timing reifyNode:node_modules/@pinojs/redact Completed in 81594ms
npm timing reifyNode:node_modules/pretty-format/node_modules/ansi-styles Completed in 81694ms
npm timing reifyNode:node_modules/send/node_modules/http-errors Completed in 81701ms
npm timing reifyNode:node_modules/path-scurry Completed in 81827ms
npm timing reifyNode:node_modules/dns-over-http-resolver Completed in 81812ms
npm timing reifyNode:node_modules/@smithy/fetch-http-handler Completed in 81807ms
npm timing reifyNode:node_modules/express Completed in 81820ms
npm timing reifyNode:node_modules/test-exclude/node_modules/@isaacs/cliui Completed in 81886ms
npm timing reifyNode:node_modules/express/node_modules/statuses Completed in 81867ms
npm timing reifyNode:node_modules/raw-body/node_modules/statuses Completed in 81888ms
npm timing reifyNode:node_modules/koa-compress/node_modules/statuses Completed in 81884ms
npm timing reifyNode:node_modules/finalhandler/node_modules/statuses Completed in 81884ms
npm timing reifyNode:node_modules/koa-router/node_modules/statuses Completed in 81892ms
npm timing reifyNode:node_modules/finalhandler/node_modules/encodeurl Completed in 81889ms
npm timing reifyNode:node_modules/serve-static/node_modules/encodeurl Completed in 81912ms
npm timing reifyNode:node_modules/p-locate/node_modules/p-limit Completed in 81909ms
npm timing reifyNode:node_modules/jest-worker/node_modules/supports-color Completed in 81902ms
npm timing reifyNode:node_modules/abortable-iterator Completed in 82202ms
npm timing reifyNode:node_modules/@scure/base Completed in 82208ms
npm timing reifyNode:node_modules/@babel/compat-data Completed in 82598ms
npm timing reifyNode:node_modules/finalhandler/node_modules/ms Completed in 82720ms
npm timing reifyNode:node_modules/express/node_modules/ms Completed in 82728ms
npm timing reifyNode:node_modules/jest-validate/node_modules/camelcase Completed in 82750ms
npm timing reifyNode:node_modules/koa-compress/node_modules/content-type Completed in 83757ms
npm timing reifyNode:node_modules/express/node_modules/path-to-regexp Completed in 83937ms
npm timing reifyNode:node_modules/@babel/helper-module-imports Completed in 85265ms
npm timing reifyNode:node_modules/raw-body/node_modules/http-errors Completed in 85317ms
npm timing reifyNode:node_modules/koa-compress/node_modules/http-errors Completed in 85304ms
npm timing reifyNode:node_modules/koa-router/node_modules/http-errors Completed in 85306ms
npm timing reifyNode:node_modules/body-parser/node_modules/http-errors Completed in 85296ms
npm timing reifyNode:node_modules/express/node_modules/http-errors Completed in 85303ms
npm timing reifyNode:node_modules/send/node_modules/mime Completed in 85325ms
npm timing reifyNode:node_modules/express/node_modules/encodeurl Completed in 85318ms
npm timing reifyNode:node_modules/command-line-usage/node_modules/has-flag Completed in 85833ms
npm timing reifyNode:node_modules/command-line-usage/node_modules/escape-string-regexp Completed in 85833ms
npm timing reifyNode:node_modules/command-line-usage/node_modules/color-name Completed in 85834ms
npm timing reifyNode:node_modules/command-line-usage/node_modules/typical Completed in 85835ms
npm timing reifyNode:node_modules/command-line-usage/node_modules/supports-color Completed in 85837ms
npm timing reifyNode:node_modules/command-line-usage/node_modules/chalk Completed in 85936ms
npm timing reifyNode:node_modules/body-parser/node_modules/statuses Completed in 85935ms
npm timing reifyNode:node_modules/command-line-usage/node_modules/array-back Completed in 85939ms
npm timing reifyNode:node_modules/command-line-usage/node_modules/ansi-styles Completed in 85940ms
npm timing reifyNode:node_modules/command-line-usage/node_modules/color-convert Completed in 85942ms
npm timing reifyNode:node_modules/body-parser/node_modules/ms Completed in 85943ms
npm timing reifyNode:node_modules/inquirer Completed in 87271ms
npm timing reifyNode:node_modules/@aws-sdk/credential-provider-env Completed in 88219ms
npm timing reifyNode:node_modules/mime-types/node_modules/mime-db Completed in 88492ms
npm timing reifyNode:node_modules/@iarna/toml Completed in 88641ms
npm timing reifyNode:node_modules/hash.js Completed in 88703ms
npm timing reifyNode:node_modules/koa-compress/node_modules/negotiator Completed in 88725ms
npm timing reifyNode:node_modules/readable-stream Completed in 89544ms
npm timing reifyNode:node_modules/elliptic/node_modules/bn.js Completed in 89550ms
npm timing reifyNode:node_modules/@multiformats/dns/node_modules/p-timeout Completed in 89546ms
npm timing reifyNode:node_modules/@opentelemetry/resource-detector-gcp Completed in 89568ms
npm timing reifyNode:node_modules/@libp2p/logger Completed in 89570ms
npm timing reifyNode:node_modules/exit-x Completed in 89621ms
npm timing reifyNode:node_modules/send/node_modules/debug Completed in 89712ms
npm timing reifyNode:node_modules/http-errors/node_modules/depd Completed in 89701ms
npm timing reifyNode:node_modules/@opentelemetry/sdk-trace-node Completed in 90035ms
npm timing reifyNode:node_modules/@types/request/node_modules/form-data Completed in 90070ms
npm timing reifyNode:node_modules/@aztec/native Completed in 90106ms
npm timing reifyNode:node_modules/@aws-sdk/credential-provider-web-identity Completed in 90110ms
npm timing reifyNode:node_modules/is-stream Completed in 90147ms
npm timing reifyNode:node_modules/@inquirer/core/node_modules/wrap-ansi Completed in 90135ms
npm timing reifyNode:node_modules/@aztec/key-store Completed in 90314ms
npm timing reifyNode:node_modules/ethers/node_modules/tslib Completed in 90373ms
npm timing reifyNode:node_modules/@ethersproject/basex Completed in 90378ms
npm timing reifyNode:node_modules/test-exclude/node_modules/emoji-regex Completed in 90422ms
npm timing reifyNode:node_modules/anymatch/node_modules/picomatch Completed in 90396ms
npm timing reifyNode:node_modules/@babel/helper-compilation-targets/node_modules/semver Completed in 90391ms
npm timing reifyNode:node_modules/@babel/helper-compilation-targets/node_modules/lru-cache Completed in 90391ms
npm timing reifyNode:node_modules/@ethersproject/keccak256 Completed in 90400ms
npm timing reifyNode:node_modules/@ethersproject/rlp Completed in 90403ms
npm timing reifyNode:node_modules/@ethersproject/logger Completed in 90405ms
npm timing reifyNode:node_modules/@babel/helper-compilation-targets Completed in 90405ms
npm timing reifyNode:node_modules/@multiformats/multiaddr-matcher Completed in 90433ms
npm timing reifyNode:node_modules/libp2p/node_modules/@libp2p/peer-id Completed in 90468ms
npm timing reifyNode:node_modules/it-queue/node_modules/race-signal Completed in 90466ms
npm timing reifyNode:node_modules/it-merge/node_modules/it-queueless-pushable Completed in 90466ms
npm timing reifyNode:node_modules/express/node_modules/debug Completed in 90464ms
npm timing reifyNode:node_modules/@ethersproject/properties Completed in 90467ms
npm timing reifyNode:node_modules/it-merge/node_modules/race-signal Completed in 90497ms
npm timing reifyNode:node_modules/finalhandler/node_modules/debug Completed in 90505ms
npm timing reifyNode:node_modules/ethereum-cryptography/node_modules/@scure/bip32 Completed in 90510ms
npm timing reifyNode:node_modules/@ethersproject/address Completed in 90574ms
npm timing reifyNode:node_modules/gaxios/node_modules/https-proxy-agent Completed in 90621ms
npm timing reifyNode:node_modules/body-parser/node_modules/debug Completed in 90624ms
npm timing reifyNode:node_modules/@babel/core/node_modules/semver Completed in 90628ms
npm timing reifyNode:node_modules/@ethersproject/hdnode Completed in 90672ms
npm timing reifyNode:node_modules/@ethersproject/wallet Completed in 90674ms
npm timing reifyNode:node_modules/@ethersproject/abstract-signer Completed in 90727ms
npm timing reifyNode:node_modules/@babel/template Completed in 90731ms
npm timing reifyNode:node_modules/gaxios/node_modules/agent-base Completed in 90934ms
npm timing reifyNode:node_modules/type-fest Completed in 90983ms
npm timing reifyNode:node_modules/stream-to-it Completed in 90985ms
npm timing reifyNode:node_modules/@ethersproject/bytes Completed in 90952ms
npm timing reifyNode:node_modules/@babel/helper-module-transforms Completed in 90994ms
npm timing reifyNode:node_modules/@ethersproject/abstract-provider Completed in 91000ms
npm timing reifyNode:node_modules/@ethersproject/transactions Completed in 91074ms
npm timing reifyNode:node_modules/@libp2p/peer-id-factory Completed in 91099ms
npm timing reifyNode:node_modules/@aws-sdk/signature-v4-multi-region Completed in 91153ms
npm timing reifyNode:node_modules/@aws-sdk/credential-provider-login Completed in 91212ms
npm timing reifyNode:node_modules/@aztec/constants Completed in 91289ms
npm timing reifyNode:node_modules/@chainsafe/is-ip Completed in 91426ms
npm timing reifyNode:node_modules/@multiformats/dns/node_modules/eventemitter3 Completed in 91480ms
npm timing reifyNode:node_modules/source-map Completed in 91766ms
npm timing reifyNode:node_modules/@multiformats/dns/node_modules/uint8-varint Completed in 91770ms
npm timing reifyNode:node_modules/gaxios Completed in 91849ms
npm timing reifyNode:node_modules/pino-pretty/node_modules/pino-abstract-transport Completed in 91887ms
npm timing reifyNode:node_modules/@opentelemetry/context-async-hooks Completed in 91916ms
npm timing reifyNode:node_modules/@aws-sdk/credential-provider-node Completed in 91928ms
npm timing reifyNode:node_modules/@libp2p/peer-store/node_modules/@libp2p/peer-id Completed in 91937ms
npm timing reifyNode:node_modules/@libp2p/pubsub/node_modules/@libp2p/peer-id Completed in 91942ms
npm timing reifyNode:node_modules/@libp2p/peer-record/node_modules/@libp2p/peer-id Completed in 92081ms
npm timing reifyNode:node_modules/@aztec/noir-noir_codegen Completed in 92203ms
npm timing reifyNode:node_modules/@libp2p/peer-collections/node_modules/@libp2p/peer-id Completed in 92230ms
npm timing reifyNode:node_modules/@libp2p/peer-id-factory/node_modules/@libp2p/peer-id Completed in 92231ms
npm timing reifyNode:node_modules/jackspeak Completed in 92264ms
npm timing reifyNode:node_modules/@aws-sdk/credential-provider-process Completed in 92269ms
npm timing reifyNode:node_modules/@multiformats/dns/node_modules/uint8arraylist Completed in 92281ms
npm timing reifyNode:node_modules/@libp2p/identify/node_modules/@libp2p/peer-id Completed in 92288ms
npm timing reifyNode:node_modules/iconv-lite Completed in 92317ms
npm timing reifyNode:node_modules/elliptic Completed in 92315ms
npm timing reifyNode:node_modules/@multiformats/dns/node_modules/p-queue Completed in 92328ms
npm timing reifyNode:node_modules/@scure/bip39 Completed in 92344ms
npm timing reifyNode:node_modules/@aztec/p2p/node_modules/@libp2p/peer-id-factory/node_modules/@libp2p/peer-id Completed in 92390ms
npm warn deprecated prom-client@15.1.3: prom-client has been replaced by @prometheus-io/client
npm timing reifyNode:node_modules/prom-client Completed in 92437ms
npm timing reifyNode:node_modules/weald Completed in 92449ms
npm timing reifyNode:node_modules/viem/node_modules/ws Completed in 92519ms
npm timing reifyNode:node_modules/lmdb/node_modules/node-addon-api Completed in 92515ms
npm timing reifyNode:node_modules/systeminformation Completed in 92556ms
npm timing reifyNode:node_modules/@dnsquery/dns-packet Completed in 92721ms
npm timing reifyNode:node_modules/ethereum-cryptography/node_modules/@scure/base Completed in 92742ms
npm timing reifyNode:node_modules/lru-cache Completed in 92765ms
npm timing reifyNode:node_modules/@inquirer/type Completed in 92752ms
npm timing reifyNode:node_modules/semver Completed in 93010ms
npm timing reifyNode:node_modules/pg-protocol Completed in 93147ms
npm timing reifyNode:node_modules/@fastify/busboy Completed in 93121ms
npm timing reifyNode:node_modules/interface-datastore/node_modules/interface-store Completed in 93148ms
npm timing reifyNode:node_modules/it-length-prefixed Completed in 93151ms
npm timing reifyNode:node_modules/@jridgewell/remapping Completed in 93172ms
npm timing reifyNode:node_modules/@ethersproject/networks Completed in 93177ms
npm timing reifyNode:node_modules/html-entities Completed in 93311ms
npm timing reifyNode:node_modules/it-queue Completed in 93396ms
npm timing reifyNode:node_modules/libp2p/node_modules/@libp2p/peer-id-factory Completed in 93467ms
npm timing reifyNode:node_modules/@nethermindeth/enr Completed in 94117ms
npm timing reifyNode:node_modules/@jridgewell/sourcemap-codec Completed in 94141ms
npm timing reifyNode:node_modules/@jridgewell/gen-mapping Completed in 94475ms
npm timing reifyNode:node_modules/@chainsafe/as-sha256 Completed in 94534ms
npm timing reifyNode:node_modules/@adraffy/ens-normalize Completed in 94587ms
npm warn deprecated abstract-leveldown@7.2.0: Superseded by abstract-level (https://github.com/Level/community#faq)
npm timing reifyNode:node_modules/abstract-leveldown Completed in 95657ms
npm timing reifyNode:node_modules/@aztec/aztec/node_modules/chalk Completed in 96629ms
npm timing reifyNode:node_modules/argparse Completed in 96695ms
npm timing reifyNode:node_modules/@ethersproject/base64 Completed in 96703ms
npm timing reifyNode:node_modules/@aztec/epoch-cache Completed in 96732ms
npm timing reifyNode:node_modules/@ethersproject/pbkdf2 Completed in 96888ms
npm timing reifyNode:node_modules/body-parser/node_modules/qs Completed in 97632ms
npm timing reifyNode:node_modules/@aws-sdk/credential-provider-sso Completed in 98059ms
npm timing reifyNode:node_modules/@aztec/entrypoints Completed in 98232ms
npm timing reifyNode:node_modules/@aztec/builder Completed in 98528ms
npm timing reifyNode:node_modules/@aws-sdk/xml-builder Completed in 98692ms
npm timing reifyNode:node_modules/@aztec/p2p/node_modules/@libp2p/peer-id-factory Completed in 99104ms
npm timing reifyNode:node_modules/test-exclude/node_modules/path-scurry Completed in 99287ms
npm timing reifyNode:node_modules/@aztec/node-keystore Completed in 99295ms
npm timing reifyNode:node_modules/thread-stream Completed in 99533ms
npm timing reifyNode:node_modules/@ethersproject/signing-key Completed in 99614ms
npm timing reifyNode:node_modules/@chainsafe/netmask Completed in 99861ms
npm timing reifyNode:node_modules/@libp2p/multistream-select Completed in 99968ms
npm timing reifyNode:node_modules/@ethersproject/random Completed in 100183ms
npm timing reifyNode:node_modules/@inquirer/core/node_modules/@inquirer/type Completed in 100479ms
npm timing reifyNode:node_modules/@ethersproject/sha2 Completed in 100507ms
npm timing reifyNode:node_modules/@ethersproject/bignumber Completed in 100569ms
npm timing reifyNode:node_modules/@libp2p/identify Completed in 100594ms
npm timing reifyNode:node_modules/@libp2p/tcp Completed in 100762ms
npm timing reifyNode:node_modules/@unrs/resolver-binding-linux-arm64-gnu Completed in 100798ms
npm timing reifyNode:node_modules/test-exclude/node_modules/jackspeak Completed in 100843ms
npm timing reifyNode:node_modules/@aws-sdk/credential-provider-ini Completed in 100841ms
npm timing reifyNode:node_modules/@ethersproject/web Completed in 100883ms
npm timing reifyNode:node_modules/@libp2p/pubsub Completed in 101067ms
npm timing reifyNode:node_modules/@aws-sdk/token-providers Completed in 101418ms
npm timing reifyNode:node_modules/@aws-sdk/credential-provider-http Completed in 101420ms
npm timing reifyNode:node_modules/foreground-child Completed in 101625ms
npm timing reifyNode:node_modules/@opentelemetry/host-metrics Completed in 101667ms
npm timing reifyNode:node_modules/@ethersproject/strings Completed in 101673ms
npm timing reifyNode:node_modules/@smithy/signature-v4 Completed in 101736ms
npm timing reifyNode:node_modules/@crate-crypto/node-eth-kzg-linux-arm64-gnu Completed in 101764ms
npm warn deprecated @libp2p/mplex@10.0.16: Mplex has no flow control - please use @chainsafe/libp2p-yamux instead
npm timing reifyNode:node_modules/@libp2p/mplex Completed in 101791ms
npm timing reifyNode:node_modules/@jridgewell/trace-mapping Completed in 101790ms
npm timing reifyNode:node_modules/@parcel/watcher Completed in 102055ms
npm timing reifyNode:node_modules/@babel/parser Completed in 102290ms
npm timing reifyNode:node_modules/write-file-atomic/node_modules/signal-exit Completed in 102337ms
npm timing reifyNode:node_modules/@aztec/noir-noirc_abi Completed in 102397ms
npm timing reifyNode:node_modules/foreground-child/node_modules/signal-exit Completed in 102697ms
npm timing reifyNode:node_modules/msgpackr Completed in 102880ms
npm timing reifyNode:node_modules/@ethersproject/constants Completed in 103008ms
npm timing reifyNode:node_modules/js-yaml Completed in 104438ms
npm timing reifyNode:node_modules/@opentelemetry/propagator-jaeger Completed in 104686ms
npm timing reifyNode:node_modules/@ethersproject/json-wallets Completed in 104697ms
npm timing reifyNode:node_modules/@sinonjs/commons Completed in 104832ms
npm timing reifyNode:node_modules/pako Completed in 104869ms
npm timing reifyNode:node_modules/@inquirer/core/node_modules/signal-exit Completed in 104862ms
npm timing reifyNode:node_modules/@smithy/node-http-handler Completed in 105426ms
npm timing reifyNode:node_modules/ethereum-cryptography/node_modules/@scure/bip39 Completed in 105492ms
npm timing reifyNode:node_modules/@scure/bip39/node_modules/@noble/hashes Completed in 105957ms
npm timing reifyNode:node_modules/@chainsafe/as-chacha20poly1305 Completed in 106451ms
npm timing reifyNode:node_modules/istanbul-reports Completed in 106706ms
npm timing reifyNode:node_modules/yargs Completed in 106924ms
npm timing reifyNode:node_modules/@libp2p/interface-internal Completed in 107178ms
npm timing reifyNode:node_modules/@chainsafe/libp2p-yamux Completed in 107314ms
npm timing reifyNode:node_modules/ethereum-cryptography Completed in 107441ms
npm timing reifyNode:node_modules/@libp2p/peer-collections Completed in 107710ms
npm timing reifyNode:node_modules/@aztec/bot Completed in 107929ms
npm timing reifyNode:node_modules/viem/node_modules/@scure/bip39 Completed in 108585ms
npm timing reifyNode:node_modules/@libp2p/prometheus-metrics Completed in 108589ms
npm timing reifyNode:node_modules/ox/node_modules/@scure/bip39 Completed in 108807ms
npm timing reifyNode:node_modules/@libp2p/peer-record Completed in 108814ms
npm timing reifyNode:node_modules/@types/node Completed in 108834ms
npm timing reifyNode:node_modules/@babel/generator Completed in 109083ms
npm timing reifyNode:node_modules/bintrees Completed in 109119ms
npm timing reifyNode:node_modules/@smithy/credential-provider-imds Completed in 109225ms
npm timing reifyNode:node_modules/@aztec/sqlite3mc-wasm Completed in 109391ms
npm timing reifyNode:node_modules/minimatch Completed in 109751ms
npm timing reifyNode:node_modules/@multiformats/dns/node_modules/@multiformats/multiaddr Completed in 109763ms
npm timing reifyNode:node_modules/@aztec/wallets Completed in 109789ms
npm timing reifyNode:node_modules/@aztec/node-lib Completed in 109797ms
npm timing reifyNode:node_modules/pino-pretty Completed in 109868ms
npm timing reifyNode:node_modules/node-forge Completed in 109866ms
npm timing reifyNode:node_modules/@ethersproject/json-wallets/node_modules/aes-js Completed in 110397ms
npm warn deprecated uuid@9.0.1: uuid@10 and below is no longer supported.  For ESM codebases, update to uuid@latest.  For CommonJS codebases, use uuid@11 (but be aware this version will likely be deprecated in 2028).
npm timing reifyNode:node_modules/uuid Completed in 110453ms
npm timing reifyNode:node_modules/datastore-core Completed in 110504ms
npm timing reifyNode:node_modules/@multiformats/multiaddr Completed in 111350ms
npm timing reifyNode:node_modules/@aztec/validator-client Completed in 111520ms
npm timing reifyNode:node_modules/@bcoe/v8-coverage Completed in 111631ms
npm timing reifyNode:node_modules/mortice Completed in 112359ms
npm timing reifyNode:node_modules/@libp2p/peer-store Completed in 112392ms
npm timing reifyNode:node_modules/@libp2p/peer-id-factory/node_modules/uint8arrays Completed in 112779ms
npm timing reifyNode:node_modules/fast-xml-parser Completed in 112832ms
npm timing reifyNode:node_modules/protons-runtime Completed in 113419ms
npm timing reifyNode:node_modules/@aztec/validator-ha-signer Completed in 113434ms
npm timing reifyNode:node_modules/@ethersproject/hash Completed in 113566ms
npm timing reifyNode:node_modules/libp2p/node_modules/@libp2p/peer-store Completed in 113748ms
npm timing reifyNode:node_modules/test-exclude/node_modules/glob/node_modules/minimatch Completed in 113998ms
npm timing reifyNode:node_modules/@noble/ciphers Completed in 115571ms
npm timing reifyNode:node_modules/aes-js Completed in 116848ms
npm timing reifyNode:node_modules/@opentelemetry/propagator-b3 Completed in 117210ms
npm timing reifyNode:node_modules/comlink Completed in 118013ms
npm timing reifyNode:node_modules/@babel/traverse Completed in 118500ms
npm warn deprecated glob@10.5.0: Old versions of glob are not supported, and contain widely publicized security vulnerabilities, which have been fixed in the current version. Please update. Support for old versions may be purchased (at exorbitant rates) by contacting i@izs.me
npm timing reifyNode:node_modules/test-exclude/node_modules/glob Completed in 118624ms
npm warn deprecated glob@11.1.0: Old versions of glob are not supported, and contain widely publicized security vulnerabilities, which have been fixed in the current version. Please update. Support for old versions may be purchased (at exorbitant rates) by contacting i@izs.me
npm timing reifyNode:node_modules/node-pg-migrate/node_modules/glob Completed in 118922ms
npm timing reifyNode:node_modules/uint8arrays Completed in 118961ms
npm timing reifyNode:node_modules/@ethersproject/wordlists Completed in 119056ms
npm timing reifyNode:node_modules/@multiformats/dns Completed in 119111ms
npm timing reifyNode:node_modules/libp2p/node_modules/@multiformats/multiaddr Completed in 119264ms
npm timing reifyNode:node_modules/glob Completed in 119347ms
npm timing reifyNode:node_modules/ethers/node_modules/@noble/hashes Completed in 119369ms
npm timing reifyNode:node_modules/@chainsafe/libp2p-noise/node_modules/@noble/ciphers Completed in 119490ms
npm timing reifyNode:node_modules/ts-command-line-args Completed in 119914ms
npm timing reifyNode:node_modules/@libp2p/prometheus-metrics/node_modules/@multiformats/multiaddr Completed in 119914ms
npm timing reifyNode:node_modules/@libp2p/pubsub/node_modules/@multiformats/multiaddr Completed in 119920ms
npm timing reifyNode:node_modules/@aztec/telemetry-client Completed in 119944ms
npm timing reifyNode:node_modules/@libp2p/peer-record/node_modules/@multiformats/multiaddr Completed in 119978ms
npm timing reifyNode:node_modules/@libp2p/identify/node_modules/@multiformats/multiaddr Completed in 120398ms
npm timing reifyNode:node_modules/@libp2p/tcp/node_modules/@multiformats/multiaddr Completed in 120449ms
npm timing reifyNode:node_modules/@aztec/p2p/node_modules/@libp2p/peer-id-factory/node_modules/@multiformats/multiaddr Completed in 120447ms
npm timing reifyNode:node_modules/ethereum-cryptography/node_modules/@noble/hashes Completed in 120464ms
npm timing reifyNode:node_modules/@libp2p/utils/node_modules/@multiformats/multiaddr Completed in 120454ms
npm timing reifyNode:node_modules/@libp2p/peer-store/node_modules/@multiformats/multiaddr Completed in 120465ms
npm timing reifyNode:node_modules/@libp2p/peer-collections/node_modules/@multiformats/multiaddr Completed in 120467ms
npm timing reifyNode:node_modules/@libp2p/interface-internal/node_modules/@multiformats/multiaddr Completed in 120490ms
npm timing reifyNode:node_modules/@libp2p/logger/node_modules/@multiformats/multiaddr Completed in 120534ms
npm timing reifyNode:node_modules/@libp2p/multistream-select/node_modules/@multiformats/multiaddr Completed in 120536ms
npm timing reifyNode:node_modules/@libp2p/interface/node_modules/@multiformats/multiaddr Completed in 120535ms
npm timing reifyNode:node_modules/@chainsafe/libp2p-noise/node_modules/@multiformats/multiaddr Completed in 120555ms
npm timing reifyNode:node_modules/@aztec/prover-node Completed in 120834ms
npm timing reifyNode:node_modules/@aztec/slasher Completed in 121131ms
npm timing reifyNode:node_modules/protobufjs Completed in 121198ms
npm timing reifyNode:node_modules/@aztec/aztec-node Completed in 121422ms
npm timing reifyNode:node_modules/@aztec/world-state Completed in 121802ms
npm timing reifyNode:node_modules/@opentelemetry/exporter-trace-otlp-http Completed in 122449ms
npm timing reifyNode:node_modules/@aztec/blob-lib Completed in 122577ms
npm timing reifyNode:node_modules/@opentelemetry/exporter-logs-otlp-http Completed in 122596ms
npm timing reifyNode:node_modules/@chainsafe/libp2p-noise Completed in 124091ms
npm timing reifyNode:node_modules/@isaacs/cliui Completed in 124152ms
npm timing reifyNode:node_modules/@multiformats/dns/node_modules/uint8arrays Completed in 124190ms
npm timing reifyNode:node_modules/@aws-sdk/types Completed in 124267ms
npm timing reifyNode:node_modules/google-auth-library Completed in 125861ms
npm timing reifyNode:node_modules/@aztec/protocol-contracts Completed in 125895ms
npm timing reifyNode:node_modules/axios Completed in 126524ms
npm timing reifyNode:node_modules/@aztec/noir-acvm_js Completed in 126521ms
npm timing reifyNode:node_modules/@aztec/bb-prover Completed in 126545ms
npm timing reifyNode:node_modules/@aztec/blob-client Completed in 126615ms
npm timing reifyNode:node_modules/@libp2p/prometheus-metrics/node_modules/@libp2p/interface Completed in 126636ms
npm timing reifyNode:node_modules/@opentelemetry/exporter-metrics-otlp-http Completed in 126972ms
npm timing reifyNode:node_modules/ethers/node_modules/@noble/curves Completed in 127193ms
npm timing reifyNode:node_modules/@noble/curves/node_modules/@noble/hashes Completed in 127622ms
npm timing reifyNode:node_modules/pure-rand Completed in 127725ms
npm timing reifyNode:node_modules/@aztec/cli-wallet Completed in 128256ms
npm timing reifyNode:node_modules/@aztec/wallet-sdk Completed in 128334ms
npm timing reifyNode:node_modules/@noble/hashes Completed in 128877ms
npm timing reifyNode:node_modules/fake-indexeddb Completed in 129341ms
npm timing reifyNode:node_modules/@multiformats/dns/node_modules/@libp2p/interface Completed in 129360ms
npm timing reifyNode:node_modules/undici Completed in 133354ms
npm timing reifyNode:node_modules/@esbuild/linux-arm64 Completed in 133398ms
npm timing reifyNode:node_modules/@libp2p/interface Completed in 133745ms
npm timing reifyNode:node_modules/@google-cloud/storage Completed in 133838ms
npm timing reifyNode:node_modules/ethereum-cryptography/node_modules/@noble/curves Completed in 135716ms
npm timing reifyNode:node_modules/@noble/curves Completed in 135794ms
npm timing reifyNode:node_modules/@babel/core Completed in 135821ms
npm timing reifyNode:node_modules/libp2p/node_modules/@libp2p/interface Completed in 136035ms
npm timing reifyNode:node_modules/libp2p Completed in 136406ms
npm timing reifyNode:node_modules/@libp2p/pubsub/node_modules/@libp2p/interface Completed in 136853ms
npm timing reifyNode:node_modules/path-scurry/node_modules/lru-cache Completed in 136925ms
npm timing reifyNode:node_modules/@libp2p/peer-collections/node_modules/@libp2p/interface Completed in 136896ms
npm timing reifyNode:node_modules/@libp2p/peer-record/node_modules/@libp2p/interface Completed in 136899ms
npm timing reifyNode:node_modules/@libp2p/utils/node_modules/@libp2p/interface Completed in 136903ms
npm timing reifyNode:node_modules/@libp2p/multistream-select/node_modules/@libp2p/interface Completed in 136905ms
npm timing reifyNode:node_modules/@libp2p/peer-store/node_modules/@libp2p/interface Completed in 136906ms
npm timing reifyNode:node_modules/@libp2p/interface-internal/node_modules/@libp2p/interface Completed in 136906ms
npm timing reifyNode:node_modules/@libp2p/identify/node_modules/@libp2p/interface Completed in 136911ms
npm timing reifyNode:node_modules/@libp2p/logger/node_modules/@libp2p/interface Completed in 136915ms
npm timing reifyNode:node_modules/@aztec/p2p/node_modules/@libp2p/peer-id-factory/node_modules/@libp2p/interface Completed in 136932ms
npm timing reifyNode:node_modules/@chainsafe/libp2p-noise/node_modules/@libp2p/interface Completed in 136966ms
npm timing reifyNode:node_modules/@inquirer/core Completed in 137978ms
npm timing reifyNode:node_modules/@aztec/standard-contracts Completed in 138590ms
npm timing reifyNode:node_modules/ts-essentials Completed in 138672ms
npm timing reifyNode:node_modules/@libp2p/peer-id-factory/node_modules/@libp2p/interface Completed in 139408ms
npm timing reifyNode:node_modules/@libp2p/utils Completed in 140268ms
npm timing reifyNode:node_modules/pino Completed in 140318ms
npm timing reifyNode:node_modules/ox/node_modules/@noble/curves Completed in 140461ms
npm timing reifyNode:node_modules/viem/node_modules/@noble/curves Completed in 140808ms
npm timing reifyNode:node_modules/@aztec/sequencer-client Completed in 141210ms
npm timing reifyNode:node_modules/@scure/bip32/node_modules/@noble/curves Completed in 141708ms
npm timing reifyNode:node_modules/@aws-sdk/checksums Completed in 141724ms
npm timing reifyNode:node_modules/lmdb Completed in 142052ms
npm timing reifyNode:node_modules/@aztec/prover-client Completed in 142209ms
npm timing reifyNode:node_modules/@aztec/archiver Completed in 142448ms
npm timing reifyNode:node_modules/@libp2p/crypto Completed in 142929ms
npm timing reifyNode:node_modules/@chainsafe/libp2p-gossipsub Completed in 142991ms
npm timing reifyNode:node_modules/@opentelemetry/sdk-logs/node_modules/@opentelemetry/semantic-conventions Completed in 143188ms
npm timing reifyNode:node_modules/@opentelemetry/sdk-trace-base/node_modules/@opentelemetry/semantic-conventions Completed in 143211ms
npm timing reifyNode:node_modules/libp2p/node_modules/@libp2p/crypto Completed in 143318ms
npm timing reifyNode:node_modules/@opentelemetry/exporter-trace-otlp-http/node_modules/@opentelemetry/semantic-conventions Completed in 143332ms
npm timing reifyNode:node_modules/@opentelemetry/exporter-metrics-otlp-http/node_modules/@opentelemetry/semantic-conventions Completed in 143368ms
npm timing reifyNode:node_modules/@opentelemetry/exporter-logs-otlp-http/node_modules/@opentelemetry/semantic-conventions Completed in 143402ms
npm timing reifyNode:node_modules/@opentelemetry/otlp-transformer/node_modules/@opentelemetry/semantic-conventions Completed in 143446ms
npm timing reifyNode:node_modules/@opentelemetry/otlp-exporter-base/node_modules/@opentelemetry/semantic-conventions Completed in 143463ms
npm timing reifyNode:node_modules/@libp2p/utils/node_modules/@libp2p/crypto Completed in 143469ms
npm timing reifyNode:node_modules/@libp2p/pubsub/node_modules/@libp2p/crypto Completed in 143522ms
npm timing reifyNode:node_modules/@libp2p/peer-record/node_modules/@libp2p/crypto Completed in 143566ms
npm timing reifyNode:node_modules/@aztec/p2p/node_modules/@libp2p/peer-id-factory/node_modules/@libp2p/crypto Completed in 143614ms
npm timing reifyNode:node_modules/@nethermindeth/discv5 Completed in 143916ms
npm timing reifyNode:node_modules/@smithy/types Completed in 144102ms
npm timing reifyNode:node_modules/@opentelemetry/core/node_modules/@opentelemetry/semantic-conventions Completed in 144275ms
npm timing reifyNode:node_modules/@opentelemetry/resources/node_modules/@opentelemetry/semantic-conventions Completed in 144297ms
npm timing reifyNode:node_modules/@libp2p/peer-id-factory/node_modules/multiformats Completed in 144438ms
npm timing reifyNode:node_modules/@opentelemetry/sdk-trace-node/node_modules/@opentelemetry/semantic-conventions Completed in 144462ms
npm timing reifyNode:node_modules/multiformats Completed in 144497ms
npm timing reifyNode:node_modules/@opentelemetry/api-logs Completed in 144614ms
npm timing reifyNode:node_modules/@babel/types Completed in 145194ms
npm timing reifyNode:node_modules/@lmdb/lmdb-linux-arm64 Completed in 145205ms
npm timing reifyNode:node_modules/@libp2p/peer-id-factory/node_modules/@libp2p/crypto Completed in 145846ms
npm timing reifyNode:node_modules/@multiformats/dns/node_modules/multiformats Completed in 146495ms
npm timing reifyNode:node_modules/playwright Completed in 147300ms
npm timing reifyNode:node_modules/@aws-sdk/middleware-sdk-s3 Completed in 148689ms
npm timing reifyNode:node_modules/@babel/helpers Completed in 151742ms
npm timing reifyNode:node_modules/@aztec/aztec Completed in 151868ms
npm timing reifyNode:node_modules/@aztec/kv-store Completed in 152109ms
npm timing reifyNode:node_modules/@opentelemetry/sdk-logs Completed in 152116ms
npm timing reifyNode:node_modules/@aztec/accounts Completed in 152725ms
npm timing reifyNode:node_modules/@aztec/aztec.js Completed in 153674ms
npm timing reifyNode:node_modules/@opentelemetry/semantic-conventions Completed in 154048ms
npm timing reifyNode:node_modules/@opentelemetry/otlp-transformer Completed in 155631ms
npm timing reifyNode:node_modules/@aztec/ethereum Completed in 156130ms
npm timing reifyNode:node_modules/@opentelemetry/otlp-exporter-base Completed in 156629ms
npm timing reifyNode:node_modules/@jspm/core Completed in 157834ms
npm timing reifyNode:node_modules/abitype Completed in 157909ms
npm timing reifyNode:node_modules/@aztec/aztec/node_modules/abitype Completed in 159981ms
npm timing reifyNode:node_modules/@aztec/cli Completed in 160006ms
npm timing reifyNode:node_modules/@opentelemetry/sdk-trace-base Completed in 161781ms
npm warn deprecated leveldown@6.1.1: Superseded by classic-level (https://github.com/Level/community#faq)
npm timing reifyNode:node_modules/leveldown Completed in 161983ms
npm timing reifyNode:node_modules/@opentelemetry/sdk-trace-node/node_modules/@opentelemetry/sdk-trace-base Completed in 162363ms
npm timing reifyNode:node_modules/@aztec/txe Completed in 162365ms
npm timing reifyNode:node_modules/typescript Completed in 162737ms
npm timing reifyNode:node_modules/node-pg-migrate Completed in 168146ms
npm timing reifyNode:node_modules/@aws-sdk/client-s3 Completed in 172082ms
npm timing reifyNode:node_modules/playwright-core Completed in 173852ms
npm timing reifyNode:node_modules/bcrypto Completed in 173881ms
npm timing reifyNode:node_modules/@aws-sdk/nested-clients Completed in 175869ms
npm timing reifyNode:node_modules/@aztec/simulator Completed in 178648ms
npm timing reifyNode:node_modules/@aws-sdk/core Completed in 179738ms
npm timing reifyNode:node_modules/@opentelemetry/core Completed in 181755ms
npm timing reifyNode:node_modules/@opentelemetry/otlp-transformer/node_modules/@opentelemetry/core Completed in 182985ms
npm timing reifyNode:node_modules/@aztec/pxe Completed in 183041ms
npm timing reifyNode:node_modules/@opentelemetry/otlp-exporter-base/node_modules/@opentelemetry/core Completed in 183421ms
npm timing reifyNode:node_modules/@opentelemetry/sdk-logs/node_modules/@opentelemetry/core Completed in 183455ms
npm timing reifyNode:node_modules/@opentelemetry/exporter-metrics-otlp-http/node_modules/@opentelemetry/core Completed in 183574ms
npm timing reifyNode:node_modules/@opentelemetry/exporter-trace-otlp-http/node_modules/@opentelemetry/core Completed in 183590ms
npm timing reifyNode:node_modules/@opentelemetry/exporter-logs-otlp-http/node_modules/@opentelemetry/core Completed in 183736ms
npm timing reifyNode:node_modules/@opentelemetry/sdk-trace-base/node_modules/@opentelemetry/core Completed in 183768ms
npm timing reifyNode:node_modules/@opentelemetry/resources Completed in 186398ms
npm timing reifyNode:node_modules/@opentelemetry/exporter-metrics-otlp-http/node_modules/@opentelemetry/resources Completed in 187018ms
npm timing reifyNode:node_modules/@opentelemetry/exporter-trace-otlp-http/node_modules/@opentelemetry/resources Completed in 187042ms
npm timing reifyNode:node_modules/@opentelemetry/sdk-trace-base/node_modules/@opentelemetry/resources Completed in 187065ms
npm timing reifyNode:node_modules/@opentelemetry/otlp-transformer/node_modules/@opentelemetry/resources Completed in 187071ms
npm timing reifyNode:node_modules/@opentelemetry/sdk-logs/node_modules/@opentelemetry/resources Completed in 187076ms
npm timing reifyNode:node_modules/@opentelemetry/api Completed in 189715ms
npm timing reifyNode:node_modules/@opentelemetry/exporter-metrics-otlp-http/node_modules/@opentelemetry/sdk-metrics Completed in 189807ms
npm timing reifyNode:node_modules/@opentelemetry/otlp-transformer/node_modules/@opentelemetry/sdk-metrics Completed in 189862ms
npm timing reifyNode:node_modules/@opentelemetry/sdk-metrics Completed in 189882ms
npm timing reifyNode:node_modules/caniuse-lite Completed in 190381ms
npm timing reifyNode:node_modules/@aztec/p2p Completed in 191056ms
npm timing reifyNode:node_modules/@aztec/foundation Completed in 192730ms
npm timing reifyNode:node_modules/ox Completed in 193014ms
npm timing reifyNode:node_modules/@aztec/noir-contracts.js Completed in 196206ms
npm timing reifyNode:node_modules/zod Completed in 197675ms
npm timing reifyNode:node_modules/ethers Completed in 210770ms
npm timing reifyNode:node_modules/@aztec/noir-test-contracts.js Completed in 210902ms
npm timing reifyNode:node_modules/@aztec/stdlib Completed in 217985ms
npm timing reifyNode:node_modules/@aztec/noir-protocol-circuits-types Completed in 218340ms
npm timing reifyNode:node_modules/@sinclair/typebox Completed in 221600ms
npm timing reifyNode:node_modules/@smithy/core Completed in 225331ms
npm timing reifyNode:node_modules/@aztec/bb.js Completed in 244785ms
npm timing reifyNode:node_modules/rxjs Completed in 253384ms
npm timing reifyNode:node_modules/@aztec/l1-artifacts Completed in 256051ms
npm timing reifyNode:node_modules/viem Completed in 321746ms
npm timing reify:unpack Completed in 321750ms
npm timing reify:unretire Completed in 2ms
npm timing build:queue Completed in 122ms
npm timing build:link:node_modules/jest-cli Completed in 6ms
npm timing build:link:node_modules/@aztec/validator-client Completed in 15ms
npm timing build:link:node_modules/@aztec/aztec Completed in 32ms
npm timing build:link:node_modules/@babel/helper-compilation-targets/node_modules/semver Completed in 21ms
npm timing build:link:node_modules/@babel/core/node_modules/semver Completed in 22ms
npm timing build:link:node_modules/send/node_modules/mime Completed in 21ms
npm timing build:link:node_modules/node-pg-migrate/node_modules/glob Completed in 22ms
npm timing build:link:node_modules/test-exclude/node_modules/glob Completed in 22ms
npm timing build:link:node_modules/@aztec/noir-noir_codegen Completed in 33ms
npm timing build:link:node_modules/@aztec/pxe Completed in 32ms
npm timing build:link:node_modules/@aztec/blob-client Completed in 34ms
npm timing build:link:node_modules/@aztec/bb.js Completed in 34ms
npm timing build:link:node_modules/@babel/parser Completed in 33ms
npm timing build:link:node_modules/@aztec/bb-prover Completed in 36ms
npm timing build:link:node_modules/esbuild Completed in 32ms
npm timing build:link:node_modules/fast-xml-parser Completed in 31ms
npm timing build:link:node_modules/import-local Completed in 31ms
npm timing build:link:node_modules/jest Completed in 30ms
npm timing build:link:node_modules/@aztec/txe Completed in 34ms
npm timing build:link:node_modules/js-yaml Completed in 31ms
npm timing build:link:node_modules/jsesc Completed in 31ms
npm timing build:link:node_modules/@aztec/cli-wallet Completed in 36ms
npm timing build:link:node_modules/esprima Completed in 32ms
npm timing build:link:node_modules/json5 Completed in 32ms
npm timing build:link:node_modules/mime Completed in 31ms
npm timing build:link:node_modules/lmdb Completed in 32ms
npm timing build:link:node_modules/msgpackr-extract Completed in 31ms
npm timing build:link:node_modules/node-gyp-build Completed in 31ms
npm timing build:link:node_modules/napi-postinstall Completed in 32ms
npm timing build:link:node_modules/pino-pretty Completed in 30ms
npm timing build:link:node_modules/node-gyp-build-optional-packages Completed in 32ms
npm timing build:link:node_modules/pino Completed in 32ms
npm timing build:link:node_modules/playwright Completed in 31ms
npm timing build:link:node_modules/node-pg-migrate Completed in 32ms
npm timing build:link:node_modules/semver Completed in 30ms
npm timing build:link:node_modules/playwright-core Completed in 31ms
npm timing build:link:node_modules/systeminformation Completed in 31ms
npm timing build:link:node_modules/rlp Completed in 32ms
npm timing build:link:node_modules/ts-command-line-args Completed in 32ms
npm timing build:link:node_modules/update-browserslist-db Completed in 31ms
npm timing build:link:node_modules/baseline-browser-mapping Completed in 39ms
npm timing build:link:node_modules/typescript Completed in 32ms
npm timing build:link:node_modules/which Completed in 31ms
npm timing build:link:node_modules/uuid Completed in 32ms
npm timing build:link:node_modules/browserslist Completed in 39ms
npm timing build:link Completed in 46ms
npm timing build:deps Completed in 176ms
npm timing build Completed in 177ms
npm timing reify:build Completed in 189ms
npm timing reify:trash Completed in 0ms
npm timing reify Completed in 324287ms

added 1000 packages in 5m
npm timing command:ci Completed in 328539ms
npm timing npm Completed in 329877ms
npm notice
npm notice New major version of npm available! 11.12.1 -> 12.0.2
npm notice Changelog: https://github.com/npm/cli/releases/tag/v12.0.2
npm notice To update run: npm install -g npm@12.0.2
npm notice
