npm timing npm:load:whichnode Completed in 1ms
npm timing npm:load:configload Completed in 5ms
npm timing config:load:flatten Completed in 1ms
npm timing npm:load:mkdirpcache Completed in 2ms
npm timing npm:load:mkdirplogs Completed in 0ms
npm timing npm:load:setTitle Completed in 0ms
npm timing npm:load Completed in 19ms
npm timing arborist:ctor Completed in 0ms
npm timing arborist:ctor Completed in 0ms
npm timing idealTree:init Completed in 262ms
npm timing idealTree:userRequests Completed in 0ms
npm timing idealTree:#root Completed in 0ms
npm timing idealTree:buildDeps Completed in 1ms
npm timing idealTree:fixDepFlags Completed in 0ms
npm timing idealTree Completed in 269ms
npm timing npm-ci:rm Completed in 0ms
npm timing reify:loadTrees Completed in 6ms
npm timing reify:diffTrees Completed in 20ms
npm timing reify:retireShallow Completed in 1ms
npm timing reify:createSparse Completed in 193ms
npm timing reify:loadBundles Completed in 0ms
npm timing reifyNode:node_modules/which Completed in 1310ms
npm timing reifyNode:node_modules/ylru Completed in 1331ms
npm timing reifyNode:node_modules/yocto-queue Completed in 1336ms
npm timing reifyNode:node_modules/yoctocolors-cjs Completed in 1346ms
npm timing reifyNode:node_modules/yallist Completed in 1348ms
npm timing reifyNode:node_modules/write-file-atomic Completed in 1349ms
npm timing reifyNode:node_modules/wrap-ansi Completed in 1350ms
npm timing reifyNode:node_modules/wrap-ansi-cjs Completed in 1351ms
npm timing reifyNode:node_modules/wrappy Completed in 1351ms
npm timing reifyNode:node_modules/xtend Completed in 1353ms
npm timing reifyNode:node_modules/wherearewe Completed in 1353ms
npm timing reifyNode:node_modules/webidl-conversions Completed in 1355ms
npm timing reifyNode:node_modules/wordwrapjs Completed in 1361ms
npm timing reifyNode:node_modules/utils-merge Completed in 1361ms
npm timing reifyNode:node_modules/vary Completed in 1361ms
npm timing reifyNode:node_modules/y18n Completed in 1364ms
npm timing reifyNode:node_modules/weak-lru-cache Completed in 1365ms
npm timing reifyNode:node_modules/whatwg-url Completed in 1376ms
npm timing reifyNode:node_modules/unpipe Completed in 1397ms
npm timing reifyNode:node_modules/unrs-resolver Completed in 1398ms
npm timing reifyNode:node_modules/util-deprecate Completed in 1399ms
npm timing reifyNode:node_modules/type-is Completed in 1402ms
npm timing reifyNode:node_modules/typical Completed in 1403ms
npm timing reifyNode:node_modules/v8-to-istanbul Completed in 1404ms
npm timing reifyNode:node_modules/update-browserslist-db Completed in 1405ms
npm timing reifyNode:node_modules/tsscmp Completed in 1406ms
npm timing reifyNode:node_modules/type-detect Completed in 1407ms
npm timing reifyNode:node_modules/yargs-parser Completed in 1408ms
npm timing reifyNode:node_modules/ws Completed in 1410ms
npm timing reifyNode:node_modules/uint8-varint Completed in 1429ms
npm timing reifyNode:node_modules/undici-types Completed in 1441ms
npm timing reifyNode:node_modules/test-exclude Completed in 1441ms
npm timing reifyNode:node_modules/uint8arraylist Completed in 1443ms
npm timing reifyNode:node_modules/tslib Completed in 1445ms
npm timing reifyNode:node_modules/utf8-codec Completed in 1468ms
npm timing reifyNode:node_modules/table-layout Completed in 1472ms
npm timing reifyNode:node_modules/tdigest Completed in 1475ms
npm timing reifyNode:node_modules/weald Completed in 1484ms
npm timing reifyNode:node_modules/synckit Completed in 1491ms
npm timing reifyNode:node_modules/teeny-request Completed in 1519ms
npm timing reifyNode:node_modules/type-fest Completed in 1521ms
npm timing reifyNode:node_modules/toidentifier Completed in 1527ms
npm timing reifyNode:node_modules/strnum Completed in 1527ms
npm timing reifyNode:node_modules/strip-json-comments Completed in 1527ms
npm timing reifyNode:node_modules/supports-color Completed in 1529ms
npm timing reifyNode:node_modules/stubs Completed in 1529ms
npm timing reifyNode:node_modules/strip-bom Completed in 1530ms
npm timing reifyNode:node_modules/systeminformation Completed in 1531ms
npm timing reifyNode:node_modules/yargs Completed in 1541ms
npm timing reifyNode:node_modules/strip-ansi-cjs Completed in 1540ms
npm timing reifyNode:node_modules/string-width Completed in 1547ms
npm timing reifyNode:node_modules/string-width-cjs Completed in 1547ms
npm timing reifyNode:node_modules/strip-ansi Completed in 1559ms
npm timing reifyNode:node_modules/strip-final-newline Completed in 1561ms
npm timing reifyNode:node_modules/string-length Completed in 1561ms
npm timing reifyNode:node_modules/string-format Completed in 1562ms
npm timing reifyNode:node_modules/strict-event-emitter-types Completed in 1564ms
npm timing reifyNode:node_modules/stream-events Completed in 1592ms
npm timing reifyNode:node_modules/stream-shift Completed in 1592ms
npm timing reifyNode:node_modules/split2 Completed in 1593ms
npm timing reifyNode:node_modules/stack-utils Completed in 1593ms
npm timing reifyNode:node_modules/statuses Completed in 1594ms
npm timing reifyNode:node_modules/sprintf-js Completed in 1598ms
npm timing reifyNode:node_modules/source-map-support Completed in 1614ms
npm timing reifyNode:node_modules/snappy Completed in 1623ms
npm timing reifyNode:node_modules/slash Completed in 1626ms
npm timing reifyNode:node_modules/uint8arrays Completed in 1629ms
npm timing reifyNode:node_modules/side-channel-map Completed in 1631ms
npm timing reifyNode:node_modules/signal-exit Completed in 1633ms
npm timing reifyNode:node_modules/stream-to-it Completed in 1637ms
npm timing reifyNode:node_modules/side-channel-list Completed in 1682ms
npm timing reifyNode:node_modules/side-channel-weakmap Completed in 1683ms
npm timing reifyNode:node_modules/side-channel Completed in 1689ms
npm timing reifyNode:node_modules/shebang-regex Completed in 1689ms
npm timing reifyNode:node_modules/string_decoder Completed in 1690ms
npm timing reifyNode:node_modules/send Completed in 1732ms
npm timing reifyNode:node_modules/shebang-command Completed in 1733ms
npm timing reifyNode:node_modules/serve-static Completed in 1787ms
npm timing reifyNode:node_modules/setprototypeof Completed in 1858ms
npm timing reifyNode:node_modules/source-map Completed in 1866ms
npm timing reifyNode:node_modules/tmp Completed in 1871ms
npm timing reifyNode:node_modules/xml-naming Completed in 1874ms
npm timing reifyNode:node_modules/safe-regex-test Completed in 1881ms
npm timing reifyNode:node_modules/run-async Completed in 1882ms
npm timing reifyNode:node_modules/sha3 Completed in 1882ms
npm timing reifyNode:node_modules/resolve-cwd Completed in 1883ms
npm timing reifyNode:node_modules/safer-buffer Completed in 1884ms
npm timing reifyNode:node_modules/safe-buffer Completed in 1884ms
npm timing reifyNode:node_modules/safe-stable-stringify Completed in 1884ms
npm timing reifyNode:node_modules/resolve-from Completed in 1885ms
npm timing reifyNode:node_modules/real-require Completed in 1886ms
npm timing reifyNode:node_modules/require-directory Completed in 1886ms
npm timing reifyNode:node_modules/retry-request Completed in 1889ms
npm timing reifyNode:node_modules/scrypt-js Completed in 1903ms
npm timing reifyNode:node_modules/range-parser Completed in 1904ms
npm timing reifyNode:node_modules/secure-json-parse Completed in 1904ms
npm timing reifyNode:node_modules/rlp Completed in 1909ms
npm timing reifyNode:node_modules/quick-format-unescaped Completed in 1912ms
npm timing reifyNode:node_modules/race-signal Completed in 1914ms
npm timing reifyNode:node_modules/quick-lru Completed in 1914ms
npm timing reifyNode:node_modules/pvtsutils Completed in 1970ms
npm timing reifyNode:node_modules/retry Completed in 1972ms
npm timing reifyNode:node_modules/uuid Completed in 1974ms
npm timing reifyNode:node_modules/queue-microtask Completed in 1975ms
npm timing reifyNode:node_modules/ts-essentials Completed in 1981ms
npm timing reifyNode:node_modules/ts-command-line-args Completed in 1983ms
npm timing reifyNode:node_modules/undici Completed in 2004ms
npm timing reifyNode:node_modules/pump Completed in 2006ms
npm timing reifyNode:node_modules/proxy-from-env Completed in 2015ms
npm timing reifyNode:node_modules/pvutils Completed in 2073ms
npm timing reifyNode:node_modules/reduce-flatten Completed in 2149ms
npm timing reifyNode:node_modules/progress-events Completed in 2157ms
npm timing reifyNode:node_modules/protons-runtime Completed in 2159ms
npm timing reifyNode:node_modules/proxy-addr Completed in 2190ms
npm timing reifyNode:node_modules/process-warning Completed in 2198ms
npm timing reifyNode:node_modules/postgres-interval Completed in 2207ms
npm timing reifyNode:node_modules/postgres-date Completed in 2214ms
npm timing reifyNode:node_modules/postgres-bytea Completed in 2219ms
npm timing reifyNode:node_modules/readable-stream Completed in 2250ms
npm timing reifyNode:node_modules/race-event Completed in 2252ms
npm timing reifyNode:node_modules/postgres-array Completed in 2272ms
npm timing reifyNode:node_modules/pure-rand Completed in 2288ms
npm timing reifyNode:node_modules/raw-body Completed in 2291ms
npm timing reifyNode:node_modules/pkg-dir Completed in 2314ms
npm timing reifyNode:node_modules/pretty-format Completed in 2365ms
npm timing reifyNode:node_modules/semver Completed in 2385ms
npm warn deprecated prom-client@15.1.3: prom-client has been replaced by @prometheus-io/client
npm timing reifyNode:node_modules/prom-client Completed in 2385ms
npm timing reifyNode:node_modules/pirates Completed in 2414ms
npm timing reifyNode:node_modules/thread-stream Completed in 2418ms
npm timing reifyNode:node_modules/pino-std-serializers Completed in 2449ms
npm timing reifyNode:node_modules/picocolors Completed in 2467ms
npm timing reifyNode:node_modules/pino-pretty Completed in 2504ms
npm timing reifyNode:node_modules/pg-int8 Completed in 2528ms
npm timing reifyNode:node_modules/pg-pool Completed in 2580ms
npm timing reifyNode:node_modules/zod Completed in 2621ms
npm timing reifyNode:node_modules/pg-types Completed in 2636ms
npm timing reifyNode:node_modules/pg-cloudflare Completed in 2657ms
npm timing reifyNode:node_modules/picomatch Completed in 2712ms
npm timing reifyNode:node_modules/pg-protocol Completed in 2719ms
npm timing reifyNode:node_modules/path-key Completed in 2723ms
npm timing reifyNode:node_modules/tr46 Completed in 2778ms
npm timing reifyNode:node_modules/pgpass Completed in 2800ms
npm timing reifyNode:node_modules/pg-connection-string Completed in 2801ms
npm timing reifyNode:node_modules/pino-abstract-transport Completed in 2806ms
npm timing reifyNode:node_modules/path-exists Completed in 2813ms
npm timing reifyNode:node_modules/parse-json Completed in 2831ms
npm timing reifyNode:node_modules/parseurl Completed in 2832ms
npm timing reifyNode:node_modules/qs Completed in 2848ms
npm timing reifyNode:node_modules/pg Completed in 2849ms
npm timing reifyNode:node_modules/p-queue Completed in 2867ms
npm timing reifyNode:node_modules/package-json-from-dist Completed in 2871ms
npm timing reifyNode:node_modules/typescript Completed in 2875ms
npm timing reifyNode:node_modules/p-try Completed in 2879ms
npm timing reifyNode:node_modules/path-expression-matcher Completed in 2882ms
npm timing reifyNode:node_modules/p-limit Completed in 2884ms
npm timing reifyNode:node_modules/p-defer Completed in 2884ms
npm timing reifyNode:node_modules/protobufjs Completed in 2902ms
npm timing reifyNode:node_modules/path-to-regexp Completed in 2915ms
npm timing reifyNode:node_modules/p-locate Completed in 2923ms
npm timing reifyNode:node_modules/on-finished Completed in 2924ms
npm timing reifyNode:node_modules/p-timeout Completed in 2924ms
npm timing reifyNode:node_modules/onetime Completed in 2925ms
npm timing reifyNode:node_modules/only Completed in 2926ms
npm timing reifyNode:node_modules/pino Completed in 2937ms
npm timing reifyNode:node_modules/once Completed in 2950ms
npm timing reifyNode:node_modules/normalize-path Completed in 2951ms
npm timing reifyNode:node_modules/playwright Completed in 2953ms
npm timing reifyNode:node_modules/npm-run-path Completed in 2953ms
npm timing reifyNode:node_modules/on-exit-leak-free Completed in 2958ms
npm timing reifyNode:node_modules/node-releases Completed in 2961ms
npm timing reifyNode:node_modules/ohash Completed in 2962ms
npm timing reifyNode:node_modules/object-inspect Completed in 2972ms
npm timing reifyNode:node_modules/node-gyp-build-optional-packages Completed in 2974ms
npm timing reifyNode:node_modules/node-int64 Completed in 2984ms
npm timing reifyNode:node_modules/node-fetch Completed in 2989ms
npm timing reifyNode:node_modules/netmask Completed in 2992ms
npm timing reifyNode:node_modules/mute-stream Completed in 3024ms
npm timing reifyNode:node_modules/negotiator Completed in 3026ms
npm timing reifyNode:node_modules/natural-compare Completed in 3029ms
npm timing reifyNode:node_modules/napi-macros Completed in 3030ms
npm timing reifyNode:node_modules/napi-postinstall Completed in 3046ms
npm timing reifyNode:node_modules/msgpackr-extract Completed in 3049ms
npm timing reifyNode:node_modules/ms Completed in 3054ms
npm timing reifyNode:node_modules/node-addon-api Completed in 3108ms
npm timing reifyNode:node_modules/murmurhash3js-revisited Completed in 3109ms
npm timing reifyNode:node_modules/minimalistic-assert Completed in 3160ms
npm timing reifyNode:node_modules/minimalistic-crypto-utils Completed in 3162ms
npm timing reifyNode:node_modules/ordered-binary Completed in 3167ms
npm timing reifyNode:node_modules/mimic-fn Completed in 3211ms
npm timing reifyNode:node_modules/minipass Completed in 3251ms
npm timing reifyNode:node_modules/methods Completed in 3251ms
npm timing reifyNode:node_modules/merge-stream Completed in 3270ms
npm timing reifyNode:node_modules/minimist Completed in 3273ms
npm timing reifyNode:node_modules/sonic-boom Completed in 3296ms
npm timing reifyNode:node_modules/mime-db Completed in 3299ms
npm timing reifyNode:node_modules/mime Completed in 3302ms
npm timing reifyNode:node_modules/mime-types Completed in 3315ms
npm timing reifyNode:node_modules/path-scurry Completed in 3317ms
npm timing reifyNode:node_modules/merge-descriptors Completed in 3318ms
npm timing reifyNode:node_modules/media-typer Completed in 3320ms
npm timing reifyNode:node_modules/merge-options Completed in 3321ms
npm timing reifyNode:node_modules/make-dir Completed in 3324ms
npm timing reifyNode:node_modules/node-forge Completed in 3325ms
npm timing reifyNode:node_modules/lodash.times Completed in 3331ms
npm timing reifyNode:node_modules/lodash.omit Completed in 3341ms
npm timing reifyNode:node_modules/lodash.pickby Completed in 3350ms
npm timing reifyNode:node_modules/math-intrinsics Completed in 3372ms
npm warn deprecated lodash.isequal@4.5.0: This package is deprecated. Use require('node:util').isDeepStrictEqual instead.
npm timing reifyNode:node_modules/lodash.isequal Completed in 3373ms
npm timing reifyNode:node_modules/lodash.clonedeepwith Completed in 3375ms
npm timing reifyNode:node_modules/lodash.chunk Completed in 3377ms
npm timing reifyNode:node_modules/lodash.groupby Completed in 3377ms
npm timing reifyNode:node_modules/msgpackr Completed in 3379ms
npm timing reifyNode:node_modules/lodash.camelcase Completed in 3378ms
npm timing reifyNode:node_modules/lodash.merge Completed in 3379ms
npm timing reifyNode:node_modules/long Completed in 3382ms
npm timing reifyNode:node_modules/lodash.clonedeep Completed in 3391ms
npm timing reifyNode:node_modules/main-event Completed in 3401ms
npm timing reifyNode:node_modules/lines-and-columns Completed in 3405ms
npm timing reifyNode:node_modules/locate-path Completed in 3405ms
npm timing reifyNode:node_modules/leven Completed in 3406ms
npm timing reifyNode:node_modules/loady Completed in 3410ms
npm warn deprecated level-concat-iterator@3.1.0: Superseded by abstract-level (https://github.com/Level/community#faq)
npm timing reifyNode:node_modules/level-concat-iterator Completed in 3410ms
npm warn deprecated koa-router@13.1.1: Please use @koa/router instead, starting from v9! 
npm timing reifyNode:node_modules/koa-router Completed in 3413ms
npm timing reifyNode:node_modules/koa-convert Completed in 3423ms
npm timing reifyNode:node_modules/koa-is-json Completed in 3424ms
npm timing reifyNode:node_modules/minimatch Completed in 3426ms
npm timing reifyNode:node_modules/lru-cache Completed in 3429ms
npm timing reifyNode:node_modules/koa-compress Completed in 3433ms
npm timing reifyNode:node_modules/mortice Completed in 3433ms
npm timing reifyNode:node_modules/multiformats Completed in 3442ms
npm timing reifyNode:node_modules/node-gyp-build Completed in 3468ms
npm timing reifyNode:node_modules/koa-compose Completed in 3473ms
npm timing reifyNode:node_modules/jws Completed in 3477ms
npm timing reifyNode:node_modules/jwa Completed in 3478ms
npm timing reifyNode:node_modules/koa-bodyparser Completed in 3478ms
npm timing reifyNode:node_modules/json-stringify-deterministic Completed in 3479ms
npm timing reifyNode:node_modules/koa Completed in 3480ms
npm timing reifyNode:node_modules/keygrip Completed in 3487ms
npm timing reifyNode:node_modules/level-supports Completed in 3574ms
npm timing reifyNode:node_modules/joycon Completed in 3573ms
npm timing reifyNode:node_modules/jsesc Completed in 3574ms
npm timing reifyNode:node_modules/json-parse-even-better-errors Completed in 3575ms
npm timing reifyNode:node_modules/json-bigint Completed in 3576ms
npm timing reifyNode:node_modules/js-sha3 Completed in 3576ms
npm timing reifyNode:node_modules/js-tokens Completed in 3577ms
npm timing reifyNode:node_modules/jest-resolve-dependencies Completed in 3581ms
npm timing reifyNode:node_modules/jest-regex-util Completed in 3582ms
npm timing reifyNode:node_modules/jest-watcher Completed in 3584ms
npm timing reifyNode:node_modules/jest-validate Completed in 3585ms
npm timing reifyNode:node_modules/jest-util Completed in 3585ms
npm timing reifyNode:node_modules/jest-runner Completed in 3586ms
npm timing reifyNode:node_modules/jest-resolve Completed in 3587ms
npm timing reifyNode:node_modules/jest-snapshot Completed in 3589ms
npm timing reifyNode:node_modules/jest-worker Completed in 3592ms
npm timing reifyNode:node_modules/jest-runtime Completed in 3594ms
npm timing reifyNode:node_modules/json5 Completed in 3599ms
npm timing reifyNode:node_modules/jest-mock Completed in 3628ms
npm timing reifyNode:node_modules/jest-leak-detector Completed in 3629ms
npm timing reifyNode:node_modules/jest-matcher-utils Completed in 3634ms
npm timing reifyNode:node_modules/jest-each Completed in 3636ms
npm timing reifyNode:node_modules/jest-environment-node Completed in 3639ms
npm timing reifyNode:node_modules/jest-message-util Completed in 3640ms
npm timing reifyNode:node_modules/jest-cli Completed in 3641ms
npm timing reifyNode:node_modules/jest-config Completed in 3643ms
npm timing reifyNode:node_modules/jest-diff Completed in 3650ms
npm timing reifyNode:node_modules/jest-mock-extended Completed in 3653ms
npm timing reifyNode:node_modules/jest Completed in 3672ms
npm timing reifyNode:node_modules/jest-docblock Completed in 3675ms
npm timing reifyNode:node_modules/jest-changed-files Completed in 3677ms
npm timing reifyNode:node_modules/it-sort Completed in 3682ms
npm timing reifyNode:node_modules/js-yaml Completed in 3684ms
npm timing reifyNode:node_modules/it-queueless-pushable Completed in 3684ms
npm timing reifyNode:node_modules/jest-circus Completed in 3686ms
npm timing reifyNode:node_modules/it-stream-types Completed in 3686ms
npm timing reifyNode:node_modules/it-take Completed in 3687ms
npm timing reifyNode:node_modules/it-reader Completed in 3694ms
npm timing reifyNode:node_modules/jest-haste-map Completed in 3731ms
npm timing reifyNode:node_modules/it-merge Completed in 3732ms
npm timing reifyNode:node_modules/it-protobuf-stream Completed in 3734ms
npm timing reifyNode:node_modules/it-map Completed in 3735ms
npm timing reifyNode:node_modules/it-peekable Completed in 3736ms
npm timing reifyNode:node_modules/it-pipe Completed in 3740ms
npm timing reifyNode:node_modules/it-parallel Completed in 3744ms
npm timing reifyNode:node_modules/it-pair Completed in 3745ms
npm timing reifyNode:node_modules/it-length-prefixed-stream Completed in 3748ms
npm timing reifyNode:node_modules/jackspeak Completed in 3751ms
npm timing reifyNode:node_modules/it-filter Completed in 3759ms
npm timing reifyNode:node_modules/it-foreach Completed in 3763ms
npm timing reifyNode:node_modules/it-queue Completed in 3769ms
npm timing reifyNode:node_modules/it-pushable Completed in 3774ms
npm timing reifyNode:node_modules/it-drain Completed in 3775ms
npm timing reifyNode:node_modules/istanbul-lib-coverage Completed in 3778ms
npm timing reifyNode:node_modules/isexe Completed in 3779ms
npm timing reifyNode:node_modules/istanbul-lib-source-maps Completed in 3780ms
npm timing reifyNode:node_modules/it-all Completed in 3781ms
npm timing reifyNode:node_modules/istanbul-lib-report Completed in 3782ms
npm timing reifyNode:node_modules/istanbul-lib-instrument Completed in 3784ms
npm timing reifyNode:node_modules/it-byte-stream Completed in 3787ms
npm timing reifyNode:node_modules/is-stream Completed in 3797ms
npm timing reifyNode:node_modules/libp2p Completed in 3799ms
npm timing reifyNode:node_modules/isows Completed in 3811ms
npm timing reifyNode:node_modules/is-generator-fn Completed in 3813ms
npm timing reifyNode:node_modules/is-regex Completed in 3814ms
npm timing reifyNode:node_modules/is-glob Completed in 3814ms
npm timing reifyNode:node_modules/is-plain-obj Completed in 3816ms
npm timing reifyNode:node_modules/is-electron Completed in 3817ms
npm timing reifyNode:node_modules/is-extglob Completed in 3817ms
npm timing reifyNode:node_modules/is-arrayish Completed in 3817ms
npm timing reifyNode:node_modules/is-loopback-addr Completed in 3820ms
npm timing reifyNode:node_modules/is-generator-function Completed in 3822ms
npm timing reifyNode:node_modules/is-buffer Completed in 3829ms
npm timing reifyNode:node_modules/is-fullwidth-code-point Completed in 3830ms
npm timing reifyNode:node_modules/it-length-prefixed Completed in 3831ms
npm timing reifyNode:node_modules/inherits Completed in 3838ms
npm timing reifyNode:node_modules/imurmurhash Completed in 3841ms
npm timing reifyNode:node_modules/ieee754 Completed in 3842ms
npm timing reifyNode:node_modules/import-local Completed in 3843ms
npm timing reifyNode:node_modules/node-pg-migrate Completed in 3846ms
npm timing reifyNode:node_modules/inflation Completed in 3846ms
npm timing reifyNode:node_modules/is-unsafe Completed in 3846ms
npm timing reifyNode:node_modules/ipaddr.js Completed in 3847ms
npm timing reifyNode:node_modules/interface-store Completed in 3851ms
npm timing reifyNode:node_modules/http-assert Completed in 3868ms
npm timing reifyNode:node_modules/inquirer Completed in 3870ms
npm timing reifyNode:node_modules/https-proxy-agent Completed in 3880ms
npm timing reifyNode:node_modules/http-proxy-agent Completed in 3881ms
npm timing reifyNode:node_modules/idb-keyval Completed in 3882ms
npm timing reifyNode:node_modules/html-escaper Completed in 3884ms
npm timing reifyNode:node_modules/import-meta-resolve Completed in 3887ms
npm timing reifyNode:node_modules/human-signals Completed in 3887ms
npm timing reifyNode:node_modules/idb Completed in 3889ms
npm timing reifyNode:node_modules/istanbul-reports Completed in 3893ms
npm timing reifyNode:node_modules/http-errors Completed in 3899ms
npm timing reifyNode:node_modules/interface-datastore Completed in 3904ms
npm timing reifyNode:node_modules/playwright-core Completed in 3918ms
npm timing reifyNode:node_modules/has-flag Completed in 3927ms
npm timing reifyNode:node_modules/hashlru Completed in 3930ms
npm timing reifyNode:node_modules/has-tostringtag Completed in 3935ms
npm timing reifyNode:node_modules/has-symbols Completed in 3937ms
npm timing reifyNode:node_modules/gtoken Completed in 3938ms
npm timing reifyNode:node_modules/help-me Completed in 3939ms
npm timing reifyNode:node_modules/hmac-drbg Completed in 3947ms
npm timing reifyNode:node_modules/graceful-fs Completed in 3947ms
npm timing reifyNode:node_modules/hash.js Completed in 3950ms
npm timing reifyNode:node_modules/gopd Completed in 3950ms
npm timing reifyNode:node_modules/google-logging-utils Completed in 3961ms
npm timing reifyNode:node_modules/html-entities Completed in 3966ms
npm timing reifyNode:node_modules/get-stream Completed in 3968ms
npm timing reifyNode:node_modules/get-port Completed in 3982ms
npm timing reifyNode:node_modules/get-package-type Completed in 3982ms
npm timing reifyNode:node_modules/lmdb Completed in 3991ms
npm timing reifyNode:node_modules/get-caller-file Completed in 4003ms
npm timing reifyNode:node_modules/generator-function Completed in 4004ms
npm timing reifyNode:node_modules/get-proto Completed in 4004ms
npm timing reifyNode:node_modules/get-iterator Completed in 4005ms
npm timing reifyNode:node_modules/gensync Completed in 4007ms
npm timing reifyNode:node_modules/get-intrinsic Completed in 4012ms
npm timing reifyNode:node_modules/find-up Completed in 4037ms
npm timing reifyNode:node_modules/fresh Completed in 4042ms
npm timing reifyNode:node_modules/forwarded Completed in 4046ms
npm timing reifyNode:node_modules/find-replace Completed in 4047ms
npm timing reifyNode:node_modules/function-bind Completed in 4050ms
npm timing reifyNode:node_modules/finalhandler Completed in 4050ms
npm timing reifyNode:node_modules/follow-redirects Completed in 4052ms
npm timing reifyNode:node_modules/gcp-metadata Completed in 4054ms
npm timing reifyNode:node_modules/iconv-lite Completed in 4056ms
npm timing reifyNode:node_modules/form-data Completed in 4056ms
npm timing reifyNode:node_modules/fdir Completed in 4068ms
npm timing reifyNode:node_modules/fb-watchman Completed in 4068ms
npm timing reifyNode:node_modules/fast-safe-stringify Completed in 4083ms
npm timing reifyNode:node_modules/fast-json-stable-stringify Completed in 4086ms
npm timing reifyNode:node_modules/external-editor Completed in 4089ms
npm timing reifyNode:node_modules/gaxios Completed in 4091ms
npm timing reifyNode:node_modules/foreground-child Completed in 4091ms
npm timing reifyNode:node_modules/google-auth-library Completed in 4093ms
npm timing reifyNode:node_modules/extend Completed in 4094ms
npm timing reifyNode:node_modules/fast-copy Completed in 4099ms
npm timing reifyNode:node_modules/expect Completed in 4118ms
npm timing reifyNode:node_modules/eventemitter3 Completed in 4123ms
npm timing reifyNode:node_modules/etag Completed in 4137ms
npm timing reifyNode:node_modules/escape-string-regexp Completed in 4140ms
npm timing reifyNode:node_modules/fast-xml-builder Completed in 4142ms
npm timing reifyNode:node_modules/express Completed in 4148ms
npm timing reifyNode:node_modules/esprima Completed in 4151ms
npm timing reifyNode:node_modules/exit-x Completed in 4159ms
npm timing reifyNode:node_modules/event-target-shim Completed in 4167ms
npm timing reifyNode:node_modules/es-set-tostringtag Completed in 4169ms
npm timing reifyNode:node_modules/escape-html Completed in 4170ms
npm timing reifyNode:node_modules/escalade Completed in 4175ms
npm warn deprecated esbuild-plugin-polyfill-node@0.3.0: Package no longer supported. Contact Support at https://www.npmjs.com/support for more info.
npm timing reifyNode:node_modules/esbuild-plugin-polyfill-node Completed in 4179ms
npm timing reifyNode:node_modules/execa Completed in 4183ms
npm timing reifyNode:node_modules/esbuild Completed in 4214ms
npm timing reifyNode:node_modules/error-ex Completed in 4219ms
npm timing reifyNode:node_modules/end-of-stream Completed in 4221ms
npm timing reifyNode:node_modules/es-define-property Completed in 4222ms
npm timing reifyNode:node_modules/err-code Completed in 4222ms
npm timing reifyNode:node_modules/encodeurl Completed in 4222ms
npm timing reifyNode:node_modules/emoji-regex Completed in 4224ms
npm timing reifyNode:node_modules/es-object-atoms Completed in 4225ms
npm timing reifyNode:node_modules/es-errors Completed in 4227ms
npm timing reifyNode:node_modules/es-module-lexer Completed in 4229ms
npm timing reifyNode:node_modules/ethereum-cryptography Completed in 4238ms
npm timing reifyNode:node_modules/ee-first Completed in 4252ms
npm timing reifyNode:node_modules/ecdsa-sig-formatter Completed in 4258ms
npm timing reifyNode:node_modules/pako Completed in 4262ms
npm timing reifyNode:node_modules/fast-xml-parser Completed in 4260ms
npm timing reifyNode:node_modules/eastasianwidth Completed in 4259ms
npm timing reifyNode:node_modules/emittery Completed in 4261ms
npm timing reifyNode:node_modules/electron-to-chromium Completed in 4263ms
npm timing reifyNode:node_modules/dns-over-http-resolver Completed in 4272ms
npm timing reifyNode:node_modules/dotenv Completed in 4274ms
npm timing reifyNode:node_modules/detect-node Completed in 4279ms
npm timing reifyNode:node_modules/depd Completed in 4289ms
npm timing reifyNode:node_modules/delegates Completed in 4290ms
npm timing reifyNode:node_modules/elliptic Completed in 4292ms
npm timing reifyNode:node_modules/hasown Completed in 4293ms
npm timing reifyNode:node_modules/detect-libc Completed in 4293ms
npm timing reifyNode:node_modules/destroy Completed in 4293ms
npm timing reifyNode:node_modules/detect-newline Completed in 4314ms
npm timing reifyNode:node_modules/delay Completed in 4314ms
npm timing reifyNode:node_modules/delayed-stream Completed in 4314ms
npm timing reifyNode:node_modules/dateformat Completed in 4315ms
npm timing reifyNode:node_modules/denque Completed in 4315ms
npm timing reifyNode:node_modules/deep-equal Completed in 4316ms
npm timing reifyNode:node_modules/deepmerge Completed in 4316ms
npm timing reifyNode:node_modules/dedent Completed in 4317ms
npm timing reifyNode:node_modules/debug Completed in 4318ms
npm timing reifyNode:node_modules/fake-indexeddb Completed in 4325ms
npm timing reifyNode:node_modules/copy-to Completed in 4343ms
npm timing reifyNode:node_modules/convert-source-map Completed in 4343ms
npm timing reifyNode:node_modules/cookie Completed in 4343ms
npm timing reifyNode:node_modules/content-type Completed in 4343ms
npm timing reifyNode:node_modules/cookie-signature Completed in 4345ms
npm timing reifyNode:node_modules/cross-spawn Completed in 4347ms
npm timing reifyNode:node_modules/compressible Completed in 4346ms
npm timing reifyNode:node_modules/content-disposition Completed in 4347ms
npm timing reifyNode:node_modules/cookies Completed in 4350ms
npm timing reifyNode:node_modules/command-line-usage Completed in 4367ms
npm timing reifyNode:node_modules/combined-stream Completed in 4371ms
npm timing reifyNode:node_modules/color-name Completed in 4372ms
npm timing reifyNode:node_modules/color-convert Completed in 4373ms
npm timing reifyNode:node_modules/co-body Completed in 4374ms
npm timing reifyNode:node_modules/cli-width Completed in 4420ms
npm timing reifyNode:node_modules/ox Completed in 4426ms
npm timing reifyNode:node_modules/co Completed in 4422ms
npm timing reifyNode:node_modules/ci-info Completed in 4423ms
npm timing reifyNode:node_modules/collect-v8-coverage Completed in 4424ms
npm timing reifyNode:node_modules/cliui Completed in 4426ms
npm timing reifyNode:node_modules/command-line-args Completed in 4426ms
npm timing reifyNode:node_modules/cjs-module-lexer Completed in 4431ms
npm timing reifyNode:node_modules/commander Completed in 4433ms
npm timing reifyNode:node_modules/callsites Completed in 4447ms
npm timing reifyNode:node_modules/colorette Completed in 4448ms
npm timing reifyNode:node_modules/chardet Completed in 4448ms
npm timing reifyNode:node_modules/chalk Completed in 4449ms
npm timing reifyNode:node_modules/datastore-core Completed in 4451ms
npm timing reifyNode:node_modules/change-case Completed in 4450ms
npm timing reifyNode:node_modules/call-bind-apply-helpers Completed in 4454ms
npm timing reifyNode:node_modules/call-bound Completed in 4456ms
npm timing reifyNode:node_modules/glob Completed in 4465ms
npm timing reifyNode:node_modules/comlink Completed in 4474ms
npm timing reifyNode:node_modules/dunder-proto Completed in 4484ms
npm timing reifyNode:node_modules/duplexify Completed in 4496ms
npm timing reifyNode:node_modules/buffer-from Completed in 4497ms
npm timing reifyNode:node_modules/camelcase Completed in 4497ms
npm timing reifyNode:node_modules/buffer-equal-constant-time Completed in 4497ms
npm timing reifyNode:node_modules/cache-content-type Completed in 4497ms
npm timing reifyNode:node_modules/bser Completed in 4529ms
npm timing reifyNode:node_modules/buffer Completed in 4532ms
npm timing reifyNode:node_modules/brorand Completed in 4532ms
npm timing reifyNode:node_modules/bytes Completed in 4532ms
npm timing reifyNode:node_modules/catering Completed in 4534ms
npm timing reifyNode:node_modules/browserslist Completed in 4536ms
npm timing reifyNode:node_modules/bufio Completed in 4544ms
npm timing reifyNode:node_modules/body-parser Completed in 4548ms
npm timing reifyNode:node_modules/bn.js Completed in 4562ms
npm timing reifyNode:node_modules/brace-expansion Completed in 4565ms
npm timing reifyNode:node_modules/babel-plugin-jest-hoist Completed in 4568ms
npm timing reifyNode:node_modules/babel-plugin-istanbul Completed in 4569ms
npm timing reifyNode:node_modules/balanced-match Completed in 4571ms
npm timing reifyNode:node_modules/babel-preset-jest Completed in 4576ms
npm timing reifyNode:node_modules/baseline-browser-mapping Completed in 4585ms
npm timing reifyNode:node_modules/atomic-sleep Completed in 4596ms
npm timing reifyNode:node_modules/bowser Completed in 4597ms
npm timing reifyNode:node_modules/bignumber.js Completed in 4608ms
npm timing reifyNode:node_modules/babel-jest Completed in 4612ms
npm timing reifyNode:node_modules/async-retry Completed in 4626ms
npm timing reifyNode:node_modules/asynckit Completed in 4632ms
npm timing reifyNode:node_modules/array-flatten Completed in 4644ms
npm timing reifyNode:node_modules/arrify Completed in 4649ms
npm timing reifyNode:node_modules/asn1js Completed in 4652ms
npm timing reifyNode:node_modules/array-back Completed in 4655ms
npm timing reifyNode:node_modules/deep-extend Completed in 4699ms
npm timing reifyNode:node_modules/argparse Completed in 4699ms
npm timing reifyNode:node_modules/ansi-styles Completed in 4699ms
npm timing reifyNode:node_modules/any-signal Completed in 4700ms
npm timing reifyNode:node_modules/ansi-regex Completed in 4706ms
npm timing reifyNode:node_modules/ansi-escapes Completed in 4711ms
npm timing reifyNode:node_modules/anymatch Completed in 4728ms
npm timing reifyNode:node_modules/accepts Completed in 4771ms
npm timing reifyNode:node_modules/agent-base Completed in 4776ms
npm timing reifyNode:node_modules/abortable-iterator Completed in 4781ms
npm warn deprecated abstract-leveldown@7.2.0: Superseded by abstract-level (https://github.com/Level/community#faq)
npm timing reifyNode:node_modules/abstract-leveldown Completed in 4799ms
npm timing reifyNode:node_modules/char-regex Completed in 4866ms
npm timing reifyNode:node_modules/base64-js Completed in 4867ms
npm timing reifyNode:node_modules/@types/wrap-ansi Completed in 4873ms
npm timing reifyNode:node_modules/abort-error Completed in 4876ms
npm timing reifyNode:node_modules/abort-controller Completed in 4877ms
npm timing reifyNode:node_modules/@ungap/structured-clone Completed in 4879ms
npm timing reifyNode:node_modules/@types/tough-cookie Completed in 4898ms
npm timing reifyNode:node_modules/anynum Completed in 4901ms
npm timing reifyNode:node_modules/@types/sinonjs__fake-timers Completed in 4919ms
npm timing reifyNode:node_modules/@types/yargs Completed in 4920ms
npm timing reifyNode:node_modules/@types/stack-utils Completed in 4941ms
npm timing reifyNode:node_modules/@types/request Completed in 4949ms
npm timing reifyNode:node_modules/@types/sinon Completed in 4949ms
npm timing reifyNode:node_modules/@types/istanbul-lib-report Completed in 4994ms
npm timing reifyNode:node_modules/@types/mute-stream Completed in 5003ms
npm timing reifyNode:node_modules/@types/istanbul-lib-coverage Completed in 5004ms
npm timing reifyNode:node_modules/@types/istanbul-reports Completed in 5023ms
npm timing reifyNode:node_modules/@types/babel__template Completed in 5048ms
npm timing reifyNode:node_modules/@types/caseless Completed in 5049ms
npm timing reifyNode:node_modules/aes-js Completed in 5109ms
npm timing reifyNode:node_modules/@types/babel__core Completed in 5110ms
npm timing reifyNode:node_modules/@types/babel__generator Completed in 5126ms
npm timing reifyNode:node_modules/@tootallnate/once Completed in 5134ms
npm timing reifyNode:node_modules/@types/babel__traverse Completed in 5161ms
npm timing reifyNode:node_modules/@types/murmurhash3js-revisited Completed in 5164ms
npm warn deprecated leveldown@6.1.1: Superseded by classic-level (https://github.com/Level/community#faq)
npm timing reifyNode:node_modules/leveldown Completed in 5200ms
npm timing reifyNode:node_modules/abitype Completed in 5204ms
npm timing reifyNode:node_modules/@smithy/signature-v4 Completed in 5209ms
npm warn deprecated @types/chalk@2.2.4: This is a stub types definition. chalk provides its own type definitions, so you do not need this installed.
npm timing reifyNode:node_modules/@types/chalk Completed in 5222ms
npm timing reifyNode:node_modules/axios Completed in 5224ms
npm timing reifyNode:node_modules/@sinonjs/fake-timers Completed in 5254ms
npm timing reifyNode:node_modules/@smithy/fetch-http-handler Completed in 5263ms
npm timing reifyNode:node_modules/@sinonjs/commons Completed in 5310ms
npm timing reifyNode:node_modules/@protobufjs/utf8 Completed in 5315ms
npm timing reifyNode:node_modules/@smithy/node-http-handler Completed in 5316ms
npm timing reifyNode:node_modules/@protobufjs/pool Completed in 5385ms
npm timing reifyNode:node_modules/@scure/bip32 Completed in 5390ms
npm timing reifyNode:node_modules/@types/yargs-parser Completed in 5392ms
npm timing reifyNode:node_modules/@protobufjs/path Completed in 5392ms
npm timing reifyNode:node_modules/@protobufjs/eventemitter Completed in 5396ms
npm timing reifyNode:node_modules/@protobufjs/float Completed in 5396ms
npm timing reifyNode:node_modules/@smithy/credential-provider-imds Completed in 5400ms
npm timing reifyNode:node_modules/@protobufjs/codegen Completed in 5401ms
npm timing reifyNode:node_modules/@protobufjs/fetch Completed in 5402ms
npm timing reifyNode:node_modules/@scure/base Completed in 5403ms
npm timing reifyNode:node_modules/bintrees Completed in 5404ms
npm timing reifyNode:node_modules/@protobufjs/base64 Completed in 5472ms
npm timing reifyNode:node_modules/@types/node Completed in 5500ms
npm timing reifyNode:node_modules/@pkgjs/parseargs Completed in 5502ms
npm timing reifyNode:node_modules/babel-preset-current-node-syntax Completed in 5505ms
npm timing reifyNode:node_modules/@sindresorhus/fnv1a Completed in 5506ms
npm timing reifyNode:node_modules/@pinojs/redact Completed in 5506ms
npm timing reifyNode:node_modules/@opentelemetry/sdk-trace-node Completed in 5507ms
npm timing reifyNode:node_modules/@unrs/resolver-binding-linux-arm64-gnu Completed in 5517ms
npm timing reifyNode:node_modules/@parcel/watcher Completed in 5556ms
npm timing reifyNode:node_modules/@pkgr/core Completed in 5561ms
npm timing reifyNode:node_modules/@scure/bip39 Completed in 5571ms
npm timing reifyNode:node_modules/@opentelemetry/propagator-jaeger Completed in 5609ms
npm timing reifyNode:node_modules/@smithy/types Completed in 5619ms
npm timing reifyNode:node_modules/caniuse-lite Completed in 5624ms
npm timing reifyNode:node_modules/@opentelemetry/context-async-hooks Completed in 5657ms
npm timing reifyNode:node_modules/@protobufjs/aspromise Completed in 5672ms
npm timing reifyNode:node_modules/@opentelemetry/resource-detector-gcp Completed in 5685ms
npm timing reifyNode:node_modules/@parcel/watcher-linux-arm64-glibc Completed in 5710ms
npm timing reifyNode:node_modules/bcrypto Completed in 5766ms
npm timing reifyNode:node_modules/@nodable/entities Completed in 5778ms
npm timing reifyNode:node_modules/@opentelemetry/host-metrics Completed in 5831ms
npm timing reifyNode:node_modules/@opentelemetry/propagator-b3 Completed in 5919ms
npm timing reifyNode:node_modules/@opentelemetry/exporter-trace-otlp-http Completed in 5942ms
npm timing reifyNode:node_modules/@msgpackr-extract/msgpackr-extract-linux-arm64 Completed in 5945ms
npm timing reifyNode:node_modules/@noble/ciphers Completed in 5998ms
npm timing reifyNode:node_modules/@opentelemetry/exporter-metrics-otlp-http Completed in 6029ms
npm timing reifyNode:node_modules/@noble/hashes Completed in 6034ms
npm timing reifyNode:node_modules/@opentelemetry/exporter-logs-otlp-http Completed in 6070ms
npm timing reifyNode:node_modules/@nethermindeth/enr Completed in 6071ms
npm timing reifyNode:node_modules/@multiformats/multiaddr-matcher Completed in 6088ms
npm timing reifyNode:node_modules/@napi-rs/snappy-linux-arm64-gnu Completed in 6161ms
npm timing reifyNode:node_modules/@napi-rs/snappy-linux-arm64-musl Completed in 6162ms
npm timing reifyNode:node_modules/@multiformats/mafmt Completed in 6172ms
npm timing reifyNode:node_modules/@noble/curves Completed in 6250ms
npm timing reifyNode:node_modules/@opentelemetry/sdk-logs Completed in 6273ms
npm timing reifyNode:node_modules/@opentelemetry/api-logs Completed in 6275ms
npm timing reifyNode:node_modules/@multiformats/dns Completed in 6282ms
npm timing reifyNode:node_modules/@libp2p/tcp Completed in 6331ms
npm timing reifyNode:node_modules/@multiformats/multiaddr Completed in 6344ms
npm timing reifyNode:node_modules/@libp2p/logger Completed in 6391ms
npm timing reifyNode:node_modules/@opentelemetry/otlp-exporter-base Completed in 6395ms
npm timing reifyNode:node_modules/@libp2p/multistream-select Completed in 6411ms
npm timing reifyNode:node_modules/@libp2p/pubsub Completed in 6461ms
npm timing reifyNode:node_modules/@koa/cors Completed in 6472ms
npm timing reifyNode:node_modules/@leichtgewicht/ip-codec Completed in 6476ms
npm timing reifyNode:node_modules/@libp2p/peer-id Completed in 6477ms
npm timing reifyNode:node_modules/@libp2p/prometheus-metrics Completed in 6479ms
npm timing reifyNode:node_modules/@opentelemetry/sdk-trace-base Completed in 6486ms
npm timing reifyNode:node_modules/@libp2p/peer-collections Completed in 6506ms
npm timing reifyNode:node_modules/@jridgewell/resolve-uri Completed in 6531ms
npm timing reifyNode:node_modules/@libp2p/peer-record Completed in 6548ms
npm timing reifyNode:node_modules/@jridgewell/sourcemap-codec Completed in 6549ms
npm timing reifyNode:node_modules/@jest/types Completed in 6589ms
npm timing reifyNode:node_modules/@nethermindeth/discv5 Completed in 6594ms
npm timing reifyNode:node_modules/@jridgewell/trace-mapping Completed in 6604ms
npm timing reifyNode:node_modules/@opentelemetry/semantic-conventions Completed in 6606ms
npm timing reifyNode:node_modules/@jest/test-sequencer Completed in 6613ms
npm timing reifyNode:node_modules/@jridgewell/remapping Completed in 6615ms
npm timing reifyNode:node_modules/@jest/test-result Completed in 6616ms
npm timing reifyNode:node_modules/@jest/source-map Completed in 6620ms
npm timing reifyNode:node_modules/@jridgewell/gen-mapping Completed in 6628ms
npm timing reifyNode:node_modules/@jest/transform Completed in 6633ms
npm timing reifyNode:node_modules/@libp2p/bootstrap Completed in 6645ms
npm timing reifyNode:node_modules/@libp2p/interface-internal Completed in 6647ms
npm timing reifyNode:node_modules/@jest/react-is-18 Completed in 6649ms
npm timing reifyNode:node_modules/@jest/schemas Completed in 6664ms
npm timing reifyNode:node_modules/@jest/snapshot-utils Completed in 6669ms
npm timing reifyNode:node_modules/@jest/reporters Completed in 6670ms
npm warn deprecated @libp2p/mplex@10.0.16: Mplex has no flow control - please use @chainsafe/libp2p-yamux instead
npm timing reifyNode:node_modules/@libp2p/mplex Completed in 6690ms
npm timing reifyNode:node_modules/@jest/react-is-19 Completed in 6696ms
npm timing reifyNode:node_modules/@libp2p/peer-store Completed in 6717ms
npm timing reifyNode:node_modules/@jest/console Completed in 6719ms
npm timing reifyNode:node_modules/@jest/expect Completed in 6719ms
npm timing reifyNode:node_modules/@jest/environment Completed in 6722ms
npm timing reifyNode:node_modules/@jest/diff-sequences Completed in 6723ms
npm timing reifyNode:node_modules/@libp2p/utils Completed in 6727ms
npm timing reifyNode:node_modules/@jest/fake-timers Completed in 6733ms
npm timing reifyNode:node_modules/@jest/get-type Completed in 6733ms
npm timing reifyNode:node_modules/@jest/expect-utils Completed in 6734ms
npm timing reifyNode:node_modules/@jest/pattern Completed in 6739ms
npm timing reifyNode:node_modules/@libp2p/identify Completed in 6758ms
npm timing reifyNode:node_modules/@istanbuljs/schema Completed in 6762ms
npm timing reifyNode:node_modules/@istanbuljs/load-nyc-config Completed in 6770ms
npm timing reifyNode:node_modules/@inquirer/search Completed in 6778ms
npm timing reifyNode:node_modules/@inquirer/select Completed in 6780ms
npm timing reifyNode:node_modules/@inquirer/password Completed in 6781ms
npm timing reifyNode:node_modules/@inquirer/rawlist Completed in 6790ms
npm timing reifyNode:node_modules/@jest/core Completed in 6804ms
npm timing reifyNode:node_modules/@inquirer/type Completed in 6804ms
npm timing reifyNode:node_modules/@inquirer/editor Completed in 6830ms
npm timing reifyNode:node_modules/@inquirer/input Completed in 6837ms
npm timing reifyNode:node_modules/@inquirer/confirm Completed in 6840ms
npm timing reifyNode:node_modules/@inquirer/number Completed in 6840ms
npm timing reifyNode:node_modules/@inquirer/expand Completed in 6840ms
npm timing reifyNode:node_modules/@inquirer/figures Completed in 6841ms
npm timing reifyNode:node_modules/@jest/globals Completed in 6882ms
npm timing reifyNode:node_modules/@hapi/bourne Completed in 6911ms
npm timing reifyNode:node_modules/@harperfast/extended-iterable Completed in 6912ms
npm timing reifyNode:node_modules/@inquirer/checkbox Completed in 6915ms
npm timing reifyNode:node_modules/@google-cloud/promisify Completed in 6920ms
npm timing reifyNode:node_modules/@libp2p/interface Completed in 6923ms
npm timing reifyNode:node_modules/@google-cloud/projectify Completed in 6925ms
npm timing reifyNode:node_modules/@iarna/toml Completed in 6929ms
npm timing reifyNode:node_modules/@isaacs/cliui Completed in 6941ms
npm timing reifyNode:node_modules/@google-cloud/paginator Completed in 6941ms
npm timing reifyNode:node_modules/@inquirer/prompts Completed in 6942ms
npm timing reifyNode:node_modules/@ethersproject/transactions Completed in 7020ms
npm timing reifyNode:node_modules/@ethersproject/wallet Completed in 7029ms
npm timing reifyNode:node_modules/@ethersproject/signing-key Completed in 7029ms
npm timing reifyNode:node_modules/@opentelemetry/resources Completed in 7032ms
npm timing reifyNode:node_modules/@ethersproject/strings Completed in 7032ms
npm timing reifyNode:node_modules/@libp2p/crypto Completed in 7037ms
npm timing reifyNode:node_modules/@ethersproject/pbkdf2 Completed in 7038ms
npm timing reifyNode:node_modules/@ethersproject/properties Completed in 7040ms
npm timing reifyNode:node_modules/@ethersproject/sha2 Completed in 7046ms
npm timing reifyNode:node_modules/@ethersproject/networks Completed in 7078ms
npm timing reifyNode:node_modules/@ethersproject/random Completed in 7081ms
npm timing reifyNode:node_modules/@inquirer/core Completed in 7116ms
npm timing reifyNode:node_modules/@ethersproject/json-wallets Completed in 7123ms
npm timing reifyNode:node_modules/@ethersproject/web Completed in 7134ms
npm timing reifyNode:node_modules/@ethersproject/basex Completed in 7153ms
npm timing reifyNode:node_modules/@ethersproject/bytes Completed in 7155ms
npm timing reifyNode:node_modules/@ethersproject/address Completed in 7165ms
npm timing reifyNode:node_modules/@ethersproject/rlp Completed in 7171ms
npm timing reifyNode:node_modules/@ethersproject/constants Completed in 7172ms
npm timing reifyNode:node_modules/@ethersproject/abstract-signer Completed in 7172ms
npm timing reifyNode:node_modules/rxjs Completed in 7191ms
npm timing reifyNode:node_modules/@opentelemetry/sdk-metrics Completed in 7187ms
npm timing reifyNode:node_modules/@ethersproject/base64 Completed in 7186ms
npm timing reifyNode:node_modules/@ethersproject/wordlists Completed in 7203ms
npm timing reifyNode:node_modules/@dnsquery/dns-packet Completed in 7223ms
npm timing reifyNode:node_modules/@ethersproject/hdnode Completed in 7235ms
npm timing reifyNode:node_modules/@ethersproject/keccak256 Completed in 7237ms
npm timing reifyNode:node_modules/@ethersproject/hash Completed in 7246ms
npm timing reifyNode:node_modules/@ethersproject/logger Completed in 7249ms
npm timing reifyNode:node_modules/@google-cloud/storage Completed in 7251ms
npm timing reifyNode:node_modules/@libp2p/peer-id-factory Completed in 7257ms
npm timing reifyNode:node_modules/@opentelemetry/core Completed in 7275ms
npm timing reifyNode:node_modules/@chainsafe/netmask Completed in 7291ms
npm timing reifyNode:node_modules/@babel/plugin-syntax-typescript Completed in 7299ms
npm timing reifyNode:node_modules/@ethersproject/bignumber Completed in 7308ms
npm timing reifyNode:node_modules/@ethersproject/abstract-provider Completed in 7313ms
npm timing reifyNode:node_modules/@babel/plugin-syntax-top-level-await Completed in 7323ms
npm timing reifyNode:node_modules/@babel/template Completed in 7352ms
npm timing reifyNode:node_modules/@babel/plugin-syntax-optional-chaining Completed in 7365ms
npm timing reifyNode:node_modules/@babel/plugin-syntax-private-property-in-object Completed in 7365ms
npm timing reifyNode:node_modules/@babel/plugin-syntax-object-rest-spread Completed in 7380ms
npm timing reifyNode:node_modules/@babel/plugin-syntax-numeric-separator Completed in 7383ms
npm timing reifyNode:node_modules/@chainsafe/as-chacha20poly1305 Completed in 7419ms
npm timing reifyNode:node_modules/@babel/plugin-syntax-nullish-coalescing-operator Completed in 7429ms
npm timing reifyNode:node_modules/@babel/plugin-syntax-optional-catch-binding Completed in 7437ms
npm timing reifyNode:node_modules/@babel/plugin-syntax-json-strings Completed in 7440ms
npm timing reifyNode:node_modules/@chainsafe/is-ip Completed in 7444ms
npm timing reifyNode:node_modules/@babel/plugin-syntax-logical-assignment-operators Completed in 7447ms
npm timing reifyNode:node_modules/@jspm/core Completed in 7456ms
npm timing reifyNode:node_modules/@babel/plugin-syntax-import-attributes Completed in 7469ms
npm timing reifyNode:node_modules/@babel/plugin-syntax-import-meta Completed in 7470ms
npm timing reifyNode:node_modules/@crate-crypto/node-eth-kzg Completed in 7471ms
npm timing reifyNode:node_modules/@babel/plugin-syntax-async-generators Completed in 7474ms
npm timing reifyNode:node_modules/@babel/plugin-syntax-class-static-block Completed in 7474ms
npm timing reifyNode:node_modules/@chainsafe/as-sha256 Completed in 7488ms
npm timing reifyNode:node_modules/@babel/helper-string-parser Completed in 7504ms
npm timing reifyNode:node_modules/@babel/helper-plugin-utils Completed in 7506ms
npm timing reifyNode:node_modules/@babel/helper-validator-option Completed in 7507ms
npm timing reifyNode:node_modules/@babel/helper-validator-identifier Completed in 7517ms
npm timing reifyNode:node_modules/@bcoe/v8-coverage Completed in 7521ms
npm timing reifyNode:node_modules/@chainsafe/libp2p-yamux Completed in 7523ms
npm timing reifyNode:node_modules/@babel/helper-module-imports Completed in 7530ms
npm timing reifyNode:node_modules/@babel/helper-globals Completed in 7554ms
npm timing reifyNode:node_modules/@babel/traverse Completed in 7559ms
npm timing reifyNode:node_modules/@babel/code-frame Completed in 7560ms
npm timing reifyNode:node_modules/@babel/compat-data Completed in 7569ms
npm timing reifyNode:node_modules/@babel/plugin-syntax-jsx Completed in 7668ms
npm timing reifyNode:node_modules/@babel/helper-compilation-targets Completed in 7679ms
npm timing reifyNode:node_modules/@babel/parser Completed in 7687ms
npm timing reifyNode:node_modules/@opentelemetry/otlp-transformer Completed in 7692ms
npm timing reifyNode:node_modules/@chainsafe/libp2p-noise Completed in 7741ms
npm timing reifyNode:node_modules/@babel/generator Completed in 7744ms
npm timing reifyNode:node_modules/@opentelemetry/api Completed in 7756ms
npm timing reifyNode:node_modules/ethers Completed in 7842ms
npm timing reifyNode:node_modules/@babel/types Completed in 7839ms
npm timing reifyNode:node_modules/@babel/core Completed in 7856ms
npm timing reifyNode:node_modules/@aztec/wallets Completed in 7907ms
npm timing reifyNode:node_modules/@aztec/world-state Completed in 7941ms
npm timing reifyNode:node_modules/@aztec/validator-client Completed in 7949ms
npm timing reifyNode:node_modules/@babel/helpers Completed in 7970ms
npm timing reifyNode:node_modules/@aztec/wallet-sdk Completed in 7974ms
npm timing reifyNode:node_modules/@chainsafe/libp2p-gossipsub Completed in 7976ms
npm timing reifyNode:node_modules/@aztec/telemetry-client Completed in 8010ms
npm timing reifyNode:node_modules/@sinclair/typebox Completed in 8363ms
npm timing reifyNode:node_modules/@aztec/prover-node Completed in 8425ms
npm timing reifyNode:node_modules/@aztec/p2p-bootstrap Completed in 8439ms
npm timing reifyNode:node_modules/@lmdb/lmdb-linux-arm64 Completed in 8485ms
npm timing reifyNode:node_modules/@aztec/sequencer-client Completed in 8596ms
npm timing reifyNode:node_modules/@aztec/prover-client Completed in 8694ms
npm timing reifyNode:node_modules/@crate-crypto/node-eth-kzg-linux-arm64-gnu Completed in 8710ms
npm timing reifyNode:node_modules/@aztec/noir-types Completed in 8712ms
npm timing reifyNode:node_modules/@aztec/sqlite3mc-wasm Completed in 8778ms
npm timing reifyNode:node_modules/@smithy/core Completed in 8797ms
npm timing reifyNode:node_modules/@aztec/simulator Completed in 8824ms
npm timing reifyNode:node_modules/@aztec/protocol-contracts Completed in 8887ms
npm timing reifyNode:node_modules/@aztec/noir-noir_codegen Completed in 9037ms
npm timing reifyNode:node_modules/@aztec/node-lib Completed in 9064ms
npm timing reifyNode:node_modules/@aztec/p2p Completed in 9088ms
npm timing reifyNode:node_modules/@aztec/node-keystore Completed in 9099ms
npm timing reifyNode:node_modules/@aztec/pxe Completed in 9109ms
npm timing reifyNode:node_modules/@aztec/native Completed in 9133ms
npm timing reifyNode:node_modules/@aztec/stdlib Completed in 9134ms
npm timing reifyNode:node_modules/@aztec/noir-noirc_abi Completed in 9159ms
npm timing reifyNode:node_modules/@aztec/epoch-cache Completed in 9355ms
npm timing reifyNode:node_modules/@aztec/key-store Completed in 9406ms
npm timing reifyNode:node_modules/@esbuild/linux-arm64 Completed in 9474ms
npm timing reifyNode:node_modules/@babel/helper-module-transforms Completed in 9475ms
npm timing reifyNode:node_modules/@aztec/kv-store Completed in 9520ms
npm timing reifyNode:node_modules/@aztec/entrypoints Completed in 9585ms
npm timing reifyNode:node_modules/@aztec/slasher Completed in 9664ms
npm timing reifyNode:node_modules/@aztec/constants Completed in 9680ms
npm timing reifyNode:node_modules/@aztec/cli Completed in 9861ms
npm timing reifyNode:node_modules/@aztec/bot Completed in 9888ms
npm timing reifyNode:node_modules/@aztec/cli-wallet Completed in 9898ms
npm timing reifyNode:node_modules/@aztec/builder Completed in 9965ms
npm timing reifyNode:node_modules/@aztec/foundation Completed in 9982ms
npm timing reifyNode:node_modules/@aztec/ethereum Completed in 10110ms
npm timing reifyNode:node_modules/@aztec/blob-client Completed in 10229ms
npm timing reifyNode:node_modules/@aztec/bb-prover Completed in 10239ms
npm timing reifyNode:node_modules/@aztec/blob-lib Completed in 10301ms
npm timing reifyNode:node_modules/@aws-sdk/xml-builder Completed in 10379ms
npm timing reifyNode:node_modules/@aztec/validator-ha-signer Completed in 10413ms
npm timing reifyNode:node_modules/@aztec/aztec-node Completed in 10417ms
npm timing reifyNode:node_modules/@aws/lambda-invoke-store Completed in 10421ms
npm timing reifyNode:node_modules/@aztec/standard-contracts Completed in 10474ms
npm timing reifyNode:node_modules/@aws-sdk/signature-v4-multi-region Completed in 10486ms
npm timing reifyNode:node_modules/@aws-sdk/token-providers Completed in 10535ms
npm timing reifyNode:node_modules/@aws-sdk/credential-provider-web-identity Completed in 10617ms
npm timing reifyNode:node_modules/@aws-sdk/types Completed in 10697ms
npm timing reifyNode:node_modules/@aztec/aztec.js Completed in 10734ms
npm timing reifyNode:node_modules/@aws-sdk/credential-provider-login Completed in 10748ms
npm timing reifyNode:node_modules/@aws-sdk/credential-provider-process Completed in 10763ms
npm timing reifyNode:node_modules/@aws-sdk/credential-provider-node Completed in 10777ms
npm timing reifyNode:node_modules/@aws-sdk/credential-provider-http Completed in 10841ms
npm timing reifyNode:node_modules/@aws-sdk/credential-provider-env Completed in 10877ms
npm timing reifyNode:node_modules/@aztec/archiver Completed in 10898ms
npm timing reifyNode:node_modules/@aws-sdk/credential-provider-ini Completed in 10939ms
npm timing reifyNode:node_modules/@aws-sdk/nested-clients Completed in 10978ms
npm timing reifyNode:node_modules/@babel/plugin-syntax-class-properties Completed in 11048ms
npm timing reifyNode:node_modules/@aws-sdk/middleware-sdk-s3 Completed in 11098ms
npm timing reifyNode:node_modules/write-file-atomic/node_modules/signal-exit Completed in 11145ms
npm timing reifyNode:node_modules/@aws-sdk/checksums Completed in 11146ms
npm timing reifyNode:node_modules/weald/node_modules/supports-color Completed in 11198ms
npm timing reifyNode:node_modules/wordwrapjs/node_modules/typical Completed in 11212ms
npm timing reifyNode:node_modules/@aws-sdk/core Completed in 11388ms
npm timing reifyNode:node_modules/viem/node_modules/@scure/bip39 Completed in 11460ms
npm timing reifyNode:node_modules/weald/node_modules/ms Completed in 11479ms
npm timing reifyNode:node_modules/@adraffy/ens-normalize Completed in 11475ms
npm timing reifyNode:node_modules/test-exclude/node_modules/wrap-ansi Completed in 11489ms
npm timing reifyNode:node_modules/@aztec/txe Completed in 11490ms
npm timing reifyNode:node_modules/test-exclude/node_modules/string-width Completed in 11509ms
npm timing reifyNode:node_modules/@aws-sdk/credential-provider-sso Completed in 11507ms
npm timing reifyNode:node_modules/test-exclude/node_modules/emoji-regex Completed in 11555ms
npm timing reifyNode:node_modules/test-exclude/node_modules/brace-expansion Completed in 11621ms
npm warn deprecated glob@10.5.0: Old versions of glob are not supported, and contain widely publicized security vulnerabilities, which have been fixed in the current version. Please update. Support for old versions may be purchased (at exorbitant rates) by contacting i@izs.me
npm timing reifyNode:node_modules/test-exclude/node_modules/glob Completed in 11644ms
npm timing reifyNode:node_modules/test-exclude/node_modules/balanced-match Completed in 11659ms
npm timing reifyNode:node_modules/viem Completed in 11706ms
npm timing reifyNode:node_modules/test-exclude/node_modules/ansi-regex Completed in 11730ms
npm timing reifyNode:node_modules/test-exclude/node_modules/glob/node_modules/minimatch Completed in 11736ms
npm timing reifyNode:node_modules/@aztec/aztec Completed in 11740ms
npm timing reifyNode:node_modules/test-exclude/node_modules/path-scurry Completed in 11760ms
npm timing reifyNode:node_modules/test-exclude/node_modules/jackspeak Completed in 11765ms
npm timing reifyNode:node_modules/@aws-sdk/client-s3 Completed in 11771ms
npm timing reifyNode:node_modules/test-exclude/node_modules/ansi-styles Completed in 11788ms
npm timing reifyNode:node_modules/table-layout/node_modules/typical Completed in 11787ms
npm timing reifyNode:node_modules/viem/node_modules/@noble/curves Completed in 11796ms
npm timing reifyNode:node_modules/test-exclude/node_modules/@isaacs/cliui Completed in 11810ms
npm timing reifyNode:node_modules/table-layout/node_modules/array-back Completed in 11815ms
npm timing reifyNode:node_modules/send/node_modules/http-errors Completed in 11818ms
npm timing reifyNode:node_modules/send/node_modules/statuses Completed in 11818ms
npm timing reifyNode:node_modules/send/node_modules/encodeurl Completed in 11827ms
npm timing reifyNode:node_modules/send/node_modules/debug Completed in 11836ms
npm timing reifyNode:node_modules/test-exclude/node_modules/strip-ansi Completed in 11851ms
npm timing reifyNode:node_modules/send/node_modules/debug/node_modules/ms Completed in 11850ms
npm timing reifyNode:node_modules/raw-body/node_modules/http-errors Completed in 11853ms
npm timing reifyNode:node_modules/pino-pretty/node_modules/strip-json-comments Completed in 11852ms
npm timing reifyNode:node_modules/raw-body/node_modules/statuses Completed in 11856ms
npm timing reifyNode:node_modules/p-locate/node_modules/p-limit Completed in 11889ms
npm timing reifyNode:node_modules/pretty-format/node_modules/ansi-styles Completed in 11889ms
npm timing reifyNode:node_modules/pino-pretty/node_modules/pino-abstract-transport Completed in 11892ms
npm timing reifyNode:node_modules/lmdb/node_modules/node-addon-api Completed in 12008ms
npm warn deprecated glob@11.1.0: Old versions of glob are not supported, and contain widely publicized security vulnerabilities, which have been fixed in the current version. Please update. Support for old versions may be purchased (at exorbitant rates) by contacting i@izs.me
npm timing reifyNode:node_modules/node-pg-migrate/node_modules/glob Completed in 12032ms
npm timing reifyNode:node_modules/mime-types/node_modules/mime-db Completed in 12171ms
npm timing reifyNode:node_modules/send/node_modules/mime Completed in 12173ms
npm timing reifyNode:node_modules/ox/node_modules/@noble/curves Completed in 12230ms
npm timing reifyNode:node_modules/ox/node_modules/@scure/bip39 Completed in 12233ms
npm timing reifyNode:node_modules/libp2p/node_modules/@libp2p/peer-id-factory Completed in 12304ms
npm timing reifyNode:node_modules/libp2p/node_modules/@libp2p/peer-store Completed in 12319ms
npm timing reifyNode:node_modules/libp2p/node_modules/@multiformats/multiaddr Completed in 12338ms
npm timing reifyNode:node_modules/koa-compress/node_modules/statuses Completed in 12355ms
npm timing reifyNode:node_modules/koa-router/node_modules/statuses Completed in 12360ms
npm timing reifyNode:node_modules/koa-compress/node_modules/negotiator Completed in 12396ms
npm timing reifyNode:node_modules/@aztec/noir-acvm_js Completed in 12396ms
npm timing reifyNode:node_modules/koa-router/node_modules/http-errors Completed in 12433ms
npm timing reifyNode:node_modules/koa-compress/node_modules/http-errors Completed in 12446ms
npm timing reifyNode:node_modules/jest-worker/node_modules/supports-color Completed in 12446ms
npm timing reifyNode:node_modules/koa-compress/node_modules/content-type Completed in 12449ms
npm timing reifyNode:node_modules/jest-validate/node_modules/camelcase Completed in 12454ms
npm timing reifyNode:node_modules/it-queue/node_modules/race-signal Completed in 12476ms
npm timing reifyNode:node_modules/libp2p/node_modules/@libp2p/peer-id Completed in 12528ms
npm timing reifyNode:node_modules/http-errors/node_modules/depd Completed in 12552ms
npm timing reifyNode:node_modules/gaxios/node_modules/https-proxy-agent Completed in 12552ms
npm timing reifyNode:node_modules/it-merge/node_modules/race-signal Completed in 12554ms
npm timing reifyNode:node_modules/it-merge/node_modules/it-queueless-pushable Completed in 12554ms
npm timing reifyNode:node_modules/interface-datastore/node_modules/interface-store Completed in 12557ms
npm timing reifyNode:node_modules/gaxios/node_modules/agent-base Completed in 12575ms
npm timing reifyNode:node_modules/libp2p/node_modules/@libp2p/crypto Completed in 12624ms
npm timing reifyNode:node_modules/finalhandler/node_modules/encodeurl Completed in 12646ms
npm timing reifyNode:node_modules/express/node_modules/statuses Completed in 12656ms
npm timing reifyNode:node_modules/finalhandler/node_modules/statuses Completed in 12657ms
npm timing reifyNode:node_modules/express/node_modules/path-to-regexp Completed in 12658ms
npm timing reifyNode:node_modules/finalhandler/node_modules/debug Completed in 12669ms
npm timing reifyNode:node_modules/foreground-child/node_modules/signal-exit Completed in 12677ms
npm timing reifyNode:node_modules/express/node_modules/ms Completed in 12712ms
npm timing reifyNode:node_modules/libp2p/node_modules/@libp2p/interface Completed in 12724ms
npm timing reifyNode:node_modules/express/node_modules/http-errors Completed in 12727ms
npm timing reifyNode:node_modules/ethers/node_modules/tslib Completed in 12779ms
npm timing reifyNode:node_modules/express/node_modules/debug Completed in 12817ms
npm timing reifyNode:node_modules/finalhandler/node_modules/ms Completed in 12956ms
npm timing reifyNode:node_modules/express/node_modules/encodeurl Completed in 12985ms
npm timing reifyNode:node_modules/ethers/node_modules/@noble/hashes Completed in 12997ms
npm timing reifyNode:node_modules/serve-static/node_modules/encodeurl Completed in 13017ms
npm timing reifyNode:node_modules/command-line-usage/node_modules/supports-color Completed in 13056ms
npm timing reifyNode:node_modules/elliptic/node_modules/bn.js Completed in 13081ms
npm timing reifyNode:node_modules/ethereum-cryptography/node_modules/@scure/bip39 Completed in 13091ms
npm timing reifyNode:node_modules/ethereum-cryptography/node_modules/@scure/base Completed in 13092ms
npm timing reifyNode:node_modules/command-line-usage/node_modules/typical Completed in 13111ms
npm timing reifyNode:node_modules/command-line-usage/node_modules/escape-string-regexp Completed in 13116ms
npm timing reifyNode:node_modules/command-line-usage/node_modules/has-flag Completed in 13116ms
npm timing reifyNode:node_modules/command-line-usage/node_modules/color-convert Completed in 13126ms
npm timing reifyNode:node_modules/ethereum-cryptography/node_modules/@scure/bip32 Completed in 13131ms
npm timing reifyNode:node_modules/command-line-usage/node_modules/array-back Completed in 13142ms
npm timing reifyNode:node_modules/command-line-usage/node_modules/color-name Completed in 13143ms
npm timing reifyNode:node_modules/body-parser/node_modules/statuses Completed in 13154ms
npm timing reifyNode:node_modules/ethereum-cryptography/node_modules/@noble/hashes Completed in 13157ms
npm timing reifyNode:node_modules/command-line-usage/node_modules/chalk Completed in 13157ms
npm timing reifyNode:node_modules/@babel/plugin-syntax-bigint Completed in 13164ms
npm timing reifyNode:node_modules/ethereum-cryptography/node_modules/@noble/curves Completed in 13199ms
npm timing reifyNode:node_modules/body-parser/node_modules/http-errors Completed in 13217ms
npm timing reifyNode:node_modules/body-parser/node_modules/ms Completed in 13218ms
npm timing reifyNode:node_modules/command-line-usage/node_modules/ansi-styles Completed in 13218ms
npm timing reifyNode:node_modules/ethers/node_modules/@noble/curves Completed in 13226ms
npm timing reifyNode:node_modules/body-parser/node_modules/debug Completed in 13228ms
npm timing reifyNode:node_modules/anymatch/node_modules/picomatch Completed in 13242ms
npm timing reifyNode:node_modules/@types/request/node_modules/form-data Completed in 13245ms
npm timing reifyNode:node_modules/@opentelemetry/sdk-trace-node/node_modules/@opentelemetry/sdk-trace-base Completed in 13520ms
npm timing reifyNode:node_modules/@scure/bip39/node_modules/@noble/hashes Completed in 13559ms
npm timing reifyNode:node_modules/@scure/bip32/node_modules/@noble/curves Completed in 13672ms
npm timing reifyNode:node_modules/@aztec/accounts Completed in 13748ms
npm timing reifyNode:node_modules/@opentelemetry/sdk-logs/node_modules/@opentelemetry/core Completed in 13799ms
npm timing reifyNode:node_modules/@opentelemetry/propagator-jaeger/node_modules/@opentelemetry/core Completed in 14109ms
npm timing reifyNode:node_modules/@opentelemetry/sdk-logs/node_modules/@opentelemetry/resources Completed in 14310ms
npm timing reifyNode:node_modules/path-scurry/node_modules/lru-cache Completed in 14384ms
npm timing reifyNode:node_modules/@opentelemetry/sdk-trace-base/node_modules/@opentelemetry/core Completed in 14426ms
npm timing reifyNode:node_modules/@opentelemetry/otlp-exporter-base/node_modules/@opentelemetry/semantic-conventions Completed in 14451ms
npm timing reifyNode:node_modules/@multiformats/dns/node_modules/uint8-varint Completed in 14456ms
npm timing reifyNode:node_modules/@opentelemetry/sdk-trace-base/node_modules/@opentelemetry/semantic-conventions Completed in 14593ms
npm timing reifyNode:node_modules/@opentelemetry/sdk-trace-node/node_modules/@opentelemetry/semantic-conventions Completed in 14602ms
npm timing reifyNode:node_modules/@multiformats/dns/node_modules/uint8arrays Completed in 14612ms
npm timing reifyNode:node_modules/@multiformats/dns/node_modules/p-queue Completed in 14621ms
npm timing reifyNode:node_modules/@multiformats/dns/node_modules/p-timeout Completed in 14647ms
npm timing reifyNode:node_modules/@multiformats/dns/node_modules/uint8arraylist Completed in 14709ms
npm timing reifyNode:node_modules/@multiformats/dns/node_modules/eventemitter3 Completed in 14715ms
npm timing reifyNode:node_modules/@opentelemetry/otlp-transformer/node_modules/@opentelemetry/core Completed in 14798ms
npm timing reifyNode:node_modules/@noble/curves/node_modules/@noble/hashes Completed in 14859ms
npm timing reifyNode:node_modules/@multiformats/dns/node_modules/@multiformats/multiaddr Completed in 14948ms
npm timing reifyNode:node_modules/@opentelemetry/sdk-trace-base/node_modules/@opentelemetry/resources Completed in 15030ms
npm timing reifyNode:node_modules/@libp2p/utils/node_modules/@libp2p/interface Completed in 15148ms
npm timing reifyNode:node_modules/@libp2p/utils/node_modules/@multiformats/multiaddr Completed in 15149ms
npm timing reifyNode:node_modules/@multiformats/dns/node_modules/@libp2p/interface Completed in 15158ms
npm timing reifyNode:node_modules/@opentelemetry/otlp-exporter-base/node_modules/@opentelemetry/core Completed in 15167ms
npm timing reifyNode:node_modules/@opentelemetry/otlp-transformer/node_modules/@opentelemetry/resources Completed in 15271ms
npm timing reifyNode:node_modules/@opentelemetry/exporter-trace-otlp-http/node_modules/@opentelemetry/core Completed in 15312ms
npm timing reifyNode:node_modules/@opentelemetry/otlp-transformer/node_modules/@opentelemetry/sdk-metrics Completed in 15326ms
npm timing reifyNode:node_modules/@opentelemetry/exporter-trace-otlp-http/node_modules/@opentelemetry/resources Completed in 15352ms
npm timing reifyNode:node_modules/@opentelemetry/exporter-metrics-otlp-http/node_modules/@opentelemetry/semantic-conventions Completed in 15353ms
npm timing reifyNode:node_modules/@libp2p/pubsub/node_modules/@multiformats/multiaddr Completed in 15385ms
npm timing reifyNode:node_modules/@multiformats/dns/node_modules/multiformats Completed in 15449ms
npm timing reifyNode:node_modules/@opentelemetry/exporter-metrics-otlp-http/node_modules/@opentelemetry/sdk-metrics Completed in 15453ms
npm timing reifyNode:node_modules/@opentelemetry/exporter-metrics-otlp-http/node_modules/@opentelemetry/core Completed in 15479ms
npm timing reifyNode:node_modules/@opentelemetry/exporter-metrics-otlp-http/node_modules/@opentelemetry/resources Completed in 15492ms
npm timing reifyNode:node_modules/@opentelemetry/exporter-logs-otlp-http/node_modules/@opentelemetry/core Completed in 15499ms
npm timing reifyNode:node_modules/@opentelemetry/sdk-logs/node_modules/@opentelemetry/semantic-conventions Completed in 15574ms
npm timing reifyNode:node_modules/@libp2p/pubsub/node_modules/@libp2p/interface Completed in 15603ms
npm timing reifyNode:node_modules/@opentelemetry/resources/node_modules/@opentelemetry/semantic-conventions Completed in 15605ms
npm timing reifyNode:node_modules/@opentelemetry/core/node_modules/@opentelemetry/semantic-conventions Completed in 15613ms
npm timing reifyNode:node_modules/@opentelemetry/otlp-transformer/node_modules/@opentelemetry/semantic-conventions Completed in 15657ms
npm timing reifyNode:node_modules/@libp2p/peer-store/node_modules/@libp2p/peer-id Completed in 15688ms
npm timing reifyNode:node_modules/@libp2p/pubsub/node_modules/@libp2p/peer-id Completed in 15707ms
npm timing reifyNode:node_modules/@libp2p/peer-store/node_modules/@multiformats/multiaddr Completed in 15742ms
npm timing reifyNode:node_modules/@libp2p/peer-record/node_modules/@libp2p/peer-id Completed in 15746ms
npm timing reifyNode:node_modules/@libp2p/pubsub/node_modules/@libp2p/crypto Completed in 15760ms
npm timing reifyNode:node_modules/@libp2p/prometheus-metrics/node_modules/@multiformats/multiaddr Completed in 15764ms
npm timing reifyNode:node_modules/@libp2p/prometheus-metrics/node_modules/@libp2p/interface Completed in 15810ms
npm timing reifyNode:node_modules/@libp2p/peer-id-factory/node_modules/uint8arrays Completed in 15833ms
npm timing reifyNode:node_modules/@libp2p/peer-store/node_modules/@libp2p/interface Completed in 15853ms
npm timing reifyNode:node_modules/@libp2p/peer-record/node_modules/@libp2p/crypto Completed in 15921ms
npm timing reifyNode:node_modules/@libp2p/peer-record/node_modules/@libp2p/interface Completed in 15936ms
npm timing reifyNode:node_modules/@libp2p/utils/node_modules/@libp2p/crypto Completed in 15946ms
npm timing reifyNode:node_modules/@libp2p/peer-id-factory/node_modules/multiformats Completed in 15962ms
npm timing reifyNode:node_modules/@libp2p/peer-collections/node_modules/@multiformats/multiaddr Completed in 15970ms
npm timing reifyNode:node_modules/@libp2p/peer-id-factory/node_modules/@libp2p/peer-id Completed in 16001ms
npm timing reifyNode:node_modules/@libp2p/peer-collections/node_modules/@libp2p/peer-id Completed in 16003ms
npm timing reifyNode:node_modules/@libp2p/peer-collections/node_modules/@libp2p/interface Completed in 16057ms
npm timing reifyNode:node_modules/@libp2p/peer-record/node_modules/@multiformats/multiaddr Completed in 16097ms
npm timing reifyNode:node_modules/@libp2p/multistream-select/node_modules/@libp2p/interface Completed in 16254ms
npm timing reifyNode:node_modules/@opentelemetry/exporter-logs-otlp-http/node_modules/@opentelemetry/semantic-conventions Completed in 16276ms
npm timing reifyNode:node_modules/@libp2p/peer-id-factory/node_modules/@libp2p/crypto Completed in 16296ms
npm timing reifyNode:node_modules/@libp2p/interface-internal/node_modules/@multiformats/multiaddr Completed in 16318ms
npm timing reifyNode:node_modules/@libp2p/peer-id-factory/node_modules/@libp2p/interface Completed in 16349ms
npm timing reifyNode:node_modules/@libp2p/logger/node_modules/@libp2p/interface Completed in 16361ms
npm timing reifyNode:node_modules/@inquirer/core/node_modules/wrap-ansi Completed in 16364ms
npm timing reifyNode:node_modules/@libp2p/identify/node_modules/@libp2p/interface Completed in 16381ms
npm timing reifyNode:node_modules/@libp2p/interface-internal/node_modules/@libp2p/interface Completed in 16383ms
npm timing reifyNode:node_modules/@libp2p/identify/node_modules/@libp2p/peer-id Completed in 16389ms
npm timing reifyNode:node_modules/@inquirer/core/node_modules/@inquirer/type Completed in 16394ms
npm timing reifyNode:node_modules/@libp2p/logger/node_modules/@multiformats/multiaddr Completed in 16402ms
npm timing reifyNode:node_modules/@libp2p/identify/node_modules/@multiformats/multiaddr Completed in 16436ms
npm timing reifyNode:node_modules/@inquirer/core/node_modules/signal-exit Completed in 16437ms
npm timing reifyNode:node_modules/@libp2p/multistream-select/node_modules/@multiformats/multiaddr Completed in 16447ms
npm timing reifyNode:node_modules/@babel/helper-compilation-targets/node_modules/lru-cache Completed in 16495ms
npm timing reifyNode:node_modules/@libp2p/interface/node_modules/@multiformats/multiaddr Completed in 16496ms
npm timing reifyNode:node_modules/@babel/helper-compilation-targets/node_modules/semver Completed in 16496ms
npm timing reifyNode:node_modules/@babel/core/node_modules/semver Completed in 16560ms
npm timing reifyNode:node_modules/@chainsafe/libp2p-noise/node_modules/@multiformats/multiaddr Completed in 16571ms
npm timing reifyNode:node_modules/@aztec/p2p/node_modules/@libp2p/peer-id-factory/node_modules/@libp2p/peer-id Completed in 16572ms
npm timing reifyNode:node_modules/@aztec/aztec/node_modules/chalk Completed in 16625ms
npm timing reifyNode:node_modules/@chainsafe/libp2p-noise/node_modules/@libp2p/interface Completed in 16629ms
npm timing reifyNode:node_modules/@aztec/p2p/node_modules/@libp2p/peer-id-factory/node_modules/@libp2p/interface Completed in 16727ms
npm timing reifyNode:node_modules/@aztec/p2p/node_modules/@libp2p/peer-id-factory/node_modules/@multiformats/multiaddr Completed in 16742ms
npm timing reifyNode:node_modules/@opentelemetry/exporter-trace-otlp-http/node_modules/@opentelemetry/semantic-conventions Completed in 16763ms
npm timing reifyNode:node_modules/@aztec/p2p/node_modules/@libp2p/peer-id-factory Completed in 16769ms
npm timing reifyNode:node_modules/@aztec/p2p/node_modules/@libp2p/peer-id-factory/node_modules/@libp2p/crypto Completed in 16811ms
npm timing reifyNode:node_modules/@aztec/aztec/node_modules/abitype Completed in 16829ms
npm timing reifyNode:node_modules/@libp2p/tcp/node_modules/@multiformats/multiaddr Completed in 16846ms
npm timing reifyNode:node_modules/@chainsafe/libp2p-noise/node_modules/@noble/ciphers Completed in 16902ms
npm timing reifyNode:node_modules/@ethersproject/json-wallets/node_modules/aes-js Completed in 17205ms
npm timing reifyNode:node_modules/@aztec/noir-test-contracts.js Completed in 22340ms
npm timing reifyNode:node_modules/@aztec/noir-contracts.js Completed in 27541ms
npm timing reifyNode:node_modules/@aztec/l1-artifacts Completed in 29271ms
npm timing reifyNode:node_modules/@aztec/bb.js Completed in 31546ms
npm timing reifyNode:node_modules/@aztec/noir-protocol-circuits-types Completed in 33690ms
npm timing reify:unpack Completed in 33703ms
npm timing reify:unretire Completed in 1ms
npm timing build:queue Completed in 25ms
npm timing build:link:node_modules/jest-cli Completed in 2ms
npm timing build:link:node_modules/@aztec/validator-client Completed in 4ms
npm timing build:link:node_modules/@aztec/aztec Completed in 10ms
npm timing build:link:node_modules/test-exclude/node_modules/glob Completed in 7ms
npm timing build:link:node_modules/@babel/helper-compilation-targets/node_modules/semver Completed in 7ms
npm timing build:link:node_modules/@babel/core/node_modules/semver Completed in 7ms
npm timing build:link:node_modules/node-pg-migrate/node_modules/glob Completed in 7ms
npm timing build:link:node_modules/send/node_modules/mime Completed in 7ms
npm timing build:link:node_modules/@aztec/bb.js Completed in 10ms
npm timing build:link:node_modules/@aztec/txe Completed in 10ms
npm timing build:link:node_modules/@aztec/cli-wallet Completed in 10ms
npm timing build:link:node_modules/@aztec/blob-client Completed in 10ms
npm timing build:link:node_modules/browserslist Completed in 10ms
npm timing build:link:node_modules/@aztec/noir-noir_codegen Completed in 11ms
npm timing build:link:node_modules/baseline-browser-mapping Completed in 10ms
npm timing build:link:node_modules/@babel/parser Completed in 11ms
npm timing build:link:node_modules/@aztec/pxe Completed in 11ms
npm timing build:link:node_modules/esbuild Completed in 10ms
npm timing build:link:node_modules/esprima Completed in 10ms
npm timing build:link:node_modules/jest Completed in 10ms
npm timing build:link:node_modules/fast-xml-parser Completed in 10ms
npm timing build:link:node_modules/import-local Completed in 10ms
npm timing build:link:node_modules/js-yaml Completed in 11ms
npm timing build:link:node_modules/jsesc Completed in 11ms
npm timing build:link:node_modules/msgpackr-extract Completed in 10ms
npm timing build:link:node_modules/json5 Completed in 11ms
npm timing build:link:node_modules/lmdb Completed in 11ms
npm timing build:link:node_modules/@aztec/bb-prover Completed in 12ms
npm timing build:link:node_modules/napi-postinstall Completed in 10ms
npm timing build:link:node_modules/mime Completed in 11ms
npm timing build:link:node_modules/node-gyp-build Completed in 10ms
npm timing build:link:node_modules/node-pg-migrate Completed in 10ms
npm timing build:link:node_modules/node-gyp-build-optional-packages Completed in 10ms
npm timing build:link:node_modules/pino-pretty Completed in 10ms
npm timing build:link:node_modules/pino Completed in 10ms
npm timing build:link:node_modules/rlp Completed in 10ms
npm timing build:link:node_modules/playwright Completed in 10ms
npm timing build:link:node_modules/playwright-core Completed in 11ms
npm timing build:link:node_modules/semver Completed in 11ms
npm timing build:link:node_modules/ts-command-line-args Completed in 10ms
npm timing build:link:node_modules/update-browserslist-db Completed in 10ms
npm timing build:link:node_modules/typescript Completed in 10ms
npm timing build:link:node_modules/uuid Completed in 10ms
npm timing build:link:node_modules/which Completed in 10ms
npm timing build:link:node_modules/systeminformation Completed in 11ms
npm timing build:link Completed in 14ms
npm timing build:deps Completed in 39ms
npm timing build Completed in 39ms
npm timing reify:build Completed in 41ms
npm timing reify:trash Completed in 0ms
npm timing reify Completed in 34121ms

added 997 packages in 35s
npm timing command:ci Completed in 34579ms
npm timing npm Completed in 34806ms
npm notice
npm notice New major version of npm available! 11.19.0 -> 12.0.2
npm notice Changelog: https://github.com/npm/cli/releases/tag/v12.0.2
npm notice To update run: npm install -g npm@12.0.2
npm notice
