✔ same PRF and Ethereum identity restore the exact same fields (7.046084ms)
✔ invalid PRF does not produce a substitute account (1.562292ms)
✔ registration uses fresh resident user handles, preserving prior synced credentials (1.897208ms)
✔ known credential authentication stays bound to its identifier (1.203083ms)
✔ cancellation and missing PRF never trigger registration (0.879417ms)
✔ registration without immediate PRF authenticates that same credential once (1.039625ms)
✔ funding deposits to shared address and passes mandatory recovery callback (1.589417ms)
✔ standalone claim uses standard author entrypoint with only private fee payload, then stops PXE (0.884541ms)
✔ browser recovery storage preserves earlier deposits and refuses conflicting replacements or secrets (1.8225ms)
✔ deposit below claim fee is rejected before requesting L1 funding (0.488791ms)
✔ private fee claim refuses missing or unresolved recovery storage before consuming bridge information (0.778458ms)
✔ private fee success recovery requires no Ethereum signer, bridge claim file or PXE (0.429458ms)
✔ private fee reverted recovery requires no Ethereum signer, bridge claim file or PXE (0.287792ms)
✔ fee Ethereum approved recovery is explicit and does not start an L2 proof (0.307208ms)
✔ fee Ethereum funded recovery is explicit and does not start an L2 proof (0.291875ms)
✔ fee Ethereum reverted recovery is explicit and does not start an L2 proof (0.339334ms)
✔ fee Ethereum replaced recovery is explicit and does not start an L2 proof (0.301166ms)
✔ claim persists exact public funding identity before preparation without duplicating secrets (0.390666ms)
✔ stale private fee claim restores saved funding record even when UI holds another deposit (0.719875ms)
✔ BB_SUBMISSION_UNKNOWN does not regenerate private fee claim (0.390166ms)
✔ BB_TRANSACTION_FAILED does not regenerate private fee claim (0.351667ms)
✔ live old claim cannot authorize replacement (0.391917ms)
✔ saved fee claim rejects owner (0.375125ms)
✔ saved fee claim rejects kind (0.337417ms)
✔ saved fee claim rejects unknown-record-key (0.362209ms)
✔ changed canonical message index blocks regenerated claim before proving (0.477584ms)
✔ canonical funding validation failure blocks regenerated claim (0.407084ms)
✔ private fee funding reconciliation has a bounded deadline (4.945583ms)
✔ deposit accepts canonical decimal-string public gas configuration with the real SDK (0.507542ms)
✔ deposit equal to maximum fee is rejected before signer or funding (0.50675ms)
✔ malformed gas is rejected before signer or funding (0.388833ms)
✔ claim failure keeps its internal cause without exposing it in the public message (0.671625ms)
✔ fee claim preserves low-cap diagnostic and displays a safe actionable message (1.444083ms)
✔ read-only fee balance owns and closes its PXE: false (14.015333ms)
✔ read-only fee balance owns and closes its PXE: true (4.6275ms)
✔ a paused fee bridge wait prevents preparation and submission (0.46925ms)
✔ full Field salt reaches derivation without placing keys in DOM (4.231708ms)
✔ failed derivation does not activate or overwrite secret fields (0.723167ms)
✔ malformed import event emits bounded diagnostics and clears selection (0.474959ms)
✔ signature generation and silent wallet replacement are unavailable (0.33175ms)
✔ final network mismatch prevents activating a signer (0.571209ms)
✔ callback failure invalidates activated session without logging callback diagnostics (0.348083ms)
✔ initial account authorization event permits the matching browser signer (0.385625ms)
✔ preactivation notification does not override final account: different account (0.325375ms)
✔ preactivation notification does not override final account: empty authorization (0.321042ms)
✔ preactivation notification does not override final account: malformed authorization (0.367792ms)
✔ final account read rejects a replacement even without an event (0.547417ms)
✔ same-account notification after connection is not a replacement (0.448208ms)
✔ disconnect during authorization prevents activating a signer (0.661208ms)
✔ transient selection events before activation are reconciled with final provider reads (0.421709ms)
✔ repeated matching authorization notifications permit connection (0.336333ms)
✔ new account requires explicit passkey creation and saves no secret (0.845583ms)
✔ saved metadata unlocks the exact passkey instead of creating (0.498792ms)
✔ cancelled passkey or changed Ethereum context never activates an account (1.215625ms)
✔ invalid saved account null cannot create a replacement (0.392583ms)
✔ invalid saved account false cannot create a replacement (0.870708ms)
✔ invalid saved account 0 cannot create a replacement (0.378958ms)
✔ invalid saved account "" cannot create a replacement (0.334208ms)
✔ invalid saved account [] cannot create a replacement (0.327625ms)
✔ invalid saved account {} cannot create a replacement (0.301417ms)
✔ corrupt metadata fails closed, explicit import repairs it (0.996667ms)
✔ absent browser wallet returns an actionable code without opening an account (0.401709ms)
✔ the selected provider owns signing and event invalidation, not the global (0.363167ms)
✔ requested network switch is accepted but unexpected network changes still invalidate (1.210916ms)
✔ rejecting a network switch leaves the session disconnected (0.424166ms)
✔ events from a previously rejected wallet cannot invalidate the newly selected wallet (0.385709ms)
✔ selected wallet identity is shown with its exact authorized account (0.317416ms)
✔ disconnect immediately clears connected status and shows reconnect guidance (0.357833ms)
✔ accountsChanged immediately clears connected status and shows reconnect guidance (0.275458ms)
✔ chainChanged immediately clears connected status and shows reconnect guidance (0.279458ms)
✔ explicit invalidation notifies consumers, including outside wallet events (0.324792ms)
✔ explicit account selection requests fresh permission before activating a signer (0.297458ms)
✔ rejected account selection cannot silently reuse a previously authorized account (0.290125ms)
✔ after passkey cancellation a new connection still requests account selection (0.39ms)
✔ permission selection can replace an older origin grant before signer activation (0.340667ms)
✔ permission dialog may clear and replace accounts and announce its network before activation (0.302042ms)
✔ disconnect while choosing an account still prevents activating a signer (0.295958ms)
✔ final account validation reads the transport rather than a cached provider result (0.294542ms)
✔ preactivation disconnect followed by reconnect permits a validated session (0.304084ms)
✔ same-chain announcements after activation preserve the session; a changed chain invalidates it (0.415458ms)
✔ existing account choice authenticates instead of creating when browser metadata is missing (0.595292ms)
✔ active application work prevents lock and passkey replacement (0.482375ms)
✔ a throwing rendering listener cannot leave custody busy (0.36925ms)
✔ damaged metadata is typed and the public formatter gives an explicit recovery action (1.744042ms)
✔ file: read-only outcome never rebroadcasts or acknowledges (371.749625ms)
✔ file: operation metadata survives restart and canonical recovery alone permits the next operation (187.787167ms)
✔ file: crash before broadcast recovers identical actual SDK transaction without a new proof (123.209541ms)
✔ file: crash after broadcast recovers receipt without resending; acknowledgement is explicit (153.5255ms)
✔ file: claim preserves exact intent at prepared (190.638167ms)
✔ file: claim preserves exact intent at response-lost (185.412208ms)
✔ file: claim preserves exact intent at before-confirmed (182.442625ms)
✔ file: claim preserves exact intent at after-confirmed (176.68475ms)
✔ file: post preserves exact intent at prepared (194.120209ms)
✔ file: post preserves exact intent at response-lost (167.935333ms)
✔ file: post preserves exact intent at before-confirmed (177.21675ms)
✔ file: post preserves exact intent at after-confirmed (184.490875ms)
✔ file: dummy preserves exact intent at prepared (173.781333ms)
✔ file: dummy preserves exact intent at response-lost (180.164666ms)
✔ file: dummy preserves exact intent at before-confirmed (188.786042ms)
✔ file: dummy preserves exact intent at after-confirmed (177.069875ms)
✔ file: withdraw preserves exact intent at prepared (188.501667ms)
✔ file: withdraw preserves exact intent at response-lost (168.868833ms)
✔ file: withdraw preserves exact intent at before-confirmed (197.859583ms)
✔ file: withdraw preserves exact intent at after-confirmed (166.716917ms)
✔ file: canonical recheck rejects previously acknowledged receipt after reorg (88.57825ms)
✔ file: concurrent prepare permits exactly one durable transaction (77.494917ms)
✔ file: wrong key and full-salt mismatch fail authentication (63.739333ms)
✔ file: scope separation never recovers another board or chain (62.066458ms)
✔ file: failed execution, uncertain drop, RPC error and foreign receipt never permit replacement (244.821584ms)
✔ file: wallet context change prevents recovery broadcast (92.381375ms)
✔ file: persisted envelope excludes transaction and wallet plaintext and tampering fails closed (105.815833ms)
✔ indexeddb: read-only outcome never rebroadcasts or acknowledges (320.549958ms)
✔ indexeddb: operation metadata survives restart and canonical recovery alone permits the next operation (163.831167ms)
✔ indexeddb: crash before broadcast recovers identical actual SDK transaction without a new proof (110.420291ms)
✔ indexeddb: crash after broadcast recovers receipt without resending; acknowledgement is explicit (144.722917ms)
✔ indexeddb: claim preserves exact intent at prepared (177.229583ms)
✔ indexeddb: claim preserves exact intent at response-lost (170.223875ms)
✔ indexeddb: claim preserves exact intent at before-confirmed (176.667375ms)
✔ indexeddb: claim preserves exact intent at after-confirmed (176.172417ms)
✔ indexeddb: post preserves exact intent at prepared (161.238541ms)
✔ indexeddb: post preserves exact intent at response-lost (167.703208ms)
✔ indexeddb: post preserves exact intent at before-confirmed (174.108458ms)
✔ indexeddb: post preserves exact intent at after-confirmed (161.354417ms)
✔ indexeddb: dummy preserves exact intent at prepared (173.086875ms)
✔ indexeddb: dummy preserves exact intent at response-lost (179.039334ms)
✔ indexeddb: dummy preserves exact intent at before-confirmed (164.6605ms)
✔ indexeddb: dummy preserves exact intent at after-confirmed (176.573916ms)
✔ indexeddb: withdraw preserves exact intent at prepared (172.42575ms)
✔ indexeddb: withdraw preserves exact intent at response-lost (170.366ms)
✔ indexeddb: withdraw preserves exact intent at before-confirmed (170.333584ms)
✔ indexeddb: withdraw preserves exact intent at after-confirmed (164.152208ms)
✔ indexeddb: canonical recheck rejects previously acknowledged receipt after reorg (82.105583ms)
✔ indexeddb: concurrent prepare permits exactly one durable transaction (68.1305ms)
✔ indexeddb: wrong key and full-salt mismatch fail authentication (56.822542ms)
✔ indexeddb: scope separation never recovers another board or chain (53.13075ms)
✔ indexeddb: failed execution, uncertain drop, RPC error and foreign receipt never permit replacement (253.028125ms)
✔ indexeddb: wallet context change prevents recovery broadcast (74.426583ms)
✔ indexeddb: persisted envelope excludes transaction and wallet plaintext and tampering fails closed (73.788375ms)
✔ file adapter rejects symlinks, unsafe modes and stale locks without replacing data (2.184583ms)
✔ abrupt worker death after durable prepare preserves exact recovery transaction (264.861084ms)
✔ password encryption roundtrips full salt and scoped claims without exposing plaintext (147.8035ms)
✔ wrong passwords, ciphertext edits and parameter edits fail closed (145.140917ms)
✔ optional wallet/network isolation rejects mismatch while all-network backup preserves scopes (0.957542ms)
✔ wallet parsing preserves large salt and rejects unsafe numeric or field overflow (0.444625ms)
✔ claim export selects this wallet and roundtrips all original network scopes offline (6.753458ms)
✔ bulk restore is idempotent and conflicting records cannot partially restore (1.786708ms)
✔ different wallet accounts can hold the same scope independently (2.730625ms)
✔ a concurrent custody change aborts the entire write transaction (2.304792ms)
✔ pinned Aztec commitment validation rejects poisoning before custody writes (117.490625ms)
ℹ tests 149
ℹ suites 0
ℹ pass 149
ℹ fail 0
ℹ cancelled 0
ℹ skipped 0
ℹ todo 0
ℹ duration_ms 9369.143792
