✔ interface hides SDK objects and owns acknowledgements and withdrawal state (6.292458ms)
✔ failed operations do not acknowledge a new transaction (0.741292ms)
✔ public feed remains readable after wallet disconnect (1.236125ms)
✔ reads expose deposit values and chain time without a node or contract (0.783125ms)
✔ account and application modules do not read DOM; transaction pages do not use private handles (1.679208ms)
✔ public JSDoc interfaces typecheck with the lockfile compiler (473.518042ms)
✔ an operation completed after a configuration change cannot acknowledge its result (0.946916ms)
✔ deployment settings export uses the captured manifest, never a later edited one (0.446125ms)
✔ funding completes zero_balance_need_deposit without a second UI action (0.566291ms)
✔ funding completes deposited_l1_not_claimed_l2 without a second UI action (0.445833ms)
✔ funding completes postable without a second UI action (0.410875ms)
✔ duplicate funding requests share one operation and a failed claim never sends another deposit (0.52275ms)
✔ configuration change after payment stops automatic continuation (0.406916ms)
✔ progress callback cannot switch the board before claim starts (0.399625ms)
✔ progress subscribers cannot interrupt transactions or receive private inputs (0.383667ms)
✔ a proving preference change only affects a future operation (0.428792ms)
✔ another workflow cannot break ownership of an active onboarding operation (0.454708ms)
✔ message validation rejects oversized UTF-8 before reaching the engine (0.509375ms)
✔ a board without a remote endpoint reports the actual local mode (0.535625ms)
✔ operation receipts whitelist public results and preserve the failed phase (0.464459ms)
✔ fee funding application sequence: fresh (0.769292ms)
✔ fee funding application sequence: consumed (0.69ms)
✔ fee funding application sequence: pending (1.024ms)
✔ fee funding application sequence: resume-missing (0.969042ms)
✔ Activity acknowledges only canonical outcomes from its journal interface (1.110625ms)
✔ explicit onboarding Resume recovers its fee scope and original reviewed deposit amount (0.552584ms)
✔ guided deployment prepares a validated, scoped manifest without sending transactions (2.038584ms)
✔ moderator recovery review is invalidated by a newer review or configuration change (0.875958ms)
✔ withdrawal keeps one owner across settlement and passes the reviewed fee budget (0.701917ms)
✔ pausing settlement preserves the withdrawal and never requests another refund (0.465875ms)
✔ gas quote estimates the selected deposit without signing and disposes stale reads (2.575958ms)
✔ standalone fee balance uses a read operation without replacing completed progress (0.358625ms)
✔ Ethereum refund recovery returns its verified receipt without restarting onboarding (0.40475ms)
✔ top-up retains ownership through balance refresh and cannot start a second payment (0.451166ms)
✔ balance unavailability does not reclassify a confirmed top-up as failed (0.381334ms)
✔ author balance read normalizes the raw contract ABI at the SDK boundary (11.323458ms)
✔ resuming an already confirmed post preserves its public identity and actual fee (2.305166ms)
✔ failure before a new proof cannot silently recover an older confirmed post instead (0.730833ms)
✔ deployment records survive continuation without crossing manifests: active (0.63825ms)
✔ deployment records survive continuation without crossing manifests: pending-settlement (0.352667ms)
✔ a freshly reviewed deployment can replace damaged public deployment settings (0.5375ms)
✔ normal author calls carry only private payment method and bootstrap claim is consumed once (4.191708ms)
✔ unknown submission is preserved without retry and private errors are redacted (6.12825ms)
✔ missing private fee configuration fails before account work for every private action (5.83ms)
✔ actual wallet tightens gas within configured ceilings and preserves account scope/tag (34.513875ms)
✔ actual main claim uses standard author call with private fee payment (12.375708ms)
✔ actual main post uses standard author call with private fee payment (5.763333ms)
✔ actual main post dummy uses standard author call with private fee payment (5.386584ms)
✔ actual main withdraw uses standard author call with private fee payment (1.05225ms)
✔ moderator calls use their normal account with private fee payment (1.572208ms)
✔ inherited object names never select an application method (0.395417ms)
✔ actual main private post works with no Ethereum signer (2.182625ms)
✔ actual main fails before PXE when RPC identity changed after CLI preflight (1.726167ms)
✔ settlement pending returns after one witness lookup, without ninety-minute polling (2.742ms)
✔ witness RPC failure remains unknown, never a false unclaimed or paid result (2.411625ms)
✔ consumed/error text is not evidence of a refund: false (3.131042ms)
✔ consumed/error text is not evidence of a refund: true (1.191667ms)
✔ actual main refuses a private send when durable journal is unavailable (1.672667ms)
✔ actual main recovery avoids proving and Ethereum signing and reports revert distinctly (1.48975ms)
✔ Ethereum recovery handles already refunded receipts before checking active deposit (1.585958ms)
✔ actual moderator declare-immoral uses the active wallet's durable journal (1.448125ms)
✔ actual moderator declare-immoral refuses an unresolved previous transaction before preparing a fee (0.928625ms)
✔ actual moderator set-moderation-policy uses the active wallet's durable journal (1.908166ms)
✔ actual moderator set-moderation-policy refuses an unresolved previous transaction before preparing a fee (1.08975ms)
✔ actual moderator transfer-censor uses the active wallet's durable journal (0.91125ms)
✔ actual moderator transfer-censor refuses an unresolved previous transaction before preparing a fee (0.565875ms)
✔ moderator wallet cannot bypass journal ownership by supplying a second key (0.685541ms)
✔ moderator recovery success distinguishes an already completed identical transfer from a failed one (2.867208ms)
✔ moderator recovery reverted distinguishes an already completed identical transfer from a failed one (0.945959ms)
✔ moderator recovery with unknown outcome cannot prepare another private fee payment (0.605667ms)
✔ actual recovery dispatcher restores the saved message and nonce before requesting a fresh post proof (1.568875ms)
✔ already published stable identity blocks a replacement before fee preparation (0.794ms)
✔ recovery cannot silently regenerate a dummy operation (0.595666ms)
✔ recovery cannot silently regenerate a withdraw operation (0.480875ms)
✔ recovery cannot silently regenerate a claim operation (0.469958ms)
✔ claim  records its own operation rather than stale real-post metadata (3.6705ms)
✔ post dummy records its own operation rather than stale real-post metadata (1.127792ms)
✔ withdraw  records its own operation rather than stale real-post metadata (0.927167ms)
✔ missing withdrawal note never proves success when history contains no exit (0.977375ms)
✔ missing withdrawal note never proves success when history is unavailable (0.580792ms)
✔ missing withdrawal note requires saved transaction recovery even if matching exit content exists (1.37025ms)
✔ missing withdrawal note cannot recover a reverted exit (0.842792ms)
✔ an exit for another selected deposit cannot complete withdrawal (0.838459ms)
✔ withdrawal recovery without original claim custody cannot guess deposit ownership (0.788875ms)
✔ missing withdrawal note rejects without scanning history or looking up a claim secret (0.604208ms)
✔ saved dummy requires the same source screening sequence (unchanged) (0.951208ms)
✔ saved dummy requires the same source screening sequence (changed) (0.701ms)
✔ saved withdraw requires the same source screening sequence (unchanged) (0.744333ms)
✔ saved withdraw requires the same source screening sequence (changed) (0.648167ms)
✔ actual wallet passes attributed application spend to the durable journal before submission (155.835792ms)
✔ successful retried screening releases its step guard before the following withdrawal (3.123792ms)
✔ stale claim restores exact original receipt and claim identity without depositing again (2.712458ms)
✔ stale claim rejects changed messageKey before another fee payment (1.501042ms)
✔ stale claim rejects changed amount before another fee payment (0.964875ms)
✔ stale claim rejects changed leafIndex before another fee payment (0.946833ms)
✔ stale claim rejects changed depositChain before another fee payment (0.73725ms)
✔ stale claim rejects changed secretHash before another fee payment (0.894125ms)
✔ stale claim rejects changed depositor before another fee payment (1.028417ms)
✔ an existing note is not confirmation of an unresolved saved claim transaction (2.562167ms)
✔ failed claim does not enter the former thirty-attempt loop (1.270583ms)
✔ saved claim rejects a replaced active deposit before proving (1.1075ms)
✔ saved claim rejects a block changed during metadata retrieval (0.904667ms)
✔ saved claim metadata timeout cannot prepare fees or proofs (20.424833ms)
✔ explicit recovery restores exact saved transfer-censor arguments (2.332333ms)
✔ explicit recovery restores exact saved set-moderation-policy arguments (2.52475ms)
✔ explicit recovery restores exact saved declare-immoral arguments (1.993333ms)
✔ daemon stale transaction reconciliation regenerates the same job (1.59875ms)
✔ daemon stale transaction reconciliation rejects another job (1.52725ms)
✔ saved moderator request cannot spend fees after authority transfers away (1.503791ms)
✔ real preparer failures stop every routed action before proof/send/funding and preserve bootstrap input (194.905875ms)
✔ actual claim readiness rejects absent, failed and wrong-index membership before fees or submission (9.806542ms)
✔ actual claim waits for delayed exact receipt key then prepares fees and submits once (3.849625ms)
✔ node failures are surfaced after one request, before private fee work (0.749583ms)
✔ contract registration failures are surfaced after one attempt (0.793917ms)
✔ cached wallet sync failure stops the next operation before fee preparation (1.004375ms)
✔ simulation failure is not retried and cannot start proving (0.316542ms)
✔ list rejects failed get_censor instead of inventing configuration (0.699792ms)
✔ list rejects failed get_k_multiplier instead of inventing configuration (0.586083ms)
✔ list rejects failed get_censor_window instead of inventing configuration (0.652542ms)
✔ list rejects failed get_max_save_up instead of inventing configuration (0.515875ms)
✔ failed board lookup is not classified as an absent deployment (0.431375ms)
✔ failed portal binding read prevents application actions (0.497416ms)
✔ automatic screening propagates a failed state refresh without another attempt (0.842583ms)
✔ list cannot report an unreadable flag as an unflagged post (0.869666ms)
✔ bare reuse cannot turn recovery into a new deposit (0.378958ms)
✔ confirmed claim with failed sync reports confirmation and prevents further actions (1.937125ms)
✔ post reads time from the pinned RPC BlockResponse schema (2.990125ms)
✔ automatic screening rechecks chain cooldown (advancing=true) (4.748625ms)
✔ automatic screening rechecks chain cooldown (advancing=false) (24.95125ms)
✔ accepted claim survives engine restart and changed UI intent through the real encrypted journal (261.72625ms)
✔ accepted dummy survives engine restart and changed UI intent through the real encrypted journal (238.776541ms)
✔ confirmed claim with missing delivered note reports synchronization pending without resubmission (1.518042ms)
✔ actual wallet rejects total-da before proving or submitting (0.598125ms)
✔ actual wallet rejects total-l2 before proving or submitting (0.335083ms)
✔ actual wallet rejects teardown-da before proving or submitting (0.241291ms)
✔ actual wallet rejects teardown-l2 before proving or submitting (0.222958ms)
✔ actual wallet rejects missing-public before proving or submitting (0.213292ms)
✔ actual wallet rejects revert before proving or submitting (0.239792ms)
✔ entirely private simulation needs no public output and still checks gas before proof (0.412083ms)
✔ recovered withdrawal survives status without Ethereum signer and after reconnect (0.977291ms)
✔ zero portal balance preserves the exact withdrawal until verified refund recovery (0.710625ms)
✔ Ethereum refund recovery binds the saved L2 withdrawal: matching (1.1875ms)
✔ Ethereum refund recovery binds the saved L2 withdrawal: older-refund (1.17275ms)
✔ Ethereum refund recovery binds the saved L2 withdrawal: missing-witness (1.143167ms)
✔ Ethereum refund recovery binds the saved L2 withdrawal: rpc-error (0.693958ms)
✔ fee preparation preserves only the recognized low-cap diagnostic (0.283ms)
✔ adjusted fee reservation is revalidated: revert stops before proof (0.299084ms)
✔ adjusted fee reservation is revalidated: gas-change stops before proof (0.263958ms)
✔ claim retrieves active metadata after reload without receipts or log scans (2.018833ms)
✔ fee readiness preserves only safe classification: PRIVATE_FEE_BALANCE_INSUFFICIENT (0.455792ms)
✔ fee readiness preserves only safe classification: PRIVATE_FEE_CLAIM_INSUFFICIENT (0.267458ms)
✔ fee readiness preserves only safe classification: UNTRUSTED (0.260583ms)
✔ public claim failures keep useful safe classifications across repeated formatting (0.789542ms)
✔ new Ethereum deposit checks fee readiness before secret storage or payment: false (0.956208ms)
✔ new Ethereum deposit checks fee readiness before secret storage or payment: true (0.63225ms)
✔ automatic fee funding reaches board claim with recovered=false (2.79425ms)
✔ automatic fee funding reaches board claim with recovered=true (2.545708ms)
✔ withdrawal preparation cannot start a proof beyond the reviewed step budget (0.758583ms)
✔ withdrawal stops spending when screening does not advance (0.764417ms)
✔ withdrawal waits through the actual moderation deadline before any proof (1.998ms)
✔ reviewed moderator recovery: confirmed (1.186625ms)
✔ reviewed moderator recovery: stale (0.941625ms)
✔ reviewed moderator recovery: approved (1.124958ms)
✔ reviewed moderator recovery: changed (0.881166ms)
✔ post returns its public message identity and actual fee to the application (0.67675ms)
✔ read-only startup withdrawal reconciliation: current (0.682833ms)
✔ read-only startup withdrawal reconciliation: old-cycle (0.583959ms)
✔ read-only startup withdrawal reconciliation: pending (0.868ms)
✔ read-only startup withdrawal reconciliation: reverted (0.563667ms)
✔ read-only startup withdrawal reconciliation: malformed (0.431167ms)
✔ explicit invalid board link: garbage (3.06075ms)
✔ explicit invalid board link: https://board.test/user.html (0.378125ms)
✔ explicit invalid board link: javascript:alert(1) (0.602125ms)
✔ explicit invalid board link: https://board.test/#bad (1.623458ms)
✔ unsupported network is different from an invalid link (0.414167ms)
✔ canonical explicit link and ordinary default both resolve the hosted board (0.432583ms)
✔ permanent incompatibility and temporary connectivity expose different next actions (0.297208ms)
✔ invalid explicit moderator link never inherits saved board or initializes wallet (1.757542ms)
✔ moderator without incoming link retains custom-network saved configuration (1.154083ms)
✔ late moderator resolution cannot replace explicitly selected board: false (0.735ms)
✔ late moderator resolution cannot replace explicitly selected board: true (0.527209ms)
✔ canonical shared address has no owner, salt, or initializer (276.250417ms)
✔ private balance payment emits only pay_fee with shared payer (22.304208ms)
✔ cold-start emits actual FeeJuice claim then private mint-and-pay; never reads author balance (22.144458ms)
✔ bridge secret and hash bind local salt and author (1.179667ms)
✔ rejects empty private balance without public fallback (29.443792ms)
✔ rejects empty cold-start funding (21.607916ms)
✔ rejects wrong bridge secret (25.64625ms)
✔ rejects zero bridge salt (22.5025ms)
✔ rejects unsupported chain (0.254917ms)
✔ rejects unsupported version (0.098208ms)
✔ cold-start requires published refund contract before accepting funding (16.490292ms)
✔ rejects old zero-teardown settings (0.180417ms)
✔ rejects upgraded deployed class (22.357625ms)
✔ rejects malformed instance preimage (13.304291ms)
✔ rejects per-user alternative fee contract (15.192791ms)
✔ rejects zero or overflowing maximum fee (0.203834ms)
✔ rejects priority fee exceeding total cap (0.0525ms)
✔ does not leak provider errors or private claim content (14.864375ms)
✔ rejects extra public entrypoint hidden behind generated dispatcher (0.173708ms)
✔ credit below configured ceiling is prepared for measurement without funding or submission (14.365125ms)
✔ balance and identity provider failures never produce a fallback payment or expose error details (27.001333ms)
✔ rejects stale feePerDaGas cap before balance or payment work (0.248209ms)
✔ rejects stale feePerL2Gas cap before balance or payment work (0.071709ms)
✔ fee-rate lookup failure is redacted and never starts payment work (0.079125ms)
✔ publication uses the same ownerless zero-salt canonical address (13.089041ms)
✔ credit below board ceiling funds a real-priced measured reservation (58.821625ms)
✔ allocation respects both priced dimensions [object Object] (0.798042ms)
✔ allocation respects both priced dimensions [object Object] (1.138709ms)
✔ allocation respects both priced dimensions [object Object] (0.681708ms)
✔ only exact expected refund OOG is accepted as the zero-teardown probe (0.834166ms)
✔ an application shortage grows the probe and never returns its incomplete gas as a quote (0.680333ms)
✔ search exhaustion is distinct from insufficient balance and cannot send (0.662666ms)
✔ fragmentation cannot silently trigger another funding payment (0.651417ms)
✔ setup throws and final failures stop before any proof or submission (1.156959ms)
✔ context changes stop measurement before simulation (0.196084ms)
✔ cold claim retains bridge witness and application payload (1.631416ms)
✔ SDK adapter sends zero-priced private measurement only to local PXE, with account scopes (0.199ms)
✔ operator ceilings above node limits do not reject a small measured transaction (0.706833ms)
✔ reverted final simulation without optional reason cannot be accepted (0.482916ms)
✔ cold setup out-of-gas fails closed rather than disguising rejection as funding shortage (0.436792ms)
✔ funding deposits to shared address and passes mandatory recovery callback (2.139209ms)
✔ standalone claim uses standard author entrypoint with only private fee payload, then stops PXE (0.839541ms)
✔ browser recovery storage preserves earlier deposits and refuses conflicting replacements or secrets (3.255625ms)
✔ deposit below claim fee is rejected before requesting L1 funding (0.486167ms)
✔ private fee claim refuses missing or unresolved recovery storage before consuming bridge information (0.777375ms)
✔ private fee success recovery requires no Ethereum signer, bridge claim file or PXE (0.338917ms)
✔ private fee reverted recovery requires no Ethereum signer, bridge claim file or PXE (0.272875ms)
✔ fee Ethereum approved recovery is explicit and does not start an L2 proof (0.306ms)
✔ fee Ethereum funded recovery is explicit and does not start an L2 proof (0.277583ms)
✔ fee Ethereum reverted recovery is explicit and does not start an L2 proof (0.320792ms)
✔ fee Ethereum replaced recovery is explicit and does not start an L2 proof (0.293084ms)
✔ claim persists exact public funding identity before preparation without duplicating secrets (0.410625ms)
✔ stale private fee claim restores saved funding record even when UI holds another deposit (0.72075ms)
✔ BB_SUBMISSION_UNKNOWN does not regenerate private fee claim (0.409042ms)
✔ BB_TRANSACTION_FAILED does not regenerate private fee claim (0.350125ms)
✔ live old claim cannot authorize replacement (0.390833ms)
✔ saved fee claim rejects owner (0.370792ms)
✔ saved fee claim rejects kind (0.334708ms)
✔ saved fee claim rejects unknown-record-key (0.389375ms)
✔ changed canonical message index blocks regenerated claim before proving (0.458125ms)
✔ canonical funding validation failure blocks regenerated claim (0.369625ms)
✔ private fee funding reconciliation has a bounded deadline (5.570792ms)
✔ deposit accepts canonical decimal-string public gas configuration with the real SDK (0.496875ms)
✔ deposit equal to maximum fee is rejected before signer or funding (0.341542ms)
✔ malformed gas is rejected before signer or funding (0.310875ms)
✔ claim failure keeps its internal cause without exposing it in the public message (0.657959ms)
✔ fee claim preserves low-cap diagnostic and displays a safe actionable message (1.967ms)
✔ read-only fee balance owns and closes its PXE: false (23.549584ms)
✔ read-only fee balance owns and closes its PXE: true (5.673208ms)
✔ a paused fee bridge wait prevents preparation and submission (0.668125ms)
✔ canonical immutable public projection and optional private fees (1.36175ms)
✔ reject secrets, unknown nested fields, malformed identity and endpoints (0.567375ms)
✔ gas bounds, ordering, total overflow and canonical decimal strings (0.311333ms)
✔ persistent reload and immutable snapshots invalidate pending operations (2.534459ms)
✔ cross-tab same-value, corrupt and clear events invalidate; unrelated events do not (0.476667ms)
✔ corrupt or unavailable storage never silently selects a network (0.71325ms)
✔ file: read-only outcome never rebroadcasts or acknowledges (454.204583ms)
✔ file: operation metadata survives restart and canonical recovery alone permits the next operation (176.139959ms)
✔ file: crash before broadcast recovers identical actual SDK transaction without a new proof (121.610042ms)
✔ file: crash after broadcast recovers receipt without resending; acknowledgement is explicit (149.327041ms)
✔ file: claim preserves exact intent at prepared (186.268083ms)
✔ file: claim preserves exact intent at response-lost (185.509959ms)
✔ file: claim preserves exact intent at before-confirmed (186.04725ms)
✔ file: claim preserves exact intent at after-confirmed (177.0105ms)
✔ file: post preserves exact intent at prepared (182.504375ms)
✔ file: post preserves exact intent at response-lost (212.072542ms)
✔ file: post preserves exact intent at before-confirmed (184.33025ms)
✔ file: post preserves exact intent at after-confirmed (178.037ms)
✔ file: dummy preserves exact intent at prepared (181.263125ms)
✔ file: dummy preserves exact intent at response-lost (179.84475ms)
✔ file: dummy preserves exact intent at before-confirmed (184.981875ms)
✔ file: dummy preserves exact intent at after-confirmed (175.523834ms)
✔ file: withdraw preserves exact intent at prepared (175.612791ms)
✔ file: withdraw preserves exact intent at response-lost (182.145458ms)
✔ file: withdraw preserves exact intent at before-confirmed (180.105542ms)
✔ file: withdraw preserves exact intent at after-confirmed (189.367833ms)
✔ file: canonical recheck rejects previously acknowledged receipt after reorg (90.464375ms)
✔ file: concurrent prepare permits exactly one durable transaction (74.254917ms)
✔ file: wrong key and full-salt mismatch fail authentication (63.604583ms)
✔ file: scope separation never recovers another board or chain (59.141875ms)
✔ file: failed execution, uncertain drop, RPC error and foreign receipt never permit replacement (238.924459ms)
✔ file: wallet context change prevents recovery broadcast (90.591333ms)
✔ file: persisted envelope excludes transaction and wallet plaintext and tampering fails closed (100.359958ms)
✔ indexeddb: read-only outcome never rebroadcasts or acknowledges (325.3675ms)
✔ indexeddb: operation metadata survives restart and canonical recovery alone permits the next operation (169.576708ms)
✔ indexeddb: crash before broadcast recovers identical actual SDK transaction without a new proof (119.917ms)
✔ indexeddb: crash after broadcast recovers receipt without resending; acknowledgement is explicit (143.922ms)
✔ indexeddb: claim preserves exact intent at prepared (173.073666ms)
✔ indexeddb: claim preserves exact intent at response-lost (158.440208ms)
✔ indexeddb: claim preserves exact intent at before-confirmed (173.693958ms)
✔ indexeddb: claim preserves exact intent at after-confirmed (166.987916ms)
✔ indexeddb: post preserves exact intent at prepared (173.281375ms)
✔ indexeddb: post preserves exact intent at response-lost (174.559167ms)
✔ indexeddb: post preserves exact intent at before-confirmed (161.628ms)
✔ indexeddb: post preserves exact intent at after-confirmed (168.917834ms)
✔ indexeddb: dummy preserves exact intent at prepared (170.699625ms)
✔ indexeddb: dummy preserves exact intent at response-lost (160.316417ms)
✔ indexeddb: dummy preserves exact intent at before-confirmed (170.266834ms)
✔ indexeddb: dummy preserves exact intent at after-confirmed (166.786459ms)
✔ indexeddb: withdraw preserves exact intent at prepared (163.641709ms)
✔ indexeddb: withdraw preserves exact intent at response-lost (167.964833ms)
✔ indexeddb: withdraw preserves exact intent at before-confirmed (158.634166ms)
✔ indexeddb: withdraw preserves exact intent at after-confirmed (171.523042ms)
✔ indexeddb: canonical recheck rejects previously acknowledged receipt after reorg (80.054625ms)
✔ indexeddb: concurrent prepare permits exactly one durable transaction (73.144042ms)
✔ indexeddb: wrong key and full-salt mismatch fail authentication (49.302042ms)
✔ indexeddb: scope separation never recovers another board or chain (49.565584ms)
✔ indexeddb: failed execution, uncertain drop, RPC error and foreign receipt never permit replacement (227.071459ms)
✔ indexeddb: wallet context change prevents recovery broadcast (83.514459ms)
✔ indexeddb: persisted envelope excludes transaction and wallet plaintext and tampering fails closed (80.658042ms)
✔ file adapter rejects symlinks, unsafe modes and stale locks without replacing data (2.5585ms)
✔ abrupt worker death after durable prepare preserves exact recovery transaction (252.826709ms)
ℹ tests 313
ℹ suites 0
ℹ pass 313
ℹ fail 0
ℹ cancelled 0
ℹ skipped 0
ℹ todo 0
ℹ duration_ms 9453.94625
