✔ interface hides SDK objects and owns acknowledgements and withdrawal state (3.1115ms)
✔ failed operations do not acknowledge a new transaction (0.766208ms)
✔ public feed remains readable after wallet disconnect (0.393708ms)
✔ reads expose deposit values and chain time without a node or contract (0.433708ms)
✔ account and application modules do not read DOM; transaction pages do not use private handles (1.827833ms)
✔ public JSDoc interfaces typecheck with the lockfile compiler (469.0935ms)
✔ an operation completed after a configuration change cannot acknowledge its result (1.0745ms)
✔ deployment settings export uses the captured manifest, never a later edited one (0.625583ms)
✔ funding completes zero_balance_need_deposit without a second UI action (0.705917ms)
✔ funding completes deposited_l1_not_claimed_l2 without a second UI action (0.61025ms)
✔ funding completes postable without a second UI action (0.461292ms)
✔ duplicate funding requests share one operation and a failed claim never sends another deposit (0.732ms)
✔ configuration change after payment stops automatic continuation (0.55475ms)
✔ progress callback cannot switch the board before claim starts (0.524458ms)
✔ progress subscribers cannot interrupt transactions or receive private inputs (0.49175ms)
✔ a proving preference change only affects a future operation (0.4725ms)
✔ another workflow cannot break ownership of an active onboarding operation (0.506208ms)
✔ message validation rejects oversized UTF-8 before reaching the engine (0.329667ms)
✔ a board without a remote endpoint reports the actual local mode (0.35625ms)
✔ operation receipts whitelist public results and preserve the failed phase (0.427958ms)
✔ fee funding application sequence: fresh (0.616959ms)
✔ fee funding application sequence: consumed (0.455375ms)
✔ fee funding application sequence: pending (0.422125ms)
✔ fee funding application sequence: resume-missing (0.337416ms)
✔ Activity acknowledges only canonical outcomes from its journal interface (0.938584ms)
✔ explicit onboarding Resume recovers its fee scope and original reviewed deposit amount (0.52425ms)
✔ guided deployment prepares a validated, scoped manifest without sending transactions (1.781916ms)
✔ moderator recovery review is invalidated by a newer review or configuration change (0.710791ms)
✔ withdrawal keeps one owner across settlement and passes the reviewed fee budget (0.621542ms)
✔ pausing settlement preserves the withdrawal and never requests another refund (0.458084ms)
✔ gas quote estimates the selected deposit without signing and disposes stale reads (2.760666ms)
✔ standalone fee balance uses a read operation without replacing completed progress (0.465709ms)
✔ Ethereum refund recovery returns its verified receipt without restarting onboarding (0.487958ms)
✔ top-up retains ownership through balance refresh and cannot start a second payment (0.48025ms)
✔ balance unavailability does not reclassify a confirmed top-up as failed (0.388917ms)
✔ author balance read normalizes the raw contract ABI at the SDK boundary (12.670959ms)
✔ resuming an already confirmed post preserves its public identity and actual fee (2.926209ms)
✔ failure before a new proof cannot silently recover an older confirmed post instead (0.801167ms)
✔ deployment records survive continuation without crossing manifests: active (0.614666ms)
✔ deployment records survive continuation without crossing manifests: pending-settlement (0.460958ms)
✔ a freshly reviewed deployment can replace damaged public deployment settings (0.4275ms)
✔ restored settlement gives priority to an uncertain Ethereum refund (0.61375ms)
✔ portable error observer preserves formatter behavior and exports only bounded safe fields (4.145708ms)
✔ common formatter captures fee-page coordinates and preserves its result (0.784083ms)
✔ plain RPC cause exports only numeric code (0.177ms)
✔ diagnostic observer never exports raw messages, RPC data or unknown codes (1.13625ms)
✔ diagnostic observer only retains approved same-origin source locations and fixed categories (0.994792ms)
✔ normal author calls carry only private payment method and bootstrap claim is consumed once (3.939083ms)
✔ unknown submission is preserved without retry and private errors are redacted (2.987291ms)
✔ missing private fee configuration fails before account work for every private action (1.717708ms)
✔ actual wallet preserves a fixed fee budget and account scope/tag (40.421584ms)
✔ actual main claim uses standard author call with private fee payment (9.7405ms)
✔ actual main post uses standard author call with private fee payment (3.510042ms)
✔ actual main post dummy uses standard author call with private fee payment (1.500709ms)
✔ actual main withdraw uses standard author call with private fee payment (4.396833ms)
✔ moderator calls use their normal account with private fee payment (1.117167ms)
✔ inherited object names never select an application method (0.328ms)
✔ actual main private post works with no Ethereum signer (1.008417ms)
✔ actual main fails before PXE when RPC identity changed after CLI preflight (0.503917ms)
✔ settlement pending returns after one witness lookup, without ninety-minute polling (1.23225ms)
✔ witness RPC failure remains unknown, never a false unclaimed or paid result (0.926167ms)
✔ consumed/error text is not evidence of a refund: false (1.755541ms)
✔ consumed/error text is not evidence of a refund: true (0.926125ms)
✔ actual main refuses a private send when durable journal is unavailable (0.8875ms)
✔ actual main recovery avoids proving and Ethereum signing and reports revert distinctly (1.630125ms)
✔ Ethereum recovery handles already refunded receipts before checking active deposit (1.564292ms)
✔ actual moderator declare-immoral uses the active wallet's durable journal (1.091333ms)
✔ actual moderator declare-immoral refuses an unresolved previous transaction before preparing a fee (0.500792ms)
✔ actual moderator set-moderation-policy uses the active wallet's durable journal (0.97825ms)
✔ actual moderator set-moderation-policy refuses an unresolved previous transaction before preparing a fee (0.451291ms)
✔ actual moderator transfer-censor uses the active wallet's durable journal (0.684084ms)
✔ actual moderator transfer-censor refuses an unresolved previous transaction before preparing a fee (0.466667ms)
✔ moderator wallet cannot bypass journal ownership by supplying a second key (1.12375ms)
✔ moderator recovery success distinguishes an already completed identical transfer from a failed one (1.423083ms)
✔ moderator recovery reverted distinguishes an already completed identical transfer from a failed one (0.91825ms)
✔ moderator recovery with unknown outcome cannot prepare another private fee payment (0.856291ms)
✔ actual recovery dispatcher restores the saved message and nonce before requesting a fresh post proof (1.7845ms)
✔ already published stable identity blocks a replacement before fee preparation (0.854209ms)
✔ recovery cannot silently regenerate a dummy operation (0.578125ms)
✔ recovery cannot silently regenerate a withdraw operation (0.675625ms)
✔ recovery cannot silently regenerate a claim operation (0.804125ms)
✔ claim  records its own operation rather than stale real-post metadata (3.814792ms)
✔ post dummy records its own operation rather than stale real-post metadata (1.159708ms)
✔ withdraw  records its own operation rather than stale real-post metadata (1.100791ms)
✔ missing withdrawal note never proves success when history contains no exit (0.88475ms)
✔ missing withdrawal note never proves success when history is unavailable (0.720875ms)
✔ missing withdrawal note requires saved transaction recovery even if matching exit content exists (1.542167ms)
✔ missing withdrawal note cannot recover a reverted exit (0.921ms)
✔ an exit for another selected deposit cannot complete withdrawal (0.815917ms)
✔ withdrawal recovery without original claim custody cannot guess deposit ownership (0.778459ms)
✔ missing withdrawal note rejects without scanning history or looking up a claim secret (0.615875ms)
✔ saved dummy requires the same source screening sequence (unchanged) (0.85625ms)
✔ saved dummy requires the same source screening sequence (changed) (0.69975ms)
✔ saved withdraw requires the same source screening sequence (unchanged) (0.670542ms)
✔ saved withdraw requires the same source screening sequence (changed) (0.725292ms)
✔ actual wallet passes attributed application spend to the durable journal before submission (136.539209ms)
✔ successful retried screening releases its step guard before the following withdrawal (3.101083ms)
✔ stale claim restores exact original receipt and claim identity without depositing again (2.551ms)
✔ stale claim rejects changed messageKey before another fee payment (1.119375ms)
✔ stale claim rejects changed amount before another fee payment (0.827458ms)
✔ stale claim rejects changed leafIndex before another fee payment (0.798541ms)
✔ stale claim rejects changed depositChain before another fee payment (1.015791ms)
✔ stale claim rejects changed secretHash before another fee payment (1.026917ms)
✔ stale claim rejects changed depositor before another fee payment (0.974625ms)
✔ an existing note is not confirmation of an unresolved saved claim transaction (2.686208ms)
✔ failed claim does not enter the former thirty-attempt loop (1.364583ms)
✔ saved claim rejects a replaced active deposit before proving (1.128292ms)
✔ saved claim rejects a block changed during metadata retrieval (0.763083ms)
✔ saved claim metadata timeout cannot prepare fees or proofs (21.101833ms)
✔ explicit recovery restores exact saved transfer-censor arguments (2.16725ms)
✔ explicit recovery restores exact saved set-moderation-policy arguments (1.940584ms)
✔ explicit recovery restores exact saved declare-immoral arguments (1.990667ms)
✔ daemon stale transaction reconciliation regenerates the same job (1.600584ms)
✔ daemon stale transaction reconciliation rejects another job (1.359166ms)
✔ saved moderator request cannot spend fees after authority transfers away (1.952875ms)
✔ real preparer failures stop every routed action before proof/send/funding and preserve bootstrap input (199.369042ms)
✔ actual claim readiness rejects absent, failed and wrong-index membership before fees or submission (9.53675ms)
✔ actual claim waits for delayed exact receipt key then prepares fees and submits once (3.759ms)
✔ node failures are surfaced after one request, before private fee work (0.551458ms)
✔ contract registration failures are surfaced after one attempt (0.652667ms)
✔ cached wallet sync failure stops the next operation before fee preparation (0.987334ms)
✔ simulation failure is not retried and cannot start proving (0.305666ms)
✔ list rejects failed get_censor instead of inventing configuration (0.784125ms)
✔ list rejects failed get_k_multiplier instead of inventing configuration (0.962709ms)
✔ list rejects failed get_censor_window instead of inventing configuration (0.816458ms)
✔ list rejects failed get_max_save_up instead of inventing configuration (0.6595ms)
✔ failed board lookup is not classified as an absent deployment (0.616583ms)
✔ failed portal binding read prevents application actions (0.647958ms)
✔ automatic screening propagates a failed state refresh without another attempt (1.060291ms)
✔ list cannot report an unreadable flag as an unflagged post (1.0975ms)
✔ bare reuse cannot turn recovery into a new deposit (0.471291ms)
✔ confirmed claim with failed sync reports confirmation and prevents further actions (2.648042ms)
✔ post reads time from the pinned RPC BlockResponse schema (3.139875ms)
✔ automatic screening rechecks chain cooldown (advancing=true) (4.782791ms)
✔ automatic screening rechecks chain cooldown (advancing=false) (24.964167ms)
✔ accepted claim survives engine restart and changed UI intent through the real encrypted journal (251.266875ms)
✔ accepted dummy survives engine restart and changed UI intent through the real encrypted journal (244.098666ms)
✔ confirmed claim with missing delivered note reports synchronization pending without resubmission (2.787375ms)
✔ actual wallet rejects total-da before proving or submitting (0.512ms)
✔ actual wallet rejects total-l2 before proving or submitting (0.257ms)
✔ actual wallet rejects teardown-da before proving or submitting (0.219084ms)
✔ actual wallet rejects teardown-l2 before proving or submitting (0.212916ms)
✔ actual wallet rejects missing-public before proving or submitting (0.203625ms)
✔ actual wallet rejects revert before proving or submitting (0.22775ms)
✔ entirely private simulation needs no public output and still checks gas before proof (0.367833ms)
✔ recovered withdrawal survives status without Ethereum signer and after reconnect (1.024708ms)
✔ zero portal balance preserves the exact withdrawal until verified refund recovery (0.694583ms)
✔ Ethereum refund recovery binds the saved L2 withdrawal: matching (1.180041ms)
✔ Ethereum refund recovery binds the saved L2 withdrawal: older-refund (0.916208ms)
✔ Ethereum refund recovery binds the saved L2 withdrawal: missing-witness (0.652916ms)
✔ Ethereum refund recovery binds the saved L2 withdrawal: rpc-error (1.068333ms)
✔ fee preparation preserves only the recognized low-cap diagnostic (0.350083ms)
✔ fixed fee reservation is revalidated: revert stops before proof (0.354666ms)
✔ fixed fee reservation is revalidated: gas-change stops before proof (0.239417ms)
✔ claim retrieves active metadata after reload without receipts or log scans (1.85625ms)
✔ fee readiness preserves only safe classification: PRIVATE_FEE_BALANCE_INSUFFICIENT (0.299667ms)
✔ fee readiness preserves only safe classification: PRIVATE_FEE_CLAIM_INSUFFICIENT (0.247667ms)
✔ fee readiness preserves only safe classification: UNTRUSTED (0.393791ms)
✔ public claim failures keep useful safe classifications across repeated formatting (0.767375ms)
✔ new Ethereum deposit checks fee readiness before secret storage or payment: false (0.985417ms)
✔ new Ethereum deposit checks fee readiness before secret storage or payment: true (0.777625ms)
✔ automatic fee funding reaches board claim with recovered=false (2.413916ms)
✔ automatic fee funding reaches board claim with recovered=true (2.511125ms)
✔ withdrawal preparation cannot start a proof beyond the reviewed step budget (0.930875ms)
✔ withdrawal stops spending when screening does not advance (0.833542ms)
✔ withdrawal waits through the actual moderation deadline before any proof (2.129459ms)
✔ reviewed moderator recovery: confirmed (1.200916ms)
✔ reviewed moderator recovery: stale (0.924625ms)
✔ reviewed moderator recovery: approved (1.071792ms)
✔ reviewed moderator recovery: changed (0.862333ms)
✔ post returns its public message identity and actual fee to the application (0.746458ms)
✔ read-only startup withdrawal reconciliation: current (0.828833ms)
✔ read-only startup withdrawal reconciliation: old-cycle (0.890208ms)
✔ read-only startup withdrawal reconciliation: pending (0.590625ms)
✔ read-only startup withdrawal reconciliation: reverted (0.57175ms)
✔ read-only startup withdrawal reconciliation: malformed (0.4365ms)
✔ explicit invalid board link: garbage (4.219833ms)
✔ explicit invalid board link: https://board.test/user.html (0.496833ms)
✔ explicit invalid board link: javascript:alert(1) (0.375583ms)
✔ explicit invalid board link: https://board.test/#bad (0.7785ms)
✔ unsupported network is different from an invalid link (0.378375ms)
✔ canonical explicit link and ordinary default both resolve the hosted board (0.334583ms)
✔ permanent incompatibility and temporary connectivity expose different next actions (0.259708ms)
✔ invalid explicit moderator link never inherits saved board or initializes wallet (1.554833ms)
✔ moderator without incoming link retains custom-network saved configuration (0.671ms)
✔ late moderator resolution cannot replace explicitly selected board: false (0.543542ms)
✔ late moderator resolution cannot replace explicitly selected board: true (0.343125ms)
✔ explicit moderator reload preserves selected custom network without hosted fallback (0.992583ms)
✔ navigation config from a different board never overrides an explicit incoming link (0.40375ms)
✔ changing board during session termination cannot reload an obsolete selection (0.331541ms)
✔ explicitly clearing selected board removes its navigation state before reload (0.736625ms)
✔ credit below board ceiling funds a real-priced measured reservation (56.697167ms)
✔ allocation respects both priced dimensions [object Object] (0.714042ms)
✔ allocation respects both priced dimensions [object Object] (0.795458ms)
✔ allocation respects both priced dimensions [object Object] (0.606208ms)
✔ only exact expected refund OOG is accepted as the zero-teardown probe (0.665958ms)
✔ an application shortage grows the probe and never returns its incomplete gas as a quote (0.676417ms)
✔ search exhaustion is distinct from insufficient balance and cannot send (0.428417ms)
✔ fragmentation cannot silently trigger another funding payment (0.265792ms)
✔ setup throws and final failures stop before any proof or submission (0.682542ms)
✔ context changes stop measurement before simulation (0.143875ms)
✔ cold claim retains bridge witness and application payload (0.992375ms)
✔ SDK adapter sends zero-priced private measurement only to local PXE, with account scopes (0.157209ms)
✔ SDK adapter retains native public revert gas while strict wallet validation still rejects it (0.132083ms)
✔ native refund out-of-gas spelling is measured, never accepted as a final result (0.5585ms)
✔ refund probe cannot accept wrong-selector native out-of-gas (0.568084ms)
✔ refund probe cannot accept nested native out-of-gas (0.457625ms)
✔ operator ceilings above node limits do not reject a small measured transaction (0.31ms)
✔ reverted final simulation without optional reason cannot be accepted (0.337541ms)
✔ cold setup out-of-gas fails closed rather than disguising rejection as funding shortage (0.198542ms)
✔ actual wallet preserves the measured proof budget and refuses late reasonless reverts: false (11.892666ms)
✔ actual wallet preserves the measured proof budget and refuses late reasonless reverts: true (1.477084ms)
✔ full Field salt reaches derivation without placing keys in DOM (3.432625ms)
✔ failed derivation does not activate or overwrite secret fields (0.494416ms)
✔ malformed import event emits bounded diagnostics and clears selection (0.422959ms)
✔ signature generation and silent wallet replacement are unavailable (0.323791ms)
✔ final network mismatch prevents activating a signer (0.5515ms)
✔ callback failure invalidates activated session without logging callback diagnostics (0.391709ms)
✔ initial account authorization event permits the matching browser signer (0.427875ms)
✔ preactivation notification does not override final account: different account (0.338375ms)
✔ preactivation notification does not override final account: empty authorization (0.330334ms)
✔ preactivation notification does not override final account: malformed authorization (0.564958ms)
✔ final account read rejects a replacement even without an event (0.726875ms)
✔ same-account notification after connection is not a replacement (0.418459ms)
✔ disconnect during authorization prevents activating a signer (0.3665ms)
✔ transient selection events before activation are reconciled with final provider reads (0.330625ms)
✔ repeated matching authorization notifications permit connection (0.321ms)
✔ new account requires explicit passkey creation and saves no secret (1.373709ms)
✔ saved metadata unlocks the exact passkey instead of creating (0.566209ms)
✔ cancelled passkey or changed Ethereum context never activates an account (1.315125ms)
✔ invalid saved account null cannot create a replacement (0.34925ms)
✔ invalid saved account false cannot create a replacement (0.315916ms)
✔ invalid saved account 0 cannot create a replacement (0.290833ms)
✔ invalid saved account "" cannot create a replacement (0.298375ms)
✔ invalid saved account [] cannot create a replacement (0.307916ms)
✔ invalid saved account {} cannot create a replacement (0.298292ms)
✔ corrupt metadata fails closed, explicit import repairs it (0.397708ms)
✔ absent browser wallet returns an actionable code without opening an account (0.306792ms)
✔ the selected provider owns signing and event invalidation, not the global (0.320584ms)
✔ requested network switch is accepted but unexpected network changes still invalidate (0.97775ms)
✔ rejecting a network switch leaves the session disconnected (0.428459ms)
✔ events from a previously rejected wallet cannot invalidate the newly selected wallet (0.39925ms)
✔ selected wallet identity is shown with its exact authorized account (0.446125ms)
✔ disconnect immediately clears connected status and shows reconnect guidance (0.382ms)
✔ accountsChanged immediately clears connected status and shows reconnect guidance (0.278083ms)
✔ chainChanged immediately clears connected status and shows reconnect guidance (0.274792ms)
✔ explicit invalidation notifies consumers, including outside wallet events (0.327208ms)
✔ explicit account selection requests fresh permission before activating a signer (0.288666ms)
✔ rejected account selection cannot silently reuse a previously authorized account (0.273667ms)
✔ after passkey cancellation a new connection still requests account selection (0.373416ms)
✔ permission selection can replace an older origin grant before signer activation (0.329167ms)
✔ permission dialog may clear and replace accounts and announce its network before activation (0.292125ms)
✔ disconnect while choosing an account still prevents activating a signer (0.320958ms)
✔ final account validation reads the transport rather than a cached provider result (0.28925ms)
✔ preactivation disconnect followed by reconnect permits a validated session (0.284084ms)
✔ same-chain announcements after activation preserve the session; a changed chain invalidates it (0.287083ms)
✔ existing account choice authenticates instead of creating when browser metadata is missing (0.348625ms)
✔ active application work prevents lock and passkey replacement (0.34675ms)
✔ a throwing rendering listener cannot leave custody busy (0.307916ms)
✔ damaged metadata is typed and the public formatter gives an explicit recovery action (1.056958ms)
✔ invalid raw wallet fields and mismatched address have actionable import errors (0.67725ms)
✔ lost binding response resumes from encrypted transaction without supplied hash or another binding (43.308334ms)
✔ lost board deployment response resumes original transaction and deploys the board only once (10.465ms)
✔ unresolved saved binding cannot start another transaction or falsely complete setup (30.107875ms)
✔ missing journal fails closed before any deployment signature and closes PXE (1.599292ms)
✔ definitively stale deploy proof regenerates only the same deployment operation (20.522166ms)
✔ definitively stale binding proof regenerates only the same deployment operation (15.988791ms)
✔ stale binding cannot silently accept another binding that appeared meanwhile (8.420375ms)
✔ stale binding cannot redeploy a missing original Ethereum portal (12.27675ms)
✔ stale board deployment cannot silently accept a board that appeared meanwhile (9.390708ms)
✔ deployment preflight rejects missing manifest before any transaction (1.322708ms)
✔ deployment preflight rejects Aztec actor before any transaction (2.056042ms)
✔ deployment preflight rejects Ethereum actor before any transaction (1.718292ms)
✔ deployment preflight rejects chain before any transaction (1.085417ms)
✔ deployment preflight rejects bridge before any transaction (1.175291ms)
✔ deployment preflight rejects artifact before any transaction (1.729ms)
✔ existing deployment rejects runtime mismatch before binding (6.734333ms)
✔ existing deployment rejects inbox mismatch before binding (4.24225ms)
✔ existing deployment rejects outbox mismatch before binding (3.46225ms)
✔ existing deployment rejects policy mismatch before binding (12.054417ms)
✔ existing deployment rejects censor mismatch before binding (3.665959ms)
✔ owned preflight provider is disposed even before wallet/PXE startup (1.054542ms)
✔ external browser provider is not disposed (6.486625ms)
✔ deployed originalContractClassId mismatch blocks binding (1.937584ms)
✔ deployed currentContractClassId mismatch blocks binding (1.872375ms)
✔ critical is_portal_set read is bounded (22.353375ms)
✔ critical get_config_hash read is bounded (24.787834ms)
✔ critical get_portal read is bounded (25.101416ms)
✔ malformed portal binding boolean null fails closed (2.178083ms)
✔ malformed portal binding boolean undefined fails closed (1.524625ms)
✔ malformed portal binding boolean 0 fails closed (1.761125ms)
✔ malformed portal binding boolean "false" fails closed (2.550791ms)
✔ malformed portal binding boolean {} fails closed (3.127625ms)
✔ preactivation deposit state is bounded and malformed value fails (33.447125ms)
✔ deployment initialization exposes typed preparation and synchronization progress (5.917791ms)
✔ password encryption roundtrips full salt and scoped claims without exposing plaintext (153.187125ms)
✔ wrong passwords, ciphertext edits and parameter edits fail closed (149.251166ms)
✔ optional wallet/network isolation rejects mismatch while all-network backup preserves scopes (0.789709ms)
✔ wallet parsing preserves large salt and rejects unsafe numeric or field overflow (0.364458ms)
✔ claim export selects this wallet and roundtrips all original network scopes offline (10.67825ms)
✔ bulk restore is idempotent and conflicting records cannot partially restore (2.959875ms)
✔ different wallet accounts can hold the same scope independently (4.468125ms)
✔ a concurrent custody change aborts the entire write transaction (3.864ms)
✔ pinned Aztec commitment validation rejects poisoning before custody writes (352.151875ms)
ℹ tests 304
ℹ suites 0
ℹ pass 304
ℹ fail 0
ℹ cancelled 0
ℹ skipped 0
ℹ todo 0
ℹ duration_ms 2740.464541
