✔ explicit invalid board link: garbage (3.497708ms)
✔ explicit invalid board link: https://board.test/user.html (0.753708ms)
✔ explicit invalid board link: javascript:alert(1) (0.673541ms)
✔ explicit invalid board link: https://board.test/#bad (1.018625ms)
✔ unsupported network is different from an invalid link (0.721333ms)
✔ canonical explicit link and ordinary default both resolve the hosted board (0.600958ms)
✔ permanent incompatibility and temporary connectivity expose different next actions (1.380833ms)
✔ invalid explicit moderator link never inherits saved board or initializes wallet (5.428042ms)
✔ moderator without incoming link retains custom-network saved configuration (0.4915ms)
✔ late moderator resolution cannot replace explicitly selected board: false (0.466417ms)
✔ late moderator resolution cannot replace explicitly selected board: true (0.323333ms)
✔ explicit moderator reload preserves selected custom network without hosted fallback (0.963875ms)
✔ navigation config from a different board never overrides an explicit incoming link (0.391333ms)
✔ changing board during session termination cannot reload an obsolete selection (0.325166ms)
✔ explicitly clearing selected board removes its navigation state before reload (0.816333ms)
✔ full Field salt reaches derivation without placing keys in DOM (6.002334ms)
✔ failed derivation does not activate or overwrite secret fields (0.528125ms)
✔ malformed import event emits bounded diagnostics and clears selection (0.436625ms)
✔ signature generation and silent wallet replacement are unavailable (0.326166ms)
✔ final network mismatch prevents activating a signer (0.591417ms)
✔ callback failure invalidates activated session without logging callback diagnostics (0.3845ms)
✔ initial account authorization event permits the matching browser signer (0.43275ms)
✔ preactivation notification does not override final account: different account (0.394083ms)
✔ preactivation notification does not override final account: empty authorization (0.375792ms)
✔ preactivation notification does not override final account: malformed authorization (0.710375ms)
✔ final account read rejects a replacement even without an event (0.437833ms)
✔ same-account notification after connection is not a replacement (0.377666ms)
✔ disconnect during authorization prevents activating a signer (0.339916ms)
✔ transient selection events before activation are reconciled with final provider reads (0.952333ms)
✔ repeated matching authorization notifications permit connection (0.517208ms)
✔ new account requires explicit passkey creation and saves no secret (1.09475ms)
✔ saved metadata unlocks the exact passkey instead of creating (0.502459ms)
✔ cancelled passkey or changed Ethereum context never activates an account (1.394959ms)
✔ invalid saved account null cannot create a replacement (0.371833ms)
✔ invalid saved account false cannot create a replacement (0.334417ms)
✔ invalid saved account 0 cannot create a replacement (0.296ms)
✔ invalid saved account "" cannot create a replacement (0.309459ms)
✔ invalid saved account [] cannot create a replacement (0.5455ms)
✔ invalid saved account {} cannot create a replacement (0.779791ms)
✔ corrupt metadata fails closed, explicit import repairs it (0.746417ms)
✔ absent browser wallet returns an actionable code without opening an account (0.589625ms)
✔ the selected provider owns signing and event invalidation, not the global (0.625292ms)
✔ requested network switch is accepted but unexpected network changes still invalidate (0.89425ms)
✔ rejecting a network switch leaves the session disconnected (0.970541ms)
✔ events from a previously rejected wallet cannot invalidate the newly selected wallet (0.911333ms)
✔ selected wallet identity is shown with its exact authorized account (0.533542ms)
✔ disconnect immediately clears connected status and shows reconnect guidance (0.867458ms)
✔ accountsChanged immediately clears connected status and shows reconnect guidance (0.52425ms)
✔ chainChanged immediately clears connected status and shows reconnect guidance (0.842625ms)
✔ explicit invalidation notifies consumers, including outside wallet events (0.771541ms)
✔ explicit account selection requests fresh permission before activating a signer (0.509833ms)
✔ rejected account selection cannot silently reuse a previously authorized account (0.593208ms)
✔ after passkey cancellation a new connection still requests account selection (1.070375ms)
✔ permission selection can replace an older origin grant before signer activation (0.600417ms)
✔ permission dialog may clear and replace accounts and announce its network before activation (0.48875ms)
✔ disconnect while choosing an account still prevents activating a signer (0.446625ms)
✔ final account validation reads the transport rather than a cached provider result (0.381167ms)
✔ preactivation disconnect followed by reconnect permits a validated session (0.337ms)
✔ same-chain announcements after activation preserve the session; a changed chain invalidates it (0.303625ms)
✔ existing account choice authenticates instead of creating when browser metadata is missing (0.401375ms)
✔ active application work prevents lock and passkey replacement (0.372417ms)
✔ a throwing rendering listener cannot leave custody busy (0.803ms)
✔ damaged metadata is typed and the public formatter gives an explicit recovery action (2.002416ms)
✔ invalid raw wallet fields and mismatched address have actionable import errors (0.973791ms)
✔ lost binding response resumes from encrypted transaction without supplied hash or another binding (42.95725ms)
✔ lost board deployment response resumes original transaction and deploys the board only once (9.136875ms)
✔ unresolved saved binding cannot start another transaction or falsely complete setup (31.837708ms)
✔ missing journal fails closed before any deployment signature and closes PXE (2.404834ms)
✔ definitively stale deploy proof regenerates only the same deployment operation (16.396958ms)
✔ definitively stale binding proof regenerates only the same deployment operation (14.620333ms)
✔ stale binding cannot silently accept another binding that appeared meanwhile (6.268167ms)
✔ stale binding cannot redeploy a missing original Ethereum portal (8.165375ms)
✔ stale board deployment cannot silently accept a board that appeared meanwhile (4.930084ms)
✔ deployment preflight rejects missing manifest before any transaction (0.813042ms)
✔ deployment preflight rejects Aztec actor before any transaction (0.976583ms)
✔ deployment preflight rejects Ethereum actor before any transaction (0.856542ms)
✔ deployment preflight rejects chain before any transaction (0.847125ms)
✔ deployment preflight rejects bridge before any transaction (0.832667ms)
✔ deployment preflight rejects artifact before any transaction (0.649083ms)
✔ existing deployment rejects runtime mismatch before binding (5.458875ms)
✔ existing deployment rejects inbox mismatch before binding (4.082625ms)
✔ existing deployment rejects outbox mismatch before binding (3.231667ms)
✔ existing deployment rejects policy mismatch before binding (2.00125ms)
✔ existing deployment rejects censor mismatch before binding (4.379667ms)
✔ owned preflight provider is disposed even before wallet/PXE startup (2.110667ms)
✔ external browser provider is not disposed (5.983542ms)
✔ deployed originalContractClassId mismatch blocks binding (1.994416ms)
✔ deployed currentContractClassId mismatch blocks binding (1.947542ms)
✔ critical is_portal_set read is bounded (22.451667ms)
✔ critical get_config_hash read is bounded (24.014458ms)
✔ critical get_portal read is bounded (25.138625ms)
✔ malformed portal binding boolean null fails closed (2.575ms)
✔ malformed portal binding boolean undefined fails closed (2.512958ms)
✔ malformed portal binding boolean 0 fails closed (4.841042ms)
✔ malformed portal binding boolean "false" fails closed (4.99ms)
✔ malformed portal binding boolean {} fails closed (5.729208ms)
✔ preactivation deposit state is bounded and malformed value fails (32.986ms)
✔ deployment initialization exposes typed preparation and synchronization progress (4.880542ms)
✔ password encryption roundtrips full salt and scoped claims without exposing plaintext (162.594125ms)
✔ wrong passwords, ciphertext edits and parameter edits fail closed (162.146167ms)
✔ optional wallet/network isolation rejects mismatch while all-network backup preserves scopes (0.758667ms)
✔ wallet parsing preserves large salt and rejects unsafe numeric or field overflow (0.361125ms)
✔ claim export selects this wallet and roundtrips all original network scopes offline (7.971833ms)
✔ bulk restore is idempotent and conflicting records cannot partially restore (2.267458ms)
✔ different wallet accounts can hold the same scope independently (3.385042ms)
✔ a concurrent custody change aborts the entire write transaction (2.492959ms)
✔ pinned Aztec commitment validation rejects poisoning before custody writes (156.936333ms)
ℹ tests 107
ℹ suites 0
ℹ pass 107
ℹ fail 0
ℹ cancelled 0
ℹ skipped 0
ℹ todo 0
ℹ duration_ms 851.791042
