✔ normal author calls carry only private payment method and bootstrap claim is consumed once (3.8485ms)
✔ unknown submission is preserved without retry and private errors are redacted (2.596042ms)
✔ missing private fee configuration fails before account work for every private action (2.477833ms)
✔ actual wallet preserves a fixed fee budget and account scope/tag (28.402917ms)
✔ actual main claim uses standard author call with private fee payment (10.297375ms)
✔ actual main post uses standard author call with private fee payment (2.566167ms)
✔ actual main post dummy uses standard author call with private fee payment (1.616875ms)
✔ actual main withdraw uses standard author call with private fee payment (4.1645ms)
✔ moderator calls use their normal account with private fee payment (1.075625ms)
✔ inherited object names never select an application method (0.313834ms)
✔ actual main private post works with no Ethereum signer (1.030708ms)
✔ actual main fails before PXE when RPC identity changed after CLI preflight (0.68675ms)
✔ settlement pending returns after one witness lookup, without ninety-minute polling (1.372833ms)
✔ witness RPC failure remains unknown, never a false unclaimed or paid result (0.959041ms)
✔ consumed/error text is not evidence of a refund: false (1.940417ms)
✔ consumed/error text is not evidence of a refund: true (0.942208ms)
✔ actual main refuses a private send when durable journal is unavailable (0.665458ms)
✔ actual main recovery avoids proving and Ethereum signing and reports revert distinctly (1.243959ms)
✔ Ethereum recovery handles already refunded receipts before checking active deposit (1.4705ms)
✔ actual moderator declare-immoral uses the active wallet's durable journal (1.026791ms)
✔ actual moderator declare-immoral refuses an unresolved previous transaction before preparing a fee (0.5105ms)
✔ actual moderator set-moderation-policy uses the active wallet's durable journal (0.968875ms)
✔ actual moderator set-moderation-policy refuses an unresolved previous transaction before preparing a fee (0.441ms)
✔ actual moderator transfer-censor uses the active wallet's durable journal (0.678667ms)
✔ actual moderator transfer-censor refuses an unresolved previous transaction before preparing a fee (0.423ms)
✔ moderator wallet cannot bypass journal ownership by supplying a second key (0.578042ms)
✔ moderator recovery success distinguishes an already completed identical transfer from a failed one (1.0595ms)
✔ moderator recovery reverted distinguishes an already completed identical transfer from a failed one (0.911334ms)
✔ moderator recovery with unknown outcome cannot prepare another private fee payment (0.601542ms)
✔ actual recovery dispatcher restores the saved message and nonce before requesting a fresh post proof (1.502709ms)
✔ already published stable identity blocks a replacement before fee preparation (0.835917ms)
✔ recovery cannot silently regenerate a dummy operation (0.904ms)
✔ recovery cannot silently regenerate a withdraw operation (0.590417ms)
✔ recovery cannot silently regenerate a claim operation (0.504583ms)
✔ claim  records its own operation rather than stale real-post metadata (3.38875ms)
✔ post dummy records its own operation rather than stale real-post metadata (0.82725ms)
✔ withdraw  records its own operation rather than stale real-post metadata (1.076417ms)
✔ missing withdrawal note never proves success when history contains no exit (0.731708ms)
✔ missing withdrawal note never proves success when history is unavailable (0.584875ms)
✔ missing withdrawal note requires saved transaction recovery even if matching exit content exists (0.88175ms)
✔ missing withdrawal note cannot recover a reverted exit (0.706791ms)
✔ an exit for another selected deposit cannot complete withdrawal (0.716833ms)
✔ withdrawal recovery without original claim custody cannot guess deposit ownership (0.752834ms)
✔ missing withdrawal note rejects without scanning history or looking up a claim secret (0.836ms)
✔ saved dummy requires the same source screening sequence (unchanged) (0.882833ms)
✔ saved dummy requires the same source screening sequence (changed) (0.652542ms)
✔ saved withdraw requires the same source screening sequence (unchanged) (0.638958ms)
✔ saved withdraw requires the same source screening sequence (changed) (0.710333ms)
✔ actual wallet passes attributed application spend to the durable journal before submission (139.875875ms)
✔ successful retried screening releases its step guard before the following withdrawal (3.31725ms)
✔ stale claim restores exact original receipt and claim identity without depositing again (2.838292ms)
✔ stale claim rejects changed messageKey before another fee payment (1.254042ms)
✔ stale claim rejects changed amount before another fee payment (0.841916ms)
✔ stale claim rejects changed leafIndex before another fee payment (0.825917ms)
✔ stale claim rejects changed depositChain before another fee payment (0.748625ms)
✔ stale claim rejects changed secretHash before another fee payment (0.836ms)
✔ stale claim rejects changed depositor before another fee payment (0.711417ms)
✔ an existing note is not confirmation of an unresolved saved claim transaction (2.706291ms)
✔ failed claim does not enter the former thirty-attempt loop (2.975333ms)
✔ saved claim rejects a replaced active deposit before proving (1.284084ms)
✔ saved claim rejects a block changed during metadata retrieval (0.850292ms)
✔ saved claim metadata timeout cannot prepare fees or proofs (21.265917ms)
✔ explicit recovery restores exact saved transfer-censor arguments (2.54525ms)
✔ explicit recovery restores exact saved set-moderation-policy arguments (2.675834ms)
✔ explicit recovery restores exact saved declare-immoral arguments (2.2075ms)
✔ daemon stale transaction reconciliation regenerates the same job (2.463791ms)
✔ daemon stale transaction reconciliation rejects another job (2.216625ms)
✔ saved moderator request cannot spend fees after authority transfers away (2.732041ms)
✔ real preparer failures stop every routed action before proof/send/funding and preserve bootstrap input (205.785458ms)
✔ actual claim readiness rejects absent, failed and wrong-index membership before fees or submission (10.210334ms)
✔ actual claim waits for delayed exact receipt key then prepares fees and submits once (4.076458ms)
✔ node failures are surfaced after one request, before private fee work (0.721209ms)
✔ contract registration failures are surfaced after one attempt (0.871042ms)
✔ cached wallet sync failure stops the next operation before fee preparation (1.304791ms)
✔ simulation failure is not retried and cannot start proving (0.357375ms)
✔ list rejects failed get_censor instead of inventing configuration (0.843084ms)
✔ list rejects failed get_k_multiplier instead of inventing configuration (0.828375ms)
✔ list rejects failed get_censor_window instead of inventing configuration (0.583875ms)
✔ list rejects failed get_max_save_up instead of inventing configuration (0.565875ms)
✔ failed board lookup is not classified as an absent deployment (0.503875ms)
✔ failed portal binding read prevents application actions (0.537125ms)
✔ automatic screening propagates a failed state refresh without another attempt (1.002166ms)
✔ list cannot report an unreadable flag as an unflagged post (1.270583ms)
✔ bare reuse cannot turn recovery into a new deposit (0.6345ms)
✔ confirmed claim with failed sync reports confirmation and prevents further actions (2.257708ms)
✔ post reads time from the pinned RPC BlockResponse schema (2.8985ms)
✔ automatic screening rechecks chain cooldown (advancing=true) (4.719959ms)
✔ automatic screening rechecks chain cooldown (advancing=false) (25.327833ms)
✔ accepted claim survives engine restart and changed UI intent through the real encrypted journal (273.222958ms)
✔ accepted dummy survives engine restart and changed UI intent through the real encrypted journal (240.914125ms)
✔ confirmed claim with missing delivered note reports synchronization pending without resubmission (2.950917ms)
✔ actual wallet rejects total-da before proving or submitting (0.514667ms)
✔ actual wallet rejects total-l2 before proving or submitting (0.28ms)
✔ actual wallet rejects teardown-da before proving or submitting (0.342667ms)
✔ actual wallet rejects teardown-l2 before proving or submitting (0.27675ms)
✔ actual wallet rejects missing-public before proving or submitting (0.243917ms)
✔ actual wallet rejects revert before proving or submitting (0.241334ms)
✔ entirely private simulation needs no public output and still checks gas before proof (0.428459ms)
✔ recovered withdrawal survives status without Ethereum signer and after reconnect (1.110875ms)
✔ zero portal balance preserves the exact withdrawal until verified refund recovery (1.009541ms)
✔ Ethereum refund recovery binds the saved L2 withdrawal: matching (1.319333ms)
✔ Ethereum refund recovery binds the saved L2 withdrawal: older-refund (0.964959ms)
✔ Ethereum refund recovery binds the saved L2 withdrawal: missing-witness (0.927916ms)
✔ Ethereum refund recovery binds the saved L2 withdrawal: rpc-error (1.0015ms)
✔ fee preparation preserves only the recognized low-cap diagnostic (0.436375ms)
✔ fixed fee reservation is revalidated: revert stops before proof (0.376875ms)
✔ fixed fee reservation is revalidated: gas-change stops before proof (0.261583ms)
✔ claim retrieves active metadata after reload without receipts or log scans (1.929625ms)
✔ fee readiness preserves only safe classification: PRIVATE_FEE_BALANCE_INSUFFICIENT (0.394625ms)
✔ fee readiness preserves only safe classification: PRIVATE_FEE_CLAIM_INSUFFICIENT (0.261833ms)
✔ fee readiness preserves only safe classification: UNTRUSTED (0.244875ms)
✔ public claim failures keep useful safe classifications across repeated formatting (1.025125ms)
✔ new Ethereum deposit checks fee readiness before secret storage or payment: false (0.891792ms)
✔ new Ethereum deposit checks fee readiness before secret storage or payment: true (0.811666ms)
✔ automatic fee funding reaches board claim with recovered=false (2.535625ms)
✔ automatic fee funding reaches board claim with recovered=true (2.396167ms)
✔ withdrawal preparation cannot start a proof beyond the reviewed step budget (0.791292ms)
✔ withdrawal stops spending when screening does not advance (0.719417ms)
✔ withdrawal waits through the actual moderation deadline before any proof (1.993625ms)
✔ reviewed moderator recovery: confirmed (1.275416ms)
✔ reviewed moderator recovery: stale (0.970417ms)
✔ reviewed moderator recovery: approved (1.146708ms)
✔ reviewed moderator recovery: changed (0.942541ms)
✔ post returns its public message identity and actual fee to the application (0.703458ms)
✔ read-only startup withdrawal reconciliation: current (0.703292ms)
✔ read-only startup withdrawal reconciliation: old-cycle (0.833083ms)
✔ read-only startup withdrawal reconciliation: pending (0.577709ms)
✔ read-only startup withdrawal reconciliation: reverted (0.576125ms)
✔ read-only startup withdrawal reconciliation: malformed (0.443042ms)
✔ credit below board ceiling funds a real-priced measured reservation (57.851209ms)
✔ allocation respects both priced dimensions [object Object] (0.62225ms)
✔ allocation respects both priced dimensions [object Object] (0.78725ms)
✔ allocation respects both priced dimensions [object Object] (1.034125ms)
✔ only exact expected refund OOG is accepted as the zero-teardown probe (0.5385ms)
✔ an application shortage grows the probe and never returns its incomplete gas as a quote (0.524166ms)
✔ search exhaustion is distinct from insufficient balance and cannot send (0.600459ms)
✔ fragmentation cannot silently trigger another funding payment (0.4125ms)
✔ setup throws and final failures stop before any proof or submission (0.869834ms)
✔ context changes stop measurement before simulation (0.184459ms)
✔ cold claim retains bridge witness and application payload (1.210708ms)
✔ SDK adapter sends zero-priced private measurement only to local PXE, with account scopes (0.30725ms)
✔ operator ceilings above node limits do not reject a small measured transaction (0.590666ms)
✔ reverted final simulation without optional reason cannot be accepted (0.613958ms)
✔ cold setup out-of-gas fails closed rather than disguising rejection as funding shortage (0.353167ms)
✔ actual wallet preserves the measured proof budget and refuses late reasonless reverts: false (12.040583ms)
✔ actual wallet preserves the measured proof budget and refuses late reasonless reverts: true (1.227667ms)
ℹ tests 146
ℹ suites 0
ℹ pass 146
ℹ fail 0
ℹ cancelled 0
ℹ skipped 0
ℹ todo 0
ℹ duration_ms 2778.801709
