✔ one owner preserves child outcome and verifies cleanup (54.212083ms)
✔ failed child is reported and does not lose its result during cleanup (48.311125ms)
✔ deadline terminates and reaps a real hanging process (305.671208ms)
✔ malformed worker output is a harness failure, not discarded (55.923ms)
✔ cleanup failure preserves the completed command and fails overall (21.801917ms)
✔ scenario selection is explicit and has no legacy/default route (0.622166ms)
✔ first malformed record prevents subsequent stage callbacks (50.21275ms)
✔ peak memory retains only process identity and measured RSS (0.379416ms)
ℹ tests 8
ℹ suites 0
ℹ pass 8
ℹ fail 0
ℹ cancelled 0
ℹ skipped 0
ℹ todo 0
ℹ duration_ms 575.826791
✔ actual descendant accounting includes memory in a child-created process group and cleans it (255.522916ms)
✔ remembered descendant identity survives parent exit and remains counted and terminated (263.144ms)
✔ snapshot failure after freezing cannot leave actual owned children stopped (127.982916ms)
✔ malformed process snapshots fail on the first read (0.257958ms)
✔ interrupted process snapshot is reported without retry (0.089208ms)
ℹ tests 5
ℹ suites 0
ℹ pass 5
ℹ fail 0
ℹ cancelled 0
ℹ skipped 0
ℹ todo 0
ℹ duration_ms 681.102833
✔ private prover profile defaults to one and explicitly supports two (0.55175ms)
✔ invalid counts and relative directories fail before singleton initialization (0.730125ms)
✔ scenario resource choices retain established native budgets (0.39375ms)
✔ local timing has an SDK-valid build window and Inbox readiness headroom (120.146167ms)
ℹ tests 4
ℹ suites 0
ℹ pass 4
ℹ fail 0
ℹ cancelled 0
ℹ skipped 0
ℹ todo 0
ℹ duration_ms 186.605959
✔ private fee proof preserves payment options, gas and owner context (0.77225ms)
✔ actual proven author payer rejects despite privatePayer preparation (0.426417ms)
✔ private fee route rejects a wrong account or exposed author payer (0.182917ms)
✔ payer mode is required and never inferred from an available callback (0.592875ms)
✔ explicit genesis fixture uses only the account payer (0.094875ms)
ℹ tests 5
ℹ suites 0
ℹ pass 5
ℹ fail 0
ℹ cancelled 0
ℹ skipped 0
ℹ todo 0
ℹ duration_ms 204.430375
✔ official RPC schema reaches original node and captures exactly accepted transactions (125.120042ms)
✔ official client simultaneous reads cross the RPC adapter as a batch (4.171ms)
✔ failed send is not accepted, and close disposes a hanging real HTTP request (29.796167ms)
✔ command parser keeps exact public hashes and fixed markers only (0.522959ms)
✔ actual child process runner preserves literal arguments, isolated env and fixed output (34.142458ms)
✔ timeout and excess output terminate owned child groups (141.463042ms)
✔ known command stages and failure codes retain no arbitrary output (0.192792ms)
✔ confirmed journal receipt keeps only its exact hash (0.09175ms)
ℹ tests 8
ℹ suites 0
ℹ pass 8
ℹ fail 0
ℹ cancelled 0
ℹ skipped 0
ℹ todo 0
ℹ duration_ms 871.600209
✔ rendezvous accepts only fixed stages and bounded unique public transaction identifiers (5.192375ms)
✔ atomic rendezvous cannot overwrite a prior stage or accept an unverified release (4.23675ms)
✔ missing release respects remaining parent budget (0.519ms)
✔ canonical exit rejects wrong leaf, duplicate leaf, wrong nullifier and ineligible anchor (151.736375ms)
✔ aborted lifecycle terminates a rendezvous even with a clamped legacy time callback (102.175875ms)
✔ actual shared producer builder roundtrips all five explicit browser scenarios (6.792458ms)
✔ journey diagnostic outputs fixed milestones and allowlisted exception only (0.314875ms)
✔ actual browser journey stops after one deposit action when claim reports an error (0.339875ms)
✔ partial canonical progress is ordered, bounded, public-only and copied (0.654916ms)
ℹ tests 9
ℹ suites 0
ℹ pass 9
ℹ fail 0
ℹ cancelled 0
ℹ skipped 0
ℹ todo 0
ℹ duration_ms 348.7385
✔ portable error observer preserves formatter behavior and exports only bounded safe fields (1.299334ms)
ℹ tests 1
ℹ suites 0
ℹ pass 1
ℹ fail 0
ℹ cancelled 0
ℹ skipped 0
ℹ todo 0
ℹ duration_ms 35.947959
✔ actual control flow posts once, restarts once, restores identity and invokes only recovery (98.358208ms)
✔ schema-v2 backup is rejected before post even when its stale journal list is empty (140.281583ms)
✔ stale acceptance file and expired deadline cannot restart or post (94.137125ms)
✔ acceptance requires exact schema, actual acceptance and exactly one send (2.631125ms)
✔ restart must close prior browser and retain profile/origin before reimport (94.203167ms)
✔ late physical closure cannot count as crash before automatic reconciliation (94.049958ms)
✔ recent acceptance cannot hide a submission request already older than the crash bound (94.127709ms)
ℹ tests 7
ℹ suites 0
ℹ pass 7
ℹ fail 0
ℹ cancelled 0
ℹ skipped 0
ℹ todo 0
ℹ duration_ms 654.025791
