✔ full Field salt reaches derivation and DOM without retaining old salt (2.45125ms)
✔ failed derivation does not activate or overwrite secret fields (0.427667ms)
✔ malformed import event emits bounded diagnostics and clears selection (0.343166ms)
✔ signature generation and silent wallet replacement are unavailable (0.297ms)
✔ provider change during initial connection prevents activating a stale signer (0.387041ms)
✔ callback failure invalidates activated session without logging callback diagnostics (0.684208ms)
✔ initial account authorization event permits the matching browser signer (0.385459ms)
✔ initial connection rejects different account (0.333667ms)
✔ initial connection rejects empty authorization (0.283458ms)
✔ initial connection rejects malformed authorization (0.307208ms)
✔ final account read rejects a replacement even without an event (0.270542ms)
✔ same-account notification after connection is not a replacement (0.252791ms)
✔ chainChanged during authorization still invalidates the session (0.256959ms)
✔ disconnect during authorization still invalidates the session (0.252958ms)
✔ account replacement then restoration during authorization remains invalid (0.238833ms)
✔ repeated matching authorization notifications permit connection (0.279584ms)
ℹ tests 16
ℹ suites 0
ℹ pass 16
ℹ fail 0
ℹ cancelled 0
ℹ skipped 0
ℹ todo 0
ℹ duration_ms 49.906959
