✔ browser actual module persists ciphertext and interoperates with Node AES-GCM (11.369625ms)
✔ browser actual custody rejects wrong wallet, ciphertext corruption and moved scope (4.14225ms)
✔ browser save observes transaction abort and never reports durable success (2.080625ms)
✔ actual engine codec matches frozen claim, boundary and exit commitments (7.1035ms)
✔ actual public deposit flow saves and reads back before send; returns event receipt nonce without secret (9.719458ms)
✔ actual deposit flow fails closed for missing store, failed durability and disabled portal (3.644ms)
✔ actual deposit flow fails closed for mismatched read-back and existing receipt (2.349542ms)
✔ actual recovery requires the current event nonce and exact saved secret hash without signing fallback (6.981875ms)
✔ large stable Field identity is preserved without Number conversion (0.893625ms)
✔ order parsing rejects truncation and unsafe integer aliases (0.253042ms)
✔ message byte length and canonical padding round trip multi-byte text (2.227625ms)
✔ moderation resolves displayed order once and thereafter carries only identity (0.756708ms)
✔ unknown identity and unsafe order stop before signing (0.254917ms)
✔ state conflict causes refresh and a new attempt, never resubmission of old proof (0.619833ms)
✔ uncertain submission never triggers automatic new proof or resend (0.302542ms)
✔ exact already-known transaction is reconciled without resending (0.238083ms)
✔ failed, proposed, dropped and mismatched receipts never report success (0.200417ms)
✔ queued drop requires structured pinned conflict validation before fresh proof (0.608584ms)
✔ state refresh has a bounded retry budget (0.268875ms)
✔ receipt becoming included during revalidation prevents fresh proof (0.207417ms)
✔ dummy retries reject ambiguous spent-right conflicts and allow only invalid anchor refresh (0.244417ms)
✔ outer post retry cannot override an inner dummy spent-right refusal (0.224334ms)
✔ nested dummy anchor recovery retains one two-refresh budget (0.130542ms)
✔ saved post operation requires the original canonical nonce, chain and valid message (0.728916ms)
✔ dummy state refresh rejects empty and mixed conflict reasons (0.055417ms)
✔ normal author calls carry only private payment method and bootstrap claim is consumed once (3.675875ms)
✔ unknown submission is preserved without retry and private errors are redacted (3.006791ms)
✔ missing private fee configuration fails before account work for every private action (2.169ms)
✔ actual wallet keeps configured gas and normal account scope/tag through simulation and proof (14.294166ms)
✔ actual main claim uses standard author call with private fee payment (23.61325ms)
✔ actual main post uses standard author call with private fee payment (2.671625ms)
✔ actual main post dummy uses standard author call with private fee payment (1.404125ms)
✔ actual main withdraw uses standard author call with private fee payment (1.333083ms)
✔ moderator calls use their normal account with private fee payment (1.493167ms)
✔ inherited object names never select an application method (0.728083ms)
✔ actual main private post works with no Ethereum signer (1.530792ms)
✔ actual main fails before PXE when RPC identity changed after CLI preflight (0.768708ms)
✔ settlement pending returns after one witness lookup, without ninety-minute polling (1.70275ms)
✔ witness RPC failure remains unknown, never a false unclaimed or paid result (1.255833ms)
✔ consumed/error text is not evidence of a refund: false (2.149625ms)
✔ consumed/error text is not evidence of a refund: true (1.498417ms)
✔ actual main refuses a private send when durable journal is unavailable (0.975208ms)
✔ actual main recovery avoids proving and Ethereum signing and reports revert distinctly (1.873667ms)
✔ Ethereum recovery handles already refunded receipts before checking active deposit (2.211208ms)
✔ actual moderator declare-immoral uses the active wallet's durable journal (1.464833ms)
✔ actual moderator declare-immoral refuses an unresolved previous transaction before preparing a fee (0.766042ms)
✔ actual moderator set-moderation-policy uses the active wallet's durable journal (1.27225ms)
✔ actual moderator set-moderation-policy refuses an unresolved previous transaction before preparing a fee (0.686833ms)
✔ actual moderator transfer-censor uses the active wallet's durable journal (0.930667ms)
✔ actual moderator transfer-censor refuses an unresolved previous transaction before preparing a fee (0.736917ms)
✔ moderator wallet cannot bypass journal ownership by supplying a second key (0.838542ms)
✔ moderator recovery success distinguishes an already completed identical transfer from a failed one (1.009417ms)
✔ moderator recovery reverted distinguishes an already completed identical transfer from a failed one (1.027ms)
✔ moderator recovery with unknown outcome cannot prepare another private fee payment (0.77325ms)
✔ actual recovery dispatcher restores the saved message and nonce before requesting a fresh post proof (2.317875ms)
✔ already published stable identity blocks a replacement before fee preparation (1.071458ms)
✔ recovery cannot silently regenerate a dummy operation (0.689416ms)
✔ recovery cannot silently regenerate a withdraw operation (0.6915ms)
✔ recovery cannot silently regenerate a claim operation (0.639542ms)
✔ claim  records its own operation rather than stale real-post metadata (6.798458ms)
✔ post dummy records its own operation rather than stale real-post metadata (1.08875ms)
✔ withdraw  records its own operation rather than stale real-post metadata (0.935125ms)
✔ missing withdrawal note never proves success when history contains no exit (3.570125ms)
✔ missing withdrawal note never proves success when history is unavailable (2.631083ms)
✔ missing withdrawal note can recover an exact successful canonical exit without paying again (3.784333ms)
✔ missing withdrawal note cannot recover a reverted exit (1.80975ms)
✔ an exit for another selected deposit cannot complete withdrawal (2.758209ms)
✔ withdrawal recovery without original claim custody cannot guess deposit ownership (2.4715ms)
✔ withdrawal absence reconciliation has a deadline even if its receipt read stalls (22.767125ms)
✔ saved dummy requires the same source screening sequence (unchanged) (1.622208ms)
✔ saved dummy requires the same source screening sequence (changed) (1.055708ms)
✔ saved withdraw requires the same source screening sequence (unchanged) (0.980041ms)
✔ saved withdraw requires the same source screening sequence (changed) (0.876042ms)
✔ actual wallet passes attributed application spend to the durable journal before submission (0.818542ms)
✔ successful retried screening releases its step guard before the following withdrawal (4.4915ms)
✔ stale claim restores exact original receipt and claim identity without depositing again (7.271791ms)
✔ stale claim rejects changed amount before another fee payment (3.169291ms)
✔ stale claim rejects changed depositNonce before another fee payment (2.490625ms)
✔ stale claim rejects changed leafIndex before another fee payment (2.495292ms)
✔ stale claim rejects changed depositChain before another fee payment (2.663709ms)
✔ stale claim rejects changed secretHash before another fee payment (2.691917ms)
✔ stale claim rejects changed depositor before another fee payment (2.411ms)
✔ an existing note is not confirmation of an unresolved saved claim transaction (2.986459ms)
✔ failed claim does not enter the former thirty-attempt loop (4.131417ms)
✔ saved claim rejects a receipt returned for another transaction (1.932083ms)
✔ saved claim rejects a reorged Ethereum receipt (1.8535ms)
✔ saved claim receipt reads time out before any proof or fee preparation (23.178167ms)
✔ explicit recovery restores exact saved transfer-censor arguments (2.471708ms)
✔ explicit recovery restores exact saved set-moderation-policy arguments (2.650292ms)
✔ explicit recovery restores exact saved declare-immoral arguments (1.999875ms)
✔ daemon stale transaction reconciliation regenerates the same job (2.108708ms)
✔ daemon stale transaction reconciliation rejects another job (2.264208ms)
✔ saved moderator request cannot spend fees after authority transfers away (2.47ms)
✔ real preparer failures stop every routed action before proof/send/funding and preserve bootstrap input (564.935625ms)
✔ actual claim readiness rejects absent, failed and wrong-index membership before fees or submission (14.966083ms)
✔ actual claim waits for delayed exact receipt key then prepares fees and submits once (5.285792ms)
✔ node failures are surfaced after one request, before private fee work (0.776666ms)
✔ contract registration failures are surfaced after one attempt (0.774ms)
✔ cached wallet sync failure stops the next operation before fee preparation (1.246125ms)
✔ simulation failure is not retried and cannot start proving (0.457542ms)
✔ list rejects failed get_censor instead of inventing configuration (1.069541ms)
✔ list rejects failed get_k_multiplier instead of inventing configuration (0.722542ms)
✔ list rejects failed get_censor_window instead of inventing configuration (0.902583ms)
✔ list rejects failed get_max_save_up instead of inventing configuration (0.840875ms)
✔ failed board lookup is not classified as an absent deployment (0.621458ms)
✔ failed portal binding read prevents application actions (0.809458ms)
✔ automatic screening propagates a failed state refresh without another attempt (1.099875ms)
✔ list cannot report an unreadable flag as an unflagged post (1.327959ms)
✔ deposit recovery rejects undefined without scanning or payment (3.199583ms)
✔ deposit recovery rejects 0x123 without scanning or payment (1.758791ms)
✔ deposit recovery rejects not-a-hash without scanning or payment (1.661917ms)
✔ bare reuse cannot turn recovery into a new deposit (0.773916ms)
✔ confirmed claim with failed sync reports confirmation and prevents further actions (3.902916ms)
✔ post reads time from the pinned RPC BlockResponse schema (4.462292ms)
✔ automatic screening rechecks chain cooldown (advancing=true) (4.015459ms)
✔ automatic screening rechecks chain cooldown (advancing=false) (26.182583ms)
ℹ tests 116
ℹ suites 0
ℹ pass 116
ℹ fail 0
ℹ cancelled 0
ℹ skipped 0
ℹ todo 0
ℹ duration_ms 1579.472584
