✔ browser actual module persists ciphertext and interoperates with Node AES-GCM (9.9785ms)
✔ browser actual custody rejects wrong wallet, ciphertext corruption and moved scope (4.036167ms)
✔ browser save observes transaction abort and never reports durable success (1.38725ms)
✔ actual engine codec matches frozen claim, boundary and exit commitments (5.417209ms)
✔ actual public deposit flow saves and reads back before send; returns event receipt nonce without secret (7.421666ms)
✔ actual deposit flow fails closed for missing store, failed durability and disabled portal (3.011667ms)
✔ actual deposit flow fails closed for mismatched read-back and existing receipt (1.985166ms)
✔ actual recovery requires the current event nonce and exact saved secret hash without signing fallback (5.021084ms)
✔ large stable Field identity is preserved without Number conversion (0.769042ms)
✔ order parsing rejects truncation and unsafe integer aliases (0.171417ms)
✔ message byte length and canonical padding round trip multi-byte text (2.043042ms)
✔ moderation resolves displayed order once and thereafter carries only identity (1.0635ms)
✔ unknown identity and unsafe order stop before signing (0.265625ms)
✔ state conflict causes refresh and a new attempt, never resubmission of old proof (0.53125ms)
✔ uncertain submission never triggers automatic new proof or resend (0.212959ms)
✔ exact already-known transaction is reconciled without resending (0.156416ms)
✔ failed, proposed, dropped and mismatched receipts never report success (0.123625ms)
✔ queued drop requires structured pinned conflict validation before fresh proof (1.087542ms)
✔ state refresh has a bounded retry budget (0.490833ms)
✔ receipt becoming included during revalidation prevents fresh proof (0.366208ms)
✔ dummy retries reject ambiguous spent-right conflicts and allow only invalid anchor refresh (1.015958ms)
✔ outer post retry cannot override an inner dummy spent-right refusal (0.467667ms)
✔ nested dummy anchor recovery retains one two-refresh budget (0.223ms)
✔ saved post operation requires the original canonical nonce, chain and valid message (0.502292ms)
✔ dummy state refresh rejects empty and mixed conflict reasons (0.035333ms)
✔ normal author calls carry only private payment method and bootstrap claim is consumed once (2.739917ms)
✔ unknown submission is preserved without retry and private errors are redacted (2.220958ms)
✔ missing private fee configuration fails before account work for every private action (1.595416ms)
✔ actual wallet keeps configured gas and normal account scope/tag through simulation and proof (24.702292ms)
✔ actual main claim uses standard author call with private fee payment (20.858709ms)
✔ actual main post uses standard author call with private fee payment (1.912792ms)
✔ actual main post dummy uses standard author call with private fee payment (1.068583ms)
✔ actual main withdraw uses standard author call with private fee payment (0.939709ms)
✔ moderator calls use their normal account with private fee payment (1.091709ms)
✔ inherited object names never select an application method (0.35125ms)
✔ actual main private post works with no Ethereum signer (0.956542ms)
✔ actual main fails before PXE when RPC identity changed after CLI preflight (0.477417ms)
✔ settlement pending returns after one witness lookup, without ninety-minute polling (1.43375ms)
✔ witness RPC failure remains unknown, never a false unclaimed or paid result (1.326083ms)
✔ consumed/error text is not evidence of a refund: false (2.893625ms)
✔ consumed/error text is not evidence of a refund: true (4.000834ms)
✔ actual main refuses a private send when durable journal is unavailable (1.195208ms)
✔ actual main recovery avoids proving and Ethereum signing and reports revert distinctly (1.690875ms)
✔ Ethereum recovery handles already refunded receipts before checking active deposit (1.537958ms)
✔ actual moderator declare-immoral uses the active wallet's durable journal (3.455833ms)
✔ actual moderator declare-immoral refuses an unresolved previous transaction before preparing a fee (0.945791ms)
✔ actual moderator set-moderation-policy uses the active wallet's durable journal (1.14275ms)
✔ actual moderator set-moderation-policy refuses an unresolved previous transaction before preparing a fee (0.635167ms)
✔ actual moderator transfer-censor uses the active wallet's durable journal (0.863667ms)
✔ actual moderator transfer-censor refuses an unresolved previous transaction before preparing a fee (0.726709ms)
✔ moderator wallet cannot bypass journal ownership by supplying a second key (0.641584ms)
✔ moderator recovery success distinguishes an already completed identical transfer from a failed one (0.697875ms)
✔ moderator recovery reverted distinguishes an already completed identical transfer from a failed one (0.611334ms)
✔ moderator recovery with unknown outcome cannot prepare another private fee payment (0.666125ms)
✔ actual recovery dispatcher restores the saved message and nonce before requesting a fresh post proof (1.398833ms)
✔ already published stable identity blocks a replacement before fee preparation (0.776209ms)
✔ recovery cannot silently regenerate a dummy operation (0.513541ms)
✔ recovery cannot silently regenerate a withdraw operation (0.469083ms)
✔ recovery cannot silently regenerate a claim operation (0.456083ms)
✔ claim  records its own operation rather than stale real-post metadata (10.671125ms)
✔ post dummy records its own operation rather than stale real-post metadata (1.196625ms)
✔ withdraw  records its own operation rather than stale real-post metadata (0.69275ms)
✔ missing withdrawal note never proves success when history contains no exit (3.134083ms)
✔ missing withdrawal note never proves success when history is unavailable (1.551584ms)
✔ missing withdrawal note can recover an exact successful canonical exit without paying again (2.567042ms)
✔ missing withdrawal note cannot recover a reverted exit (2.269208ms)
✔ an exit for another selected deposit cannot complete withdrawal (1.909292ms)
✔ withdrawal recovery without original claim custody cannot guess deposit ownership (1.72575ms)
✔ withdrawal absence reconciliation has a deadline even if its receipt read stalls (21.95275ms)
✔ saved dummy requires the same source screening sequence (unchanged) (1.525292ms)
✔ saved dummy requires the same source screening sequence (changed) (0.775459ms)
✔ saved withdraw requires the same source screening sequence (unchanged) (0.794958ms)
✔ saved withdraw requires the same source screening sequence (changed) (0.592042ms)
✔ actual wallet passes attributed application spend to the durable journal before submission (0.546541ms)
✔ successful retried screening releases its step guard before the following withdrawal (3.626583ms)
✔ stale claim restores exact original receipt and claim identity without depositing again (4.230042ms)
✔ stale claim rejects changed amount before another fee payment (2.790167ms)
✔ stale claim rejects changed depositNonce before another fee payment (2.355291ms)
✔ stale claim rejects changed leafIndex before another fee payment (2.406625ms)
✔ stale claim rejects changed depositChain before another fee payment (2.22975ms)
✔ stale claim rejects changed secretHash before another fee payment (2.255667ms)
✔ stale claim rejects changed depositor before another fee payment (2.204292ms)
✔ an existing note is not confirmation of an unresolved saved claim transaction (3.191459ms)
✔ failed claim does not enter the former thirty-attempt loop (3.622208ms)
✔ saved claim rejects a receipt returned for another transaction (1.733209ms)
✔ saved claim rejects a reorged Ethereum receipt (1.560167ms)
✔ saved claim receipt reads time out before any proof or fee preparation (22.117208ms)
✔ explicit recovery restores exact saved transfer-censor arguments (1.772958ms)
✔ explicit recovery restores exact saved set-moderation-policy arguments (2.250917ms)
✔ explicit recovery restores exact saved declare-immoral arguments (1.824042ms)
✔ daemon stale transaction reconciliation regenerates the same job (1.286ms)
✔ daemon stale transaction reconciliation rejects another job (1.211166ms)
✔ saved moderator request cannot spend fees after authority transfers away (1.355083ms)
✔ real preparer failures stop every routed action before proof/send/funding and preserve bootstrap input (460.907125ms)
✔ actual claim readiness rejects absent, failed and wrong-index membership before fees or submission (13.649417ms)
✔ actual claim waits for delayed exact receipt key then prepares fees and submits once (3.77175ms)
✔ node failures are surfaced after one request, before private fee work (0.697541ms)
✔ contract registration failures are surfaced after one attempt (0.666541ms)
✔ cached wallet sync failure stops the next operation before fee preparation (1.102541ms)
✔ simulation failure is not retried and cannot start proving (0.42325ms)
✔ list rejects failed get_censor instead of inventing configuration (0.948458ms)
✔ list rejects failed get_k_multiplier instead of inventing configuration (0.683416ms)
✔ list rejects failed get_censor_window instead of inventing configuration (0.578292ms)
✔ list rejects failed get_max_save_up instead of inventing configuration (0.56425ms)
✔ failed board lookup is not classified as an absent deployment (0.475834ms)
✔ failed portal binding read prevents application actions (0.56575ms)
✔ automatic screening propagates a failed state refresh without another attempt (0.757834ms)
✔ list cannot report an unreadable flag as an unflagged post (1.603375ms)
✔ deposit recovery rejects undefined without scanning or payment (5.205875ms)
✔ deposit recovery rejects 0x123 without scanning or payment (1.761833ms)
✔ deposit recovery rejects not-a-hash without scanning or payment (1.497167ms)
✔ bare reuse cannot turn recovery into a new deposit (0.524833ms)
ℹ tests 112
ℹ suites 0
ℹ pass 112
ℹ fail 0
ℹ cancelled 0
ℹ skipped 0
ℹ todo 0
ℹ duration_ms 1429.758166
