✔ browser actual module persists ciphertext and interoperates with Node AES-GCM (17.935208ms)
✔ browser actual custody rejects wrong wallet, ciphertext corruption and moved scope (3.376834ms)
✔ browser save observes transaction abort and never reports durable success (1.3135ms)
✔ actual engine codec matches frozen claim, boundary and exit commitments (5.043042ms)
✔ actual public deposit flow saves and reads back before send; returns event receipt nonce without secret (7.224458ms)
✔ actual deposit flow fails closed for missing store, failed durability and disabled portal (2.696958ms)
✔ actual deposit flow fails closed for mismatched read-back and existing receipt (1.782292ms)
✔ actual recovery requires the current event nonce and exact saved secret hash without signing fallback (5.624584ms)
✔ large stable Field identity is preserved without Number conversion (0.903667ms)
✔ order parsing rejects truncation and unsafe integer aliases (0.460625ms)
✔ message byte length and canonical padding round trip multi-byte text (2.327792ms)
✔ moderation resolves displayed order once and thereafter carries only identity (0.818166ms)
✔ unknown identity and unsafe order stop before signing (0.318292ms)
✔ state conflict causes refresh and a new attempt, never resubmission of old proof (0.486667ms)
✔ uncertain submission never triggers automatic new proof or resend (0.201458ms)
✔ exact already-known transaction is reconciled without resending (0.170792ms)
✔ failed, proposed, dropped and mismatched receipts never report success (0.162792ms)
✔ queued drop requires structured pinned conflict validation before fresh proof (0.343333ms)
✔ state refresh has a bounded retry budget (0.257584ms)
✔ receipt becoming included during revalidation prevents fresh proof (0.308834ms)
✔ dummy retries reject ambiguous spent-right conflicts and allow only invalid anchor refresh (0.40025ms)
✔ outer post retry cannot override an inner dummy spent-right refusal (0.526458ms)
✔ nested dummy anchor recovery retains one two-refresh budget (0.145542ms)
✔ saved post operation requires the original canonical nonce, chain and valid message (0.942792ms)
✔ dummy state refresh rejects empty and mixed conflict reasons (0.043292ms)
✔ normal author calls carry only private payment method and bootstrap claim is consumed once (2.51925ms)
✔ unknown submission is preserved without retry and private errors are redacted (2.238833ms)
✔ missing private fee configuration fails before account work for every private action (1.538166ms)
✔ actual wallet keeps configured gas and normal account scope/tag through simulation and proof (27.91325ms)
✔ actual main claim uses standard author call with private fee payment (18.401083ms)
✔ actual main post uses standard author call with private fee payment (2.191833ms)
✔ actual main post dummy uses standard author call with private fee payment (1.013708ms)
✔ actual main withdraw uses standard author call with private fee payment (0.865333ms)
✔ moderator calls use their normal account with private fee payment (1.109791ms)
✔ inherited object names never select an application method (0.311334ms)
✔ actual main private post works with no Ethereum signer (0.887541ms)
✔ actual main fails before PXE when RPC identity changed after CLI preflight (0.472041ms)
✔ settlement pending returns after one witness lookup, without ninety-minute polling (1.376625ms)
✔ witness RPC failure remains unknown, never a false unclaimed or paid result (1.212917ms)
✔ consumed/error text is not evidence of a refund: false (1.967ms)
✔ consumed/error text is not evidence of a refund: true (1.327792ms)
✔ actual main refuses a private send when durable journal is unavailable (0.69925ms)
✔ actual main recovery avoids proving and Ethereum signing and reports revert distinctly (1.185542ms)
✔ Ethereum recovery handles already refunded receipts before checking active deposit (1.498334ms)
✔ actual moderator declare-immoral uses the active wallet's durable journal (1.093333ms)
✔ actual moderator declare-immoral refuses an unresolved previous transaction before preparing a fee (0.560208ms)
✔ actual moderator set-moderation-policy uses the active wallet's durable journal (0.946334ms)
✔ actual moderator set-moderation-policy refuses an unresolved previous transaction before preparing a fee (0.467959ms)
✔ actual moderator transfer-censor uses the active wallet's durable journal (0.649083ms)
✔ actual moderator transfer-censor refuses an unresolved previous transaction before preparing a fee (0.518834ms)
✔ moderator wallet cannot bypass journal ownership by supplying a second key (0.638041ms)
✔ moderator recovery success distinguishes an already completed identical transfer from a failed one (0.765125ms)
✔ moderator recovery reverted distinguishes an already completed identical transfer from a failed one (1.020917ms)
✔ moderator recovery with unknown outcome cannot prepare another private fee payment (0.991625ms)
✔ actual recovery dispatcher restores the saved message and nonce before requesting a fresh post proof (1.647791ms)
✔ already published stable identity blocks a replacement before fee preparation (0.782625ms)
✔ recovery cannot silently regenerate a dummy operation (0.691333ms)
✔ recovery cannot silently regenerate a withdraw operation (0.538083ms)
✔ recovery cannot silently regenerate a claim operation (0.483042ms)
✔ claim  records its own operation rather than stale real-post metadata (5.573875ms)
✔ post dummy records its own operation rather than stale real-post metadata (1.652125ms)
✔ withdraw  records its own operation rather than stale real-post metadata (1.387875ms)
✔ missing withdrawal note never proves success when history contains no exit (11.712833ms)
✔ missing withdrawal note never proves success when history is unavailable (1.53525ms)
✔ missing withdrawal note can recover an exact successful canonical exit without paying again (2.723375ms)
✔ missing withdrawal note cannot recover a reverted exit (1.442208ms)
✔ an exit for another selected deposit cannot complete withdrawal (1.799334ms)
✔ withdrawal recovery without original claim custody cannot guess deposit ownership (1.546209ms)
✔ withdrawal absence reconciliation has a deadline even if its receipt read stalls (22.837917ms)
✔ saved dummy requires the same source screening sequence (unchanged) (1.312375ms)
✔ saved dummy requires the same source screening sequence (changed) (0.736709ms)
✔ saved withdraw requires the same source screening sequence (unchanged) (0.71875ms)
✔ saved withdraw requires the same source screening sequence (changed) (0.726958ms)
✔ actual wallet passes attributed application spend to the durable journal before submission (0.559583ms)
✔ successful retried screening releases its step guard before the following withdrawal (2.711042ms)
✔ stale claim restores exact original receipt and claim identity without depositing again (3.964667ms)
✔ stale claim rejects changed amount before another fee payment (2.317708ms)
✔ stale claim rejects changed depositNonce before another fee payment (2.267041ms)
✔ stale claim rejects changed leafIndex before another fee payment (2.078042ms)
✔ stale claim rejects changed depositChain before another fee payment (2.05025ms)
✔ stale claim rejects changed secretHash before another fee payment (2.433791ms)
✔ stale claim rejects changed depositor before another fee payment (2.0095ms)
✔ an existing note is not confirmation of an unresolved saved claim transaction (2.864834ms)
✔ failed claim does not enter the former thirty-attempt loop (4.080209ms)
✔ saved claim rejects a receipt returned for another transaction (1.660584ms)
✔ saved claim rejects a reorged Ethereum receipt (1.532209ms)
✔ saved claim receipt reads time out before any proof or fee preparation (23.171084ms)
✔ explicit recovery restores exact saved transfer-censor arguments (2.19225ms)
✔ explicit recovery restores exact saved set-moderation-policy arguments (2.165375ms)
✔ explicit recovery restores exact saved declare-immoral arguments (1.65ms)
✔ daemon stale transaction reconciliation regenerates the same job (1.453167ms)
✔ daemon stale transaction reconciliation rejects another job (1.742917ms)
✔ saved moderator request cannot spend fees after authority transfers away (1.347875ms)
✔ real preparer failures stop every routed action before proof/send/funding and preserve bootstrap input (531.5435ms)
✔ actual claim readiness rejects absent, failed and wrong-index membership before fees or submission (11.186459ms)
✔ actual claim waits for delayed exact receipt key then prepares fees and submits once (4.5115ms)
✔ node failures are surfaced after one request, before private fee work (0.993916ms)
✔ contract registration failures are surfaced after one attempt (0.810125ms)
✔ cached wallet sync failure stops the next operation before fee preparation (1.275708ms)
✔ simulation failure is not retried and cannot start proving (0.394084ms)
✔ list rejects failed get_censor instead of inventing configuration (1.030667ms)
✔ list rejects failed get_k_multiplier instead of inventing configuration (0.651084ms)
✔ list rejects failed get_censor_window instead of inventing configuration (0.622375ms)
✔ list rejects failed get_max_save_up instead of inventing configuration (0.540833ms)
✔ failed board lookup is not classified as an absent deployment (0.490042ms)
✔ failed portal binding read prevents application actions (1.034958ms)
✔ automatic screening propagates a failed state refresh without another attempt (1.468084ms)
✔ list cannot report an unreadable flag as an unflagged post (1.248792ms)
✔ deposit recovery rejects undefined without scanning or payment (5.759125ms)
✔ deposit recovery rejects 0x123 without scanning or payment (1.603917ms)
✔ deposit recovery rejects not-a-hash without scanning or payment (1.920542ms)
✔ bare reuse cannot turn recovery into a new deposit (0.617667ms)
✔ confirmed claim with failed sync reports confirmation and prevents further actions (4.7335ms)
ℹ tests 113
ℹ suites 0
ℹ pass 113
ℹ fail 0
ℹ cancelled 0
ℹ skipped 0
ℹ todo 0
ℹ duration_ms 1482.430625
