npm warn ERESOLVE overriding peer dependency
npm warn While resolving: abitype@0.8.11
npm warn Found: zod@4.6.2
npm warn node_modules/zod
npm warn   zod@"^4" from @aztec/archiver@5.2.0
npm warn   node_modules/@aztec/archiver
npm warn     @aztec/archiver@"5.2.0" from @aztec/aztec@5.2.0
npm warn     node_modules/@aztec/aztec
npm warn     5 more (@aztec/aztec-node, @aztec/cli, @aztec/node-lib, ...)
npm warn   16 more (@aztec/aztec, @aztec/aztec.js, @aztec/blob-client, ...)
npm warn
npm warn Could not resolve dependency:
npm warn peerOptional zod@"^3 >=3.19.1" from abitype@0.8.11
npm warn node_modules/@aztec/aztec/node_modules/abitype
npm warn   abitype@"^0.8.11" from @aztec/aztec@5.2.0
npm warn   node_modules/@aztec/aztec
npm warn
npm warn Conflicting peer dependency: zod@3.25.76
npm warn node_modules/zod
npm warn   peerOptional zod@"^3 >=3.19.1" from abitype@0.8.11
npm warn   node_modules/@aztec/aztec/node_modules/abitype
npm warn     abitype@"^0.8.11" from @aztec/aztec@5.2.0
npm warn     node_modules/@aztec/aztec

removed 1 package, and changed 3 packages in 2s
