✔ private prover profile defaults to one and explicitly supports two (1.579375ms)
✔ invalid counts and relative directories fail before singleton initialization (1.426209ms)
✔ scenario resource choices retain established native budgets (0.840166ms)
✔ local timing has an SDK-valid build window and Inbox readiness headroom (176.47875ms)
✔ rendezvous accepts only fixed stages and bounded unique public transaction identifiers (7.465542ms)
✔ atomic rendezvous cannot overwrite a prior stage or accept an unverified release (8.088958ms)
✔ missing release respects remaining parent budget (0.60275ms)
✔ canonical exit rejects wrong leaf, duplicate leaf, wrong nullifier and ineligible anchor (440.407542ms)
✔ aborted lifecycle terminates a rendezvous even with a clamped legacy time callback (102.975375ms)
✔ actual shared producer builder roundtrips all seven explicit browser scenarios (9.591292ms)
✔ journey diagnostic outputs fixed milestones and allowlisted exception only (0.555875ms)
✔ actual browser journey stops after one deposit action when claim reports an error (0.3595ms)
✔ partial canonical progress is ordered, bounded, public-only and copied (0.600166ms)
✔ non-Chromium lifecycle scenarios retain one explicit engine and existing bounds (0.754333ms)
ℹ tests 14
ℹ suites 0
ℹ pass 14
ℹ fail 0
ℹ cancelled 0
ℹ skipped 0
ℹ todo 0
ℹ duration_ms 677.461375
