✔ one owner preserves child outcome and verifies cleanup (90.932208ms)
✔ failed child is reported and does not lose its result during cleanup (93.52525ms)
✔ deadline terminates and reaps a real hanging process (305.054833ms)
✔ malformed worker output is a harness failure, not discarded (73.04225ms)
✔ cleanup failure preserves the completed command and fails overall (26.871167ms)
✔ scenario selection is explicit and has no legacy/default route (0.682042ms)
✔ first malformed record prevents subsequent stage callbacks (72.717667ms)
ℹ tests 7
ℹ suites 0
ℹ pass 7
ℹ fail 0
ℹ cancelled 0
ℹ skipped 0
ℹ todo 0
ℹ duration_ms 710.236959
✔ actual descendant accounting includes memory in a child-created process group and cleans it (372.057542ms)
✔ remembered descendant identity survives parent exit and remains counted and terminated (397.800959ms)
✔ snapshot failure after freezing cannot leave actual owned children stopped (232.231166ms)
✔ malformed process snapshots fail on the first read (0.253792ms)
✔ interrupted process snapshot is reported without retry (0.099417ms)
ℹ tests 5
ℹ suites 0
ℹ pass 5
ℹ fail 0
ℹ cancelled 0
ℹ skipped 0
ℹ todo 0
ℹ duration_ms 1045.58
✔ private prover profile defaults to one and explicitly supports two (0.659875ms)
✔ invalid counts and relative directories fail before singleton initialization (0.940708ms)
✔ scenario resource choices retain established native budgets (0.624625ms)
✔ local timing has an SDK-valid build window and Inbox readiness headroom (155.836042ms)
ℹ tests 4
ℹ suites 0
ℹ pass 4
ℹ fail 0
ℹ cancelled 0
ℹ skipped 0
ℹ todo 0
ℹ duration_ms 243.542125
✔ private fee proof preserves payment options, gas and owner context (0.774ms)
✔ actual proven author payer rejects despite privatePayer preparation (0.395459ms)
✔ private fee route rejects a wrong account or exposed author payer (0.163375ms)
✔ payer mode is required and never inferred from an available callback (0.3975ms)
✔ explicit genesis fixture uses only the account payer (0.076958ms)
ℹ tests 5
ℹ suites 0
ℹ pass 5
ℹ fail 0
ℹ cancelled 0
ℹ skipped 0
ℹ todo 0
ℹ duration_ms 256.767125
✔ official RPC schema reaches original node and captures exactly accepted transactions (161.457708ms)
✔ official client simultaneous reads cross the RPC adapter as a batch (5.178958ms)
✔ failed send is not accepted, and close disposes a hanging real HTTP request (28.359916ms)
✔ command parser keeps exact public hashes and fixed markers only (0.543875ms)
✔ actual child process runner preserves literal arguments, isolated env and fixed output (35.783417ms)
✔ timeout and excess output terminate owned child groups (137.557625ms)
✔ known command stages and failure codes retain no arbitrary output (0.214375ms)
✔ confirmed journal receipt keeps only its exact hash (0.087375ms)
ℹ tests 8
ℹ suites 0
ℹ pass 8
ℹ fail 0
ℹ cancelled 0
ℹ skipped 0
ℹ todo 0
ℹ duration_ms 963.4755
✔ rendezvous accepts only fixed stages and bounded unique public transaction identifiers (7.686ms)
✔ atomic rendezvous cannot overwrite a prior stage or accept an unverified release (5.107583ms)
✔ missing release respects remaining parent budget (0.668167ms)
✔ canonical exit rejects wrong leaf, duplicate leaf, wrong nullifier and ineligible anchor (185.72225ms)
✔ aborted lifecycle terminates a rendezvous even with a clamped legacy time callback (110.010167ms)
✔ actual shared producer builder roundtrips all five explicit browser scenarios (6.185334ms)
✔ journey diagnostic outputs fixed milestones and allowlisted exception only (0.3685ms)
✔ actual browser journey stops after one deposit action when claim reports an error (0.269709ms)
✔ partial canonical progress is ordered, bounded, public-only and copied (0.416875ms)
ℹ tests 9
ℹ suites 0
ℹ pass 9
ℹ fail 0
ℹ cancelled 0
ℹ skipped 0
ℹ todo 0
ℹ duration_ms 397.845333
✔ actual control flow posts once, restarts once, restores identity and invokes only recovery (105.352542ms)
✔ schema-v2 backup is rejected before post even when its stale journal list is empty (145.317834ms)
✔ stale acceptance file and expired deadline cannot restart or post (98.896833ms)
✔ acceptance requires exact schema, actual acceptance and exactly one send (2.82525ms)
✔ restart must close prior browser and retain profile/origin before reimport (97.414834ms)
✔ late physical closure cannot count as crash before automatic reconciliation (97.469708ms)
✔ recent acceptance cannot hide a submission request already older than the crash bound (103.31925ms)
ℹ tests 7
ℹ suites 0
ℹ pass 7
ℹ fail 0
ℹ cancelled 0
ℹ skipped 0
ℹ todo 0
ℹ duration_ms 694.905667
