✔ pinned internal L2Block hash method differs from public node BlockResponse hash value (3.689667ms)
✔ deployment returns pending immediately, then a resumed check forwards the exact finalized witness (1.850458ms)
✔ unfinalized receipt never requests a witness or activates (0.532083ms)
✔ missing witness never activates a finalized transaction (0.573ms)
✔ reverted receipt fails closed before witness lookup (0.47625ms)
✔ missing success receipt fails closed before witness lookup (0.383791ms)
✔ dropped receipt fails closed before witness lookup (0.407708ms)
✔ unknown receipt fails closed before witness lookup (0.519542ms)
✔ wrong transaction receipt fails closed before witness lookup (0.32975ms)
✔ missing block hash receipt fails closed before witness lookup (0.287792ms)
✔ pending and proposed receipts do not qualify even with a high finalized tip (0.271792ms)
✔ receipt block must still match canonical block at its height (0.431459ms)
✔ re-inclusion during witness resolution returns pending; resume checks the new block (0.705ms)
✔ drop during witness resolution prevents activation (0.508917ms)
✔ malformed finalized tip cannot satisfy the finality comparison (0.282042ms)
✔ activation requires successful L1 receipt and enabled portal {"activationStatus":0} (0.501042ms)
✔ activation requires successful L1 receipt and enabled portal {"enabled":false} (0.448792ms)
✔ a stalled Ready RPC has a bounded unknown outcome without activation (12.412708ms)
✔ deployment missing CREATE2 proxy is checked before wallet or proving work (1.252292ms)
✔ deployment unrecognized CREATE2 proxy is checked before wallet or proving work (0.275792ms)
✔ deployment pinned CREATE2 proxy is checked before wallet or proving work (0.268792ms)
✔ browser actual module persists ciphertext and interoperates with Node AES-GCM (7.9885ms)
✔ browser actual custody rejects wrong wallet, ciphertext corruption and moved scope (3.482417ms)
✔ browser save observes transaction abort and never reports durable success (1.482542ms)
✔ actual engine codec matches frozen claim, boundary and exit commitments (5.186459ms)
✔ actual public deposit flow saves and reads back before send; returns event receipt nonce without secret (6.566458ms)
✔ actual deposit flow fails closed for missing store, failed durability and disabled portal (2.30525ms)
✔ actual deposit flow fails closed for mismatched read-back and existing receipt (1.412458ms)
✔ actual recovery requires the current event nonce and exact saved secret hash without signing fallback (4.787667ms)
ℹ tests 29
ℹ suites 0
ℹ pass 29
ℹ fail 0
ℹ cancelled 0
ℹ skipped 0
ℹ todo 0
ℹ duration_ms 339.715959
