✔ pinned internal L2Block hash method differs from public node BlockResponse hash value (3.562709ms)
✔ deployment returns pending immediately, then a resumed check forwards the exact finalized witness (1.999041ms)
✔ unfinalized receipt never requests a witness or activates (0.365709ms)
✔ missing witness never activates a finalized transaction (0.97ms)
✔ reverted receipt fails closed before witness lookup (0.684083ms)
✔ missing success receipt fails closed before witness lookup (0.342417ms)
✔ dropped receipt fails closed before witness lookup (0.355333ms)
✔ unknown receipt fails closed before witness lookup (0.30825ms)
✔ wrong transaction receipt fails closed before witness lookup (0.287125ms)
✔ missing block hash receipt fails closed before witness lookup (0.448333ms)
✔ pending and proposed receipts do not qualify even with a high finalized tip (0.530791ms)
✔ receipt block must still match canonical block at its height (1.006792ms)
✔ re-inclusion during witness resolution returns pending; resume checks the new block (1.178125ms)
✔ drop during witness resolution prevents activation (0.62825ms)
✔ malformed finalized tip cannot satisfy the finality comparison (0.303042ms)
✔ activation requires successful L1 receipt and enabled portal {"activationStatus":0} (0.4585ms)
✔ activation requires successful L1 receipt and enabled portal {"enabled":false} (0.507792ms)
✔ a stalled Ready RPC has a bounded unknown outcome without activation (14.142ms)
✔ deployment missing CREATE2 proxy is checked before wallet or proving work (1.117666ms)
✔ deployment unrecognized CREATE2 proxy is checked before wallet or proving work (0.263375ms)
✔ deployment pinned CREATE2 proxy is checked before wallet or proving work (0.218792ms)
✔ browser actual module persists ciphertext and interoperates with Node AES-GCM (8.9555ms)
✔ browser actual custody rejects wrong wallet, ciphertext corruption and moved scope (6.150833ms)
✔ browser save observes transaction abort and never reports durable success (2.421667ms)
✔ actual engine codec matches frozen claim, boundary and exit commitments (7.380084ms)
✔ actual public deposit flow saves and reads back before send; returns event receipt nonce without secret (8.3035ms)
✔ actual deposit flow fails closed for missing store, failed durability and disabled portal (3.300167ms)
✔ actual deposit flow fails closed for mismatched read-back and existing receipt (2.251041ms)
✔ actual recovery requires the current event nonce and exact saved secret hash without signing fallback (7.234458ms)
✔ funding deposits to shared address and passes mandatory recovery callback (2.417958ms)
✔ standalone claim uses standard author entrypoint with only private fee payload, then stops PXE (1.054625ms)
✔ browser recovery storage preserves earlier deposits and refuses conflicting replacements or secrets (0.602834ms)
✔ deposit below claim fee is rejected before requesting L1 funding (0.391875ms)
✔ private fee claim refuses missing or unresolved recovery storage before consuming bridge information (1.056292ms)
✔ private fee success recovery requires no Ethereum signer, bridge claim file or PXE (0.389166ms)
✔ private fee reverted recovery requires no Ethereum signer, bridge claim file or PXE (0.270084ms)
✔ fee Ethereum approved recovery is explicit and does not start an L2 proof (0.296584ms)
✔ fee Ethereum funded recovery is explicit and does not start an L2 proof (0.569916ms)
✔ fee Ethereum reverted recovery is explicit and does not start an L2 proof (0.455542ms)
✔ fee Ethereum replaced recovery is explicit and does not start an L2 proof (0.393ms)
✔ claim persists exact public funding identity before preparation without duplicating secrets (0.432ms)
✔ stale private fee claim restores saved funding record even when UI holds another deposit (0.763792ms)
✔ BB_SUBMISSION_UNKNOWN does not regenerate private fee claim (0.406542ms)
✔ BB_TRANSACTION_FAILED does not regenerate private fee claim (0.359583ms)
✔ live old claim cannot authorize replacement (0.379375ms)
✔ saved fee claim rejects owner (0.405042ms)
✔ saved fee claim rejects kind (0.325875ms)
✔ saved fee claim rejects unknown-record-key (0.368041ms)
✔ changed canonical message index blocks regenerated claim before proving (0.449333ms)
✔ canonical funding validation failure blocks regenerated claim (0.391458ms)
✔ private fee funding reconciliation has a bounded deadline (5.977375ms)
✔ deposit accepts canonical decimal-string public gas configuration with the real SDK (1.50075ms)
✔ deposit equal to maximum fee is rejected before signer or funding (2.5425ms)
✔ malformed gas is rejected before signer or funding (0.580583ms)
✔ approve then persist nonce-bound public recovery before deposit; recover exact private claim (240.534334ms)
✔ existing allowance avoids approval and uses pending sender nonce (36.55375ms)
✔ save failure prevents deposit (16.46025ms)
✔ ambiguous send retains public recovery, never retries or leaks raw error (16.429333ms)
✔ rejects inadequate user token balance before approval (14.77275ms)
✔ rejects wrong L1 network before any transaction (12.446875ms)
✔ rejects wrong portal version before any transaction (11.916125ms)
✔ recovery rejects reorg (44.092959ms)
✔ recovery rejects reverted (42.519417ms)
✔ recovery rejects wrong nonce (43.20825ms)
✔ recovery rejects wrong sender (41.348666ms)
✔ recovery rejects wrong calldata (43.52675ms)
✔ recovery rejects missing event (39.636583ms)
✔ recovery rejects duplicate event (40.701667ms)
✔ public record from another wallet cannot recover credit (42.699583ms)
✔ public record from another owner cannot recover credit (40.905583ms)
✔ recovery requires hash and trusted deployment scope (44.103083ms)
✔ confirmed approval nonce overrides stale Ethers pending cache (27.6445ms)
✔ failure diagnostics expose only finite phase and safe codes (16.022833ms)
✔ lost approval response is recovered by sender nonce and never silently approved twice (70.509708ms)
✔ lost bridge-deposit response recovers exact funding provenance without an unstored hash or another payment (41.745917ms)
✔ missing durable fee journal prevents token approval (14.347166ms)
✔ portable journal alone restores private-fee funding provenance in a fresh store (40.893041ms)
✔ wallet acknowledgement without chain metadata is verified against configured RPC (40.80475ms)
✔ configured RPC owns reads; signer provider only verifies signing network (42.32175ms)
✔ explicit read provider is required instead of wallet-provider fallback (0.174333ms)
✔ wrong signer network cannot approve on an otherwise correct read network (11.420583ms)
✔ file: empty Ethereum journal reports its own recovery route (6.352708ms)
✔ file: deposit requires matching canonical receipt and event (35.851125ms)
✔ file: withdraw requires matching canonical receipt and event (22.895625ms)
✔ file: deposit: lost response before hash storage finds original sender/nonce without another send (19.988791ms)
✔ file: deposit: rejection/crash before broadcast retains exact nonce, calldata and value for explicit retry (24.028792ms)
✔ file: deposit: storage failure stops before wallet request (1.623958ms)
✔ file: withdraw: lost response before hash storage finds original sender/nonce without another send (20.380834ms)
✔ file: withdraw: rejection/crash before broadcast retains exact nonce, calldata and value for explicit retry (22.989084ms)
✔ file: withdraw: storage failure stops before wallet request (1.548166ms)
✔ file: deposit interruption before hash persistence recovers original mined transaction (23.535791ms)
✔ file: deposit interruption after hash persistence recovers original mined transaction (21.997125ms)
✔ file: withdraw interruption before hash persistence recovers original mined transaction (23.465125ms)
✔ file: withdraw interruption after hash persistence recovers original mined transaction (22.439833ms)
✔ file: concurrent intent saves authorize only one signer request (23.066333ms)
✔ file: reorg prevents acknowledgement and never reports paid (19.538625ms)
✔ file: reverted or replaced transaction is not a successful payment (20.561333ms)
✔ file: missing refund event cannot prove payment (20.694917ms)
✔ file: nonce refund event cannot prove payment (20.652125ms)
✔ file: amount refund event cannot prove payment (21.663834ms)
✔ file: address refund event cannot prove payment (19.707041ms)
✔ file: duplicate refund event cannot prove payment (20.975792ms)
✔ file: full salt/authentication mismatch and chain change fail before signing (20.63475ms)
✔ file: long history checkpoints survive failed lookup and resume without skipping gaps (1035.276208ms)
✔ indexeddb: empty Ethereum journal reports its own recovery route (3.1745ms)
✔ indexeddb: deposit requires matching canonical receipt and event (5.430791ms)
✔ indexeddb: withdraw requires matching canonical receipt and event (4.768417ms)
✔ indexeddb: deposit: lost response before hash storage finds original sender/nonce without another send (2.53575ms)
✔ indexeddb: deposit: rejection/crash before broadcast retains exact nonce, calldata and value for explicit retry (3.347458ms)
✔ indexeddb: deposit: storage failure stops before wallet request (1.44375ms)
✔ indexeddb: withdraw: lost response before hash storage finds original sender/nonce without another send (3.809041ms)
✔ indexeddb: withdraw: rejection/crash before broadcast retains exact nonce, calldata and value for explicit retry (4.004917ms)
✔ indexeddb: withdraw: storage failure stops before wallet request (0.96425ms)
✔ indexeddb: deposit interruption before hash persistence recovers original mined transaction (2.98025ms)
✔ indexeddb: deposit interruption after hash persistence recovers original mined transaction (2.546708ms)
✔ indexeddb: withdraw interruption before hash persistence recovers original mined transaction (5.161042ms)
✔ indexeddb: withdraw interruption after hash persistence recovers original mined transaction (2.842792ms)
✔ indexeddb: concurrent intent saves authorize only one signer request (2.162167ms)
✔ indexeddb: reorg prevents acknowledgement and never reports paid (2.291625ms)
✔ indexeddb: reverted or replaced transaction is not a successful payment (3.187042ms)
✔ indexeddb: missing refund event cannot prove payment (2.216875ms)
✔ indexeddb: nonce refund event cannot prove payment (2.841542ms)
✔ indexeddb: amount refund event cannot prove payment (2.587791ms)
✔ indexeddb: address refund event cannot prove payment (2.871875ms)
✔ indexeddb: duplicate refund event cannot prove payment (2.229167ms)
✔ indexeddb: full salt/authentication mismatch and chain change fail before signing (2.118375ms)
✔ indexeddb: long history checkpoints survive failed lookup and resume without skipping gaps (50.577041ms)
✔ Ethereum lookup obeys a short read deadline (12.431459ms)
ℹ tests 128
ℹ suites 0
ℹ pass 128
ℹ fail 0
ℹ cancelled 0
ℹ skipped 0
ℹ todo 0
ℹ duration_ms 2333.17775
