✔ portable error observer preserves formatter behavior and exports only bounded safe fields (1.882541ms)
✔ fee formatter observation is explicit and preserves its result (0.190625ms)
✔ private prover profile defaults to one and explicitly supports two (0.910291ms)
✔ invalid counts and relative directories fail before singleton initialization (1.314ms)
✔ scenario resource choices retain established native budgets (0.698375ms)
✔ local timing has an SDK-valid build window and Inbox readiness headroom (100.245792ms)
✔ rendezvous accepts only fixed stages and bounded unique public transaction identifiers (4.670792ms)
✔ atomic rendezvous cannot overwrite a prior stage or accept an unverified release (4.808417ms)
✔ missing release respects remaining parent budget (0.467875ms)
✔ canonical exit rejects wrong leaf, duplicate leaf, wrong nullifier and ineligible anchor (259.00025ms)
✔ aborted lifecycle terminates a rendezvous even with a clamped legacy time callback (105.082708ms)
✔ browser modes roundtrip strictly across the real handoff boundary (7.428916ms)
✔ journey diagnostic outputs fixed milestones and allowlisted exception only (0.217625ms)
✔ actual browser journey stops after one deposit action when claim reports an error (0.220208ms)
✔ partial canonical progress is ordered, bounded, public-only and copied (0.338208ms)
✔ non-Chromium lifecycle scenarios retain one explicit engine and existing bounds (0.447917ms)
✔ cold funding driver never claims or deposits again after a failed deposit (0.446458ms)
ℹ tests 17
ℹ suites 0
ℹ pass 17
ℹ fail 0
ℹ cancelled 0
ℹ skipped 0
ℹ todo 0
ℹ duration_ms 467.148709
