✔ portable error observer preserves formatter behavior and exports only bounded safe fields (1.388375ms)
✔ fee formatter observation is explicit and preserves its result (0.161291ms)
✔ private prover profile defaults to one and explicitly supports two (0.675583ms)
✔ invalid counts and relative directories fail before singleton initialization (0.860166ms)
✔ scenario resource choices retain established native budgets (0.463291ms)
✔ local timing has an SDK-valid build window and Inbox readiness headroom (91.944667ms)
✔ rendezvous accepts only fixed stages and bounded unique public transaction identifiers (3.687459ms)
✔ atomic rendezvous cannot overwrite a prior stage or accept an unverified release (4.312625ms)
✔ missing release respects remaining parent budget (0.389708ms)
✔ canonical exit rejects wrong leaf, duplicate leaf, wrong nullifier and ineligible anchor (242.437333ms)
✔ aborted lifecycle terminates a rendezvous even with a clamped legacy time callback (104.502375ms)
✔ browser modes roundtrip strictly across the real handoff boundary (7.743167ms)
✔ journey diagnostic outputs fixed milestones and allowlisted exception only (0.344625ms)
✔ actual browser journey stops after one deposit action when claim reports an error (0.363292ms)
✔ partial canonical progress is ordered, bounded, public-only and copied (0.522166ms)
✔ non-Chromium lifecycle scenarios retain one explicit engine and existing bounds (0.6165ms)
✔ cold funding driver never claims or deposits again after a failed deposit (0.948833ms)
ℹ tests 17
ℹ suites 0
ℹ pass 17
ℹ fail 0
ℹ cancelled 0
ℹ skipped 0
ℹ todo 0
ℹ duration_ms 432.202083
