✔ portable error observer preserves formatter behavior and exports only bounded safe fields (1.479833ms)
✔ fee formatter observation is explicit and preserves its result (0.179ms)
✔ rendezvous accepts only fixed stages and bounded unique public transaction identifiers (5.128541ms)
✔ atomic rendezvous cannot overwrite a prior stage or accept an unverified release (4.926583ms)
✔ missing release respects remaining parent budget (0.515833ms)
✔ canonical exit rejects wrong leaf, duplicate leaf, wrong nullifier and ineligible anchor (272.518292ms)
✔ aborted lifecycle terminates a rendezvous even with a clamped legacy time callback (105.013583ms)
✔ browser modes roundtrip strictly across the real handoff boundary (8.158708ms)
✔ journey diagnostic outputs fixed milestones and allowlisted exception only (0.238958ms)
✔ actual browser journey stops after one deposit action when claim reports an error (0.243084ms)
✔ partial canonical progress is ordered, bounded, public-only and copied (0.347292ms)
✔ non-Chromium lifecycle scenarios retain one explicit engine and existing bounds (1.393084ms)
✔ cold funding driver never claims or deposits again after a failed deposit (1.57025ms)
✔ handoff accepts actual SDK whole-token formatting and rejects invalid amounts (0.951584ms)
ℹ tests 14
ℹ suites 0
ℹ pass 14
ℹ fail 0
ℹ cancelled 0
ℹ skipped 0
ℹ todo 0
ℹ duration_ms 473.342208
