✔ matching synthetic artifacts and recorded sources pass (7.87575ms)
✔ stale deploy Noir copy is rejected (5.242417ms)
✔ stale censor Noir copy is rejected (4.767667ms)
✔ missing verification key is rejected even when all consumer copies agree (4.768041ms)
✔ empty private function set is rejected even when all consumer copies agree (4.639542ms)
✔ only public functions is rejected even when all consumer copies agree (5.209917ms)
✔ untranspiled artifact is rejected even when all consumer copies agree (4.645083ms)
✔ truthy non-boolean transpilation marker is rejected even when all consumer copies agree (5.655583ms)
✔ stale portal bytecode is rejected: apps/src/billboard/portal_bytecode.txt (4.702125ms)
✔ stale portal bytecode is rejected: apps/src/billboard/deploy/portal_bytecode.txt (4.628541ms)
✔ portal source drift is rejected by embedded compiler provenance (4.998167ms)
✔ missing Solidity source provenance is rejected (5.284584ms)
✔ string-encoded Solidity metadata remains supported (4.959917ms)
✔ Noir source drift requires a rebuild (4.828084ms)
✔ Noir dependency declaration drift requires a rebuild (4.957792ms)
✔ root dependency lock drift requires a rebuild (5.148042ms)
✔ portal dependency lock drift requires a rebuild (5.077375ms)
✔ compiler configuration drift requires a rebuild (6.375625ms)
✔ toolchain pins drift requires a rebuild (4.885958ms)
✔ contract builder drift requires a rebuild (5.286917ms)
✔ Noir debug-path normalizer drift requires a rebuild (5.221167ms)
✔ Noir dependency verifier drift requires a rebuild (4.849958ms)
✔ Noir dependency pins drift requires a rebuild (4.976417ms)
✔ new Noir source omitted from the old manifest requires a rebuild (5.582583ms)
✔ contract manifest input hash tampering is rejected (4.763584ms)
✔ contract manifest noir hash tampering is rejected (4.758708ms)
✔ contract manifest portal hash tampering is rejected (4.736125ms)
✔ synchronized altered Noir artifacts still fail the recorded build hash (4.803875ms)
✔ synchronized altered portal bytecode still fails the recorded build hash (4.931583ms)
✔ privateFee key, extra route and stale content fail closed (6.026584ms)
ℹ tests 30
ℹ suites 0
ℹ pass 30
ℹ fail 0
ℹ cancelled 0
ℹ skipped 0
ℹ todo 0
ℹ duration_ms 265.9295
✔ rejected http-error response cancels its unread body (17.459541ms)
✔ rejected oversized response cancels its unread body (3.526417ms)
ℹ tests 2
ℹ suites 0
ℹ pass 2
ℹ fail 0
ℹ cancelled 0
ℹ skipped 0
ℹ todo 0
ℹ duration_ms 67.30275
✔ Node proving fails closed before initialization and rejects backend/custom prover overrides (1.119ms)
✔ verified CLI setup routes exact direct-WASM singleton through streaming prover and WASM simulator (0.461458ms)
✔ failed local verification, wrong existing backend and replaced singleton cannot prove (0.842709ms)
✔ Node read-only PXE retains SDK behavior without proving setup (0.248917ms)
ℹ tests 4
ℹ suites 0
ℹ pass 4
ℹ fail 0
ℹ cancelled 0
ℹ skipped 0
ℹ todo 0
ℹ duration_ms 60.518708
✔ apps/src/billboard/user/cli.mjs initializes hashing only then async local prover once (4.706541ms)
✔ apps/src/billboard/user/cli.mjs rejects missing, truncated, modified and symlink local bytes without caching success (11.212959ms)
✔ apps/src/billboard/deploy/cli.mjs initializes hashing only then async local prover once (2.083125ms)
✔ apps/src/billboard/deploy/cli.mjs rejects missing, truncated, modified and symlink local bytes without caching success (8.695292ms)
✔ actual operator CRS inventory includes derived bytes and all original hash pins (0.708459ms)
ℹ tests 5
ℹ suites 0
ℹ pass 5
ℹ fail 0
ℹ cancelled 0
ℹ skipped 0
ℹ todo 0
ℹ duration_ms 68.989292
✔ required local derived G1, G2 and Grumpkin initialize the pinned point counts (27.346916ms)
✔ g1_uncompressed.dat missing stops without alternate reads, network requests or prover calls (0.63025ms)
✔ g1_uncompressed.dat corrupt stops without alternate reads, network requests or prover calls (30.541042ms)
✔ g1_uncompressed.dat truncated stops without alternate reads, network requests or prover calls (0.148958ms)
✔ g2.dat missing stops without alternate reads, network requests or prover calls (25.214459ms)
✔ g2.dat corrupt stops without alternate reads, network requests or prover calls (24.950084ms)
✔ g2.dat truncated stops without alternate reads, network requests or prover calls (25.076083ms)
✔ grumpkin_g1.dat missing stops without alternate reads, network requests or prover calls (25.342ms)
✔ grumpkin_g1.dat corrupt stops without alternate reads, network requests or prover calls (26.699667ms)
✔ grumpkin_g1.dat truncated stops without alternate reads, network requests or prover calls (25.094834ms)
✔ missing manifest is rejected before any data request (0.217417ms)
✔ different SDK release is rejected before any data request (0.097292ms)
✔ old schema is rejected before any data request (0.055042ms)
✔ wrong compressed format is rejected before any data request (0.058416ms)
✔ wrong G2 format is rejected before any data request (0.055625ms)
✔ wrong Grumpkin format is rejected before any data request (0.054459ms)
✔ old point count is rejected before any data request (0.051667ms)
✔ old Grumpkin filename is rejected before any data request (0.045709ms)
✔ unexpected network destination is rejected before any data request (0.044333ms)
✔ duplicate file is rejected before any data request (0.061958ms)
✔ invalid range is rejected before any data request (0.052958ms)
✔ missing derived entry is rejected before any data request (0.062458ms)
✔ wrong derived name is rejected before any data request (0.046167ms)
✔ wrong derived length is rejected before any data request (0.044333ms)
✔ wrong derived point count is rejected before any data request (0.05175ms)
✔ wrong derived format is rejected before any data request (0.05ms)
✔ invalid derived digest is rejected before any data request (0.041916ms)
✔ derived remote URL is rejected before any data request (0.052666ms)
✔ missing provenance is rejected before any data request (0.044375ms)
✔ wrong derivation method is rejected before any data request (0.052375ms)
✔ wrong derivation SDK is rejected before any data request (0.041875ms)
✔ wrong derivation input name is rejected before any data request (0.0445ms)
✔ mismatched derivation input pin is rejected before any data request (0.0475ms)
✔ mismatched derivation G2 pin is rejected before any data request (0.044583ms)
✔ wrong derivation WASM path is rejected before any data request (0.042708ms)
✔ wrong derivation WASM digest is rejected before any data request (0.039958ms)
✔ extra derivation metadata is rejected before any data request (0.040125ms)
✔ truncated body cannot be loaded (8.943375ms)
✔ oversized body cannot be loaded (0.122875ms)
✔ oversized content length cannot be loaded (0.286292ms)
✔ HTTP failure cannot be loaded (0.047334ms)
✔ empty successful response cannot be loaded (0.051959ms)
✔ oversized streamed response is cancelled instead of reading remaining bytes (0.281333ms)
✔ non-ending HTTP error response is cancelled before rejection (0.07275ms)
✔ HTTP error response remains the rejection reason when cancellation fails (0.0735ms)
✔ BN254 initialization rejection prevents Grumpkin initialization (26.498083ms)
✔ unexpected BN254 response cannot be reported as initialized (26.373583ms)
✔ unexpected Grumpkin response cannot be reported as initialized (26.822125ms)
✔ browser loading uses the same checks with Web Crypto SHA-256 (38.080458ms)
✔ verified local derived bytes skip compressed reads and use the documented empty response (27.044292ms)
✔ truncated derived input stops before hashing or invoking the prover (0.196ms)
✔ oversized derived input stops before hashing or invoking the prover (0.185042ms)
✔ cache metadata wrapper stops before hashing or invoking the prover (0.064583ms)
✔ loader cannot replace the trusted metadata snapshot (28.485958ms)
✔ mismatched derived content pin never accepts bytes through supplied cache metadata (24.94975ms)
✔ derived initialization rejects nonempty output and does not initialize Grumpkin (26.883709ms)
✔ derived initialization rejects missing output and does not initialize Grumpkin (27.081125ms)
✔ derived initialization rejects wrong element type and does not initialize Grumpkin (27.781125ms)
✔ browser VM uses full Web Crypto digest verification for derived input (32.358667ms)
✔ explicit BN254 prefix verifies the complete derived source before selecting points (26.549583ms)
✔ corruption beyond the retained prefix fails before any prover call (25.199709ms)
✔ prefix budget rejects invalid and excessive values, and snapshots caller selection (52.698875ms)
✔ derived prefix rejects an unexpected nonempty initialization response (27.068375ms)
ℹ tests 63
ℹ suites 0
ℹ pass 63
ℹ fail 0
ℹ cancelled 0
ℹ skipped 0
ℹ todo 0
ℹ duration_ms 760.971833
✔ accepts the exact pinned partial response and requests identity encoding (9.953417ms)
✔ rejects ignored Range (0.368ms)
✔ rejects wrong range (0.195208ms)
✔ rejects oversized stream (0.3575ms)
✔ rejects truncated stream (0.161167ms)
✔ rejects checksum mismatch (0.121708ms)
✔ rejects the first invalid download without consulting another destination (0.205708ms)
✔ schema2 separates the72MiB derived asset from bounded network assets (0.611291ms)
✔ rejects derived provenance: wrong Grumpkin format (0.162667ms)
✔ rejects derived provenance: wrong Grumpkin point count (0.092417ms)
✔ rejects derived provenance: wrong Grumpkin byte length (0.053916ms)
✔ rejects derived provenance: wrong G2 point count (0.040083ms)
✔ rejects derived provenance: changed source URL (0.039584ms)
✔ rejects derived provenance: old schema (0.038125ms)
✔ rejects derived provenance: missing derived asset (0.050709ms)
✔ rejects derived provenance: changed output pin (0.052625ms)
✔ rejects derived provenance: oversized derived output (0.046791ms)
✔ rejects derived provenance: wrong points (0.04925ms)
✔ rejects derived provenance: unreviewed method (0.056625ms)
✔ rejects derived provenance: package mismatch (0.042667ms)
✔ rejects derived provenance: input checksum mismatch (0.038542ms)
✔ rejects derived provenance: G2 checksum mismatch (0.037042ms)
✔ rejects derived provenance: untrusted WASM path (0.042208ms)
✔ rejects derived provenance: unreviewed WASM hash (0.046375ms)
✔ rejects derived provenance: unexpected derivation field (0.037167ms)
✔ rejects derived provenance: oversized network asset (0.038208ms)
✔ rejects actual WASM bytes that do not match the declared gzip pin (0.068833ms)
✔ rejects cache corruption before an explicitly requested atomic replacement (3.78125ms)
✔ rename failure retains previous target and removes the temporary file (0.961459ms)
✔ corruption during temporary write is rejected before replacing target (0.808917ms)
✔ invalid derived bytes never create or replace a target (0.25725ms)
✔ derivation timeout kills and closes its actual child, restoring signal listeners (103.531ms)
✔ derivation interruption kills and closes its actual child (0.719833ms)
ℹ tests 33
ℹ suites 0
ℹ pass 33
ℹ fail 0
ℹ cancelled 0
ℹ skipped 0
ℹ todo 0
ℹ duration_ms 165.275792
✔ browser fixes real SDK prover options and initializes matching singleton before PXE (1.416083ms)
✔ incompatible cached singleton blocks PXE without replacement (1.136875ms)
✔ browser custom prover and invalid options cannot bypass supported bound (1.450792ms)
✔ Node path preserves explicit native options and custom prover without browser singleton (0.931834ms)
✔ private logging remains silent and initialization failures are redacted (0.593ms)
✔ async CRS verification must finish before PXE and concurrent requests share its initialization (1.813417ms)
✔ failed CRS validation blocks PXE, denies remote fallback and permits clean retry (0.358083ms)
✔ cached singleton without skipSrsInit is rejected before CRS or PXE (0.224708ms)
✔ verified loader uses only local files, rejects redirects and hashes bytes before initialization (0.423417ms)
✔ browser injects streaming prover using the same simulator and preserves verified proof fields/compression (0.626375ms)
✔ streaming proof failure cannot return a proof (0.302333ms)
ℹ tests 11
ℹ suites 0
ℹ pass 11
ℹ fail 0
ℹ cancelled 0
ℹ skipped 0
ℹ todo 0
ℹ duration_ms 47.0585
✔ ordered per-step inputs, hiding VK, local verification and compressed fields match upstream (1.4535ms)
✔ each failed command stops all later work and redacts underlying data (3.570791ms)
✔ invalid proof cannot reach compression or caller (0.320042ms)
✔ overlap cannot poison active job; failed singleton is quarantined and fresh instance works (0.988125ms)
✔ missing compressed output is rejected even after valid local verification (0.279958ms)
ℹ tests 5
ℹ suites 0
ℹ pass 5
ℹ fail 0
ℹ cancelled 0
ℹ skipped 0
ℹ todo 0
ℹ duration_ms 62.573542
✔ browser actual module persists ciphertext and interoperates with Node AES-GCM (7.492083ms)
✔ browser actual custody rejects wrong wallet, ciphertext corruption and moved scope (3.109375ms)
✔ browser save observes transaction abort and never reports durable success (1.186333ms)
✔ actual engine codec matches frozen claim, boundary and exit commitments (5.1465ms)
✔ actual public deposit flow saves and reads back before send; returns event receipt nonce without secret (7.549416ms)
✔ actual deposit flow fails closed for missing store, failed durability and disabled portal (3.002458ms)
✔ actual deposit flow fails closed for mismatched read-back and existing receipt (1.66775ms)
✔ actual recovery requires the current event nonce and exact saved secret hash without signing fallback (5.28325ms)
ℹ tests 8
ℹ suites 0
ℹ pass 8
ℹ fail 0
ℹ cancelled 0
ℹ skipped 0
ℹ todo 0
ℹ duration_ms 200.335042
✔ pinned internal L2Block hash method differs from public node BlockResponse hash value (3.519083ms)
✔ deployment returns pending immediately, then a resumed check forwards the exact finalized witness (1.779083ms)
✔ unfinalized receipt never requests a witness or activates (0.321334ms)
✔ missing witness never activates a finalized transaction (0.476167ms)
✔ reverted receipt fails closed before witness lookup (0.396625ms)
✔ missing success receipt fails closed before witness lookup (0.242084ms)
✔ dropped receipt fails closed before witness lookup (0.2365ms)
✔ unknown receipt fails closed before witness lookup (0.242ms)
✔ wrong transaction receipt fails closed before witness lookup (0.264458ms)
✔ missing block hash receipt fails closed before witness lookup (0.267167ms)
✔ pending and proposed receipts do not qualify even with a high finalized tip (0.245292ms)
✔ receipt block must still match canonical block at its height (0.389292ms)
✔ re-inclusion during witness resolution returns pending; resume checks the new block (0.859167ms)
✔ drop during witness resolution prevents activation (0.642125ms)
✔ malformed finalized tip cannot satisfy the finality comparison (0.284125ms)
✔ activation requires successful L1 receipt and enabled portal {"activationStatus":0} (0.450375ms)
✔ activation requires successful L1 receipt and enabled portal {"enabled":false} (0.505958ms)
✔ a stalled Ready RPC has a bounded unknown outcome without activation (11.629ms)
✔ deployment missing CREATE2 proxy is checked before wallet or proving work (0.954459ms)
✔ deployment unrecognized CREATE2 proxy is checked before wallet or proving work (0.248375ms)
✔ deployment pinned CREATE2 proxy is checked before wallet or proving work (0.215625ms)
ℹ tests 21
ℹ suites 0
ℹ pass 21
ℹ fail 0
ℹ cancelled 0
ℹ skipped 0
ℹ todo 0
ℹ duration_ms 326.029083
