✔ matching synthetic artifacts and recorded sources pass (8.86875ms)
✔ stale deploy Noir copy is rejected (6.305583ms)
✔ stale censor Noir copy is rejected (5.919959ms)
✔ missing verification key is rejected even when all consumer copies agree (5.878292ms)
✔ empty private function set is rejected even when all consumer copies agree (5.431375ms)
✔ only public functions is rejected even when all consumer copies agree (4.994ms)
✔ untranspiled artifact is rejected even when all consumer copies agree (5.53225ms)
✔ truthy non-boolean transpilation marker is rejected even when all consumer copies agree (5.580875ms)
✔ stale portal bytecode is rejected: apps/src/billboard/portal_bytecode.txt (5.2425ms)
✔ stale portal bytecode is rejected: apps/src/billboard/deploy/portal_bytecode.txt (5.798458ms)
✔ portal source drift is rejected by embedded compiler provenance (5.249875ms)
✔ missing Solidity source provenance is rejected (4.953083ms)
✔ string-encoded Solidity metadata remains supported (6.244833ms)
✔ Noir source drift requires a rebuild (5.751917ms)
✔ Noir dependency declaration drift requires a rebuild (5.561833ms)
✔ root dependency lock drift requires a rebuild (5.82275ms)
✔ portal dependency lock drift requires a rebuild (4.898ms)
✔ compiler configuration drift requires a rebuild (5.654375ms)
✔ toolchain pins drift requires a rebuild (5.306542ms)
✔ contract builder drift requires a rebuild (5.736958ms)
✔ Noir debug-path normalizer drift requires a rebuild (6.040417ms)
✔ Noir dependency verifier drift requires a rebuild (6.483083ms)
✔ Noir dependency pins drift requires a rebuild (5.45375ms)
✔ new Noir source omitted from the old manifest requires a rebuild (5.59375ms)
✔ contract manifest input hash tampering is rejected (5.806083ms)
✔ contract manifest noir hash tampering is rejected (5.353917ms)
✔ contract manifest portal hash tampering is rejected (5.770791ms)
✔ synchronized altered Noir artifacts still fail the recorded build hash (6.509792ms)
✔ synchronized altered portal bytecode still fails the recorded build hash (5.234459ms)
✔ privateFee key, extra route and stale content fail closed (6.221042ms)
ℹ tests 30
ℹ suites 0
ℹ pass 30
ℹ fail 0
ℹ cancelled 0
ℹ skipped 0
ℹ todo 0
ℹ duration_ms 309.720584
✔ rejected http-error response cancels its unread body (16.5665ms)
✔ rejected oversized response cancels its unread body (2.918208ms)
ℹ tests 2
ℹ suites 0
ℹ pass 2
ℹ fail 0
ℹ cancelled 0
ℹ skipped 0
ℹ todo 0
ℹ duration_ms 68.877167
✔ wallet-free cache resumes bounded pages without rescanning completed history (4.086958ms)
✔ snapshot pagination neither duplicates nor misses posts when newer ones arrive (1.050292ms)
✔ same-height reorg rolls back affected pages and invalidates pagination (0.895709ms)
✔ flag-only block updates a cached post without scanning its publication (0.726167ms)
✔ failed atomic persistence retains prior checkpoint and retries same page (0.902833ms)
✔ chain change during fetch never commits fetched events (0.224958ms)
✔ identical event duplicates deduplicate; conflicting payloads fail (0.383ms)
✔ unexpected private fields, wrong scope and out-of-range results cannot enter cache (0.257417ms)
✔ bounded rollback can discard cache and rebuild after deep reorg (0.439666ms)
✔ capacity failure is explicit and does not advance past missing events (0.325792ms)
✔ RPC failure preserves cached data and cursor (0.250292ms)
✔ malformed restored cache and concurrent sync are rejected (2.687458ms)
✔ paging a validated restored history does not reread persisted ranges (0.465917ms)
✔ one-event append after10000posts writes only new range and small head (264.863375ms)
✔ failed atomic commit leaves storage and visible state unchanged (0.477041ms)
✔ competing writers cannot overwrite a committed head (0.801292ms)
✔ three-block rollback restores moved policies, posts and flags exactly (0.516334ms)
✔ page policy output is bounded by selected posts plus current policy (25.196792ms)
✔ occupied block checks overlap in batches of at most eight (1.057667ms)
ℹ tests 19
ℹ suites 0
ℹ pass 19
ℹ fail 0
ℹ cancelled 0
ℹ skipped 0
ℹ todo 0
ℹ duration_ms 349.898625
✔ full-history index refuses to checkpoint an omitted publication order (3.153041ms)
✔ an index starting from genesis refuses a nonzero first publication order (0.365834ms)
✔ orphaned flag disappears when its page is rolled back (0.761208ms)
✔ different payloads at one canonical event position never commit (0.197042ms)
✔ unavailable historical checkpoint preserves all cached events (0.300875ms)
✔ identical policy can be published repeatedly under the same content version (0.262417ms)
✔ conflicting text cannot reuse a policy content version (0.254584ms)
✔ post without its preceding policy publication cannot enter full-history cache (0.270375ms)
✔ sync deadline covers the aggregate RPC sequence, not each read independently (31.564333ms)
✔ connection reads pinned immutable slots at one block and matches both contract class IDs (19.648709ms)
✔ matching public slots cannot bypass a wrong currentContractClassId (5.690458ms)
✔ matching public slots cannot bypass a wrong originalContractClassId (7.741625ms)
✔ connection rejects conflicting immutable slot 1 (4.799333ms)
✔ connection rejects conflicting immutable slot 3 (6.29225ms)
✔ connection rejects conflicting immutable slot 4 (5.170417ms)
✔ connection rejects conflicting immutable slot 5 (5.98325ms)
✔ restored public cache rejects additional private payload fields (0.884125ms)
✔ policy A then B then A identifies A as the current restored policy (0.750291ms)
✔ restored range rejects duplicate identity disguised by transaction index (1.212333ms)
ℹ tests 19
ℹ suites 0
ℹ pass 19
ℹ fail 0
ℹ cancelled 0
ℹ skipped 0
ℹ todo 0
ℹ duration_ms 137.718625
✔ sqlite atomic ranges, competing writers and snapshot rollback (11.715ms)
✔ indexeddb atomic ranges, competing writers and snapshot rollback (3.683334ms)
ℹ tests 2
ℹ suites 0
ℹ pass 2
ℹ fail 0
ℹ cancelled 0
ℹ skipped 0
ℹ todo 0
ℹ duration_ms 72.404791
✔ Node proving fails closed before initialization and rejects backend/custom prover overrides (1.195542ms)
✔ verified CLI setup routes exact direct-WASM singleton through streaming prover and WASM simulator (0.465667ms)
✔ failed local verification, wrong existing backend and replaced singleton cannot prove (0.845041ms)
✔ Node read-only PXE retains SDK behavior without proving setup (0.245209ms)
ℹ tests 4
ℹ suites 0
ℹ pass 4
ℹ fail 0
ℹ cancelled 0
ℹ skipped 0
ℹ todo 0
ℹ duration_ms 63.603583
✔ apps/src/billboard/user/cli.mjs initializes hashing only then async local prover once (5.33275ms)
✔ apps/src/billboard/user/cli.mjs rejects missing, truncated, modified and symlink local bytes without caching success (10.475917ms)
✔ apps/src/billboard/deploy/cli.mjs initializes hashing only then async local prover once (2.357583ms)
✔ apps/src/billboard/deploy/cli.mjs rejects missing, truncated, modified and symlink local bytes without caching success (7.93625ms)
✔ actual operator CRS inventory includes derived bytes and all original hash pins (0.915625ms)
ℹ tests 5
ℹ suites 0
ℹ pass 5
ℹ fail 0
ℹ cancelled 0
ℹ skipped 0
ℹ todo 0
ℹ duration_ms 70.594958
✔ required local derived G1, G2 and Grumpkin initialize the pinned point counts (27.641875ms)
✔ g1_uncompressed.dat missing stops without alternate reads, network requests or prover calls (0.593625ms)
✔ g1_uncompressed.dat corrupt stops without alternate reads, network requests or prover calls (32.251792ms)
✔ g1_uncompressed.dat truncated stops without alternate reads, network requests or prover calls (0.197792ms)
✔ g2.dat missing stops without alternate reads, network requests or prover calls (24.95675ms)
✔ g2.dat corrupt stops without alternate reads, network requests or prover calls (25.359375ms)
✔ g2.dat truncated stops without alternate reads, network requests or prover calls (24.718208ms)
✔ grumpkin_g1.dat missing stops without alternate reads, network requests or prover calls (25.173292ms)
✔ grumpkin_g1.dat corrupt stops without alternate reads, network requests or prover calls (26.715709ms)
✔ grumpkin_g1.dat truncated stops without alternate reads, network requests or prover calls (25.03675ms)
✔ missing manifest is rejected before any data request (0.206667ms)
✔ different SDK release is rejected before any data request (0.092042ms)
✔ old schema is rejected before any data request (0.047917ms)
✔ wrong compressed format is rejected before any data request (0.050375ms)
✔ wrong G2 format is rejected before any data request (0.053375ms)
✔ wrong Grumpkin format is rejected before any data request (0.0625ms)
✔ old point count is rejected before any data request (0.055458ms)
✔ old Grumpkin filename is rejected before any data request (0.051625ms)
✔ unexpected network destination is rejected before any data request (0.047709ms)
✔ duplicate file is rejected before any data request (0.068791ms)
✔ invalid range is rejected before any data request (0.054541ms)
✔ missing derived entry is rejected before any data request (0.063084ms)
✔ wrong derived name is rejected before any data request (0.046917ms)
✔ wrong derived length is rejected before any data request (0.058917ms)
✔ wrong derived point count is rejected before any data request (0.050875ms)
✔ wrong derived format is rejected before any data request (0.051125ms)
✔ invalid derived digest is rejected before any data request (0.043917ms)
✔ derived remote URL is rejected before any data request (0.056291ms)
✔ missing provenance is rejected before any data request (0.045458ms)
✔ wrong derivation method is rejected before any data request (0.0585ms)
✔ wrong derivation SDK is rejected before any data request (0.046667ms)
✔ wrong derivation input name is rejected before any data request (0.040875ms)
✔ mismatched derivation input pin is rejected before any data request (0.049333ms)
✔ mismatched derivation G2 pin is rejected before any data request (0.041416ms)
✔ wrong derivation WASM path is rejected before any data request (0.041584ms)
✔ wrong derivation WASM digest is rejected before any data request (0.040375ms)
✔ extra derivation metadata is rejected before any data request (0.040083ms)
✔ truncated body cannot be loaded (9.822375ms)
✔ oversized body cannot be loaded (0.132042ms)
✔ oversized content length cannot be loaded (0.299ms)
✔ HTTP failure cannot be loaded (0.047584ms)
✔ empty successful response cannot be loaded (0.052208ms)
✔ oversized streamed response is cancelled instead of reading remaining bytes (0.29175ms)
✔ non-ending HTTP error response is cancelled before rejection (0.077125ms)
✔ HTTP error response remains the rejection reason when cancellation fails (0.072625ms)
✔ BN254 initialization rejection prevents Grumpkin initialization (26.939084ms)
✔ unexpected BN254 response cannot be reported as initialized (26.910875ms)
✔ unexpected Grumpkin response cannot be reported as initialized (26.747833ms)
✔ browser loading uses the same checks with Web Crypto SHA-256 (42.332458ms)
✔ verified local derived bytes skip compressed reads and use the documented empty response (26.635125ms)
✔ truncated derived input stops before hashing or invoking the prover (0.163541ms)
✔ oversized derived input stops before hashing or invoking the prover (0.195708ms)
✔ cache metadata wrapper stops before hashing or invoking the prover (0.058625ms)
✔ loader cannot replace the trusted metadata snapshot (28.426584ms)
✔ mismatched derived content pin never accepts bytes through supplied cache metadata (25.289959ms)
✔ derived initialization rejects nonempty output and does not initialize Grumpkin (27.150042ms)
✔ derived initialization rejects missing output and does not initialize Grumpkin (26.419959ms)
✔ derived initialization rejects wrong element type and does not initialize Grumpkin (26.36975ms)
✔ browser VM uses full Web Crypto digest verification for derived input (33.301208ms)
✔ explicit BN254 prefix verifies the complete derived source before selecting points (27.569334ms)
✔ corruption beyond the retained prefix fails before any prover call (24.911125ms)
✔ prefix budget rejects invalid and excessive values, and snapshots caller selection (52.896375ms)
✔ derived prefix rejects an unexpected nonempty initialization response (27.461625ms)
ℹ tests 63
ℹ suites 0
ℹ pass 63
ℹ fail 0
ℹ cancelled 0
ℹ skipped 0
ℹ todo 0
ℹ duration_ms 775.835708
✔ accepts the exact pinned partial response and requests identity encoding (10.246ms)
✔ rejects ignored Range (0.364166ms)
✔ rejects wrong range (0.196ms)
✔ rejects oversized stream (0.407917ms)
✔ rejects truncated stream (0.29625ms)
✔ rejects checksum mismatch (0.159667ms)
✔ rejects the first invalid download without consulting another destination (0.234333ms)
✔ schema2 separates the72MiB derived asset from bounded network assets (0.674959ms)
✔ rejects derived provenance: wrong Grumpkin format (0.305875ms)
✔ rejects derived provenance: wrong Grumpkin point count (0.138459ms)
✔ rejects derived provenance: wrong Grumpkin byte length (0.059958ms)
✔ rejects derived provenance: wrong G2 point count (0.056625ms)
✔ rejects derived provenance: changed source URL (0.0475ms)
✔ rejects derived provenance: old schema (0.036833ms)
✔ rejects derived provenance: missing derived asset (0.048458ms)
✔ rejects derived provenance: changed output pin (0.057708ms)
✔ rejects derived provenance: oversized derived output (0.051959ms)
✔ rejects derived provenance: wrong points (0.059459ms)
✔ rejects derived provenance: unreviewed method (0.05775ms)
✔ rejects derived provenance: package mismatch (0.053042ms)
✔ rejects derived provenance: input checksum mismatch (0.044583ms)
✔ rejects derived provenance: G2 checksum mismatch (0.039ms)
✔ rejects derived provenance: untrusted WASM path (0.039208ms)
✔ rejects derived provenance: unreviewed WASM hash (0.047542ms)
✔ rejects derived provenance: unexpected derivation field (0.037167ms)
✔ rejects derived provenance: oversized network asset (0.034833ms)
✔ rejects actual WASM bytes that do not match the declared gzip pin (0.081125ms)
✔ rejects cache corruption before an explicitly requested atomic replacement (3.933375ms)
✔ rename failure retains previous target and removes the temporary file (0.976333ms)
✔ corruption during temporary write is rejected before replacing target (0.8945ms)
✔ invalid derived bytes never create or replace a target (0.294041ms)
✔ derivation timeout kills and closes its actual child, restoring signal listeners (102.773708ms)
✔ derivation interruption kills and closes its actual child (1.125416ms)
ℹ tests 33
ℹ suites 0
ℹ pass 33
ℹ fail 0
ℹ cancelled 0
ℹ skipped 0
ℹ todo 0
ℹ duration_ms 169.624125
✔ browser fixes real SDK prover options and initializes matching singleton before PXE (1.447459ms)
✔ incompatible cached singleton blocks PXE without replacement (1.072834ms)
✔ browser custom prover and invalid options cannot bypass supported bound (1.384125ms)
✔ Node path preserves explicit native options and custom prover without browser singleton (1.049125ms)
✔ private logging remains silent and initialization failures are redacted (0.741ms)
✔ async CRS verification must finish before PXE and concurrent requests share its initialization (2.33275ms)
✔ failed CRS validation blocks PXE, denies remote fallback and permits clean retry (0.456958ms)
✔ cached singleton without skipSrsInit is rejected before CRS or PXE (0.257541ms)
✔ verified loader uses only local files, rejects redirects and hashes bytes before initialization (0.481334ms)
✔ browser injects streaming prover using the same simulator and preserves verified proof fields/compression (0.697834ms)
✔ streaming proof failure cannot return a proof (0.324042ms)
ℹ tests 11
ℹ suites 0
ℹ pass 11
ℹ fail 0
ℹ cancelled 0
ℹ skipped 0
ℹ todo 0
ℹ duration_ms 50.421334
✔ ordered per-step inputs, hiding VK, local verification and compressed fields match upstream (1.464916ms)
✔ each failed command stops all later work and redacts underlying data (3.421708ms)
✔ invalid proof cannot reach compression or caller (0.280833ms)
✔ overlap cannot poison active job; failed singleton is quarantined and fresh instance works (1.013334ms)
✔ missing compressed output is rejected even after valid local verification (0.297875ms)
ℹ tests 5
ℹ suites 0
ℹ pass 5
ℹ fail 0
ℹ cancelled 0
ℹ skipped 0
ℹ todo 0
ℹ duration_ms 63.59725
✔ browser actual module persists ciphertext and interoperates with Node AES-GCM (7.940375ms)
✔ browser actual custody rejects wrong wallet, ciphertext corruption and moved scope (3.632ms)
✔ browser save observes transaction abort and never reports durable success (1.89775ms)
✔ actual engine codec matches frozen claim, boundary and exit commitments (5.169583ms)
✔ actual public deposit flow saves and reads back before send; returns event receipt nonce without secret (6.519167ms)
✔ actual deposit flow fails closed for missing store, failed durability and disabled portal (2.277833ms)
✔ actual deposit flow fails closed for mismatched read-back and existing receipt (1.669417ms)
✔ actual recovery requires the current event nonce and exact saved secret hash without signing fallback (4.7295ms)
ℹ tests 8
ℹ suites 0
ℹ pass 8
ℹ fail 0
ℹ cancelled 0
ℹ skipped 0
ℹ todo 0
ℹ duration_ms 199.792041
✔ pinned internal L2Block hash method differs from public node BlockResponse hash value (3.374458ms)
✔ deployment returns pending immediately, then a resumed check forwards the exact finalized witness (1.737125ms)
✔ unfinalized receipt never requests a witness or activates (0.329167ms)
✔ missing witness never activates a finalized transaction (0.4655ms)
✔ reverted receipt fails closed before witness lookup (0.385083ms)
✔ missing success receipt fails closed before witness lookup (0.251292ms)
✔ dropped receipt fails closed before witness lookup (0.221625ms)
✔ unknown receipt fails closed before witness lookup (0.249583ms)
✔ wrong transaction receipt fails closed before witness lookup (0.252375ms)
✔ missing block hash receipt fails closed before witness lookup (0.500792ms)
✔ pending and proposed receipts do not qualify even with a high finalized tip (0.633667ms)
✔ receipt block must still match canonical block at its height (0.692208ms)
✔ re-inclusion during witness resolution returns pending; resume checks the new block (0.932209ms)
✔ drop during witness resolution prevents activation (0.518875ms)
✔ malformed finalized tip cannot satisfy the finality comparison (0.293875ms)
✔ activation requires successful L1 receipt and enabled portal {"activationStatus":0} (0.4315ms)
✔ activation requires successful L1 receipt and enabled portal {"enabled":false} (0.44825ms)
✔ a stalled Ready RPC has a bounded unknown outcome without activation (12.953125ms)
✔ deployment missing CREATE2 proxy is checked before wallet or proving work (1.402042ms)
✔ deployment unrecognized CREATE2 proxy is checked before wallet or proving work (0.302375ms)
✔ deployment pinned CREATE2 proxy is checked before wallet or proving work (0.311875ms)
ℹ tests 21
ℹ suites 0
ℹ pass 21
ℹ fail 0
ℹ cancelled 0
ℹ skipped 0
ℹ todo 0
ℹ duration_ms 331.907292
