✔ matching synthetic artifacts and recorded sources pass (21.362958ms)
✔ stale deploy Noir copy is rejected (14.860875ms)
✔ stale censor Noir copy is rejected (21.213833ms)
✔ missing verification key is rejected even when all consumer copies agree (23.093625ms)
✔ empty private function set is rejected even when all consumer copies agree (23.047209ms)
✔ only public functions is rejected even when all consumer copies agree (23.102792ms)
✔ untranspiled artifact is rejected even when all consumer copies agree (27.962833ms)
✔ truthy non-boolean transpilation marker is rejected even when all consumer copies agree (22.096917ms)
✔ stale portal bytecode is rejected: apps/src/billboard/portal_bytecode.txt (23.371708ms)
✔ stale portal bytecode is rejected: apps/src/billboard/deploy/portal_bytecode.txt (22.778375ms)
✔ portal source drift is rejected by embedded compiler provenance (11.346625ms)
✔ missing Solidity source provenance is rejected (12.152875ms)
✔ string-encoded Solidity metadata remains supported (25.624834ms)
✔ Noir source drift requires a rebuild (25.246375ms)
✔ Noir dependency declaration drift requires a rebuild (24.4055ms)
✔ root dependency lock drift requires a rebuild (29.620708ms)
✔ portal dependency lock drift requires a rebuild (24.78175ms)
✔ compiler configuration drift requires a rebuild (24.957875ms)
✔ toolchain pins drift requires a rebuild (26.640333ms)
✔ contract builder drift requires a rebuild (25.415541ms)
✔ Noir debug-path normalizer drift requires a rebuild (24.610625ms)
✔ Noir dependency verifier drift requires a rebuild (19.651708ms)
✔ Noir dependency pins drift requires a rebuild (23.026542ms)
✔ new Noir source omitted from the old manifest requires a rebuild (27.042416ms)
✔ contract manifest input hash tampering is rejected (31.753958ms)
✔ contract manifest noir hash tampering is rejected (16.9845ms)
✔ contract manifest portal hash tampering is rejected (11.477417ms)
✔ synchronized altered Noir artifacts still fail the recorded build hash (12.18825ms)
✔ synchronized altered portal bytecode still fails the recorded build hash (20.124958ms)
✔ privateFee key, extra route and stale content fail closed (24.6095ms)
ℹ tests 30
ℹ suites 0
ℹ pass 30
ℹ fail 0
ℹ cancelled 0
ℹ skipped 0
ℹ todo 0
ℹ duration_ms 1060.572375
✔ rejected http-error response cancels its unread body (81.628959ms)
✔ rejected oversized response cancels its unread body (15.857ms)
ℹ tests 2
ℹ suites 0
ℹ pass 2
ℹ fail 0
ℹ cancelled 0
ℹ skipped 0
ℹ todo 0
ℹ duration_ms 262.451417
✔ wallet-free cache resumes bounded pages without rescanning completed history (19.333625ms)
✔ snapshot pagination neither duplicates nor misses posts when newer ones arrive (5.668208ms)
✔ same-height reorg rolls back affected pages and invalidates pagination (4.974334ms)
✔ flag-only block updates a cached post without scanning its publication (3.188541ms)
✔ failed atomic persistence retains prior checkpoint and retries same page (4.326083ms)
✔ chain change during fetch never commits fetched events (0.715208ms)
✔ identical event duplicates deduplicate; conflicting payloads fail (1.292375ms)
✔ unexpected private fields, wrong scope and out-of-range results cannot enter cache (0.923958ms)
✔ bounded rollback can discard cache and rebuild after deep reorg (1.409ms)
✔ capacity failure is explicit and does not advance past missing events (1.111875ms)
✔ RPC failure preserves cached data and cursor (0.762083ms)
✔ malformed restored cache and concurrent sync are rejected (6.397333ms)
✔ paging a validated restored history does not reread persisted ranges (1.499708ms)
✔ one-event append after10000posts writes only new range and small head (1404.626959ms)
✔ failed atomic commit leaves storage and visible state unchanged (4.028959ms)
✔ competing writers cannot overwrite a committed head (3.283375ms)
✔ three-block rollback restores moved policies, posts and flags exactly (1.946958ms)
✔ page policy output is bounded by selected posts plus current policy (138.45675ms)
✔ occupied block checks overlap in batches of at most eight (11.013833ms)
ℹ tests 19
ℹ suites 0
ℹ pass 19
ℹ fail 0
ℹ cancelled 0
ℹ skipped 0
ℹ todo 0
ℹ duration_ms 1791.718042
✔ full-history index refuses to checkpoint an omitted publication order (9.254833ms)
✔ an index starting from genesis refuses a nonzero first publication order (1.878417ms)
✔ orphaned flag disappears when its page is rolled back (4.687667ms)
✔ different payloads at one canonical event position never commit (1.37175ms)
✔ unavailable historical checkpoint preserves all cached events (1.749125ms)
✔ identical policy can be published repeatedly under the same content version (1.680542ms)
✔ conflicting text cannot reuse a policy content version (1.503625ms)
✔ post without its preceding policy publication cannot enter full-history cache (1.043625ms)
✔ sync deadline covers the aggregate RPC sequence, not each read independently (31.666125ms)
✔ connection reads pinned immutable slots at one block and matches both contract class IDs (57.054167ms)
✔ matching public slots cannot bypass a wrong currentContractClassId (21.981292ms)
✔ matching public slots cannot bypass a wrong originalContractClassId (30.990041ms)
✔ connection rejects conflicting immutable slot 1 (20.025792ms)
✔ connection rejects conflicting immutable slot 3 (19.779084ms)
✔ connection rejects conflicting immutable slot 4 (28.012875ms)
✔ connection rejects conflicting immutable slot 5 (24.596542ms)
✔ restored public cache rejects additional private payload fields (8.650333ms)
✔ policy A then B then A identifies A as the current restored policy (3.845708ms)
✔ restored range rejects duplicate identity disguised by transaction index (5.916166ms)
ℹ tests 19
ℹ suites 0
ℹ pass 19
ℹ fail 0
ℹ cancelled 0
ℹ skipped 0
ℹ todo 0
ℹ duration_ms 433.141583
✔ sqlite atomic ranges, competing writers and snapshot rollback (35.177375ms)
✔ indexeddb atomic ranges, competing writers and snapshot rollback (13.822583ms)
✔ competing native cache writers recover by reopening without losing committed ranges (36.867542ms)
✔ browser reader discards only conflicted connections and does not retry the failed request (7.894958ms)
✔ standalone reader preserves stale messages and requires explicit reopening after conflict (4.8405ms)
ℹ tests 5
ℹ suites 0
ℹ pass 5
ℹ fail 0
ℹ cancelled 0
ℹ skipped 0
ℹ todo 0
ℹ duration_ms 329.605417
✔ Node proving fails closed before initialization and rejects backend/custom prover overrides (4.715375ms)
✔ verified CLI setup routes exact direct-WASM singleton through streaming prover and WASM simulator (2.556458ms)
✔ failed local verification, wrong existing backend and replaced singleton cannot prove (4.734666ms)
✔ Node read-only PXE retains SDK behavior without proving setup (1.522833ms)
ℹ tests 4
ℹ suites 0
ℹ pass 4
ℹ fail 0
ℹ cancelled 0
ℹ skipped 0
ℹ todo 0
ℹ duration_ms 267.227
✔ apps/src/billboard/user/cli.mjs initializes hashing only then async local prover once (18.742125ms)
✔ apps/src/billboard/user/cli.mjs rejects missing, truncated, modified and symlink local bytes without caching success (49.038125ms)
✔ apps/src/billboard/deploy/cli.mjs initializes hashing only then async local prover once (8.086083ms)
✔ apps/src/billboard/deploy/cli.mjs rejects missing, truncated, modified and symlink local bytes without caching success (39.447375ms)
✔ actual operator CRS inventory includes derived bytes and all original hash pins (1.303875ms)
ℹ tests 5
ℹ suites 0
ℹ pass 5
ℹ fail 0
ℹ cancelled 0
ℹ skipped 0
ℹ todo 0
ℹ duration_ms 268.486
✔ required local derived G1, G2 and Grumpkin initialize the pinned point counts (85.098125ms)
✔ g1_uncompressed.dat missing stops without alternate reads, network requests or prover calls (2.764666ms)
✔ g1_uncompressed.dat corrupt stops without alternate reads, network requests or prover calls (79.16225ms)
✔ g1_uncompressed.dat truncated stops without alternate reads, network requests or prover calls (1.068875ms)
✔ g2.dat missing stops without alternate reads, network requests or prover calls (89.154875ms)
✔ g2.dat corrupt stops without alternate reads, network requests or prover calls (79.235042ms)
✔ g2.dat truncated stops without alternate reads, network requests or prover calls (61.146125ms)
✔ grumpkin_g1.dat missing stops without alternate reads, network requests or prover calls (94.245083ms)
✔ grumpkin_g1.dat corrupt stops without alternate reads, network requests or prover calls (72.116833ms)
✔ grumpkin_g1.dat truncated stops without alternate reads, network requests or prover calls (67.409375ms)
✔ missing manifest is rejected before any data request (0.861417ms)
✔ different SDK release is rejected before any data request (0.977917ms)
✔ old schema is rejected before any data request (0.479ms)
✔ wrong compressed format is rejected before any data request (0.319291ms)
✔ wrong G2 format is rejected before any data request (0.287083ms)
✔ wrong Grumpkin format is rejected before any data request (0.312292ms)
✔ old point count is rejected before any data request (0.308208ms)
✔ old Grumpkin filename is rejected before any data request (0.273541ms)
✔ unexpected network destination is rejected before any data request (0.265208ms)
✔ duplicate file is rejected before any data request (0.243292ms)
✔ invalid range is rejected before any data request (0.226417ms)
✔ missing derived entry is rejected before any data request (0.14225ms)
✔ wrong derived name is rejected before any data request (0.111042ms)
✔ wrong derived length is rejected before any data request (0.102875ms)
✔ wrong derived point count is rejected before any data request (0.154167ms)
✔ wrong derived format is rejected before any data request (0.269084ms)
✔ invalid derived digest is rejected before any data request (0.109583ms)
✔ derived remote URL is rejected before any data request (0.128666ms)
✔ missing provenance is rejected before any data request (0.10775ms)
✔ wrong derivation method is rejected before any data request (0.118916ms)
✔ wrong derivation SDK is rejected before any data request (0.106542ms)
✔ wrong derivation input name is rejected before any data request (0.205917ms)
✔ mismatched derivation input pin is rejected before any data request (0.274292ms)
✔ mismatched derivation G2 pin is rejected before any data request (0.237708ms)
✔ wrong derivation WASM path is rejected before any data request (0.2395ms)
✔ wrong derivation WASM digest is rejected before any data request (0.246125ms)
✔ extra derivation metadata is rejected before any data request (0.243333ms)
✔ truncated body cannot be loaded (48.971ms)
✔ oversized body cannot be loaded (0.622542ms)
✔ oversized content length cannot be loaded (2.261083ms)
✔ HTTP failure cannot be loaded (0.388958ms)
✔ empty successful response cannot be loaded (0.349083ms)
✔ oversized streamed response is cancelled instead of reading remaining bytes (1.721ms)
✔ non-ending HTTP error response is cancelled before rejection (0.362083ms)
✔ HTTP error response remains the rejection reason when cancellation fails (0.198042ms)
✔ BN254 initialization rejection prevents Grumpkin initialization (90.144291ms)
✔ unexpected BN254 response cannot be reported as initialized (94.481334ms)
✔ unexpected Grumpkin response cannot be reported as initialized (83.08625ms)
✔ browser loading uses the same checks with Web Crypto SHA-256 (130.157917ms)
✔ verified local derived bytes skip compressed reads and use the documented empty response (87.335542ms)
✔ truncated derived input stops before hashing or invoking the prover (0.684125ms)
✔ oversized derived input stops before hashing or invoking the prover (0.833ms)
✔ cache metadata wrapper stops before hashing or invoking the prover (0.268083ms)
✔ loader cannot replace the trusted metadata snapshot (98.375916ms)
✔ mismatched derived content pin never accepts bytes through supplied cache metadata (72.472958ms)
✔ derived initialization rejects nonempty output and does not initialize Grumpkin (83.446166ms)
✔ derived initialization rejects missing output and does not initialize Grumpkin (96.143583ms)
✔ derived initialization rejects wrong element type and does not initialize Grumpkin (72.924708ms)
✔ browser VM uses full Web Crypto digest verification for derived input (120.840166ms)
✔ explicit BN254 prefix verifies the complete derived source before selecting points (71.212416ms)
✔ corruption beyond the retained prefix fails before any prover call (84.896917ms)
✔ prefix budget rejects invalid and excessive values, and snapshots caller selection (147.118708ms)
✔ derived prefix rejects an unexpected nonempty initialization response (78.773333ms)
ℹ tests 63
ℹ suites 0
ℹ pass 63
ℹ fail 0
ℹ cancelled 0
ℹ skipped 0
ℹ todo 0
ℹ duration_ms 2436.628291
✔ accepts the exact pinned partial response and requests identity encoding (50.792125ms)
✔ rejects ignored Range (1.890583ms)
✔ rejects wrong range (0.985209ms)
✔ rejects oversized stream (1.643959ms)
✔ rejects truncated stream (0.926375ms)
✔ rejects checksum mismatch (0.668583ms)
✔ rejects the first invalid download without consulting another destination (1.790125ms)
✔ schema2 separates the72MiB derived asset from bounded network assets (3.0815ms)
✔ rejects derived provenance: wrong Grumpkin format (0.79075ms)
✔ rejects derived provenance: wrong Grumpkin point count (0.515917ms)
✔ rejects derived provenance: wrong Grumpkin byte length (0.309125ms)
✔ rejects derived provenance: wrong G2 point count (0.239083ms)
✔ rejects derived provenance: changed source URL (0.292583ms)
✔ rejects derived provenance: old schema (0.244333ms)
✔ rejects derived provenance: missing derived asset (0.270125ms)
✔ rejects derived provenance: changed output pin (0.297708ms)
✔ rejects derived provenance: oversized derived output (0.24525ms)
✔ rejects derived provenance: wrong points (0.255333ms)
✔ rejects derived provenance: unreviewed method (0.300041ms)
✔ rejects derived provenance: package mismatch (0.31775ms)
✔ rejects derived provenance: input checksum mismatch (0.324041ms)
✔ rejects derived provenance: G2 checksum mismatch (0.215875ms)
✔ rejects derived provenance: untrusted WASM path (0.233208ms)
✔ rejects derived provenance: unreviewed WASM hash (0.256875ms)
✔ rejects derived provenance: unexpected derivation field (0.214792ms)
✔ rejects derived provenance: oversized network asset (0.275416ms)
✔ rejects actual WASM bytes that do not match the declared gzip pin (0.338125ms)
✔ rejects cache corruption before an explicitly requested atomic replacement (20.729083ms)
✔ rename failure retains previous target and removes the temporary file (7.005458ms)
✔ corruption during temporary write is rejected before replacing target (3.697333ms)
✔ invalid derived bytes never create or replace a target (1.307083ms)
✔ derivation timeout kills and closes its actual child, restoring signal listeners (107.583458ms)
✔ derivation interruption kills and closes its actual child (2.149917ms)
ℹ tests 33
ℹ suites 0
ℹ pass 33
ℹ fail 0
ℹ cancelled 0
ℹ skipped 0
ℹ todo 0
ℹ duration_ms 364.20275
✔ browser fixes real SDK prover options and initializes matching singleton before PXE (5.032834ms)
✔ incompatible cached singleton blocks PXE without replacement (6.287541ms)
✔ browser custom prover and invalid options cannot bypass supported bound (5.554583ms)
✔ Node path preserves explicit native options and custom prover without browser singleton (3.3355ms)
✔ private logging remains silent and initialization failures are redacted (3.166834ms)
✔ async CRS verification must finish before PXE and concurrent requests share its initialization (6.066667ms)
✔ failed CRS validation blocks PXE, denies remote fallback and permits clean retry (2.094334ms)
✔ cached singleton without skipSrsInit is rejected before CRS or PXE (1.444792ms)
✔ verified loader uses only local files, rejects redirects and hashes bytes before initialization (2.826416ms)
✔ browser injects streaming prover using the same simulator and preserves verified proof fields/compression (3.523375ms)
✔ streaming proof failure cannot return a proof (1.877667ms)
ℹ tests 11
ℹ suites 0
ℹ pass 11
ℹ fail 0
ℹ cancelled 0
ℹ skipped 0
ℹ todo 0
ℹ duration_ms 178.416584
✔ ordered per-step inputs, hiding VK, local verification and compressed fields match upstream (7.181208ms)
✔ each failed command stops all later work and redacts underlying data (18.174ms)
✔ invalid proof cannot reach compression or caller (1.656083ms)
✔ overlap cannot poison active job; failed singleton is quarantined and fresh instance works (6.560416ms)
✔ missing compressed output is rejected even after valid local verification (1.74275ms)
ℹ tests 5
ℹ suites 0
ℹ pass 5
ℹ fail 0
ℹ cancelled 0
ℹ skipped 0
ℹ todo 0
ℹ duration_ms 243.277459
✔ browser actual module persists ciphertext and interoperates with Node AES-GCM (35.800458ms)
✔ browser actual custody rejects wrong wallet, ciphertext corruption and moved scope (15.775ms)
✔ browser save observes transaction abort and never reports durable success (11.864791ms)
✔ actual engine codec matches frozen claim, boundary and exit commitments (14.293458ms)
✔ actual public deposit flow saves and reads back before send; returns event receipt nonce without secret (17.707459ms)
✔ actual deposit flow fails closed for missing store, failed durability and disabled portal (12.425625ms)
✔ actual deposit flow fails closed for mismatched read-back and existing receipt (8.543292ms)
✔ actual recovery requires the current event nonce and exact saved secret hash without signing fallback (25.104458ms)
ℹ tests 8
ℹ suites 0
ℹ pass 8
ℹ fail 0
ℹ cancelled 0
ℹ skipped 0
ℹ todo 0
ℹ duration_ms 981.74075
✔ pinned internal L2Block hash method differs from public node BlockResponse hash value (18.869667ms)
✔ deployment returns pending immediately, then a resumed check forwards the exact finalized witness (9.138542ms)
✔ unfinalized receipt never requests a witness or activates (2.163166ms)
✔ missing witness never activates a finalized transaction (2.976834ms)
✔ reverted receipt fails closed before witness lookup (1.725958ms)
✔ missing success receipt fails closed before witness lookup (1.685084ms)
✔ dropped receipt fails closed before witness lookup (1.461125ms)
✔ unknown receipt fails closed before witness lookup (1.415875ms)
✔ wrong transaction receipt fails closed before witness lookup (1.430792ms)
✔ missing block hash receipt fails closed before witness lookup (2.817875ms)
✔ pending and proposed receipts do not qualify even with a high finalized tip (2.118709ms)
✔ receipt block must still match canonical block at its height (1.604166ms)
✔ re-inclusion during witness resolution returns pending; resume checks the new block (3.919125ms)
✔ drop during witness resolution prevents activation (4.556083ms)
✔ malformed finalized tip cannot satisfy the finality comparison (2.274375ms)
✔ activation requires successful L1 receipt and enabled portal {"activationStatus":0} (2.688916ms)
✔ activation requires successful L1 receipt and enabled portal {"enabled":false} (3.193334ms)
✔ a stalled Ready RPC has a bounded unknown outcome without activation (28.56925ms)
✔ deployment missing CREATE2 proxy is checked before wallet or proving work (3.883292ms)
✔ deployment unrecognized CREATE2 proxy is checked before wallet or proving work (1.422709ms)
✔ deployment pinned CREATE2 proxy is checked before wallet or proving work (1.404792ms)
ℹ tests 21
ℹ suites 0
ℹ pass 21
ℹ fail 0
ℹ cancelled 0
ℹ skipped 0
ℹ todo 0
ℹ duration_ms 1793.079125
