{"profile":"C01 consistent-scope TXE","chain":1,"version":1,"originalPublicVersion":2,"realProofs":false,"port":57261}
[22:29:22.516] INFO: kv-store:lmdb-v2 Starting data store with maxReaders 2
[billboard_contract] Running 0 test functions
[billboard_contract] [0m[32m0 tests passed[0m
[billboard_test] Running 5 test functions
[22:29:30.818] INFO: kv-store:lmdb-v2 Starting data store with maxReaders 2
[22:29:30.818] INFO: kv-store:lmdb-v2 Starting data store with maxReaders 2
[22:29:30.820] INFO: world-state:database Creating world state data store at directory /var/folders/ym/q1vh2x5n58xbsmpmvs5_6w3r0000gn/T/aztec-world-state-PEgDfF/world_state with map sizes {"archiveTreeMapSizeKb":10485760,"nullifierTreeMapSizeKb":10485760,"noteHashTreeMapSizeKb":10485760,"messageTreeMapSizeKb":10485760,"publicDataTreeMapSizeKb":10485760} and 2 threads (ephemeral=true).
[22:29:30.830] INFO: txe_node Aztec Node version: txe
[22:29:30.830] INFO: txe_node Aztec Node started on chain 0x1
[22:29:30.844] INFO: txe:top_level_context Created block 1 with timestamp 1789853370
[22:29:30.956] INFO: txe:top_level_context Created block 2 with timestamp 1789853370
[22:29:31.077] INFO: simulator:public-processor Processed 1 successful txs and 0 failed txs (0 silently skipped, 0ms wasted) in 0.0636018750000003s {"blockNumber":3,"successfulCount":1,"failedCount":0,"duration":0.0636018750000003,"rate":90826253.1568444,"totalPublicGas":{"daGas":5792,"l2Gas":5776720},"totalBlockGas":{"daGas":5792,"l2Gas":5776720},"totalSizeInBytes":5920,"silentlySkippedCount":0,"silentlySkippedDurationMs":0}
[22:29:31.235] INFO: simulator:public-processor Processed 1 successful txs and 0 failed txs (0 silently skipped, 0ms wasted) in 0.014110582999999679s {"blockNumber":4,"successfulCount":1,"failedCount":0,"duration":0.014110582999999679,"rate":80837694.65797593,"totalPublicGas":{"daGas":192,"l2Gas":1140667},"totalBlockGas":{"daGas":320,"l2Gas":1731467},"totalSizeInBytes":320,"silentlySkippedCount":0,"silentlySkippedDurationMs":0}
[22:29:31.266] INFO: txe:top_level_context Created block 5 with timestamp 1789853370
[22:29:31.435] INFO: simulator:public-processor Processed 1 successful txs and 0 failed txs (0 silently skipped, 0ms wasted) in 0.004511249999999563s {"blockNumber":6,"successfulCount":1,"failedCount":0,"duration":0.004511249999999563,"rate":0,"totalPublicGas":{"daGas":0,"l2Gas":0},"totalBlockGas":{"daGas":1984,"l2Gas":529900},"totalSizeInBytes":1984,"silentlySkippedCount":0,"silentlySkippedDurationMs":0}
[22:29:31.464] INFO: txe:top_level_context Created block 7 with timestamp 1789860571
[22:29:32.069] INFO: simulator:public-processor Processed 1 successful txs and 0 failed txs (0 silently skipped, 0ms wasted) in 0.02939116599999943s {"blockNumber":8,"successfulCount":1,"failedCount":0,"duration":0.02939116599999943,"rate":70093102.12463295,"totalPublicGas":{"daGas":3840,"l2Gas":2060118},"totalBlockGas":{"daGas":5216,"l2Gas":2786868},"totalSizeInBytes":5216,"silentlySkippedCount":0,"silentlySkippedDurationMs":0}
[22:29:32.098] INFO: txe:top_level_context Created block 9 with timestamp 1789867772
[22:29:32.690] INFO: simulator:public-processor Processed 1 successful txs and 0 failed txs (0 silently skipped, 0ms wasted) in 0.028608499999998458s {"blockNumber":10,"successfulCount":1,"failedCount":0,"duration":0.028608499999998458,"rate":72010696.12178586,"totalPublicGas":{"daGas":3840,"l2Gas":2060118},"totalBlockGas":{"daGas":5216,"l2Gas":2786868},"totalSizeInBytes":5216,"silentlySkippedCount":0,"silentlySkippedDurationMs":0}
[22:29:32.719] INFO: txe:top_level_context Created block 11 with timestamp 1789874973
[22:29:33.307] INFO: simulator:public-processor Processed 1 successful txs and 0 failed txs (0 silently skipped, 0ms wasted) in 0.02809416599999895s {"blockNumber":12,"successfulCount":1,"failedCount":0,"duration":0.02809416599999895,"rate":73329032.08445758,"totalPublicGas":{"daGas":3840,"l2Gas":2060118},"totalBlockGas":{"daGas":5216,"l2Gas":2786868},"totalSizeInBytes":5216,"silentlySkippedCount":0,"silentlySkippedDurationMs":0}
[22:29:33.335] INFO: txe:top_level_context Created block 13 with timestamp 1789882174
[22:29:33.920] INFO: simulator:public-processor Processed 1 successful txs and 0 failed txs (0 silently skipped, 0ms wasted) in 0.028225500000000465s {"blockNumber":14,"successfulCount":1,"failedCount":0,"duration":0.028225500000000465,"rate":72987830.15358332,"totalPublicGas":{"daGas":3840,"l2Gas":2060118},"totalBlockGas":{"daGas":5216,"l2Gas":2786868},"totalSizeInBytes":5216,"silentlySkippedCount":0,"silentlySkippedDurationMs":0}
[22:29:33.949] INFO: txe:top_level_context Created block 15 with timestamp 1789889375
[22:29:34.536] INFO: simulator:public-processor Processed 1 successful txs and 0 failed txs (0 silently skipped, 0ms wasted) in 0.028706625000000714s {"blockNumber":16,"successfulCount":1,"failedCount":0,"duration":0.028706625000000714,"rate":71764549.12411155,"totalPublicGas":{"daGas":3840,"l2Gas":2060118},"totalBlockGas":{"daGas":5216,"l2Gas":2786868},"totalSizeInBytes":5216,"silentlySkippedCount":0,"silentlySkippedDurationMs":0}
[22:29:34.564] INFO: txe:top_level_context Created block 17 with timestamp 1789896576
[22:29:35.150] INFO: simulator:public-processor Processed 1 successful txs and 0 failed txs (0 silently skipped, 0ms wasted) in 0.028983000000000175s {"blockNumber":18,"successfulCount":1,"failedCount":0,"duration":0.028983000000000175,"rate":71080219.43898104,"totalPublicGas":{"daGas":3840,"l2Gas":2060118},"totalBlockGas":{"daGas":5216,"l2Gas":2786868},"totalSizeInBytes":5216,"silentlySkippedCount":0,"silentlySkippedDurationMs":0}
[22:29:35.178] INFO: txe:top_level_context Created block 19 with timestamp 1789903777
[22:29:35.764] INFO: simulator:public-processor Processed 1 successful txs and 0 failed txs (0 silently skipped, 0ms wasted) in 0.028486290999999254s {"blockNumber":20,"successfulCount":1,"failedCount":0,"duration":0.028486290999999254,"rate":72319629.1156351,"totalPublicGas":{"daGas":3840,"l2Gas":2060118},"totalBlockGas":{"daGas":5216,"l2Gas":2786868},"totalSizeInBytes":5216,"silentlySkippedCount":0,"silentlySkippedDurationMs":0}
[22:29:35.792] INFO: txe:top_level_context Created block 21 with timestamp 1789910978
[22:29:36.383] INFO: simulator:public-processor Processed 1 successful txs and 0 failed txs (0 silently skipped, 0ms wasted) in 0.028361666999999216s {"blockNumber":22,"successfulCount":1,"failedCount":0,"duration":0.028361666999999216,"rate":72637408.79547231,"totalPublicGas":{"daGas":3840,"l2Gas":2060118},"totalBlockGas":{"daGas":5216,"l2Gas":2786868},"totalSizeInBytes":5216,"silentlySkippedCount":0,"silentlySkippedDurationMs":0}
[22:29:36.412] INFO: txe:top_level_context Created block 23 with timestamp 1789918179
[22:29:36.994] INFO: simulator:public-processor Processed 1 successful txs and 0 failed txs (0 silently skipped, 0ms wasted) in 0.02854187499999898s {"blockNumber":24,"successfulCount":1,"failedCount":0,"duration":0.02854187499999898,"rate":72178789.93584245,"totalPublicGas":{"daGas":3840,"l2Gas":2060118},"totalBlockGas":{"daGas":5216,"l2Gas":2786868},"totalSizeInBytes":5216,"silentlySkippedCount":0,"silentlySkippedDurationMs":0}
[22:29:37.022] INFO: txe:top_level_context Created block 25 with timestamp 1789925380
[22:29:37.609] INFO: simulator:public-processor Processed 1 successful txs and 0 failed txs (0 silently skipped, 0ms wasted) in 0.02842937499999971s {"blockNumber":26,"successfulCount":1,"failedCount":0,"duration":0.02842937499999971,"rate":72464414.00839874,"totalPublicGas":{"daGas":3840,"l2Gas":2060118},"totalBlockGas":{"daGas":5216,"l2Gas":2786868},"totalSizeInBytes":5216,"silentlySkippedCount":0,"silentlySkippedDurationMs":0}
[22:29:37.638] INFO: txe:top_level_context Created block 27 with timestamp 1789932581
[22:29:38.221] INFO: simulator:public-processor Processed 1 successful txs and 0 failed txs (0 silently skipped, 0ms wasted) in 0.02841070799999943s {"blockNumber":28,"successfulCount":1,"failedCount":0,"duration":0.02841070799999943,"rate":72512026.09945662,"totalPublicGas":{"daGas":3840,"l2Gas":2060118},"totalBlockGas":{"daGas":5216,"l2Gas":2786868},"totalSizeInBytes":5216,"silentlySkippedCount":0,"silentlySkippedDurationMs":0}
[22:29:38.249] INFO: txe:top_level_context Created block 29 with timestamp 1789939782
[22:29:38.830] INFO: simulator:public-processor Processed 1 successful txs and 0 failed txs (0 silently skipped, 0ms wasted) in 0.0284309170000015s {"blockNumber":30,"successfulCount":1,"failedCount":0,"duration":0.0284309170000015,"rate":72460483.77545795,"totalPublicGas":{"daGas":3840,"l2Gas":2060118},"totalBlockGas":{"daGas":5216,"l2Gas":2786868},"totalSizeInBytes":5216,"silentlySkippedCount":0,"silentlySkippedDurationMs":0}
[22:29:38.859] INFO: txe:top_level_context Created block 31 with timestamp 1789946983
[22:29:39.430] INFO: simulator:public-processor Processed 1 successful txs and 0 failed txs (0 silently skipped, 0ms wasted) in 0.028438457999996898s {"blockNumber":32,"successfulCount":1,"failedCount":0,"duration":0.028438457999996898,"rate":72441269.49499951,"totalPublicGas":{"daGas":3840,"l2Gas":2060118},"totalBlockGas":{"daGas":5216,"l2Gas":2786868},"totalSizeInBytes":5216,"silentlySkippedCount":0,"silentlySkippedDurationMs":0}
[22:29:39.459] INFO: txe:top_level_context Created block 33 with timestamp 1789954184
[22:29:40.025] INFO: simulator:public-processor Processed 1 successful txs and 0 failed txs (0 silently skipped, 0ms wasted) in 0.030030625000003055s {"blockNumber":34,"successfulCount":1,"failedCount":0,"duration":0.030030625000003055,"rate":68600570.25119492,"totalPublicGas":{"daGas":3840,"l2Gas":2060118},"totalBlockGas":{"daGas":5216,"l2Gas":2786868},"totalSizeInBytes":5216,"silentlySkippedCount":0,"silentlySkippedDurationMs":0}
[22:29:40.054] INFO: txe:top_level_context Created block 35 with timestamp 1789961385
[22:29:40.623] INFO: simulator:public-processor Processed 1 successful txs and 0 failed txs (0 silently skipped, 0ms wasted) in 0.028366416999997455s {"blockNumber":36,"successfulCount":1,"failedCount":0,"duration":0.028366416999997455,"rate":72625245.55005254,"totalPublicGas":{"daGas":3840,"l2Gas":2060118},"totalBlockGas":{"daGas":5216,"l2Gas":2786868},"totalSizeInBytes":5216,"silentlySkippedCount":0,"silentlySkippedDurationMs":0}
[22:29:40.652] INFO: txe:top_level_context Created block 37 with timestamp 1789968586
[22:29:41.217] INFO: simulator:public-processor Processed 1 successful txs and 0 failed txs (0 silently skipped, 0ms wasted) in 0.02764862500000163s {"blockNumber":38,"successfulCount":1,"failedCount":0,"duration":0.02764862500000163,"rate":74510685.4319113,"totalPublicGas":{"daGas":3840,"l2Gas":2060118},"totalBlockGas":{"daGas":5216,"l2Gas":2786868},"totalSizeInBytes":5216,"silentlySkippedCount":0,"silentlySkippedDurationMs":0}
[22:29:41.246] INFO: txe:top_level_context Created block 39 with timestamp 1789975787
[22:29:41.812] INFO: simulator:public-processor Processed 1 successful txs and 0 failed txs (0 silently skipped, 0ms wasted) in 0.02712474999999904s {"blockNumber":40,"successfulCount":1,"failedCount":0,"duration":0.02712474999999904,"rate":75949750.68894914,"totalPublicGas":{"daGas":3840,"l2Gas":2060118},"totalBlockGas":{"daGas":5216,"l2Gas":2786868},"totalSizeInBytes":5216,"silentlySkippedCount":0,"silentlySkippedDurationMs":0}
[22:29:41.843] INFO: simulator:public-processor Processed 1 successful txs and 0 failed txs (0 silently skipped, 0ms wasted) in 0.004384249999999156s {"blockNumber":41,"successfulCount":1,"failedCount":0,"duration":0.004384249999999156,"rate":2146547.299994711,"totalPublicGas":{"daGas":0,"l2Gas":9411},"totalBlockGas":{"daGas":0,"l2Gas":9411},"totalSizeInBytes":128,"silentlySkippedCount":0,"silentlySkippedDurationMs":0}
[22:29:42.123] INFO: simulator:public-processor Processed 1 successful txs and 0 failed txs (0 silently skipped, 0ms wasted) in 0.004349583000002894s {"blockNumber":41,"successfulCount":1,"failedCount":0,"duration":0.004349583000002894,"rate":2794750.6692002225,"totalPublicGas":{"daGas":0,"l2Gas":12156},"totalBlockGas":{"daGas":0,"l2Gas":12156},"totalSizeInBytes":128,"silentlySkippedCount":0,"silentlySkippedDurationMs":0}
[22:29:42.136] INFO: txe:top_level_context Created block 41 with timestamp 1789982988
[22:29:42.487] INFO: simulator:public-processor Processed 1 successful txs and 0 failed txs (0 silently skipped, 0ms wasted) in 0.00387749999999869s {"blockNumber":42,"successfulCount":1,"failedCount":0,"duration":0.00387749999999869,"rate":0,"totalPublicGas":{"daGas":0,"l2Gas":0},"totalBlockGas":{"daGas":1440,"l2Gas":527400},"totalSizeInBytes":1440,"silentlySkippedCount":0,"silentlySkippedDurationMs":0}
[22:29:42.775] INFO: simulator:public-processor Processed 1 successful txs and 0 failed txs (0 silently skipped, 0ms wasted) in 0.004294499999999971s {"blockNumber":43,"successfulCount":1,"failedCount":0,"duration":0.004294499999999971,"rate":2191407.6143905143,"totalPublicGas":{"daGas":0,"l2Gas":9411},"totalBlockGas":{"daGas":0,"l2Gas":9411},"totalSizeInBytes":128,"silentlySkippedCount":0,"silentlySkippedDurationMs":0}
[22:29:42.788] INFO: txe:top_level_context Created block 43 with timestamp 1789982989
[22:29:42.902] INFO: simulator:public-processor Processed 1 successful txs and 0 failed txs (0 silently skipped, 0ms wasted) in 0.003378999999997177s {"blockNumber":44,"successfulCount":1,"failedCount":0,"duration":0.003378999999997177,"rate":0,"totalPublicGas":{"daGas":0,"l2Gas":0},"totalBlockGas":{"daGas":256,"l2Gas":477200},"totalSizeInBytes":256,"silentlySkippedCount":0,"silentlySkippedDurationMs":0}
[billboard_test] Testing test_history_17_progress_and_exit ... [0m[32mok[0m
[22:29:45.029] INFO: kv-store:lmdb-v2 Starting data store with maxReaders 2
[22:29:45.030] INFO: world-state:database Creating world state data store at directory /var/folders/ym/q1vh2x5n58xbsmpmvs5_6w3r0000gn/T/aztec-world-state-AF30AU/world_state with map sizes {"archiveTreeMapSizeKb":10485760,"nullifierTreeMapSizeKb":10485760,"noteHashTreeMapSizeKb":10485760,"messageTreeMapSizeKb":10485760,"publicDataTreeMapSizeKb":10485760} and 2 threads (ephemeral=true).
[22:29:45.039] INFO: txe_node Aztec Node version: txe
[22:29:45.039] INFO: txe_node Aztec Node started on chain 0x1
[22:29:45.051] INFO: txe:top_level_context Created block 1 with timestamp 1789853385
[22:29:45.088] INFO: txe:top_level_context Created block 2 with timestamp 1789853385
[22:29:45.176] INFO: simulator:public-processor Processed 1 successful txs and 0 failed txs (0 silently skipped, 0ms wasted) in 0.05964179100000183s {"blockNumber":3,"successfulCount":1,"failedCount":0,"duration":0.05964179100000183,"rate":96856916.98962934,"totalPublicGas":{"daGas":5792,"l2Gas":5776720},"totalBlockGas":{"daGas":5792,"l2Gas":5776720},"totalSizeInBytes":5920,"silentlySkippedCount":0,"silentlySkippedDurationMs":0}
[22:29:45.301] INFO: simulator:public-processor Processed 1 successful txs and 0 failed txs (0 silently skipped, 0ms wasted) in 0.013377082999999403s {"blockNumber":4,"successfulCount":1,"failedCount":0,"duration":0.013377082999999403,"rate":85270234.1758701,"totalPublicGas":{"daGas":192,"l2Gas":1140667},"totalBlockGas":{"daGas":320,"l2Gas":1731467},"totalSizeInBytes":320,"silentlySkippedCount":0,"silentlySkippedDurationMs":0}
[22:29:45.329] INFO: txe:top_level_context Created block 5 with timestamp 1789853385
[22:29:45.480] INFO: simulator:public-processor Processed 1 successful txs and 0 failed txs (0 silently skipped, 0ms wasted) in 0.003733707999999751s {"blockNumber":6,"successfulCount":1,"failedCount":0,"duration":0.003733707999999751,"rate":0,"totalPublicGas":{"daGas":0,"l2Gas":0},"totalBlockGas":{"daGas":1984,"l2Gas":529900},"totalSizeInBytes":1984,"silentlySkippedCount":0,"silentlySkippedDurationMs":0}
[22:29:45.509] INFO: txe:top_level_context Created block 7 with timestamp 1789860586
[22:29:46.087] INFO: simulator:public-processor Processed 1 successful txs and 0 failed txs (0 silently skipped, 0ms wasted) in 0.028456874999999854s {"blockNumber":8,"successfulCount":1,"failedCount":0,"duration":0.028456874999999854,"rate":72394386.24234076,"totalPublicGas":{"daGas":3840,"l2Gas":2060118},"totalBlockGas":{"daGas":5216,"l2Gas":2786868},"totalSizeInBytes":5216,"silentlySkippedCount":0,"silentlySkippedDurationMs":0}
[22:29:46.116] INFO: txe:top_level_context Created block 9 with timestamp 1789867787
[22:29:46.699] INFO: simulator:public-processor Processed 1 successful txs and 0 failed txs (0 silently skipped, 0ms wasted) in 0.02828883400000268s {"blockNumber":10,"successfulCount":1,"failedCount":0,"duration":0.02828883400000268,"rate":72824422.52656312,"totalPublicGas":{"daGas":3840,"l2Gas":2060118},"totalBlockGas":{"daGas":5216,"l2Gas":2786868},"totalSizeInBytes":5216,"silentlySkippedCount":0,"silentlySkippedDurationMs":0}
[22:29:46.727] INFO: txe:top_level_context Created block 11 with timestamp 1789874988
[22:29:47.315] INFO: simulator:public-processor Processed 1 successful txs and 0 failed txs (0 silently skipped, 0ms wasted) in 0.028975333000002136s {"blockNumber":12,"successfulCount":1,"failedCount":0,"duration":0.028975333000002136,"rate":71099027.57631287,"totalPublicGas":{"daGas":3840,"l2Gas":2060118},"totalBlockGas":{"daGas":5216,"l2Gas":2786868},"totalSizeInBytes":5216,"silentlySkippedCount":0,"silentlySkippedDurationMs":0}
[22:29:47.344] INFO: txe:top_level_context Created block 13 with timestamp 1789882189
[22:29:47.932] INFO: simulator:public-processor Processed 1 successful txs and 0 failed txs (0 silently skipped, 0ms wasted) in 0.02840899999999965s {"blockNumber":14,"successfulCount":1,"failedCount":0,"duration":0.02840899999999965,"rate":72516385.65243497,"totalPublicGas":{"daGas":3840,"l2Gas":2060118},"totalBlockGas":{"daGas":5216,"l2Gas":2786868},"totalSizeInBytes":5216,"silentlySkippedCount":0,"silentlySkippedDurationMs":0}
[22:29:47.961] INFO: txe:top_level_context Created block 15 with timestamp 1789889390
[22:29:48.544] INFO: simulator:public-processor Processed 1 successful txs and 0 failed txs (0 silently skipped, 0ms wasted) in 0.028446334000000205s {"blockNumber":16,"successfulCount":1,"failedCount":0,"duration":0.028446334000000205,"rate":72421212.51898347,"totalPublicGas":{"daGas":3840,"l2Gas":2060118},"totalBlockGas":{"daGas":5216,"l2Gas":2786868},"totalSizeInBytes":5216,"silentlySkippedCount":0,"silentlySkippedDurationMs":0}
[22:29:48.572] INFO: txe:top_level_context Created block 17 with timestamp 1789896591
[22:29:49.151] INFO: simulator:public-processor Processed 1 successful txs and 0 failed txs (0 silently skipped, 0ms wasted) in 0.028037749999999504s {"blockNumber":18,"successfulCount":1,"failedCount":0,"duration":0.028037749999999504,"rate":73476580.68140405,"totalPublicGas":{"daGas":3840,"l2Gas":2060118},"totalBlockGas":{"daGas":5216,"l2Gas":2786868},"totalSizeInBytes":5216,"silentlySkippedCount":0,"silentlySkippedDurationMs":0}
[22:29:49.179] INFO: txe:top_level_context Created block 19 with timestamp 1789903792
[22:29:49.757] INFO: simulator:public-processor Processed 1 successful txs and 0 failed txs (0 silently skipped, 0ms wasted) in 0.028129375000000435s {"blockNumber":20,"successfulCount":1,"failedCount":0,"duration":0.028129375000000435,"rate":73237247.53927054,"totalPublicGas":{"daGas":3840,"l2Gas":2060118},"totalBlockGas":{"daGas":5216,"l2Gas":2786868},"totalSizeInBytes":5216,"silentlySkippedCount":0,"silentlySkippedDurationMs":0}
[22:29:49.786] INFO: txe:top_level_context Created block 21 with timestamp 1789910993
[22:29:50.366] INFO: simulator:public-processor Processed 1 successful txs and 0 failed txs (0 silently skipped, 0ms wasted) in 0.02872745799999757s {"blockNumber":22,"successfulCount":1,"failedCount":0,"duration":0.02872745799999757,"rate":71712505.85416135,"totalPublicGas":{"daGas":3840,"l2Gas":2060118},"totalBlockGas":{"daGas":5216,"l2Gas":2786868},"totalSizeInBytes":5216,"silentlySkippedCount":0,"silentlySkippedDurationMs":0}
[22:29:50.395] INFO: txe:top_level_context Created block 23 with timestamp 1789918194
[22:29:50.975] INFO: simulator:public-processor Processed 1 successful txs and 0 failed txs (0 silently skipped, 0ms wasted) in 0.028547375000001922s {"blockNumber":24,"successfulCount":1,"failedCount":0,"duration":0.028547375000001922,"rate":72164883.811554,"totalPublicGas":{"daGas":3840,"l2Gas":2060118},"totalBlockGas":{"daGas":5216,"l2Gas":2786868},"totalSizeInBytes":5216,"silentlySkippedCount":0,"silentlySkippedDurationMs":0}
[22:29:51.004] INFO: txe:top_level_context Created block 25 with timestamp 1789925395
[22:29:51.585] INFO: simulator:public-processor Processed 1 successful txs and 0 failed txs (0 silently skipped, 0ms wasted) in 0.02882787499999904s {"blockNumber":26,"successfulCount":1,"failedCount":0,"duration":0.02882787499999904,"rate":71462707.5356775,"totalPublicGas":{"daGas":3840,"l2Gas":2060118},"totalBlockGas":{"daGas":5216,"l2Gas":2786868},"totalSizeInBytes":5216,"silentlySkippedCount":0,"silentlySkippedDurationMs":0}
[22:29:51.614] INFO: txe:top_level_context Created block 27 with timestamp 1789932596
[22:29:52.190] INFO: simulator:public-processor Processed 1 successful txs and 0 failed txs (0 silently skipped, 0ms wasted) in 0.028266333999999914s {"blockNumber":28,"successfulCount":1,"failedCount":0,"duration":0.028266333999999914,"rate":72882390.76209904,"totalPublicGas":{"daGas":3840,"l2Gas":2060118},"totalBlockGas":{"daGas":5216,"l2Gas":2786868},"totalSizeInBytes":5216,"silentlySkippedCount":0,"silentlySkippedDurationMs":0}
[22:29:52.219] INFO: txe:top_level_context Created block 29 with timestamp 1789939797
[22:29:52.799] INFO: simulator:public-processor Processed 1 successful txs and 0 failed txs (0 silently skipped, 0ms wasted) in 0.028674083000001703s {"blockNumber":30,"successfulCount":1,"failedCount":0,"duration":0.028674083000001703,"rate":71845994.16831839,"totalPublicGas":{"daGas":3840,"l2Gas":2060118},"totalBlockGas":{"daGas":5216,"l2Gas":2786868},"totalSizeInBytes":5216,"silentlySkippedCount":0,"silentlySkippedDurationMs":0}
[22:29:52.828] INFO: txe:top_level_context Created block 31 with timestamp 1789946998
[22:29:53.393] INFO: simulator:public-processor Processed 1 successful txs and 0 failed txs (0 silently skipped, 0ms wasted) in 0.0281683339999945s {"blockNumber":32,"successfulCount":1,"failedCount":0,"duration":0.0281683339999945,"rate":73135954.72136912,"totalPublicGas":{"daGas":3840,"l2Gas":2060118},"totalBlockGas":{"daGas":5216,"l2Gas":2786868},"totalSizeInBytes":5216,"silentlySkippedCount":0,"silentlySkippedDurationMs":0}
[22:29:53.421] INFO: txe:top_level_context Created block 33 with timestamp 1789954199
[22:29:53.990] INFO: simulator:public-processor Processed 1 successful txs and 0 failed txs (0 silently skipped, 0ms wasted) in 0.029958167000004324s {"blockNumber":34,"successfulCount":1,"failedCount":0,"duration":0.029958167000004324,"rate":68766490.28626159,"totalPublicGas":{"daGas":3840,"l2Gas":2060118},"totalBlockGas":{"daGas":5216,"l2Gas":2786868},"totalSizeInBytes":5216,"silentlySkippedCount":0,"silentlySkippedDurationMs":0}
[22:29:54.019] INFO: txe:top_level_context Created block 35 with timestamp 1789961400
[22:29:54.585] INFO: simulator:public-processor Processed 1 successful txs and 0 failed txs (0 silently skipped, 0ms wasted) in 0.029251416999999492s {"blockNumber":36,"successfulCount":1,"failedCount":0,"duration":0.029251416999999492,"rate":70427972.77137159,"totalPublicGas":{"daGas":3840,"l2Gas":2060118},"totalBlockGas":{"daGas":5216,"l2Gas":2786868},"totalSizeInBytes":5216,"silentlySkippedCount":0,"silentlySkippedDurationMs":0}
[22:29:54.614] INFO: txe:top_level_context Created block 37 with timestamp 1789968601
[22:29:55.193] INFO: simulator:public-processor Processed 1 successful txs and 0 failed txs (0 silently skipped, 0ms wasted) in 0.02884900000000198s {"blockNumber":38,"successfulCount":1,"failedCount":0,"duration":0.02884900000000198,"rate":71410378.17601506,"totalPublicGas":{"daGas":3840,"l2Gas":2060118},"totalBlockGas":{"daGas":5216,"l2Gas":2786868},"totalSizeInBytes":5216,"silentlySkippedCount":0,"silentlySkippedDurationMs":0}
[22:29:55.230] INFO: txe:top_level_context Created block 39 with timestamp 1789975802
[22:29:55.808] INFO: simulator:public-processor Processed 1 successful txs and 0 failed txs (0 silently skipped, 0ms wasted) in 0.028898332999997365s {"blockNumber":40,"successfulCount":1,"failedCount":0,"duration":0.028898332999997365,"rate":71288471.89906034,"totalPublicGas":{"daGas":3840,"l2Gas":2060118},"totalBlockGas":{"daGas":5216,"l2Gas":2786868},"totalSizeInBytes":5216,"silentlySkippedCount":0,"silentlySkippedDurationMs":0}
[22:29:55.837] INFO: txe:top_level_context Created block 41 with timestamp 1789983003
[22:29:56.402] INFO: simulator:public-processor Processed 1 successful txs and 0 failed txs (0 silently skipped, 0ms wasted) in 0.028419207999999342s {"blockNumber":42,"successfulCount":1,"failedCount":0,"duration":0.028419207999999342,"rate":72490338.22476853,"totalPublicGas":{"daGas":3840,"l2Gas":2060118},"totalBlockGas":{"daGas":5216,"l2Gas":2786868},"totalSizeInBytes":5216,"silentlySkippedCount":0,"silentlySkippedDurationMs":0}
[22:29:56.431] INFO: txe:top_level_context Created block 43 with timestamp 1789990204
[22:29:56.995] INFO: simulator:public-processor Processed 1 successful txs and 0 failed txs (0 silently skipped, 0ms wasted) in 0.028035875000001396s {"blockNumber":44,"successfulCount":1,"failedCount":0,"duration":0.028035875000001396,"rate":73481494.69206499,"totalPublicGas":{"daGas":3840,"l2Gas":2060118},"totalBlockGas":{"daGas":5216,"l2Gas":2786868},"totalSizeInBytes":5216,"silentlySkippedCount":0,"silentlySkippedDurationMs":0}
[22:29:57.023] INFO: txe:top_level_context Created block 45 with timestamp 1789997405
[22:29:57.589] INFO: simulator:public-processor Processed 1 successful txs and 0 failed txs (0 silently skipped, 0ms wasted) in 0.02832295900000463s {"blockNumber":46,"successfulCount":1,"failedCount":0,"duration":0.02832295900000463,"rate":72736679.80805477,"totalPublicGas":{"daGas":3840,"l2Gas":2060118},"totalBlockGas":{"daGas":5216,"l2Gas":2786868},"totalSizeInBytes":5216,"silentlySkippedCount":0,"silentlySkippedDurationMs":0}
[22:29:57.618] INFO: txe:top_level_context Created block 47 with timestamp 1790004606
[22:29:58.189] INFO: simulator:public-processor Processed 1 successful txs and 0 failed txs (0 silently skipped, 0ms wasted) in 0.02835725000000093s {"blockNumber":48,"successfulCount":1,"failedCount":0,"duration":0.02835725000000093,"rate":72648722.98970924,"totalPublicGas":{"daGas":3840,"l2Gas":2060118},"totalBlockGas":{"daGas":5216,"l2Gas":2786868},"totalSizeInBytes":5216,"silentlySkippedCount":0,"silentlySkippedDurationMs":0}
[22:29:58.218] INFO: txe:top_level_context Created block 49 with timestamp 1790011807
[22:29:58.787] INFO: simulator:public-processor Processed 1 successful txs and 0 failed txs (0 silently skipped, 0ms wasted) in 0.028325833999995668s {"blockNumber":50,"successfulCount":1,"failedCount":0,"duration":0.028325833999995668,"rate":72729297.2203507,"totalPublicGas":{"daGas":3840,"l2Gas":2060118},"totalBlockGas":{"daGas":5216,"l2Gas":2786868},"totalSizeInBytes":5216,"silentlySkippedCount":0,"silentlySkippedDurationMs":0}
[22:29:58.816] INFO: txe:top_level_context Created block 51 with timestamp 1790019008
[22:29:59.403] INFO: simulator:public-processor Processed 1 successful txs and 0 failed txs (0 silently skipped, 0ms wasted) in 0.028642749999999068s {"blockNumber":52,"successfulCount":1,"failedCount":0,"duration":0.028642749999999068,"rate":71924588.24659179,"totalPublicGas":{"daGas":3840,"l2Gas":2060118},"totalBlockGas":{"daGas":5216,"l2Gas":2786868},"totalSizeInBytes":5216,"silentlySkippedCount":0,"silentlySkippedDurationMs":0}
[22:29:59.432] INFO: txe:top_level_context Created block 53 with timestamp 1790026209
[22:30:00.004] INFO: simulator:public-processor Processed 1 successful txs and 0 failed txs (0 silently skipped, 0ms wasted) in 0.02865587499999674s {"blockNumber":54,"successfulCount":1,"failedCount":0,"duration":0.02865587499999674,"rate":71891645.25599845,"totalPublicGas":{"daGas":3840,"l2Gas":2060118},"totalBlockGas":{"daGas":5216,"l2Gas":2786868},"totalSizeInBytes":5216,"silentlySkippedCount":0,"silentlySkippedDurationMs":0}
[22:30:00.033] INFO: txe:top_level_context Created block 55 with timestamp 1790033410
[22:30:00.623] INFO: simulator:public-processor Processed 1 successful txs and 0 failed txs (0 silently skipped, 0ms wasted) in 0.029579540999999154s {"blockNumber":56,"successfulCount":1,"failedCount":0,"duration":0.029579540999999154,"rate":69646719.67019565,"totalPublicGas":{"daGas":3840,"l2Gas":2060118},"totalBlockGas":{"daGas":5216,"l2Gas":2786868},"totalSizeInBytes":5216,"silentlySkippedCount":0,"silentlySkippedDurationMs":0}
[22:30:00.653] INFO: txe:top_level_context Created block 57 with timestamp 1790040611
[22:30:01.276] INFO: simulator:public-processor Processed 1 successful txs and 0 failed txs (0 silently skipped, 0ms wasted) in 0.029288916999998037s {"blockNumber":58,"successfulCount":1,"failedCount":0,"duration":0.029288916999998037,"rate":70337800.47244963,"totalPublicGas":{"daGas":3840,"l2Gas":2060118},"totalBlockGas":{"daGas":5216,"l2Gas":2786868},"totalSizeInBytes":5216,"silentlySkippedCount":0,"silentlySkippedDurationMs":0}
[22:30:01.306] INFO: txe:top_level_context Created block 59 with timestamp 1790047812
[22:30:01.884] INFO: simulator:public-processor Processed 1 successful txs and 0 failed txs (0 silently skipped, 0ms wasted) in 0.028489457999996377s {"blockNumber":60,"successfulCount":1,"failedCount":0,"duration":0.028489457999996377,"rate":72311589.7817453,"totalPublicGas":{"daGas":3840,"l2Gas":2060118},"totalBlockGas":{"daGas":5216,"l2Gas":2786868},"totalSizeInBytes":5216,"silentlySkippedCount":0,"silentlySkippedDurationMs":0}
[22:30:01.912] INFO: txe:top_level_context Created block 61 with timestamp 1790055013
[22:30:02.480] INFO: simulator:public-processor Processed 1 successful txs and 0 failed txs (0 silently skipped, 0ms wasted) in 0.02876508299999841s {"blockNumber":62,"successfulCount":1,"failedCount":0,"duration":0.02876508299999841,"rate":71618705.21980117,"totalPublicGas":{"daGas":3840,"l2Gas":2060118},"totalBlockGas":{"daGas":5216,"l2Gas":2786868},"totalSizeInBytes":5216,"silentlySkippedCount":0,"silentlySkippedDurationMs":0}
[22:30:02.510] INFO: txe:top_level_context Created block 63 with timestamp 1790062214
[22:30:03.077] INFO: simulator:public-processor Processed 1 successful txs and 0 failed txs (0 silently skipped, 0ms wasted) in 0.028389500000004772s {"blockNumber":64,"successfulCount":1,"failedCount":0,"duration":0.028389500000004772,"rate":72566195.248231,"totalPublicGas":{"daGas":3840,"l2Gas":2060118},"totalBlockGas":{"daGas":5216,"l2Gas":2786868},"totalSizeInBytes":5216,"silentlySkippedCount":0,"silentlySkippedDurationMs":0}
[22:30:03.106] INFO: txe:top_level_context Created block 65 with timestamp 1790069415
[22:30:03.681] INFO: simulator:public-processor Processed 1 successful txs and 0 failed txs (0 silently skipped, 0ms wasted) in 0.028386333000002196s {"blockNumber":66,"successfulCount":1,"failedCount":0,"duration":0.028386333000002196,"rate":72574291.29714784,"totalPublicGas":{"daGas":3840,"l2Gas":2060118},"totalBlockGas":{"daGas":5216,"l2Gas":2786868},"totalSizeInBytes":5216,"silentlySkippedCount":0,"silentlySkippedDurationMs":0}
[22:30:03.711] INFO: txe:top_level_context Created block 67 with timestamp 1790076616
[22:30:04.278] INFO: simulator:public-processor Processed 1 successful txs and 0 failed txs (0 silently skipped, 0ms wasted) in 0.028225917000003393s {"blockNumber":68,"successfulCount":1,"failedCount":0,"duration":0.028225917000003393,"rate":72986751.85644996,"totalPublicGas":{"daGas":3840,"l2Gas":2060118},"totalBlockGas":{"daGas":5216,"l2Gas":2786868},"totalSizeInBytes":5216,"silentlySkippedCount":0,"silentlySkippedDurationMs":0}
[22:30:04.307] INFO: txe:top_level_context Created block 69 with timestamp 1790083817
[22:30:04.877] INFO: simulator:public-processor Processed 1 successful txs and 0 failed txs (0 silently skipped, 0ms wasted) in 0.028861666000004334s {"blockNumber":70,"successfulCount":1,"failedCount":0,"duration":0.028861666000004334,"rate":71379039.58834845,"totalPublicGas":{"daGas":3840,"l2Gas":2060118},"totalBlockGas":{"daGas":5216,"l2Gas":2786868},"totalSizeInBytes":5216,"silentlySkippedCount":0,"silentlySkippedDurationMs":0}
[22:30:04.906] INFO: txe:top_level_context Created block 71 with timestamp 1790091018
[22:30:05.475] INFO: simulator:public-processor Processed 1 successful txs and 0 failed txs (0 silently skipped, 0ms wasted) in 0.0289655830000047s {"blockNumber":72,"successfulCount":1,"failedCount":0,"duration":0.0289655830000047,"rate":71122959.96250673,"totalPublicGas":{"daGas":3840,"l2Gas":2060118},"totalBlockGas":{"daGas":5216,"l2Gas":2786868},"totalSizeInBytes":5216,"silentlySkippedCount":0,"silentlySkippedDurationMs":0}
[22:30:05.506] INFO: simulator:public-processor Processed 1 successful txs and 0 failed txs (0 silently skipped, 0ms wasted) in 0.0043629999999975555s {"blockNumber":73,"successfulCount":1,"failedCount":0,"duration":0.0043629999999975555,"rate":2157002.0628020335,"totalPublicGas":{"daGas":0,"l2Gas":9411},"totalBlockGas":{"daGas":0,"l2Gas":9411},"totalSizeInBytes":128,"silentlySkippedCount":0,"silentlySkippedDurationMs":0}
[22:30:05.786] INFO: simulator:public-processor Processed 1 successful txs and 0 failed txs (0 silently skipped, 0ms wasted) in 0.004574250000005122s {"blockNumber":73,"successfulCount":1,"failedCount":0,"duration":0.004574250000005122,"rate":2657484.8335762997,"totalPublicGas":{"daGas":0,"l2Gas":12156},"totalBlockGas":{"daGas":0,"l2Gas":12156},"totalSizeInBytes":128,"silentlySkippedCount":0,"silentlySkippedDurationMs":0}
[22:30:05.799] INFO: txe:top_level_context Created block 73 with timestamp 1790098219
[22:30:06.148] INFO: simulator:public-processor Processed 1 successful txs and 0 failed txs (0 silently skipped, 0ms wasted) in 0.0039967909999977565s {"blockNumber":74,"successfulCount":1,"failedCount":0,"duration":0.0039967909999977565,"rate":0,"totalPublicGas":{"daGas":0,"l2Gas":0},"totalBlockGas":{"daGas":1440,"l2Gas":527400},"totalSizeInBytes":1440,"silentlySkippedCount":0,"silentlySkippedDurationMs":0}
[22:30:06.431] INFO: simulator:public-processor Processed 1 successful txs and 0 failed txs (0 silently skipped, 0ms wasted) in 0.004269874999998137s {"blockNumber":75,"successfulCount":1,"failedCount":0,"duration":0.004269874999998137,"rate":2204045.7858846234,"totalPublicGas":{"daGas":0,"l2Gas":9411},"totalBlockGas":{"daGas":0,"l2Gas":9411},"totalSizeInBytes":128,"silentlySkippedCount":0,"silentlySkippedDurationMs":0}
[22:30:06.444] INFO: txe:top_level_context Created block 75 with timestamp 1790098220
[22:30:06.558] INFO: simulator:public-processor Processed 1 successful txs and 0 failed txs (0 silently skipped, 0ms wasted) in 0.0033954999999987194s {"blockNumber":76,"successfulCount":1,"failedCount":0,"duration":0.0033954999999987194,"rate":0,"totalPublicGas":{"daGas":0,"l2Gas":0},"totalBlockGas":{"daGas":256,"l2Gas":477200},"totalSizeInBytes":256,"silentlySkippedCount":0,"silentlySkippedDurationMs":0}
[billboard_test] Testing test_history_33_progress_and_exit ... [0m[32mok[0m
[22:30:08.662] INFO: kv-store:lmdb-v2 Starting data store with maxReaders 2
[22:30:08.663] INFO: world-state:database Creating world state data store at directory /var/folders/ym/q1vh2x5n58xbsmpmvs5_6w3r0000gn/T/aztec-world-state-AUUbv4/world_state with map sizes {"archiveTreeMapSizeKb":10485760,"nullifierTreeMapSizeKb":10485760,"noteHashTreeMapSizeKb":10485760,"messageTreeMapSizeKb":10485760,"publicDataTreeMapSizeKb":10485760} and 2 threads (ephemeral=true).
[22:30:08.672] INFO: txe_node Aztec Node version: txe
[22:30:08.672] INFO: txe_node Aztec Node started on chain 0x1
[22:30:08.683] INFO: txe:top_level_context Created block 1 with timestamp 1789853408
[22:30:08.719] INFO: txe:top_level_context Created block 2 with timestamp 1789853408
[22:30:08.806] INFO: simulator:public-processor Processed 1 successful txs and 0 failed txs (0 silently skipped, 0ms wasted) in 0.058547583999999916s {"blockNumber":3,"successfulCount":1,"failedCount":0,"duration":0.058547583999999916,"rate":98667094.44406806,"totalPublicGas":{"daGas":5792,"l2Gas":5776720},"totalBlockGas":{"daGas":5792,"l2Gas":5776720},"totalSizeInBytes":5920,"silentlySkippedCount":0,"silentlySkippedDurationMs":0}
[22:30:08.930] INFO: simulator:public-processor Processed 1 successful txs and 0 failed txs (0 silently skipped, 0ms wasted) in 0.013595584000002419s {"blockNumber":4,"successfulCount":1,"failedCount":0,"duration":0.013595584000002419,"rate":83899816.2932756,"totalPublicGas":{"daGas":192,"l2Gas":1140667},"totalBlockGas":{"daGas":320,"l2Gas":1731467},"totalSizeInBytes":320,"silentlySkippedCount":0,"silentlySkippedDurationMs":0}
[22:30:08.958] INFO: txe:top_level_context Created block 5 with timestamp 1789853408
[22:30:09.106] INFO: simulator:public-processor Processed 1 successful txs and 0 failed txs (0 silently skipped, 0ms wasted) in 0.003754584000002069s {"blockNumber":6,"successfulCount":1,"failedCount":0,"duration":0.003754584000002069,"rate":0,"totalPublicGas":{"daGas":0,"l2Gas":0},"totalBlockGas":{"daGas":1984,"l2Gas":529900},"totalSizeInBytes":1984,"silentlySkippedCount":0,"silentlySkippedDurationMs":0}
[22:30:09.134] INFO: txe:top_level_context Created block 7 with timestamp 1789860609
[22:30:09.696] INFO: simulator:public-processor Processed 1 successful txs and 0 failed txs (0 silently skipped, 0ms wasted) in 0.02799770900000294s {"blockNumber":8,"successfulCount":1,"failedCount":0,"duration":0.02799770900000294,"rate":73581663.41395232,"totalPublicGas":{"daGas":3840,"l2Gas":2060118},"totalBlockGas":{"daGas":5216,"l2Gas":2786868},"totalSizeInBytes":5216,"silentlySkippedCount":0,"silentlySkippedDurationMs":0}
[22:30:09.724] INFO: txe:top_level_context Created block 9 with timestamp 1789867810
[22:30:10.308] INFO: simulator:public-processor Processed 1 successful txs and 0 failed txs (0 silently skipped, 0ms wasted) in 0.028562874999995984s {"blockNumber":10,"successfulCount":1,"failedCount":0,"duration":0.028562874999995984,"rate":72125722.63822496,"totalPublicGas":{"daGas":3840,"l2Gas":2060118},"totalBlockGas":{"daGas":5216,"l2Gas":2786868},"totalSizeInBytes":5216,"silentlySkippedCount":0,"silentlySkippedDurationMs":0}
[22:30:10.336] INFO: txe:top_level_context Created block 11 with timestamp 1789875011
[22:30:10.916] INFO: simulator:public-processor Processed 1 successful txs and 0 failed txs (0 silently skipped, 0ms wasted) in 0.028305041999999957s {"blockNumber":12,"successfulCount":1,"failedCount":0,"duration":0.028305041999999957,"rate":72782721.89103281,"totalPublicGas":{"daGas":3840,"l2Gas":2060118},"totalBlockGas":{"daGas":5216,"l2Gas":2786868},"totalSizeInBytes":5216,"silentlySkippedCount":0,"silentlySkippedDurationMs":0}
[22:30:10.944] INFO: txe:top_level_context Created block 13 with timestamp 1789882212
[22:30:11.527] INFO: simulator:public-processor Processed 1 successful txs and 0 failed txs (0 silently skipped, 0ms wasted) in 0.0289228329999969s {"blockNumber":14,"successfulCount":1,"failedCount":0,"duration":0.0289228329999969,"rate":71228084.74537127,"totalPublicGas":{"daGas":3840,"l2Gas":2060118},"totalBlockGas":{"daGas":5216,"l2Gas":2786868},"totalSizeInBytes":5216,"silentlySkippedCount":0,"silentlySkippedDurationMs":0}
[22:30:11.555] INFO: txe:top_level_context Created block 15 with timestamp 1789889413
[22:30:12.140] INFO: simulator:public-processor Processed 1 successful txs and 0 failed txs (0 silently skipped, 0ms wasted) in 0.02858283300000039s {"blockNumber":16,"successfulCount":1,"failedCount":0,"duration":0.02858283300000039,"rate":72075360.75937511,"totalPublicGas":{"daGas":3840,"l2Gas":2060118},"totalBlockGas":{"daGas":5216,"l2Gas":2786868},"totalSizeInBytes":5216,"silentlySkippedCount":0,"silentlySkippedDurationMs":0}
[22:30:12.169] INFO: txe:top_level_context Created block 17 with timestamp 1789896614
[22:30:12.744] INFO: simulator:public-processor Processed 1 successful txs and 0 failed txs (0 silently skipped, 0ms wasted) in 0.02835708299999533s {"blockNumber":18,"successfulCount":1,"failedCount":0,"duration":0.02835708299999533,"rate":72649150.83121699,"totalPublicGas":{"daGas":3840,"l2Gas":2060118},"totalBlockGas":{"daGas":5216,"l2Gas":2786868},"totalSizeInBytes":5216,"silentlySkippedCount":0,"silentlySkippedDurationMs":0}
[22:30:12.773] INFO: txe:top_level_context Created block 19 with timestamp 1789903815
[22:30:13.350] INFO: simulator:public-processor Processed 1 successful txs and 0 failed txs (0 silently skipped, 0ms wasted) in 0.029810249999994994s {"blockNumber":20,"successfulCount":1,"failedCount":0,"duration":0.029810249999994994,"rate":69107706.24199213,"totalPublicGas":{"daGas":3840,"l2Gas":2060118},"totalBlockGas":{"daGas":5216,"l2Gas":2786868},"totalSizeInBytes":5216,"silentlySkippedCount":0,"silentlySkippedDurationMs":0}
[22:30:13.378] INFO: txe:top_level_context Created block 21 with timestamp 1789911016
[22:30:13.952] INFO: simulator:public-processor Processed 1 successful txs and 0 failed txs (0 silently skipped, 0ms wasted) in 0.028197583000001032s {"blockNumber":22,"successfulCount":1,"failedCount":0,"duration":0.028197583000001032,"rate":73060091.71069466,"totalPublicGas":{"daGas":3840,"l2Gas":2060118},"totalBlockGas":{"daGas":5216,"l2Gas":2786868},"totalSizeInBytes":5216,"silentlySkippedCount":0,"silentlySkippedDurationMs":0}
[22:30:13.980] INFO: txe:top_level_context Created block 23 with timestamp 1789918217
[22:30:14.551] INFO: simulator:public-processor Processed 1 successful txs and 0 failed txs (0 silently skipped, 0ms wasted) in 0.028225000000005822s {"blockNumber":24,"successfulCount":1,"failedCount":0,"duration":0.028225000000005822,"rate":72989123.11778831,"totalPublicGas":{"daGas":3840,"l2Gas":2060118},"totalBlockGas":{"daGas":5216,"l2Gas":2786868},"totalSizeInBytes":5216,"silentlySkippedCount":0,"silentlySkippedDurationMs":0}
[22:30:14.580] INFO: txe:top_level_context Created block 25 with timestamp 1789925418
[22:30:15.160] INFO: simulator:public-processor Processed 1 successful txs and 0 failed txs (0 silently skipped, 0ms wasted) in 0.02825345799999923s {"blockNumber":26,"successfulCount":1,"failedCount":0,"duration":0.02825345799999923,"rate":72915605.58711278,"totalPublicGas":{"daGas":3840,"l2Gas":2060118},"totalBlockGas":{"daGas":5216,"l2Gas":2786868},"totalSizeInBytes":5216,"silentlySkippedCount":0,"silentlySkippedDurationMs":0}
[22:30:15.189] INFO: txe:top_level_context Created block 27 with timestamp 1789932619
[22:30:15.773] INFO: simulator:public-processor Processed 1 successful txs and 0 failed txs (0 silently skipped, 0ms wasted) in 0.02835929199999373s {"blockNumber":28,"successfulCount":1,"failedCount":0,"duration":0.02835929199999373,"rate":72643491.94614786,"totalPublicGas":{"daGas":3840,"l2Gas":2060118},"totalBlockGas":{"daGas":5216,"l2Gas":2786868},"totalSizeInBytes":5216,"silentlySkippedCount":0,"silentlySkippedDurationMs":0}
[22:30:15.801] INFO: txe:top_level_context Created block 29 with timestamp 1789939820
[22:30:16.374] INFO: simulator:public-processor Processed 1 successful txs and 0 failed txs (0 silently skipped, 0ms wasted) in 0.02836479200000031s {"blockNumber":30,"successfulCount":1,"failedCount":0,"duration":0.02836479200000031,"rate":72629406.20188498,"totalPublicGas":{"daGas":3840,"l2Gas":2060118},"totalBlockGas":{"daGas":5216,"l2Gas":2786868},"totalSizeInBytes":5216,"silentlySkippedCount":0,"silentlySkippedDurationMs":0}
[22:30:16.402] INFO: txe:top_level_context Created block 31 with timestamp 1789947021
[22:30:16.964] INFO: simulator:public-processor Processed 1 successful txs and 0 failed txs (0 silently skipped, 0ms wasted) in 0.027993875000000116s {"blockNumber":32,"successfulCount":1,"failedCount":0,"duration":0.027993875000000116,"rate":73591741.05049735,"totalPublicGas":{"daGas":3840,"l2Gas":2060118},"totalBlockGas":{"daGas":5216,"l2Gas":2786868},"totalSizeInBytes":5216,"silentlySkippedCount":0,"silentlySkippedDurationMs":0}
[22:30:16.992] INFO: txe:top_level_context Created block 33 with timestamp 1789954222
[22:30:17.552] INFO: simulator:public-processor Processed 1 successful txs and 0 failed txs (0 silently skipped, 0ms wasted) in 0.028703999999997905s {"blockNumber":34,"successfulCount":1,"failedCount":0,"duration":0.028703999999997905,"rate":71771112.04013902,"totalPublicGas":{"daGas":3840,"l2Gas":2060118},"totalBlockGas":{"daGas":5216,"l2Gas":2786868},"totalSizeInBytes":5216,"silentlySkippedCount":0,"silentlySkippedDurationMs":0}
[22:30:17.580] INFO: txe:top_level_context Created block 35 with timestamp 1789961423
[22:30:18.141] INFO: simulator:public-processor Processed 1 successful txs and 0 failed txs (0 silently skipped, 0ms wasted) in 0.028147666999997455s {"blockNumber":36,"successfulCount":1,"failedCount":0,"duration":0.028147666999997455,"rate":73189653.69315284,"totalPublicGas":{"daGas":3840,"l2Gas":2060118},"totalBlockGas":{"daGas":5216,"l2Gas":2786868},"totalSizeInBytes":5216,"silentlySkippedCount":0,"silentlySkippedDurationMs":0}
[22:30:18.169] INFO: txe:top_level_context Created block 37 with timestamp 1789968624
[billboard_test] Testing test_history_first_page_control ... [0m[32mok[0m
[22:30:18.729] INFO: simulator:public-processor Processed 1 successful txs and 0 failed txs (0 silently skipped, 0ms wasted) in 0.027948624999997264s {"blockNumber":38,"successfulCount":1,"failedCount":0,"duration":0.027948624999997264,"rate":73710889.17612948,"totalPublicGas":{"daGas":3840,"l2Gas":2060118},"totalBlockGas":{"daGas":5216,"l2Gas":2786868},"totalSizeInBytes":5216,"silentlySkippedCount":0,"silentlySkippedDurationMs":0}
[22:30:18.759] INFO: simulator:public-processor Processed 1 successful txs and 0 failed txs (0 silently skipped, 0ms wasted) in 0.004148957999997947s {"blockNumber":39,"successfulCount":1,"failedCount":0,"duration":0.004148957999997947,"rate":2268280.3730490054,"totalPublicGas":{"daGas":0,"l2Gas":9411},"totalBlockGas":{"daGas":0,"l2Gas":9411},"totalSizeInBytes":128,"silentlySkippedCount":0,"silentlySkippedDurationMs":0}
[22:30:19.037] INFO: simulator:public-processor Processed 1 successful txs and 0 failed txs (0 silently skipped, 0ms wasted) in 0.004564791999997397s {"blockNumber":39,"successfulCount":1,"failedCount":0,"duration":0.004564791999997397,"rate":2662990.997181675,"totalPublicGas":{"daGas":0,"l2Gas":12156},"totalBlockGas":{"daGas":0,"l2Gas":12156},"totalSizeInBytes":128,"silentlySkippedCount":0,"silentlySkippedDurationMs":0}
[22:30:20.956] INFO: kv-store:lmdb-v2 Starting data store with maxReaders 2
[22:30:20.957] INFO: world-state:database Creating world state data store at directory /var/folders/ym/q1vh2x5n58xbsmpmvs5_6w3r0000gn/T/aztec-world-state-L5hyRZ/world_state with map sizes {"archiveTreeMapSizeKb":10485760,"nullifierTreeMapSizeKb":10485760,"noteHashTreeMapSizeKb":10485760,"messageTreeMapSizeKb":10485760,"publicDataTreeMapSizeKb":10485760} and 2 threads (ephemeral=true).
[22:30:20.966] INFO: txe_node Aztec Node version: txe
[22:30:20.966] INFO: txe_node Aztec Node started on chain 0x1
[22:30:20.977] INFO: txe:top_level_context Created block 1 with timestamp 1789853420
[22:30:21.014] INFO: txe:top_level_context Created block 2 with timestamp 1789853420
[22:30:21.102] INFO: simulator:public-processor Processed 1 successful txs and 0 failed txs (0 silently skipped, 0ms wasted) in 0.059890958000003595s {"blockNumber":3,"successfulCount":1,"failedCount":0,"duration":0.059890958000003595,"rate":96453958.87639087,"totalPublicGas":{"daGas":5792,"l2Gas":5776720},"totalBlockGas":{"daGas":5792,"l2Gas":5776720},"totalSizeInBytes":5920,"silentlySkippedCount":0,"silentlySkippedDurationMs":0}
[22:30:21.226] INFO: simulator:public-processor Processed 1 successful txs and 0 failed txs (0 silently skipped, 0ms wasted) in 0.013803083000006154s {"blockNumber":4,"successfulCount":1,"failedCount":0,"duration":0.013803083000006154,"rate":82638567.05052716,"totalPublicGas":{"daGas":192,"l2Gas":1140667},"totalBlockGas":{"daGas":320,"l2Gas":1731467},"totalSizeInBytes":320,"silentlySkippedCount":0,"silentlySkippedDurationMs":0}
[22:30:21.254] INFO: txe:top_level_context Created block 5 with timestamp 1789853420
[22:30:21.407] INFO: simulator:public-processor Processed 1 successful txs and 0 failed txs (0 silently skipped, 0ms wasted) in 0.003950291000001016s {"blockNumber":6,"successfulCount":1,"failedCount":0,"duration":0.003950291000001016,"rate":0,"totalPublicGas":{"daGas":0,"l2Gas":0},"totalBlockGas":{"daGas":1984,"l2Gas":529900},"totalSizeInBytes":1984,"silentlySkippedCount":0,"silentlySkippedDurationMs":0}
[22:30:21.435] INFO: txe:top_level_context Created block 7 with timestamp 1789860621
[22:30:22.007] INFO: simulator:public-processor Processed 1 successful txs and 0 failed txs (0 silently skipped, 0ms wasted) in 0.029172250000003258s {"blockNumber":8,"successfulCount":1,"failedCount":0,"duration":0.029172250000003258,"rate":70619098.629683,"totalPublicGas":{"daGas":3840,"l2Gas":2060118},"totalBlockGas":{"daGas":5216,"l2Gas":2786868},"totalSizeInBytes":5216,"silentlySkippedCount":0,"silentlySkippedDurationMs":0}
[22:30:22.036] INFO: txe:top_level_context Created block 9 with timestamp 1789867822
[22:30:22.682] INFO: simulator:public-processor Processed 1 successful txs and 0 failed txs (0 silently skipped, 0ms wasted) in 0.028815999999998895s {"blockNumber":10,"successfulCount":1,"failedCount":0,"duration":0.028815999999998895,"rate":71492157.13492778,"totalPublicGas":{"daGas":3840,"l2Gas":2060118},"totalBlockGas":{"daGas":5216,"l2Gas":2786868},"totalSizeInBytes":5216,"silentlySkippedCount":0,"silentlySkippedDurationMs":0}
[22:30:22.710] INFO: txe:top_level_context Created block 11 with timestamp 1789875023
[22:30:23.291] INFO: simulator:public-processor Processed 1 successful txs and 0 failed txs (0 silently skipped, 0ms wasted) in 0.02819483300000138s {"blockNumber":12,"successfulCount":1,"failedCount":0,"duration":0.02819483300000138,"rate":73067217.67069517,"totalPublicGas":{"daGas":3840,"l2Gas":2060118},"totalBlockGas":{"daGas":5216,"l2Gas":2786868},"totalSizeInBytes":5216,"silentlySkippedCount":0,"silentlySkippedDurationMs":0}
[22:30:23.319] INFO: txe:top_level_context Created block 13 with timestamp 1789882224
[22:30:23.894] INFO: simulator:public-processor Processed 1 successful txs and 0 failed txs (0 silently skipped, 0ms wasted) in 0.027932958000004872s {"blockNumber":14,"successfulCount":1,"failedCount":0,"duration":0.027932958000004872,"rate":73752232.04071838,"totalPublicGas":{"daGas":3840,"l2Gas":2060118},"totalBlockGas":{"daGas":5216,"l2Gas":2786868},"totalSizeInBytes":5216,"silentlySkippedCount":0,"silentlySkippedDurationMs":0}
[22:30:23.922] INFO: txe:top_level_context Created block 15 with timestamp 1789889425
[22:30:24.496] INFO: simulator:public-processor Processed 1 successful txs and 0 failed txs (0 silently skipped, 0ms wasted) in 0.028765707999998995s {"blockNumber":16,"successfulCount":1,"failedCount":0,"duration":0.028765707999998995,"rate":71617149.14161237,"totalPublicGas":{"daGas":3840,"l2Gas":2060118},"totalBlockGas":{"daGas":5216,"l2Gas":2786868},"totalSizeInBytes":5216,"silentlySkippedCount":0,"silentlySkippedDurationMs":0}
[22:30:24.525] INFO: txe:top_level_context Created block 17 with timestamp 1789896626
[22:30:25.100] INFO: simulator:public-processor Processed 1 successful txs and 0 failed txs (0 silently skipped, 0ms wasted) in 0.028661417000002985s {"blockNumber":18,"successfulCount":1,"failedCount":0,"duration":0.028661417000002985,"rate":71877744.21619788,"totalPublicGas":{"daGas":3840,"l2Gas":2060118},"totalBlockGas":{"daGas":5216,"l2Gas":2786868},"totalSizeInBytes":5216,"silentlySkippedCount":0,"silentlySkippedDurationMs":0}
[22:30:25.128] INFO: txe:top_level_context Created block 19 with timestamp 1789903827
[22:30:25.701] INFO: simulator:public-processor Processed 1 successful txs and 0 failed txs (0 silently skipped, 0ms wasted) in 0.02969858400000521s {"blockNumber":20,"successfulCount":1,"failedCount":0,"duration":0.02969858400000521,"rate":69367549.64477897,"totalPublicGas":{"daGas":3840,"l2Gas":2060118},"totalBlockGas":{"daGas":5216,"l2Gas":2786868},"totalSizeInBytes":5216,"silentlySkippedCount":0,"silentlySkippedDurationMs":0}
[22:30:25.730] INFO: txe:top_level_context Created block 21 with timestamp 1789911028
[22:30:26.309] INFO: simulator:public-processor Processed 1 successful txs and 0 failed txs (0 silently skipped, 0ms wasted) in 0.029976791999986745s {"blockNumber":22,"successfulCount":1,"failedCount":0,"duration":0.029976791999986745,"rate":68723764.7044057,"totalPublicGas":{"daGas":3840,"l2Gas":2060118},"totalBlockGas":{"daGas":5216,"l2Gas":2786868},"totalSizeInBytes":5216,"silentlySkippedCount":0,"silentlySkippedDurationMs":0}
[22:30:26.337] INFO: txe:top_level_context Created block 23 with timestamp 1789918229
[22:30:26.910] INFO: simulator:public-processor Processed 1 successful txs and 0 failed txs (0 silently skipped, 0ms wasted) in 0.02832079199999862s {"blockNumber":24,"successfulCount":1,"failedCount":0,"duration":0.02832079199999862,"rate":72742245.34398969,"totalPublicGas":{"daGas":3840,"l2Gas":2060118},"totalBlockGas":{"daGas":5216,"l2Gas":2786868},"totalSizeInBytes":5216,"silentlySkippedCount":0,"silentlySkippedDurationMs":0}
[22:30:26.938] INFO: txe:top_level_context Created block 25 with timestamp 1789925430
[22:30:27.514] INFO: simulator:public-processor Processed 1 successful txs and 0 failed txs (0 silently skipped, 0ms wasted) in 0.028342374999992898s {"blockNumber":26,"successfulCount":1,"failedCount":0,"duration":0.028342374999992898,"rate":72686851.40185028,"totalPublicGas":{"daGas":3840,"l2Gas":2060118},"totalBlockGas":{"daGas":5216,"l2Gas":2786868},"totalSizeInBytes":5216,"silentlySkippedCount":0,"silentlySkippedDurationMs":0}
[22:30:27.542] INFO: txe:top_level_context Created block 27 with timestamp 1789932631
[22:30:28.117] INFO: simulator:public-processor Processed 1 successful txs and 0 failed txs (0 silently skipped, 0ms wasted) in 0.028481959000011558s {"blockNumber":28,"successfulCount":1,"failedCount":0,"duration":0.028481959000011558,"rate":72330628.66213535,"totalPublicGas":{"daGas":3840,"l2Gas":2060118},"totalBlockGas":{"daGas":5216,"l2Gas":2786868},"totalSizeInBytes":5216,"silentlySkippedCount":0,"silentlySkippedDurationMs":0}
[22:30:28.145] INFO: txe:top_level_context Created block 29 with timestamp 1789939832
[22:30:28.721] INFO: simulator:public-processor Processed 1 successful txs and 0 failed txs (0 silently skipped, 0ms wasted) in 0.028231874999997672s {"blockNumber":30,"successfulCount":1,"failedCount":0,"duration":0.028231874999997672,"rate":72971348.87428376,"totalPublicGas":{"daGas":3840,"l2Gas":2060118},"totalBlockGas":{"daGas":5216,"l2Gas":2786868},"totalSizeInBytes":5216,"silentlySkippedCount":0,"silentlySkippedDurationMs":0}
[22:30:28.749] INFO: txe:top_level_context Created block 31 with timestamp 1789947033
[22:30:29.307] INFO: simulator:public-processor Processed 1 successful txs and 0 failed txs (0 silently skipped, 0ms wasted) in 0.028361790999988444s {"blockNumber":32,"successfulCount":1,"failedCount":0,"duration":0.028361790999988444,"rate":72637091.21898682,"totalPublicGas":{"daGas":3840,"l2Gas":2060118},"totalBlockGas":{"daGas":5216,"l2Gas":2786868},"totalSizeInBytes":5216,"silentlySkippedCount":0,"silentlySkippedDurationMs":0}
[22:30:29.335] INFO: txe:top_level_context Created block 33 with timestamp 1789954234
[22:30:29.896] INFO: simulator:public-processor Processed 1 successful txs and 0 failed txs (0 silently skipped, 0ms wasted) in 0.02807908400001179s {"blockNumber":34,"successfulCount":1,"failedCount":0,"duration":0.02807908400001179,"rate":73368418.99825275,"totalPublicGas":{"daGas":3840,"l2Gas":2060118},"totalBlockGas":{"daGas":5216,"l2Gas":2786868},"totalSizeInBytes":5216,"silentlySkippedCount":0,"silentlySkippedDurationMs":0}
[22:30:29.924] INFO: txe:top_level_context Created block 35 with timestamp 1789961435
[22:30:30.485] INFO: simulator:public-processor Processed 1 successful txs and 0 failed txs (0 silently skipped, 0ms wasted) in 0.028338707999995678s {"blockNumber":36,"successfulCount":1,"failedCount":0,"duration":0.028338707999995678,"rate":72696257.00650552,"totalPublicGas":{"daGas":3840,"l2Gas":2060118},"totalBlockGas":{"daGas":5216,"l2Gas":2786868},"totalSizeInBytes":5216,"silentlySkippedCount":0,"silentlySkippedDurationMs":0}
[22:30:30.514] INFO: txe:top_level_context Created block 37 with timestamp 1789968636
[22:30:31.078] INFO: simulator:public-processor Processed 1 successful txs and 0 failed txs (0 silently skipped, 0ms wasted) in 0.028230291999992916s {"blockNumber":38,"successfulCount":1,"failedCount":0,"duration":0.028230291999992916,"rate":72975440.70746832,"totalPublicGas":{"daGas":3840,"l2Gas":2060118},"totalBlockGas":{"daGas":5216,"l2Gas":2786868},"totalSizeInBytes":5216,"silentlySkippedCount":0,"silentlySkippedDurationMs":0}
[22:30:31.106] INFO: txe:top_level_context Created block 39 with timestamp 1789975837
[22:30:31.669] INFO: simulator:public-processor Processed 1 successful txs and 0 failed txs (0 silently skipped, 0ms wasted) in 0.028376625000004423s {"blockNumber":40,"successfulCount":1,"failedCount":0,"duration":0.028376625000004423,"rate":72599119.87418091,"totalPublicGas":{"daGas":3840,"l2Gas":2060118},"totalBlockGas":{"daGas":5216,"l2Gas":2786868},"totalSizeInBytes":5216,"silentlySkippedCount":0,"silentlySkippedDurationMs":0}
[22:30:31.699] INFO: simulator:public-processor Processed 1 successful txs and 0 failed txs (0 silently skipped, 0ms wasted) in 0.00428391699999338s {"blockNumber":41,"successfulCount":1,"failedCount":0,"duration":0.00428391699999338,"rate":2196821.273618173,"totalPublicGas":{"daGas":0,"l2Gas":9411},"totalBlockGas":{"daGas":0,"l2Gas":9411},"totalSizeInBytes":128,"silentlySkippedCount":0,"silentlySkippedDurationMs":0}
[22:30:31.712] INFO: txe:top_level_context Created block 41 with timestamp 1789975837
[22:30:31.862] INFO: simulator:public-processor Processed 1 successful txs and 0 failed txs (0 silently skipped, 0ms wasted) in 0.003925499999997555s {"blockNumber":42,"successfulCount":1,"failedCount":0,"duration":0.003925499999997555,"rate":0,"totalPublicGas":{"daGas":0,"l2Gas":0},"totalBlockGas":{"daGas":832,"l2Gas":499700},"totalSizeInBytes":832,"silentlySkippedCount":0,"silentlySkippedDurationMs":0}
[22:30:32.133] INFO: txe:top_level_context Created block 43 with timestamp 1789983038
[22:30:32.503] INFO: simulator:public-processor Processed 1 successful txs and 0 failed txs (0 silently skipped, 0ms wasted) in 0.028314790999997057s {"blockNumber":44,"successfulCount":1,"failedCount":0,"duration":0.028314790999997057,"rate":72757662.24091904,"totalPublicGas":{"daGas":3840,"l2Gas":2060118},"totalBlockGas":{"daGas":5216,"l2Gas":2786868},"totalSizeInBytes":5216,"silentlySkippedCount":0,"silentlySkippedDurationMs":0}
[22:30:32.795] INFO: txe:top_level_context Created block 45 with timestamp 1789990239
[22:30:33.142] INFO: simulator:public-processor Processed 1 successful txs and 0 failed txs (0 silently skipped, 0ms wasted) in 0.0038349170000001325s {"blockNumber":46,"successfulCount":1,"failedCount":0,"duration":0.0038349170000001325,"rate":0,"totalPublicGas":{"daGas":0,"l2Gas":0},"totalBlockGas":{"daGas":1440,"l2Gas":527400},"totalSizeInBytes":1440,"silentlySkippedCount":0,"silentlySkippedDurationMs":0}
[22:30:33.514] INFO: simulator:public-processor Processed 1 successful txs and 0 failed txs (0 silently skipped, 0ms wasted) in 0.003861250000001746s {"blockNumber":47,"successfulCount":1,"failedCount":0,"duration":0.003861250000001746,"rate":0,"totalPublicGas":{"daGas":0,"l2Gas":0},"totalBlockGas":{"daGas":1440,"l2Gas":527400},"totalSizeInBytes":1440,"silentlySkippedCount":0,"silentlySkippedDurationMs":0}
[22:30:33.543] INFO: txe:top_level_context Created block 48 with timestamp 1789997440
[22:30:33.673] INFO: simulator:public-processor Processed 1 successful txs and 0 failed txs (0 silently skipped, 0ms wasted) in 0.0033801670000102603s {"blockNumber":49,"successfulCount":1,"failedCount":0,"duration":0.0033801670000102603,"rate":0,"totalPublicGas":{"daGas":0,"l2Gas":0},"totalBlockGas":{"daGas":256,"l2Gas":477200},"totalSizeInBytes":256,"silentlySkippedCount":0,"silentlySkippedDurationMs":0}
[22:30:33.967] INFO: simulator:public-processor Processed 1 successful txs and 0 failed txs (0 silently skipped, 0ms wasted) in 0.0033485839999921156s {"blockNumber":50,"successfulCount":1,"failedCount":0,"duration":0.0033485839999921156,"rate":0,"totalPublicGas":{"daGas":0,"l2Gas":0},"totalBlockGas":{"daGas":256,"l2Gas":477200},"totalSizeInBytes":256,"silentlySkippedCount":0,"silentlySkippedDurationMs":0}
[billboard_test] Testing test_history_two_deposits_select_independent_children_and_exit ... [0m[32mok[0m
[22:30:36.324] INFO: kv-store:lmdb-v2 Starting data store with maxReaders 2
[22:30:36.324] INFO: world-state:database Creating world state data store at directory /var/folders/ym/q1vh2x5n58xbsmpmvs5_6w3r0000gn/T/aztec-world-state-whIBKH/world_state with map sizes {"archiveTreeMapSizeKb":10485760,"nullifierTreeMapSizeKb":10485760,"noteHashTreeMapSizeKb":10485760,"messageTreeMapSizeKb":10485760,"publicDataTreeMapSizeKb":10485760} and 2 threads (ephemeral=true).
[22:30:36.333] INFO: txe_node Aztec Node version: txe
[22:30:36.333] INFO: txe_node Aztec Node started on chain 0x1
[22:30:36.345] INFO: txe:top_level_context Created block 1 with timestamp 1789853436
[22:30:36.381] INFO: txe:top_level_context Created block 2 with timestamp 1789853436
[22:30:36.469] INFO: simulator:public-processor Processed 1 successful txs and 0 failed txs (0 silently skipped, 0ms wasted) in 0.059671875s {"blockNumber":3,"successfulCount":1,"failedCount":0,"duration":0.059671875,"rate":96808085.88635768,"totalPublicGas":{"daGas":5792,"l2Gas":5776720},"totalBlockGas":{"daGas":5792,"l2Gas":5776720},"totalSizeInBytes":5920,"silentlySkippedCount":0,"silentlySkippedDurationMs":0}
[22:30:36.591] INFO: simulator:public-processor Processed 1 successful txs and 0 failed txs (0 silently skipped, 0ms wasted) in 0.014055624999993598s {"blockNumber":4,"successfulCount":1,"failedCount":0,"duration":0.014055624999993598,"rate":81153772.95570418,"totalPublicGas":{"daGas":192,"l2Gas":1140667},"totalBlockGas":{"daGas":320,"l2Gas":1731467},"totalSizeInBytes":320,"silentlySkippedCount":0,"silentlySkippedDurationMs":0}
[22:30:36.619] INFO: txe:top_level_context Created block 5 with timestamp 1789853436
[22:30:36.768] INFO: simulator:public-processor Processed 1 successful txs and 0 failed txs (0 silently skipped, 0ms wasted) in 0.003708249999996042s {"blockNumber":6,"successfulCount":1,"failedCount":0,"duration":0.003708249999996042,"rate":0,"totalPublicGas":{"daGas":0,"l2Gas":0},"totalBlockGas":{"daGas":1984,"l2Gas":529900},"totalSizeInBytes":1984,"silentlySkippedCount":0,"silentlySkippedDurationMs":0}
[22:30:36.796] INFO: txe:top_level_context Created block 7 with timestamp 1789860637
[22:30:37.368] INFO: simulator:public-processor Processed 1 successful txs and 0 failed txs (0 silently skipped, 0ms wasted) in 0.0282589169999992s {"blockNumber":8,"successfulCount":1,"failedCount":0,"duration":0.0282589169999992,"rate":72901519.89901306,"totalPublicGas":{"daGas":3840,"l2Gas":2060118},"totalBlockGas":{"daGas":5216,"l2Gas":2786868},"totalSizeInBytes":5216,"silentlySkippedCount":0,"silentlySkippedDurationMs":0}
[22:30:37.398] INFO: simulator:public-processor Processed 1 successful txs and 0 failed txs (0 silently skipped, 0ms wasted) in 0.004219500000006519s {"blockNumber":9,"successfulCount":1,"failedCount":0,"duration":0.004219500000006519,"rate":2230359.0472770375,"totalPublicGas":{"daGas":0,"l2Gas":9411},"totalBlockGas":{"daGas":0,"l2Gas":9411},"totalSizeInBytes":128,"silentlySkippedCount":0,"silentlySkippedDurationMs":0}
[22:30:58.147] INFO: txe:top_level_context Created block 73 with timestamp 1789867838
[22:30:58.566] INFO: simulator:public-processor Processed 1 successful txs and 0 failed txs (0 silently skipped, 0ms wasted) in 0.03150945800000045s {"blockNumber":74,"successfulCount":1,"failedCount":0,"duration":0.03150945800000045,"rate":65380940.54172467,"totalPublicGas":{"daGas":3840,"l2Gas":2060118},"totalBlockGas":{"daGas":5216,"l2Gas":2786868},"totalSizeInBytes":5216,"silentlySkippedCount":0,"silentlySkippedDurationMs":0}
[22:30:58.901] INFO: simulator:public-processor Processed 1 successful txs and 0 failed txs (0 silently skipped, 0ms wasted) in 0.0042238749999960416s {"blockNumber":75,"successfulCount":1,"failedCount":0,"duration":0.0042238749999960416,"rate":2228048.8887594496,"totalPublicGas":{"daGas":0,"l2Gas":9411},"totalBlockGas":{"daGas":0,"l2Gas":9411},"totalSizeInBytes":128,"silentlySkippedCount":0,"silentlySkippedDurationMs":0}
[22:30:58.914] INFO: txe:top_level_context Created block 75 with timestamp 1789875039
[22:30:59.511] INFO: simulator:public-processor Processed 1 successful txs and 0 failed txs (0 silently skipped, 0ms wasted) in 0.0038463750000082655s {"blockNumber":76,"successfulCount":1,"failedCount":0,"duration":0.0038463750000082655,"rate":0,"totalPublicGas":{"daGas":0,"l2Gas":0},"totalBlockGas":{"daGas":1440,"l2Gas":527400},"totalSizeInBytes":1440,"silentlySkippedCount":0,"silentlySkippedDurationMs":0}
[22:30:59.539] INFO: txe:top_level_context Created block 77 with timestamp 1789882240
[22:30:59.710] INFO: simulator:public-processor Processed 1 successful txs and 0 failed txs (0 silently skipped, 0ms wasted) in 0.003733584000001429s {"blockNumber":78,"successfulCount":1,"failedCount":0,"duration":0.003733584000001429,"rate":0,"totalPublicGas":{"daGas":0,"l2Gas":0},"totalBlockGas":{"daGas":256,"l2Gas":477200},"totalSizeInBytes":256,"silentlySkippedCount":0,"silentlySkippedDurationMs":0}
[billboard_test] Testing c04_seeded::test_history_seeded_1002_tail_authentication_and_exit ... [0m[32mok[0m
[billboard_test] [0m[32m5 tests passed[0m
[private_fee_contract] Running 0 test functions
[private_fee_contract] [0m[32m0 tests passed[0m
[private_fee_test] Running 0 test functions
[private_fee_test] [0m[32m0 tests passed[0m
