✔ lost binding response resumes from encrypted transaction without supplied hash or another binding (28.420333ms)
✔ lost board deployment response resumes original transaction and deploys the board only once (7.49475ms)
✔ unresolved saved binding cannot start another transaction or falsely complete setup (26.428417ms)
✔ missing journal fails closed before any deployment signature and closes PXE (1.825833ms)
✔ definitively stale deploy proof regenerates only the same deployment operation (13.057875ms)
✔ definitively stale binding proof regenerates only the same deployment operation (12.142542ms)
✔ stale binding cannot silently accept another binding that appeared meanwhile (6.278584ms)
✔ stale binding cannot redeploy a missing original Ethereum portal (6.36525ms)
✔ stale board deployment cannot silently accept a board that appeared meanwhile (3.843334ms)
✔ deployment preflight rejects missing manifest before any transaction (0.801917ms)
✔ deployment preflight rejects Aztec actor before any transaction (0.959167ms)
✔ deployment preflight rejects Ethereum actor before any transaction (0.865042ms)
✔ deployment preflight rejects chain before any transaction (1.758084ms)
✔ deployment preflight rejects bridge before any transaction (0.84575ms)
✔ deployment preflight rejects artifact before any transaction (0.745333ms)
✔ existing deployment rejects runtime mismatch before binding (3.632125ms)
✔ existing deployment rejects inbox mismatch before binding (3.066ms)
✔ existing deployment rejects outbox mismatch before binding (2.838167ms)
✔ existing deployment rejects policy mismatch before binding (2.545292ms)
✔ existing deployment rejects censor mismatch before binding (1.691125ms)
✔ owned preflight provider is disposed even before wallet/PXE startup (1.017958ms)
✔ external browser provider is not disposed (4.001958ms)
✔ deployed originalContractClassId mismatch blocks binding (1.804042ms)
✔ deployed currentContractClassId mismatch blocks binding (1.5355ms)
✔ critical is_portal_set read is bounded (22.909542ms)
✔ critical get_config_hash read is bounded (23.454708ms)
✔ critical get_portal read is bounded (22.783792ms)
✔ malformed portal binding boolean null fails closed (1.872708ms)
✔ malformed portal binding boolean undefined fails closed (1.526583ms)
✔ malformed portal binding boolean 0 fails closed (1.691791ms)
✔ malformed portal binding boolean "false" fails closed (1.493458ms)
✔ malformed portal binding boolean {} fails closed (1.453667ms)
✔ preactivation deposit state is bounded and malformed value fails (28.441792ms)
ℹ tests 33
ℹ suites 0
ℹ pass 33
ℹ fail 0
ℹ cancelled 0
ℹ skipped 0
ℹ todo 0
ℹ duration_ms 418.5855
