✔ classifies exact roles and fixed method without retaining input secrets (0.883917ms)
✔ actual SDK fields are exact occurrences; encoded bytes and substrings are not (0.206375ms)
✔ unknown methods and capacity are counted without persisting arbitrary names (0.074333ms)
✔ deep arguments flag bounded classification and snapshots cannot mutate retained rows (0.075791ms)
✔ actual local RPC fixture preserves successes, failures, authorization and receiver with observation (115.803542ms)
✔ rendezvous accepts only fixed stages and bounded unique public transaction identifiers (5.93025ms)
✔ atomic rendezvous cannot overwrite a prior stage or accept an unverified release (6.004ms)
✔ missing release respects remaining parent budget (0.481041ms)
✔ canonical exit rejects wrong leaf, duplicate leaf, wrong nullifier and ineligible anchor (361.674125ms)
✔ aborted lifecycle terminates a rendezvous even with a clamped legacy time callback (109.8435ms)
✔ actual shared producer builder roundtrips both strict parent handoff modes (2.654542ms)
✔ journey diagnostic outputs fixed milestones and allowlisted exception only (0.210125ms)
✔ local fixture preserves node serialization and confines Ethereum authority (103.394125ms)
ℹ tests 13
ℹ suites 0
ℹ pass 13
ℹ fail 0
ℹ cancelled 0
ℹ skipped 0
ℹ todo 0
ℹ duration_ms 732.415291
