✔ fixed V8 fatal classifications survive chunk boundaries without exposing stderr (1.955ms)
✔ unrelated signals and arbitrary text remain unclassified; retained text is bounded (3.267375ms)
✔ classification remains available after a large trailing stack (0.214834ms)
✔ real failed coordinator promptly stops waiting browser and preserves native report (380.399458ms)
✔ successful coordinator allows real browser to finish afterward without cancellation (386.109625ms)
✔ timeout, signal and spawn error stop before browser wait; missing browser is supported (0.278459ms)
✔ rendezvous accepts only fixed stages and bounded unique public transaction identifiers (6.2265ms)
✔ atomic rendezvous cannot overwrite a prior stage or accept an unverified release (5.725292ms)
✔ missing release respects remaining parent budget (0.500459ms)
✔ canonical exit rejects wrong leaf, duplicate leaf, wrong nullifier and ineligible anchor (398.676125ms)
✔ aborted lifecycle terminates a rendezvous even with a clamped legacy time callback (105.731583ms)
✔ actual shared producer builder roundtrips both strict parent handoff modes (3.242791ms)
✔ journey diagnostic outputs fixed milestones and allowlisted exception only (0.219042ms)
✔ pending claim retries once through supplied GUI action then succeeds (0.132959ms)
✔ unexpected claim errors never retry (0.112833ms)
✔ repeated pending claims stop after three total attempts (0.081417ms)
✔ receipt changes, lost pending controls and existing submission prohibit further retry (0.17475ms)
✔ actual shared log timestamp is removed once before strict pending classification (28.017375ms)
✔ partial canonical progress is ordered, bounded, public-only and copied (0.675ms)
✔ claim checkpoint scope restores original settings after included claim and repeated cleanup (0.705458ms)
✔ claim failure and pre-handoff failure restore the original checkpoint settings (0.228041ms)
✔ failed restoration remains retryable rather than claiming restoration succeeded (0.07975ms)
✔ restoration failure cannot skip RPC, wallet or backup cleanup (0.103833ms)
✔ actual journey exit helper matches frozen Solidity commitment and independently serialized message leaf (3.334667ms)
✔ exit helper binds receipt and domain inputs and rejects malformed/out-of-range shapes (3.305542ms)
✔ actual exit assertion rejects duplicate/missing leaves, wrong spent note and premature anchor (0.452208ms)
✔ actual refund verifier decodes a real ABI event and rejects wrong receipt identity/accounting (6.07175ms)
ℹ tests 27
ℹ suites 0
ℹ pass 27
ℹ fail 0
ℹ cancelled 0
ℹ skipped 0
ℹ todo 0
ℹ duration_ms 1199.800541
