✔ normal author calls carry only private payment method and bootstrap claim is consumed once (3.889167ms)
✔ unknown submission is preserved without retry and private errors are redacted (2.116334ms)
✔ missing private fee configuration fails before account work for every private action (1.529875ms)
✔ actual wallet keeps configured gas and normal account scope/tag through simulation and proof (31.000167ms)
✔ actual main claim uses standard author call with private fee payment (21.830166ms)
✔ actual main post uses standard author call with private fee payment (2.13425ms)
✔ actual main post dummy uses standard author call with private fee payment (1.067625ms)
✔ actual main withdraw uses standard author call with private fee payment (1.358375ms)
✔ moderator calls use their normal account with private fee payment (1.455917ms)
✔ inherited object names never select an application method (0.418166ms)
✔ actual main private post works with no Ethereum signer (1.135167ms)
✔ actual main fails before PXE when RPC identity changed after CLI preflight (0.683083ms)
✔ settlement pending returns after one witness lookup, without ninety-minute polling (1.590041ms)
✔ witness RPC failure remains unknown, never a false unclaimed or paid result (1.108958ms)
✔ consumed/error text is not evidence of a refund: false (1.960375ms)
✔ consumed/error text is not evidence of a refund: true (0.870833ms)
✔ actual main refuses a private send when durable journal is unavailable (0.734ms)
✔ actual main recovery avoids proving and Ethereum signing and reports revert distinctly (1.16875ms)
✔ Ethereum recovery handles already refunded receipts before checking active deposit (1.725167ms)
✔ actual moderator declare-immoral uses the active wallet's durable journal (1.077833ms)
✔ actual moderator declare-immoral refuses an unresolved previous transaction before preparing a fee (0.708458ms)
✔ actual moderator set-moderation-policy uses the active wallet's durable journal (0.996583ms)
✔ actual moderator set-moderation-policy refuses an unresolved previous transaction before preparing a fee (1.099208ms)
✔ actual moderator transfer-censor uses the active wallet's durable journal (1.183667ms)
✔ actual moderator transfer-censor refuses an unresolved previous transaction before preparing a fee (0.713375ms)
✔ moderator wallet cannot bypass journal ownership by supplying a second key (0.674666ms)
✔ moderator recovery success distinguishes an already completed identical transfer from a failed one (0.717083ms)
✔ moderator recovery reverted distinguishes an already completed identical transfer from a failed one (0.643ms)
✔ moderator recovery with unknown outcome cannot prepare another private fee payment (0.5105ms)
✔ actual recovery dispatcher restores the saved message and nonce before requesting a fresh post proof (1.644167ms)
✔ already published stable identity blocks a replacement before fee preparation (0.760292ms)
✔ recovery cannot silently regenerate a dummy operation (1.115334ms)
✔ recovery cannot silently regenerate a withdraw operation (0.659ms)
✔ recovery cannot silently regenerate a claim operation (0.529375ms)
✔ claim  records its own operation rather than stale real-post metadata (5.449459ms)
✔ post dummy records its own operation rather than stale real-post metadata (0.904833ms)
✔ withdraw  records its own operation rather than stale real-post metadata (0.752166ms)
✔ missing withdrawal note never proves success when history contains no exit (3.342083ms)
✔ missing withdrawal note never proves success when history is unavailable (2.792042ms)
✔ missing withdrawal note can recover an exact successful canonical exit without paying again (2.694166ms)
✔ missing withdrawal note cannot recover a reverted exit (1.431334ms)
✔ an exit for another selected deposit cannot complete withdrawal (2.132417ms)
✔ withdrawal recovery without original claim custody cannot guess deposit ownership (1.65725ms)
✔ withdrawal absence reconciliation has a deadline even if its receipt read stalls (23.031667ms)
✔ saved dummy requires the same source screening sequence (unchanged) (1.67025ms)
✔ saved dummy requires the same source screening sequence (changed) (0.778666ms)
✔ saved withdraw requires the same source screening sequence (unchanged) (0.687542ms)
✔ saved withdraw requires the same source screening sequence (changed) (0.709917ms)
✔ actual wallet passes attributed application spend to the durable journal before submission (139.40325ms)
✔ successful retried screening releases its step guard before the following withdrawal (2.429292ms)
✔ stale claim restores exact original receipt and claim identity without depositing again (3.9235ms)
✔ stale claim rejects changed amount before another fee payment (2.392792ms)
✔ stale claim rejects changed depositNonce before another fee payment (2.235167ms)
✔ stale claim rejects changed leafIndex before another fee payment (2.109458ms)
✔ stale claim rejects changed depositChain before another fee payment (2.529ms)
✔ stale claim rejects changed secretHash before another fee payment (2.521458ms)
✔ stale claim rejects changed depositor before another fee payment (2.045208ms)
✔ an existing note is not confirmation of an unresolved saved claim transaction (2.527791ms)
✔ failed claim does not enter the former thirty-attempt loop (3.596292ms)
✔ saved claim rejects a receipt returned for another transaction (1.411875ms)
✔ saved claim rejects a reorged Ethereum receipt (1.289834ms)
✔ saved claim receipt reads time out before any proof or fee preparation (23.053292ms)
✔ explicit recovery restores exact saved transfer-censor arguments (2.041167ms)
✔ explicit recovery restores exact saved set-moderation-policy arguments (1.857375ms)
✔ explicit recovery restores exact saved declare-immoral arguments (1.402292ms)
✔ daemon stale transaction reconciliation regenerates the same job (1.321417ms)
✔ daemon stale transaction reconciliation rejects another job (1.168792ms)
✔ saved moderator request cannot spend fees after authority transfers away (2.023042ms)
✔ real preparer failures stop every routed action before proof/send/funding and preserve bootstrap input (460.154667ms)
✔ actual claim readiness rejects absent, failed and wrong-index membership before fees or submission (12.165958ms)
✔ actual claim waits for delayed exact receipt key then prepares fees and submits once (4.271083ms)
✔ node failures are surfaced after one request, before private fee work (0.506042ms)
✔ contract registration failures are surfaced after one attempt (0.542333ms)
✔ cached wallet sync failure stops the next operation before fee preparation (0.870333ms)
✔ simulation failure is not retried and cannot start proving (0.318416ms)
✔ list rejects failed get_censor instead of inventing configuration (0.703792ms)
✔ list rejects failed get_k_multiplier instead of inventing configuration (0.556667ms)
✔ list rejects failed get_censor_window instead of inventing configuration (0.598583ms)
✔ list rejects failed get_max_save_up instead of inventing configuration (0.639959ms)
✔ failed board lookup is not classified as an absent deployment (0.495625ms)
✔ failed portal binding read prevents application actions (0.566ms)
✔ automatic screening propagates a failed state refresh without another attempt (0.782208ms)
✔ list cannot report an unreadable flag as an unflagged post (1.341583ms)
✔ deposit recovery rejects undefined without scanning or payment (3.054625ms)
✔ deposit recovery rejects 0x123 without scanning or payment (1.748583ms)
✔ deposit recovery rejects not-a-hash without scanning or payment (1.767833ms)
✔ bare reuse cannot turn recovery into a new deposit (0.611ms)
✔ confirmed claim with failed sync reports confirmation and prevents further actions (4.311208ms)
✔ post reads time from the pinned RPC BlockResponse schema (3.190667ms)
✔ automatic screening rechecks chain cooldown (advancing=true) (4.657666ms)
✔ automatic screening rechecks chain cooldown (advancing=false) (25.023417ms)
✔ accepted claim survives engine restart and changed UI intent through the real encrypted journal (156.633083ms)
✔ accepted dummy survives engine restart and changed UI intent through the real encrypted journal (157.7525ms)
ℹ tests 93
ℹ suites 0
ℹ pass 93
ℹ fail 0
ℹ cancelled 0
ℹ skipped 0
ℹ todo 0
ℹ duration_ms 2641.20125
