✔ file: empty Ethereum journal reports its own recovery route (5.177084ms)
✔ file: deposit requires matching canonical receipt and event (33.294209ms)
✔ file: withdraw requires matching canonical receipt and event (22.432042ms)
✔ file: deposit: lost response before hash storage finds original sender/nonce without another send (22.674ms)
✔ file: deposit: rejection/crash before broadcast retains exact nonce, calldata and value for explicit retry (21.897041ms)
✔ file: deposit: storage failure stops before wallet request (1.38175ms)
✔ file: withdraw: lost response before hash storage finds original sender/nonce without another send (18.962917ms)
✔ file: withdraw: rejection/crash before broadcast retains exact nonce, calldata and value for explicit retry (22.201333ms)
✔ file: withdraw: storage failure stops before wallet request (1.200375ms)
✔ file: deposit interruption before hash persistence recovers original mined transaction (22.138417ms)
✔ file: deposit interruption after hash persistence recovers original mined transaction (20.688083ms)
✔ file: withdraw interruption before hash persistence recovers original mined transaction (21.681ms)
✔ file: withdraw interruption after hash persistence recovers original mined transaction (19.350458ms)
✔ file: concurrent intent saves authorize only one signer request (21.156167ms)
✔ file: reorg prevents acknowledgement and never reports paid (19.614209ms)
✔ file: reverted or replaced transaction is not a successful payment (22.775709ms)
✔ file: missing refund event cannot prove payment (21.854042ms)
✔ file: nonce refund event cannot prove payment (23.889458ms)
✔ file: amount refund event cannot prove payment (20.556417ms)
✔ file: address refund event cannot prove payment (20.345375ms)
✔ file: duplicate refund event cannot prove payment (19.613875ms)
✔ file: full salt/authentication mismatch and chain change fail before signing (20.529708ms)
✔ file: long history checkpoints survive failed lookup and resume without skipping gaps (1064.233083ms)
✔ indexeddb: empty Ethereum journal reports its own recovery route (4.03125ms)
✔ indexeddb: deposit requires matching canonical receipt and event (6.496667ms)
✔ indexeddb: withdraw requires matching canonical receipt and event (6.068542ms)
✔ indexeddb: deposit: lost response before hash storage finds original sender/nonce without another send (4.767791ms)
✔ indexeddb: deposit: rejection/crash before broadcast retains exact nonce, calldata and value for explicit retry (3.090334ms)
✔ indexeddb: deposit: storage failure stops before wallet request (0.829125ms)
✔ indexeddb: withdraw: lost response before hash storage finds original sender/nonce without another send (4.474917ms)
✔ indexeddb: withdraw: rejection/crash before broadcast retains exact nonce, calldata and value for explicit retry (4.286625ms)
✔ indexeddb: withdraw: storage failure stops before wallet request (0.916584ms)
✔ indexeddb: deposit interruption before hash persistence recovers original mined transaction (3.954292ms)
✔ indexeddb: deposit interruption after hash persistence recovers original mined transaction (2.835625ms)
✔ indexeddb: withdraw interruption before hash persistence recovers original mined transaction (5.404ms)
✔ indexeddb: withdraw interruption after hash persistence recovers original mined transaction (3.407334ms)
✔ indexeddb: concurrent intent saves authorize only one signer request (2.765041ms)
✔ indexeddb: reorg prevents acknowledgement and never reports paid (2.752333ms)
✔ indexeddb: reverted or replaced transaction is not a successful payment (4.320125ms)
✔ indexeddb: missing refund event cannot prove payment (2.815042ms)
✔ indexeddb: nonce refund event cannot prove payment (2.897875ms)
✔ indexeddb: amount refund event cannot prove payment (2.45225ms)
✔ indexeddb: address refund event cannot prove payment (3.203375ms)
✔ indexeddb: duplicate refund event cannot prove payment (2.668875ms)
✔ indexeddb: full salt/authentication mismatch and chain change fail before signing (3.15975ms)
✔ indexeddb: long history checkpoints survive failed lookup and resume without skipping gaps (54.443166ms)
✔ Ethereum lookup obeys a short read deadline (12.017833ms)
ℹ tests 47
ℹ suites 0
ℹ pass 47
ℹ fail 0
ℹ cancelled 0
ℹ skipped 0
ℹ todo 0
ℹ duration_ms 1797.789542
