✔ large stable Field identity is preserved without Number conversion (1.33525ms)
✔ order parsing rejects truncation and unsafe integer aliases (0.236334ms)
✔ message byte length and canonical padding round trip multi-byte text (1.830875ms)
✔ moderation resolves displayed order once and thereafter carries only identity (0.559541ms)
✔ unknown identity and unsafe order stop before signing (0.178083ms)
✔ state conflict causes refresh and a new attempt, never resubmission of old proof (0.425375ms)
✔ uncertain submission never triggers automatic new proof or resend (0.212292ms)
✔ exact already-known transaction is reconciled without resending (0.169541ms)
✔ failed, proposed, dropped and mismatched receipts never report success (0.126417ms)
✔ queued drop requires structured pinned conflict validation before fresh proof (0.428125ms)
✔ state refresh has a bounded retry budget (0.128125ms)
✔ receipt becoming included during revalidation prevents fresh proof (0.0915ms)
✔ dummy retries reject ambiguous spent-right conflicts and allow only invalid anchor refresh (0.129833ms)
✔ outer post retry cannot override an inner dummy spent-right refusal (0.145791ms)
✔ nested dummy anchor recovery retains one two-refresh budget (0.095042ms)
✔ saved post operation requires the original canonical nonce, chain and valid message (0.466916ms)
✔ normal author calls carry only private payment method and bootstrap claim is consumed once (2.618917ms)
✔ unknown submission is preserved without retry and private errors are redacted (2.207375ms)
✔ missing private fee configuration fails before account work for every private action (1.525791ms)
✔ actual wallet keeps configured gas and normal account scope/tag through simulation and proof (29.927ms)
✔ actual main claim uses standard author call with private fee payment (19.658083ms)
✔ actual main post uses standard author call with private fee payment (1.913625ms)
✔ actual main post dummy uses standard author call with private fee payment (1.030791ms)
✔ actual main withdraw uses standard author call with private fee payment (0.948084ms)
✔ moderator calls use their normal account with private fee payment (1.093125ms)
✔ inherited object names never select an application method (0.320958ms)
✔ actual main private post works with no Ethereum signer (0.890708ms)
✔ actual main fails before PXE when RPC identity changed after CLI preflight (0.486875ms)
✔ settlement pending returns after one witness lookup, without ninety-minute polling (1.276208ms)
✔ witness RPC failure remains unknown, never a false unclaimed or paid result (0.874791ms)
✔ consumed/error text is not evidence of a refund: false (1.565667ms)
✔ consumed/error text is not evidence of a refund: true (1.207833ms)
✔ actual main refuses a private send when durable journal is unavailable (0.701125ms)
✔ actual main recovery avoids proving and Ethereum signing and reports revert distinctly (1.159708ms)
✔ Ethereum recovery handles already refunded receipts before checking active deposit (1.386ms)
✔ actual moderator declare-immoral uses the active wallet's durable journal (0.922208ms)
✔ actual moderator declare-immoral refuses an unresolved previous transaction before preparing a fee (0.861375ms)
✔ actual moderator set-moderation-policy uses the active wallet's durable journal (1.18625ms)
✔ actual moderator set-moderation-policy refuses an unresolved previous transaction before preparing a fee (0.585208ms)
✔ actual moderator transfer-censor uses the active wallet's durable journal (0.712042ms)
✔ actual moderator transfer-censor refuses an unresolved previous transaction before preparing a fee (0.514042ms)
✔ moderator wallet cannot bypass journal ownership by supplying a second key (0.557166ms)
✔ moderator recovery success distinguishes an already completed identical transfer from a failed one (0.645791ms)
✔ moderator recovery reverted distinguishes an already completed identical transfer from a failed one (0.629ms)
✔ moderator recovery with unknown outcome cannot prepare another private fee payment (0.653583ms)
✔ actual recovery dispatcher restores the saved message and nonce before requesting a fresh post proof (1.43175ms)
✔ already published stable identity blocks a replacement before fee preparation (0.723166ms)
✔ recovery cannot silently regenerate a dummy operation (0.476083ms)
✔ recovery cannot silently regenerate a withdraw operation (0.488333ms)
✔ recovery cannot silently regenerate a claim operation (0.487958ms)
✔ claim  records its own operation rather than stale real-post metadata (6.057958ms)
✔ post dummy records its own operation rather than stale real-post metadata (1.302834ms)
✔ withdraw  records its own operation rather than stale real-post metadata (0.91925ms)
✔ missing withdrawal note never proves success when history contains no exit (9.150959ms)
✔ missing withdrawal note never proves success when history is unavailable (1.578917ms)
✔ missing withdrawal note can recover an exact successful canonical exit without paying again (2.875542ms)
✔ missing withdrawal note cannot recover a reverted exit (1.497458ms)
✔ an exit for another selected deposit cannot complete withdrawal (2.066209ms)
✔ withdrawal recovery without original claim custody cannot guess deposit ownership (1.995208ms)
✔ withdrawal absence reconciliation has a deadline even if its receipt read stalls (23.03025ms)
✔ saved dummy requires the same source screening sequence (unchanged) (1.528375ms)
✔ saved dummy requires the same source screening sequence (changed) (0.784583ms)
✔ saved withdraw requires the same source screening sequence (unchanged) (0.712459ms)
✔ saved withdraw requires the same source screening sequence (changed) (0.715166ms)
✔ actual wallet passes attributed application spend to the durable journal before submission (0.640459ms)
✔ successful retried screening releases its step guard before the following withdrawal (2.84775ms)
✔ stale claim restores exact original receipt and claim identity without depositing again (3.925334ms)
✔ stale claim rejects changed amount before another fee payment (2.54ms)
✔ stale claim rejects changed depositNonce before another fee payment (2.197083ms)
✔ stale claim rejects changed leafIndex before another fee payment (2.0685ms)
✔ stale claim rejects changed depositChain before another fee payment (2.003917ms)
✔ stale claim rejects changed secretHash before another fee payment (2.179625ms)
✔ stale claim rejects changed depositor before another fee payment (2.0165ms)
✔ an existing note is not confirmation of an unresolved saved claim transaction (3.1555ms)
✔ failed claim does not enter the former thirty-attempt loop (4.2515ms)
✔ saved claim rejects a receipt returned for another transaction (1.796292ms)
✔ saved claim rejects a reorged Ethereum receipt (1.726916ms)
✔ saved claim receipt reads time out before any proof or fee preparation (23.115208ms)
✔ explicit recovery restores exact saved transfer-censor arguments (2.480375ms)
✔ explicit recovery restores exact saved set-moderation-policy arguments (2.167ms)
✔ explicit recovery restores exact saved declare-immoral arguments (1.548042ms)
✔ daemon stale transaction reconciliation regenerates the same job (1.35ms)
✔ daemon stale transaction reconciliation rejects another job (1.296458ms)
✔ saved moderator request cannot spend fees after authority transfers away (1.70775ms)
✔ real preparer failures stop every routed action before proof/send/funding and preserve bootstrap input (480.718125ms)
✔ actual claim readiness rejects absent, failed and wrong-index membership before fees or submission (14.414959ms)
✔ actual claim waits for delayed exact receipt key then prepares fees and submits once (5.051875ms)
✔ node failures are surfaced after one request, before private fee work (0.63125ms)
✔ contract registration failures are surfaced after one attempt (0.634084ms)
✔ cached wallet sync failure stops the next operation before fee preparation (0.996584ms)
✔ simulation failure is not retried and cannot start proving (0.401333ms)
✔ list rejects failed get_censor instead of inventing configuration (1.175417ms)
✔ list rejects failed get_k_multiplier instead of inventing configuration (4.633459ms)
✔ list rejects failed get_censor_window instead of inventing configuration (1.498ms)
✔ list rejects failed get_max_save_up instead of inventing configuration (1.245208ms)
✔ failed board lookup is not classified as an absent deployment (0.711042ms)
✔ failed portal binding read prevents application actions (0.68325ms)
✔ automatic screening propagates a failed state refresh without another attempt (0.930042ms)
ℹ tests 98
ℹ suites 0
ℹ pass 98
ℹ fail 0
ℹ cancelled 0
ℹ skipped 0
ℹ todo 0
ℹ duration_ms 1409.38625
