✔ large stable Field identity is preserved without Number conversion (0.93ms)
✔ order parsing rejects truncation and unsafe integer aliases (0.302958ms)
✔ message byte length and canonical padding round trip multi-byte text (2.904542ms)
✔ moderation resolves displayed order once and thereafter carries only identity (1.615ms)
✔ unknown identity and unsafe order stop before signing (0.74425ms)
✔ state conflict causes refresh and a new attempt, never resubmission of old proof (0.735041ms)
✔ uncertain submission never triggers automatic new proof or resend (1.130375ms)
✔ exact already-known transaction is reconciled without resending (0.21225ms)
✔ failed, proposed, dropped and mismatched receipts never report success (0.150083ms)
✔ queued drop requires structured pinned conflict validation before fresh proof (0.332458ms)
✔ state refresh has a bounded retry budget (0.261458ms)
✔ receipt becoming included during revalidation prevents fresh proof (0.096125ms)
✔ dummy retries reject ambiguous spent-right conflicts and allow only invalid anchor refresh (1.664375ms)
✔ outer post retry cannot override an inner dummy spent-right refusal (0.20475ms)
✔ auto screening propagates unresolved transaction outcomes and retains a timing wait control (0.156917ms)
✔ nested dummy anchor recovery retains one two-refresh budget (0.146041ms)
✔ saved post operation requires the original canonical nonce, chain and valid message (1.556666ms)
✔ normal author calls carry only private payment method and bootstrap claim is consumed once (2.784125ms)
✔ unknown submission is preserved without retry and private errors are redacted (4.152667ms)
✔ missing private fee configuration fails before account work for every private action (2.843708ms)
✔ actual wallet keeps configured gas and normal account scope/tag through simulation and proof (86.059125ms)
✔ actual main claim uses standard author call with private fee payment (38.0745ms)
✔ actual main post uses standard author call with private fee payment (2.01825ms)
✔ actual main post dummy uses standard author call with private fee payment (1.308083ms)
✔ actual main withdraw uses standard author call with private fee payment (0.9625ms)
✔ moderator calls use their normal account with private fee payment (1.095917ms)
✔ inherited object names never select an application method (0.316417ms)
✔ actual main private post works with no Ethereum signer (1.059459ms)
✔ actual main fails before PXE when RPC identity changed after CLI preflight (0.599958ms)
✔ settlement pending returns after one witness lookup, without ninety-minute polling (1.276709ms)
✔ witness RPC failure remains unknown, never a false unclaimed or paid result (0.851709ms)
✔ consumed/error text is not evidence of a refund: false (1.672958ms)
✔ consumed/error text is not evidence of a refund: true (0.962625ms)
✔ actual main refuses a private send when durable journal is unavailable (0.611042ms)
✔ actual main recovery avoids proving and Ethereum signing and reports revert distinctly (1.507541ms)
✔ Ethereum recovery handles already refunded receipts before checking active deposit (2.31675ms)
✔ actual moderator declare-immoral uses the active wallet's durable journal (1.83075ms)
✔ actual moderator declare-immoral refuses an unresolved previous transaction before preparing a fee (0.9495ms)
✔ actual moderator set-moderation-policy uses the active wallet's durable journal (1.635042ms)
✔ actual moderator set-moderation-policy refuses an unresolved previous transaction before preparing a fee (0.682541ms)
✔ actual moderator transfer-censor uses the active wallet's durable journal (0.844834ms)
✔ actual moderator transfer-censor refuses an unresolved previous transaction before preparing a fee (1.224375ms)
✔ moderator wallet cannot bypass journal ownership by supplying a second key (1.144667ms)
✔ moderator recovery success distinguishes an already completed identical transfer from a failed one (0.882458ms)
✔ moderator recovery reverted distinguishes an already completed identical transfer from a failed one (0.835833ms)
✔ moderator recovery with unknown outcome cannot prepare another private fee payment (0.860834ms)
✔ actual recovery dispatcher restores the saved message and nonce before requesting a fresh post proof (1.884ms)
✔ already published stable identity blocks a replacement before fee preparation (0.971792ms)
✔ recovery cannot silently regenerate a dummy operation (0.5655ms)
✔ recovery cannot silently regenerate a withdraw operation (0.5205ms)
✔ recovery cannot silently regenerate a claim operation (1.115458ms)
✔ claim  records its own operation rather than stale real-post metadata (10.574834ms)
✔ post dummy records its own operation rather than stale real-post metadata (1.265791ms)
✔ withdraw  records its own operation rather than stale real-post metadata (5.800208ms)
✔ missing withdrawal note never proves success when history contains no exit (27.2215ms)
✔ missing withdrawal note never proves success when history is unavailable (2.005666ms)
✔ missing withdrawal note can recover an exact successful canonical exit without paying again (3.456458ms)
✔ missing withdrawal note cannot recover a reverted exit (2.581917ms)
✔ an exit for another selected deposit cannot complete withdrawal (4.797333ms)
✔ withdrawal recovery without original claim custody cannot guess deposit ownership (2.755708ms)
✔ withdrawal absence reconciliation has a deadline even if its receipt read stalls (23.647541ms)
✔ saved dummy requires the same source screening sequence (unchanged) (1.546ms)
✔ saved dummy requires the same source screening sequence (changed) (0.87925ms)
✔ saved withdraw requires the same source screening sequence (unchanged) (0.83875ms)
✔ saved withdraw requires the same source screening sequence (changed) (0.844833ms)
✔ actual wallet passes attributed application spend to the durable journal before submission (0.750375ms)
✔ successful retried screening releases its step guard before the following withdrawal (6.307417ms)
✔ stale claim restores exact original receipt and claim identity without depositing again (4.302792ms)
✔ stale claim rejects changed amount before another fee payment (2.897333ms)
✔ stale claim rejects changed depositNonce before another fee payment (2.772916ms)
✔ stale claim rejects changed leafIndex before another fee payment (2.8465ms)
✔ stale claim rejects changed depositChain before another fee payment (2.364959ms)
✔ stale claim rejects changed secretHash before another fee payment (2.502792ms)
✔ stale claim rejects changed depositor before another fee payment (2.493208ms)
✔ an existing note is not confirmation of an unresolved saved claim transaction (2.795292ms)
✔ failed claim does not enter the former thirty-attempt loop (4.586875ms)
✔ saved claim rejects a receipt returned for another transaction (2.750875ms)
✔ saved claim rejects a reorged Ethereum receipt (1.790958ms)
✔ saved claim receipt reads time out before any proof or fee preparation (22.900625ms)
✔ explicit recovery restores exact saved transfer-censor arguments (4.577667ms)
✔ explicit recovery restores exact saved set-moderation-policy arguments (4.276625ms)
✔ explicit recovery restores exact saved declare-immoral arguments (2.124583ms)
✔ daemon stale transaction reconciliation regenerates the same job (1.944458ms)
✔ daemon stale transaction reconciliation rejects another job (1.675917ms)
✔ saved moderator request cannot spend fees after authority transfers away (2.106375ms)
✔ real preparer failures stop every routed action before proof/send/funding and preserve bootstrap input (840.55675ms)
✔ actual claim readiness rejects absent, failed and wrong-index membership before fees or submission (39.945291ms)
✔ actual claim waits for delayed exact receipt key then prepares fees and submits once (5.818375ms)
✔ node failures are surfaced after one request, before private fee work (2.556667ms)
✔ contract registration failures are surfaced after one attempt (3.744166ms)
✔ cached wallet sync failure stops the next operation before fee preparation (4.286083ms)
✔ simulation failure is not retried and cannot start proving (1.220125ms)
✔ list rejects failed get_censor instead of inventing configuration (2.3035ms)
✔ list rejects failed get_k_multiplier instead of inventing configuration (1.680958ms)
✔ list rejects failed get_censor_window instead of inventing configuration (5.19775ms)
✔ list rejects failed get_max_save_up instead of inventing configuration (1.434125ms)
✔ failed board lookup is not classified as an absent deployment (1.736208ms)
✔ failed portal binding read prevents application actions (1.505416ms)
ℹ tests 98
ℹ suites 0
ℹ pass 98
ℹ fail 0
ℹ cancelled 0
ℹ skipped 0
ℹ todo 0
ℹ duration_ms 2747.155292
