✔ matching synthetic artifacts and recorded sources pass (9.482291ms)
✔ stale deploy Noir copy is rejected (7.457292ms)
✔ stale censor Noir copy is rejected (7.279875ms)
✔ missing verification key is rejected even when all consumer copies agree (7.164958ms)
✔ empty private function set is rejected even when all consumer copies agree (7.536041ms)
✔ only public functions is rejected even when all consumer copies agree (6.511792ms)
✔ untranspiled artifact is rejected even when all consumer copies agree (7.313791ms)
✔ truthy non-boolean transpilation marker is rejected even when all consumer copies agree (7.375917ms)
✔ stale portal bytecode is rejected: apps/src/billboard/portal_bytecode.txt (7.158459ms)
✔ stale portal bytecode is rejected: apps/src/billboard/deploy/portal_bytecode.txt (5.799209ms)
✔ portal source drift is rejected by embedded compiler provenance (6.109666ms)
✔ missing Solidity source provenance is rejected (7.012875ms)
✔ string-encoded Solidity metadata remains supported (7.869625ms)
✔ Noir source drift requires a rebuild (8.023916ms)
✔ Noir dependency declaration drift requires a rebuild (6.418333ms)
✔ root dependency lock drift requires a rebuild (7.003167ms)
✔ portal dependency lock drift requires a rebuild (7.0435ms)
✔ compiler configuration drift requires a rebuild (7.719209ms)
✔ toolchain pins drift requires a rebuild (7.47225ms)
✔ contract builder drift requires a rebuild (6.363875ms)
✔ Noir debug-path normalizer drift requires a rebuild (6.5475ms)
✔ Noir dependency verifier drift requires a rebuild (7.867417ms)
✔ Noir dependency pins drift requires a rebuild (6.786625ms)
✔ new Noir source omitted from the old manifest requires a rebuild (6.903875ms)
✔ contract manifest input hash tampering is rejected (6.332917ms)
✔ contract manifest noir hash tampering is rejected (7.158875ms)
✔ contract manifest portal hash tampering is rejected (6.102708ms)
✔ synchronized altered Noir artifacts still fail the recorded build hash (6.391667ms)
✔ synchronized altered portal bytecode still fails the recorded build hash (7.754167ms)
✔ privateFee key, extra route and stale content fail closed (8.224875ms)
✔ complete synthetic SDK manifest passes (10.184583ms)
✔ stale lockfile is rejected (7.114708ms)
✔ stale build script is rejected (7.592333ms)
✔ stale SDK entry source is rejected (6.983542ms)
✔ stale storage adapter source is rejected (7.504667ms)
✔ stale PXE schema source is rejected (8.797458ms)
✔ stale imported dependency source is rejected (8.289708ms)
✔ stale toolchain helper is rejected (8.048833ms)
✔ stale runtime asset source is rejected (8.692208ms)
✔ stale bundle output is rejected (9.396375ms)
✔ stale worker output is rejected (10.733875ms)
✔ stale runtime asset output is rejected (8.602541ms)
✔ protocol version mismatch is rejected (9.561209ms)
✔ omitting required inputs entry shared/sdk-entry.mjs is rejected (7.830292ms)
✔ omitting required inputs entry shared/sdk-store.mjs is rejected (8.508208ms)
✔ omitting required inputs entry node_modules/@aztec/pxe/dest/storage/metadata.js is rejected (7.573ms)
✔ omitting required inputs entry node_modules/@aztec/noir-acvm_js/web/acvm_js_bg.wasm is rejected (9.060625ms)
✔ omitting required outputs entry sqlite.worker.js is rejected (7.755125ms)
✔ omitting required outputs entry sqlite3.wasm is rejected (8.823417ms)
✔ runtime asset output cannot differ from its source even with a refreshed output hash (10.066625ms)
✔ manifest inputs path confinement rejects ../outside.js (9.008292ms)
✔ manifest inputs path confinement rejects /outside.js (10.007292ms)
✔ manifest inputs path confinement rejects shared/../outside.js (9.30225ms)
✔ manifest inputs path confinement rejects shared\outside.js (9.677542ms)
✔ manifest outputs path confinement rejects ../outside.js (9.386792ms)
✔ manifest outputs path confinement rejects /outside.js (9.558292ms)
✔ manifest outputs path confinement rejects nested/worker.js (8.714791ms)
✔ manifest outputs path confinement rejects ..\outside.js (10.155375ms)
✔ inputs symlink cannot escape its allowed directory (9.70025ms)
✔ outputs symlink cannot escape its allowed directory (8.3445ms)
✔ invalid manifest structure is rejected (7.144084ms)
✔ malformed manifest digest is rejected (6.449667ms)
✔ missing worker file is rejected rather than silently omitted (6.808292ms)
ℹ tests 63
ℹ suites 0
ℹ pass 63
ℹ fail 0
ℹ cancelled 0
ℹ skipped 0
ℹ todo 0
ℹ duration_ms 328.482083
