✔ canonical shared address has no owner, salt, or initializer (200.234583ms)
✔ private balance payment emits only pay_fee with shared payer (13.431417ms)
✔ cold-start emits actual FeeJuice claim then private mint-and-pay; never reads author balance (12.60175ms)
✔ bridge secret and hash bind local salt and author (0.458958ms)
✔ rejects empty private balance without public fallback (13.461334ms)
✔ rejects insufficient cold-start funding (12.328541ms)
✔ rejects wrong bridge secret (12.11675ms)
✔ rejects zero bridge salt (13.157167ms)
✔ rejects unsupported chain (0.179333ms)
✔ rejects unsupported version (0.079292ms)
✔ cold-start works without public instance publication (11.773292ms)
✔ rejects upgraded deployed class (11.446666ms)
✔ rejects malformed instance preimage (12.690583ms)
✔ rejects per-user alternative fee contract (12.623375ms)
✔ rejects zero or overflowing maximum fee (0.221167ms)
✔ rejects priority fee exceeding total cap (0.053459ms)
✔ does not leak provider errors or private claim content (11.290333ms)
✔ rejects extra public entrypoint hidden behind generated dispatcher (0.132959ms)
✔ one-unit private-credit shortfall rejects without author public balance, funding or submission (15.085542ms)
✔ balance and identity provider failures never produce a fallback payment or expose error details (24.15825ms)
✔ CLI reads public configuration and restricted local claim, rejecting links, extra fields, and broad permissions (1.494208ms)
✔ CLI keeps ambiguous outcomes actionable without exposing private errors (0.1545ms)
✔ CLI diagnostics contain only fixed source locations, never error text or paths (0.440709ms)
✔ Noir diagnostics omit source text and directories (0.082667ms)
✔ approve then persist nonce-bound public recovery before deposit; recover exact private claim (235.565792ms)
✔ existing allowance avoids approval and uses pending sender nonce (32.266708ms)
✔ save failure prevents deposit (15.349917ms)
✔ ambiguous send retains public recovery, never retries or leaks raw error (16.920333ms)
✔ rejects inadequate user token balance before approval (15.938625ms)
✔ rejects wrong L1 network before any transaction (11.767459ms)
✔ rejects wrong portal version before any transaction (12.190542ms)
✔ recovery rejects reorg (41.0575ms)
✔ recovery rejects reverted (40.990667ms)
✔ recovery rejects wrong nonce (42.781666ms)
✔ recovery rejects wrong sender (40.048292ms)
✔ recovery rejects wrong calldata (40.561625ms)
✔ recovery rejects missing event (38.940417ms)
✔ recovery rejects duplicate event (38.285708ms)
✔ public record from another wallet cannot recover credit (37.896959ms)
✔ public record from another owner cannot recover credit (39.340583ms)
✔ recovery requires hash and trusted deployment scope (38.982875ms)
✔ confirmed approval nonce overrides stale Ethers pending cache (27.956958ms)
✔ failure diagnostics expose only finite phase and safe codes (14.150084ms)
✔ lost approval response is recovered by sender nonce and never silently approved twice (66.809542ms)
✔ lost bridge-deposit response recovers exact funding provenance without an unstored hash or another payment (39.582209ms)
✔ missing durable fee journal prevents token approval (11.871416ms)
✔ portable journal alone restores private-fee funding provenance in a fresh store (44.489875ms)
ℹ tests 47
ℹ suites 0
ℹ pass 47
ℹ fail 0
ℹ cancelled 0
ℹ skipped 0
ℹ todo 0
ℹ duration_ms 1271.869125
