✔ normal author calls carry only private payment method and bootstrap claim is consumed once (3.517584ms)
✔ unknown submission is preserved without retry and private errors are redacted (3.093542ms)
✔ missing private fee configuration fails before account work for every private action (2.262333ms)
✔ actual wallet keeps configured gas and normal account scope/tag through simulation and proof (15.595625ms)
✔ actual main claim uses standard author call with private fee payment (15.066917ms)
✔ actual main post uses standard author call with private fee payment (3.051916ms)
✔ actual main post dummy uses standard author call with private fee payment (1.977375ms)
✔ actual main withdraw uses standard author call with private fee payment (5.161833ms)
✔ moderator calls use their normal account with private fee payment (1.569584ms)
✔ inherited object names never select an application method (0.444709ms)
✔ actual main private post works with no Ethereum signer (1.461625ms)
✔ actual main fails before PXE when RPC identity changed after CLI preflight (0.945875ms)
✔ settlement pending returns after one witness lookup, without ninety-minute polling (1.868917ms)
✔ witness RPC failure remains unknown, never a false unclaimed or paid result (1.334208ms)
✔ consumed/error text is not evidence of a refund: false (2.292708ms)
✔ consumed/error text is not evidence of a refund: true (2.022666ms)
✔ actual main refuses a private send when durable journal is unavailable (1.420709ms)
✔ actual main recovery avoids proving and Ethereum signing and reports revert distinctly (2.091833ms)
✔ Ethereum recovery handles already refunded receipts before checking active deposit (2.631458ms)
✔ actual moderator declare-immoral uses the active wallet's durable journal (1.766667ms)
✔ actual moderator declare-immoral refuses an unresolved previous transaction before preparing a fee (0.843042ms)
✔ actual moderator set-moderation-policy uses the active wallet's durable journal (1.429ms)
✔ actual moderator set-moderation-policy refuses an unresolved previous transaction before preparing a fee (0.737167ms)
✔ actual moderator transfer-censor uses the active wallet's durable journal (0.997042ms)
✔ actual moderator transfer-censor refuses an unresolved previous transaction before preparing a fee (0.705459ms)
✔ moderator wallet cannot bypass journal ownership by supplying a second key (0.855959ms)
✔ moderator recovery success distinguishes an already completed identical transfer from a failed one (0.962833ms)
✔ moderator recovery reverted distinguishes an already completed identical transfer from a failed one (0.941541ms)
✔ moderator recovery with unknown outcome cannot prepare another private fee payment (0.68025ms)
✔ actual recovery dispatcher restores the saved message and nonce before requesting a fresh post proof (2.055625ms)
✔ already published stable identity blocks a replacement before fee preparation (1.062375ms)
✔ recovery cannot silently regenerate a dummy operation (0.750458ms)
✔ recovery cannot silently regenerate a withdraw operation (0.629875ms)
✔ recovery cannot silently regenerate a claim operation (0.661833ms)
✔ claim  records its own operation rather than stale real-post metadata (5.57975ms)
✔ post dummy records its own operation rather than stale real-post metadata (1.219709ms)
✔ withdraw  records its own operation rather than stale real-post metadata (1.008459ms)
✔ missing withdrawal note never proves success when history contains no exit (0.869625ms)
✔ missing withdrawal note never proves success when history is unavailable (0.829167ms)
✔ missing withdrawal note requires saved transaction recovery even if matching exit content exists (1.0925ms)
✔ missing withdrawal note cannot recover a reverted exit (0.964083ms)
✔ an exit for another selected deposit cannot complete withdrawal (1.609542ms)
✔ withdrawal recovery without original claim custody cannot guess deposit ownership (1.203375ms)
✔ missing withdrawal note rejects without scanning history or looking up a claim secret (0.84625ms)
✔ saved dummy requires the same source screening sequence (unchanged) (1.220625ms)
✔ saved dummy requires the same source screening sequence (changed) (0.937167ms)
✔ saved withdraw requires the same source screening sequence (unchanged) (1.076666ms)
✔ saved withdraw requires the same source screening sequence (changed) (1.207792ms)
✔ actual wallet passes attributed application spend to the durable journal before submission (187.050292ms)
✔ successful retried screening releases its step guard before the following withdrawal (3.827541ms)
✔ stale claim restores exact original receipt and claim identity without depositing again (4.41775ms)
✔ stale claim rejects changed amount before another fee payment (2.348541ms)
✔ stale claim rejects changed leafIndex before another fee payment (2.192417ms)
✔ stale claim rejects changed depositChain before another fee payment (2.293084ms)
✔ stale claim rejects changed secretHash before another fee payment (2.448875ms)
✔ stale claim rejects changed depositor before another fee payment (2.082083ms)
✔ an existing note is not confirmation of an unresolved saved claim transaction (2.545792ms)
✔ failed claim does not enter the former thirty-attempt loop (4.0825ms)
✔ saved claim rejects a receipt returned for another transaction (1.162125ms)
✔ saved claim rejects a reorged Ethereum receipt (0.953167ms)
✔ saved claim receipt reads time out before any proof or fee preparation (23.485583ms)
✔ explicit recovery restores exact saved transfer-censor arguments (2.453ms)
✔ explicit recovery restores exact saved set-moderation-policy arguments (2.515666ms)
✔ explicit recovery restores exact saved declare-immoral arguments (1.978833ms)
✔ daemon stale transaction reconciliation regenerates the same job (1.813958ms)
✔ daemon stale transaction reconciliation rejects another job (1.62225ms)
✔ saved moderator request cannot spend fees after authority transfers away (1.775208ms)
✔ real preparer failures stop every routed action before proof/send/funding and preserve bootstrap input (208.655417ms)
✔ actual claim readiness rejects absent, failed and wrong-index membership before fees or submission (12.313083ms)
✔ actual claim waits for delayed exact receipt key then prepares fees and submits once (5.446166ms)
✔ node failures are surfaced after one request, before private fee work (0.726208ms)
✔ contract registration failures are surfaced after one attempt (0.837083ms)
✔ cached wallet sync failure stops the next operation before fee preparation (1.372667ms)
✔ simulation failure is not retried and cannot start proving (0.45825ms)
✔ list rejects failed get_censor instead of inventing configuration (1.075ms)
✔ list rejects failed get_k_multiplier instead of inventing configuration (0.8245ms)
✔ list rejects failed get_censor_window instead of inventing configuration (1.021875ms)
✔ list rejects failed get_max_save_up instead of inventing configuration (0.993958ms)
✔ failed board lookup is not classified as an absent deployment (0.806959ms)
✔ failed portal binding read prevents application actions (0.735708ms)
✔ automatic screening propagates a failed state refresh without another attempt (1.366542ms)
✔ list cannot report an unreadable flag as an unflagged post (1.459916ms)
✔ deposit recovery rejects undefined without scanning or payment (0.878ms)
✔ deposit recovery rejects 0x123 without scanning or payment (0.873292ms)
✔ deposit recovery rejects not-a-hash without scanning or payment (0.944208ms)
✔ bare reuse cannot turn recovery into a new deposit (0.710333ms)
✔ confirmed claim with failed sync reports confirmation and prevents further actions (4.162167ms)
✔ post reads time from the pinned RPC BlockResponse schema (4.104542ms)
✔ automatic screening rechecks chain cooldown (advancing=true) (21.478792ms)
✔ automatic screening rechecks chain cooldown (advancing=false) (25.9835ms)
✔ accepted claim survives engine restart and changed UI intent through the real encrypted journal (238.645083ms)
✔ accepted dummy survives engine restart and changed UI intent through the real encrypted journal (255.515791ms)
✔ confirmed claim with missing delivered note reports synchronization pending without resubmission (4.074875ms)
✔ actual wallet rejects total-da before proving or submitting (0.598791ms)
✔ actual wallet rejects total-l2 before proving or submitting (0.375458ms)
✔ actual wallet rejects teardown-da before proving or submitting (0.343959ms)
✔ actual wallet rejects teardown-l2 before proving or submitting (0.349625ms)
✔ actual wallet rejects missing-public before proving or submitting (0.337292ms)
✔ actual wallet rejects revert before proving or submitting (0.325292ms)
✔ entirely private simulation needs no public output and still checks gas before proof (0.530667ms)
✔ recovered withdrawal survives status without Ethereum signer and after reconnect (1.0205ms)
✔ zero portal balance preserves the exact withdrawal until verified refund recovery (0.962542ms)
✔ Ethereum refund recovery binds the saved L2 withdrawal: matching (1.476ms)
✔ Ethereum refund recovery binds the saved L2 withdrawal: older-refund (1.262583ms)
✔ Ethereum refund recovery binds the saved L2 withdrawal: missing-witness (0.864875ms)
✔ Ethereum refund recovery binds the saved L2 withdrawal: rpc-error (0.931042ms)
✔ fee preparation preserves only the recognized low-cap diagnostic (0.4585ms)
✔ canonical shared address has no owner, salt, or initializer (210.587125ms)
✔ private balance payment emits only pay_fee with shared payer (20.035666ms)
✔ cold-start emits actual FeeJuice claim then private mint-and-pay; never reads author balance (20.218167ms)
✔ bridge secret and hash bind local salt and author (0.817416ms)
✔ rejects empty private balance without public fallback (21.021958ms)
✔ rejects insufficient cold-start funding (17.833542ms)
✔ rejects wrong bridge secret (18.227333ms)
✔ rejects zero bridge salt (19.013833ms)
✔ rejects unsupported chain (0.274292ms)
✔ rejects unsupported version (0.131ms)
✔ cold-start works without public instance publication (16.996458ms)
✔ rejects upgraded deployed class (16.687333ms)
✔ rejects malformed instance preimage (17.187917ms)
✔ rejects per-user alternative fee contract (17.851667ms)
✔ rejects zero or overflowing maximum fee (0.28575ms)
✔ rejects priority fee exceeding total cap (0.078708ms)
✔ does not leak provider errors or private claim content (16.981125ms)
✔ rejects extra public entrypoint hidden behind generated dispatcher (0.194417ms)
✔ one-unit private-credit shortfall rejects without author public balance, funding or submission (16.690625ms)
✔ balance and identity provider failures never produce a fallback payment or expose error details (36.706666ms)
✔ rejects stale feePerDaGas cap before balance or payment work (0.355833ms)
✔ rejects stale feePerL2Gas cap before balance or payment work (0.099042ms)
✔ fee-rate lookup failure is redacted and never starts payment work (0.11025ms)
✔ CLI reads public configuration and restricted local claim, rejecting links, extra fields, and broad permissions (2.151375ms)
✔ CLI keeps ambiguous outcomes actionable without exposing private errors (0.280042ms)
✔ CLI diagnostics contain only fixed source locations, never error text or paths (0.7535ms)
✔ Noir diagnostics omit source text and directories (0.140916ms)
✔ funding deposits to shared address and passes mandatory recovery callback (2.35875ms)
✔ standalone claim uses standard author entrypoint with only private fee payload, then stops PXE (1.028875ms)
✔ browser recovery storage preserves earlier deposits and refuses conflicting replacements or secrets (0.857ms)
✔ deposit below claim fee is rejected before requesting L1 funding (0.536875ms)
✔ private fee claim refuses missing or unresolved recovery storage before consuming bridge information (1.16225ms)
✔ private fee success recovery requires no Ethereum signer, bridge claim file or PXE (0.727791ms)
✔ private fee reverted recovery requires no Ethereum signer, bridge claim file or PXE (0.46425ms)
✔ fee Ethereum approved recovery is explicit and does not start an L2 proof (0.484709ms)
✔ fee Ethereum funded recovery is explicit and does not start an L2 proof (0.433084ms)
✔ fee Ethereum reverted recovery is explicit and does not start an L2 proof (0.456375ms)
✔ fee Ethereum replaced recovery is explicit and does not start an L2 proof (0.435584ms)
✔ claim persists exact public funding identity before preparation without duplicating secrets (0.551541ms)
✔ stale private fee claim restores saved funding record even when UI holds another deposit (1.070584ms)
✔ BB_SUBMISSION_UNKNOWN does not regenerate private fee claim (0.616833ms)
✔ BB_TRANSACTION_FAILED does not regenerate private fee claim (0.498ms)
✔ live old claim cannot authorize replacement (0.584042ms)
✔ saved fee claim rejects owner (0.601ms)
✔ saved fee claim rejects kind (0.525542ms)
✔ saved fee claim rejects unknown-record-key (0.569042ms)
✔ changed canonical message index blocks regenerated claim before proving (0.594916ms)
✔ canonical funding validation failure blocks regenerated claim (0.647208ms)
✔ private fee funding reconciliation has a bounded deadline (6.625125ms)
✔ deposit accepts canonical decimal-string public gas configuration with the real SDK (0.657ms)
✔ deposit equal to maximum fee is rejected before signer or funding (0.451792ms)
✔ malformed gas is rejected before signer or funding (0.444875ms)
✔ claim failure keeps its internal cause without exposing it in the public message (0.742291ms)
✔ fee claim preserves low-cap diagnostic and displays a safe actionable message (1.050375ms)
✔ preparing ownerless FPC through actual BaseWallet never registers it as the author account (207.526334ms)
✔ explicit registration keys still pass through actual BaseWallet and derive a matching account (24.417666ms)
✔ the removed implicit-key override reproduces the actual BaseWallet address mismatch (21.745834ms)
ℹ tests 164
ℹ suites 0
ℹ pass 164
ℹ fail 0
ℹ cancelled 0
ℹ skipped 0
ℹ todo 0
ℹ duration_ms 2531.253875
