
> test:components
> node scripts/test-harness.mjs components

✔ matching synthetic artifacts and recorded sources pass (11.249625ms)
✔ stale deploy Noir copy is rejected (7.54825ms)
✔ stale censor Noir copy is rejected (7.416542ms)
✔ missing verification key is rejected even when all consumer copies agree (7.4835ms)
✔ empty private function set is rejected even when all consumer copies agree (7.852792ms)
✔ only public functions is rejected even when all consumer copies agree (7.274334ms)
✔ untranspiled artifact is rejected even when all consumer copies agree (8.468166ms)
✔ truthy non-boolean transpilation marker is rejected even when all consumer copies agree (7.046667ms)
✔ stale portal bytecode is rejected: apps/src/billboard/portal_bytecode.txt (6.795958ms)
✔ stale portal bytecode is rejected: apps/src/billboard/deploy/portal_bytecode.txt (6.811459ms)
✔ portal source drift is rejected by embedded compiler provenance (6.973917ms)
✔ missing Solidity source provenance is rejected (7.035708ms)
✔ string-encoded Solidity metadata remains supported (8.522166ms)
✔ Noir source drift requires a rebuild (8.38975ms)
✔ Noir dependency declaration drift requires a rebuild (7.606542ms)
✔ root dependency lock drift requires a rebuild (7.387875ms)
✔ portal dependency lock drift requires a rebuild (7.322083ms)
✔ compiler configuration drift requires a rebuild (7.668709ms)
✔ toolchain pins drift requires a rebuild (8.622125ms)
✔ contract builder drift requires a rebuild (7.443916ms)
✔ Noir debug-path normalizer drift requires a rebuild (7.199541ms)
✔ Noir dependency verifier drift requires a rebuild (7.682625ms)
✔ Noir dependency pins drift requires a rebuild (7.803333ms)
✔ new Noir source omitted from the old manifest requires a rebuild (7.585ms)
✔ contract manifest input hash tampering is rejected (7.953458ms)
✔ contract manifest noir hash tampering is rejected (7.334166ms)
✔ contract manifest portal hash tampering is rejected (7.302833ms)
✔ synchronized altered Noir artifacts still fail the recorded build hash (7.454541ms)
✔ synchronized altered portal bytecode still fails the recorded build hash (7.437125ms)
✔ privateFee key, extra route and stale content fail closed (7.656208ms)
ℹ tests 30
ℹ suites 0
ℹ pass 30
ℹ fail 0
ℹ cancelled 0
ℹ skipped 0
ℹ todo 0
ℹ duration_ms 358.57625
✔ rejected http-error response cancels its unread body (26.612542ms)
✔ rejected oversized response cancels its unread body (4.900917ms)
ℹ tests 2
ℹ suites 0
ℹ pass 2
ℹ fail 0
ℹ cancelled 0
ℹ skipped 0
ℹ todo 0
ℹ duration_ms 94.217041
✔ wallet-free cache resumes bounded pages without rescanning completed history (5.719833ms)
✔ snapshot pagination neither duplicates nor misses posts when newer ones arrive (1.182875ms)
✔ same-height reorg rolls back affected pages and invalidates pagination (1.303792ms)
✔ flag-only block updates a cached post without scanning its publication (0.640084ms)
✔ failed atomic persistence retains prior checkpoint and retries same page (1.188708ms)
✔ chain change during fetch never commits fetched events (0.340291ms)
✔ identical event duplicates deduplicate; conflicting payloads fail (0.538917ms)
✔ unexpected private fields, wrong scope and out-of-range results cannot enter cache (0.409375ms)
✔ bounded rollback can discard cache and rebuild after deep reorg (0.675292ms)
✔ capacity failure is explicit and does not advance past missing events (0.456458ms)
✔ RPC failure preserves cached data and cursor (0.352167ms)
✔ malformed restored cache and concurrent sync are rejected (3.810875ms)
✔ paging a validated restored history does not reread persisted ranges (0.68025ms)
✔ one-event append after10000posts writes only new range and small head (377.188625ms)
✔ failed atomic commit leaves storage and visible state unchanged (0.630208ms)
✔ competing writers cannot overwrite a committed head (1.143625ms)
✔ three-block rollback restores moved policies, posts and flags exactly (0.686042ms)
✔ page policy output is bounded by selected posts plus current policy (34.59ms)
✔ occupied block checks overlap in batches of at most eight (4.869375ms)
✔ late board initialization reaches current history without scanning empty blocks (0.516792ms)
✔ old post can be flagged under new policy and page retains both policies (0.483833ms)
ℹ tests 21
ℹ suites 0
ℹ pass 21
ℹ fail 0
ℹ cancelled 0
ℹ skipped 0
ℹ todo 0
ℹ duration_ms 494.511667
✔ full-history index refuses to checkpoint an omitted publication order (4.758292ms)
✔ an index starting from genesis refuses a nonzero first publication order (0.64025ms)
✔ orphaned flag disappears when its page is rolled back (1.23925ms)
✔ different payloads at one canonical event position never commit (0.297875ms)
✔ unavailable historical checkpoint preserves all cached events (0.46725ms)
✔ identical policy can be published repeatedly under the same content version (0.609292ms)
✔ conflicting text cannot reuse a policy content version (0.393917ms)
✔ post without its preceding policy publication cannot enter full-history cache (0.451708ms)
✔ sync deadline covers the aggregate RPC sequence, not each read independently (32.73925ms)
✔ connection reads pinned immutable slots at one block and matches both contract class IDs (24.434583ms)
✔ matching public slots cannot bypass a wrong currentContractClassId (7.65225ms)
✔ matching public slots cannot bypass a wrong originalContractClassId (7.303333ms)
✔ connection rejects conflicting immutable slot 1 (10.169042ms)
✔ connection rejects conflicting immutable slot 3 (6.764625ms)
✔ connection rejects conflicting immutable slot 4 (6.503166ms)
✔ connection rejects conflicting immutable slot 5 (8.61825ms)
✔ restored public cache rejects additional private payload fields (0.715833ms)
✔ policy A then B then A identifies A as the current restored policy (0.451708ms)
✔ restored range rejects duplicate identity disguised by transaction index (0.418791ms)
✔ board link resolves portal and verifies network without visitor configuration (6.905041ms)
✔ board link rejects malformed address before RPC (21.883292ms)
✔ board link rejects unsupported class before reading portal (7.166791ms)
✔ board link rejects unbound portal and mismatched deployment network (15.573875ms)
✔ board link rejects a portal that names another board (7.0225ms)
ℹ tests 24
ℹ suites 0
ℹ pass 24
ℹ fail 0
ℹ cancelled 0
ℹ skipped 0
ℹ todo 0
ℹ duration_ms 233.653833
✔ sqlite atomic ranges, competing writers and snapshot rollback (15.0715ms)
✔ indexeddb atomic ranges, competing writers and snapshot rollback (5.225416ms)
✔ competing native cache writers recover by reopening without losing committed ranges (9.908375ms)
✔ browser reader discards only conflicted connections and does not retry the failed request (1.730583ms)
✔ standalone reader preserves stale messages and requires explicit reopening after conflict (0.917291ms)
ℹ tests 5
ℹ suites 0
ℹ pass 5
ℹ fail 0
ℹ cancelled 0
ℹ skipped 0
ℹ todo 0
ℹ duration_ms 106.752375
✔ hosted posting uses the explicit board, preserves fee settings and links, and ignores saved settings (3.1055ms)
✔ unavailable or mismatched hosted settings prevent wallet initialization {"fee":false} (0.741334ms)
✔ unavailable or mismatched hosted settings prevent wallet initialization {"fetchFailure":true} (0.440541ms)
✔ unavailable or mismatched hosted settings prevent wallet initialization {"hash":"#network=2:0x1111111111111111111111111111111111111111:5&board=0x0444444444444444444444444444444444444444444444444444444444444444"} (0.506875ms)
✔ unavailable or mismatched hosted settings prevent wallet initialization {"hash":"#board=invalid"} (0.503917ms)
✔ a board change during verification reloads before installing settings or initializing wallets (0.564125ms)
ℹ tests 6
ℹ suites 0
ℹ pass 6
ℹ fail 0
ℹ cancelled 0
ℹ skipped 0
ℹ todo 0
ℹ duration_ms 57.8835
✔ publication extraction matches the pinned SDK decoder (1.2925ms)
✔ two-board directory paginates at a pinned checkpoint and filters other classes (14.135125ms)
✔ network mismatch stops, while upgraded incompatible instances are excluded (0.838833ms)
✔ a repeated cursor is rejected without silently skipping the page (0.834084ms)
✔ reorg invalidates the scan before publishing results and prevents continuation (0.503917ms)
✔ unavailable instances do not block scanning later history (0.313458ms)
✔ discovery begins inclusively at the supported class registration block (0.338333ms)
✔ a real board bound to an incompatible portal does not hide later boards (1.119375ms)
ℹ tests 8
ℹ suites 0
ℹ pass 8
ℹ fail 0
ℹ cancelled 0
ℹ skipped 0
ℹ todo 0
ℹ duration_ms 245.899208
✔ Node proving fails closed before initialization and rejects backend/custom prover overrides (1.643292ms)
✔ verified CLI setup routes exact direct-WASM singleton through streaming prover and WASM simulator (0.682ms)
✔ failed local verification, wrong existing backend and replaced singleton cannot prove (1.25675ms)
✔ Node read-only PXE retains SDK behavior without proving setup (0.367875ms)
ℹ tests 4
ℹ suites 0
ℹ pass 4
ℹ fail 0
ℹ cancelled 0
ℹ skipped 0
ℹ todo 0
ℹ duration_ms 81.879666
✔ apps/src/billboard/user/cli.mjs initializes hashing only then async local prover once (6.257167ms)
✔ apps/src/billboard/user/cli.mjs rejects missing, truncated, modified and symlink local bytes without caching success (12.504417ms)
✔ apps/src/billboard/deploy/cli.mjs initializes hashing only then async local prover once (2.161458ms)
✔ apps/src/billboard/deploy/cli.mjs rejects missing, truncated, modified and symlink local bytes without caching success (10.429291ms)
✔ actual operator CRS inventory includes derived bytes and all original hash pins (0.751167ms)
ℹ tests 5
ℹ suites 0
ℹ pass 5
ℹ fail 0
ℹ cancelled 0
ℹ skipped 0
ℹ todo 0
ℹ duration_ms 85.003375
✔ required local derived G1, G2 and Grumpkin initialize the pinned point counts (41.493916ms)
✔ g1_uncompressed.dat missing stops without alternate reads, network requests or prover calls (0.916792ms)
✔ g1_uncompressed.dat corrupt stops without alternate reads, network requests or prover calls (44.486709ms)
✔ g1_uncompressed.dat truncated stops without alternate reads, network requests or prover calls (1.360834ms)
✔ g2.dat missing stops without alternate reads, network requests or prover calls (38.176375ms)
✔ g2.dat corrupt stops without alternate reads, network requests or prover calls (38.092ms)
✔ g2.dat truncated stops without alternate reads, network requests or prover calls (37.953083ms)
✔ grumpkin_g1.dat missing stops without alternate reads, network requests or prover calls (37.979458ms)
✔ grumpkin_g1.dat corrupt stops without alternate reads, network requests or prover calls (40.364125ms)
✔ grumpkin_g1.dat truncated stops without alternate reads, network requests or prover calls (37.986209ms)
✔ missing manifest is rejected before any data request (0.313ms)
✔ different SDK release is rejected before any data request (0.133166ms)
✔ old schema is rejected before any data request (0.075833ms)
✔ wrong compressed format is rejected before any data request (0.07675ms)
✔ wrong G2 format is rejected before any data request (0.075292ms)
✔ wrong Grumpkin format is rejected before any data request (0.081667ms)
✔ old point count is rejected before any data request (0.076958ms)
✔ old Grumpkin filename is rejected before any data request (0.069833ms)
✔ unexpected network destination is rejected before any data request (0.070541ms)
✔ duplicate file is rejected before any data request (0.0955ms)
✔ invalid range is rejected before any data request (0.084ms)
✔ missing derived entry is rejected before any data request (0.1015ms)
✔ wrong derived name is rejected before any data request (0.068791ms)
✔ wrong derived length is rejected before any data request (0.070167ms)
✔ wrong derived point count is rejected before any data request (0.074667ms)
✔ wrong derived format is rejected before any data request (0.079083ms)
✔ invalid derived digest is rejected before any data request (0.0655ms)
✔ derived remote URL is rejected before any data request (0.080542ms)
✔ missing provenance is rejected before any data request (0.087083ms)
✔ wrong derivation method is rejected before any data request (0.080791ms)
✔ wrong derivation SDK is rejected before any data request (0.067041ms)
✔ wrong derivation input name is rejected before any data request (0.065708ms)
✔ mismatched derivation input pin is rejected before any data request (0.07525ms)
✔ mismatched derivation G2 pin is rejected before any data request (0.067792ms)
✔ wrong derivation WASM path is rejected before any data request (0.064416ms)
✔ wrong derivation WASM digest is rejected before any data request (0.0635ms)
✔ extra derivation metadata is rejected before any data request (0.065875ms)
✔ truncated body cannot be loaded (13.216375ms)
✔ oversized body cannot be loaded (0.167958ms)
✔ oversized content length cannot be loaded (0.412917ms)
✔ HTTP failure cannot be loaded (0.06575ms)
✔ empty successful response cannot be loaded (0.069583ms)
✔ oversized streamed response is cancelled instead of reading remaining bytes (0.417833ms)
✔ non-ending HTTP error response is cancelled before rejection (0.113083ms)
✔ HTTP error response remains the rejection reason when cancellation fails (0.1045ms)
✔ BN254 initialization rejection prevents Grumpkin initialization (40.052417ms)
✔ unexpected BN254 response cannot be reported as initialized (39.945583ms)
✔ unexpected Grumpkin response cannot be reported as initialized (40.308875ms)
✔ browser loading uses the same checks with Web Crypto SHA-256 (55.007833ms)
✔ verified local derived bytes skip compressed reads and use the documented empty response (40.019542ms)
✔ truncated derived input stops before hashing or invoking the prover (0.152417ms)
✔ oversized derived input stops before hashing or invoking the prover (0.247292ms)
✔ cache metadata wrapper stops before hashing or invoking the prover (0.083958ms)
✔ loader cannot replace the trusted metadata snapshot (42.493458ms)
✔ mismatched derived content pin never accepts bytes through supplied cache metadata (38.167292ms)
✔ derived initialization rejects nonempty output and does not initialize Grumpkin (40.9715ms)
✔ derived initialization rejects missing output and does not initialize Grumpkin (40.023667ms)
✔ derived initialization rejects wrong element type and does not initialize Grumpkin (39.930209ms)
✔ browser VM uses full Web Crypto digest verification for derived input (51.613ms)
✔ explicit BN254 prefix verifies the complete derived source before selecting points (40.362416ms)
✔ corruption beyond the retained prefix fails before any prover call (37.757875ms)
✔ prefix budget rejects invalid and excessive values, and snapshots caller selection (80.2875ms)
✔ derived prefix rejects an unexpected nonempty initialization response (41.089ms)
ℹ tests 63
ℹ suites 0
ℹ pass 63
ℹ fail 0
ℹ cancelled 0
ℹ skipped 0
ℹ todo 0
ℹ duration_ms 1145.041959
✔ accepts the exact pinned partial response and requests identity encoding (13.709417ms)
✔ rejects ignored Range (0.516708ms)
✔ rejects wrong range (0.280959ms)
✔ rejects oversized stream (0.438ms)
✔ rejects truncated stream (0.231916ms)
✔ rejects checksum mismatch (0.1765ms)
✔ rejects the first invalid download without consulting another destination (0.2895ms)
✔ schema2 separates the72MiB derived asset from bounded network assets (0.845958ms)
✔ rejects derived provenance: wrong Grumpkin format (0.225459ms)
✔ rejects derived provenance: wrong Grumpkin point count (0.133709ms)
✔ rejects derived provenance: wrong Grumpkin byte length (0.077083ms)
✔ rejects derived provenance: wrong G2 point count (0.069334ms)
✔ rejects derived provenance: changed source URL (0.056083ms)
✔ rejects derived provenance: old schema (0.063458ms)
✔ rejects derived provenance: missing derived asset (0.074625ms)
✔ rejects derived provenance: changed output pin (0.078208ms)
✔ rejects derived provenance: oversized derived output (0.074166ms)
✔ rejects derived provenance: wrong points (0.073416ms)
✔ rejects derived provenance: unreviewed method (0.088458ms)
✔ rejects derived provenance: package mismatch (0.06625ms)
✔ rejects derived provenance: input checksum mismatch (0.066ms)
✔ rejects derived provenance: G2 checksum mismatch (0.06225ms)
✔ rejects derived provenance: untrusted WASM path (0.061583ms)
✔ rejects derived provenance: unreviewed WASM hash (0.074167ms)
✔ rejects derived provenance: unexpected derivation field (0.054208ms)
✔ rejects derived provenance: oversized network asset (0.047791ms)
✔ rejects actual WASM bytes that do not match the declared gzip pin (0.119417ms)
✔ rejects cache corruption before an explicitly requested atomic replacement (5.294417ms)
✔ rename failure retains previous target and removes the temporary file (1.453583ms)
✔ corruption during temporary write is rejected before replacing target (1.185584ms)
✔ invalid derived bytes never create or replace a target (0.3685ms)
✔ derivation timeout kills and closes its actual child, restoring signal listeners (105.637334ms)
✔ derivation interruption kills and closes its actual child (1.21ms)
ℹ tests 33
ℹ suites 0
ℹ pass 33
ℹ fail 0
ℹ cancelled 0
ℹ skipped 0
ℹ todo 0
ℹ duration_ms 192.721583
✔ browser fixes real SDK prover options and initializes matching singleton before PXE (1.880916ms)
✔ incompatible cached singleton blocks PXE without replacement (1.588833ms)
✔ browser custom prover and invalid options cannot bypass supported bound (1.671209ms)
✔ Node path preserves explicit native options and custom prover without browser singleton (1.276042ms)
✔ private logging remains silent and initialization failures are redacted (0.901042ms)
✔ async CRS verification must finish before PXE and concurrent requests share its initialization (3.09775ms)
✔ failed CRS validation blocks PXE, denies remote fallback and permits clean retry (0.532959ms)
✔ cached singleton without skipSrsInit is rejected before CRS or PXE (0.35225ms)
✔ verified loader uses only local files, rejects redirects and hashes bytes before initialization (0.635875ms)
✔ browser injects streaming prover using the same simulator and preserves verified proof fields/compression (0.947208ms)
✔ streaming proof failure cannot return a proof (0.457208ms)
ℹ tests 11
ℹ suites 0
ℹ pass 11
ℹ fail 0
ℹ cancelled 0
ℹ skipped 0
ℹ todo 0
ℹ duration_ms 65.137917
✔ ordered per-step inputs, hiding VK, local verification and compressed fields match upstream (1.925ms)
✔ each failed command stops all later work and redacts underlying data (4.973125ms)
✔ invalid proof cannot reach compression or caller (0.46425ms)
✔ overlap cannot poison active job; failed singleton is quarantined and fresh instance works (1.536584ms)
✔ missing compressed output is rejected even after valid local verification (0.431542ms)
ℹ tests 5
ℹ suites 0
ℹ pass 5
ℹ fail 0
ℹ cancelled 0
ℹ skipped 0
ℹ todo 0
ℹ duration_ms 85.281708
✔ browser actual module persists ciphertext and interoperates with Node AES-GCM (10.906708ms)
✔ browser actual custody rejects wrong wallet, ciphertext corruption and moved scope (4.195708ms)
✔ browser save observes transaction abort and never reports durable success (1.692292ms)
✔ actual engine codec matches frozen claim, boundary and exit commitments (6.090375ms)
✔ actual public deposit flow saves and reads back before send; returns bridge message index without secret (9.095334ms)
✔ actual deposit flow fails closed for missing store, failed durability and disabled portal (3.557875ms)
✔ actual deposit flow fails closed for mismatched read-back and existing receipt (2.393167ms)
✔ actual recovery rejects an already refunded deposit event at the same amount and requires its saved secret (7.570625ms)
ℹ tests 8
ℹ suites 0
ℹ pass 8
ℹ fail 0
ℹ cancelled 0
ℹ skipped 0
ℹ todo 0
ℹ duration_ms 260.026625
✔ class publication uses its own transaction; already published=false (2.138083ms)
✔ class publication uses its own transaction; already published=true (0.450792ms)
✔ unreconciled publication cannot advance merely because its class exists (0.619084ms)
✔ a returned publication submission is insufficient without observed class registration (0.471167ms)
✔ pinned internal L2Block hash method differs from public node BlockResponse hash value (4.488833ms)
✔ deployment returns pending immediately, then a resumed check forwards the exact finalized witness (2.041125ms)
✔ unfinalized receipt never requests a witness or activates (0.440708ms)
✔ missing witness never activates a finalized transaction (0.6155ms)
✔ reverted receipt fails closed before witness lookup (0.412709ms)
✔ missing success receipt fails closed before witness lookup (0.407ms)
✔ dropped receipt fails closed before witness lookup (0.362ms)
✔ unknown receipt fails closed before witness lookup (0.346333ms)
✔ wrong transaction receipt fails closed before witness lookup (0.400916ms)
✔ missing block hash receipt fails closed before witness lookup (0.361291ms)
✔ pending and proposed receipts do not qualify even with a high finalized tip (0.364875ms)
✔ receipt block must still match canonical block at its height (0.605375ms)
✔ re-inclusion during witness resolution returns pending; resume checks the new block (1.233291ms)
✔ drop during witness resolution prevents activation (0.851792ms)
✔ malformed finalized tip cannot satisfy the finality comparison (0.509333ms)
✔ activation requires successful L1 receipt and enabled portal {"activationStatus":0} (0.729167ms)
✔ activation requires successful L1 receipt and enabled portal {"enabled":false} (0.744584ms)
✔ a stalled Ready RPC has a bounded unknown outcome without activation (9.6605ms)
✔ deployment missing CREATE2 proxy is checked before wallet or proving work (1.552041ms)
✔ deployment unrecognized CREATE2 proxy is checked before wallet or proving work (0.546916ms)
✔ deployment pinned CREATE2 proxy is checked before wallet or proving work (0.496833ms)
ℹ tests 25
ℹ suites 0
ℹ pass 25
ℹ fail 0
ℹ cancelled 0
ℹ skipped 0
ℹ todo 0
ℹ duration_ms 487.840583
