✔ full-history index refuses to checkpoint an omitted publication order (4.891458ms)
✔ an index starting from genesis refuses a nonzero first publication order (0.56975ms)
✔ orphaned flag disappears when its page is rolled back (1.146708ms)
✔ different payloads at one canonical event position never commit (0.213416ms)
✔ unavailable historical checkpoint preserves all cached events (0.300042ms)
✔ identical policy can be published repeatedly under the same content version (0.263542ms)
✔ conflicting text cannot reuse a policy content version (0.257625ms)
✔ post without its preceding policy publication cannot enter full-history cache (0.273334ms)
✔ sync deadline covers the aggregate RPC sequence, not each read independently (30.786542ms)
✔ connection reads pinned immutable slots at one block and matches both contract class IDs (34.85175ms)
✔ matching public slots cannot bypass a wrong currentContractClassId (5.38875ms)
✔ matching public slots cannot bypass a wrong originalContractClassId (10.46225ms)
✔ connection rejects conflicting immutable slot 1 (5.370042ms)
✔ connection rejects conflicting immutable slot 3 (4.969167ms)
✔ connection rejects conflicting immutable slot 4 (7.366709ms)
✔ connection rejects conflicting immutable slot 5 (7.263833ms)
✔ restored public cache rejects additional private payload fields (0.779666ms)
✔ policy A then B then A identifies A as the current restored policy (0.354541ms)
✔ wallet-free cache resumes bounded pages without rescanning completed history (9.3225ms)
✔ snapshot pagination neither duplicates nor misses posts when newer ones arrive (0.873334ms)
✔ same-height reorg rolls back affected pages and invalidates pagination (0.810542ms)
✔ flag-only block updates a cached post without scanning its publication (0.827375ms)
✔ failed atomic persistence retains prior checkpoint and retries same page (0.699916ms)
✔ chain change during fetch never commits fetched events (0.502042ms)
✔ identical event duplicates deduplicate; conflicting payloads fail (0.337792ms)
✔ unexpected private fields, wrong scope and out-of-range results cannot enter cache (0.254875ms)
✔ bounded rollback can discard cache and rebuild after deep reorg (0.75275ms)
✔ capacity failure is explicit and does not advance past missing events (0.3335ms)
✔ RPC failure preserves cached data and cursor (0.228209ms)
✔ malformed restored cache and concurrent sync are rejected (2.682833ms)
✔ paging a validated restored history does not reread persisted ranges (0.56ms)
✔ one-event append after10000posts writes only new range and small head (276.417417ms)
✔ failed atomic commit leaves storage and visible state unchanged (0.482458ms)
✔ competing writers cannot overwrite a committed head (1.310666ms)
✔ three-block rollback restores moved policies, posts and flags exactly (0.535125ms)
ℹ tests 35
ℹ suites 0
ℹ pass 35
ℹ fail 0
ℹ cancelled 0
ℹ skipped 0
ℹ todo 0
ℹ duration_ms 358.127417
