✔ matching synthetic artifacts and recorded sources pass (9.974459ms)
✔ stale deploy Noir copy is rejected (6.466208ms)
✔ stale censor Noir copy is rejected (5.646ms)
✔ missing verification key is rejected even when all consumer copies agree (5.844ms)
✔ empty private function set is rejected even when all consumer copies agree (6.545792ms)
✔ only public functions is rejected even when all consumer copies agree (6.253167ms)
✔ untranspiled artifact is rejected even when all consumer copies agree (6.39875ms)
✔ truthy non-boolean transpilation marker is rejected even when all consumer copies agree (6.092459ms)
✔ stale portal bytecode is rejected: apps/src/billboard/portal_bytecode.txt (5.920375ms)
✔ stale portal bytecode is rejected: apps/src/billboard/deploy/portal_bytecode.txt (5.466958ms)
✔ portal source drift is rejected by embedded compiler provenance (5.752375ms)
✔ missing Solidity source provenance is rejected (6.060584ms)
✔ string-encoded Solidity metadata remains supported (6.215333ms)
✔ Noir source drift requires a rebuild (5.325334ms)
✔ Noir dependency declaration drift requires a rebuild (6.889542ms)
✔ root dependency lock drift requires a rebuild (6.51575ms)
✔ portal dependency lock drift requires a rebuild (5.461792ms)
✔ compiler configuration drift requires a rebuild (5.273958ms)
✔ toolchain pins drift requires a rebuild (6.942416ms)
✔ contract builder drift requires a rebuild (5.27675ms)
✔ Noir debug-path normalizer drift requires a rebuild (6.526708ms)
✔ Noir dependency verifier drift requires a rebuild (5.725292ms)
✔ Noir dependency pins drift requires a rebuild (5.630459ms)
✔ new Noir source omitted from the old manifest requires a rebuild (6.1325ms)
✔ contract manifest input hash tampering is rejected (6.948041ms)
✔ contract manifest noir hash tampering is rejected (6.874208ms)
✔ contract manifest portal hash tampering is rejected (5.855333ms)
✔ synchronized altered Noir artifacts still fail the recorded build hash (6.65825ms)
✔ synchronized altered portal bytecode still fails the recorded build hash (5.829084ms)
✔ privateFee key, extra route and stale content fail closed (6.350792ms)
✔ rejected http-error response cancels its unread body (27.771208ms)
✔ rejected oversized response cancels its unread body (4.132333ms)
✔ SDK serialization decodes PolicyPublished to strict public schema (3.2445ms)
✔ SDK serialization decodes PostPublished to strict public schema (0.729083ms)
✔ SDK serialization decodes PostFlagged to strict public schema (0.416583ms)
✔ wallet-free source verifies network, reads checkpointed head and atomically drains cursor pages (3.772125ms)
✔ same-tag pagination retains every event without duplicates (1.808084ms)
✔ decoder rejects wrong tag (0.342334ms)
✔ decoder rejects extra field (0.1385ms)
✔ decoder rejects wrong schema (0.218083ms)
✔ decoder rejects nonzero message padding (0.231125ms)
✔ decoder rejects oversized message length (0.20675ms)
✔ decoder rejects invalid UTF-8 (0.172041ms)
✔ decoder rejects zero post identity (0.211375ms)
✔ decoder rejects negative position (0.182833ms)
✔ wrong network refuses before reading events (0.309459ms)
✔ incomplete atomic range rejects {"maxPages":2} (0.585916ms)
✔ incomplete atomic range rejects {"maxEvents":2} (0.561125ms)
✔ nonadvancing server cursor rejects rather than skipping records (0.469125ms)
✔ reorg anchor rejection leaves range incomplete (0.325292ms)
✔ stalled RPC is bounded (4.937ms)
✔ range bounds fail before RPC (0.613875ms)
✔ precomputed metadata loads raw JSON block data without hashing (1.708458ms)
✔ duplicated or missing precomputed tags fail closed (1.029958ms)
✔ decoder supports raw JSON RPC strings without SDK objects (0.249917ms)
✔ runtime source imports only local modules without SDK or proving assets (0.179542ms)
✔ wallet-free cache resumes bounded pages without rescanning completed history (5.799875ms)
✔ snapshot pagination neither duplicates nor misses posts when newer ones arrive (1.222459ms)
✔ same-height reorg rolls back affected pages and invalidates pagination (0.923542ms)
✔ flag-only block updates a cached post without scanning its publication (0.97975ms)
✔ failed atomic persistence retains prior checkpoint and retries same page (1.669459ms)
✔ chain change during fetch never commits fetched events (0.281042ms)
✔ identical event duplicates deduplicate; conflicting payloads fail (0.37525ms)
✔ unexpected private fields, wrong scope and out-of-range results cannot enter cache (0.297875ms)
✔ bounded rollback can discard cache and rebuild after deep reorg (0.558917ms)
✔ capacity failure is explicit and does not advance past missing events (0.311625ms)
✔ RPC failure preserves cached data and cursor (0.301584ms)
✔ malformed restored cache and concurrent sync are rejected (2.820417ms)
✔ paging a validated restored history does not reread historical event payloads (0.734375ms)
ℹ tests 69
ℹ suites 0
ℹ pass 69
ℹ fail 0
ℹ cancelled 0
ℹ skipped 0
ℹ todo 0
ℹ duration_ms 399.330542
