✔ full-history index refuses to checkpoint an omitted publication order (3.193833ms)
✔ an index starting from genesis refuses a nonzero first publication order (0.36925ms)
✔ orphaned flag disappears when its page is rolled back (0.971875ms)
✔ different payloads at one canonical event position never commit (0.199959ms)
✔ unavailable historical checkpoint preserves all cached events (0.280042ms)
✔ identical policy can be published repeatedly under the same content version (0.25925ms)
✔ conflicting text cannot reuse a policy content version (0.249875ms)
✔ post without its preceding policy publication cannot enter full-history cache (0.278ms)
✔ sync deadline covers the aggregate RPC sequence, not each read independently (29.921708ms)
✔ connection reads pinned immutable slots at one block and matches both contract class IDs (21.049542ms)
✔ matching public slots cannot bypass a wrong currentContractClassId (5.6415ms)
✔ matching public slots cannot bypass a wrong originalContractClassId (9.242209ms)
✔ connection rejects conflicting immutable slot 1 (5.654958ms)
✔ connection rejects conflicting immutable slot 3 (6.709834ms)
✔ connection rejects conflicting immutable slot 4 (5.296542ms)
✔ connection rejects conflicting immutable slot 5 (6.93975ms)
✔ restored public cache rejects additional private payload fields (0.738459ms)
✔ policy A then B then A identifies A as the current restored policy (0.354042ms)
✔ sqlite atomic ranges, competing writers and snapshot rollback (12.948208ms)
✔ indexeddb atomic ranges, competing writers and snapshot rollback (4.54675ms)
✔ wallet-free cache resumes bounded pages without rescanning completed history (4.595292ms)
✔ snapshot pagination neither duplicates nor misses posts when newer ones arrive (0.904208ms)
✔ same-height reorg rolls back affected pages and invalidates pagination (0.824291ms)
✔ flag-only block updates a cached post without scanning its publication (0.45425ms)
✔ failed atomic persistence retains prior checkpoint and retries same page (0.496959ms)
✔ chain change during fetch never commits fetched events (0.630875ms)
✔ identical event duplicates deduplicate; conflicting payloads fail (0.46675ms)
✔ unexpected private fields, wrong scope and out-of-range results cannot enter cache (0.28125ms)
✔ bounded rollback can discard cache and rebuild after deep reorg (0.422083ms)
✔ capacity failure is explicit and does not advance past missing events (0.320791ms)
✔ RPC failure preserves cached data and cursor (0.23325ms)
✔ malformed restored cache and concurrent sync are rejected (2.921458ms)
✔ paging a validated restored history does not reread persisted ranges (0.512125ms)
✔ one-event append after10000posts writes only new range and small head (267.737ms)
✔ failed atomic commit leaves storage and visible state unchanged (0.525916ms)
✔ competing writers cannot overwrite a committed head (0.819375ms)
✔ three-block rollback restores moved policies, posts and flags exactly (0.459292ms)
ℹ tests 37
ℹ suites 0
ℹ pass 37
ℹ fail 0
ℹ cancelled 0
ℹ skipped 0
ℹ todo 0
ℹ duration_ms 326.854708
