✔ wallet-free cache resumes bounded pages without rescanning completed history (6.824084ms)
✔ snapshot pagination neither duplicates nor misses posts when newer ones arrive (1.084083ms)
✔ same-height reorg rolls back affected pages and invalidates pagination (1.433875ms)
✔ flag-only block updates a cached post without scanning its publication (1.362041ms)
✔ failed atomic persistence retains prior checkpoint and retries same page (1.076541ms)
✔ chain change during fetch never commits fetched events (0.20225ms)
✔ identical event duplicates deduplicate; conflicting payloads fail (0.344834ms)
✔ unexpected private fields, wrong scope and out-of-range results cannot enter cache (0.771416ms)
✔ bounded rollback can discard cache and rebuild after deep reorg (0.511709ms)
✔ capacity failure is explicit and does not advance past missing events (0.289292ms)
✔ RPC failure preserves cached data and cursor (0.284041ms)
✔ malformed restored cache and concurrent sync are rejected (2.9545ms)
✔ paging a validated restored history does not reread historical event payloads (0.591333ms)
ℹ tests 13
ℹ suites 0
ℹ pass 13
ℹ fail 0
ℹ cancelled 0
ℹ skipped 0
ℹ todo 0
ℹ duration_ms 64.943042
