✔ SDK serialization decodes PolicyPublished to strict public schema (3.477917ms)
✔ SDK serialization decodes PostPublished to strict public schema (0.493083ms)
✔ SDK serialization decodes PostFlagged to strict public schema (0.283083ms)
✔ wallet-free source verifies network, reads checkpointed head and atomically drains cursor pages (3.962ms)
✔ same-tag pagination retains every event without duplicates (2.311917ms)
✔ decoder rejects wrong tag (0.376208ms)
✔ decoder rejects extra field (0.194209ms)
✔ decoder rejects wrong schema (0.216833ms)
✔ decoder rejects nonzero message padding (0.25675ms)
✔ decoder rejects oversized message length (0.255833ms)
✔ decoder rejects invalid UTF-8 (0.204667ms)
✔ decoder rejects zero post identity (0.211625ms)
✔ decoder rejects negative position (0.204458ms)
✔ wrong network refuses before reading events (0.818625ms)
✔ incomplete atomic range rejects {"maxPages":2} (0.868875ms)
✔ incomplete atomic range rejects {"maxEvents":2} (0.90175ms)
✔ nonadvancing server cursor rejects rather than skipping records (1.459625ms)
✔ reorg anchor rejection leaves range incomplete (0.493583ms)
✔ stalled RPC is bounded (7.306084ms)
✔ range bounds fail before RPC (0.492292ms)
✔ precomputed metadata loads raw JSON block data without hashing (0.5735ms)
✔ duplicated or missing precomputed tags fail closed (0.410542ms)
✔ decoder supports raw JSON RPC strings without SDK objects (0.149458ms)
✔ runtime source imports only local modules without SDK or proving assets (0.137875ms)
✔ independent tag queries overlap while retaining the aggregate page budget (0.922583ms)
✔ failed tag stream stops sibling pagination after already-issued reads (0.508042ms)
ℹ tests 26
ℹ suites 0
ℹ pass 26
ℹ fail 0
ℹ cancelled 0
ℹ skipped 0
ℹ todo 0
ℹ duration_ms 662.49825
