✔ full-history index refuses to checkpoint an omitted publication order (17.701375ms)
✔ an index starting from genesis refuses a nonzero first publication order (2.594458ms)
✔ orphaned flag disappears when its page is rolled back (7.459875ms)
✔ different payloads at one canonical event position never commit (2.191583ms)
✔ unavailable historical checkpoint preserves all cached events (3.014083ms)
✔ identical policy can be published repeatedly under the same content version (1.425875ms)
✔ conflicting text cannot reuse a policy content version (1.055292ms)
✔ post without its preceding policy publication cannot enter full-history cache (1.6425ms)
✔ sync deadline covers the aggregate RPC sequence, not each read independently (31.502333ms)
✔ connection reads pinned immutable slots at one block and matches both contract class IDs (215.721166ms)
✔ matching public slots cannot bypass a wrong currentContractClassId (15.859084ms)
✔ matching public slots cannot bypass a wrong originalContractClassId (49.422042ms)
✔ connection rejects conflicting immutable slot 1 (27.2175ms)
✔ connection rejects conflicting immutable slot 3 (15.123959ms)
✔ connection rejects conflicting immutable slot 4 (36.399541ms)
✔ connection rejects conflicting immutable slot 5 (26.449209ms)
✔ restored public cache rejects additional private payload fields (2.716625ms)
✔ policy A then B then A identifies A as the current restored policy (2.683875ms)
✔ restored range rejects duplicate identity disguised by transaction index (1.629292ms)
✔ SDK serialization decodes PolicyPublished to strict public schema (12.516875ms)
✔ SDK serialization decodes PostPublished to strict public schema (2.273416ms)
✔ SDK serialization decodes PostFlagged to strict public schema (1.283209ms)
✔ wallet-free source verifies network, reads checkpointed head and atomically drains cursor pages (14.121333ms)
✔ same-tag pagination retains every event without duplicates (10.697583ms)
✔ decoder rejects wrong tag (1.678666ms)
✔ decoder rejects extra field (1.041292ms)
✔ decoder rejects wrong schema (1.156208ms)
✔ decoder rejects nonzero message padding (1.297708ms)
✔ decoder rejects oversized message length (1.136709ms)
✔ decoder rejects invalid UTF-8 (0.760208ms)
✔ decoder rejects zero post identity (0.542209ms)
✔ decoder rejects negative position (1.128ms)
✔ wrong network refuses before reading events (2.005292ms)
✔ incomplete atomic range rejects {"maxPages":2} (2.845042ms)
✔ incomplete atomic range rejects {"maxEvents":2} (1.59325ms)
✔ nonadvancing server cursor rejects rather than skipping records (4.473334ms)
✔ reorg anchor rejection leaves range incomplete (3.421959ms)
✔ stalled RPC is bounded (15.437333ms)
✔ range bounds fail before RPC (1.940667ms)
✔ precomputed metadata loads raw JSON block data without hashing (3.211292ms)
✔ duplicated or missing precomputed tags fail closed (2.248042ms)
✔ decoder supports raw JSON RPC strings without SDK objects (0.801375ms)
✔ runtime source imports only local modules without SDK or proving assets (0.435042ms)
✔ sqlite atomic ranges, competing writers and snapshot rollback (110.606875ms)
✔ indexeddb atomic ranges, competing writers and snapshot rollback (42.081375ms)
✔ wallet-free cache resumes bounded pages without rescanning completed history (31.135208ms)
✔ snapshot pagination neither duplicates nor misses posts when newer ones arrive (6.421375ms)
✔ same-height reorg rolls back affected pages and invalidates pagination (7.760667ms)
✔ flag-only block updates a cached post without scanning its publication (6.530542ms)
✔ failed atomic persistence retains prior checkpoint and retries same page (7.87975ms)
✔ chain change during fetch never commits fetched events (1.820791ms)
✔ identical event duplicates deduplicate; conflicting payloads fail (3.395916ms)
✔ unexpected private fields, wrong scope and out-of-range results cannot enter cache (2.5475ms)
✔ bounded rollback can discard cache and rebuild after deep reorg (5.621292ms)
✔ capacity failure is explicit and does not advance past missing events (4.600542ms)
✔ RPC failure preserves cached data and cursor (2.51ms)
✔ malformed restored cache and concurrent sync are rejected (30.990291ms)
✔ paging a validated restored history does not reread persisted ranges (3.844667ms)
✔ one-event append after10000posts writes only new range and small head (1472.29375ms)
✔ failed atomic commit leaves storage and visible state unchanged (1.985917ms)
✔ competing writers cannot overwrite a committed head (4.999625ms)
✔ three-block rollback restores moved policies, posts and flags exactly (1.354042ms)
✔ page policy output is bounded by selected posts plus current policy (132.134666ms)
ℹ tests 63
ℹ suites 0
ℹ pass 63
ℹ fail 0
ℹ cancelled 0
ℹ skipped 0
ℹ todo 0
ℹ duration_ms 2001.551
