✔ SDK serialization decodes PolicyPublished to strict public schema (3.148334ms)
✔ SDK serialization decodes PostPublished to strict public schema (0.428875ms)
✔ SDK serialization decodes PostFlagged to strict public schema (0.256166ms)
✔ wallet-free source verifies network, reads checkpointed head and atomically drains cursor pages (2.949333ms)
✔ same-tag pagination retains every event without duplicates (1.858958ms)
✔ decoder rejects wrong tag (0.362459ms)
✔ decoder rejects extra field (0.185792ms)
✔ decoder rejects wrong schema (0.272958ms)
✔ decoder rejects nonzero message padding (0.23125ms)
✔ decoder rejects oversized message length (0.219167ms)
✔ decoder rejects invalid UTF-8 (0.210709ms)
✔ decoder rejects zero post identity (0.224416ms)
✔ decoder rejects negative position (0.237458ms)
✔ wrong network refuses before reading events (0.305875ms)
✔ incomplete atomic range rejects {"maxPages":2} (0.5795ms)
✔ incomplete atomic range rejects {"maxEvents":2} (0.56325ms)
✔ nonadvancing server cursor rejects rather than skipping records (0.811625ms)
✔ reorg anchor rejection leaves range incomplete (0.3545ms)
✔ stalled RPC is bounded (6.726ms)
✔ range bounds fail before RPC (0.363042ms)
✔ precomputed metadata loads raw JSON block data without hashing (0.580417ms)
✔ duplicated or missing precomputed tags fail closed (0.40875ms)
✔ decoder supports raw JSON RPC strings without SDK objects (0.154875ms)
✔ runtime source imports only local modules without SDK or proving assets (0.153541ms)
✔ independent tag queries overlap while retaining the aggregate page budget (0.821292ms)
✔ failed tag stream stops sibling pagination after already-issued reads (0.477125ms)
ℹ tests 26
ℹ suites 0
ℹ pass 26
ℹ fail 0
ℹ cancelled 0
ℹ skipped 0
ℹ todo 0
ℹ duration_ms 369.063125
