✔ full-history index refuses to checkpoint an omitted publication order (3.931792ms)
✔ an index starting from genesis refuses a nonzero first publication order (0.467041ms)
✔ orphaned flag disappears when its page is rolled back (0.927209ms)
✔ different payloads at one canonical event position never commit (0.197875ms)
✔ unavailable historical checkpoint preserves all cached events (0.302083ms)
✔ identical policy can be published repeatedly under the same content version (0.257667ms)
✔ conflicting text cannot reuse a policy content version (0.261333ms)
✔ post without its preceding policy publication cannot enter full-history cache (0.283625ms)
✔ sync deadline covers the aggregate RPC sequence, not each read independently (30.805459ms)
✔ connection reads pinned immutable slots at one block and matches both contract class IDs (28.896292ms)
✔ matching public slots cannot bypass a wrong currentContractClassId (4.848084ms)
✔ matching public slots cannot bypass a wrong originalContractClassId (7.899625ms)
✔ connection rejects conflicting immutable slot 1 (5.352667ms)
✔ connection rejects conflicting immutable slot 3 (6.671208ms)
✔ connection rejects conflicting immutable slot 4 (5.26475ms)
✔ connection rejects conflicting immutable slot 5 (7.283083ms)
✔ restored public cache rejects additional private payload fields (0.531458ms)
✔ policy A then B then A identifies A as the current restored policy (0.281958ms)
✔ restored range rejects duplicate identity disguised by transaction index (0.245792ms)
✔ SDK serialization decodes PolicyPublished to strict public schema (2.670792ms)
✔ SDK serialization decodes PostPublished to strict public schema (0.369209ms)
✔ SDK serialization decodes PostFlagged to strict public schema (0.216459ms)
✔ wallet-free source verifies network, reads checkpointed head and atomically drains cursor pages (2.438ms)
✔ same-tag pagination retains every event without duplicates (2.351917ms)
✔ decoder rejects wrong tag (0.32975ms)
✔ decoder rejects extra field (0.140292ms)
✔ decoder rejects wrong schema (0.158167ms)
✔ decoder rejects nonzero message padding (0.184875ms)
✔ decoder rejects oversized message length (0.173875ms)
✔ decoder rejects invalid UTF-8 (0.161042ms)
✔ decoder rejects zero post identity (0.239042ms)
✔ decoder rejects negative position (0.2475ms)
✔ wrong network refuses before reading events (0.350333ms)
✔ incomplete atomic range rejects {"maxPages":2} (0.546ms)
✔ incomplete atomic range rejects {"maxEvents":2} (0.579375ms)
✔ nonadvancing server cursor rejects rather than skipping records (0.871833ms)
✔ reorg anchor rejection leaves range incomplete (0.457625ms)
✔ stalled RPC is bounded (6.2105ms)
✔ range bounds fail before RPC (0.652667ms)
✔ precomputed metadata loads raw JSON block data without hashing (0.620917ms)
✔ duplicated or missing precomputed tags fail closed (0.478458ms)
✔ decoder supports raw JSON RPC strings without SDK objects (0.163667ms)
✔ runtime source imports only local modules without SDK or proving assets (0.251458ms)
✔ independent tag queries overlap while retaining the aggregate page budget (1.803125ms)
✔ sqlite atomic ranges, competing writers and snapshot rollback (13.88225ms)
✔ indexeddb atomic ranges, competing writers and snapshot rollback (6.195625ms)
✔ wallet-free cache resumes bounded pages without rescanning completed history (7.099833ms)
✔ snapshot pagination neither duplicates nor misses posts when newer ones arrive (0.948041ms)
✔ same-height reorg rolls back affected pages and invalidates pagination (0.90225ms)
✔ flag-only block updates a cached post without scanning its publication (0.486583ms)
✔ failed atomic persistence retains prior checkpoint and retries same page (1.163458ms)
✔ chain change during fetch never commits fetched events (0.396708ms)
✔ identical event duplicates deduplicate; conflicting payloads fail (0.81975ms)
✔ unexpected private fields, wrong scope and out-of-range results cannot enter cache (0.301375ms)
✔ bounded rollback can discard cache and rebuild after deep reorg (0.482541ms)
✔ capacity failure is explicit and does not advance past missing events (0.317917ms)
✔ RPC failure preserves cached data and cursor (0.239583ms)
✔ malformed restored cache and concurrent sync are rejected (2.975833ms)
✔ paging a validated restored history does not reread persisted ranges (0.509167ms)
✔ one-event append after10000posts writes only new range and small head (307.982583ms)
✔ failed atomic commit leaves storage and visible state unchanged (0.551417ms)
✔ competing writers cannot overwrite a committed head (0.885667ms)
✔ three-block rollback restores moved policies, posts and flags exactly (0.608333ms)
✔ page policy output is bounded by selected posts plus current policy (26.178917ms)
✔ occupied block checks overlap in batches of at most eight (1.17475ms)
ℹ tests 65
ℹ suites 0
ℹ pass 65
ℹ fail 0
ℹ cancelled 0
ℹ skipped 0
ℹ todo 0
ℹ duration_ms 656.597792
