{"passed":true,"actualBuiltBrowser":true,"walletFree":true,"publicBundleBytes":23976,"paginatedPosts":55,"reloadNoLogRescan":true,"actualCliWithoutWallet":true,"noProvingAssetRequests":true,"publicOnlyDatabase":true,"escapedContent":true,"controlledRpc":true,"mobileViewport":{"width":390,"height":844},"flaggedDisclosure":true,"longContentNoHorizontalOverflow":true}
✔ scripts/test-public-feed-browser.mjs (1570.575125ms)
✔ full-history index refuses to checkpoint an omitted publication order (3.3635ms)
✔ an index starting from genesis refuses a nonzero first publication order (0.331833ms)
✔ orphaned flag disappears when its page is rolled back (0.753708ms)
✔ different payloads at one canonical event position never commit (0.191792ms)
✔ unavailable historical checkpoint preserves all cached events (0.255125ms)
✔ identical policy can be published repeatedly under the same content version (0.25775ms)
✔ conflicting text cannot reuse a policy content version (0.261875ms)
✔ post without its preceding policy publication cannot enter full-history cache (0.266125ms)
✔ sync deadline covers the aggregate RPC sequence, not each read independently (31.178083ms)
✔ connection reads pinned immutable slots at one block and matches both contract class IDs (23.512ms)
✔ matching public slots cannot bypass a wrong currentContractClassId (5.861125ms)
✔ matching public slots cannot bypass a wrong originalContractClassId (8.541875ms)
✔ connection rejects conflicting immutable slot 1 (5.430334ms)
✔ connection rejects conflicting immutable slot 3 (6.379333ms)
✔ connection rejects conflicting immutable slot 4 (7.6015ms)
✔ connection rejects conflicting immutable slot 5 (5.687542ms)
✔ restored public cache rejects additional private payload fields (0.708625ms)
✔ policy A then B then A identifies A as the current restored policy (0.371208ms)
✔ rejected http-error response cancels its unread body (19.003916ms)
✔ rejected oversized response cancels its unread body (5.237583ms)
✔ SDK serialization decodes PolicyPublished to strict public schema (3.001ms)
✔ SDK serialization decodes PostPublished to strict public schema (0.450375ms)
✔ SDK serialization decodes PostFlagged to strict public schema (0.532542ms)
✔ wallet-free source verifies network, reads checkpointed head and atomically drains cursor pages (4.31ms)
✔ same-tag pagination retains every event without duplicates (1.976083ms)
✔ decoder rejects wrong tag (0.419792ms)
✔ decoder rejects extra field (0.159792ms)
✔ decoder rejects wrong schema (0.190084ms)
✔ decoder rejects nonzero message padding (0.242292ms)
✔ decoder rejects oversized message length (0.220625ms)
✔ decoder rejects invalid UTF-8 (0.210167ms)
✔ decoder rejects zero post identity (0.249959ms)
✔ decoder rejects negative position (0.209333ms)
✔ wrong network refuses before reading events (0.363916ms)
✔ incomplete atomic range rejects {"maxPages":2} (1.250916ms)
✔ incomplete atomic range rejects {"maxEvents":2} (1.063959ms)
✔ nonadvancing server cursor rejects rather than skipping records (0.597375ms)
✔ reorg anchor rejection leaves range incomplete (0.357542ms)
✔ stalled RPC is bounded (4.940375ms)
✔ range bounds fail before RPC (0.702375ms)
✔ precomputed metadata loads raw JSON block data without hashing (0.918792ms)
✔ duplicated or missing precomputed tags fail closed (0.721166ms)
✔ decoder supports raw JSON RPC strings without SDK objects (0.217958ms)
✔ runtime source imports only local modules without SDK or proving assets (0.175708ms)
✔ wallet-free cache resumes bounded pages without rescanning completed history (4.4895ms)
✔ snapshot pagination neither duplicates nor misses posts when newer ones arrive (1.250417ms)
✔ same-height reorg rolls back affected pages and invalidates pagination (1.387333ms)
✔ flag-only block updates a cached post without scanning its publication (0.698167ms)
✔ failed atomic persistence retains prior checkpoint and retries same page (1.530542ms)
✔ chain change during fetch never commits fetched events (0.218208ms)
✔ identical event duplicates deduplicate; conflicting payloads fail (0.358042ms)
✔ unexpected private fields, wrong scope and out-of-range results cannot enter cache (0.311584ms)
✔ bounded rollback can discard cache and rebuild after deep reorg (0.4575ms)
✔ capacity failure is explicit and does not advance past missing events (0.283792ms)
✔ RPC failure preserves cached data and cursor (0.36675ms)
✔ malformed restored cache and concurrent sync are rejected (2.938583ms)
✔ paging a validated restored history does not reread historical event payloads (1.077041ms)
ℹ tests 58
ℹ suites 0
ℹ pass 58
ℹ fail 0
ℹ cancelled 0
ℹ skipped 0
ℹ todo 0
ℹ duration_ms 1575.628875
