✔ one owner preserves child outcome and verifies cleanup (52.722166ms)
✔ failed child is reported and does not lose its result during cleanup (47.939125ms)
✔ deadline terminates and reaps a real hanging process (278.274958ms)
✔ malformed worker output is a harness failure, not discarded (46.281875ms)
✔ cleanup failure preserves the completed command and fails overall (22.4105ms)
✔ scenario selection is explicit and has no legacy/default route (0.729166ms)
✔ first malformed record prevents subsequent stage callbacks (49.484625ms)
✔ peak memory retains only process identity and measured RSS (0.517167ms)
ℹ tests 8
ℹ suites 0
ℹ pass 8
ℹ fail 0
ℹ cancelled 0
ℹ skipped 0
ℹ todo 0
ℹ duration_ms 536.007584
✔ actual descendant accounting includes memory in a child-created process group and cleans it (240.183583ms)
✔ remembered descendant identity survives parent exit and remains counted and terminated (250.814708ms)
✔ snapshot failure after freezing cannot leave actual owned children stopped (120.559208ms)
✔ malformed process snapshots fail on the first read (0.254167ms)
✔ interrupted process snapshot is reported without retry (0.091875ms)
ℹ tests 5
ℹ suites 0
ℹ pass 5
ℹ fail 0
ℹ cancelled 0
ℹ skipped 0
ℹ todo 0
ℹ duration_ms 648.396708
✔ private prover profile defaults to one and explicitly supports two (0.600167ms)
✔ invalid counts and relative directories fail before singleton initialization (0.767167ms)
✔ scenario resource choices retain established native budgets (0.426917ms)
✔ local timing has an SDK-valid build window and Inbox readiness headroom (96.348208ms)
ℹ tests 4
ℹ suites 0
ℹ pass 4
ℹ fail 0
ℹ cancelled 0
ℹ skipped 0
ℹ todo 0
ℹ duration_ms 163.610375
✔ private fee proof preserves payment options, gas and owner context (0.75725ms)
✔ actual proven author payer rejects despite privatePayer preparation (0.391333ms)
✔ private fee route rejects a wrong account or exposed author payer (0.419125ms)
✔ payer mode is required and never inferred from an available callback (0.459792ms)
✔ explicit genesis fixture uses only the account payer (0.084958ms)
ℹ tests 5
ℹ suites 0
ℹ pass 5
ℹ fail 0
ℹ cancelled 0
ℹ skipped 0
ℹ todo 0
ℹ duration_ms 198.301166
✔ official RPC schema reaches original node and captures exactly accepted transactions (127.621667ms)
✔ official client simultaneous reads cross the RPC adapter as a batch (5.551084ms)
✔ failed send is not accepted, and close disposes a hanging real HTTP request (29.246584ms)
✔ command parser keeps exact public hashes and fixed markers only (0.553958ms)
✔ actual child process runner preserves literal arguments, isolated env and fixed output (31.870834ms)
✔ timeout and excess output terminate owned child groups (130.450166ms)
✔ known command stages and failure codes retain no arbitrary output (0.165875ms)
✔ confirmed journal receipt keeps only its exact hash (0.081459ms)
ℹ tests 8
ℹ suites 0
ℹ pass 8
ℹ fail 0
ℹ cancelled 0
ℹ skipped 0
ℹ todo 0
ℹ duration_ms 869.077292
✔ rendezvous accepts only fixed stages and bounded unique public transaction identifiers (4.725792ms)
✔ atomic rendezvous cannot overwrite a prior stage or accept an unverified release (4.5085ms)
✔ missing release respects remaining parent budget (0.386917ms)
✔ canonical exit rejects wrong leaf, duplicate leaf, wrong nullifier and ineligible anchor (164.311583ms)
✔ aborted lifecycle terminates a rendezvous even with a clamped legacy time callback (104.765959ms)
✔ browser modes roundtrip strictly across the real handoff boundary (8.951833ms)
✔ journey diagnostic outputs fixed milestones and allowlisted exception only (0.231875ms)
✔ actual browser journey stops after one deposit action when claim reports an error (0.244333ms)
✔ partial canonical progress is ordered, bounded, public-only and copied (0.339542ms)
✔ non-Chromium lifecycle scenarios retain one explicit engine and existing bounds (0.45925ms)
✔ cold funding driver never claims or deposits again after a failed deposit (1.44575ms)
✔ handoff accepts actual SDK whole-token formatting and rejects invalid amounts (0.672ms)
ℹ tests 12
ℹ suites 0
ℹ pass 12
ℹ fail 0
ℹ cancelled 0
ℹ skipped 0
ℹ todo 0
ℹ duration_ms 357.51975
✔ warm sample cannot reuse cold proof intervals, but initialization remains distinct (1.173416ms)
✔ pending or duplicate proof intervals cannot masquerade as a completed sample (0.495ms)
ℹ tests 2
ℹ suites 0
ℹ pass 2
ℹ fail 0
ℹ cancelled 0
ℹ skipped 0
ℹ todo 0
ℹ duration_ms 39.700458
✔ portable error observer preserves formatter behavior and exports only bounded safe fields (1.565583ms)
✔ common formatter captures fee-page coordinates and preserves its result (0.160833ms)
ℹ tests 2
ℹ suites 0
ℹ pass 2
ℹ fail 0
ℹ cancelled 0
ℹ skipped 0
ℹ todo 0
ℹ duration_ms 36.887125
✔ actual control flow posts once, restarts once, restores identity and invokes only recovery (100.820042ms)
✔ schema-v2 backup is rejected before post even when its stale journal list is empty (143.600541ms)
✔ stale acceptance file and expired deadline cannot restart or post (96.803292ms)
✔ acceptance requires exact schema, actual acceptance and exactly one send (2.594042ms)
✔ restart must close prior browser and retain profile/origin before reimport (96.276625ms)
✔ late physical closure cannot count as crash before automatic reconciliation (96.840375ms)
✔ recent acceptance cannot hide a submission request already older than the crash bound (97.076083ms)
✔ withdrawal recovers once then reconnects Ethereum to display pending refund without submitting it (96.153125ms)
✔ unknown recovery action is rejected before interacting with the page (47.940292ms)
ℹ tests 9
ℹ suites 0
ℹ pass 9
ℹ fail 0
ℹ cancelled 0
ℹ skipped 0
ℹ todo 0
ℹ duration_ms 818.03275
