
> test:harness
> node scripts/test-harness.mjs harness

✔ one owner preserves child outcome and verifies cleanup (50.452041ms)
✔ failed child is reported and does not lose its result during cleanup (47.450042ms)
✔ deadline terminates and reaps a real hanging process (282.797416ms)
✔ malformed worker output is a harness failure, not discarded (50.089375ms)
✔ cleanup failure preserves the completed command and fails overall (23.550375ms)
✔ scenario selection is explicit and has no legacy/default route (0.678417ms)
✔ first malformed record prevents subsequent stage callbacks (48.460667ms)
✔ peak memory retains only process identity and measured RSS (0.37475ms)
ℹ tests 8
ℹ suites 0
ℹ pass 8
ℹ fail 0
ℹ cancelled 0
ℹ skipped 0
ℹ todo 0
ℹ duration_ms 542.57125
✔ actual descendant accounting includes memory in a child-created process group and cleans it (246.054584ms)
✔ remembered descendant identity survives parent exit and remains counted and terminated (144.144875ms)
✔ snapshot failure after freezing cannot leave actual owned children stopped (118.666667ms)
✔ malformed process snapshots fail on the first read (0.25875ms)
✔ interrupted process snapshot is reported without retry (0.100167ms)
ℹ tests 5
ℹ suites 0
ℹ pass 5
ℹ fail 0
ℹ cancelled 0
ℹ skipped 0
ℹ todo 0
ℹ duration_ms 546.761625
✔ private prover profile defaults to one and explicitly supports two (0.614583ms)
✔ invalid counts and relative directories fail before singleton initialization (0.84975ms)
✔ scenario resource choices retain established native budgets (0.47125ms)
✔ local timing has an SDK-valid build window and Inbox readiness headroom (64.837583ms)
ℹ tests 4
ℹ suites 0
ℹ pass 4
ℹ fail 0
ℹ cancelled 0
ℹ skipped 0
ℹ todo 0
ℹ duration_ms 132.047792
✔ private fee proof preserves payment options, gas and owner context (0.763666ms)
✔ actual proven author payer rejects despite privatePayer preparation (0.409584ms)
✔ private fee route rejects a wrong account or exposed author payer (0.150833ms)
✔ payer mode is required and never inferred from an available callback (0.410125ms)
✔ explicit genesis fixture uses only the account payer (0.081125ms)
ℹ tests 5
ℹ suites 0
ℹ pass 5
ℹ fail 0
ℹ cancelled 0
ℹ skipped 0
ℹ todo 0
ℹ duration_ms 186.031542
✔ official RPC schema reaches original node and captures exactly accepted transactions (132.574084ms)
✔ official client simultaneous reads cross the RPC adapter as a batch (5.151167ms)
✔ failed send is not accepted, and close disposes a hanging real HTTP request (28.047209ms)
✔ command parser keeps exact public hashes and fixed markers only (0.577292ms)
✔ actual child process runner preserves literal arguments, isolated env and fixed output (34.008125ms)
✔ timeout and excess output terminate owned child groups (134.339083ms)
✔ known command stages and failure codes retain no arbitrary output (0.243792ms)
✔ confirmed journal receipt keeps only its exact hash (0.115667ms)
ℹ tests 8
ℹ suites 0
ℹ pass 8
ℹ fail 0
ℹ cancelled 0
ℹ skipped 0
ℹ todo 0
ℹ duration_ms 793.577417
✔ rendezvous accepts only fixed stages and bounded unique public transaction identifiers (3.771542ms)
✔ atomic rendezvous cannot overwrite a prior stage or accept an unverified release (4.584083ms)
✔ missing release respects remaining parent budget (0.490625ms)
✔ canonical exit rejects wrong leaf, duplicate leaf, wrong nullifier and ineligible anchor (164.6915ms)
✔ aborted lifecycle terminates a rendezvous even with a clamped legacy time callback (105.071708ms)
✔ browser modes roundtrip strictly across the real handoff boundary (6.713208ms)
✔ journey diagnostic outputs fixed milestones and allowlisted exception only (0.2395ms)
✔ actual browser journey stops after one deposit action when claim reports an error (0.235792ms)
✔ partial canonical progress is ordered, bounded, public-only and copied (0.371ms)
✔ non-Chromium lifecycle scenarios retain one explicit engine and existing bounds (0.587834ms)
✔ cold funding driver never claims or deposits again after a failed deposit (0.607875ms)
✔ handoff accepts actual SDK whole-token formatting and rejects invalid amounts (0.703583ms)
ℹ tests 12
ℹ suites 0
ℹ pass 12
ℹ fail 0
ℹ cancelled 0
ℹ skipped 0
ℹ todo 0
ℹ duration_ms 359.423875
✔ portable error observer preserves formatter behavior and exports only bounded safe fields (1.594792ms)
✔ fee formatter observation is explicit and preserves its result (0.243875ms)
ℹ tests 2
ℹ suites 0
ℹ pass 2
ℹ fail 0
ℹ cancelled 0
ℹ skipped 0
ℹ todo 0
ℹ duration_ms 41.019542
✔ actual control flow posts once, restarts once, restores identity and invokes only recovery (104.988167ms)
✔ schema-v2 backup is rejected before post even when its stale journal list is empty (151.269667ms)
✔ stale acceptance file and expired deadline cannot restart or post (101.875583ms)
✔ acceptance requires exact schema, actual acceptance and exactly one send (2.683292ms)
✔ restart must close prior browser and retain profile/origin before reimport (100.453875ms)
✔ late physical closure cannot count as crash before automatic reconciliation (100.908625ms)
✔ recent acceptance cannot hide a submission request already older than the crash bound (101.5055ms)
ℹ tests 7
ℹ suites 0
ℹ pass 7
ℹ fail 0
ℹ cancelled 0
ℹ skipped 0
ℹ todo 0
ℹ duration_ms 706.741209
