
> test:harness
> node scripts/test-harness.mjs harness

✔ one owner preserves child outcome and verifies cleanup (52.478041ms)
✔ failed child is reported and does not lose its result during cleanup (47.94175ms)
✔ deadline terminates and reaps a real hanging process (291.779917ms)
✔ malformed worker output is a harness failure, not discarded (54.503125ms)
✔ cleanup failure preserves the completed command and fails overall (21.681125ms)
✔ scenario selection is explicit and has no legacy/default route (0.6505ms)
✔ first malformed record prevents subsequent stage callbacks (47.678375ms)
✔ peak memory retains only process identity and measured RSS (0.353834ms)
ℹ tests 8
ℹ suites 0
ℹ pass 8
ℹ fail 0
ℹ cancelled 0
ℹ skipped 0
ℹ todo 0
ℹ duration_ms 553.803792
✔ actual descendant accounting includes memory in a child-created process group and cleans it (122.538333ms)
✔ remembered descendant identity survives parent exit and remains counted and terminated (130.438958ms)
✔ snapshot failure after freezing cannot leave actual owned children stopped (120.933334ms)
✔ malformed process snapshots fail on the first read (0.252875ms)
✔ interrupted process snapshot is reported without retry (0.09175ms)
ℹ tests 5
ℹ suites 0
ℹ pass 5
ℹ fail 0
ℹ cancelled 0
ℹ skipped 0
ℹ todo 0
ℹ duration_ms 409.40875
✔ private prover profile defaults to one and explicitly supports two (0.686041ms)
✔ invalid counts and relative directories fail before singleton initialization (0.74575ms)
✔ scenario resource choices retain established native budgets (0.526334ms)
✔ local timing has an SDK-valid build window and Inbox readiness headroom (127.260167ms)
ℹ tests 4
ℹ suites 0
ℹ pass 4
ℹ fail 0
ℹ cancelled 0
ℹ skipped 0
ℹ todo 0
ℹ duration_ms 197.533083
✔ private fee proof preserves payment options, gas and owner context (0.700334ms)
✔ actual proven author payer rejects despite privatePayer preparation (0.355042ms)
✔ private fee route rejects a wrong account or exposed author payer (0.131166ms)
✔ payer mode is required and never inferred from an available callback (0.35725ms)
✔ explicit genesis fixture uses only the account payer (0.071958ms)
ℹ tests 5
ℹ suites 0
ℹ pass 5
ℹ fail 0
ℹ cancelled 0
ℹ skipped 0
ℹ todo 0
ℹ duration_ms 219.115167
✔ official RPC schema reaches original node and captures exactly accepted transactions (121.121875ms)
✔ official client simultaneous reads cross the RPC adapter as a batch (5.315916ms)
✔ failed send is not accepted, and close disposes a hanging real HTTP request (29.808458ms)
✔ command parser keeps exact public hashes and fixed markers only (0.5925ms)
✔ actual child process runner preserves literal arguments, isolated env and fixed output (34.370167ms)
✔ timeout and excess output terminate owned child groups (134.34825ms)
✔ known command stages and failure codes retain no arbitrary output (0.206584ms)
✔ confirmed journal receipt keeps only its exact hash (0.087083ms)
ℹ tests 8
ℹ suites 0
ℹ pass 8
ℹ fail 0
ℹ cancelled 0
ℹ skipped 0
ℹ todo 0
ℹ duration_ms 864.892708
✔ rendezvous accepts only fixed stages and bounded unique public transaction identifiers (4.872875ms)
✔ atomic rendezvous cannot overwrite a prior stage or accept an unverified release (4.33875ms)
✔ missing release respects remaining parent budget (0.389917ms)
✔ canonical exit rejects wrong leaf, duplicate leaf, wrong nullifier and ineligible anchor (164.1965ms)
✔ aborted lifecycle terminates a rendezvous even with a clamped legacy time callback (103.487417ms)
✔ actual shared producer builder roundtrips all seven explicit browser scenarios (7.778958ms)
✔ journey diagnostic outputs fixed milestones and allowlisted exception only (0.32075ms)
✔ actual browser journey stops after one deposit action when claim reports an error (0.281667ms)
✔ partial canonical progress is ordered, bounded, public-only and copied (0.468167ms)
✔ non-Chromium lifecycle scenarios retain one explicit engine and existing bounds (0.562916ms)
ℹ tests 10
ℹ suites 0
ℹ pass 10
ℹ fail 0
ℹ cancelled 0
ℹ skipped 0
ℹ todo 0
ℹ duration_ms 362.450791
✔ portable error observer preserves formatter behavior and exports only bounded safe fields (1.531416ms)
ℹ tests 1
ℹ suites 0
ℹ pass 1
ℹ fail 0
ℹ cancelled 0
ℹ skipped 0
ℹ todo 0
ℹ duration_ms 38.350833
✔ actual control flow posts once, restarts once, restores identity and invokes only recovery (100.463292ms)
✔ schema-v2 backup is rejected before post even when its stale journal list is empty (142.625625ms)
✔ stale acceptance file and expired deadline cannot restart or post (95.9205ms)
✔ acceptance requires exact schema, actual acceptance and exactly one send (2.591708ms)
✔ restart must close prior browser and retain profile/origin before reimport (95.909083ms)
✔ late physical closure cannot count as crash before automatic reconciliation (95.917875ms)
✔ recent acceptance cannot hide a submission request already older than the crash bound (95.846333ms)
ℹ tests 7
ℹ suites 0
ℹ pass 7
ℹ fail 0
ℹ cancelled 0
ℹ skipped 0
ℹ todo 0
ℹ duration_ms 667.340375
