
> test:harness
> node scripts/test-harness.mjs harness

✔ one owner preserves child outcome and verifies cleanup (88.241959ms)
✔ failed child is reported and does not lose its result during cleanup (75.991625ms)
✔ deadline terminates and reaps a real hanging process (300.879041ms)
✔ malformed worker output is a harness failure, not discarded (79.58975ms)
✔ cleanup failure preserves the completed command and fails overall (34.917875ms)
✔ scenario selection is explicit and has no legacy/default route (0.980375ms)
✔ first malformed record prevents subsequent stage callbacks (80.559916ms)
✔ peak memory retains only process identity and measured RSS (0.528708ms)
ℹ tests 8
ℹ suites 0
ℹ pass 8
ℹ fail 0
ℹ cancelled 0
ℹ skipped 0
ℹ todo 0
ℹ duration_ms 718.953709
✔ actual descendant accounting includes memory in a child-created process group and cleans it (326.691417ms)
✔ remembered descendant identity survives parent exit and remains counted and terminated (211.571875ms)
✔ snapshot failure after freezing cannot leave actual owned children stopped (187.511833ms)
✔ malformed process snapshots fail on the first read (0.334541ms)
✔ interrupted process snapshot is reported without retry (0.132459ms)
ℹ tests 5
ℹ suites 0
ℹ pass 5
ℹ fail 0
ℹ cancelled 0
ℹ skipped 0
ℹ todo 0
ℹ duration_ms 780.083333
✔ private prover profile defaults to one and explicitly supports two (0.906792ms)
✔ invalid counts and relative directories fail before singleton initialization (1.185834ms)
✔ scenario resource choices retain established native budgets (0.689042ms)
✔ local timing has an SDK-valid build window and Inbox readiness headroom (167.339125ms)
ℹ tests 4
ℹ suites 0
ℹ pass 4
ℹ fail 0
ℹ cancelled 0
ℹ skipped 0
ℹ todo 0
ℹ duration_ms 278.092333
✔ private fee proof preserves payment options, gas and owner context (1.142459ms)
✔ actual proven author payer rejects despite privatePayer preparation (0.583166ms)
✔ private fee route rejects a wrong account or exposed author payer (0.511084ms)
✔ payer mode is required and never inferred from an available callback (0.669667ms)
✔ explicit genesis fixture uses only the account payer (0.133208ms)
ℹ tests 5
ℹ suites 0
ℹ pass 5
ℹ fail 0
ℹ cancelled 0
ℹ skipped 0
ℹ todo 0
ℹ duration_ms 305.266709
✔ official RPC schema reaches original node and captures exactly accepted transactions (216.161208ms)
✔ official client simultaneous reads cross the RPC adapter as a batch (6.060875ms)
✔ failed send is not accepted, and close disposes a hanging real HTTP request (33.484333ms)
✔ command parser keeps exact public hashes and fixed markers only (0.739208ms)
✔ actual child process runner preserves literal arguments, isolated env and fixed output (49.374292ms)
✔ timeout and excess output terminate owned child groups (151.914917ms)
✔ known command stages and failure codes retain no arbitrary output (0.273708ms)
✔ confirmed journal receipt keeps only its exact hash (0.141084ms)
ℹ tests 8
ℹ suites 0
ℹ pass 8
ℹ fail 0
ℹ cancelled 0
ℹ skipped 0
ℹ todo 0
ℹ duration_ms 1539.336709
✔ rendezvous accepts only fixed stages and bounded unique public transaction identifiers (6.47275ms)
✔ atomic rendezvous cannot overwrite a prior stage or accept an unverified release (6.339167ms)
✔ missing release respects remaining parent budget (0.61675ms)
✔ canonical exit rejects wrong leaf, duplicate leaf, wrong nullifier and ineligible anchor (249.432708ms)
✔ aborted lifecycle terminates a rendezvous even with a clamped legacy time callback (106.49975ms)
✔ actual shared producer builder roundtrips all seven explicit browser scenarios (8.085291ms)
✔ journey diagnostic outputs fixed milestones and allowlisted exception only (0.370708ms)
✔ actual browser journey stops after one deposit action when claim reports an error (0.526ms)
✔ partial canonical progress is ordered, bounded, public-only and copied (0.86525ms)
✔ non-Chromium lifecycle scenarios retain one explicit engine and existing bounds (0.863416ms)
ℹ tests 10
ℹ suites 0
ℹ pass 10
ℹ fail 0
ℹ cancelled 0
ℹ skipped 0
ℹ todo 0
ℹ duration_ms 479.660416
✔ portable error observer preserves formatter behavior and exports only bounded safe fields (2.467083ms)
ℹ tests 1
ℹ suites 0
ℹ pass 1
ℹ fail 0
ℹ cancelled 0
ℹ skipped 0
ℹ todo 0
ℹ duration_ms 54.924667
✔ actual control flow posts once, restarts once, restores identity and invokes only recovery (156.426875ms)
✔ schema-v2 backup is rejected before post even when its stale journal list is empty (222.572917ms)
✔ stale acceptance file and expired deadline cannot restart or post (148.945292ms)
✔ acceptance requires exact schema, actual acceptance and exactly one send (4.057834ms)
✔ restart must close prior browser and retain profile/origin before reimport (148.2915ms)
✔ late physical closure cannot count as crash before automatic reconciliation (148.2035ms)
✔ recent acceptance cannot hide a submission request already older than the crash bound (148.268417ms)
ℹ tests 7
ℹ suites 0
ℹ pass 7
ℹ fail 0
ℹ cancelled 0
ℹ skipped 0
ℹ todo 0
ℹ duration_ms 1035.907417
