
> test:harness
> node scripts/test-harness.mjs harness

✔ one owner preserves child outcome and verifies cleanup (62.970875ms)
✔ failed child is reported and does not lose its result during cleanup (56.23ms)
✔ deadline terminates and reaps a real hanging process (298.629458ms)
✔ malformed worker output is a harness failure, not discarded (62.830541ms)
✔ cleanup failure preserves the completed command and fails overall (26.701708ms)
✔ scenario selection is explicit and has no legacy/default route (0.666583ms)
✔ first malformed record prevents subsequent stage callbacks (57.836958ms)
✔ peak memory retains only process identity and measured RSS (0.432875ms)
ℹ tests 8
ℹ suites 0
ℹ pass 8
ℹ fail 0
ℹ cancelled 0
ℹ skipped 0
ℹ todo 0
ℹ duration_ms 615.092916
✔ actual descendant accounting includes memory in a child-created process group and cleans it (148.156458ms)
✔ remembered descendant identity survives parent exit and remains counted and terminated (276.93525ms)
✔ snapshot failure after freezing cannot leave actual owned children stopped (140.615834ms)
✔ malformed process snapshots fail on the first read (0.292833ms)
✔ interrupted process snapshot is reported without retry (0.097042ms)
ℹ tests 5
ℹ suites 0
ℹ pass 5
ℹ fail 0
ℹ cancelled 0
ℹ skipped 0
ℹ todo 0
ℹ duration_ms 608.785166
✔ private prover profile defaults to one and explicitly supports two (0.628625ms)
✔ invalid counts and relative directories fail before singleton initialization (0.843958ms)
✔ scenario resource choices retain established native budgets (0.488542ms)
✔ local timing has an SDK-valid build window and Inbox readiness headroom (126.93575ms)
ℹ tests 4
ℹ suites 0
ℹ pass 4
ℹ fail 0
ℹ cancelled 0
ℹ skipped 0
ℹ todo 0
ℹ duration_ms 215.106292
✔ private fee proof preserves payment options, gas and owner context (0.757625ms)
✔ actual proven author payer rejects despite privatePayer preparation (0.387166ms)
✔ private fee route rejects a wrong account or exposed author payer (0.344167ms)
✔ payer mode is required and never inferred from an available callback (0.417666ms)
✔ explicit genesis fixture uses only the account payer (0.082958ms)
ℹ tests 5
ℹ suites 0
ℹ pass 5
ℹ fail 0
ℹ cancelled 0
ℹ skipped 0
ℹ todo 0
ℹ duration_ms 216.188125
✔ official RPC schema reaches original node and captures exactly accepted transactions (139.489709ms)
✔ official client simultaneous reads cross the RPC adapter as a batch (6.429958ms)
✔ failed send is not accepted, and close disposes a hanging real HTTP request (29.232292ms)
✔ command parser keeps exact public hashes and fixed markers only (0.729292ms)
✔ actual child process runner preserves literal arguments, isolated env and fixed output (38.209708ms)
✔ timeout and excess output terminate owned child groups (141.290958ms)
✔ known command stages and failure codes retain no arbitrary output (0.196083ms)
✔ confirmed journal receipt keeps only its exact hash (0.08775ms)
ℹ tests 8
ℹ suites 0
ℹ pass 8
ℹ fail 0
ℹ cancelled 0
ℹ skipped 0
ℹ todo 0
ℹ duration_ms 869.155375
✔ rendezvous accepts only fixed stages and bounded unique public transaction identifiers (5.659833ms)
✔ atomic rendezvous cannot overwrite a prior stage or accept an unverified release (4.526708ms)
✔ missing release respects remaining parent budget (0.384375ms)
✔ canonical exit rejects wrong leaf, duplicate leaf, wrong nullifier and ineligible anchor (190.237208ms)
✔ aborted lifecycle terminates a rendezvous even with a clamped legacy time callback (104.703792ms)
✔ browser modes roundtrip strictly across the real handoff boundary (11.163125ms)
✔ journey diagnostic outputs fixed milestones and allowlisted exception only (0.357542ms)
✔ actual browser journey stops after one deposit action when claim reports an error (0.339625ms)
✔ partial canonical progress is ordered, bounded, public-only and copied (0.510417ms)
✔ non-Chromium lifecycle scenarios retain one explicit engine and existing bounds (0.729708ms)
✔ cold funding driver never claims or deposits again after a failed deposit (1.6385ms)
✔ handoff accepts actual SDK whole-token formatting and rejects invalid amounts (0.990959ms)
ℹ tests 12
ℹ suites 0
ℹ pass 12
ℹ fail 0
ℹ cancelled 0
ℹ skipped 0
ℹ todo 0
ℹ duration_ms 399.545834
✔ portable error observer preserves formatter behavior and exports only bounded safe fields (1.828083ms)
✔ common formatter captures fee-page coordinates and preserves its result (0.147125ms)
ℹ tests 2
ℹ suites 0
ℹ pass 2
ℹ fail 0
ℹ cancelled 0
ℹ skipped 0
ℹ todo 0
ℹ duration_ms 43.729167
✔ actual control flow posts once, restarts once, restores identity and invokes only recovery (106.624375ms)
✔ schema-v2 backup is rejected before post even when its stale journal list is empty (151.539208ms)
✔ stale acceptance file and expired deadline cannot restart or post (102.884334ms)
✔ acceptance requires exact schema, actual acceptance and exactly one send (2.750959ms)
✔ restart must close prior browser and retain profile/origin before reimport (103.979375ms)
✔ late physical closure cannot count as crash before automatic reconciliation (105.208125ms)
✔ recent acceptance cannot hide a submission request already older than the crash bound (103.688459ms)
ℹ tests 7
ℹ suites 0
ℹ pass 7
ℹ fail 0
ℹ cancelled 0
ℹ skipped 0
ℹ todo 0
ℹ duration_ms 722.059084
