✔ one owner preserves child outcome and verifies cleanup (54.022667ms)
✔ failed child is reported and does not lose its result during cleanup (46.723667ms)
✔ deadline terminates and reaps a real hanging process (287.429542ms)
✔ malformed worker output is a harness failure, not discarded (48.935375ms)
✔ cleanup failure preserves the completed command and fails overall (23.677708ms)
✔ scenario selection is explicit and has no legacy/default route (0.724417ms)
✔ first malformed record prevents subsequent stage callbacks (48.414333ms)
✔ peak memory retains only process identity and measured RSS (0.367042ms)
ℹ tests 8
ℹ suites 0
ℹ pass 8
ℹ fail 0
ℹ cancelled 0
ℹ skipped 0
ℹ todo 0
ℹ duration_ms 554.783833
✔ actual descendant accounting includes memory in a child-created process group and cleans it (238.498958ms)
✔ remembered descendant identity survives parent exit and remains counted and terminated (247.300125ms)
✔ snapshot failure after freezing cannot leave actual owned children stopped (115.072291ms)
✔ malformed process snapshots fail on the first read (0.257458ms)
✔ interrupted process snapshot is reported without retry (0.093875ms)
ℹ tests 5
ℹ suites 0
ℹ pass 5
ℹ fail 0
ℹ cancelled 0
ℹ skipped 0
ℹ todo 0
ℹ duration_ms 640.189958
✔ private prover profile defaults to one and explicitly supports two (0.625208ms)
✔ invalid counts and relative directories fail before singleton initialization (0.891625ms)
✔ scenario resource choices retain established native budgets (0.554333ms)
✔ local timing has an SDK-valid build window and Inbox readiness headroom (107.453541ms)
ℹ tests 4
ℹ suites 0
ℹ pass 4
ℹ fail 0
ℹ cancelled 0
ℹ skipped 0
ℹ todo 0
ℹ duration_ms 185.228458
✔ private fee proof preserves payment options, gas and owner context (0.781ms)
✔ actual proven author payer rejects despite privatePayer preparation (0.39675ms)
✔ private fee route rejects a wrong account or exposed author payer (0.162417ms)
✔ payer mode is required and never inferred from an available callback (0.394042ms)
✔ explicit genesis fixture uses only the account payer (0.077292ms)
ℹ tests 5
ℹ suites 0
ℹ pass 5
ℹ fail 0
ℹ cancelled 0
ℹ skipped 0
ℹ todo 0
ℹ duration_ms 199.961208
✔ official RPC schema reaches original node and captures exactly accepted transactions (133.219417ms)
✔ official client simultaneous reads cross the RPC adapter as a batch (5.202709ms)
✔ failed send is not accepted, and close disposes a hanging real HTTP request (30.077625ms)
✔ command parser keeps exact public hashes and fixed markers only (0.537042ms)
✔ actual child process runner preserves literal arguments, isolated env and fixed output (32.283875ms)
✔ timeout and excess output terminate owned child groups (134.524875ms)
✔ known command stages and failure codes retain no arbitrary output (0.181292ms)
✔ confirmed journal receipt keeps only its exact hash (0.081833ms)
ℹ tests 8
ℹ suites 0
ℹ pass 8
ℹ fail 0
ℹ cancelled 0
ℹ skipped 0
ℹ todo 0
ℹ duration_ms 842.4375
✔ rendezvous accepts only fixed stages and bounded unique public transaction identifiers (5.918833ms)
✔ atomic rendezvous cannot overwrite a prior stage or accept an unverified release (5.981917ms)
✔ missing release respects remaining parent budget (0.428292ms)
✔ canonical exit rejects wrong leaf, duplicate leaf, wrong nullifier and ineligible anchor (162.535ms)
✔ aborted lifecycle terminates a rendezvous even with a clamped legacy time callback (104.836916ms)
✔ browser modes roundtrip strictly across the real handoff boundary (11.98875ms)
✔ journey diagnostic outputs fixed milestones and allowlisted exception only (0.399333ms)
✔ actual browser journey stops after one deposit action when claim reports an error (0.319917ms)
✔ partial canonical progress is ordered, bounded, public-only and copied (0.453625ms)
✔ non-Chromium lifecycle scenarios retain one explicit engine and existing bounds (0.587125ms)
✔ cold funding driver never claims or deposits again after a failed deposit (1.819584ms)
✔ handoff accepts actual SDK whole-token formatting and rejects invalid amounts (0.875959ms)
ℹ tests 12
ℹ suites 0
ℹ pass 12
ℹ fail 0
ℹ cancelled 0
ℹ skipped 0
ℹ todo 0
ℹ duration_ms 367.534125
✔ warm sample cannot reuse cold proof intervals, but initialization remains distinct (1.219333ms)
✔ pending or duplicate proof intervals cannot masquerade as a completed sample (0.567042ms)
ℹ tests 2
ℹ suites 0
ℹ pass 2
ℹ fail 0
ℹ cancelled 0
ℹ skipped 0
ℹ todo 0
ℹ duration_ms 39.426208
✔ portable error observer preserves formatter behavior and exports only bounded safe fields (1.649333ms)
✔ common formatter captures fee-page coordinates and preserves its result (0.252625ms)
ℹ tests 2
ℹ suites 0
ℹ pass 2
ℹ fail 0
ℹ cancelled 0
ℹ skipped 0
ℹ todo 0
ℹ duration_ms 40.614666
✔ actual control flow posts once, restarts once, restores identity and invokes only recovery (102.238292ms)
✔ schema-v2 backup is rejected before post even when its stale journal list is empty (145.7145ms)
✔ stale acceptance file and expired deadline cannot restart or post (96.781458ms)
✔ acceptance requires exact schema, actual acceptance and exactly one send (2.701375ms)
✔ restart must close prior browser and retain profile/origin before reimport (96.774875ms)
✔ late physical closure cannot count as crash before automatic reconciliation (97.244417ms)
✔ recent acceptance cannot hide a submission request already older than the crash bound (96.551375ms)
✔ withdrawal recovers once then reconnects Ethereum to display pending refund without submitting it (97.243083ms)
✔ unknown recovery action is rejected before interacting with the page (48.314083ms)
ℹ tests 9
ℹ suites 0
ℹ pass 9
ℹ fail 0
ℹ cancelled 0
ℹ skipped 0
ℹ todo 0
ℹ duration_ms 825.194416
