✔ one owner preserves child outcome and verifies cleanup (66.589125ms)
✔ failed child is reported and does not lose its result during cleanup (57.164084ms)
✔ deadline terminates and reaps a real hanging process (289.261416ms)
✔ malformed worker output is a harness failure, not discarded (53.25475ms)
✔ cleanup failure preserves the completed command and fails overall (25.441875ms)
✔ scenario selection is explicit and has no legacy/default route (0.723541ms)
✔ first malformed record prevents subsequent stage callbacks (49.79925ms)
✔ peak memory retains only process identity and measured RSS (0.410083ms)
ℹ tests 8
ℹ suites 0
ℹ pass 8
ℹ fail 0
ℹ cancelled 0
ℹ skipped 0
ℹ todo 0
ℹ duration_ms 591.405791
✔ actual descendant accounting includes memory in a child-created process group and cleans it (256.00425ms)
✔ remembered descendant identity survives parent exit and remains counted and terminated (268.19ms)
✔ snapshot failure after freezing cannot leave actual owned children stopped (132.129958ms)
✔ malformed process snapshots fail on the first read (0.262125ms)
✔ interrupted process snapshot is reported without retry (0.097834ms)
ℹ tests 5
ℹ suites 0
ℹ pass 5
ℹ fail 0
ℹ cancelled 0
ℹ skipped 0
ℹ todo 0
ℹ duration_ms 696.336417
✔ private prover profile defaults to one and explicitly supports two (0.638125ms)
✔ invalid counts and relative directories fail before singleton initialization (0.855167ms)
✔ scenario resource choices retain established native budgets (0.51575ms)
✔ local timing has an SDK-valid build window and Inbox readiness headroom (137.007667ms)
ℹ tests 4
ℹ suites 0
ℹ pass 4
ℹ fail 0
ℹ cancelled 0
ℹ skipped 0
ℹ todo 0
ℹ duration_ms 218.229833
✔ private fee proof preserves payment options, gas and owner context (0.814458ms)
✔ actual proven author payer rejects despite privatePayer preparation (0.418833ms)
✔ private fee route rejects a wrong account or exposed author payer (0.15675ms)
✔ payer mode is required and never inferred from an available callback (0.406959ms)
✔ explicit genesis fixture uses only the account payer (0.08275ms)
ℹ tests 5
ℹ suites 0
ℹ pass 5
ℹ fail 0
ℹ cancelled 0
ℹ skipped 0
ℹ todo 0
ℹ duration_ms 219.519959
✔ official RPC schema reaches original node and captures exactly accepted transactions (140.538042ms)
✔ official client simultaneous reads cross the RPC adapter as a batch (5.535416ms)
✔ failed send is not accepted, and close disposes a hanging real HTTP request (29.516208ms)
✔ command parser keeps exact public hashes and fixed markers only (0.539084ms)
✔ actual child process runner preserves literal arguments, isolated env and fixed output (33.706375ms)
✔ timeout and excess output terminate owned child groups (138.088375ms)
✔ known command stages and failure codes retain no arbitrary output (0.230417ms)
✔ confirmed journal receipt keeps only its exact hash (0.129417ms)
ℹ tests 8
ℹ suites 0
ℹ pass 8
ℹ fail 0
ℹ cancelled 0
ℹ skipped 0
ℹ todo 0
ℹ duration_ms 896.835625
✔ rendezvous accepts only fixed stages and bounded unique public transaction identifiers (4.871625ms)
✔ atomic rendezvous cannot overwrite a prior stage or accept an unverified release (4.890334ms)
✔ missing release respects remaining parent budget (0.579583ms)
✔ canonical exit rejects wrong leaf, duplicate leaf, wrong nullifier and ineligible anchor (174.786125ms)
✔ aborted lifecycle terminates a rendezvous even with a clamped legacy time callback (104.625125ms)
✔ browser modes roundtrip strictly across the real handoff boundary (11.012167ms)
✔ journey diagnostic outputs fixed milestones and allowlisted exception only (0.261125ms)
✔ actual browser journey stops after one deposit action when claim reports an error (0.271625ms)
✔ partial canonical progress is ordered, bounded, public-only and copied (0.437167ms)
✔ non-Chromium lifecycle scenarios retain one explicit engine and existing bounds (0.548875ms)
✔ cold funding driver never claims or deposits again after a failed deposit (1.793667ms)
✔ handoff accepts actual SDK whole-token formatting and rejects invalid amounts (0.850459ms)
ℹ tests 12
ℹ suites 0
ℹ pass 12
ℹ fail 0
ℹ cancelled 0
ℹ skipped 0
ℹ todo 0
ℹ duration_ms 380.508708
✔ warm sample cannot reuse cold proof intervals, but initialization remains distinct (1.352583ms)
✔ pending or duplicate proof intervals cannot masquerade as a completed sample (0.583083ms)
ℹ tests 2
ℹ suites 0
ℹ pass 2
ℹ fail 0
ℹ cancelled 0
ℹ skipped 0
ℹ todo 0
ℹ duration_ms 45.499667
✔ portable error observer preserves formatter behavior and exports only bounded safe fields (1.444333ms)
✔ common formatter captures fee-page coordinates and preserves its result (0.130042ms)
ℹ tests 2
ℹ suites 0
ℹ pass 2
ℹ fail 0
ℹ cancelled 0
ℹ skipped 0
ℹ todo 0
ℹ duration_ms 37.528833
✔ actual control flow posts once, restarts once, restores identity and invokes only recovery (103.706541ms)
✔ schema-v2 backup is rejected before post even when its stale journal list is empty (146.306625ms)
✔ stale acceptance file and expired deadline cannot restart or post (98.82ms)
✔ acceptance requires exact schema, actual acceptance and exactly one send (2.92075ms)
✔ restart must close prior browser and retain profile/origin before reimport (96.9415ms)
✔ late physical closure cannot count as crash before automatic reconciliation (97.158666ms)
✔ recent acceptance cannot hide a submission request already older than the crash bound (96.751167ms)
✔ withdrawal recovers once then reconnects Ethereum to display pending refund without submitting it (98.327ms)
✔ unknown recovery action is rejected before interacting with the page (48.848667ms)
ℹ tests 9
ℹ suites 0
ℹ pass 9
ℹ fail 0
ℹ cancelled 0
ℹ skipped 0
ℹ todo 0
ℹ duration_ms 831.556667
