
> test:harness
> node scripts/test-harness.mjs harness

✔ one owner preserves child outcome and verifies cleanup (60.668542ms)
✔ failed child is reported and does not lose its result during cleanup (53.298917ms)
✔ deadline terminates and reaps a real hanging process (287.887959ms)
✔ malformed worker output is a harness failure, not discarded (57.192584ms)
✔ cleanup failure preserves the completed command and fails overall (26.035917ms)
✔ scenario selection is explicit and has no legacy/default route (0.710708ms)
✔ first malformed record prevents subsequent stage callbacks (52.357958ms)
✔ peak memory retains only process identity and measured RSS (0.609917ms)
ℹ tests 8
ℹ suites 0
ℹ pass 8
ℹ fail 0
ℹ cancelled 0
ℹ skipped 0
ℹ todo 0
ℹ duration_ms 583.721375
✔ actual descendant accounting includes memory in a child-created process group and cleans it (254.825083ms)
✔ remembered descendant identity survives parent exit and remains counted and terminated (151.512875ms)
✔ snapshot failure after freezing cannot leave actual owned children stopped (134.364959ms)
✔ malformed process snapshots fail on the first read (0.39425ms)
✔ interrupted process snapshot is reported without retry (0.164916ms)
ℹ tests 5
ℹ suites 0
ℹ pass 5
ℹ fail 0
ℹ cancelled 0
ℹ skipped 0
ℹ todo 0
ℹ duration_ms 584.300375
✔ private prover profile defaults to one and explicitly supports two (0.712708ms)
✔ invalid counts and relative directories fail before singleton initialization (1.077875ms)
✔ scenario resource choices retain established native budgets (0.869167ms)
✔ local timing has an SDK-valid build window and Inbox readiness headroom (144.45475ms)
ℹ tests 4
ℹ suites 0
ℹ pass 4
ℹ fail 0
ℹ cancelled 0
ℹ skipped 0
ℹ todo 0
ℹ duration_ms 228.787958
✔ private fee proof preserves payment options, gas and owner context (0.7665ms)
✔ actual proven author payer rejects despite privatePayer preparation (0.381ms)
✔ private fee route rejects a wrong account or exposed author payer (0.15375ms)
✔ payer mode is required and never inferred from an available callback (0.385916ms)
✔ explicit genesis fixture uses only the account payer (0.077041ms)
ℹ tests 5
ℹ suites 0
ℹ pass 5
ℹ fail 0
ℹ cancelled 0
ℹ skipped 0
ℹ todo 0
ℹ duration_ms 243.274833
✔ official RPC schema reaches original node and captures exactly accepted transactions (137.668208ms)
✔ official client simultaneous reads cross the RPC adapter as a batch (6.409958ms)
✔ failed send is not accepted, and close disposes a hanging real HTTP request (28.474041ms)
✔ command parser keeps exact public hashes and fixed markers only (0.624333ms)
✔ actual child process runner preserves literal arguments, isolated env and fixed output (38.737334ms)
✔ timeout and excess output terminate owned child groups (142.495375ms)
✔ known command stages and failure codes retain no arbitrary output (0.212792ms)
✔ confirmed journal receipt keeps only its exact hash (0.099375ms)
ℹ tests 8
ℹ suites 0
ℹ pass 8
ℹ fail 0
ℹ cancelled 0
ℹ skipped 0
ℹ todo 0
ℹ duration_ms 924.554416
✔ rendezvous accepts only fixed stages and bounded unique public transaction identifiers (6.039375ms)
✔ atomic rendezvous cannot overwrite a prior stage or accept an unverified release (4.419375ms)
✔ missing release respects remaining parent budget (0.717583ms)
✔ canonical exit rejects wrong leaf, duplicate leaf, wrong nullifier and ineligible anchor (185.199375ms)
✔ aborted lifecycle terminates a rendezvous even with a clamped legacy time callback (106.298375ms)
✔ browser modes roundtrip strictly across the real handoff boundary (11.007166ms)
✔ journey diagnostic outputs fixed milestones and allowlisted exception only (0.256417ms)
✔ actual browser journey stops after one deposit action when claim reports an error (0.287ms)
✔ partial canonical progress is ordered, bounded, public-only and copied (0.623959ms)
✔ non-Chromium lifecycle scenarios retain one explicit engine and existing bounds (0.861416ms)
✔ cold funding driver never claims or deposits again after a failed deposit (2.355333ms)
✔ handoff accepts actual SDK whole-token formatting and rejects invalid amounts (1.150834ms)
ℹ tests 12
ℹ suites 0
ℹ pass 12
ℹ fail 0
ℹ cancelled 0
ℹ skipped 0
ℹ todo 0
ℹ duration_ms 399.898209
✔ portable error observer preserves formatter behavior and exports only bounded safe fields (1.767709ms)
✔ common formatter captures fee-page coordinates and preserves its result (0.171209ms)
ℹ tests 2
ℹ suites 0
ℹ pass 2
ℹ fail 0
ℹ cancelled 0
ℹ skipped 0
ℹ todo 0
ℹ duration_ms 42.137542
✔ actual control flow posts once, restarts once, restores identity and invokes only recovery (105.222875ms)
✔ schema-v2 backup is rejected before post even when its stale journal list is empty (149.893417ms)
✔ stale acceptance file and expired deadline cannot restart or post (101.321541ms)
✔ acceptance requires exact schema, actual acceptance and exactly one send (2.922959ms)
✔ restart must close prior browser and retain profile/origin before reimport (102.574792ms)
✔ late physical closure cannot count as crash before automatic reconciliation (100.069583ms)
✔ recent acceptance cannot hide a submission request already older than the crash bound (101.515541ms)
✔ withdrawal recovers once then reconnects Ethereum to display pending refund without submitting it (100.984541ms)
✔ unknown recovery action is rejected before interacting with the page (49.424958ms)
ℹ tests 9
ℹ suites 0
ℹ pass 9
ℹ fail 0
ℹ cancelled 0
ℹ skipped 0
ℹ todo 0
ℹ duration_ms 859.532291
