✔ one owner preserves child outcome and verifies cleanup (56.971625ms)
✔ failed child is reported and does not lose its result during cleanup (48.939083ms)
✔ deadline terminates and reaps a real hanging process (291.571084ms)
✔ malformed worker output is a harness failure, not discarded (56.198ms)
✔ cleanup failure preserves the completed command and fails overall (25.272125ms)
✔ scenario selection is explicit and has no legacy/default route (0.806042ms)
✔ first malformed record prevents subsequent stage callbacks (52.152ms)
✔ peak memory retains only process identity and measured RSS (0.372583ms)
ℹ tests 8
ℹ suites 0
ℹ pass 8
ℹ fail 0
ℹ cancelled 0
ℹ skipped 0
ℹ todo 0
ℹ duration_ms 572.178458
✔ actual descendant accounting includes memory in a child-created process group and cleans it (250.420416ms)
✔ remembered descendant identity survives parent exit and remains counted and terminated (142.927375ms)
✔ snapshot failure after freezing cannot leave actual owned children stopped (133.095708ms)
✔ malformed process snapshots fail on the first read (0.251459ms)
✔ interrupted process snapshot is reported without retry (0.124792ms)
ℹ tests 5
ℹ suites 0
ℹ pass 5
ℹ fail 0
ℹ cancelled 0
ℹ skipped 0
ℹ todo 0
ℹ duration_ms 566.553333
✔ private prover profile defaults to one and explicitly supports two (0.612709ms)
✔ invalid counts and relative directories fail before singleton initialization (1.099375ms)
✔ scenario resource choices retain established native budgets (0.748959ms)
✔ local timing has an SDK-valid build window and Inbox readiness headroom (103.384959ms)
ℹ tests 4
ℹ suites 0
ℹ pass 4
ℹ fail 0
ℹ cancelled 0
ℹ skipped 0
ℹ todo 0
ℹ duration_ms 181.119375
✔ private fee proof preserves payment options, gas and owner context (0.841584ms)
✔ actual proven author payer rejects despite privatePayer preparation (0.433ms)
✔ private fee route rejects a wrong account or exposed author payer (0.150834ms)
✔ payer mode is required and never inferred from an available callback (0.403791ms)
✔ explicit genesis fixture uses only the account payer (0.08ms)
ℹ tests 5
ℹ suites 0
ℹ pass 5
ℹ fail 0
ℹ cancelled 0
ℹ skipped 0
ℹ todo 0
ℹ duration_ms 206.481208
✔ official RPC schema reaches original node and captures exactly accepted transactions (136.773791ms)
✔ official client simultaneous reads cross the RPC adapter as a batch (5.724458ms)
✔ failed send is not accepted, and close disposes a hanging real HTTP request (30.272833ms)
✔ command parser keeps exact public hashes and fixed markers only (0.673834ms)
✔ actual child process runner preserves literal arguments, isolated env and fixed output (36.802625ms)
✔ timeout and excess output terminate owned child groups (136.754917ms)
✔ known command stages and failure codes retain no arbitrary output (0.413541ms)
✔ confirmed journal receipt keeps only its exact hash (0.223375ms)
ℹ tests 8
ℹ suites 0
ℹ pass 8
ℹ fail 0
ℹ cancelled 0
ℹ skipped 0
ℹ todo 0
ℹ duration_ms 858.193583
✔ rendezvous accepts only fixed stages and bounded unique public transaction identifiers (5.075584ms)
✔ atomic rendezvous cannot overwrite a prior stage or accept an unverified release (4.285792ms)
✔ missing release respects remaining parent budget (0.799541ms)
✔ canonical exit rejects wrong leaf, duplicate leaf, wrong nullifier and ineligible anchor (175.477458ms)
✔ aborted lifecycle terminates a rendezvous even with a clamped legacy time callback (102.152542ms)
✔ browser modes roundtrip strictly across the real handoff boundary (11.941333ms)
✔ journey diagnostic outputs fixed milestones and allowlisted exception only (0.613958ms)
✔ actual browser journey stops after one deposit action when claim reports an error (0.605833ms)
✔ partial canonical progress is ordered, bounded, public-only and copied (0.552ms)
✔ non-Chromium lifecycle scenarios retain one explicit engine and existing bounds (0.604167ms)
✔ cold funding driver never claims or deposits again after a failed deposit (1.722125ms)
✔ handoff accepts actual SDK whole-token formatting and rejects invalid amounts (1.001917ms)
ℹ tests 12
ℹ suites 0
ℹ pass 12
ℹ fail 0
ℹ cancelled 0
ℹ skipped 0
ℹ todo 0
ℹ duration_ms 379.33475
✔ portable error observer preserves formatter behavior and exports only bounded safe fields (1.582083ms)
✔ common formatter captures fee-page coordinates and preserves its result (0.155416ms)
ℹ tests 2
ℹ suites 0
ℹ pass 2
ℹ fail 0
ℹ cancelled 0
ℹ skipped 0
ℹ todo 0
ℹ duration_ms 40.226333
✔ actual control flow posts once, restarts once, restores identity and invokes only recovery (103.588333ms)
✔ schema-v2 backup is rejected before post even when its stale journal list is empty (148.898708ms)
✔ stale acceptance file and expired deadline cannot restart or post (98.208625ms)
✔ acceptance requires exact schema, actual acceptance and exactly one send (3.344583ms)
✔ restart must close prior browser and retain profile/origin before reimport (98.32925ms)
✔ late physical closure cannot count as crash before automatic reconciliation (98.949125ms)
✔ recent acceptance cannot hide a submission request already older than the crash bound (98.062417ms)
✔ withdrawal recovers once then reconnects Ethereum to display pending refund without submitting it (98.4455ms)
✔ unknown recovery action is rejected before interacting with the page (49.7955ms)
ℹ tests 9
ℹ suites 0
ℹ pass 9
ℹ fail 0
ℹ cancelled 0
ℹ skipped 0
ℹ todo 0
ℹ duration_ms 839.9005
