
> test:harness
> node scripts/test-harness.mjs harness

✔ one owner preserves child outcome and verifies cleanup (59.938125ms)
✔ failed child is reported and does not lose its result during cleanup (53.302042ms)
✔ deadline terminates and reaps a real hanging process (283.592542ms)
✔ malformed worker output is a harness failure, not discarded (55.480291ms)
✔ cleanup failure preserves the completed command and fails overall (26.287459ms)
✔ scenario selection is explicit and has no legacy/default route (0.648625ms)
✔ first malformed record prevents subsequent stage callbacks (54.354583ms)
✔ peak memory retains only process identity and measured RSS (0.412ms)
ℹ tests 8
ℹ suites 0
ℹ pass 8
ℹ fail 0
ℹ cancelled 0
ℹ skipped 0
ℹ todo 0
ℹ duration_ms 579.819834
✔ actual descendant accounting includes memory in a child-created process group and cleans it (258.697875ms)
✔ remembered descendant identity survives parent exit and remains counted and terminated (265.981708ms)
✔ snapshot failure after freezing cannot leave actual owned children stopped (134.499417ms)
✔ malformed process snapshots fail on the first read (0.621125ms)
✔ interrupted process snapshot is reported without retry (0.120375ms)
ℹ tests 5
ℹ suites 0
ℹ pass 5
ℹ fail 0
ℹ cancelled 0
ℹ skipped 0
ℹ todo 0
ℹ duration_ms 703.333666
✔ private prover profile defaults to one and explicitly supports two (0.690958ms)
✔ invalid counts and relative directories fail before singleton initialization (0.928541ms)
✔ scenario resource choices retain established native budgets (0.593041ms)
✔ local timing has an SDK-valid build window and Inbox readiness headroom (71.088458ms)
ℹ tests 4
ℹ suites 0
ℹ pass 4
ℹ fail 0
ℹ cancelled 0
ℹ skipped 0
ℹ todo 0
ℹ duration_ms 142.002958
✔ private fee proof preserves payment options, gas and owner context (0.749875ms)
✔ actual proven author payer rejects despite privatePayer preparation (0.463167ms)
✔ private fee route rejects a wrong account or exposed author payer (0.178584ms)
✔ payer mode is required and never inferred from an available callback (0.386041ms)
✔ explicit genesis fixture uses only the account payer (0.078584ms)
ℹ tests 5
ℹ suites 0
ℹ pass 5
ℹ fail 0
ℹ cancelled 0
ℹ skipped 0
ℹ todo 0
ℹ duration_ms 188.382542
✔ official RPC schema reaches original node and captures exactly accepted transactions (145.347875ms)
✔ official client simultaneous reads cross the RPC adapter as a batch (5.479875ms)
✔ failed send is not accepted, and close disposes a hanging real HTTP request (29.283541ms)
✔ command parser keeps exact public hashes and fixed markers only (0.59375ms)
✔ actual child process runner preserves literal arguments, isolated env and fixed output (36.268125ms)
✔ timeout and excess output terminate owned child groups (143.53ms)
✔ known command stages and failure codes retain no arbitrary output (0.30075ms)
✔ confirmed journal receipt keeps only its exact hash (0.109666ms)
ℹ tests 8
ℹ suites 0
ℹ pass 8
ℹ fail 0
ℹ cancelled 0
ℹ skipped 0
ℹ todo 0
ℹ duration_ms 816.263084
✔ rendezvous accepts only fixed stages and bounded unique public transaction identifiers (5.511625ms)
✔ atomic rendezvous cannot overwrite a prior stage or accept an unverified release (4.39225ms)
✔ missing release respects remaining parent budget (0.515875ms)
✔ canonical exit rejects wrong leaf, duplicate leaf, wrong nullifier and ineligible anchor (185.079417ms)
✔ aborted lifecycle terminates a rendezvous even with a clamped legacy time callback (104.647791ms)
✔ browser modes roundtrip strictly across the real handoff boundary (8.468958ms)
✔ journey diagnostic outputs fixed milestones and allowlisted exception only (0.418208ms)
✔ actual browser journey stops after one deposit action when claim reports an error (0.3205ms)
✔ partial canonical progress is ordered, bounded, public-only and copied (0.41075ms)
✔ non-Chromium lifecycle scenarios retain one explicit engine and existing bounds (0.486583ms)
✔ cold funding driver never claims or deposits again after a failed deposit (1.154958ms)
✔ handoff accepts actual SDK whole-token formatting and rejects invalid amounts (1.697083ms)
ℹ tests 12
ℹ suites 0
ℹ pass 12
ℹ fail 0
ℹ cancelled 0
ℹ skipped 0
ℹ todo 0
ℹ duration_ms 390.082375
✔ portable error observer preserves formatter behavior and exports only bounded safe fields (1.553041ms)
✔ common formatter captures fee-page coordinates and preserves its result (0.161083ms)
ℹ tests 2
ℹ suites 0
ℹ pass 2
ℹ fail 0
ℹ cancelled 0
ℹ skipped 0
ℹ todo 0
ℹ duration_ms 42.773875
✔ actual control flow posts once, restarts once, restores identity and invokes only recovery (105.144708ms)
✔ schema-v2 backup is rejected before post even when its stale journal list is empty (149.26225ms)
✔ stale acceptance file and expired deadline cannot restart or post (100.420958ms)
✔ acceptance requires exact schema, actual acceptance and exactly one send (3.860333ms)
✔ restart must close prior browser and retain profile/origin before reimport (100.365208ms)
✔ late physical closure cannot count as crash before automatic reconciliation (100.537042ms)
✔ recent acceptance cannot hide a submission request already older than the crash bound (99.990667ms)
✔ withdrawal recovers once then reconnects Ethereum to display pending refund without submitting it (100.721666ms)
✔ unknown recovery action is rejected before interacting with the page (50.533125ms)
ℹ tests 9
ℹ suites 0
ℹ pass 9
ℹ fail 0
ℹ cancelled 0
ℹ skipped 0
ℹ todo 0
ℹ duration_ms 857.786042
