✔ one owner preserves child outcome and verifies cleanup (82.459041ms)
✔ failed child is reported and does not lose its result during cleanup (71.962458ms)
✔ deadline terminates and reaps a real hanging process (292.496791ms)
✔ malformed worker output is a harness failure, not discarded (73.764333ms)
✔ cleanup failure preserves the completed command and fails overall (32.914667ms)
✔ scenario selection is explicit and has no legacy/default route (0.94425ms)
✔ first malformed record prevents subsequent stage callbacks (71.510792ms)
ℹ tests 7
ℹ suites 0
ℹ pass 7
ℹ fail 0
ℹ cancelled 0
ℹ skipped 0
ℹ todo 0
ℹ duration_ms 680.192792
✔ actual descendant accounting includes memory in a child-created process group and cleans it (316.124583ms)
✔ remembered descendant identity survives parent exit and remains counted and terminated (327.375584ms)
✔ snapshot failure after freezing cannot leave actual owned children stopped (186.64475ms)
✔ malformed process snapshots fail on the first read (0.332083ms)
✔ interrupted process snapshot is reported without retry (0.141584ms)
ℹ tests 5
ℹ suites 0
ℹ pass 5
ℹ fail 0
ℹ cancelled 0
ℹ skipped 0
ℹ todo 0
ℹ duration_ms 885.333833
✔ private prover profile defaults to one and explicitly supports two (0.898917ms)
✔ invalid counts and relative directories fail before singleton initialization (1.151625ms)
✔ scenario resource choices retain established native budgets (0.724083ms)
✔ local timing has an SDK-valid build window and Inbox readiness headroom (123.335958ms)
ℹ tests 4
ℹ suites 0
ℹ pass 4
ℹ fail 0
ℹ cancelled 0
ℹ skipped 0
ℹ todo 0
ℹ duration_ms 222.502917
✔ private fee proof preserves payment options, gas and owner context (1.119541ms)
✔ actual proven author payer rejects despite privatePayer preparation (0.571333ms)
✔ private fee route rejects a wrong account or exposed author payer (0.216042ms)
✔ payer mode is required and never inferred from an available callback (0.577125ms)
✔ explicit genesis fixture uses only the account payer (0.129875ms)
ℹ tests 5
ℹ suites 0
ℹ pass 5
ℹ fail 0
ℹ cancelled 0
ℹ skipped 0
ℹ todo 0
ℹ duration_ms 270.287084
✔ official RPC schema reaches original node and captures exactly accepted transactions (164.483458ms)
✔ official client simultaneous reads cross the RPC adapter as a batch (5.543042ms)
✔ failed send is not accepted, and close disposes a hanging real HTTP request (32.8485ms)
✔ command parser keeps exact public hashes and fixed markers only (0.72875ms)
✔ actual child process runner preserves literal arguments, isolated env and fixed output (45.330208ms)
✔ timeout and excess output terminate owned child groups (145.2895ms)
✔ known command stages and failure codes retain no arbitrary output (0.259458ms)
✔ confirmed journal receipt keeps only its exact hash (0.122958ms)
ℹ tests 8
ℹ suites 0
ℹ pass 8
ℹ fail 0
ℹ cancelled 0
ℹ skipped 0
ℹ todo 0
ℹ duration_ms 973.166083
✔ rendezvous accepts only fixed stages and bounded unique public transaction identifiers (6.491ms)
✔ atomic rendezvous cannot overwrite a prior stage or accept an unverified release (6.212ms)
✔ missing release respects remaining parent budget (0.570458ms)
✔ canonical exit rejects wrong leaf, duplicate leaf, wrong nullifier and ineligible anchor (253.803125ms)
✔ aborted lifecycle terminates a rendezvous even with a clamped legacy time callback (108.219916ms)
✔ actual shared producer builder roundtrips all five explicit browser scenarios (6.684458ms)
✔ journey diagnostic outputs fixed milestones and allowlisted exception only (0.31775ms)
✔ actual browser journey stops after one deposit action when claim reports an error (0.329ms)
✔ partial canonical progress is ordered, bounded, public-only and copied (0.549292ms)
ℹ tests 9
ℹ suites 0
ℹ pass 9
ℹ fail 0
ℹ cancelled 0
ℹ skipped 0
ℹ todo 0
ℹ duration_ms 476.584792
✔ actual control flow posts once, restarts once, restores identity and invokes only recovery (155.331ms)
✔ schema-v2 backup is rejected before post even when its stale journal list is empty (221.652083ms)
✔ stale acceptance file and expired deadline cannot restart or post (147.469125ms)
✔ acceptance requires exact schema, actual acceptance and exactly one send (3.850459ms)
✔ restart must close prior browser and retain profile/origin before reimport (146.938459ms)
✔ late physical closure cannot count as crash before automatic reconciliation (147.457834ms)
✔ recent acceptance cannot hide a submission request already older than the crash bound (146.740584ms)
ℹ tests 7
ℹ suites 0
ℹ pass 7
ℹ fail 0
ℹ cancelled 0
ℹ skipped 0
ℹ todo 0
ℹ duration_ms 1025.503708
