✔ one owner preserves child outcome and verifies cleanup (52.865334ms)
✔ failed child is reported and does not lose its result during cleanup (50.602833ms)
✔ deadline terminates and reaps a real hanging process (287.49825ms)
✔ malformed worker output is a harness failure, not discarded (54.384958ms)
✔ cleanup failure preserves the completed command and fails overall (23.1835ms)
✔ scenario selection is explicit and has no legacy/default route (0.854333ms)
✔ first malformed record prevents subsequent stage callbacks (51.405625ms)
✔ peak memory retains only process identity and measured RSS (0.368042ms)
ℹ tests 8
ℹ suites 0
ℹ pass 8
ℹ fail 0
ℹ cancelled 0
ℹ skipped 0
ℹ todo 0
ℹ duration_ms 564.74875
✔ actual descendant accounting includes memory in a child-created process group and cleans it (241.645334ms)
✔ remembered descendant identity survives parent exit and remains counted and terminated (255.034917ms)
✔ snapshot failure after freezing cannot leave actual owned children stopped (125.398708ms)
✔ malformed process snapshots fail on the first read (0.299208ms)
✔ interrupted process snapshot is reported without retry (0.102125ms)
ℹ tests 5
ℹ suites 0
ℹ pass 5
ℹ fail 0
ℹ cancelled 0
ℹ skipped 0
ℹ todo 0
ℹ duration_ms 668.399209
✔ private prover profile defaults to one and explicitly supports two (0.624583ms)
✔ invalid counts and relative directories fail before singleton initialization (0.819625ms)
✔ scenario resource choices retain established native budgets (0.496208ms)
✔ local timing has an SDK-valid build window and Inbox readiness headroom (133.661625ms)
ℹ tests 4
ℹ suites 0
ℹ pass 4
ℹ fail 0
ℹ cancelled 0
ℹ skipped 0
ℹ todo 0
ℹ duration_ms 207.146791
✔ private fee proof preserves payment options, gas and owner context (0.780166ms)
✔ actual proven author payer rejects despite privatePayer preparation (0.397625ms)
✔ private fee route rejects a wrong account or exposed author payer (0.156166ms)
✔ payer mode is required and never inferred from an available callback (0.400833ms)
✔ explicit genesis fixture uses only the account payer (0.080208ms)
ℹ tests 5
ℹ suites 0
ℹ pass 5
ℹ fail 0
ℹ cancelled 0
ℹ skipped 0
ℹ todo 0
ℹ duration_ms 215.436583
✔ official RPC schema reaches original node and captures exactly accepted transactions (136.146542ms)
✔ official client simultaneous reads cross the RPC adapter as a batch (4.851167ms)
✔ failed send is not accepted, and close disposes a hanging real HTTP request (29.499167ms)
✔ command parser keeps exact public hashes and fixed markers only (0.505708ms)
✔ actual child process runner preserves literal arguments, isolated env and fixed output (34.400458ms)
✔ timeout and excess output terminate owned child groups (136.353917ms)
✔ known command stages and failure codes retain no arbitrary output (0.1875ms)
✔ confirmed journal receipt keeps only its exact hash (0.0875ms)
ℹ tests 8
ℹ suites 0
ℹ pass 8
ℹ fail 0
ℹ cancelled 0
ℹ skipped 0
ℹ todo 0
ℹ duration_ms 887.527208
✔ rendezvous accepts only fixed stages and bounded unique public transaction identifiers (4.6715ms)
✔ atomic rendezvous cannot overwrite a prior stage or accept an unverified release (4.360958ms)
✔ missing release respects remaining parent budget (0.343042ms)
✔ canonical exit rejects wrong leaf, duplicate leaf, wrong nullifier and ineligible anchor (169.648417ms)
✔ aborted lifecycle terminates a rendezvous even with a clamped legacy time callback (104.290959ms)
✔ browser modes roundtrip strictly across the real handoff boundary (8.496417ms)
✔ journey diagnostic outputs fixed milestones and allowlisted exception only (0.293959ms)
✔ actual browser journey stops after one deposit action when claim reports an error (0.273833ms)
✔ partial canonical progress is ordered, bounded, public-only and copied (0.331041ms)
✔ non-Chromium lifecycle scenarios retain one explicit engine and existing bounds (0.740417ms)
✔ cold funding driver never claims or deposits again after a failed deposit (1.711833ms)
✔ handoff accepts actual SDK whole-token formatting and rejects invalid amounts (0.819ms)
ℹ tests 12
ℹ suites 0
ℹ pass 12
ℹ fail 0
ℹ cancelled 0
ℹ skipped 0
ℹ todo 0
ℹ duration_ms 366.184959
✔ portable error observer preserves formatter behavior and exports only bounded safe fields (2.071959ms)
✔ common formatter captures fee-page coordinates and preserves its result (0.235583ms)
ℹ tests 2
ℹ suites 0
ℹ pass 2
ℹ fail 0
ℹ cancelled 0
ℹ skipped 0
ℹ todo 0
ℹ duration_ms 39.363792
✔ actual control flow posts once, restarts once, restores identity and invokes only recovery (102.791375ms)
✔ schema-v2 backup is rejected before post even when its stale journal list is empty (146.206208ms)
✔ stale acceptance file and expired deadline cannot restart or post (97.118625ms)
✔ acceptance requires exact schema, actual acceptance and exactly one send (2.694125ms)
✔ restart must close prior browser and retain profile/origin before reimport (97.620958ms)
✔ late physical closure cannot count as crash before automatic reconciliation (97.745917ms)
✔ recent acceptance cannot hide a submission request already older than the crash bound (97.773375ms)
✔ withdrawal recovers once then reconnects Ethereum to display pending refund without submitting it (98.336209ms)
✔ unknown recovery action is rejected before interacting with the page (48.007ms)
ℹ tests 9
ℹ suites 0
ℹ pass 9
ℹ fail 0
ℹ cancelled 0
ℹ skipped 0
ℹ todo 0
ℹ duration_ms 830.872417
