✔ one owner preserves child outcome and verifies cleanup (61.670542ms)
✔ failed child is reported and does not lose its result during cleanup (51.987875ms)
✔ deadline terminates and reaps a real hanging process (293.85075ms)
✔ malformed worker output is a harness failure, not discarded (59.328292ms)
✔ cleanup failure preserves the completed command and fails overall (27.760542ms)
✔ scenario selection is explicit and has no legacy/default route (0.66275ms)
✔ first malformed record prevents subsequent stage callbacks (55.411625ms)
✔ peak memory retains only process identity and measured RSS (0.391708ms)
ℹ tests 8
ℹ suites 0
ℹ pass 8
ℹ fail 0
ℹ cancelled 0
ℹ skipped 0
ℹ todo 0
ℹ duration_ms 594.637875
✔ actual descendant accounting includes memory in a child-created process group and cleans it (255.242042ms)
✔ remembered descendant identity survives parent exit and remains counted and terminated (273.122958ms)
✔ snapshot failure after freezing cannot leave actual owned children stopped (151.120583ms)
✔ malformed process snapshots fail on the first read (0.343583ms)
✔ interrupted process snapshot is reported without retry (0.123334ms)
ℹ tests 5
ℹ suites 0
ℹ pass 5
ℹ fail 0
ℹ cancelled 0
ℹ skipped 0
ℹ todo 0
ℹ duration_ms 718.6575
✔ private prover profile defaults to one and explicitly supports two (0.635291ms)
✔ invalid counts and relative directories fail before singleton initialization (0.8815ms)
✔ scenario resource choices retain established native budgets (0.499709ms)
✔ local timing has an SDK-valid build window and Inbox readiness headroom (141.870042ms)
ℹ tests 4
ℹ suites 0
ℹ pass 4
ℹ fail 0
ℹ cancelled 0
ℹ skipped 0
ℹ todo 0
ℹ duration_ms 226.55825
✔ private fee proof preserves payment options, gas and owner context (0.864292ms)
✔ actual proven author payer rejects despite privatePayer preparation (0.549167ms)
✔ private fee route rejects a wrong account or exposed author payer (0.26825ms)
✔ payer mode is required and never inferred from an available callback (0.437375ms)
✔ explicit genesis fixture uses only the account payer (0.085417ms)
ℹ tests 5
ℹ suites 0
ℹ pass 5
ℹ fail 0
ℹ cancelled 0
ℹ skipped 0
ℹ todo 0
ℹ duration_ms 230.008
✔ official RPC schema reaches original node and captures exactly accepted transactions (139.826375ms)
✔ official client simultaneous reads cross the RPC adapter as a batch (5.828375ms)
✔ failed send is not accepted, and close disposes a hanging real HTTP request (31.025375ms)
✔ command parser keeps exact public hashes and fixed markers only (0.559167ms)
✔ actual child process runner preserves literal arguments, isolated env and fixed output (41.462417ms)
✔ timeout and excess output terminate owned child groups (141.773208ms)
✔ known command stages and failure codes retain no arbitrary output (0.2475ms)
✔ confirmed journal receipt keeps only its exact hash (0.104708ms)
ℹ tests 8
ℹ suites 0
ℹ pass 8
ℹ fail 0
ℹ cancelled 0
ℹ skipped 0
ℹ todo 0
ℹ duration_ms 930.781208
✔ rendezvous accepts only fixed stages and bounded unique public transaction identifiers (6.072167ms)
✔ atomic rendezvous cannot overwrite a prior stage or accept an unverified release (5.196875ms)
✔ missing release respects remaining parent budget (0.474916ms)
✔ canonical exit rejects wrong leaf, duplicate leaf, wrong nullifier and ineligible anchor (175.622417ms)
✔ aborted lifecycle terminates a rendezvous even with a clamped legacy time callback (105.224208ms)
✔ browser modes roundtrip strictly across the real handoff boundary (10.510625ms)
✔ journey diagnostic outputs fixed milestones and allowlisted exception only (0.343958ms)
✔ actual browser journey stops after one deposit action when claim reports an error (0.333166ms)
✔ partial canonical progress is ordered, bounded, public-only and copied (0.466209ms)
✔ non-Chromium lifecycle scenarios retain one explicit engine and existing bounds (0.609667ms)
✔ cold funding driver never claims or deposits again after a failed deposit (2.29ms)
✔ handoff accepts actual SDK whole-token formatting and rejects invalid amounts (1.026667ms)
ℹ tests 12
ℹ suites 0
ℹ pass 12
ℹ fail 0
ℹ cancelled 0
ℹ skipped 0
ℹ todo 0
ℹ duration_ms 380.096709
✔ portable error observer preserves formatter behavior and exports only bounded safe fields (1.547167ms)
✔ common formatter captures fee-page coordinates and preserves its result (0.153208ms)
ℹ tests 2
ℹ suites 0
ℹ pass 2
ℹ fail 0
ℹ cancelled 0
ℹ skipped 0
ℹ todo 0
ℹ duration_ms 40.757208
✔ actual control flow posts once, restarts once, restores identity and invokes only recovery (105.576541ms)
✔ schema-v2 backup is rejected before post even when its stale journal list is empty (146.620417ms)
✔ stale acceptance file and expired deadline cannot restart or post (99.270792ms)
✔ acceptance requires exact schema, actual acceptance and exactly one send (3.63575ms)
✔ restart must close prior browser and retain profile/origin before reimport (98.606125ms)
✔ late physical closure cannot count as crash before automatic reconciliation (98.658125ms)
✔ recent acceptance cannot hide a submission request already older than the crash bound (98.83675ms)
✔ withdrawal recovers once then reconnects Ethereum to display pending refund without submitting it (100.125667ms)
✔ unknown recovery action is rejected before interacting with the page (49.713125ms)
ℹ tests 9
ℹ suites 0
ℹ pass 9
ℹ fail 0
ℹ cancelled 0
ℹ skipped 0
ℹ todo 0
ℹ duration_ms 843.164875
