✔ one owner preserves child outcome and verifies cleanup (55.476667ms)
✔ failed child is reported and does not lose its result during cleanup (51.120166ms)
✔ deadline terminates and reaps a real hanging process (293.15575ms)
✔ malformed worker output is a harness failure, not discarded (56.854791ms)
✔ cleanup failure preserves the completed command and fails overall (24.464917ms)
✔ scenario selection is explicit and has no legacy/default route (0.838042ms)
✔ first malformed record prevents subsequent stage callbacks (52.629875ms)
✔ peak memory retains only process identity and measured RSS (0.35ms)
ℹ tests 8
ℹ suites 0
ℹ pass 8
ℹ fail 0
ℹ cancelled 0
ℹ skipped 0
ℹ todo 0
ℹ duration_ms 574.923833
✔ actual descendant accounting includes memory in a child-created process group and cleans it (253.585875ms)
✔ remembered descendant identity survives parent exit and remains counted and terminated (268.510875ms)
✔ snapshot failure after freezing cannot leave actual owned children stopped (137.910166ms)
✔ malformed process snapshots fail on the first read (0.296ms)
✔ interrupted process snapshot is reported without retry (0.089ms)
ℹ tests 5
ℹ suites 0
ℹ pass 5
ℹ fail 0
ℹ cancelled 0
ℹ skipped 0
ℹ todo 0
ℹ duration_ms 700.335417
✔ private prover profile defaults to one and explicitly supports two (0.625208ms)
✔ invalid counts and relative directories fail before singleton initialization (1.038667ms)
✔ scenario resource choices retain established native budgets (0.77075ms)
✔ local timing has an SDK-valid build window and Inbox readiness headroom (63.822667ms)
ℹ tests 4
ℹ suites 0
ℹ pass 4
ℹ fail 0
ℹ cancelled 0
ℹ skipped 0
ℹ todo 0
ℹ duration_ms 136.327208
✔ private fee proof preserves payment options, gas and owner context (0.799709ms)
✔ actual proven author payer rejects despite privatePayer preparation (0.433625ms)
✔ private fee route rejects a wrong account or exposed author payer (0.424833ms)
✔ payer mode is required and never inferred from an available callback (0.6715ms)
✔ explicit genesis fixture uses only the account payer (0.090125ms)
ℹ tests 5
ℹ suites 0
ℹ pass 5
ℹ fail 0
ℹ cancelled 0
ℹ skipped 0
ℹ todo 0
ℹ duration_ms 185.264375
✔ official RPC schema reaches original node and captures exactly accepted transactions (132.097542ms)
✔ official client simultaneous reads cross the RPC adapter as a batch (5.867667ms)
✔ failed send is not accepted, and close disposes a hanging real HTTP request (29.528041ms)
✔ command parser keeps exact public hashes and fixed markers only (0.665166ms)
✔ actual child process runner preserves literal arguments, isolated env and fixed output (35.235ms)
✔ timeout and excess output terminate owned child groups (139.726625ms)
✔ known command stages and failure codes retain no arbitrary output (0.198834ms)
✔ confirmed journal receipt keeps only its exact hash (0.090833ms)
ℹ tests 8
ℹ suites 0
ℹ pass 8
ℹ fail 0
ℹ cancelled 0
ℹ skipped 0
ℹ todo 0
ℹ duration_ms 800.82375
✔ rendezvous accepts only fixed stages and bounded unique public transaction identifiers (3.951625ms)
✔ atomic rendezvous cannot overwrite a prior stage or accept an unverified release (4.613208ms)
✔ missing release respects remaining parent budget (0.358958ms)
✔ canonical exit rejects wrong leaf, duplicate leaf, wrong nullifier and ineligible anchor (176.991792ms)
✔ aborted lifecycle terminates a rendezvous even with a clamped legacy time callback (105.626583ms)
✔ browser modes roundtrip strictly across the real handoff boundary (10.335125ms)
✔ journey diagnostic outputs fixed milestones and allowlisted exception only (0.378ms)
✔ actual browser journey stops after one deposit action when claim reports an error (0.33225ms)
✔ partial canonical progress is ordered, bounded, public-only and copied (0.417833ms)
✔ non-Chromium lifecycle scenarios retain one explicit engine and existing bounds (0.498208ms)
✔ cold funding driver never claims or deposits again after a failed deposit (1.806083ms)
✔ handoff accepts actual SDK whole-token formatting and rejects invalid amounts (1.360917ms)
ℹ tests 12
ℹ suites 0
ℹ pass 12
ℹ fail 0
ℹ cancelled 0
ℹ skipped 0
ℹ todo 0
ℹ duration_ms 378.467083
✔ portable error observer preserves formatter behavior and exports only bounded safe fields (2.074ms)
✔ common formatter captures fee-page coordinates and preserves its result (0.205084ms)
ℹ tests 2
ℹ suites 0
ℹ pass 2
ℹ fail 0
ℹ cancelled 0
ℹ skipped 0
ℹ todo 0
ℹ duration_ms 43.094875
✔ actual control flow posts once, restarts once, restores identity and invokes only recovery (104.134917ms)
✔ schema-v2 backup is rejected before post even when its stale journal list is empty (148.215125ms)
✔ stale acceptance file and expired deadline cannot restart or post (99.222917ms)
✔ acceptance requires exact schema, actual acceptance and exactly one send (3.031541ms)
✔ restart must close prior browser and retain profile/origin before reimport (99.638459ms)
✔ late physical closure cannot count as crash before automatic reconciliation (100.283125ms)
✔ recent acceptance cannot hide a submission request already older than the crash bound (101.595333ms)
✔ withdrawal recovers once then reconnects Ethereum to display pending refund without submitting it (99.204667ms)
✔ unknown recovery action is rejected before interacting with the page (49.981584ms)
ℹ tests 9
ℹ suites 0
ℹ pass 9
ℹ fail 0
ℹ cancelled 0
ℹ skipped 0
ℹ todo 0
ℹ duration_ms 850.413917
