✔ one owner preserves child outcome and verifies cleanup (59.497875ms)
✔ failed child is reported and does not lose its result during cleanup (53.811541ms)
✔ deadline terminates and reaps a real hanging process (289.228375ms)
✔ malformed worker output is a harness failure, not discarded (60.050416ms)
✔ cleanup failure preserves the completed command and fails overall (25.839167ms)
✔ scenario selection is explicit and has no legacy/default route (0.654167ms)
✔ first malformed record prevents subsequent stage callbacks (54.773334ms)
✔ peak memory retains only process identity and measured RSS (0.364375ms)
ℹ tests 8
ℹ suites 0
ℹ pass 8
ℹ fail 0
ℹ cancelled 0
ℹ skipped 0
ℹ todo 0
ℹ duration_ms 591.729167
✔ actual descendant accounting includes memory in a child-created process group and cleans it (256.832708ms)
✔ remembered descendant identity survives parent exit and remains counted and terminated (277.831208ms)
✔ snapshot failure after freezing cannot leave actual owned children stopped (145.889209ms)
✔ malformed process snapshots fail on the first read (0.505667ms)
✔ interrupted process snapshot is reported without retry (0.208625ms)
ℹ tests 5
ℹ suites 0
ℹ pass 5
ℹ fail 0
ℹ cancelled 0
ℹ skipped 0
ℹ todo 0
ℹ duration_ms 724.990625
✔ private prover profile defaults to one and explicitly supports two (0.6205ms)
✔ invalid counts and relative directories fail before singleton initialization (0.968875ms)
✔ scenario resource choices retain established native budgets (0.689084ms)
✔ local timing has an SDK-valid build window and Inbox readiness headroom (151.616125ms)
ℹ tests 4
ℹ suites 0
ℹ pass 4
ℹ fail 0
ℹ cancelled 0
ℹ skipped 0
ℹ todo 0
ℹ duration_ms 239.427083
✔ private fee proof preserves payment options, gas and owner context (0.774042ms)
✔ actual proven author payer rejects despite privatePayer preparation (0.395541ms)
✔ private fee route rejects a wrong account or exposed author payer (0.477542ms)
✔ payer mode is required and never inferred from an available callback (0.534416ms)
✔ explicit genesis fixture uses only the account payer (0.104417ms)
ℹ tests 5
ℹ suites 0
ℹ pass 5
ℹ fail 0
ℹ cancelled 0
ℹ skipped 0
ℹ todo 0
ℹ duration_ms 249.021834
✔ official RPC schema reaches original node and captures exactly accepted transactions (303.050625ms)
✔ official client simultaneous reads cross the RPC adapter as a batch (5.828ms)
✔ failed send is not accepted, and close disposes a hanging real HTTP request (30.3535ms)
✔ command parser keeps exact public hashes and fixed markers only (0.790792ms)
✔ actual child process runner preserves literal arguments, isolated env and fixed output (38.102208ms)
✔ timeout and excess output terminate owned child groups (139.580375ms)
✔ known command stages and failure codes retain no arbitrary output (0.19ms)
✔ confirmed journal receipt keeps only its exact hash (0.094459ms)
ℹ tests 8
ℹ suites 0
ℹ pass 8
ℹ fail 0
ℹ cancelled 0
ℹ skipped 0
ℹ todo 0
ℹ duration_ms 1441.955083
✔ rendezvous accepts only fixed stages and bounded unique public transaction identifiers (5.034083ms)
✔ atomic rendezvous cannot overwrite a prior stage or accept an unverified release (5.704208ms)
✔ missing release respects remaining parent budget (0.467792ms)
✔ canonical exit rejects wrong leaf, duplicate leaf, wrong nullifier and ineligible anchor (190.138792ms)
✔ aborted lifecycle terminates a rendezvous even with a clamped legacy time callback (104.968167ms)
✔ browser modes roundtrip strictly across the real handoff boundary (10.138417ms)
✔ journey diagnostic outputs fixed milestones and allowlisted exception only (0.367584ms)
✔ actual browser journey stops after one deposit action when claim reports an error (0.331ms)
✔ partial canonical progress is ordered, bounded, public-only and copied (0.478458ms)
✔ non-Chromium lifecycle scenarios retain one explicit engine and existing bounds (0.568583ms)
✔ cold funding driver never claims or deposits again after a failed deposit (2.010958ms)
✔ handoff accepts actual SDK whole-token formatting and rejects invalid amounts (0.995209ms)
ℹ tests 12
ℹ suites 0
ℹ pass 12
ℹ fail 0
ℹ cancelled 0
ℹ skipped 0
ℹ todo 0
ℹ duration_ms 392.323167
✔ portable error observer preserves formatter behavior and exports only bounded safe fields (1.588291ms)
✔ common formatter captures fee-page coordinates and preserves its result (0.137ms)
ℹ tests 2
ℹ suites 0
ℹ pass 2
ℹ fail 0
ℹ cancelled 0
ℹ skipped 0
ℹ todo 0
ℹ duration_ms 43.257375
✔ actual control flow posts once, restarts once, restores identity and invokes only recovery (107.486ms)
✔ schema-v2 backup is rejected before post even when its stale journal list is empty (151.407125ms)
✔ stale acceptance file and expired deadline cannot restart or post (101.083125ms)
✔ acceptance requires exact schema, actual acceptance and exactly one send (2.783208ms)
✔ restart must close prior browser and retain profile/origin before reimport (101.257292ms)
✔ late physical closure cannot count as crash before automatic reconciliation (101.234ms)
✔ recent acceptance cannot hide a submission request already older than the crash bound (100.42875ms)
✔ withdrawal recovers once then reconnects Ethereum to display pending refund without submitting it (100.638583ms)
✔ unknown recovery action is rejected before interacting with the page (50.798208ms)
ℹ tests 9
ℹ suites 0
ℹ pass 9
ℹ fail 0
ℹ cancelled 0
ℹ skipped 0
ℹ todo 0
ℹ duration_ms 862.925542
