✔ one owner preserves child outcome and verifies cleanup (55.2515ms)
✔ failed child is reported and does not lose its result during cleanup (54.500292ms)
✔ deadline terminates and reaps a real hanging process (290.017833ms)
✔ malformed worker output is a harness failure, not discarded (59.697709ms)
✔ cleanup failure preserves the completed command and fails overall (22.971ms)
✔ scenario selection is explicit and has no legacy/default route (1.292083ms)
✔ first malformed record prevents subsequent stage callbacks (53.886459ms)
✔ peak memory retains only process identity and measured RSS (0.408041ms)
ℹ tests 8
ℹ suites 0
ℹ pass 8
ℹ fail 0
ℹ cancelled 0
ℹ skipped 0
ℹ todo 0
ℹ duration_ms 580.127292
✔ actual descendant accounting includes memory in a child-created process group and cleans it (134.78075ms)
✔ remembered descendant identity survives parent exit and remains counted and terminated (146.873625ms)
✔ snapshot failure after freezing cannot leave actual owned children stopped (136.349167ms)
✔ malformed process snapshots fail on the first read (0.289291ms)
✔ interrupted process snapshot is reported without retry (0.096416ms)
ℹ tests 5
ℹ suites 0
ℹ pass 5
ℹ fail 0
ℹ cancelled 0
ℹ skipped 0
ℹ todo 0
ℹ duration_ms 460.132625
✔ private prover profile defaults to one and explicitly supports two (0.639292ms)
✔ invalid counts and relative directories fail before singleton initialization (1.192791ms)
✔ scenario resource choices retain established native budgets (0.685375ms)
✔ local timing has an SDK-valid build window and Inbox readiness headroom (106.644875ms)
ℹ tests 4
ℹ suites 0
ℹ pass 4
ℹ fail 0
ℹ cancelled 0
ℹ skipped 0
ℹ todo 0
ℹ duration_ms 181.909875
✔ private fee proof preserves payment options, gas and owner context (0.799042ms)
✔ actual proven author payer rejects despite privatePayer preparation (0.392041ms)
✔ private fee route rejects a wrong account or exposed author payer (0.148792ms)
✔ payer mode is required and never inferred from an available callback (0.389834ms)
✔ explicit genesis fixture uses only the account payer (0.07775ms)
ℹ tests 5
ℹ suites 0
ℹ pass 5
ℹ fail 0
ℹ cancelled 0
ℹ skipped 0
ℹ todo 0
ℹ duration_ms 206.444583
✔ official RPC schema reaches original node and captures exactly accepted transactions (127.245ms)
✔ official client simultaneous reads cross the RPC adapter as a batch (6.943375ms)
✔ failed send is not accepted, and close disposes a hanging real HTTP request (30.649917ms)
✔ command parser keeps exact public hashes and fixed markers only (0.546458ms)
✔ actual child process runner preserves literal arguments, isolated env and fixed output (35.97475ms)
✔ timeout and excess output terminate owned child groups (145.313542ms)
✔ known command stages and failure codes retain no arbitrary output (0.210958ms)
✔ confirmed journal receipt keeps only its exact hash (0.087917ms)
ℹ tests 8
ℹ suites 0
ℹ pass 8
ℹ fail 0
ℹ cancelled 0
ℹ skipped 0
ℹ todo 0
ℹ duration_ms 900.472917
✔ rendezvous accepts only fixed stages and bounded unique public transaction identifiers (4.423208ms)
✔ atomic rendezvous cannot overwrite a prior stage or accept an unverified release (4.991792ms)
✔ missing release respects remaining parent budget (0.36525ms)
✔ canonical exit rejects wrong leaf, duplicate leaf, wrong nullifier and ineligible anchor (175.640125ms)
✔ aborted lifecycle terminates a rendezvous even with a clamped legacy time callback (104.685333ms)
✔ browser modes roundtrip strictly across the real handoff boundary (10.033292ms)
✔ journey diagnostic outputs fixed milestones and allowlisted exception only (0.272333ms)
✔ actual browser journey stops after one deposit action when claim reports an error (0.285208ms)
✔ partial canonical progress is ordered, bounded, public-only and copied (0.406416ms)
✔ non-Chromium lifecycle scenarios retain one explicit engine and existing bounds (0.514333ms)
✔ cold funding driver never claims or deposits again after a failed deposit (0.544875ms)
✔ handoff accepts actual SDK whole-token formatting and rejects invalid amounts (0.834917ms)
ℹ tests 12
ℹ suites 0
ℹ pass 12
ℹ fail 0
ℹ cancelled 0
ℹ skipped 0
ℹ todo 0
ℹ duration_ms 376.480791
✔ portable error observer preserves formatter behavior and exports only bounded safe fields (2.040667ms)
✔ common formatter captures fee-page coordinates and preserves its result (0.167334ms)
ℹ tests 2
ℹ suites 0
ℹ pass 2
ℹ fail 0
ℹ cancelled 0
ℹ skipped 0
ℹ todo 0
ℹ duration_ms 42.035292
✔ actual control flow posts once, restarts once, restores identity and invokes only recovery (105.133292ms)
✔ schema-v2 backup is rejected before post even when its stale journal list is empty (147.738833ms)
✔ stale acceptance file and expired deadline cannot restart or post (98.977917ms)
✔ acceptance requires exact schema, actual acceptance and exactly one send (3.126541ms)
✔ restart must close prior browser and retain profile/origin before reimport (98.420167ms)
✔ late physical closure cannot count as crash before automatic reconciliation (98.962666ms)
✔ recent acceptance cannot hide a submission request already older than the crash bound (98.044084ms)
✔ withdrawal recovers once then reconnects Ethereum to display pending refund without submitting it (100.076417ms)
✔ unknown recovery action is rejected before interacting with the page (49.339ms)
ℹ tests 9
ℹ suites 0
ℹ pass 9
ℹ fail 0
ℹ cancelled 0
ℹ skipped 0
ℹ todo 0
ℹ duration_ms 842.760334
