✔ normal author calls carry only private payment method and bootstrap claim is consumed once (2.35675ms)
✔ unknown submission is preserved without retry and private errors are redacted (2.320792ms)
✔ missing private fee configuration fails before account work for every private action (1.819583ms)
✔ actual wallet keeps configured gas and normal account scope/tag through simulation and proof (30.477209ms)
✔ actual main claim uses standard author call with private fee payment (17.655667ms)
✔ actual main post uses standard author call with private fee payment (1.983833ms)
✔ actual main post dummy uses standard author call with private fee payment (1.022541ms)
✔ actual main withdraw uses standard author call with private fee payment (0.86725ms)
✔ moderator calls use their normal account with private fee payment (0.923375ms)
✔ inherited object names never select an application method (0.301791ms)
✔ actual main private post works with no Ethereum signer (0.794542ms)
✔ actual main fails before PXE when RPC identity changed after CLI preflight (0.706792ms)
✔ settlement pending returns after one witness lookup, without ninety-minute polling (1.663ms)
✔ witness RPC failure remains unknown, never a false unclaimed or paid result (1.419ms)
✔ consumed/error text is not evidence of a refund: false (1.91ms)
✔ consumed/error text is not evidence of a refund: true (1.040792ms)
✔ actual main refuses a private send when durable journal is unavailable (0.628292ms)
✔ actual main recovery avoids proving and Ethereum signing and reports revert distinctly (1.201209ms)
✔ Ethereum recovery handles already refunded receipts before checking active deposit (1.441875ms)
✔ actual moderator declare-immoral uses the active wallet's durable journal (1.042792ms)
✔ actual moderator declare-immoral refuses an unresolved previous transaction before preparing a fee (0.521833ms)
✔ actual moderator set-moderation-policy uses the active wallet's durable journal (0.944417ms)
✔ actual moderator set-moderation-policy refuses an unresolved previous transaction before preparing a fee (0.472792ms)
✔ actual moderator transfer-censor uses the active wallet's durable journal (0.613584ms)
✔ actual moderator transfer-censor refuses an unresolved previous transaction before preparing a fee (0.515833ms)
✔ moderator wallet cannot bypass journal ownership by supplying a second key (0.530625ms)
✔ moderator recovery success distinguishes an already completed identical transfer from a failed one (0.642708ms)
✔ moderator recovery reverted distinguishes an already completed identical transfer from a failed one (0.59725ms)
✔ moderator recovery with unknown outcome cannot prepare another private fee payment (0.484625ms)
✔ actual recovery dispatcher restores the saved message and nonce before requesting a fresh post proof (1.72775ms)
✔ already published stable identity blocks a replacement before fee preparation (0.956084ms)
✔ recovery cannot silently regenerate a dummy operation (0.550959ms)
✔ recovery cannot silently regenerate a withdraw operation (0.527584ms)
✔ recovery cannot silently regenerate a claim operation (0.444166ms)
✔ claim  records its own operation rather than stale real-post metadata (6.593917ms)
✔ post dummy records its own operation rather than stale real-post metadata (0.882333ms)
✔ withdraw  records its own operation rather than stale real-post metadata (0.700167ms)
✔ missing withdrawal note never proves success when history contains no exit (4.675208ms)
✔ missing withdrawal note never proves success when history is unavailable (1.673875ms)
✔ missing withdrawal note can recover an exact successful canonical exit without paying again (2.33975ms)
✔ missing withdrawal note cannot recover a reverted exit (1.380416ms)
✔ an exit for another selected deposit cannot complete withdrawal (2.108166ms)
✔ withdrawal recovery without original claim custody cannot guess deposit ownership (1.740333ms)
✔ withdrawal absence reconciliation has a deadline even if its receipt read stalls (23.13075ms)
✔ saved dummy requires the same source screening sequence (unchanged) (1.519166ms)
✔ saved dummy requires the same source screening sequence (changed) (0.78125ms)
✔ saved withdraw requires the same source screening sequence (unchanged) (0.89725ms)
✔ saved withdraw requires the same source screening sequence (changed) (0.790542ms)
✔ actual wallet passes attributed application spend to the durable journal before submission (0.807125ms)
✔ successful retried screening releases its step guard before the following withdrawal (3.566167ms)
✔ stale claim restores exact original receipt and claim identity without depositing again (6.407458ms)
✔ stale claim rejects changed amount before another fee payment (3.197292ms)
✔ stale claim rejects changed depositNonce before another fee payment (2.136667ms)
✔ stale claim rejects changed leafIndex before another fee payment (1.812ms)
✔ stale claim rejects changed depositChain before another fee payment (1.653584ms)
✔ stale claim rejects changed secretHash before another fee payment (1.730417ms)
✔ stale claim rejects changed depositor before another fee payment (1.989416ms)
✔ an existing note is not confirmation of an unresolved saved claim transaction (2.552458ms)
✔ failed claim does not enter the former thirty-attempt loop (4.626083ms)
✔ saved claim rejects a receipt returned for another transaction (1.6275ms)
✔ saved claim rejects a reorged Ethereum receipt (1.610292ms)
✔ saved claim receipt reads time out before any proof or fee preparation (21.66225ms)
✔ explicit recovery restores exact saved transfer-censor arguments (2.376917ms)
✔ explicit recovery restores exact saved set-moderation-policy arguments (1.837875ms)
✔ explicit recovery restores exact saved declare-immoral arguments (1.414708ms)
✔ daemon stale transaction reconciliation regenerates the same job (1.250041ms)
✔ daemon stale transaction reconciliation rejects another job (1.299625ms)
✔ saved moderator request cannot spend fees after authority transfers away (1.516166ms)
✔ real preparer failures stop every routed action before proof/send/funding and preserve bootstrap input (462.981292ms)
✔ actual claim readiness rejects absent, failed and wrong-index membership before fees or submission (13.4735ms)
✔ actual claim waits for delayed exact receipt key then prepares fees and submits once (4.679167ms)
✔ node failures are surfaced after one request, before private fee work (0.537625ms)
✔ contract registration failures are surfaced after one attempt (0.532542ms)
✔ cached wallet sync failure stops the next operation before fee preparation (0.936875ms)
✔ simulation failure is not retried and cannot start proving (0.470084ms)
✔ list rejects failed get_censor instead of inventing configuration (0.971209ms)
✔ list rejects failed get_k_multiplier instead of inventing configuration (0.677583ms)
✔ list rejects failed get_censor_window instead of inventing configuration (0.740083ms)
✔ list rejects failed get_max_save_up instead of inventing configuration (0.5045ms)
✔ failed board lookup is not classified as an absent deployment (0.489334ms)
✔ failed portal binding read prevents application actions (0.566917ms)
✔ automatic screening propagates a failed state refresh without another attempt (0.747ms)
✔ list cannot report an unreadable flag as an unflagged post (1.161625ms)
✔ deposit recovery rejects undefined without scanning or payment (3.154583ms)
✔ deposit recovery rejects 0x123 without scanning or payment (1.430291ms)
✔ deposit recovery rejects not-a-hash without scanning or payment (1.173042ms)
✔ bare reuse cannot turn recovery into a new deposit (0.55625ms)
✔ confirmed claim with failed sync reports confirmation and prevents further actions (3.443084ms)
✔ post reads time from the pinned RPC BlockResponse schema (3.569167ms)
✔ automatic screening rechecks chain cooldown (advancing=true) (5.307208ms)
✔ automatic screening rechecks chain cooldown (advancing=false) (25.057917ms)
✔ file: operation metadata survives restart and canonical recovery alone permits the next operation (220.129292ms)
✔ file: crash before broadcast recovers identical actual SDK transaction without a new proof (131.566125ms)
✔ file: crash after broadcast recovers receipt without resending; acknowledgement is explicit (160.553042ms)
✔ file: claim preserves exact intent at prepared (191.837458ms)
✔ file: claim preserves exact intent at response-lost (211.26175ms)
✔ file: claim preserves exact intent at before-confirmed (185.362833ms)
✔ file: claim preserves exact intent at after-confirmed (185.580625ms)
✔ file: post preserves exact intent at prepared (184.074666ms)
✔ file: post preserves exact intent at response-lost (184.936166ms)
✔ file: post preserves exact intent at before-confirmed (193.240083ms)
✔ file: post preserves exact intent at after-confirmed (174.369667ms)
✔ file: dummy preserves exact intent at prepared (195.671042ms)
✔ file: dummy preserves exact intent at response-lost (168.94625ms)
✔ file: dummy preserves exact intent at before-confirmed (193.26825ms)
✔ file: dummy preserves exact intent at after-confirmed (184.917666ms)
✔ file: withdraw preserves exact intent at prepared (175.656667ms)
✔ file: withdraw preserves exact intent at response-lost (183.723958ms)
✔ file: withdraw preserves exact intent at before-confirmed (184.892625ms)
✔ file: withdraw preserves exact intent at after-confirmed (188.050709ms)
✔ file: canonical recheck rejects previously acknowledged receipt after reorg (84.759791ms)
✔ file: concurrent prepare permits exactly one durable transaction (84.406708ms)
✔ file: wrong key and full-salt mismatch fail authentication (70.02525ms)
✔ file: scope separation never recovers another board or chain (55.938917ms)
✔ file: failed execution, uncertain drop, RPC error and foreign receipt never permit replacement (238.085709ms)
✔ file: wallet context change prevents recovery broadcast (85.015584ms)
✔ file: persisted envelope excludes transaction and wallet plaintext and tampering fails closed (110.689792ms)
✔ indexeddb: operation metadata survives restart and canonical recovery alone permits the next operation (171.042708ms)
✔ indexeddb: crash before broadcast recovers identical actual SDK transaction without a new proof (111.053292ms)
✔ indexeddb: crash after broadcast recovers receipt without resending; acknowledgement is explicit (154.888292ms)
✔ indexeddb: claim preserves exact intent at prepared (175.005375ms)
✔ indexeddb: claim preserves exact intent at response-lost (162.676959ms)
✔ indexeddb: claim preserves exact intent at before-confirmed (178.991333ms)
✔ indexeddb: claim preserves exact intent at after-confirmed (192.305458ms)
✔ indexeddb: post preserves exact intent at prepared (167.256042ms)
✔ indexeddb: post preserves exact intent at response-lost (173.068083ms)
✔ indexeddb: post preserves exact intent at before-confirmed (178.595833ms)
✔ indexeddb: post preserves exact intent at after-confirmed (172.752041ms)
✔ indexeddb: dummy preserves exact intent at prepared (186.40025ms)
✔ indexeddb: dummy preserves exact intent at response-lost (164.789833ms)
✔ indexeddb: dummy preserves exact intent at before-confirmed (177.279375ms)
✔ indexeddb: dummy preserves exact intent at after-confirmed (176.734791ms)
✔ indexeddb: withdraw preserves exact intent at prepared (166.057209ms)
✔ indexeddb: withdraw preserves exact intent at response-lost (174.343875ms)
✔ indexeddb: withdraw preserves exact intent at before-confirmed (173.516166ms)
✔ indexeddb: withdraw preserves exact intent at after-confirmed (177.906083ms)
✔ indexeddb: canonical recheck rejects previously acknowledged receipt after reorg (76.581375ms)
✔ indexeddb: concurrent prepare permits exactly one durable transaction (77.198708ms)
✔ indexeddb: wrong key and full-salt mismatch fail authentication (58.392583ms)
✔ indexeddb: scope separation never recovers another board or chain (47.554125ms)
✔ indexeddb: failed execution, uncertain drop, RPC error and foreign receipt never permit replacement (246.793125ms)
✔ indexeddb: wallet context change prevents recovery broadcast (85.364917ms)
✔ indexeddb: persisted envelope excludes transaction and wallet plaintext and tampering fails closed (83.873375ms)
✔ file adapter rejects symlinks, unsafe modes and stale locks without replacing data (1.803083ms)
✔ abrupt worker death after durable prepare preserves exact recovery transaction (272.754625ms)
ℹ tests 145
ℹ suites 0
ℹ pass 145
ℹ fail 0
ℹ cancelled 0
ℹ skipped 0
ℹ todo 0
ℹ duration_ms 9345.596542
