✔ rendezvous accepts only fixed stages and bounded unique public transaction identifiers (7.694959ms)
✔ atomic rendezvous cannot overwrite a prior stage or accept an unverified release (7.728167ms)
✔ missing release respects remaining parent budget (0.569792ms)
✔ canonical exit rejects wrong leaf, duplicate leaf, wrong nullifier and ineligible anchor (450.459209ms)
✔ aborted lifecycle terminates a rendezvous even with a clamped legacy time callback (105.858ms)
✔ browser modes roundtrip strictly across the real handoff boundary (14.048ms)
✔ journey diagnostic outputs fixed milestones and allowlisted exception only (0.325333ms)
✔ actual browser journey stops after one deposit action when claim reports an error (0.377958ms)
✔ partial canonical progress is ordered, bounded, public-only and copied (0.5095ms)
✔ non-Chromium lifecycle scenarios retain one explicit engine and existing bounds (0.665333ms)
✔ cold funding driver never claims or deposits again after a failed deposit (1.901292ms)
✔ handoff accepts actual SDK whole-token formatting and rejects invalid amounts (1.042542ms)
✔ MetaMask is accepted only for explicit Chromium lifecycle and funding (0.234208ms)
✔ MetaMask request observation preserves provider result and refuses overlapping transactions (100.154708ms)
✔ request guard attributes blank extension iframes without exempting application requests (0.291542ms)
✔ MetaMask confirmation guard binds exact account, chain, target, amount and calldata (15.979791ms)
ℹ tests 16
ℹ suites 0
ℹ pass 16
ℹ fail 0
ℹ cancelled 0
ℹ skipped 0
ℹ todo 0
ℹ duration_ms 820.709709
