[22:24:12.486] INFO: kv-store:lmdb-v2 Starting data store with maxReaders 4
[22:24:12.673] INFO: kv-store:lmdb-v2 Starting data store with maxReaders 4
{
  "passed": true,
  "status": "passed",
  "fixture": "synthetic persisted NoteDao history; no proofs",
  "pxeVersion": "5.2.0",
  "historyNotes": 1100,
  "checks": [
    "beyond old cap",
    "two successors",
    "deposit isolation",
    "owner/slot/contract isolation",
    "missing match",
    "reverse insertion",
    "persistent reopen",
    "scope deduplication",
    "duplicate detection",
    "pagination after selectors",
    "bounded duplicates"
  ],
  "elapsedMs": 302
}
