test_14_day_soak_fixture_accepted (test_graph.GraphTests.test_14_day_soak_fixture_accepted) ... ok
test_changed_distributable_invalidates_complete_release (test_graph.GraphTests.test_changed_distributable_invalidates_complete_release) ... ok
test_complete_state_with_unfinished_work_rejected (test_graph.GraphTests.test_complete_state_with_unfinished_work_rejected) ... ok
test_complete_synthetic_release_can_pass_all_gates (test_graph.GraphTests.test_complete_synthetic_release_can_pass_all_gates) ... ok
test_completion_edges_allow_start_but_prevent_completion (test_graph.GraphTests.test_completion_edges_allow_start_but_prevent_completion) ... ok
test_completion_edges_detect_cycle (test_graph.GraphTests.test_completion_edges_detect_cycle) ... ok
test_completion_edges_retain_terminal_ancestry (test_graph.GraphTests.test_completion_edges_retain_terminal_ancestry) ... ok
test_current_gate_rejects_changed_application (test_graph.GraphTests.test_current_gate_rejects_changed_application) ... ok
test_cycle_rejected (test_graph.GraphTests.test_cycle_rejected) ... ok
test_disabling_current_source_binding_rejected (test_graph.GraphTests.test_disabling_current_source_binding_rejected) ... ok
test_disconnected_release_work_rejected (test_graph.GraphTests.test_disconnected_release_work_rejected) ... ok
test_done_without_evidence_rejected (test_graph.GraphTests.test_done_without_evidence_rejected) ... ok
test_duplicate_acceptance_result_rejected (test_graph.GraphTests.test_duplicate_acceptance_result_rejected) ... ok
test_duplicate_ownership_model_rejected (test_graph.GraphTests.test_duplicate_ownership_model_rejected) ... ok
test_expired_network_evidence_rejected (test_graph.GraphTests.test_expired_network_evidence_rejected) ... ok
test_final_gate_cannot_omit_release_manifest (test_graph.GraphTests.test_final_gate_cannot_omit_release_manifest) ... ok
test_final_matrix_cannot_omit_historical_checks (test_graph.GraphTests.test_final_matrix_cannot_omit_historical_checks) ... ok
test_forged_source_inventory_digest_rejected (test_graph.GraphTests.test_forged_source_inventory_digest_rejected) ... ok
test_future_soak_end_rejected (test_graph.GraphTests.test_future_soak_end_rejected) ... ok
test_incomplete_blocker_rejected (test_graph.GraphTests.test_incomplete_blocker_rejected) ... ok
test_independent_audit_cannot_be_self_review (test_graph.GraphTests.test_independent_audit_cannot_be_self_review) ... ok
test_investigation_budget_requires_reassessment_and_keeps_candidates_visible (test_graph.GraphTests.test_investigation_budget_requires_reassessment_and_keeps_candidates_visible) ... ok
test_legacy_single_active_allowed (test_graph.GraphTests.test_legacy_single_active_allowed) ... ok
test_malformed_completion_edges_rejected_without_crash (test_graph.GraphTests.test_malformed_completion_edges_rejected_without_crash) ... ok
test_malformed_investigation_rejected (test_graph.GraphTests.test_malformed_investigation_rejected) ... ok
test_missing_acceptance_result_rejected (test_graph.GraphTests.test_missing_acceptance_result_rejected) ... ok
test_missing_dependency_rejected (test_graph.GraphTests.test_missing_dependency_rejected) ... ok
test_missing_requirement_trace_rejected (test_graph.GraphTests.test_missing_requirement_trace_rejected) ... ok
test_operations_start_independent_of_model_but_review_completion_is_gated (test_graph.GraphTests.test_operations_start_independent_of_model_but_review_completion_is_gated) ... ok
test_operator_acceptance_cannot_be_self_review (test_graph.GraphTests.test_operator_acceptance_cannot_be_self_review) ... ok
test_parallel_disjoint_lanes_allowed (test_graph.GraphTests.test_parallel_disjoint_lanes_allowed) ... ok
test_parallel_four_packages_rejected (test_graph.GraphTests.test_parallel_four_packages_rejected) ... ok
test_parallel_requires_distinct_lanes (test_graph.GraphTests.test_parallel_requires_distinct_lanes) ... ok
test_path_escape_rejected (test_graph.GraphTests.test_path_escape_rejected) ... ok
test_prepared_graph_and_rendered_plans_validate (test_graph.GraphTests.test_prepared_graph_and_rendered_plans_validate) ... ok
test_removing_external_audit_gate_rejected (test_graph.GraphTests.test_removing_external_audit_gate_rejected) ... ok
test_render_status_replaces_stale_text_with_current_checkpoint (test_graph.GraphTests.test_render_status_replaces_stale_text_with_current_checkpoint) ... ok
test_risk_priority_selects_shell_boundary_after_toolchain (test_graph.GraphTests.test_risk_priority_selects_shell_boundary_after_toolchain) ... ok
test_short_soak_rejected (test_graph.GraphTests.test_short_soak_rejected) ... ok
test_tampered_artifact_rejected (test_graph.GraphTests.test_tampered_artifact_rejected) ... ok
test_unfinished_dependency_rejected_for_done_task (test_graph.GraphTests.test_unfinished_dependency_rejected_for_done_task) ... ok
test_valid_fixture_evidence_accepted (test_graph.GraphTests.test_valid_fixture_evidence_accepted) ... ok
test_complete_cohort_and_nearest_rank (test_performance.PerformanceTests.test_complete_cohort_and_nearest_rank) ... ok
test_duplicate_and_inconsistent_metadata_rejected (test_performance.PerformanceTests.test_duplicate_and_inconsistent_metadata_rejected) ... ok
test_duplicate_manifest_slot_rejected (test_performance.PerformanceTests.test_duplicate_manifest_slot_rejected) ... ok
test_initialization_budget (test_performance.PerformanceTests.test_initialization_budget) ... ok
test_missing_and_failed_are_not_replaced (test_performance.PerformanceTests.test_missing_and_failed_are_not_replaced) ... ok
test_warm_budget (test_performance.PerformanceTests.test_warm_budget) ... ok

----------------------------------------------------------------------
Ran 48 tests in 0.224s

OK
