✔ one owner preserves child outcome and verifies cleanup (75.478875ms)
✔ failed child is reported and does not lose its result during cleanup (76.071084ms)
✔ deadline terminates and reaps a real hanging process (331.565458ms)
✔ malformed worker output is a harness failure, not discarded (96.224ms)
✔ cleanup failure preserves the completed command and fails overall (29.386167ms)
✔ scenario selection is explicit and has no legacy/default route (0.777209ms)
✔ first malformed record prevents subsequent stage callbacks (103.995792ms)
ℹ tests 7
ℹ suites 0
ℹ pass 7
ℹ fail 0
ℹ cancelled 0
ℹ skipped 0
ℹ todo 0
ℹ duration_ms 759.289292
✔ actual descendant accounting includes memory in a child-created process group and cleans it (359.311833ms)
✔ remembered descendant identity survives parent exit and remains counted and terminated (338.642375ms)
✔ snapshot failure after freezing cannot leave actual owned children stopped (194.369625ms)
✔ malformed process snapshots fail on the first read (0.274833ms)
✔ interrupted process snapshot is reported without retry (0.194958ms)
ℹ tests 5
ℹ suites 0
ℹ pass 5
ℹ fail 0
ℹ cancelled 0
ℹ skipped 0
ℹ todo 0
ℹ duration_ms 946.285542
✔ private prover profile defaults to one and explicitly supports two (0.814125ms)
✔ invalid counts and relative directories fail before singleton initialization (0.962208ms)
✔ scenario resource choices retain established native budgets (0.609792ms)
✔ local timing has an SDK-valid build window and Inbox readiness headroom (140.433375ms)
ℹ tests 4
ℹ suites 0
ℹ pass 4
ℹ fail 0
ℹ cancelled 0
ℹ skipped 0
ℹ todo 0
ℹ duration_ms 225.704416
✔ private fee proof preserves payment options, gas and owner context (0.748875ms)
✔ actual proven author payer rejects despite privatePayer preparation (0.381458ms)
✔ private fee route rejects a wrong account or exposed author payer (0.153417ms)
✔ payer mode is required and never inferred from an available callback (0.422917ms)
✔ explicit genesis fixture uses only the account payer (0.086625ms)
ℹ tests 5
ℹ suites 0
ℹ pass 5
ℹ fail 0
ℹ cancelled 0
ℹ skipped 0
ℹ todo 0
ℹ duration_ms 231.302
✔ official RPC schema reaches original node and captures exactly accepted transactions (139.859875ms)
✔ official client simultaneous reads cross the RPC adapter as a batch (5.057042ms)
✔ failed send is not accepted, and close disposes a hanging real HTTP request (28.608791ms)
✔ command parser keeps exact public hashes and fixed markers only (0.603292ms)
✔ actual child process runner preserves literal arguments, isolated env and fixed output (36.507166ms)
✔ timeout and excess output terminate owned child groups (139.122625ms)
✔ known command stages and failure codes retain no arbitrary output (0.224708ms)
✔ confirmed journal receipt keeps only its exact hash (0.09325ms)
ℹ tests 8
ℹ suites 0
ℹ pass 8
ℹ fail 0
ℹ cancelled 0
ℹ skipped 0
ℹ todo 0
ℹ duration_ms 931.360625
✔ rendezvous accepts only fixed stages and bounded unique public transaction identifiers (4.923792ms)
✔ atomic rendezvous cannot overwrite a prior stage or accept an unverified release (5.297041ms)
✔ missing release respects remaining parent budget (0.560167ms)
✔ canonical exit rejects wrong leaf, duplicate leaf, wrong nullifier and ineligible anchor (172.459ms)
✔ aborted lifecycle terminates a rendezvous even with a clamped legacy time callback (104.505042ms)
✔ actual shared producer builder roundtrips all five explicit browser scenarios (4.920667ms)
✔ journey diagnostic outputs fixed milestones and allowlisted exception only (0.231209ms)
✔ actual browser journey stops after one deposit action when claim reports an error (0.235708ms)
✔ partial canonical progress is ordered, bounded, public-only and copied (0.387875ms)
ℹ tests 9
ℹ suites 0
ℹ pass 9
ℹ fail 0
ℹ cancelled 0
ℹ skipped 0
ℹ todo 0
ℹ duration_ms 372.108292
✔ actual control flow posts once, restarts once, restores identity and invokes only recovery (102.506167ms)
✔ schema-v2 backup is rejected before post even when its stale journal list is empty (144.386041ms)
✔ stale acceptance file and expired deadline cannot restart or post (97.937125ms)
✔ acceptance requires exact schema, actual acceptance and exactly one send (2.740792ms)
✔ restart must close prior browser and retain profile/origin before reimport (96.825667ms)
✔ late physical closure cannot count as crash before automatic reconciliation (97.586334ms)
✔ recent acceptance cannot hide a submission request already older than the crash bound (96.76225ms)
ℹ tests 7
ℹ suites 0
ℹ pass 7
ℹ fail 0
ℹ cancelled 0
ℹ skipped 0
ℹ todo 0
ℹ duration_ms 680.585166
