✔ actual control flow posts once, restarts once, restores identity and invokes only recovery (103.658958ms)
✔ schema-v2 backup is rejected before post even when its stale journal list is empty (145.069834ms)
✔ stale acceptance file and expired deadline cannot restart or post (97.74025ms)
✔ acceptance requires exact schema, actual acceptance and exactly one send (3.00175ms)
✔ restart must close prior browser and retain profile/origin before reimport (97.037042ms)
✔ late physical closure cannot count as crash before automatic reconciliation (97.782084ms)
✔ recent acceptance cannot hide a submission request already older than the crash bound (96.45925ms)
✔ genuine original acceptance precedes exclusive public file; response withheld until close (9.778333ms)
✔ original rejection is never represented as accepted (0.854625ms)
✔ deadline releases held call and restores inherited method (41.683292ms)
✔ close during real acceptance prevents a late acceptance notification (0.809041ms)
✔ preexisting public rendezvous cannot be overwritten (1.281917ms)
ℹ tests 12
ℹ suites 0
ℹ pass 12
ℹ fail 0
ℹ cancelled 0
ℹ skipped 0
ℹ todo 0
ℹ duration_ms 680.487459
