✔ fixed V8 fatal classifications survive chunk boundaries without exposing stderr (1.287167ms)
✔ unrelated signals and arbitrary text remain unclassified; retained text is bounded (1.730875ms)
✔ classification remains available after a large trailing stack (0.160708ms)
✔ real failed coordinator promptly stops waiting browser and preserves native report (219.124083ms)
✔ successful coordinator allows real browser to finish afterward without cancellation (366.022166ms)
✔ timeout, signal and spawn error stop before browser wait; missing browser is supported (0.311792ms)
✔ rendezvous accepts only fixed stages and bounded unique public transaction identifiers (6.65325ms)
✔ atomic rendezvous cannot overwrite a prior stage or accept an unverified release (6.248041ms)
✔ missing release respects remaining parent budget (0.566083ms)
✔ canonical exit rejects wrong leaf, duplicate leaf, wrong nullifier and ineligible anchor (308.67325ms)
✔ aborted lifecycle terminates a rendezvous even with a clamped legacy time callback (107.469333ms)
✔ actual shared producer builder roundtrips all three strict parent-worker modes (3.973084ms)
✔ journey diagnostic outputs fixed milestones and allowlisted exception only (0.23875ms)
✔ pending claim retries once through supplied GUI action then succeeds (0.134167ms)
✔ unexpected claim errors never retry (0.111417ms)
✔ repeated pending claims stop after three total attempts (0.077875ms)
✔ receipt changes, lost pending controls and existing submission prohibit further retry (0.161958ms)
✔ actual shared log timestamp is removed once before strict pending classification (32.28775ms)
✔ partial canonical progress is ordered, bounded, public-only and copied (0.56575ms)
✔ actual control flow posts once, restarts once, restores identity and invokes only recovery (104.942916ms)
✔ schema-v2 backup is rejected before post even when its stale journal list is empty (145.179167ms)
✔ stale acceptance file and expired deadline cannot restart or post (96.932709ms)
✔ acceptance requires exact schema, actual acceptance and exactly one send (3.020167ms)
✔ restart must close prior browser and retain profile/origin before reimport (96.583291ms)
✔ late physical closure cannot count as crash before automatic reconciliation (96.770041ms)
✔ recent acceptance cannot hide a submission request already older than the crash bound (97.568709ms)
✔ genuine original acceptance precedes exclusive public file; response withheld until close (10.87925ms)
✔ original rejection is never represented as accepted (1.072959ms)
✔ deadline releases held call and restores inherited method (42.030625ms)
✔ close during real acceptance prevents a late acceptance notification (0.729208ms)
✔ preexisting public rendezvous cannot be overwritten (1.455792ms)
ℹ tests 31
ℹ suites 0
ℹ pass 31
ℹ fail 0
ℹ cancelled 0
ℹ skipped 0
ℹ todo 0
ℹ duration_ms 689.312167
