✔ private prover profile defaults to one and explicitly supports two (1.191667ms)
✔ invalid counts and relative directories fail before singleton initialization (1.172042ms)
✔ scenario resource choices retain established native budgets (0.617917ms)
✔ local timing has an SDK-valid build window and Inbox readiness headroom (197.767208ms)
✔ rendezvous accepts only fixed stages and bounded unique public transaction identifiers (5.489833ms)
✔ atomic rendezvous cannot overwrite a prior stage or accept an unverified release (6.8565ms)
✔ missing release respects remaining parent budget (0.475167ms)
✔ canonical exit rejects wrong leaf, duplicate leaf, wrong nullifier and ineligible anchor (607.049291ms)
✔ aborted lifecycle terminates a rendezvous even with a clamped legacy time callback (105.559916ms)
✔ actual shared producer builder roundtrips all three strict parent-worker modes (4.199125ms)
✔ journey diagnostic outputs fixed milestones and allowlisted exception only (0.419583ms)
✔ actual browser journey stops after one deposit action when claim reports an error (0.296583ms)
✔ partial canonical progress is ordered, bounded, public-only and copied (0.480125ms)
ℹ tests 13
ℹ suites 0
ℹ pass 13
ℹ fail 0
ℹ cancelled 0
ℹ skipped 0
ℹ todo 0
ℹ duration_ms 852.075083
