✔ normal author calls carry only private payment method and bootstrap claim is consumed once (2.39625ms)
✔ unknown submission is preserved without retry and private errors are redacted (2.190375ms)
✔ missing private fee configuration fails before account work for every private action (1.817708ms)
✔ actual wallet keeps configured gas and normal account scope/tag through simulation and proof (9.961292ms)
✔ actual main claim uses standard author call with private fee payment (20.291666ms)
✔ actual main post uses standard author call with private fee payment (1.940833ms)
✔ actual main post dummy uses standard author call with private fee payment (0.935125ms)
✔ actual main withdraw uses standard author call with private fee payment (0.856917ms)
✔ moderator calls use their normal account with private fee payment (0.93225ms)
✔ inherited object names never select an application method (0.308292ms)
✔ actual main private post works with no Ethereum signer (0.817458ms)
✔ actual main fails before PXE when RPC identity changed after CLI preflight (0.458167ms)
✔ settlement pending returns after one witness lookup, without ninety-minute polling (1.428625ms)
✔ witness RPC failure remains unknown, never a false unclaimed or paid result (1.00125ms)
✔ consumed/error text is not evidence of a refund: false (1.641542ms)
✔ consumed/error text is not evidence of a refund: true (0.875709ms)
✔ actual main refuses a private send when durable journal is unavailable (0.568167ms)
✔ actual main recovery avoids proving and Ethereum signing and reports revert distinctly (1.060916ms)
✔ Ethereum recovery handles already refunded receipts before checking active deposit (1.882ms)
✔ actual moderator declare-immoral uses the active wallet's durable journal (1.13225ms)
✔ actual moderator declare-immoral refuses an unresolved previous transaction before preparing a fee (0.5965ms)
✔ actual moderator set-moderation-policy uses the active wallet's durable journal (0.912083ms)
✔ actual moderator set-moderation-policy refuses an unresolved previous transaction before preparing a fee (0.708625ms)
✔ actual moderator transfer-censor uses the active wallet's durable journal (0.902625ms)
✔ actual moderator transfer-censor refuses an unresolved previous transaction before preparing a fee (0.608375ms)
✔ moderator wallet cannot bypass journal ownership by supplying a second key (0.764875ms)
✔ moderator recovery success distinguishes an already completed identical transfer from a failed one (1.109917ms)
✔ moderator recovery reverted distinguishes an already completed identical transfer from a failed one (1.017542ms)
✔ moderator recovery with unknown outcome cannot prepare another private fee payment (0.685958ms)
✔ actual recovery dispatcher restores the saved message and nonce before requesting a fresh post proof (1.752833ms)
✔ already published stable identity blocks a replacement before fee preparation (0.788625ms)
✔ recovery cannot silently regenerate a dummy operation (0.491834ms)
✔ recovery cannot silently regenerate a withdraw operation (0.746541ms)
✔ recovery cannot silently regenerate a claim operation (0.547417ms)
✔ claim  records its own operation rather than stale real-post metadata (6.619625ms)
✔ post dummy records its own operation rather than stale real-post metadata (1.215625ms)
✔ withdraw  records its own operation rather than stale real-post metadata (0.894666ms)
✔ missing withdrawal note never proves success when history contains no exit (2.993667ms)
✔ missing withdrawal note never proves success when history is unavailable (1.66425ms)
✔ missing withdrawal note can recover an exact successful canonical exit without paying again (2.7055ms)
✔ missing withdrawal note cannot recover a reverted exit (2.017333ms)
✔ an exit for another selected deposit cannot complete withdrawal (3.252709ms)
✔ withdrawal recovery without original claim custody cannot guess deposit ownership (2.362375ms)
✔ withdrawal absence reconciliation has a deadline even if its receipt read stalls (22.709709ms)
✔ saved dummy requires the same source screening sequence (unchanged) (2.15075ms)
✔ saved dummy requires the same source screening sequence (changed) (0.889292ms)
✔ saved withdraw requires the same source screening sequence (unchanged) (0.753125ms)
✔ saved withdraw requires the same source screening sequence (changed) (0.626792ms)
✔ actual wallet passes attributed application spend to the durable journal before submission (130.3915ms)
✔ successful retried screening releases its step guard before the following withdrawal (3.624583ms)
✔ stale claim restores exact original receipt and claim identity without depositing again (3.547917ms)
✔ stale claim rejects changed amount before another fee payment (2.385ms)
✔ stale claim rejects changed depositNonce before another fee payment (2.699584ms)
✔ stale claim rejects changed leafIndex before another fee payment (2.262583ms)
✔ stale claim rejects changed depositChain before another fee payment (2.169ms)
✔ stale claim rejects changed secretHash before another fee payment (2.063166ms)
✔ stale claim rejects changed depositor before another fee payment (3.3635ms)
✔ an existing note is not confirmation of an unresolved saved claim transaction (2.936ms)
✔ failed claim does not enter the former thirty-attempt loop (4.385375ms)
✔ saved claim rejects a receipt returned for another transaction (1.715917ms)
✔ saved claim rejects a reorged Ethereum receipt (1.527459ms)
✔ saved claim receipt reads time out before any proof or fee preparation (22.871209ms)
✔ explicit recovery restores exact saved transfer-censor arguments (2.063958ms)
✔ explicit recovery restores exact saved set-moderation-policy arguments (2.103625ms)
✔ explicit recovery restores exact saved declare-immoral arguments (2.398583ms)
✔ daemon stale transaction reconciliation regenerates the same job (1.470625ms)
✔ daemon stale transaction reconciliation rejects another job (1.255042ms)
✔ saved moderator request cannot spend fees after authority transfers away (2.491833ms)
✔ real preparer failures stop every routed action before proof/send/funding and preserve bootstrap input (463.641416ms)
✔ actual claim readiness rejects absent, failed and wrong-index membership before fees or submission (14.532583ms)
✔ actual claim waits for delayed exact receipt key then prepares fees and submits once (5.678041ms)
✔ node failures are surfaced after one request, before private fee work (0.81975ms)
✔ contract registration failures are surfaced after one attempt (0.6345ms)
✔ cached wallet sync failure stops the next operation before fee preparation (1.007958ms)
✔ simulation failure is not retried and cannot start proving (0.32325ms)
✔ list rejects failed get_censor instead of inventing configuration (0.86725ms)
✔ list rejects failed get_k_multiplier instead of inventing configuration (0.54975ms)
✔ list rejects failed get_censor_window instead of inventing configuration (0.554625ms)
✔ list rejects failed get_max_save_up instead of inventing configuration (0.60175ms)
✔ failed board lookup is not classified as an absent deployment (0.443875ms)
✔ failed portal binding read prevents application actions (0.5545ms)
✔ automatic screening propagates a failed state refresh without another attempt (0.804167ms)
✔ list cannot report an unreadable flag as an unflagged post (0.919834ms)
✔ deposit recovery rejects undefined without scanning or payment (2.298ms)
✔ deposit recovery rejects 0x123 without scanning or payment (1.544125ms)
✔ deposit recovery rejects not-a-hash without scanning or payment (1.654083ms)
✔ bare reuse cannot turn recovery into a new deposit (0.524917ms)
✔ confirmed claim with failed sync reports confirmation and prevents further actions (3.400041ms)
✔ post reads time from the pinned RPC BlockResponse schema (3.491667ms)
✔ automatic screening rechecks chain cooldown (advancing=true) (4.871333ms)
✔ automatic screening rechecks chain cooldown (advancing=false) (25.381708ms)
ℹ tests 91
ℹ suites 0
ℹ pass 91
ℹ fail 0
ℹ cancelled 0
ℹ skipped 0
ℹ todo 0
ℹ duration_ms 1548.807417
