✔ browser actual module persists ciphertext and interoperates with Node AES-GCM (7.623916ms)
✔ browser actual custody rejects wrong wallet, ciphertext corruption and moved scope (3.408209ms)
✔ browser save observes transaction abort and never reports durable success (1.430166ms)
✔ actual engine codec matches frozen claim, boundary and exit commitments (4.285458ms)
✔ actual public deposit flow saves and reads back before send; returns bridge message index without secret (6.073416ms)
✔ actual deposit flow fails closed for missing store, failed durability and disabled portal (2.271875ms)
✔ actual deposit flow fails closed for mismatched read-back and existing receipt (1.552583ms)
✔ actual recovery rejects an already refunded deposit event at the same amount and requires its saved secret (5.720083ms)
✔ normal author calls carry only private payment method and bootstrap claim is consumed once (2.332833ms)
✔ unknown submission is preserved without retry and private errors are redacted (1.934542ms)
✔ missing private fee configuration fails before account work for every private action (1.459458ms)
✔ actual wallet keeps configured gas and normal account scope/tag through simulation and proof (9.419792ms)
✔ actual main claim uses standard author call with private fee payment (9.461542ms)
✔ actual main post uses standard author call with private fee payment (2.068917ms)
✔ actual main post dummy uses standard author call with private fee payment (1.346375ms)
✔ actual main withdraw uses standard author call with private fee payment (3.596ms)
✔ moderator calls use their normal account with private fee payment (0.994959ms)
✔ inherited object names never select an application method (0.28525ms)
✔ actual main private post works with no Ethereum signer (1.140041ms)
✔ actual main fails before PXE when RPC identity changed after CLI preflight (0.666333ms)
✔ settlement pending returns after one witness lookup, without ninety-minute polling (1.284208ms)
✔ witness RPC failure remains unknown, never a false unclaimed or paid result (0.855875ms)
✔ consumed/error text is not evidence of a refund: false (1.457834ms)
✔ consumed/error text is not evidence of a refund: true (0.83ms)
✔ actual main refuses a private send when durable journal is unavailable (0.78225ms)
✔ actual main recovery avoids proving and Ethereum signing and reports revert distinctly (1.140792ms)
✔ Ethereum recovery handles already refunded receipts before checking active deposit (1.383208ms)
✔ actual moderator declare-immoral uses the active wallet's durable journal (0.922916ms)
✔ actual moderator declare-immoral refuses an unresolved previous transaction before preparing a fee (0.3995ms)
✔ actual moderator set-moderation-policy uses the active wallet's durable journal (0.852083ms)
✔ actual moderator set-moderation-policy refuses an unresolved previous transaction before preparing a fee (0.3845ms)
✔ actual moderator transfer-censor uses the active wallet's durable journal (0.60975ms)
✔ actual moderator transfer-censor refuses an unresolved previous transaction before preparing a fee (0.392417ms)
✔ moderator wallet cannot bypass journal ownership by supplying a second key (0.499917ms)
✔ moderator recovery success distinguishes an already completed identical transfer from a failed one (0.626667ms)
✔ moderator recovery reverted distinguishes an already completed identical transfer from a failed one (0.731625ms)
✔ moderator recovery with unknown outcome cannot prepare another private fee payment (0.621542ms)
✔ actual recovery dispatcher restores the saved message and nonce before requesting a fresh post proof (1.480209ms)
✔ already published stable identity blocks a replacement before fee preparation (0.72125ms)
✔ recovery cannot silently regenerate a dummy operation (0.510833ms)
✔ recovery cannot silently regenerate a withdraw operation (0.448791ms)
✔ recovery cannot silently regenerate a claim operation (0.432041ms)
✔ claim  records its own operation rather than stale real-post metadata (3.671833ms)
✔ post dummy records its own operation rather than stale real-post metadata (0.877083ms)
✔ withdraw  records its own operation rather than stale real-post metadata (0.662583ms)
✔ missing withdrawal note never proves success when history contains no exit (0.600208ms)
✔ missing withdrawal note never proves success when history is unavailable (0.526334ms)
✔ missing withdrawal note requires saved transaction recovery even if matching exit content exists (0.753292ms)
✔ missing withdrawal note cannot recover a reverted exit (0.70175ms)
✔ an exit for another selected deposit cannot complete withdrawal (0.711583ms)
✔ withdrawal recovery without original claim custody cannot guess deposit ownership (0.747708ms)
✔ missing withdrawal note rejects without scanning history or looking up a claim secret (0.541375ms)
✔ saved dummy requires the same source screening sequence (unchanged) (0.894625ms)
✔ saved dummy requires the same source screening sequence (changed) (0.6245ms)
✔ saved withdraw requires the same source screening sequence (unchanged) (0.704ms)
✔ saved withdraw requires the same source screening sequence (changed) (0.643ms)
✔ actual wallet passes attributed application spend to the durable journal before submission (125.152166ms)
✔ successful retried screening releases its step guard before the following withdrawal (3.074917ms)
✔ stale claim restores exact original receipt and claim identity without depositing again (3.305625ms)
✔ stale claim rejects changed amount before another fee payment (1.691125ms)
✔ stale claim rejects changed leafIndex before another fee payment (1.447ms)
✔ stale claim rejects changed depositChain before another fee payment (1.382541ms)
✔ stale claim rejects changed secretHash before another fee payment (1.295667ms)
✔ stale claim rejects changed depositor before another fee payment (1.284125ms)
✔ an existing note is not confirmation of an unresolved saved claim transaction (1.579083ms)
✔ failed claim does not enter the former thirty-attempt loop (2.919333ms)
✔ saved claim rejects a receipt returned for another transaction (0.736583ms)
✔ saved claim rejects a reorged Ethereum receipt (0.573875ms)
✔ saved claim receipt reads time out before any proof or fee preparation (22.7995ms)
✔ explicit recovery restores exact saved transfer-censor arguments (2.021ms)
✔ explicit recovery restores exact saved set-moderation-policy arguments (1.754625ms)
✔ explicit recovery restores exact saved declare-immoral arguments (1.363167ms)
✔ daemon stale transaction reconciliation regenerates the same job (1.259125ms)
✔ daemon stale transaction reconciliation rejects another job (1.172708ms)
✔ saved moderator request cannot spend fees after authority transfers away (1.21275ms)
✔ real preparer failures stop every routed action before proof/send/funding and preserve bootstrap input (401.474958ms)
✔ actual claim readiness rejects absent, failed and wrong-index membership before fees or submission (10.860042ms)
✔ actual claim waits for delayed exact receipt key then prepares fees and submits once (3.937709ms)
✔ node failures are surfaced after one request, before private fee work (0.397542ms)
✔ contract registration failures are surfaced after one attempt (0.429042ms)
✔ cached wallet sync failure stops the next operation before fee preparation (0.754833ms)
✔ simulation failure is not retried and cannot start proving (0.28075ms)
✔ list rejects failed get_censor instead of inventing configuration (0.621584ms)
✔ list rejects failed get_k_multiplier instead of inventing configuration (0.593792ms)
✔ list rejects failed get_censor_window instead of inventing configuration (0.687875ms)
✔ list rejects failed get_max_save_up instead of inventing configuration (0.468292ms)
✔ failed board lookup is not classified as an absent deployment (0.400417ms)
✔ failed portal binding read prevents application actions (0.441916ms)
✔ automatic screening propagates a failed state refresh without another attempt (0.649875ms)
✔ list cannot report an unreadable flag as an unflagged post (1.0225ms)
✔ deposit recovery rejects undefined without scanning or payment (0.783709ms)
✔ deposit recovery rejects 0x123 without scanning or payment (0.634ms)
✔ deposit recovery rejects not-a-hash without scanning or payment (0.528709ms)
✔ bare reuse cannot turn recovery into a new deposit (0.388417ms)
✔ confirmed claim with failed sync reports confirmation and prevents further actions (2.5465ms)
✔ post reads time from the pinned RPC BlockResponse schema (2.626209ms)
✔ automatic screening rechecks chain cooldown (advancing=true) (5.022709ms)
✔ automatic screening rechecks chain cooldown (advancing=false) (26.270958ms)
✔ accepted claim survives engine restart and changed UI intent through the real encrypted journal (173.294167ms)
✔ accepted dummy survives engine restart and changed UI intent through the real encrypted journal (164.025166ms)
✔ confirmed claim with missing delivered note reports synchronization pending without resubmission (3.132417ms)
✔ actual wallet rejects total-da before proving or submitting (0.415416ms)
✔ actual wallet rejects total-l2 before proving or submitting (0.227041ms)
✔ actual wallet rejects teardown-da before proving or submitting (0.199584ms)
✔ actual wallet rejects teardown-l2 before proving or submitting (0.193625ms)
✔ actual wallet rejects missing-public before proving or submitting (0.196667ms)
✔ actual wallet rejects revert before proving or submitting (0.190167ms)
✔ entirely private simulation needs no public output and still checks gas before proof (0.319167ms)
✔ recovered withdrawal survives status without Ethereum signer and after reconnect (0.625709ms)
✔ zero portal balance preserves the exact withdrawal until verified refund recovery (0.59675ms)
✔ Ethereum refund recovery binds the saved L2 withdrawal: matching (0.928667ms)
✔ Ethereum refund recovery binds the saved L2 withdrawal: older-refund (0.751166ms)
✔ Ethereum refund recovery binds the saved L2 withdrawal: missing-witness (0.559958ms)
✔ Ethereum refund recovery binds the saved L2 withdrawal: rpc-error (0.5565ms)
✔ actual control flow posts once, restarts once, restores identity and invokes only recovery (97.504792ms)
✔ schema-v2 backup is rejected before post even when its stale journal list is empty (141.21675ms)
✔ stale acceptance file and expired deadline cannot restart or post (93.663833ms)
✔ acceptance requires exact schema, actual acceptance and exactly one send (2.657958ms)
✔ restart must close prior browser and retain profile/origin before reimport (92.6995ms)
✔ late physical closure cannot count as crash before automatic reconciliation (93.456292ms)
✔ recent acceptance cannot hide a submission request already older than the crash bound (92.557125ms)
✔ withdrawal recovers once then reconnects Ethereum to display pending refund without submitting it (91.734667ms)
✔ unknown recovery action is rejected before interacting with the page (45.964875ms)
ℹ tests 123
ℹ suites 0
ℹ pass 123
ℹ fail 0
ℹ cancelled 0
ℹ skipped 0
ℹ todo 0
ℹ duration_ms 2493.141333
