
> test:harness
> node scripts/test-harness.mjs harness

✔ one owner preserves child outcome and verifies cleanup (50.972167ms)
✔ failed child is reported and does not lose its result during cleanup (45.927375ms)
✔ deadline terminates and reaps a real hanging process (287.431042ms)
✔ malformed worker output is a harness failure, not discarded (52.6465ms)
✔ cleanup failure preserves the completed command and fails overall (21.704416ms)
✔ scenario selection is explicit and has no legacy/default route (0.59075ms)
✔ first malformed record prevents subsequent stage callbacks (48.578583ms)
✔ peak memory retains only process identity and measured RSS (0.322875ms)
ℹ tests 8
ℹ suites 0
ℹ pass 8
ℹ fail 0
ℹ cancelled 0
ℹ skipped 0
ℹ todo 0
ℹ duration_ms 544.30875
✔ actual descendant accounting includes memory in a child-created process group and cleans it (240.510542ms)
✔ remembered descendant identity survives parent exit and remains counted and terminated (260.400292ms)
✔ snapshot failure after freezing cannot leave actual owned children stopped (122.397584ms)
✔ malformed process snapshots fail on the first read (0.245917ms)
✔ interrupted process snapshot is reported without retry (0.092125ms)
ℹ tests 5
ℹ suites 0
ℹ pass 5
ℹ fail 0
ℹ cancelled 0
ℹ skipped 0
ℹ todo 0
ℹ duration_ms 657.034375
✔ private prover profile defaults to one and explicitly supports two (0.527625ms)
✔ invalid counts and relative directories fail before singleton initialization (0.711083ms)
✔ scenario resource choices retain established native budgets (0.438084ms)
✔ local timing has an SDK-valid build window and Inbox readiness headroom (59.842375ms)
ℹ tests 4
ℹ suites 0
ℹ pass 4
ℹ fail 0
ℹ cancelled 0
ℹ skipped 0
ℹ todo 0
ℹ duration_ms 117.127167
✔ private fee proof preserves payment options, gas and owner context (0.778708ms)
✔ actual proven author payer rejects despite privatePayer preparation (0.349375ms)
✔ private fee route rejects a wrong account or exposed author payer (0.14675ms)
✔ payer mode is required and never inferred from an available callback (0.379667ms)
✔ explicit genesis fixture uses only the account payer (0.095833ms)
✔ withdrawal rejection helper emits valid progress for both exact constraint reasons (0.635375ms)
✔ gas measurement uses the exact proven transaction with fee enforcement and rejects reverts (0.307791ms)
ℹ tests 7
ℹ suites 0
ℹ pass 7
ℹ fail 0
ℹ cancelled 0
ℹ skipped 0
ℹ todo 0
ℹ duration_ms 156.042583
✔ official RPC schema reaches original node and captures exactly accepted transactions (126.272ms)
✔ official client simultaneous reads cross the RPC adapter as a batch (5.108459ms)
✔ failed send is not accepted, and close disposes a hanging real HTTP request (28.46025ms)
✔ command parser keeps exact public hashes and fixed markers only (0.553458ms)
✔ actual child process runner preserves literal arguments, isolated env and fixed output (32.728208ms)
✔ timeout and excess output terminate owned child groups (131.773375ms)
✔ known command stages and failure codes retain no arbitrary output (0.252625ms)
✔ confirmed journal receipt keeps only its exact hash (0.102291ms)
ℹ tests 8
ℹ suites 0
ℹ pass 8
ℹ fail 0
ℹ cancelled 0
ℹ skipped 0
ℹ todo 0
ℹ duration_ms 760.707625
✔ rendezvous accepts only fixed stages and bounded unique public transaction identifiers (5.008167ms)
✔ atomic rendezvous cannot overwrite a prior stage or accept an unverified release (4.498625ms)
✔ missing release respects remaining parent budget (0.419334ms)
✔ canonical exit rejects wrong leaf, duplicate leaf, wrong nullifier and ineligible anchor (157.238584ms)
✔ aborted lifecycle terminates a rendezvous even with a clamped legacy time callback (103.963542ms)
✔ browser modes roundtrip strictly across the real handoff boundary (10.394333ms)
✔ journey diagnostic outputs fixed milestones and allowlisted exception only (0.247791ms)
✔ actual browser journey stops after one deposit action when claim reports an error (0.259208ms)
✔ partial canonical progress is ordered, bounded, public-only and copied (0.364125ms)
✔ non-Chromium lifecycle scenarios retain one explicit engine and existing bounds (0.4955ms)
✔ cold funding driver never claims or deposits again after a failed deposit (0.656417ms)
✔ handoff accepts actual SDK whole-token formatting and rejects invalid amounts (0.688ms)
✔ MetaMask is accepted only for the explicit Chromium lifecycle (0.15325ms)
✔ MetaMask request observation preserves provider result and refuses overlapping transactions (0.688375ms)
✔ request guard attributes blank extension iframes without exempting application requests (0.145042ms)
ℹ tests 15
ℹ suites 0
ℹ pass 15
ℹ fail 0
ℹ cancelled 0
ℹ skipped 0
ℹ todo 0
ℹ duration_ms 352.767791
✔ warm sample cannot reuse cold proof intervals, but initialization remains distinct (1.3315ms)
✔ pending or duplicate proof intervals cannot masquerade as a completed sample (0.197375ms)
✔ benchmark gas is repeatable and independently mutable per run (0.217125ms)
✔ phase observer forwards only fixed boundaries, never arbitrary performance entries (0.158667ms)
ℹ tests 4
ℹ suites 0
ℹ pass 4
ℹ fail 0
ℹ cancelled 0
ℹ skipped 0
ℹ todo 0
ℹ duration_ms 109.145084
✔ portable error observer preserves formatter behavior and exports only bounded safe fields (1.428958ms)
✔ common formatter captures fee-page coordinates and preserves its result (0.241667ms)
✔ plain RPC cause exports only bounded redacted message and code (0.154333ms)
ℹ tests 3
ℹ suites 0
ℹ pass 3
ℹ fail 0
ℹ cancelled 0
ℹ skipped 0
ℹ todo 0
ℹ duration_ms 35.431792
✔ fixture proxy closes idle connections before upstream and never repeats POSTs (22249.67075ms)
ℹ tests 1
ℹ suites 0
ℹ pass 1
ℹ fail 0
ℹ cancelled 0
ℹ skipped 0
ℹ todo 0
ℹ duration_ms 23248.050083
✔ actual control flow posts once, restarts once, restores identity and invokes only recovery (96.758833ms)
✔ schema-v2 backup is rejected before post even when its stale journal list is empty (136.711584ms)
✔ stale acceptance file and expired deadline cannot restart or post (91.118791ms)
✔ acceptance requires exact schema, actual acceptance and exactly one send (2.276ms)
✔ restart must close prior browser and retain profile/origin before reimport (92.21075ms)
✔ late physical closure cannot count as crash before automatic reconciliation (92.094875ms)
✔ recent acceptance cannot hide a submission request already older than the crash bound (92.18025ms)
✔ withdrawal recovers once then reconnects Ethereum to display pending refund without submitting it (92.216042ms)
✔ unknown recovery action is rejected before interacting with the page (45.660583ms)
ℹ tests 9
ℹ suites 0
ℹ pass 9
ℹ fail 0
ℹ cancelled 0
ℹ skipped 0
ℹ todo 0
ℹ duration_ms 780.490541
