{
  "outcome": "pass",
  "node": "24.21.0",
  "sdkSha256": "999bd70df4f1e133fa27413a112bdc30efeaf7f39727d46ede1d620c15b8a6af",
  "scope": "Named functions extracted from real CLI sources; no main(), remote RPC, pre-existing wallets, persisted wallet files, or transactions. Account derivation and hashing use the actual built SDK.",
  "sourceHashes": {
    "apps/src/billboard/user/cli.mjs": "2dbe0bc8a8dbb68b43128c8c20280b69989b44146fe53e82146051a2d7a55489",
    "apps/src/billboard/deploy/cli.mjs": "1c3165a96f4e30f428c3768cafe53187c867cea14c25fe5b16c2c280cefe0707",
    "shared/aztec-lib.js": "6665f7e9cfff88d018dd09b3deecf23e6e307b9b2296f321da4fb12f29b798b7"
  },
  "results": [
    {
      "lane": "user",
      "outcome": "pass",
      "extractedFunction": "loadAztecSDK",
      "functionSha256": "8616e19ad8004bc0d4728611b2ee9df37ff968557e5af31e10b3f83078593f68",
      "exports": 97,
      "poseidon": "0x038682aa1cb5ae4e0a3f13da432a95c77c5c111f6f030faf9cad641ce1ed7383",
      "disposableAddress": "0x247237ece6de9a5f863fb8740a783ecf5110573e2cba008b2fc11ebf94bb8fcb",
      "bufferCompatibility": "pass",
      "storage": "actual bundled adapter opened, reopened and deleted in process-local fake-indexeddb",
      "networkRequests": 0,
      "filesystemWrites": 0
    },
    {
      "lane": "deploy",
      "outcome": "pass",
      "extractedFunction": "loadAztecSDK",
      "functionSha256": "bc3aa74762ac94b6e59f95b43789ad5fc6ec81b0e98bbe6d6d486a25fd54d080",
      "exports": 97,
      "poseidon": "0x038682aa1cb5ae4e0a3f13da432a95c77c5c111f6f030faf9cad641ce1ed7383",
      "disposableAddress": "0x247237ece6de9a5f863fb8740a783ecf5110573e2cba008b2fc11ebf94bb8fcb",
      "bufferCompatibility": "pass",
      "storage": "actual bundled adapter opened, reopened and deleted in process-local fake-indexeddb",
      "networkRequests": 0,
      "filesystemWrites": 0
    }
  ]
}
