✔ ordered per-step inputs, hiding VK, local verification and compressed fields match upstream (1.512375ms)
✔ each failed command stops all later work and redacts underlying data (3.367917ms)
✔ invalid proof cannot reach compression or caller (0.330833ms)
✔ overlap cannot poison active job; failed singleton is quarantined and fresh instance works (1.028583ms)
✔ missing compressed output is rejected even after valid local verification (0.319375ms)
✔ user generated page binds canonical fee artifact and public config without credential interception (72.234833ms)
✔ censor generated page binds canonical fee artifact and public config without credential interception (24.54475ms)
✔ deploy generated page binds canonical fee artifact and public config without credential interception (26.164208ms)
✔ fee-juice generated page binds canonical fee artifact and public config without credential interception (17.417459ms)
✔ build provenance rejects changed frontend sources paired with old HTML (27.416917ms)
✔ build provenance rejects output changes and removed output (23.141ms)
✔ source removal and newly discovered app invalidate previous build (21.7595ms)
✔ partial or interrupted builds cannot preserve a valid aggregate manifest (26.667917ms)
✔ mid-build drift and private RPC overrides cannot be certified (21.761292ms)
✔ internal symlinks hash the actual source while escapes and cycles reject (17.171208ms)
✔ obsolete template cannot leave a served HTML page in certified output (22.503291ms)
✔ unexpected top-level and nested HTML reject certification without deletion (20.789625ms)
✔ output symlink escapes and cycles cannot bypass the served HTML inventory (16.56375ms)
✔ browser fixes real SDK prover options and initializes matching singleton before PXE (2.114375ms)
✔ incompatible cached singleton blocks PXE without replacement (0.963042ms)
✔ browser custom prover and invalid options cannot bypass supported bound (1.11675ms)
✔ Node path preserves explicit native options and custom prover without browser singleton (0.915125ms)
✔ private logging remains silent and initialization failures are redacted (0.534458ms)
✔ async CRS verification must finish before PXE and concurrent requests share its initialization (1.922334ms)
✔ failed CRS validation blocks PXE, denies remote fallback and permits clean retry (0.650125ms)
✔ cached singleton without skipSrsInit is rejected before CRS or PXE (0.272417ms)
✔ verified loader uses only local files, rejects redirects and hashes bytes before initialization (0.434208ms)
✔ browser injects streaming prover using the same simulator and preserves verified proof fields/compression (0.661084ms)
✔ streaming proof failure cannot return a proof (0.29575ms)
✔ validated store supplies authoritative connection and fee settings; extra cannot override (1.594042ms)
✔ private engine errors remain bounded and recognized outcomes actionable (0.916791ms)
✔ readiness and pre-proof hook configuration changes stop continuation (0.666709ms)
✔ signer proxy stops a stale operation and preserves normal signer methods (1.3615ms)
✔ config change during provider identity read prevents signing (0.8585ms)
✔ deployment manifest connection takes authority over stored author board (0.476333ms)
✔ live board verification rejection blocks engine and forwards exact selected scope (0.478125ms)
✔ live board verification repeats before proof and prevents rejected proof continuation (0.6615ms)
✔ live board verification rejection blocks every external signing method (2.202084ms)
✔ config switch while board verification is pending blocks engine and signing (1.393292ms)
✔ missing private fee settings block new transactions before readiness, engine or signing (3.577375ms)
✔ missing private fee settings retain status and recovery access (1.908541ms)
✔ readiness failures retain fixed public guidance and never raw browser details (3.232958ms)
✔ runtime and fee helper receives correct authority and fee mode for writes versus recovery (2.221375ms)
✔ runtime helper rejection blocks entry, pre-proof and external signing (1.484083ms)
✔ config switch while runtime helper is pending blocks entry, proof and signing (1.503166ms)
✔ bundle load failure is bounded and offers public reader without raw errors (0.489875ms)
✔ CSP hashes exact inline bodies, handlers and constrains RPC origins (1.106375ms)
✔ static route allowlist excludes private files and rejects symlinks (5.142208ms)
✔ large setup inventory hashes full contents across chunks without whole-file allocation (4.0765ms)
✔ withdrawal readiness: eligible (0.526042ms)
✔ withdrawal readiness: cooldown (0.050666ms)
✔ withdrawal readiness: unscreened (0.037833ms)
✔ withdrawal readiness: missing (0.032709ms)
✔ withdrawal readiness: unsafe chain time (0.037667ms)
✔ withdrawal readiness: missing chain time (0.0285ms)
✔ withdrawal readiness: large debt (0.041125ms)
✔ withdrawal readiness: large unscreened sequence (0.030084ms)
✔ actual navigation gate rejects unpaid debt without polling or signing (0.53975ms)
✔ actual navigation gate refuses a stale configuration response (1.212292ms)
✔ user feed uses native details and literal untrusted text (0.677042ms)
✔ user feed discards responses from old configuration (0.275333ms)
✔ user has no interpolated HTML or raw remote error output (0.199375ms)
✔ censor feed uses native details and literal untrusted text (0.259375ms)
✔ censor feed discards responses from old configuration (0.229542ms)
✔ censor has no interpolated HTML or raw remote error output (0.046542ms)
ℹ tests 65
ℹ suites 0
ℹ pass 65
ℹ fail 0
ℹ cancelled 0
ℹ skipped 0
ℹ todo 0
ℹ duration_ms 245.110708
