✔ actual bundled runtime verifier succeeds and owned provider is destroyed (3.527417ms)
✔ fee mismatch and malformed public config fail before provider and public reads (1.106542ms)
✔ every imported or node bridge identity mismatch fails and cleans provider (9.068292ms)
✔ actual runtime bytecode or getter mutation rejected by pure verifier (1.571667ms)
✔ runtime hook failure, RPC failure and deadline failure redact raw details and clean provider (1.100625ms)
✔ explicit no-fee verification still verifies portal runtime and rejects nonboolean mode (1.672416ms)
✔ actual WASM, crypto and IndexedDB round trip; concurrent deduplication and success cache (11.394083ms)
✔ fixed capability failures before wallet work and retry after failure (48.5025ms)
✔ worker construction failure revokes URL without exposing underlying error (0.896417ms)
✔ hung worker is bounded and terminated (16.569209ms)
✔ storage open failure remains distinct from unsupported browser (0.580625ms)
✔ late storage success after timeout closes database and retries deletion (16.641209ms)
✔ user generated page binds canonical fee artifact and public config without credential interception (98.062417ms)
✔ censor generated page binds canonical fee artifact and public config without credential interception (24.257958ms)
✔ deploy generated page binds canonical fee artifact and public config without credential interception (25.186708ms)
✔ fee-juice generated page binds canonical fee artifact and public config without credential interception (18.32825ms)
✔ user renders stable public IDs, Unicode and moderation reasons without wallet reads (3.47375ms)
✔ censor renders stable public IDs, Unicode and moderation reasons without wallet reads (0.664917ms)
✔ user withdrawal readiness refuses screened debt and accepts expired debt (0.557709ms)
✔ normal author calls carry only private payment method and bootstrap claim is consumed once (2.432042ms)
✔ unknown submission is preserved without retry and private errors are redacted (1.841375ms)
✔ missing private fee configuration fails before account work for every private action (1.647459ms)
✔ actual wallet keeps configured gas and normal account scope/tag through simulation and proof (22.598167ms)
✔ actual main claim uses standard author call with private fee payment (15.337333ms)
✔ actual main post uses standard author call with private fee payment (2.004417ms)
✔ actual main post dummy uses standard author call with private fee payment (1.08625ms)
✔ actual main withdraw uses standard author call with private fee payment (1.083541ms)
✔ moderator calls use their normal account with private fee payment (1.057792ms)
✔ inherited object names never select an application method (0.307833ms)
✔ actual main private post works with no Ethereum signer (1.015416ms)
✔ actual main fails before PXE when RPC identity changed after CLI preflight (0.559ms)
✔ settlement pending returns after one witness lookup, without ninety-minute polling (1.511792ms)
✔ witness RPC failure remains unknown, never a false unclaimed or paid result (1.351417ms)
✔ consumed/error text is not evidence of a refund: false (5.408041ms)
✔ consumed/error text is not evidence of a refund: true (1.020208ms)
✔ actual main refuses a private send when durable journal is unavailable (0.916166ms)
✔ actual main recovery avoids proving and Ethereum signing and reports revert distinctly (1.467708ms)
✔ Ethereum recovery handles already refunded receipts before checking active deposit (1.606417ms)
✔ actual moderator declare-immoral uses the active wallet's durable journal (1.358042ms)
✔ actual moderator declare-immoral refuses an unresolved previous transaction before preparing a fee (0.633042ms)
✔ actual moderator set-moderation-policy uses the active wallet's durable journal (0.986375ms)
✔ actual moderator set-moderation-policy refuses an unresolved previous transaction before preparing a fee (0.492417ms)
✔ actual moderator transfer-censor uses the active wallet's durable journal (0.773166ms)
✔ actual moderator transfer-censor refuses an unresolved previous transaction before preparing a fee (0.6055ms)
✔ moderator wallet cannot bypass journal ownership by supplying a second key (0.618625ms)
✔ moderator recovery success distinguishes an already completed identical transfer from a failed one (0.692459ms)
✔ moderator recovery reverted distinguishes an already completed identical transfer from a failed one (0.654375ms)
✔ moderator recovery with unknown outcome cannot prepare another private fee payment (0.499459ms)
✔ actual recovery dispatcher restores the saved message and nonce before requesting a fresh post proof (1.402041ms)
✔ already published stable identity blocks a replacement before fee preparation (0.707791ms)
✔ recovery cannot silently regenerate a dummy operation (0.53975ms)
✔ recovery cannot silently regenerate a withdraw operation (0.459209ms)
✔ recovery cannot silently regenerate a claim operation (0.44825ms)
✔ claim  records its own operation rather than stale real-post metadata (6.053916ms)
✔ post dummy records its own operation rather than stale real-post metadata (1.267417ms)
✔ withdraw  records its own operation rather than stale real-post metadata (0.975375ms)
✔ missing withdrawal note never proves success when history contains no exit (10.165959ms)
✔ missing withdrawal note never proves success when history is unavailable (1.451792ms)
✔ missing withdrawal note can recover an exact successful canonical exit without paying again (2.536542ms)
✔ missing withdrawal note cannot recover a reverted exit (1.456083ms)
✔ an exit for another selected deposit cannot complete withdrawal (2.346833ms)
✔ withdrawal recovery without original claim custody cannot guess deposit ownership (2.019167ms)
✔ withdrawal absence reconciliation has a deadline even if its receipt read stalls (23.355958ms)
✔ saved dummy requires the same source screening sequence (unchanged) (1.266125ms)
✔ saved dummy requires the same source screening sequence (changed) (0.701791ms)
✔ saved withdraw requires the same source screening sequence (unchanged) (0.745208ms)
✔ saved withdraw requires the same source screening sequence (changed) (0.568084ms)
✔ actual wallet passes attributed application spend to the durable journal before submission (0.528666ms)
✔ successful retried screening releases its step guard before the following withdrawal (2.378125ms)
✔ stale claim restores exact original receipt and claim identity without depositing again (3.962625ms)
✔ stale claim rejects changed amount before another fee payment (2.704875ms)
✔ stale claim rejects changed depositNonce before another fee payment (2.29725ms)
✔ stale claim rejects changed leafIndex before another fee payment (2.3715ms)
✔ stale claim rejects changed depositChain before another fee payment (2.366917ms)
✔ stale claim rejects changed secretHash before another fee payment (2.175125ms)
✔ stale claim rejects changed depositor before another fee payment (2.703292ms)
✔ an existing note is not confirmation of an unresolved saved claim transaction (2.075833ms)
✔ failed claim does not enter the former thirty-attempt loop (4.076667ms)
✔ saved claim rejects a receipt returned for another transaction (1.681959ms)
✔ saved claim rejects a reorged Ethereum receipt (1.513041ms)
✔ saved claim receipt reads time out before any proof or fee preparation (22.751292ms)
✔ explicit recovery restores exact saved transfer-censor arguments (2.870708ms)
✔ explicit recovery restores exact saved set-moderation-policy arguments (2.485834ms)
✔ explicit recovery restores exact saved declare-immoral arguments (1.586458ms)
✔ daemon stale transaction reconciliation regenerates the same job (1.735708ms)
✔ daemon stale transaction reconciliation rejects another job (1.3525ms)
✔ saved moderator request cannot spend fees after authority transfers away (1.507542ms)
✔ build provenance rejects changed frontend sources paired with old HTML (43.834792ms)
✔ build provenance rejects output changes and removed output (60.121541ms)
✔ source removal and newly discovered app invalidate previous build (29.322458ms)
✔ partial or interrupted builds cannot preserve a valid aggregate manifest (24.54125ms)
✔ mid-build drift and private RPC overrides cannot be certified (24.968125ms)
✔ internal symlinks hash the actual source while escapes and cycles reject (19.143791ms)
✔ obsolete template cannot leave a served HTML page in certified output (23.219417ms)
✔ unexpected top-level and nested HTML reject certification without deletion (21.997875ms)
✔ output symlink escapes and cycles cannot bypass the served HTML inventory (18.267458ms)
✔ CLI reads public configuration and restricted local claim, rejecting links, extra fields, and broad permissions (4.370875ms)
✔ CLI keeps ambiguous outcomes actionable without exposing private errors (0.328792ms)
✔ funding deposits to shared address and passes mandatory recovery callback (1.519542ms)
✔ standalone claim uses standard author entrypoint with only private fee payload, then stops PXE (1.65925ms)
✔ browser recovery storage preserves earlier deposits and refuses conflicting replacements or secrets (0.6705ms)
✔ deposit below claim fee is rejected before requesting L1 funding (0.413ms)
✔ private fee claim refuses missing or unresolved recovery storage before consuming bridge information (0.814291ms)
✔ private fee success recovery requires no Ethereum signer, bridge claim file or PXE (0.348667ms)
✔ private fee reverted recovery requires no Ethereum signer, bridge claim file or PXE (0.281ms)
✔ fee Ethereum approved recovery is explicit and does not start an L2 proof (0.30375ms)
✔ fee Ethereum funded recovery is explicit and does not start an L2 proof (0.314625ms)
✔ fee Ethereum reverted recovery is explicit and does not start an L2 proof (0.317334ms)
✔ fee Ethereum replaced recovery is explicit and does not start an L2 proof (0.314375ms)
✔ claim persists exact public funding identity before preparation without duplicating secrets (0.423041ms)
✔ stale private fee claim restores saved funding record even when UI holds another deposit (0.750792ms)
✔ BB_SUBMISSION_UNKNOWN does not regenerate private fee claim (1.071416ms)
✔ BB_TRANSACTION_FAILED does not regenerate private fee claim (0.599333ms)
✔ live old claim cannot authorize replacement (0.524083ms)
✔ saved fee claim rejects owner (1.273916ms)
✔ saved fee claim rejects kind (0.950584ms)
✔ saved fee claim rejects unknown-record-key (0.509542ms)
✔ changed canonical message index blocks regenerated claim before proving (0.543084ms)
✔ canonical funding validation failure blocks regenerated claim (0.456ms)
✔ private fee funding reconciliation has a bounded deadline (6.797958ms)
✔ canonical immutable public projection and optional private fees (1.749375ms)
✔ reject secrets, unknown nested fields, malformed identity and endpoints (1.154917ms)
✔ gas bounds, ordering, total overflow and canonical decimal strings (0.88675ms)
✔ persistent reload and immutable snapshots invalidate pending operations (0.675125ms)
✔ cross-tab same-value, corrupt and clear events invalidate; unrelated events do not (0.332875ms)
✔ corrupt or unavailable storage never silently selects a network (2.443666ms)
✔ full-history index refuses to checkpoint an omitted publication order (5.450916ms)
✔ an index starting from genesis refuses a nonzero first publication order (0.419541ms)
✔ orphaned flag disappears when its page is rolled back (0.802209ms)
✔ different payloads at one canonical event position never commit (0.207458ms)
✔ unavailable historical checkpoint preserves all cached events (1.049542ms)
✔ identical policy can be published repeatedly under the same content version (0.443375ms)
✔ conflicting text cannot reuse a policy content version (1.370292ms)
✔ post without its preceding policy publication cannot enter full-history cache (0.962167ms)
✔ sync deadline covers the aggregate RPC sequence, not each read independently (31.861459ms)
✔ connection reads pinned immutable slots at one block and matches both contract class IDs (31.11825ms)
✔ matching public slots cannot bypass a wrong currentContractClassId (6.642917ms)
✔ matching public slots cannot bypass a wrong originalContractClassId (10.013709ms)
✔ connection rejects conflicting immutable slot 1 (10.418542ms)
✔ connection rejects conflicting immutable slot 3 (5.354958ms)
✔ connection rejects conflicting immutable slot 4 (7.178666ms)
✔ connection rejects conflicting immutable slot 5 (8.028416ms)
✔ restored public cache rejects additional private payload fields (0.459916ms)
✔ policy A then B then A identifies A as the current restored policy (0.296708ms)
✔ legacy RPC_CONFIG has no endpoint or credential authority and fetch stays untouched (20.004167ms)
✔ validated store supplies authoritative connection and fee settings; extra cannot override (1.706875ms)
✔ private engine errors remain bounded and recognized outcomes actionable (1.023583ms)
✔ readiness and pre-proof hook configuration changes stop continuation (1.040083ms)
✔ signer proxy stops a stale operation and preserves normal signer methods (2.672916ms)
✔ config change during provider identity read prevents signing (0.659167ms)
✔ deployment manifest connection takes authority over stored author board (0.462ms)
✔ live board verification rejection blocks engine and forwards exact selected scope (0.425916ms)
✔ live board verification repeats before proof and prevents rejected proof continuation (0.454875ms)
✔ live board verification rejection blocks every external signing method (7.277875ms)
✔ config switch while board verification is pending blocks engine and signing (3.010875ms)
✔ missing private fee settings block new transactions before readiness, engine or signing (8.367333ms)
✔ missing private fee settings retain status and recovery access (2.467167ms)
✔ readiness failures retain fixed public guidance and never raw browser details (2.803042ms)
✔ runtime and fee helper receives correct authority and fee mode for writes versus recovery (2.3225ms)
✔ runtime helper rejection blocks entry, pre-proof and external signing (1.161834ms)
✔ config switch while runtime helper is pending blocks entry, proof and signing (1.181917ms)
✔ bundle load failure is bounded and offers public reader without raw errors (0.508417ms)
✔ CSP hashes exact inline bodies, handlers and constrains RPC origins (1.170083ms)
✔ static route allowlist excludes private files and rejects symlinks (7.853458ms)
✔ actual connection verifier accepts matching imported network/board/class/reverse scope (17.882625ms)
✔ wrong Ethereum chain rejects before wallet work (0.471583ms)
✔ different board at portal rejects before wallet work (0.38425ms)
✔ upgraded board class rejects before wallet work (0.300167ms)
✔ wrong reverse portal rejects before wallet work (0.382167ms)
✔ withdrawal readiness: eligible (0.426709ms)
✔ withdrawal readiness: cooldown (0.048833ms)
✔ withdrawal readiness: unscreened (0.041083ms)
✔ withdrawal readiness: missing (0.037583ms)
✔ withdrawal readiness: unsafe chain time (0.041667ms)
✔ withdrawal readiness: missing chain time (0.034167ms)
✔ withdrawal readiness: large debt (0.043583ms)
✔ withdrawal readiness: large unscreened sequence (0.033958ms)
✔ actual navigation gate rejects unpaid debt without polling or signing (0.542166ms)
✔ actual navigation gate refuses a stale configuration response (3.731417ms)
✔ user feed uses native details and literal untrusted text (1.526333ms)
✔ user feed discards responses from old configuration (0.605167ms)
✔ user has no interpolated HTML or raw remote error output (0.209041ms)
✔ censor feed uses native details and literal untrusted text (1.626333ms)
✔ censor feed discards responses from old configuration (0.289958ms)
✔ censor has no interpolated HTML or raw remote error output (0.069583ms)
ℹ tests 185
ℹ suites 0
ℹ pass 185
ℹ fail 0
ℹ cancelled 0
ℹ skipped 0
ℹ todo 0
ℹ duration_ms 551.4075
