✔ actual bundled runtime verifier succeeds and owned provider is destroyed (5.16175ms)
✔ fee mismatch and malformed public config fail before provider and public reads (2.314083ms)
✔ every imported or node bridge identity mismatch fails and cleans provider (7.385583ms)
✔ actual runtime bytecode or getter mutation rejected by pure verifier (3.140292ms)
✔ runtime hook failure, RPC failure and deadline failure redact raw details and clean provider (2.56425ms)
✔ explicit no-fee verification still verifies portal runtime and rejects nonboolean mode (1.260792ms)
✔ actual WASM, crypto and IndexedDB round trip; concurrent deduplication and success cache (6.33325ms)
✔ fixed capability failures before wallet work and retry after failure (4.658334ms)
✔ worker construction failure revokes URL without exposing underlying error (0.370334ms)
✔ hung worker is bounded and terminated (16.475792ms)
✔ storage open failure remains distinct from unsupported browser (0.480125ms)
✔ late storage success after timeout closes database and retries deletion (15.538958ms)
✔ OPFS denial has fixed guidance and successful probe leaves no file (0.749667ms)
✔ OPFS write failure aborts and deletes disposable file (1.01075ms)
✔ late OPFS file creation after timeout removes disposable file (16.588209ms)
✔ user renders stable public IDs, Unicode and moderation reasons without wallet reads (3.6425ms)
✔ censor renders stable public IDs, Unicode and moderation reasons without wallet reads (1.799375ms)
✔ user withdrawal readiness refuses screened debt and accepts expired debt (2.927958ms)
✔ CLI reads public configuration and restricted local claim, rejecting links, extra fields, and broad permissions (6.160292ms)
✔ CLI keeps ambiguous outcomes actionable without exposing private errors (0.191ms)
✔ browser fixes real SDK prover options and initializes matching singleton before PXE (3.730667ms)
✔ incompatible cached singleton blocks PXE without replacement (1.02175ms)
✔ browser custom prover and invalid options cannot bypass supported bound (1.077875ms)
✔ Node path preserves explicit native options and custom prover without browser singleton (1.596542ms)
✔ private logging remains silent and initialization failures are redacted (2.828083ms)
✔ async CRS verification must finish before PXE and concurrent requests share its initialization (2.00725ms)
✔ failed CRS validation blocks PXE, denies remote fallback and permits clean retry (0.470208ms)
✔ cached singleton without skipSrsInit is rejected before CRS or PXE (1.188292ms)
✔ verified loader uses only local files, rejects redirects and hashes bytes before initialization (0.559417ms)
✔ canonical immutable public projection and optional private fees (1.490042ms)
✔ reject secrets, unknown nested fields, malformed identity and endpoints (0.417875ms)
✔ gas bounds, ordering, total overflow and canonical decimal strings (0.265791ms)
✔ persistent reload and immutable snapshots invalidate pending operations (0.318917ms)
✔ cross-tab same-value, corrupt and clear events invalidate; unrelated events do not (0.247083ms)
✔ corrupt or unavailable storage never silently selects a network (0.133791ms)
✔ legacy RPC_CONFIG has no endpoint or credential authority and fetch stays untouched (33.044208ms)
✔ local fixture preserves node serialization and confines Ethereum authority (94.076125ms)
✔ validated store supplies authoritative connection and fee settings; extra cannot override (3.244125ms)
✔ private engine errors remain bounded and recognized outcomes actionable (1.040958ms)
✔ readiness and pre-proof hook configuration changes stop continuation (2.840375ms)
✔ signer proxy stops a stale operation and preserves normal signer methods (2.40625ms)
✔ config change during provider identity read prevents signing (0.694708ms)
✔ deployment manifest connection takes authority over stored author board (0.688375ms)
✔ live board verification rejection blocks engine and forwards exact selected scope (0.593209ms)
✔ live board verification repeats before proof and prevents rejected proof continuation (0.538459ms)
✔ live board verification rejection blocks every external signing method (4.653417ms)
✔ config switch while board verification is pending blocks engine and signing (1.891458ms)
✔ missing private fee settings block new transactions before readiness, engine or signing (5.063708ms)
✔ missing private fee settings retain status and recovery access (1.59ms)
✔ readiness failures retain fixed public guidance and never raw browser details (3.162458ms)
✔ runtime and fee helper receives correct authority and fee mode for writes versus recovery (2.73125ms)
✔ runtime helper rejection blocks entry, pre-proof and external signing (1.18475ms)
✔ config switch while runtime helper is pending blocks entry, proof and signing (1.22875ms)
✔ bundle load failure is bounded and offers public reader without raw errors (0.470125ms)
✔ CSP hashes exact inline bodies, handlers and constrains RPC origins (2.810667ms)
✔ static route allowlist excludes private files and rejects symlinks (4.202334ms)
✔ transition focuses final page after automatic completed-step skip (1.229875ms)
✔ message validation focuses textarea, associates fixed error, preserves help and clears on edit (2.946416ms)
✔ revalidation removes earlier input and textarea errors and focuses first invalid field (0.472125ms)
✔ actual connection verifier accepts matching imported network/board/class/reverse scope (14.638125ms)
✔ wrong Ethereum chain rejects before wallet work (0.407958ms)
✔ different board at portal rejects before wallet work (0.778833ms)
✔ upgraded board class rejects before wallet work (0.341459ms)
✔ wrong reverse portal rejects before wallet work (0.358875ms)
✔ withdrawal readiness: eligible (0.442875ms)
✔ withdrawal readiness: cooldown (0.049208ms)
✔ withdrawal readiness: unscreened (0.037708ms)
✔ withdrawal readiness: missing (0.033834ms)
✔ withdrawal readiness: unsafe chain time (0.038792ms)
✔ withdrawal readiness: missing chain time (0.029708ms)
✔ withdrawal readiness: large debt (0.040875ms)
✔ withdrawal readiness: large unscreened sequence (0.030334ms)
✔ actual navigation gate rejects unpaid debt without polling or signing (0.528792ms)
✔ actual navigation gate refuses a stale configuration response (0.780584ms)
✔ user feed uses native details and literal untrusted text (0.55175ms)
✔ user feed discards responses from old configuration (0.257917ms)
✔ user has no interpolated HTML or raw remote error output (0.182ms)
✔ censor feed uses native details and literal untrusted text (0.245792ms)
✔ censor feed discards responses from old configuration (0.224291ms)
✔ censor has no interpolated HTML or raw remote error output (0.046166ms)
ℹ tests 80
ℹ suites 0
ℹ pass 80
ℹ fail 0
ℹ cancelled 0
ℹ skipped 0
ℹ todo 0
ℹ duration_ms 968.598875
