✔ ordered per-step inputs, hiding VK, local verification and compressed fields match upstream (2.411792ms)
✔ each failed command stops all later work and redacts underlying data (6.083209ms)
✔ invalid proof cannot reach compression or caller (0.541ms)
✔ overlap cannot poison active job; failed singleton is quarantined and fresh instance works (2.746625ms)
✔ missing compressed output is rejected even after valid local verification (0.8115ms)
✔ normal author calls carry only private payment method and bootstrap claim is consumed once (3.742333ms)
✔ unknown submission is preserved without retry and private errors are redacted (4.306459ms)
✔ missing private fee configuration fails before account work for every private action (2.651917ms)
✔ actual wallet keeps configured gas and normal account scope/tag through simulation and proof (33.1365ms)
✔ actual main claim uses standard author call with private fee payment (21.97625ms)
✔ actual main post uses standard author call with private fee payment (3.324541ms)
✔ actual main post dummy uses standard author call with private fee payment (2.028083ms)
✔ actual main withdraw uses standard author call with private fee payment (3.122708ms)
✔ moderator calls use their normal account with private fee payment (2.133375ms)
✔ inherited object names never select an application method (0.5595ms)
✔ actual main private post works with no Ethereum signer (1.71125ms)
✔ actual main fails before PXE when RPC identity changed after CLI preflight (0.98425ms)
✔ settlement pending returns after one witness lookup, without ninety-minute polling (2.304875ms)
✔ witness RPC failure remains unknown, never a false unclaimed or paid result (1.814542ms)
✔ consumed/error text is not evidence of a refund: false (6.915292ms)
✔ consumed/error text is not evidence of a refund: true (1.527209ms)
✔ actual main refuses a private send when durable journal is unavailable (0.896542ms)
✔ actual main recovery avoids proving and Ethereum signing and reports revert distinctly (1.583917ms)
✔ Ethereum recovery handles already refunded receipts before checking active deposit (2.403167ms)
✔ actual moderator declare-immoral uses the active wallet's durable journal (1.867542ms)
✔ actual moderator declare-immoral refuses an unresolved previous transaction before preparing a fee (1.087292ms)
✔ actual moderator set-moderation-policy uses the active wallet's durable journal (1.497875ms)
✔ actual moderator set-moderation-policy refuses an unresolved previous transaction before preparing a fee (0.764916ms)
✔ actual moderator transfer-censor uses the active wallet's durable journal (1.202416ms)
✔ actual moderator transfer-censor refuses an unresolved previous transaction before preparing a fee (0.987375ms)
✔ moderator wallet cannot bypass journal ownership by supplying a second key (0.966583ms)
✔ moderator recovery success distinguishes an already completed identical transfer from a failed one (1.033833ms)
✔ moderator recovery reverted distinguishes an already completed identical transfer from a failed one (0.959416ms)
✔ moderator recovery with unknown outcome cannot prepare another private fee payment (0.801666ms)
✔ actual recovery dispatcher restores the saved message and nonce before requesting a fresh post proof (2.393334ms)
✔ already published stable identity blocks a replacement before fee preparation (1.35925ms)
✔ recovery cannot silently regenerate a dummy operation (0.802459ms)
✔ recovery cannot silently regenerate a withdraw operation (0.738ms)
✔ recovery cannot silently regenerate a claim operation (0.662708ms)
✔ claim  records its own operation rather than stale real-post metadata (8.569041ms)
✔ post dummy records its own operation rather than stale real-post metadata (1.716541ms)
✔ withdraw  records its own operation rather than stale real-post metadata (1.269ms)
✔ missing withdrawal note never proves success when history contains no exit (13.297792ms)
✔ missing withdrawal note never proves success when history is unavailable (1.999708ms)
✔ missing withdrawal note can recover an exact successful canonical exit without paying again (3.689208ms)
✔ missing withdrawal note cannot recover a reverted exit (2.034625ms)
✔ an exit for another selected deposit cannot complete withdrawal (2.782292ms)
✔ withdrawal recovery without original claim custody cannot guess deposit ownership (2.257833ms)
✔ withdrawal absence reconciliation has a deadline even if its receipt read stalls (22.818209ms)
✔ saved dummy requires the same source screening sequence (unchanged) (2.029791ms)
✔ saved dummy requires the same source screening sequence (changed) (1.250375ms)
✔ saved withdraw requires the same source screening sequence (unchanged) (1.305042ms)
✔ saved withdraw requires the same source screening sequence (changed) (0.929459ms)
✔ actual wallet passes attributed application spend to the durable journal before submission (0.937167ms)
✔ successful retried screening releases its step guard before the following withdrawal (3.770125ms)
✔ stale claim restores exact original receipt and claim identity without depositing again (5.482291ms)
✔ stale claim rejects changed amount before another fee payment (3.463667ms)
✔ stale claim rejects changed depositNonce before another fee payment (3.149541ms)
✔ stale claim rejects changed leafIndex before another fee payment (2.824166ms)
✔ stale claim rejects changed depositChain before another fee payment (2.758292ms)
✔ stale claim rejects changed secretHash before another fee payment (3.4225ms)
✔ stale claim rejects changed depositor before another fee payment (3.512709ms)
✔ an existing note is not confirmation of an unresolved saved claim transaction (3.249083ms)
✔ failed claim does not enter the former thirty-attempt loop (6.177667ms)
✔ saved claim rejects a receipt returned for another transaction (2.688584ms)
✔ saved claim rejects a reorged Ethereum receipt (2.623042ms)
✔ saved claim receipt reads time out before any proof or fee preparation (23.596958ms)
✔ explicit recovery restores exact saved transfer-censor arguments (3.331166ms)
✔ explicit recovery restores exact saved set-moderation-policy arguments (3.135583ms)
✔ explicit recovery restores exact saved declare-immoral arguments (2.306125ms)
✔ daemon stale transaction reconciliation regenerates the same job (2.163917ms)
✔ daemon stale transaction reconciliation rejects another job (1.779959ms)
✔ saved moderator request cannot spend fees after authority transfers away (1.842083ms)
✔ browser fixes real SDK prover options and initializes matching singleton before PXE (2.238625ms)
✔ incompatible cached singleton blocks PXE without replacement (2.003375ms)
✔ browser custom prover and invalid options cannot bypass supported bound (1.746208ms)
✔ Node path preserves explicit native options and custom prover without browser singleton (1.370708ms)
✔ private logging remains silent and initialization failures are redacted (0.995291ms)
✔ async CRS verification must finish before PXE and concurrent requests share its initialization (3.152375ms)
✔ failed CRS validation blocks PXE, denies remote fallback and permits clean retry (0.668042ms)
✔ cached singleton without skipSrsInit is rejected before CRS or PXE (0.388125ms)
✔ verified loader uses only local files, rejects redirects and hashes bytes before initialization (0.666792ms)
✔ browser injects streaming prover using the same simulator and preserves verified proof fields/compression (0.961041ms)
✔ streaming proof failure cannot return a proof (0.46475ms)
✔ local fixture preserves node serialization and confines Ethereum authority (130.568584ms)
✔ validated store supplies authoritative connection and fee settings; extra cannot override (2.77225ms)
✔ private engine errors remain bounded and recognized outcomes actionable (1.512458ms)
✔ readiness and pre-proof hook configuration changes stop continuation (1.834583ms)
✔ signer proxy stops a stale operation and preserves normal signer methods (1.307709ms)
✔ config change during provider identity read prevents signing (1.038708ms)
✔ deployment manifest connection takes authority over stored author board (0.982917ms)
✔ live board verification rejection blocks engine and forwards exact selected scope (0.712458ms)
✔ live board verification repeats before proof and prevents rejected proof continuation (0.651416ms)
✔ live board verification rejection blocks every external signing method (2.835709ms)
✔ config switch while board verification is pending blocks engine and signing (1.551875ms)
✔ missing private fee settings block new transactions before readiness, engine or signing (5.313459ms)
✔ missing private fee settings retain status and recovery access (2.184458ms)
✔ readiness failures retain fixed public guidance and never raw browser details (5.203708ms)
✔ runtime and fee helper receives correct authority and fee mode for writes versus recovery (4.018334ms)
✔ runtime helper rejection blocks entry, pre-proof and external signing (2.156625ms)
✔ config switch while runtime helper is pending blocks entry, proof and signing (1.926ms)
✔ bundle load failure is bounded and offers public reader without raw errors (0.68575ms)
✔ browser proof failure has fixed reload/recovery guidance without provider details (0.517667ms)
✔ CSP hashes exact inline bodies, handlers and constrains RPC origins (1.603084ms)
✔ static route allowlist excludes private files and rejects symlinks (2.733375ms)
✔ large setup inventory hashes full contents across chunks without whole-file allocation (3.65925ms)
✔ transition focuses final page after automatic completed-step skip (1.533916ms)
✔ message validation focuses textarea, associates fixed error, preserves help and clears on edit (1.421167ms)
✔ revalidation removes earlier input and textarea errors and focuses first invalid field (0.474791ms)
✔ actual connection verifier accepts matching imported network/board/class/reverse scope (20.984625ms)
✔ wrong Ethereum chain rejects before wallet work (0.63375ms)
✔ different board at portal rejects before wallet work (0.997375ms)
✔ upgraded board class rejects before wallet work (0.33175ms)
✔ wrong reverse portal rejects before wallet work (0.530084ms)
✔ canonical browser aliases retain only upstream no-eval codec (0.564541ms)
✔ no-eval browser record/map/bigint codecs interoperate with existing persisted bytes (7.387542ms)
✔ recovery reconciles postable without another transaction (2.412583ms)
✔ recovery reconciles withdrawn_l2_claimable_l1 without another transaction (0.47475ms)
✔ recovery reconciles zero_balance_need_deposit without another transaction (0.397833ms)
✔ recovery reconciles deposited_l1_not_claimed_l2 without another transaction (0.441333ms)
✔ failed recover leaves current state intact (0.445208ms)
✔ failed status leaves current state intact (0.399917ms)
✔ changed scope at recover cannot replace current state (1.104542ms)
✔ changed scope at status cannot replace current state (0.539167ms)
✔ setup failure provides explicit safe reload and recovery guidance (0.133667ms)
✔ withdrawal readiness: eligible (0.748916ms)
✔ withdrawal readiness: cooldown (0.076333ms)
✔ withdrawal readiness: unscreened (0.059ms)
✔ withdrawal readiness: missing (0.05425ms)
✔ withdrawal readiness: unsafe chain time (0.061958ms)
✔ withdrawal readiness: missing chain time (0.049208ms)
✔ withdrawal readiness: large debt (0.066333ms)
✔ withdrawal readiness: large unscreened sequence (0.054458ms)
✔ actual navigation gate rejects unpaid debt without polling or signing (0.903458ms)
✔ actual navigation gate refuses a stale configuration response (1.559459ms)
✔ user feed uses native details and literal untrusted text (0.895875ms)
✔ user feed discards responses from old configuration (0.595625ms)
✔ user has no interpolated HTML or raw remote error output (0.503292ms)
✔ censor feed uses native details and literal untrusted text (0.493334ms)
✔ censor feed discards responses from old configuration (0.359166ms)
✔ censor has no interpolated HTML or raw remote error output (0.074792ms)
✔ first SDK import disables Zod eval attempts without weakening object validation (52.807375ms)
✔ regression detects caught eval probes without the supported runtime policy (35.552834ms)
ℹ tests 143
ℹ suites 0
ℹ pass 143
ℹ fail 0
ℹ cancelled 0
ℹ skipped 0
ℹ todo 0
ℹ duration_ms 2538.045917
