✔ ordered per-step inputs, hiding VK, local verification and compressed fields match upstream (1.490709ms)
✔ each failed command stops all later work and redacts underlying data (3.430417ms)
✔ invalid proof cannot reach compression or caller (0.298166ms)
✔ overlap cannot poison active job; failed singleton is quarantined and fresh instance works (1.044542ms)
✔ missing compressed output is rejected even after valid local verification (0.301583ms)
✔ normal author calls carry only private payment method and bootstrap claim is consumed once (2.543625ms)
✔ unknown submission is preserved without retry and private errors are redacted (2.025459ms)
✔ missing private fee configuration fails before account work for every private action (1.465792ms)
✔ actual wallet keeps configured gas and normal account scope/tag through simulation and proof (24.006959ms)
✔ actual main claim uses standard author call with private fee payment (14.281167ms)
✔ actual main post uses standard author call with private fee payment (1.935875ms)
✔ actual main post dummy uses standard author call with private fee payment (1.2305ms)
✔ actual main withdraw uses standard author call with private fee payment (1.078667ms)
✔ moderator calls use their normal account with private fee payment (1.085459ms)
✔ inherited object names never select an application method (0.3245ms)
✔ actual main private post works with no Ethereum signer (0.918375ms)
✔ actual main fails before PXE when RPC identity changed after CLI preflight (0.629333ms)
✔ settlement pending returns after one witness lookup, without ninety-minute polling (1.277042ms)
✔ witness RPC failure remains unknown, never a false unclaimed or paid result (1.094875ms)
✔ consumed/error text is not evidence of a refund: false (4.487791ms)
✔ consumed/error text is not evidence of a refund: true (0.915792ms)
✔ actual main refuses a private send when durable journal is unavailable (0.716625ms)
✔ actual main recovery avoids proving and Ethereum signing and reports revert distinctly (1.195375ms)
✔ Ethereum recovery handles already refunded receipts before checking active deposit (1.328375ms)
✔ actual moderator declare-immoral uses the active wallet's durable journal (1.081042ms)
✔ actual moderator declare-immoral refuses an unresolved previous transaction before preparing a fee (0.478833ms)
✔ actual moderator set-moderation-policy uses the active wallet's durable journal (0.92325ms)
✔ actual moderator set-moderation-policy refuses an unresolved previous transaction before preparing a fee (0.7135ms)
✔ actual moderator transfer-censor uses the active wallet's durable journal (0.808167ms)
✔ actual moderator transfer-censor refuses an unresolved previous transaction before preparing a fee (0.556458ms)
✔ moderator wallet cannot bypass journal ownership by supplying a second key (0.655666ms)
✔ moderator recovery success distinguishes an already completed identical transfer from a failed one (0.690791ms)
✔ moderator recovery reverted distinguishes an already completed identical transfer from a failed one (0.619959ms)
✔ moderator recovery with unknown outcome cannot prepare another private fee payment (0.63575ms)
✔ actual recovery dispatcher restores the saved message and nonce before requesting a fresh post proof (1.437084ms)
✔ already published stable identity blocks a replacement before fee preparation (0.730083ms)
✔ recovery cannot silently regenerate a dummy operation (0.620125ms)
✔ recovery cannot silently regenerate a withdraw operation (0.552042ms)
✔ recovery cannot silently regenerate a claim operation (0.571ms)
✔ claim  records its own operation rather than stale real-post metadata (5.26825ms)
✔ post dummy records its own operation rather than stale real-post metadata (1.037583ms)
✔ withdraw  records its own operation rather than stale real-post metadata (0.890333ms)
✔ missing withdrawal note never proves success when history contains no exit (8.950708ms)
✔ missing withdrawal note never proves success when history is unavailable (1.378ms)
✔ missing withdrawal note can recover an exact successful canonical exit without paying again (2.717625ms)
✔ missing withdrawal note cannot recover a reverted exit (1.303375ms)
✔ an exit for another selected deposit cannot complete withdrawal (1.974667ms)
✔ withdrawal recovery without original claim custody cannot guess deposit ownership (1.826833ms)
✔ withdrawal absence reconciliation has a deadline even if its receipt read stalls (21.951625ms)
✔ saved dummy requires the same source screening sequence (unchanged) (1.162791ms)
✔ saved dummy requires the same source screening sequence (changed) (0.684583ms)
✔ saved withdraw requires the same source screening sequence (unchanged) (0.771333ms)
✔ saved withdraw requires the same source screening sequence (changed) (0.633167ms)
✔ actual wallet passes attributed application spend to the durable journal before submission (0.53825ms)
✔ successful retried screening releases its step guard before the following withdrawal (3.529791ms)
✔ stale claim restores exact original receipt and claim identity without depositing again (3.254667ms)
✔ stale claim rejects changed amount before another fee payment (2.072ms)
✔ stale claim rejects changed depositNonce before another fee payment (1.92225ms)
✔ stale claim rejects changed leafIndex before another fee payment (2.116084ms)
✔ stale claim rejects changed depositChain before another fee payment (1.9975ms)
✔ stale claim rejects changed secretHash before another fee payment (2.015667ms)
✔ stale claim rejects changed depositor before another fee payment (2.132042ms)
✔ an existing note is not confirmation of an unresolved saved claim transaction (2.557708ms)
✔ failed claim does not enter the former thirty-attempt loop (3.712375ms)
✔ saved claim rejects a receipt returned for another transaction (1.532875ms)
✔ saved claim rejects a reorged Ethereum receipt (1.446625ms)
✔ saved claim receipt reads time out before any proof or fee preparation (23.174417ms)
✔ explicit recovery restores exact saved transfer-censor arguments (2.082917ms)
✔ explicit recovery restores exact saved set-moderation-policy arguments (2.094791ms)
✔ explicit recovery restores exact saved declare-immoral arguments (1.797792ms)
✔ daemon stale transaction reconciliation regenerates the same job (1.671209ms)
✔ daemon stale transaction reconciliation rejects another job (1.26775ms)
✔ saved moderator request cannot spend fees after authority transfers away (1.491917ms)
✔ browser fixes real SDK prover options and initializes matching singleton before PXE (2.077208ms)
✔ incompatible cached singleton blocks PXE without replacement (1.062917ms)
✔ browser custom prover and invalid options cannot bypass supported bound (1.247083ms)
✔ Node path preserves explicit native options and custom prover without browser singleton (1.031583ms)
✔ private logging remains silent and initialization failures are redacted (0.653208ms)
✔ async CRS verification must finish before PXE and concurrent requests share its initialization (1.939167ms)
✔ failed CRS validation blocks PXE, denies remote fallback and permits clean retry (0.404084ms)
✔ cached singleton without skipSrsInit is rejected before CRS or PXE (0.2435ms)
✔ verified loader uses only local files, rejects redirects and hashes bytes before initialization (0.422583ms)
✔ browser injects streaming prover using the same simulator and preserves verified proof fields/compression (0.671541ms)
✔ streaming proof failure cannot return a proof (0.320583ms)
✔ validated store supplies authoritative connection and fee settings; extra cannot override (1.875792ms)
✔ private engine errors remain bounded and recognized outcomes actionable (1.009167ms)
✔ readiness and pre-proof hook configuration changes stop continuation (1.130042ms)
✔ signer proxy stops a stale operation and preserves normal signer methods (0.8465ms)
✔ config change during provider identity read prevents signing (0.770084ms)
✔ deployment manifest connection takes authority over stored author board (0.445167ms)
✔ live board verification rejection blocks engine and forwards exact selected scope (0.654334ms)
✔ live board verification repeats before proof and prevents rejected proof continuation (0.505041ms)
✔ live board verification rejection blocks every external signing method (1.65325ms)
✔ config switch while board verification is pending blocks engine and signing (0.94225ms)
✔ missing private fee settings block new transactions before readiness, engine or signing (3.025208ms)
✔ missing private fee settings retain status and recovery access (1.322209ms)
✔ readiness failures retain fixed public guidance and never raw browser details (3.468583ms)
✔ runtime and fee helper receives correct authority and fee mode for writes versus recovery (2.368958ms)
✔ runtime helper rejection blocks entry, pre-proof and external signing (1.311958ms)
✔ config switch while runtime helper is pending blocks entry, proof and signing (1.232583ms)
✔ bundle load failure is bounded and offers public reader without raw errors (0.447958ms)
✔ browser proof failure has fixed reload/recovery guidance without provider details (0.300708ms)
ℹ tests 102
ℹ suites 0
ℹ pass 102
ℹ fail 0
ℹ cancelled 0
ℹ skipped 0
ℹ todo 0
ℹ duration_ms 476.273833
