✔ accepts the exact pinned partial response and requests identity encoding (13.699792ms)
✔ rejects ignored Range (0.410708ms)
✔ rejects wrong range (0.220792ms)
✔ rejects oversized stream (0.71125ms)
✔ rejects truncated stream (0.287167ms)
✔ rejects checksum mismatch (0.220375ms)
✔ falls back only to another response matching the same content pin (0.322ms)
✔ schema2 separates the72MiB derived asset from bounded network assets (0.582125ms)
✔ rejects derived provenance: wrong Grumpkin format (0.160208ms)
✔ rejects derived provenance: wrong Grumpkin point count (0.089625ms)
✔ rejects derived provenance: wrong Grumpkin byte length (0.049834ms)
✔ rejects derived provenance: wrong G2 point count (0.04175ms)
✔ rejects derived provenance: changed source URL (0.039167ms)
✔ rejects derived provenance: old schema (0.049459ms)
✔ rejects derived provenance: missing derived asset (0.051709ms)
✔ rejects derived provenance: changed output pin (0.048375ms)
✔ rejects derived provenance: oversized derived output (0.046875ms)
✔ rejects derived provenance: wrong points (0.054875ms)
✔ rejects derived provenance: unreviewed method (0.054458ms)
✔ rejects derived provenance: package mismatch (0.048375ms)
✔ rejects derived provenance: input checksum mismatch (0.045167ms)
✔ rejects derived provenance: G2 checksum mismatch (0.038583ms)
✔ rejects derived provenance: untrusted WASM path (0.038333ms)
✔ rejects derived provenance: unreviewed WASM hash (0.045667ms)
✔ rejects derived provenance: unexpected derivation field (0.037583ms)
✔ rejects derived provenance: oversized network asset (0.033708ms)
✔ rejects actual WASM bytes that do not match the declared gzip pin (0.076875ms)
✔ verifies cached bytes and repairs a same-length corruption with an atomic write (4.569208ms)
✔ rename failure retains previous target and removes the temporary file (1.650917ms)
✔ corruption during temporary write is rejected before replacing target (1.178083ms)
✔ invalid derived bytes never create or replace a target (0.353042ms)
✔ derivation timeout kills and closes its actual child, restoring signal listeners (103.514625ms)
✔ derivation interruption kills and closes its actual child (0.83925ms)
✔ all verified local bytes reach SRS with the pinned v5 point counts (16.321833ms)
✔ old uncompressed-size local BN254 data is rejected before any prover call (0.489791ms)
✔ corrupt same-size cache and CDN bytes cannot initialize SRS (21.71675ms)
✔ bad local cache and bad first CDN fall back only to hash-verified second CDN bytes (14.062042ms)
✔ g1.dat uses the official v5 CDN filename and exact range (24.805875ms)
✔ grumpkin_g1.dat uses the official v5 CDN filename and exact range (15.033ms)
✔ missing manifest is rejected before any data request (0.183791ms)
✔ different SDK release is rejected before any data request (0.69725ms)
✔ old schema is rejected before any data request (0.126833ms)
✔ wrong compressed format is rejected before any data request (0.122042ms)
✔ wrong G2 format is rejected before any data request (0.092ms)
✔ wrong Grumpkin format is rejected before any data request (0.081625ms)
✔ old point count is rejected before any data request (0.072292ms)
✔ old Grumpkin filename is rejected before any data request (0.0665ms)
✔ unexpected network destination is rejected before any data request (0.067334ms)
✔ duplicate file is rejected before any data request (0.061709ms)
✔ invalid range is rejected before any data request (0.059958ms)
✔ missing derived entry is rejected before any data request (0.05125ms)
✔ wrong derived name is rejected before any data request (0.045583ms)
✔ wrong derived length is rejected before any data request (0.046833ms)
✔ wrong derived point count is rejected before any data request (0.049958ms)
✔ wrong derived format is rejected before any data request (0.052042ms)
✔ invalid derived digest is rejected before any data request (0.074375ms)
✔ derived remote URL is rejected before any data request (0.047125ms)
✔ missing provenance is rejected before any data request (0.062583ms)
✔ wrong derivation method is rejected before any data request (0.057875ms)
✔ wrong derivation SDK is rejected before any data request (0.048791ms)
✔ wrong derivation input name is rejected before any data request (0.05175ms)
✔ mismatched derivation input pin is rejected before any data request (0.055125ms)
✔ mismatched derivation G2 pin is rejected before any data request (0.043583ms)
✔ wrong derivation WASM path is rejected before any data request (0.0405ms)
✔ wrong derivation WASM digest is rejected before any data request (0.040584ms)
✔ extra derivation metadata is rejected before any data request (0.042375ms)
✔ truncated body cannot be loaded (0.104792ms)
✔ oversized body cannot be loaded (0.072584ms)
✔ oversized content length cannot be loaded (0.33375ms)
✔ HTTP failure cannot be loaded (0.046958ms)
✔ empty successful response cannot be loaded (0.046667ms)
✔ oversized streamed response is cancelled instead of reading remaining bytes (0.325333ms)
✔ non-ending HTTP error response is cancelled before rejection (0.085042ms)
✔ HTTP error response remains the rejection reason when cancellation fails (0.063958ms)
✔ BN254 initialization rejection prevents Grumpkin initialization (13.744083ms)
✔ unexpected BN254 response cannot be reported as initialized (13.784041ms)
✔ unexpected Grumpkin response cannot be reported as initialized (17.097792ms)
✔ browser loading uses the same checks with Web Crypto SHA-256 (19.915166ms)
✔ verified local derived bytes skip compressed reads and use the documented empty response (27.69175ms)
✔ derived corruption after the first two points falls back before any bad bytes reach SRS (36.054959ms)
✔ truncated derived input is rejected before hash verification and uses verified compressed fallback (14.808334ms)
✔ oversized derived input is rejected before hash verification and uses verified compressed fallback (15.078959ms)
✔ cache metadata wrapper is rejected before hash verification and uses verified compressed fallback (19.125709ms)
✔ corrupt derived bytes plus invalid compressed sources never invoke the prover (24.126959ms)
✔ missing derived and compressed local input fetches only the pinned compressed CDN bytes (17.848375ms)
✔ loader cannot replace the trusted metadata snapshot (24.482625ms)
✔ mismatched derived content pin never accepts bytes through supplied cache metadata (35.986083ms)
✔ derived initialization rejects nonempty output and does not initialize Grumpkin (26.381959ms)
✔ derived initialization rejects missing output and does not initialize Grumpkin (24.034291ms)
✔ derived initialization rejects wrong element type and does not initialize Grumpkin (24.495833ms)
✔ browser VM uses full Web Crypto digest verification for derived input (29.486ms)
✔ explicit BN254 prefix verifies the full source before passing exact compressed or derived count (36.922625ms)
✔ prefix mode rejects corruption outside retained prefix before any prover call (34.541459ms)
✔ prefix budget rejects invalid and excessive values, and snapshots caller selection (47.875333ms)
✔ compressed prefix response must match selected count, not full source count (13.384333ms)
✔ build provenance rejects changed frontend sources paired with old HTML (27.424166ms)
✔ build provenance rejects output changes and removed output (22.551792ms)
✔ source removal and newly discovered app invalidate previous build (21.487ms)
✔ partial or interrupted builds cannot preserve a valid aggregate manifest (23.508041ms)
✔ mid-build drift and private RPC overrides cannot be certified (23.228583ms)
✔ internal symlinks hash the actual source while escapes and cycles reject (16.053958ms)
✔ obsolete template cannot leave a served HTML page in certified output (17.572416ms)
✔ unexpected top-level and nested HTML reject certification without deletion (21.1465ms)
✔ output symlink escapes and cycles cannot bypass the served HTML inventory (15.707083ms)
✔ browser fixes real SDK prover options and initializes matching singleton before PXE (1.8925ms)
✔ incompatible cached singleton blocks PXE without replacement (0.988042ms)
✔ browser custom prover and invalid options cannot bypass supported bound (1.101958ms)
✔ Node path preserves explicit native options and custom prover without browser singleton (0.483666ms)
✔ private logging remains silent and initialization failures are redacted (1.02325ms)
✔ async CRS verification must finish before PXE and concurrent requests share its initialization (1.850542ms)
✔ failed CRS validation blocks PXE, denies remote fallback and permits clean retry (0.445333ms)
✔ cached singleton without skipSrsInit is rejected before CRS or PXE (0.252459ms)
✔ verified loader uses only local files, rejects redirects and hashes bytes before initialization (0.431334ms)
✔ validated store supplies authoritative connection and fee settings; extra cannot override (2.013542ms)
✔ private engine errors remain bounded and recognized outcomes actionable (0.956834ms)
✔ readiness and pre-proof hook configuration changes stop continuation (0.67825ms)
✔ signer proxy stops a stale operation and preserves normal signer methods (1.039833ms)
✔ config change during provider identity read prevents signing (0.576166ms)
✔ deployment manifest connection takes authority over stored author board (0.389792ms)
✔ live board verification rejection blocks engine and forwards exact selected scope (0.402042ms)
✔ live board verification repeats before proof and prevents rejected proof continuation (0.405208ms)
✔ live board verification rejection blocks every external signing method (1.557625ms)
✔ config switch while board verification is pending blocks engine and signing (0.936583ms)
✔ missing private fee settings block new transactions before readiness, engine or signing (2.532916ms)
✔ missing private fee settings retain status and recovery access (1.667708ms)
✔ readiness failures retain fixed public guidance and never raw browser details (3.18075ms)
✔ runtime and fee helper receives correct authority and fee mode for writes versus recovery (2.364833ms)
✔ runtime helper rejection blocks entry, pre-proof and external signing (1.320084ms)
✔ config switch while runtime helper is pending blocks entry, proof and signing (1.243667ms)
✔ bundle load failure is bounded and offers public reader without raw errors (0.448667ms)
✔ recovery reconciles postable without another transaction (2.315917ms)
✔ recovery reconciles withdrawn_l2_claimable_l1 without another transaction (0.3455ms)
✔ recovery reconciles zero_balance_need_deposit without another transaction (0.284042ms)
✔ recovery reconciles deposited_l1_not_claimed_l2 without another transaction (0.286375ms)
✔ failed recover leaves current state intact (0.501959ms)
✔ failed status leaves current state intact (0.299209ms)
✔ changed scope at recover cannot replace current state (0.499375ms)
✔ changed scope at status cannot replace current state (1.277041ms)
✔ setup failure provides explicit safe reload and recovery guidance (0.201333ms)
✔ withdrawal readiness: eligible (0.606459ms)
✔ withdrawal readiness: cooldown (0.074916ms)
✔ withdrawal readiness: unscreened (0.041416ms)
✔ withdrawal readiness: missing (0.036ms)
✔ withdrawal readiness: unsafe chain time (0.040583ms)
✔ withdrawal readiness: missing chain time (0.032708ms)
✔ withdrawal readiness: large debt (0.039708ms)
✔ withdrawal readiness: large unscreened sequence (0.027625ms)
✔ actual navigation gate rejects unpaid debt without polling or signing (0.557375ms)
✔ actual navigation gate refuses a stale configuration response (0.852792ms)
✔ user feed uses native details and literal untrusted text (0.61175ms)
✔ user feed discards responses from old configuration (0.251417ms)
✔ user has no interpolated HTML or raw remote error output (0.192875ms)
✔ censor feed uses native details and literal untrusted text (0.252958ms)
✔ censor feed discards responses from old configuration (0.231166ms)
✔ censor has no interpolated HTML or raw remote error output (0.048125ms)
ℹ tests 155
ℹ suites 0
ℹ pass 155
ℹ fail 0
ℹ cancelled 0
ℹ skipped 0
ℹ todo 0
ℹ duration_ms 715.144375
