✔ actual bundled runtime verifier succeeds and owned provider is destroyed (6.51825ms)
✔ fee mismatch and malformed public config fail before provider and public reads (3.284459ms)
✔ every imported or node bridge identity mismatch fails and cleans provider (7.399ms)
✔ actual runtime bytecode or getter mutation rejected by pure verifier (2.056708ms)
✔ runtime hook failure, RPC failure and deadline failure redact raw details and clean provider (1.524ms)
✔ explicit no-fee verification still verifies portal runtime and rejects nonboolean mode (1.137833ms)
✔ actual WASM, crypto and IndexedDB round trip; concurrent deduplication and success cache (6.51775ms)
✔ fixed capability failures before wallet work and retry after failure (4.107042ms)
✔ worker construction failure revokes URL without exposing underlying error (0.38175ms)
✔ hung worker is bounded and terminated (15.001083ms)
✔ storage open failure remains distinct from unsupported browser (0.627333ms)
✔ late storage success after timeout closes database and retries deletion (16.580916ms)
✔ OPFS denial has fixed guidance and successful probe leaves no file (1.591667ms)
✔ OPFS write failure aborts and deletes disposable file (0.415042ms)
✔ late OPFS file creation after timeout removes disposable file (16.379333ms)
✔ browser fixes real SDK prover options and initializes matching singleton before PXE (4.316875ms)
✔ incompatible cached singleton blocks PXE without replacement (1.202042ms)
✔ browser custom prover and invalid options cannot bypass supported bound (4.387583ms)
✔ Node path preserves explicit native options and custom prover without browser singleton (0.635833ms)
✔ private logging remains silent and initialization failures are redacted (1.226666ms)
✔ async CRS verification must finish before PXE and concurrent requests share its initialization (4.422042ms)
✔ failed CRS validation blocks PXE, denies remote fallback and permits clean retry (0.508625ms)
✔ cached singleton without skipSrsInit is rejected before CRS or PXE (0.875ms)
✔ verified loader uses only local files, rejects redirects and hashes bytes before initialization (2.070667ms)
✔ canonical immutable public projection and optional private fees (2.426625ms)
✔ reject secrets, unknown nested fields, malformed identity and endpoints (0.4845ms)
✔ gas bounds, ordering, total overflow and canonical decimal strings (0.400042ms)
✔ persistent reload and immutable snapshots invalidate pending operations (1.724833ms)
✔ cross-tab same-value, corrupt and clear events invalidate; unrelated events do not (0.665208ms)
✔ corrupt or unavailable storage never silently selects a network (1.024334ms)
✔ local fixture preserves node serialization and confines Ethereum authority (96.64575ms)
✔ validated store supplies authoritative connection and fee settings; extra cannot override (4.448459ms)
✔ private engine errors remain bounded and recognized outcomes actionable (1.22475ms)
✔ readiness and pre-proof hook configuration changes stop continuation (0.731958ms)
✔ signer proxy stops a stale operation and preserves normal signer methods (1.344833ms)
✔ config change during provider identity read prevents signing (0.935875ms)
✔ deployment manifest connection takes authority over stored author board (0.525ms)
✔ live board verification rejection blocks engine and forwards exact selected scope (0.484375ms)
✔ live board verification repeats before proof and prevents rejected proof continuation (1.04025ms)
✔ live board verification rejection blocks every external signing method (5.23225ms)
✔ config switch while board verification is pending blocks engine and signing (1.113417ms)
✔ missing private fee settings block new transactions before readiness, engine or signing (2.705667ms)
✔ missing private fee settings retain status and recovery access (1.820375ms)
✔ readiness failures retain fixed public guidance and never raw browser details (3.52225ms)
✔ runtime and fee helper receives correct authority and fee mode for writes versus recovery (2.59425ms)
✔ runtime helper rejection blocks entry, pre-proof and external signing (1.212834ms)
✔ config switch while runtime helper is pending blocks entry, proof and signing (1.332292ms)
✔ bundle load failure is bounded and offers public reader without raw errors (0.455291ms)
✔ CSP hashes exact inline bodies, handlers and constrains RPC origins (4.883834ms)
✔ static route allowlist excludes private files and rejects symlinks (7.533125ms)
✔ actual connection verifier accepts matching imported network/board/class/reverse scope (22.593625ms)
✔ wrong Ethereum chain rejects before wallet work (0.433209ms)
✔ different board at portal rejects before wallet work (0.687958ms)
✔ upgraded board class rejects before wallet work (0.269833ms)
✔ wrong reverse portal rejects before wallet work (0.362959ms)
✔ withdrawal readiness: eligible (0.714208ms)
✔ withdrawal readiness: cooldown (0.060292ms)
✔ withdrawal readiness: unscreened (0.039625ms)
✔ withdrawal readiness: missing (0.033583ms)
✔ withdrawal readiness: unsafe chain time (0.041042ms)
✔ withdrawal readiness: missing chain time (0.030583ms)
✔ withdrawal readiness: large debt (0.041791ms)
✔ withdrawal readiness: large unscreened sequence (0.029834ms)
✔ actual navigation gate rejects unpaid debt without polling or signing (0.698625ms)
✔ actual navigation gate refuses a stale configuration response (1.519917ms)
✔ user feed uses native details and literal untrusted text (0.754833ms)
✔ user feed discards responses from old configuration (0.291833ms)
✔ user has no interpolated HTML or raw remote error output (0.182833ms)
✔ censor feed uses native details and literal untrusted text (0.500625ms)
✔ censor feed discards responses from old configuration (0.270334ms)
✔ censor has no interpolated HTML or raw remote error output (0.051208ms)
ℹ tests 71
ℹ suites 0
ℹ pass 71
ℹ fail 0
ℹ cancelled 0
ℹ skipped 0
ℹ todo 0
ℹ duration_ms 953.094833
