✔ actual WASM, crypto and IndexedDB round trip; concurrent deduplication and success cache (6.713541ms)
✔ fixed capability failures before wallet work and retry after failure (4.856625ms)
✔ worker construction failure revokes URL without exposing underlying error (0.564166ms)
✔ hung worker is bounded and terminated (16.5975ms)
✔ storage open failure remains distinct from unsupported browser (0.929458ms)
✔ late storage success after timeout closes database and retries deletion (17.149833ms)
✔ user generated page binds canonical fee artifact and public config without credential interception (81.686583ms)
✔ censor generated page binds canonical fee artifact and public config without credential interception (29.908542ms)
✔ deploy generated page binds canonical fee artifact and public config without credential interception (27.182709ms)
✔ fee-juice generated page binds canonical fee artifact and public config without credential interception (20.777417ms)
✔ user renders stable public IDs, Unicode and moderation reasons without wallet reads (3.53725ms)
✔ censor renders stable public IDs, Unicode and moderation reasons without wallet reads (1.3615ms)
✔ user withdrawal readiness refuses screened debt and accepts expired debt (0.967958ms)
✔ normal author calls carry only private payment method and bootstrap claim is consumed once (2.211458ms)
✔ unknown submission is preserved without retry and private errors are redacted (1.6595ms)
✔ missing private fee configuration fails before account work for every private action (1.441459ms)
✔ actual wallet keeps configured gas and normal account scope/tag through simulation and proof (21.197791ms)
✔ actual main claim uses standard author call with private fee payment (12.282667ms)
✔ actual main post uses standard author call with private fee payment (1.825417ms)
✔ actual main post dummy uses standard author call with private fee payment (1.137667ms)
✔ actual main withdraw uses standard author call with private fee payment (0.921958ms)
✔ moderator calls use their normal account with private fee payment (0.935ms)
✔ inherited object names never select an application method (0.315959ms)
✔ actual main private post works with no Ethereum signer (0.832333ms)
✔ actual main fails before PXE when RPC identity changed after CLI preflight (0.485125ms)
✔ settlement pending returns after one witness lookup, without ninety-minute polling (1.141708ms)
✔ witness RPC failure remains unknown, never a false unclaimed or paid result (0.861834ms)
✔ consumed/error text is not evidence of a refund: false (4.057958ms)
✔ consumed/error text is not evidence of a refund: true (0.865208ms)
✔ actual main refuses a private send when durable journal is unavailable (0.56775ms)
✔ actual main recovery avoids proving and Ethereum signing and reports revert distinctly (1.013458ms)
✔ Ethereum recovery handles already refunded receipts before checking active deposit (1.253625ms)
✔ actual moderator declare-immoral uses the active wallet's durable journal (1.018959ms)
✔ actual moderator declare-immoral refuses an unresolved previous transaction before preparing a fee (0.494958ms)
✔ actual moderator set-moderation-policy uses the active wallet's durable journal (0.84775ms)
✔ actual moderator set-moderation-policy refuses an unresolved previous transaction before preparing a fee (0.445375ms)
✔ actual moderator transfer-censor uses the active wallet's durable journal (0.604542ms)
✔ actual moderator transfer-censor refuses an unresolved previous transaction before preparing a fee (0.440042ms)
✔ moderator wallet cannot bypass journal ownership by supplying a second key (0.523833ms)
✔ moderator recovery success distinguishes an already completed identical transfer from a failed one (0.602708ms)
✔ moderator recovery reverted distinguishes an already completed identical transfer from a failed one (0.558125ms)
✔ moderator recovery with unknown outcome cannot prepare another private fee payment (0.460375ms)
✔ actual recovery dispatcher restores the saved message and nonce before requesting a fresh post proof (1.365292ms)
✔ already published stable identity blocks a replacement before fee preparation (0.654375ms)
✔ recovery cannot silently regenerate a dummy operation (0.481542ms)
✔ recovery cannot silently regenerate a withdraw operation (0.438291ms)
✔ recovery cannot silently regenerate a claim operation (0.417084ms)
✔ claim  records its own operation rather than stale real-post metadata (9.330292ms)
✔ post dummy records its own operation rather than stale real-post metadata (0.951333ms)
✔ withdraw  records its own operation rather than stale real-post metadata (0.588792ms)
✔ missing withdrawal note never proves success when history contains no exit (2.497583ms)
✔ missing withdrawal note never proves success when history is unavailable (1.185458ms)
✔ missing withdrawal note can recover an exact successful canonical exit without paying again (2.115875ms)
✔ missing withdrawal note cannot recover a reverted exit (1.0555ms)
✔ an exit for another selected deposit cannot complete withdrawal (1.810417ms)
✔ withdrawal recovery without original claim custody cannot guess deposit ownership (1.478041ms)
✔ withdrawal absence reconciliation has a deadline even if its receipt read stalls (21.718167ms)
✔ saved dummy requires the same source screening sequence (unchanged) (0.848458ms)
✔ saved dummy requires the same source screening sequence (changed) (0.72975ms)
✔ saved withdraw requires the same source screening sequence (unchanged) (0.594166ms)
✔ saved withdraw requires the same source screening sequence (changed) (0.593584ms)
✔ actual wallet passes attributed application spend to the durable journal before submission (0.479291ms)
✔ successful retried screening releases its step guard before the following withdrawal (3.152625ms)
✔ stale claim restores exact original receipt and claim identity without depositing again (3.118417ms)
✔ stale claim rejects changed amount before another fee payment (1.898ms)
✔ stale claim rejects changed depositNonce before another fee payment (1.737208ms)
✔ stale claim rejects changed leafIndex before another fee payment (1.806375ms)
✔ stale claim rejects changed depositChain before another fee payment (1.904292ms)
✔ stale claim rejects changed secretHash before another fee payment (2.022541ms)
✔ stale claim rejects changed depositor before another fee payment (1.977083ms)
✔ an existing note is not confirmation of an unresolved saved claim transaction (2.400625ms)
✔ failed claim does not enter the former thirty-attempt loop (2.990542ms)
✔ saved claim rejects a receipt returned for another transaction (1.228917ms)
✔ saved claim rejects a reorged Ethereum receipt (1.249917ms)
✔ saved claim receipt reads time out before any proof or fee preparation (22.417917ms)
✔ explicit recovery restores exact saved transfer-censor arguments (1.604584ms)
✔ explicit recovery restores exact saved set-moderation-policy arguments (1.842666ms)
✔ explicit recovery restores exact saved declare-immoral arguments (1.419208ms)
✔ daemon stale transaction reconciliation regenerates the same job (1.412042ms)
✔ daemon stale transaction reconciliation rejects another job (1.23425ms)
✔ saved moderator request cannot spend fees after authority transfers away (1.252583ms)
✔ build provenance rejects changed frontend sources paired with old HTML (34.032417ms)
✔ build provenance rejects output changes and removed output (31.893084ms)
✔ source removal and newly discovered app invalidate previous build (30.470333ms)
✔ partial or interrupted builds cannot preserve a valid aggregate manifest (29.471708ms)
✔ mid-build drift and private RPC overrides cannot be certified (21.8715ms)
✔ internal symlinks hash the actual source while escapes and cycles reject (16.435708ms)
✔ obsolete template cannot leave a served HTML page in certified output (20.715334ms)
✔ unexpected top-level and nested HTML reject certification without deletion (20.130708ms)
✔ output symlink escapes and cycles cannot bypass the served HTML inventory (15.178333ms)
✔ CLI reads public configuration and restricted local claim, rejecting links, extra fields, and broad permissions (8.059541ms)
✔ CLI keeps ambiguous outcomes actionable without exposing private errors (0.297125ms)
✔ funding deposits to shared address and passes mandatory recovery callback (1.565125ms)
✔ standalone claim uses standard author entrypoint with only private fee payload, then stops PXE (1.7165ms)
✔ browser recovery storage preserves earlier deposits and refuses conflicting replacements or secrets (0.883ms)
✔ deposit below claim fee is rejected before requesting L1 funding (0.443334ms)
✔ private fee claim refuses missing or unresolved recovery storage before consuming bridge information (1.296834ms)
✔ private fee success recovery requires no Ethereum signer, bridge claim file or PXE (0.8755ms)
✔ private fee reverted recovery requires no Ethereum signer, bridge claim file or PXE (0.347292ms)
✔ fee Ethereum approved recovery is explicit and does not start an L2 proof (0.343292ms)
✔ fee Ethereum funded recovery is explicit and does not start an L2 proof (0.395916ms)
✔ fee Ethereum reverted recovery is explicit and does not start an L2 proof (0.348ms)
✔ fee Ethereum replaced recovery is explicit and does not start an L2 proof (0.297542ms)
✔ claim persists exact public funding identity before preparation without duplicating secrets (0.44875ms)
✔ stale private fee claim restores saved funding record even when UI holds another deposit (0.787666ms)
✔ BB_SUBMISSION_UNKNOWN does not regenerate private fee claim (0.408334ms)
✔ BB_TRANSACTION_FAILED does not regenerate private fee claim (0.374958ms)
✔ live old claim cannot authorize replacement (0.404542ms)
✔ saved fee claim rejects owner (0.37725ms)
✔ saved fee claim rejects kind (0.34525ms)
✔ saved fee claim rejects unknown-record-key (0.381334ms)
✔ changed canonical message index blocks regenerated claim before proving (0.451416ms)
✔ canonical funding validation failure blocks regenerated claim (0.391041ms)
✔ private fee funding reconciliation has a bounded deadline (5.3715ms)
✔ canonical immutable public projection and optional private fees (1.205333ms)
✔ reject secrets, unknown nested fields, malformed identity and endpoints (0.6265ms)
✔ gas bounds, ordering, total overflow and canonical decimal strings (0.459083ms)
✔ persistent reload and immutable snapshots invalidate pending operations (0.699791ms)
✔ cross-tab same-value, corrupt and clear events invalidate; unrelated events do not (0.275959ms)
✔ corrupt or unavailable storage never silently selects a network (0.795334ms)
✔ full-history index refuses to checkpoint an omitted publication order (7.373584ms)
✔ an index starting from genesis refuses a nonzero first publication order (0.383709ms)
✔ orphaned flag disappears when its page is rolled back (2.041916ms)
✔ different payloads at one canonical event position never commit (0.316208ms)
✔ unavailable historical checkpoint preserves all cached events (0.621292ms)
✔ identical policy can be published repeatedly under the same content version (0.2985ms)
✔ conflicting text cannot reuse a policy content version (0.737666ms)
✔ post without its preceding policy publication cannot enter full-history cache (0.594417ms)
✔ sync deadline covers the aggregate RPC sequence, not each read independently (30.663458ms)
✔ connection reads pinned immutable slots at one block and matches both contract class IDs (25.820709ms)
✔ matching public slots cannot bypass a wrong currentContractClassId (7.350792ms)
✔ matching public slots cannot bypass a wrong originalContractClassId (9.133041ms)
✔ connection rejects conflicting immutable slot 1 (4.667292ms)
✔ connection rejects conflicting immutable slot 3 (4.752708ms)
✔ connection rejects conflicting immutable slot 4 (9.112292ms)
✔ connection rejects conflicting immutable slot 5 (8.706584ms)
✔ restored public cache rejects additional private payload fields (0.426833ms)
✔ policy A then B then A identifies A as the current restored policy (0.290667ms)
✔ legacy RPC_CONFIG has no endpoint or credential authority and fetch stays untouched (34.627083ms)
✔ validated store supplies authoritative connection and fee settings; extra cannot override (3.554958ms)
✔ private engine errors remain bounded and recognized outcomes actionable (3.414041ms)
✔ readiness and pre-proof hook configuration changes stop continuation (0.848417ms)
✔ signer proxy stops a stale operation and preserves normal signer methods (2.400042ms)
✔ config change during provider identity read prevents signing (0.686416ms)
✔ deployment manifest connection takes authority over stored author board (0.452792ms)
✔ live board verification rejection blocks engine and forwards exact selected scope (0.8085ms)
✔ live board verification repeats before proof and prevents rejected proof continuation (0.838125ms)
✔ live board verification rejection blocks every external signing method (2.746958ms)
✔ config switch while board verification is pending blocks engine and signing (0.987958ms)
✔ withdrawal readiness: eligible (0.755917ms)
✔ withdrawal readiness: cooldown (0.329792ms)
✔ withdrawal readiness: unscreened (0.058ms)
✔ withdrawal readiness: missing (0.038958ms)
✔ withdrawal readiness: unsafe chain time (0.04625ms)
✔ withdrawal readiness: missing chain time (0.031875ms)
✔ withdrawal readiness: large debt (0.046208ms)
✔ withdrawal readiness: large unscreened sequence (0.036416ms)
✔ actual navigation gate rejects unpaid debt without polling or signing (0.651625ms)
✔ actual navigation gate refuses a stale configuration response (1.508458ms)
✔ user feed uses native details and literal untrusted text (0.53775ms)
✔ user feed discards responses from old configuration (0.295917ms)
✔ user has no interpolated HTML or raw remote error output (0.18775ms)
✔ censor feed uses native details and literal untrusted text (0.339458ms)
✔ censor feed discards responses from old configuration (0.237875ms)
✔ censor has no interpolated HTML or raw remote error output (0.046792ms)
ℹ tests 165
ℹ suites 0
ℹ pass 165
ℹ fail 0
ℹ cancelled 0
ℹ skipped 0
ℹ todo 0
ℹ duration_ms 632.477542
