✔ actual bundled runtime verifier succeeds and owned provider is destroyed (4.696958ms)
✔ fee mismatch and malformed public config fail before provider and public reads (3.869458ms)
✔ every imported or node bridge identity mismatch fails and cleans provider (7.856625ms)
✔ actual runtime bytecode or getter mutation rejected by pure verifier (3.833ms)
✔ runtime hook failure, RPC failure and deadline failure redact raw details and clean provider (1.187791ms)
✔ explicit no-fee verification still verifies portal runtime and rejects nonboolean mode (0.74425ms)
✔ actual WASM, crypto and IndexedDB round trip; concurrent deduplication and success cache (8.2405ms)
✔ fixed capability failures before wallet work and retry after failure (19.610791ms)
✔ worker construction failure revokes URL without exposing underlying error (2.68875ms)
✔ hung worker is bounded and terminated (17.570083ms)
✔ storage open failure remains distinct from unsupported browser (3.745917ms)
✔ late storage success after timeout closes database and retries deletion (16.563208ms)
✔ OPFS denial has fixed guidance and successful probe leaves no file (1.319333ms)
✔ OPFS write failure aborts and deletes disposable file (1.438708ms)
✔ late OPFS file creation after timeout removes disposable file (16.336417ms)
✔ user generated page binds canonical fee artifact and public config without credential interception (108.699208ms)
✔ censor generated page binds canonical fee artifact and public config without credential interception (25.723709ms)
✔ deploy generated page binds canonical fee artifact and public config without credential interception (24.426ms)
✔ fee-juice generated page binds canonical fee artifact and public config without credential interception (20.308292ms)
✔ user renders stable public IDs, Unicode and moderation reasons without wallet reads (4.324709ms)
✔ censor renders stable public IDs, Unicode and moderation reasons without wallet reads (1.217291ms)
✔ user withdrawal readiness refuses screened debt and accepts expired debt (0.527458ms)
✔ normal author calls carry only private payment method and bootstrap claim is consumed once (2.767ms)
✔ unknown submission is preserved without retry and private errors are redacted (1.848125ms)
✔ missing private fee configuration fails before account work for every private action (1.584208ms)
✔ actual wallet keeps configured gas and normal account scope/tag through simulation and proof (22.635458ms)
✔ actual main claim uses standard author call with private fee payment (13.707042ms)
✔ actual main post uses standard author call with private fee payment (1.941667ms)
✔ actual main post dummy uses standard author call with private fee payment (1.11475ms)
✔ actual main withdraw uses standard author call with private fee payment (0.889042ms)
✔ moderator calls use their normal account with private fee payment (1.03ms)
✔ inherited object names never select an application method (0.297292ms)
✔ actual main private post works with no Ethereum signer (0.920417ms)
✔ actual main fails before PXE when RPC identity changed after CLI preflight (0.484ms)
✔ settlement pending returns after one witness lookup, without ninety-minute polling (1.84425ms)
✔ witness RPC failure remains unknown, never a false unclaimed or paid result (1.233917ms)
✔ consumed/error text is not evidence of a refund: false (4.528458ms)
✔ consumed/error text is not evidence of a refund: true (1.115833ms)
✔ actual main refuses a private send when durable journal is unavailable (0.9275ms)
✔ actual main recovery avoids proving and Ethereum signing and reports revert distinctly (1.53175ms)
✔ Ethereum recovery handles already refunded receipts before checking active deposit (1.539417ms)
✔ actual moderator declare-immoral uses the active wallet's durable journal (1.340125ms)
✔ actual moderator declare-immoral refuses an unresolved previous transaction before preparing a fee (0.554916ms)
✔ actual moderator set-moderation-policy uses the active wallet's durable journal (1.073625ms)
✔ actual moderator set-moderation-policy refuses an unresolved previous transaction before preparing a fee (0.609583ms)
✔ actual moderator transfer-censor uses the active wallet's durable journal (0.862792ms)
✔ actual moderator transfer-censor refuses an unresolved previous transaction before preparing a fee (0.828125ms)
✔ moderator wallet cannot bypass journal ownership by supplying a second key (0.748583ms)
✔ moderator recovery success distinguishes an already completed identical transfer from a failed one (0.760084ms)
✔ moderator recovery reverted distinguishes an already completed identical transfer from a failed one (0.650333ms)
✔ moderator recovery with unknown outcome cannot prepare another private fee payment (0.538334ms)
✔ actual recovery dispatcher restores the saved message and nonce before requesting a fresh post proof (1.42375ms)
✔ already published stable identity blocks a replacement before fee preparation (0.713166ms)
✔ recovery cannot silently regenerate a dummy operation (0.497667ms)
✔ recovery cannot silently regenerate a withdraw operation (0.441334ms)
✔ recovery cannot silently regenerate a claim operation (0.462ms)
✔ claim  records its own operation rather than stale real-post metadata (5.365292ms)
✔ post dummy records its own operation rather than stale real-post metadata (0.964417ms)
✔ withdraw  records its own operation rather than stale real-post metadata (1.2255ms)
✔ missing withdrawal note never proves success when history contains no exit (8.816291ms)
✔ missing withdrawal note never proves success when history is unavailable (1.557625ms)
✔ missing withdrawal note can recover an exact successful canonical exit without paying again (2.482ms)
✔ missing withdrawal note cannot recover a reverted exit (1.64175ms)
✔ an exit for another selected deposit cannot complete withdrawal (1.956708ms)
✔ withdrawal recovery without original claim custody cannot guess deposit ownership (2.105541ms)
✔ withdrawal absence reconciliation has a deadline even if its receipt read stalls (22.299417ms)
✔ saved dummy requires the same source screening sequence (unchanged) (1.087166ms)
✔ saved dummy requires the same source screening sequence (changed) (0.669875ms)
✔ saved withdraw requires the same source screening sequence (unchanged) (0.799708ms)
✔ saved withdraw requires the same source screening sequence (changed) (0.646291ms)
✔ actual wallet passes attributed application spend to the durable journal before submission (0.52ms)
✔ successful retried screening releases its step guard before the following withdrawal (3.652917ms)
✔ stale claim restores exact original receipt and claim identity without depositing again (3.948833ms)
✔ stale claim rejects changed amount before another fee payment (2.573ms)
✔ stale claim rejects changed depositNonce before another fee payment (2.109209ms)
✔ stale claim rejects changed leafIndex before another fee payment (2.232292ms)
✔ stale claim rejects changed depositChain before another fee payment (2.3615ms)
✔ stale claim rejects changed secretHash before another fee payment (2.332167ms)
✔ stale claim rejects changed depositor before another fee payment (2.618042ms)
✔ an existing note is not confirmation of an unresolved saved claim transaction (2.651416ms)
✔ failed claim does not enter the former thirty-attempt loop (3.923834ms)
✔ saved claim rejects a receipt returned for another transaction (1.824083ms)
✔ saved claim rejects a reorged Ethereum receipt (1.682292ms)
✔ saved claim receipt reads time out before any proof or fee preparation (23.08675ms)
✔ explicit recovery restores exact saved transfer-censor arguments (2.591084ms)
✔ explicit recovery restores exact saved set-moderation-policy arguments (2.080042ms)
✔ explicit recovery restores exact saved declare-immoral arguments (1.729542ms)
✔ daemon stale transaction reconciliation regenerates the same job (1.540416ms)
✔ daemon stale transaction reconciliation rejects another job (1.49275ms)
✔ saved moderator request cannot spend fees after authority transfers away (2.011792ms)
✔ build provenance rejects changed frontend sources paired with old HTML (37.507125ms)
✔ build provenance rejects output changes and removed output (42.020459ms)
✔ source removal and newly discovered app invalidate previous build (45.009458ms)
✔ partial or interrupted builds cannot preserve a valid aggregate manifest (24.581417ms)
✔ mid-build drift and private RPC overrides cannot be certified (24.7485ms)
✔ internal symlinks hash the actual source while escapes and cycles reject (20.767167ms)
✔ obsolete template cannot leave a served HTML page in certified output (20.9705ms)
✔ unexpected top-level and nested HTML reject certification without deletion (24.446ms)
✔ output symlink escapes and cycles cannot bypass the served HTML inventory (17.205291ms)
✔ CLI reads public configuration and restricted local claim, rejecting links, extra fields, and broad permissions (4.934834ms)
✔ CLI keeps ambiguous outcomes actionable without exposing private errors (1.114916ms)
✔ funding deposits to shared address and passes mandatory recovery callback (1.53225ms)
✔ standalone claim uses standard author entrypoint with only private fee payload, then stops PXE (0.740375ms)
✔ browser recovery storage preserves earlier deposits and refuses conflicting replacements or secrets (0.599375ms)
✔ deposit below claim fee is rejected before requesting L1 funding (0.371125ms)
✔ private fee claim refuses missing or unresolved recovery storage before consuming bridge information (0.826917ms)
✔ private fee success recovery requires no Ethereum signer, bridge claim file or PXE (0.41375ms)
✔ private fee reverted recovery requires no Ethereum signer, bridge claim file or PXE (0.281542ms)
✔ fee Ethereum approved recovery is explicit and does not start an L2 proof (0.313917ms)
✔ fee Ethereum funded recovery is explicit and does not start an L2 proof (0.334792ms)
✔ fee Ethereum reverted recovery is explicit and does not start an L2 proof (0.318208ms)
✔ fee Ethereum replaced recovery is explicit and does not start an L2 proof (0.30875ms)
✔ claim persists exact public funding identity before preparation without duplicating secrets (0.411042ms)
✔ stale private fee claim restores saved funding record even when UI holds another deposit (5.639167ms)
✔ BB_SUBMISSION_UNKNOWN does not regenerate private fee claim (1.049666ms)
✔ BB_TRANSACTION_FAILED does not regenerate private fee claim (0.62275ms)
✔ live old claim cannot authorize replacement (0.473916ms)
✔ saved fee claim rejects owner (0.45925ms)
✔ saved fee claim rejects kind (0.358041ms)
✔ saved fee claim rejects unknown-record-key (2.443ms)
✔ changed canonical message index blocks regenerated claim before proving (0.746709ms)
✔ canonical funding validation failure blocks regenerated claim (0.478542ms)
✔ private fee funding reconciliation has a bounded deadline (5.545333ms)
✔ canonical immutable public projection and optional private fees (0.902667ms)
✔ reject secrets, unknown nested fields, malformed identity and endpoints (0.425208ms)
✔ gas bounds, ordering, total overflow and canonical decimal strings (0.259ms)
✔ persistent reload and immutable snapshots invalidate pending operations (0.335834ms)
✔ cross-tab same-value, corrupt and clear events invalidate; unrelated events do not (0.622292ms)
✔ corrupt or unavailable storage never silently selects a network (0.178291ms)
✔ full-history index refuses to checkpoint an omitted publication order (4.031667ms)
✔ an index starting from genesis refuses a nonzero first publication order (0.390417ms)
✔ orphaned flag disappears when its page is rolled back (1.298625ms)
✔ different payloads at one canonical event position never commit (1.051125ms)
✔ unavailable historical checkpoint preserves all cached events (1.296042ms)
✔ identical policy can be published repeatedly under the same content version (1.284833ms)
✔ conflicting text cannot reuse a policy content version (0.455584ms)
✔ post without its preceding policy publication cannot enter full-history cache (0.992958ms)
✔ sync deadline covers the aggregate RPC sequence, not each read independently (31.228542ms)
✔ connection reads pinned immutable slots at one block and matches both contract class IDs (36.784208ms)
✔ matching public slots cannot bypass a wrong currentContractClassId (5.076792ms)
✔ matching public slots cannot bypass a wrong originalContractClassId (17.193083ms)
✔ connection rejects conflicting immutable slot 1 (5.684542ms)
✔ connection rejects conflicting immutable slot 3 (5.665667ms)
✔ connection rejects conflicting immutable slot 4 (7.99375ms)
✔ connection rejects conflicting immutable slot 5 (7.412042ms)
✔ restored public cache rejects additional private payload fields (0.430125ms)
✔ policy A then B then A identifies A as the current restored policy (0.289333ms)
✔ legacy RPC_CONFIG has no endpoint or credential authority and fetch stays untouched (17.759541ms)
✔ validated store supplies authoritative connection and fee settings; extra cannot override (3.709958ms)
✔ private engine errors remain bounded and recognized outcomes actionable (1.625875ms)
✔ readiness and pre-proof hook configuration changes stop continuation (1.637834ms)
✔ signer proxy stops a stale operation and preserves normal signer methods (2.320041ms)
✔ config change during provider identity read prevents signing (1.028958ms)
✔ deployment manifest connection takes authority over stored author board (1.294375ms)
✔ live board verification rejection blocks engine and forwards exact selected scope (0.966708ms)
✔ live board verification repeats before proof and prevents rejected proof continuation (0.87325ms)
✔ live board verification rejection blocks every external signing method (2.059084ms)
✔ config switch while board verification is pending blocks engine and signing (2.802791ms)
✔ missing private fee settings block new transactions before readiness, engine or signing (10.84ms)
✔ missing private fee settings retain status and recovery access (1.330083ms)
✔ readiness failures retain fixed public guidance and never raw browser details (4.44325ms)
✔ runtime and fee helper receives correct authority and fee mode for writes versus recovery (4.769791ms)
✔ runtime helper rejection blocks entry, pre-proof and external signing (1.695167ms)
✔ config switch while runtime helper is pending blocks entry, proof and signing (4.51175ms)
✔ bundle load failure is bounded and offers public reader without raw errors (0.7375ms)
✔ CSP hashes exact inline bodies, handlers and constrains RPC origins (1.132834ms)
✔ static route allowlist excludes private files and rejects symlinks (3.855542ms)
✔ actual connection verifier accepts matching imported network/board/class/reverse scope (17.825083ms)
✔ wrong Ethereum chain rejects before wallet work (0.567583ms)
✔ different board at portal rejects before wallet work (1.725042ms)
✔ upgraded board class rejects before wallet work (0.577625ms)
✔ wrong reverse portal rejects before wallet work (0.538875ms)
✔ withdrawal readiness: eligible (0.443333ms)
✔ withdrawal readiness: cooldown (0.048334ms)
✔ withdrawal readiness: unscreened (0.036667ms)
✔ withdrawal readiness: missing (0.033667ms)
✔ withdrawal readiness: unsafe chain time (0.037708ms)
✔ withdrawal readiness: missing chain time (0.029959ms)
✔ withdrawal readiness: large debt (0.038875ms)
✔ withdrawal readiness: large unscreened sequence (0.028542ms)
✔ actual navigation gate rejects unpaid debt without polling or signing (0.504917ms)
✔ actual navigation gate refuses a stale configuration response (1.48675ms)
✔ user feed uses native details and literal untrusted text (0.778291ms)
✔ user feed discards responses from old configuration (0.327541ms)
✔ user has no interpolated HTML or raw remote error output (0.201ms)
✔ censor feed uses native details and literal untrusted text (0.342ms)
✔ censor feed discards responses from old configuration (0.243042ms)
✔ censor has no interpolated HTML or raw remote error output (0.046208ms)
ℹ tests 188
ℹ suites 0
ℹ pass 188
ℹ fail 0
ℹ cancelled 0
ℹ skipped 0
ℹ todo 0
ℹ duration_ms 564.709666
