✔ ordered per-step inputs, hiding VK, local verification and compressed fields match upstream (1.385667ms)
✔ each failed command stops all later work and redacts underlying data (3.603666ms)
✔ invalid proof cannot reach compression or caller (0.294125ms)
✔ overlap cannot poison active job; failed singleton is quarantined and fresh instance works (1.012833ms)
✔ missing compressed output is rejected even after valid local verification (0.317542ms)
✔ browser fixes real SDK prover options and initializes matching singleton before PXE (1.860458ms)
✔ incompatible cached singleton blocks PXE without replacement (1.214083ms)
✔ browser custom prover and invalid options cannot bypass supported bound (1.289042ms)
✔ Node path preserves explicit native options and custom prover without browser singleton (0.898167ms)
✔ private logging remains silent and initialization failures are redacted (0.508792ms)
✔ async CRS verification must finish before PXE and concurrent requests share its initialization (2.516958ms)
✔ failed CRS validation blocks PXE, denies remote fallback and permits clean retry (0.470083ms)
✔ cached singleton without skipSrsInit is rejected before CRS or PXE (0.266667ms)
✔ verified loader uses only local files, rejects redirects and hashes bytes before initialization (0.463042ms)
✔ browser injects streaming prover using the same simulator and preserves verified proof fields/compression (0.669625ms)
✔ streaming proof failure cannot return a proof (0.297625ms)
✔ CSP hashes exact inline bodies, handlers and constrains RPC origins (1.7475ms)
✔ static route allowlist excludes private files and rejects symlinks (3.948917ms)
✔ large setup inventory hashes full contents across chunks without whole-file allocation (2.627708ms)
ℹ tests 19
ℹ suites 0
ℹ pass 19
ℹ fail 0
ℹ cancelled 0
ℹ skipped 0
ℹ todo 0
ℹ duration_ms 96.808625
