✔ ordered per-step inputs, hiding VK, local verification and compressed fields match upstream (2.441083ms)
✔ each failed command stops all later work and redacts underlying data (5.376834ms)
✔ invalid proof cannot reach compression or caller (0.428333ms)
✔ overlap cannot poison active job; failed singleton is quarantined and fresh instance works (1.480292ms)
✔ missing compressed output is rejected even after valid local verification (0.440167ms)
✔ browser fixes real SDK prover options and initializes matching singleton before PXE (2.943958ms)
✔ incompatible cached singleton blocks PXE without replacement (2.052333ms)
✔ browser custom prover and invalid options cannot bypass supported bound (1.664334ms)
✔ Node path preserves explicit native options and custom prover without browser singleton (1.483875ms)
✔ private logging remains silent and initialization failures are redacted (0.749875ms)
✔ async CRS verification must finish before PXE and concurrent requests share its initialization (3.211084ms)
✔ failed CRS validation blocks PXE, denies remote fallback and permits clean retry (0.609792ms)
✔ cached singleton without skipSrsInit is rejected before CRS or PXE (0.376584ms)
✔ verified loader uses only local files, rejects redirects and hashes bytes before initialization (0.681875ms)
✔ browser injects streaming prover using the same simulator and preserves verified proof fields/compression (1.616292ms)
✔ streaming proof failure cannot return a proof (0.61775ms)
ℹ tests 16
ℹ suites 0
ℹ pass 16
ℹ fail 0
ℹ cancelled 0
ℹ skipped 0
ℹ todo 0
ℹ duration_ms 133.678167
