✔ all verified local bytes reach SRS with the pinned v5 point counts (17.786709ms)
✔ old uncompressed-size local BN254 data is rejected before any prover call (1.525708ms)
✔ corrupt same-size cache and CDN bytes cannot initialize SRS (27.239833ms)
✔ bad local cache and bad first CDN fall back only to hash-verified second CDN bytes (14.965375ms)
✔ g1.dat uses the official v5 CDN filename and exact range (44.398958ms)
✔ grumpkin_g1.dat uses the official v5 CDN filename and exact range (15.152166ms)
✔ missing manifest is rejected before any data request (0.312875ms)
✔ different SDK release is rejected before any data request (0.109625ms)
✔ old schema is rejected before any data request (0.085583ms)
✔ wrong compressed format is rejected before any data request (0.119375ms)
✔ wrong G2 format is rejected before any data request (0.080667ms)
✔ wrong Grumpkin format is rejected before any data request (0.06275ms)
✔ old point count is rejected before any data request (0.05825ms)
✔ old Grumpkin filename is rejected before any data request (0.061041ms)
✔ unexpected network destination is rejected before any data request (0.053583ms)
✔ duplicate file is rejected before any data request (0.072541ms)
✔ invalid range is rejected before any data request (0.066333ms)
✔ missing derived entry is rejected before any data request (0.058375ms)
✔ wrong derived name is rejected before any data request (0.052083ms)
✔ wrong derived length is rejected before any data request (0.053292ms)
✔ wrong derived point count is rejected before any data request (0.050542ms)
✔ wrong derived format is rejected before any data request (0.06125ms)
✔ invalid derived digest is rejected before any data request (0.083125ms)
✔ derived remote URL is rejected before any data request (0.06725ms)
✔ missing provenance is rejected before any data request (1.088667ms)
✔ wrong derivation method is rejected before any data request (0.097666ms)
✔ wrong derivation SDK is rejected before any data request (0.085458ms)
✔ wrong derivation input name is rejected before any data request (0.066292ms)
✔ mismatched derivation input pin is rejected before any data request (0.075833ms)
✔ mismatched derivation G2 pin is rejected before any data request (0.050208ms)
✔ wrong derivation WASM path is rejected before any data request (0.046417ms)
✔ wrong derivation WASM digest is rejected before any data request (0.044ms)
✔ extra derivation metadata is rejected before any data request (0.052583ms)
✔ truncated body cannot be loaded (0.160667ms)
✔ oversized body cannot be loaded (0.080083ms)
✔ oversized content length cannot be loaded (0.331458ms)
✔ HTTP failure cannot be loaded (0.053625ms)
✔ empty successful response cannot be loaded (0.042417ms)
✔ oversized streamed response is cancelled instead of reading remaining bytes (0.331208ms)
✔ non-ending HTTP error response is cancelled before rejection (0.078875ms)
✔ HTTP error response remains the rejection reason when cancellation fails (0.084083ms)
✔ BN254 initialization rejection prevents Grumpkin initialization (13.9465ms)
✔ unexpected BN254 response cannot be reported as initialized (13.930583ms)
✔ unexpected Grumpkin response cannot be reported as initialized (19.381833ms)
✔ browser loading uses the same checks with Web Crypto SHA-256 (23.301875ms)
✔ verified local derived bytes skip compressed reads and use the documented empty response (27.569209ms)
✔ derived corruption after the first two points falls back before any bad bytes reach SRS (38.716208ms)
✔ truncated derived input is rejected before hash verification and uses verified compressed fallback (14.087625ms)
✔ oversized derived input is rejected before hash verification and uses verified compressed fallback (19.688083ms)
✔ cache metadata wrapper is rejected before hash verification and uses verified compressed fallback (14.000834ms)
✔ corrupt derived bytes plus invalid compressed sources never invoke the prover (25.525833ms)
✔ missing derived and compressed local input fetches only the pinned compressed CDN bytes (18.766459ms)
✔ loader cannot replace the trusted metadata snapshot (27.553333ms)
✔ mismatched derived content pin never accepts bytes through supplied cache metadata (47.464709ms)
✔ derived initialization rejects nonempty output and does not initialize Grumpkin (27.071958ms)
✔ derived initialization rejects missing output and does not initialize Grumpkin (27.227292ms)
✔ derived initialization rejects wrong element type and does not initialize Grumpkin (26.749833ms)
✔ browser VM uses full Web Crypto digest verification for derived input (40.9355ms)
✔ browser fixes real SDK prover options and initializes matching singleton before PXE (1.414667ms)
✔ incompatible cached singleton blocks PXE without replacement (0.972375ms)
✔ browser custom prover and invalid options cannot bypass supported bound (1.075167ms)
✔ Node path preserves explicit native options and custom prover without browser singleton (0.459416ms)
✔ private logging remains silent and initialization failures are redacted (0.951208ms)
✔ async CRS verification must finish before PXE and concurrent requests share its initialization (2.134875ms)
✔ failed CRS validation blocks PXE, denies remote fallback and permits clean retry (0.508708ms)
✔ cached singleton without skipSrsInit is rejected before CRS or PXE (0.27425ms)
✔ verified loader uses only local files, rejects redirects and hashes bytes before initialization (0.638084ms)
✔ local fixture preserves node serialization and confines Ethereum authority (100.264ms)
ℹ tests 68
ℹ suites 0
ℹ pass 68
ℹ fail 0
ℹ cancelled 0
ℹ skipped 0
ℹ todo 0
ℹ duration_ms 964.848542
