✔ user generated page binds canonical fee artifact and public config without credential interception (70.23075ms)
✔ censor generated page binds canonical fee artifact and public config without credential interception (23.829875ms)
✔ deploy generated page binds canonical fee artifact and public config without credential interception (25.347125ms)
✔ fee-juice generated page binds canonical fee artifact and public config without credential interception (21.136042ms)
✔ validated store supplies authoritative connection and fee settings; extra cannot override (1.712083ms)
✔ private engine errors remain bounded and recognized outcomes actionable (0.837875ms)
✔ readiness and pre-proof hook configuration changes stop continuation (0.645791ms)
✔ signer proxy stops a stale operation and preserves normal signer methods (1.198209ms)
✔ config change during provider identity read prevents signing (0.730834ms)
✔ deployment manifest connection takes authority over stored author board (0.44625ms)
✔ live board verification rejection blocks engine and forwards exact selected scope (0.39525ms)
✔ live board verification repeats before proof and prevents rejected proof continuation (0.418458ms)
✔ live board verification rejection blocks every external signing method (1.53825ms)
✔ config switch while board verification is pending blocks engine and signing (0.898083ms)
✔ missing private fee settings block new transactions before readiness, engine or signing (2.907416ms)
✔ missing private fee settings retain status and recovery access (1.44525ms)
✔ readiness failures retain fixed public guidance and never raw browser details (3.002958ms)
✔ actual connection verifier accepts matching imported network/board/class/reverse scope (11.909625ms)
✔ wrong Ethereum chain rejects before wallet work (0.404ms)
✔ different board at portal rejects before wallet work (0.625125ms)
✔ upgraded board class rejects before wallet work (0.256708ms)
✔ wrong reverse portal rejects before wallet work (0.313458ms)
ℹ tests 22
ℹ suites 0
ℹ pass 22
ℹ fail 0
ℹ cancelled 0
ℹ skipped 0
ℹ todo 0
ℹ duration_ms 185.155583
