✔ ordered per-step inputs, hiding VK, local verification and compressed fields match upstream (1.422417ms)
✔ each failed command stops all later work and redacts underlying data (3.518416ms)
✔ invalid proof cannot reach compression or caller (0.303083ms)
✔ same singleton cannot run overlapping Chonk jobs and is unlocked on failure (0.793041ms)
✔ missing compressed output is rejected even after valid local verification (0.372834ms)
✔ browser fixes real SDK prover options and initializes matching singleton before PXE (1.870292ms)
✔ incompatible cached singleton blocks PXE without replacement (1.116ms)
✔ browser custom prover and invalid options cannot bypass supported bound (1.148042ms)
✔ Node path preserves explicit native options and custom prover without browser singleton (0.889834ms)
✔ private logging remains silent and initialization failures are redacted (0.694208ms)
✔ async CRS verification must finish before PXE and concurrent requests share its initialization (1.843167ms)
✔ failed CRS validation blocks PXE, denies remote fallback and permits clean retry (0.419834ms)
✔ cached singleton without skipSrsInit is rejected before CRS or PXE (0.246667ms)
✔ verified loader uses only local files, rejects redirects and hashes bytes before initialization (0.416792ms)
✔ browser injects streaming prover using the same simulator and preserves verified proof fields/compression (0.640584ms)
✔ streaming proof failure cannot return a proof (0.280291ms)
✔ local fixture preserves node serialization and confines Ethereum authority (87.969875ms)
✔ CSP hashes exact inline bodies, handlers and constrains RPC origins (2.692792ms)
✔ static route allowlist excludes private files and rejects symlinks (3.942958ms)
✔ recovery reconciles postable without another transaction (1.971292ms)
✔ recovery reconciles withdrawn_l2_claimable_l1 without another transaction (0.343834ms)
✔ recovery reconciles zero_balance_need_deposit without another transaction (0.31725ms)
✔ recovery reconciles deposited_l1_not_claimed_l2 without another transaction (0.301417ms)
✔ failed recover leaves current state intact (0.368917ms)
✔ failed status leaves current state intact (0.29875ms)
✔ changed scope at recover cannot replace current state (0.361375ms)
✔ changed scope at status cannot replace current state (0.669125ms)
✔ setup failure provides explicit safe reload and recovery guidance (0.071458ms)
ℹ tests 28
ℹ suites 0
ℹ pass 28
ℹ fail 0
ℹ cancelled 0
ℹ skipped 0
ℹ todo 0
ℹ duration_ms 856.633333
