✔ publication extraction matches the pinned SDK decoder (0.827833ms)
✔ two-board directory paginates at a pinned checkpoint and filters other classes (13.010166ms)
✔ network mismatch stops, while upgraded incompatible instances are excluded (0.604084ms)
✔ a repeated cursor is rejected without silently skipping the page (0.579125ms)
✔ reorg invalidates the scan before publishing results and prevents continuation (0.348042ms)
✔ unavailable instances do not block scanning later history (0.198125ms)
✔ discovery begins inclusively at the supported class registration block (0.222458ms)
✔ a real board bound to an incompatible portal does not hide later boards (0.767125ms)
✔ build provenance rejects changed frontend sources paired with old HTML (29.208459ms)
✔ build provenance rejects output changes and removed output (30.950917ms)
✔ source removal and newly discovered app invalidate previous build (27.902834ms)
✔ partial or interrupted builds cannot preserve a valid aggregate manifest (26.4505ms)
✔ mid-build drift and private RPC overrides cannot be certified (25.7915ms)
✔ internal symlinks hash the actual source while escapes and cycles reject (20.369041ms)
✔ obsolete template cannot leave a served HTML page in certified output (21.783833ms)
✔ unexpected top-level and nested HTML reject certification without deletion (26.6495ms)
✔ output symlink escapes and cycles cannot bypass the served HTML inventory (18.628541ms)
✔ SDK serialization decodes PolicyPublished to strict public schema (2.707417ms)
✔ SDK serialization decodes PostPublished to strict public schema (0.375125ms)
✔ SDK serialization decodes PostFlagged to strict public schema (0.223667ms)
✔ wallet-free source verifies network, reads checkpointed head and atomically drains cursor pages (2.944208ms)
✔ same-tag pagination retains every event without duplicates (1.790417ms)
✔ decoder rejects wrong tag (0.334292ms)
✔ decoder rejects extra field (0.149875ms)
✔ decoder rejects wrong schema (0.166083ms)
✔ decoder rejects nonzero message padding (0.304667ms)
✔ decoder rejects oversized message length (0.275041ms)
✔ decoder rejects invalid UTF-8 (0.208ms)
✔ decoder rejects zero post identity (0.194875ms)
✔ decoder rejects negative position (0.175541ms)
✔ wrong network refuses before reading events (0.289667ms)
✔ incomplete atomic range rejects {"maxPages":2} (0.58025ms)
✔ incomplete atomic range rejects {"maxEvents":2} (0.496125ms)
✔ nonadvancing server cursor rejects rather than skipping records (0.783709ms)
✔ reorg anchor rejection leaves range incomplete (0.458875ms)
✔ stalled RPC is bounded (4.5325ms)
✔ reversed range bounds fail before RPC (0.664166ms)
✔ precomputed metadata loads raw JSON block data without hashing (0.844584ms)
✔ duplicated or missing precomputed tags fail closed (0.615ms)
✔ decoder supports raw JSON RPC strings without SDK objects (0.212333ms)
✔ runtime source imports only local modules without SDK or proving assets (0.177208ms)
✔ independent tag queries overlap while retaining the aggregate page budget (3.235125ms)
✔ failed tag stream stops sibling pagination after already-issued reads (0.620458ms)
✔ indexed discovery skips empty history in one multi-tag RPC (0.730208ms)
✔ indexed discovery rejects malformed, oversized and out-of-range results (0.419208ms)
✔ wallet-free cache resumes bounded pages without rescanning completed history (5.667667ms)
✔ snapshot pagination neither duplicates nor misses posts when newer ones arrive (0.863875ms)
✔ same-height reorg rolls back affected pages and invalidates pagination (0.919584ms)
✔ flag-only block updates a cached post without scanning its publication (0.463208ms)
✔ failed atomic persistence retains prior checkpoint and retries same page (0.891708ms)
✔ chain change during fetch never commits fetched events (0.253167ms)
✔ identical event duplicates deduplicate; conflicting payloads fail (0.333875ms)
✔ unexpected private fields, wrong scope and out-of-range results cannot enter cache (0.235875ms)
✔ bounded rollback can discard cache and rebuild after deep reorg (0.405667ms)
✔ capacity failure is explicit and does not advance past missing events (0.380959ms)
✔ RPC failure preserves cached data and cursor (0.290916ms)
✔ malformed restored cache and concurrent sync are rejected (2.614916ms)
✔ paging a validated restored history does not reread persisted ranges (0.449084ms)
✔ one-event append after10000posts writes only new range and small head (274.256333ms)
✔ failed atomic commit leaves storage and visible state unchanged (1.005083ms)
✔ competing writers cannot overwrite a committed head (1.069583ms)
✔ three-block rollback restores moved policies, posts and flags exactly (1.681958ms)
✔ page policy output is bounded by selected posts plus current policy (25.204042ms)
✔ occupied block checks overlap in batches of at most eight (3.373417ms)
✔ late board initialization reaches current history without scanning empty blocks (0.249791ms)
✔ old post can be flagged under new policy and page retains both policies (0.258667ms)
✔ CSP hashes exact inline bodies, handlers and constrains RPC origins (1.728792ms)
✔ static route allowlist excludes private files and rejects symlinks (3.712542ms)
✔ large setup inventory hashes full contents across chunks without whole-file allocation (2.843791ms)
ℹ tests 69
ℹ suites 0
ℹ pass 69
ℹ fail 0
ℹ cancelled 0
ℹ skipped 0
ℹ todo 0
ℹ duration_ms 577.03275
