npm timing npm:load:whichnode Completed in 0ms
npm timing npm:load:configload Completed in 3ms
npm timing config:load:flatten Completed in 1ms
npm timing npm:load:mkdirpcache Completed in 1ms
npm timing npm:load:mkdirplogs Completed in 0ms
npm timing npm:load:setTitle Completed in 0ms
npm timing npm:load Completed in 12ms
npm timing arborist:ctor Completed in 1ms
npm timing arborist:ctor Completed in 0ms
npm timing idealTree:init Completed in 173ms
npm timing idealTree:userRequests Completed in 0ms
npm timing idealTree:#root Completed in 0ms
npm timing idealTree:buildDeps Completed in 1ms
npm timing idealTree:fixDepFlags Completed in 0ms
npm timing idealTree Completed in 178ms
npm timing npm-ci:rm Completed in 0ms
npm timing reify:loadTrees Completed in 5ms
npm timing reify:diffTrees Completed in 8ms
npm timing reify:retireShallow Completed in 0ms
npm timing reify:createSparse Completed in 149ms
npm timing reify:loadBundles Completed in 0ms
npm timing reifyNode:node_modules/ylru Completed in 551ms
npm timing reifyNode:node_modules/wordwrapjs Completed in 551ms
npm timing reifyNode:node_modules/yallist Completed in 552ms
npm timing reifyNode:node_modules/wrap-ansi Completed in 552ms
npm timing reifyNode:node_modules/y18n Completed in 560ms
npm timing reifyNode:node_modules/wrap-ansi-cjs Completed in 563ms
npm timing reifyNode:node_modules/write-file-atomic Completed in 567ms
npm timing reifyNode:node_modules/yocto-queue Completed in 567ms
npm timing reifyNode:node_modules/xtend Completed in 570ms
npm timing reifyNode:node_modules/xml-naming Completed in 570ms
npm timing reifyNode:node_modules/wherearewe Completed in 574ms
npm timing reifyNode:node_modules/webidl-conversions Completed in 576ms
npm timing reifyNode:node_modules/wrappy Completed in 576ms
npm timing reifyNode:node_modules/which Completed in 577ms
npm timing reifyNode:node_modules/yoctocolors-cjs Completed in 577ms
npm timing reifyNode:node_modules/yargs-parser Completed in 590ms
npm timing reifyNode:node_modules/whatwg-url Completed in 596ms
npm timing reifyNode:node_modules/util-deprecate Completed in 599ms
npm timing reifyNode:node_modules/vary Completed in 599ms
npm timing reifyNode:node_modules/utils-merge Completed in 599ms
npm timing reifyNode:node_modules/utf8-codec Completed in 600ms
npm timing reifyNode:node_modules/weak-lru-cache Completed in 601ms
npm timing reifyNode:node_modules/unrs-resolver Completed in 605ms
npm timing reifyNode:node_modules/unpipe Completed in 614ms
npm timing reifyNode:node_modules/update-browserslist-db Completed in 619ms
npm timing reifyNode:node_modules/v8-to-istanbul Completed in 620ms
npm timing reifyNode:node_modules/ws Completed in 622ms
npm timing reifyNode:node_modules/uint8-varint Completed in 624ms
npm timing reifyNode:node_modules/type-is Completed in 628ms
npm timing reifyNode:node_modules/type-detect Completed in 628ms
npm timing reifyNode:node_modules/undici-types Completed in 636ms
npm timing reifyNode:node_modules/uint8arraylist Completed in 639ms
npm timing reifyNode:node_modules/weald Completed in 647ms
npm timing reifyNode:node_modules/test-exclude Completed in 656ms
npm timing reifyNode:node_modules/tr46 Completed in 659ms
npm timing reifyNode:node_modules/toidentifier Completed in 664ms
npm timing reifyNode:node_modules/teeny-request Completed in 664ms
npm timing reifyNode:node_modules/yargs Completed in 669ms
npm timing reifyNode:node_modules/tmp Completed in 676ms
npm timing reifyNode:node_modules/thread-stream Completed in 680ms
npm timing reifyNode:node_modules/typical Completed in 704ms
npm timing reifyNode:node_modules/type-fest Completed in 708ms
npm timing reifyNode:node_modules/uint8arrays Completed in 709ms
npm timing reifyNode:node_modules/tdigest Completed in 710ms
npm timing reifyNode:node_modules/table-layout Completed in 712ms
npm timing reifyNode:node_modules/supports-color Completed in 712ms
npm timing reifyNode:node_modules/tsscmp Completed in 722ms
npm timing reifyNode:node_modules/strnum Completed in 737ms
npm timing reifyNode:node_modules/stubs Completed in 744ms
npm timing reifyNode:node_modules/strip-ansi Completed in 744ms
npm timing reifyNode:node_modules/strip-final-newline Completed in 745ms
npm timing reifyNode:node_modules/string-width-cjs Completed in 745ms
npm timing reifyNode:node_modules/strip-bom Completed in 746ms
npm timing reifyNode:node_modules/ts-command-line-args Completed in 748ms
npm timing reifyNode:node_modules/tslib Completed in 756ms
npm timing reifyNode:node_modules/strip-ansi-cjs Completed in 756ms
npm timing reifyNode:node_modules/string-width Completed in 757ms
npm timing reifyNode:node_modules/synckit Completed in 764ms
npm timing reifyNode:node_modules/string_decoder Completed in 764ms
npm timing reifyNode:node_modules/string-length Completed in 770ms
npm timing reifyNode:node_modules/stream-shift Completed in 776ms
npm timing reifyNode:node_modules/systeminformation Completed in 776ms
npm timing reifyNode:node_modules/stream-events Completed in 782ms
npm timing reifyNode:node_modules/split2 Completed in 783ms
npm timing reifyNode:node_modules/strip-json-comments Completed in 785ms
npm timing reifyNode:node_modules/uuid Completed in 787ms
npm timing reifyNode:node_modules/strict-event-emitter-types Completed in 788ms
npm timing reifyNode:node_modules/statuses Completed in 789ms
npm timing reifyNode:node_modules/stack-utils Completed in 804ms
npm timing reifyNode:node_modules/string-format Completed in 804ms
npm timing reifyNode:node_modules/slash Completed in 810ms
npm timing reifyNode:node_modules/signal-exit Completed in 812ms
npm timing reifyNode:node_modules/source-map-support Completed in 813ms
npm timing reifyNode:node_modules/sprintf-js Completed in 818ms
npm timing reifyNode:node_modules/side-channel Completed in 822ms
npm timing reifyNode:node_modules/side-channel-weakmap Completed in 822ms
npm timing reifyNode:node_modules/sonic-boom Completed in 823ms
npm timing reifyNode:node_modules/stream-to-it Completed in 826ms
npm timing reifyNode:node_modules/ts-essentials Completed in 834ms
npm timing reifyNode:node_modules/send Completed in 853ms
npm timing reifyNode:node_modules/serve-static Completed in 857ms
npm timing reifyNode:node_modules/shebang-command Completed in 861ms
npm timing reifyNode:node_modules/undici Completed in 864ms
npm timing reifyNode:node_modules/setprototypeof Completed in 863ms
npm timing reifyNode:node_modules/safe-stable-stringify Completed in 864ms
npm timing reifyNode:node_modules/source-map Completed in 865ms
npm timing reifyNode:node_modules/side-channel-list Completed in 868ms
npm timing reifyNode:node_modules/secure-json-parse Completed in 868ms
npm timing reifyNode:node_modules/safer-buffer Completed in 872ms
npm timing reifyNode:node_modules/sha3 Completed in 873ms
npm timing reifyNode:node_modules/safe-regex-test Completed in 878ms
npm timing reifyNode:node_modules/shebang-regex Completed in 886ms
npm timing reifyNode:node_modules/side-channel-map Completed in 887ms
npm timing reifyNode:node_modules/semver Completed in 889ms
npm timing reifyNode:node_modules/require-directory Completed in 904ms
npm timing reifyNode:node_modules/reduce-flatten Completed in 907ms
npm timing reifyNode:node_modules/retry-request Completed in 908ms
npm timing reifyNode:node_modules/safe-buffer Completed in 910ms
npm timing reifyNode:node_modules/run-async Completed in 911ms
npm timing reifyNode:node_modules/retry Completed in 940ms
npm timing reifyNode:node_modules/rlp Completed in 943ms
npm timing reifyNode:node_modules/scrypt-js Completed in 953ms
npm timing reifyNode:node_modules/raw-body Completed in 972ms
npm timing reifyNode:node_modules/range-parser Completed in 974ms
npm timing reifyNode:node_modules/race-signal Completed in 975ms
npm timing reifyNode:node_modules/quick-lru Completed in 976ms
npm timing reifyNode:node_modules/race-event Completed in 977ms
npm timing reifyNode:node_modules/quick-format-unescaped Completed in 988ms
npm timing reifyNode:node_modules/pvutils Completed in 1005ms
npm timing reifyNode:node_modules/queue-microtask Completed in 1008ms
npm timing reifyNode:node_modules/proxy-from-env Completed in 1010ms
npm timing reifyNode:node_modules/proxy-addr Completed in 1012ms
npm timing reifyNode:node_modules/resolve-from Completed in 1023ms
npm timing reifyNode:node_modules/qs Completed in 1039ms
npm timing reifyNode:node_modules/real-require Completed in 1049ms
npm timing reifyNode:node_modules/pvtsutils Completed in 1050ms
npm timing reifyNode:node_modules/progress-events Completed in 1059ms
npm timing reifyNode:node_modules/snappy Completed in 1069ms
npm timing reifyNode:node_modules/resolve-cwd Completed in 1073ms
npm warn deprecated prom-client@15.1.3: prom-client has been replaced by @prometheus-io/client
npm timing reifyNode:node_modules/prom-client Completed in 1088ms
npm timing reifyNode:node_modules/protons-runtime Completed in 1097ms
npm timing reifyNode:node_modules/postgres-array Completed in 1097ms
npm timing reifyNode:node_modules/postgres-date Completed in 1104ms
npm timing reifyNode:node_modules/postgres-bytea Completed in 1104ms
npm timing reifyNode:node_modules/zod Completed in 1106ms
npm timing reifyNode:node_modules/process-warning Completed in 1112ms
npm timing reifyNode:node_modules/postgres-interval Completed in 1144ms
npm timing reifyNode:node_modules/pkg-dir Completed in 1151ms
npm timing reifyNode:node_modules/pump Completed in 1180ms
npm timing reifyNode:node_modules/pino-std-serializers Completed in 1197ms
npm timing reifyNode:node_modules/readable-stream Completed in 1251ms
npm timing reifyNode:node_modules/pirates Completed in 1254ms
npm timing reifyNode:node_modules/pretty-format Completed in 1255ms
npm timing reifyNode:node_modules/picocolors Completed in 1255ms
npm timing reifyNode:node_modules/pino-pretty Completed in 1291ms
npm timing reifyNode:node_modules/pure-rand Completed in 1303ms
npm timing reifyNode:node_modules/pg-int8 Completed in 1312ms
npm timing reifyNode:node_modules/pgpass Completed in 1313ms
npm timing reifyNode:node_modules/pg-types Completed in 1356ms
npm timing reifyNode:node_modules/pg-connection-string Completed in 1357ms
npm timing reifyNode:node_modules/pg-cloudflare Completed in 1359ms
npm timing reifyNode:node_modules/pg-protocol Completed in 1362ms
npm timing reifyNode:node_modules/pg Completed in 1366ms
npm timing reifyNode:node_modules/protobufjs Completed in 1366ms
npm timing reifyNode:node_modules/path-key Completed in 1393ms
npm timing reifyNode:node_modules/path-expression-matcher Completed in 1395ms
npm timing reifyNode:node_modules/path-exists Completed in 1395ms
npm timing reifyNode:node_modules/path-to-regexp Completed in 1405ms
npm timing reifyNode:node_modules/pg-pool Completed in 1430ms
npm timing reifyNode:node_modules/p-timeout Completed in 1451ms
npm timing reifyNode:node_modules/parseurl Completed in 1454ms
npm timing reifyNode:node_modules/p-try Completed in 1454ms
npm timing reifyNode:node_modules/package-json-from-dist Completed in 1455ms
npm timing reifyNode:node_modules/picomatch Completed in 1461ms
npm timing reifyNode:node_modules/parse-json Completed in 1483ms
npm timing reifyNode:node_modules/p-defer Completed in 1496ms
npm timing reifyNode:node_modules/p-queue Completed in 1532ms
npm timing reifyNode:node_modules/pino-abstract-transport Completed in 1536ms
npm timing reifyNode:node_modules/p-locate Completed in 1539ms
npm timing reifyNode:node_modules/ordered-binary Completed in 1558ms
npm timing reifyNode:node_modules/onetime Completed in 1559ms
npm timing reifyNode:node_modules/only Completed in 1562ms
npm timing reifyNode:node_modules/once Completed in 1607ms
npm timing reifyNode:node_modules/pako Completed in 1614ms
npm timing reifyNode:node_modules/normalize-path Completed in 1623ms
npm timing reifyNode:node_modules/npm-run-path Completed in 1632ms
npm timing reifyNode:node_modules/ohash Completed in 1632ms
npm timing reifyNode:node_modules/object-inspect Completed in 1641ms
npm timing reifyNode:node_modules/on-exit-leak-free Completed in 1658ms
npm timing reifyNode:node_modules/node-releases Completed in 1667ms
npm timing reifyNode:node_modules/p-limit Completed in 1705ms
npm timing reifyNode:node_modules/on-finished Completed in 1763ms
npm timing reifyNode:node_modules/node-fetch Completed in 1765ms
npm timing reifyNode:node_modules/netmask Completed in 1767ms
npm timing reifyNode:node_modules/node-gyp-build Completed in 1778ms
npm timing reifyNode:node_modules/negotiator Completed in 1780ms
npm timing reifyNode:node_modules/pino Completed in 1788ms
npm timing reifyNode:node_modules/natural-compare Completed in 1828ms
npm timing reifyNode:node_modules/napi-macros Completed in 1866ms
npm timing reifyNode:node_modules/napi-postinstall Completed in 1875ms
npm timing reifyNode:node_modules/typescript Completed in 1882ms
npm timing reifyNode:node_modules/mute-stream Completed in 1890ms
npm timing reifyNode:node_modules/msgpackr-extract Completed in 1904ms
npm timing reifyNode:node_modules/node-addon-api Completed in 1906ms
npm timing reifyNode:node_modules/ms Completed in 1927ms
npm timing reifyNode:node_modules/minimist Completed in 1947ms
npm timing reifyNode:node_modules/node-pg-migrate Completed in 1953ms
npm timing reifyNode:node_modules/path-scurry Completed in 1966ms
npm timing reifyNode:node_modules/node-int64 Completed in 1967ms
npm timing reifyNode:node_modules/playwright Completed in 1989ms
npm timing reifyNode:node_modules/minimalistic-assert Completed in 1994ms
npm timing reifyNode:node_modules/minimalistic-crypto-utils Completed in 1995ms
npm timing reifyNode:node_modules/mime-types Completed in 2016ms
npm timing reifyNode:node_modules/merge-stream Completed in 2022ms
npm timing reifyNode:node_modules/mortice Completed in 2025ms
npm timing reifyNode:node_modules/mimic-fn Completed in 2028ms
npm timing reifyNode:node_modules/node-gyp-build-optional-packages Completed in 2029ms
npm timing reifyNode:node_modules/methods Completed in 2030ms
npm timing reifyNode:node_modules/mime-db Completed in 2068ms
npm timing reifyNode:node_modules/multiformats Completed in 2077ms
npm timing reifyNode:node_modules/minipass Completed in 2079ms
npm timing reifyNode:node_modules/murmurhash3js-revisited Completed in 2096ms
npm timing reifyNode:node_modules/media-typer Completed in 2096ms
npm timing reifyNode:node_modules/merge-options Completed in 2101ms
npm timing reifyNode:node_modules/merge-descriptors Completed in 2102ms
npm timing reifyNode:node_modules/make-dir Completed in 2115ms
npm timing reifyNode:node_modules/math-intrinsics Completed in 2119ms
npm timing reifyNode:node_modules/long Completed in 2134ms
npm timing reifyNode:node_modules/lodash.times Completed in 2139ms
npm timing reifyNode:node_modules/lodash.pickby Completed in 2139ms
npm timing reifyNode:node_modules/lodash.merge Completed in 2140ms
npm timing reifyNode:node_modules/msgpackr Completed in 2144ms
npm warn deprecated lodash.isequal@4.5.0: This package is deprecated. Use require('node:util').isDeepStrictEqual instead.
npm timing reifyNode:node_modules/lodash.isequal Completed in 2151ms
npm timing reifyNode:node_modules/mime Completed in 2194ms
npm timing reifyNode:node_modules/lodash.omit Completed in 2209ms
npm timing reifyNode:node_modules/lodash.clonedeep Completed in 2209ms
npm timing reifyNode:node_modules/lodash.clonedeepwith Completed in 2209ms
npm timing reifyNode:node_modules/lodash.camelcase Completed in 2210ms
npm timing reifyNode:node_modules/lodash.chunk Completed in 2211ms
npm timing reifyNode:node_modules/loady Completed in 2229ms
npm timing reifyNode:node_modules/lodash.groupby Completed in 2231ms
npm timing reifyNode:node_modules/main-event Completed in 2231ms
npm timing reifyNode:node_modules/lines-and-columns Completed in 2241ms
npm timing reifyNode:node_modules/leven Completed in 2250ms
npm timing reifyNode:node_modules/locate-path Completed in 2251ms
npm timing reifyNode:node_modules/koa-convert Completed in 2324ms
npm timing reifyNode:node_modules/koa-bodyparser Completed in 2333ms
npm warn deprecated level-concat-iterator@3.1.0: Superseded by abstract-level (https://github.com/Level/community#faq)
npm timing reifyNode:node_modules/level-concat-iterator Completed in 2334ms
npm timing reifyNode:node_modules/koa-compress Completed in 2336ms
npm warn deprecated koa-router@13.1.1: Please use @koa/router instead, starting from v9! 
npm timing reifyNode:node_modules/koa-router Completed in 2342ms
npm timing reifyNode:node_modules/lru-cache Completed in 2346ms
npm timing reifyNode:node_modules/node-forge Completed in 2350ms
npm timing reifyNode:node_modules/koa-compose Completed in 2373ms
npm timing reifyNode:node_modules/koa-is-json Completed in 2374ms
npm timing reifyNode:node_modules/json-parse-even-better-errors Completed in 2375ms
npm timing reifyNode:node_modules/koa Completed in 2378ms
npm timing reifyNode:node_modules/jws Completed in 2383ms
npm timing reifyNode:node_modules/libp2p Completed in 2386ms
npm timing reifyNode:node_modules/json-stringify-deterministic Completed in 2392ms
npm timing reifyNode:node_modules/json5 Completed in 2393ms
npm timing reifyNode:node_modules/json-bigint Completed in 2398ms
npm timing reifyNode:node_modules/jsesc Completed in 2410ms
npm timing reifyNode:node_modules/jwa Completed in 2412ms
npm timing reifyNode:node_modules/js-sha3 Completed in 2420ms
npm timing reifyNode:node_modules/js-tokens Completed in 2424ms
npm timing reifyNode:node_modules/level-supports Completed in 2452ms
npm timing reifyNode:node_modules/minimatch Completed in 2489ms
npm timing reifyNode:node_modules/keygrip Completed in 2490ms
npm timing reifyNode:node_modules/jest-validate Completed in 2491ms
npm timing reifyNode:node_modules/jest-runner Completed in 2491ms
npm timing reifyNode:node_modules/jest-snapshot Completed in 2492ms
npm timing reifyNode:node_modules/jest-worker Completed in 2493ms
npm timing reifyNode:node_modules/js-yaml Completed in 2495ms
npm timing reifyNode:node_modules/joycon Completed in 2502ms
npm timing reifyNode:node_modules/jest-resolve-dependencies Completed in 2503ms
npm timing reifyNode:node_modules/jest-regex-util Completed in 2555ms
npm timing reifyNode:node_modules/jest-leak-detector Completed in 2557ms
npm timing reifyNode:node_modules/jest-matcher-utils Completed in 2564ms
npm timing reifyNode:node_modules/jest-docblock Completed in 2564ms
npm timing reifyNode:node_modules/jest-message-util Completed in 2565ms
npm timing reifyNode:node_modules/jest-watcher Completed in 2565ms
npm timing reifyNode:node_modules/jest-util Completed in 2565ms
npm timing reifyNode:node_modules/jest-each Completed in 2565ms
npm timing reifyNode:node_modules/jest-diff Completed in 2566ms
npm timing reifyNode:node_modules/jest-resolve Completed in 2566ms
npm timing reifyNode:node_modules/jest-config Completed in 2566ms
npm timing reifyNode:node_modules/jest-haste-map Completed in 2567ms
npm timing reifyNode:node_modules/jest-mock-extended Completed in 2567ms
npm timing reifyNode:node_modules/ox Completed in 2576ms
npm timing reifyNode:node_modules/jest-runtime Completed in 2577ms
npm timing reifyNode:node_modules/it-stream-types Completed in 2584ms
npm timing reifyNode:node_modules/jest-changed-files Completed in 2592ms
npm timing reifyNode:node_modules/jest-cli Completed in 2592ms
npm timing reifyNode:node_modules/it-sort Completed in 2602ms
npm timing reifyNode:node_modules/jest-circus Completed in 2614ms
npm timing reifyNode:node_modules/jest-mock Completed in 2614ms
npm timing reifyNode:node_modules/it-reader Completed in 2618ms
npm timing reifyNode:node_modules/jest-environment-node Completed in 2620ms
npm timing reifyNode:node_modules/jest Completed in 2620ms
npm timing reifyNode:node_modules/it-protobuf-stream Completed in 2622ms
npm timing reifyNode:node_modules/it-queueless-pushable Completed in 2630ms
npm timing reifyNode:node_modules/it-pushable Completed in 2632ms
npm timing reifyNode:node_modules/it-pipe Completed in 2633ms
npm timing reifyNode:node_modules/it-queue Completed in 2638ms
npm timing reifyNode:node_modules/it-peekable Completed in 2642ms
npm timing reifyNode:node_modules/it-parallel Completed in 2651ms
npm timing reifyNode:node_modules/it-take Completed in 2654ms
npm timing reifyNode:node_modules/it-pair Completed in 2655ms
npm timing reifyNode:node_modules/it-drain Completed in 2663ms
npm timing reifyNode:node_modules/it-map Completed in 2664ms
npm timing reifyNode:node_modules/it-filter Completed in 2664ms
npm timing reifyNode:node_modules/it-length-prefixed Completed in 2670ms
npm timing reifyNode:node_modules/it-foreach Completed in 2680ms
npm timing reifyNode:node_modules/it-merge Completed in 2680ms
npm timing reifyNode:node_modules/it-all Completed in 2691ms
npm timing reifyNode:node_modules/istanbul-lib-coverage Completed in 2691ms
npm timing reifyNode:node_modules/it-byte-stream Completed in 2693ms
npm timing reifyNode:node_modules/it-length-prefixed-stream Completed in 2696ms
npm timing reifyNode:node_modules/istanbul-lib-instrument Completed in 2698ms
npm timing reifyNode:node_modules/jackspeak Completed in 2703ms
npm timing reifyNode:node_modules/istanbul-lib-source-maps Completed in 2712ms
npm timing reifyNode:node_modules/istanbul-lib-report Completed in 2713ms
npm timing reifyNode:node_modules/isexe Completed in 2724ms
npm timing reifyNode:node_modules/is-plain-obj Completed in 2725ms
npm timing reifyNode:node_modules/is-regex Completed in 2726ms
npm timing reifyNode:node_modules/is-glob Completed in 2727ms
npm timing reifyNode:node_modules/istanbul-reports Completed in 2728ms
npm timing reifyNode:node_modules/isows Completed in 2733ms
npm timing reifyNode:node_modules/rxjs Completed in 2739ms
npm timing reifyNode:node_modules/is-stream Completed in 2738ms
npm timing reifyNode:node_modules/is-unsafe Completed in 2740ms
npm timing reifyNode:node_modules/is-generator-function Completed in 2759ms
npm timing reifyNode:node_modules/is-generator-fn Completed in 2759ms
npm timing reifyNode:node_modules/is-electron Completed in 2759ms
npm timing reifyNode:node_modules/is-buffer Completed in 2759ms
npm timing reifyNode:node_modules/is-extglob Completed in 2759ms
npm timing reifyNode:node_modules/ipaddr.js Completed in 2760ms
npm timing reifyNode:node_modules/is-fullwidth-code-point Completed in 2760ms
npm timing reifyNode:node_modules/is-loopback-addr Completed in 2761ms
npm timing reifyNode:node_modules/interface-store Completed in 2763ms
npm timing reifyNode:node_modules/imurmurhash Completed in 2779ms
npm timing reifyNode:node_modules/inherits Completed in 2792ms
npm timing reifyNode:node_modules/inquirer Completed in 2796ms
npm timing reifyNode:node_modules/ieee754 Completed in 2807ms
npm timing reifyNode:node_modules/inflation Completed in 2808ms
npm timing reifyNode:node_modules/import-local Completed in 2813ms
npm timing reifyNode:node_modules/is-arrayish Completed in 2813ms
npm timing reifyNode:node_modules/https-proxy-agent Completed in 2818ms
npm timing reifyNode:node_modules/idb-keyval Completed in 2820ms
npm timing reifyNode:node_modules/interface-datastore Completed in 2827ms
npm timing reifyNode:node_modules/http-assert Completed in 2829ms
npm timing reifyNode:node_modules/import-meta-resolve Completed in 2830ms
npm timing reifyNode:node_modules/html-escaper Completed in 2841ms
npm timing reifyNode:node_modules/http-proxy-agent Completed in 2853ms
npm timing reifyNode:node_modules/http-errors Completed in 2854ms
npm timing reifyNode:node_modules/human-signals Completed in 2858ms
npm timing reifyNode:node_modules/idb Completed in 2863ms
npm timing reifyNode:node_modules/hmac-drbg Completed in 2873ms
npm timing reifyNode:node_modules/hasown Completed in 2885ms
npm timing reifyNode:node_modules/hashlru Completed in 2890ms
npm timing reifyNode:node_modules/has-tostringtag Completed in 2892ms
npm timing reifyNode:node_modules/help-me Completed in 2898ms
npm timing reifyNode:node_modules/hash.js Completed in 2900ms
npm timing reifyNode:node_modules/iconv-lite Completed in 2906ms
npm timing reifyNode:node_modules/html-entities Completed in 2906ms
npm timing reifyNode:node_modules/has-flag Completed in 2907ms
npm timing reifyNode:node_modules/has-symbols Completed in 2909ms
npm timing reifyNode:node_modules/gtoken Completed in 2924ms
npm timing reifyNode:node_modules/gopd Completed in 2925ms
npm timing reifyNode:node_modules/get-port Completed in 2930ms
npm timing reifyNode:node_modules/get-stream Completed in 2931ms
npm timing reifyNode:node_modules/get-proto Completed in 2932ms
npm timing reifyNode:node_modules/graceful-fs Completed in 2941ms
npm timing reifyNode:node_modules/google-logging-utils Completed in 2941ms
npm timing reifyNode:node_modules/get-iterator Completed in 2943ms
npm timing reifyNode:node_modules/get-package-type Completed in 2945ms
npm timing reifyNode:node_modules/get-caller-file Completed in 2961ms
npm timing reifyNode:node_modules/get-intrinsic Completed in 2963ms
npm timing reifyNode:node_modules/generator-function Completed in 2966ms
npm timing reifyNode:node_modules/gcp-metadata Completed in 2988ms
npm timing reifyNode:node_modules/gensync Completed in 2995ms
npm timing reifyNode:node_modules/forwarded Completed in 2995ms
npm timing reifyNode:node_modules/form-data Completed in 2998ms
npm timing reifyNode:node_modules/fresh Completed in 3003ms
npm timing reifyNode:node_modules/follow-redirects Completed in 3004ms
npm timing reifyNode:node_modules/function-bind Completed in 3007ms
npm timing reifyNode:node_modules/find-replace Completed in 3009ms
npm timing reifyNode:node_modules/gaxios Completed in 3018ms
npm timing reifyNode:node_modules/foreground-child Completed in 3032ms
npm timing reifyNode:node_modules/fb-watchman Completed in 3046ms
npm timing reifyNode:node_modules/find-up Completed in 3046ms
npm timing reifyNode:node_modules/finalhandler Completed in 3049ms
npm timing reifyNode:node_modules/external-editor Completed in 3056ms
npm timing reifyNode:node_modules/glob Completed in 3060ms
npm timing reifyNode:node_modules/fast-safe-stringify Completed in 3062ms
npm timing reifyNode:node_modules/fast-xml-builder Completed in 3065ms
npm timing reifyNode:node_modules/fdir Completed in 3069ms
npm timing reifyNode:node_modules/fast-copy Completed in 3083ms
npm timing reifyNode:node_modules/playwright-core Completed in 3104ms
npm timing reifyNode:node_modules/google-auth-library Completed in 3109ms
npm timing reifyNode:node_modules/extend Completed in 3115ms
npm timing reifyNode:node_modules/execa Completed in 3119ms
npm timing reifyNode:node_modules/expect Completed in 3120ms
npm timing reifyNode:node_modules/fast-json-stable-stringify Completed in 3120ms
npm timing reifyNode:node_modules/fake-indexeddb Completed in 3132ms
npm timing reifyNode:node_modules/event-target-shim Completed in 3136ms
npm timing reifyNode:node_modules/etag Completed in 3138ms
npm timing reifyNode:node_modules/escape-html Completed in 3143ms
npm timing reifyNode:node_modules/escape-string-regexp Completed in 3149ms
npm timing reifyNode:node_modules/exit-x Completed in 3153ms
npm timing reifyNode:node_modules/express Completed in 3156ms
npm timing reifyNode:node_modules/esprima Completed in 3157ms
npm timing reifyNode:node_modules/escalade Completed in 3162ms
npm timing reifyNode:node_modules/eventemitter3 Completed in 3163ms
npm warn deprecated esbuild-plugin-polyfill-node@0.3.0: Package no longer supported. Contact Support at https://www.npmjs.com/support for more info.
npm timing reifyNode:node_modules/esbuild-plugin-polyfill-node Completed in 3164ms
npm timing reifyNode:node_modules/es-set-tostringtag Completed in 3175ms
npm timing reifyNode:node_modules/ethereum-cryptography Completed in 3177ms
npm timing reifyNode:node_modules/error-ex Completed in 3195ms
npm timing reifyNode:node_modules/end-of-stream Completed in 3197ms
npm timing reifyNode:node_modules/es-define-property Completed in 3197ms
npm timing reifyNode:node_modules/esbuild Completed in 3199ms
npm timing reifyNode:node_modules/emoji-regex Completed in 3199ms
npm timing reifyNode:node_modules/es-object-atoms Completed in 3200ms
npm timing reifyNode:node_modules/es-errors Completed in 3201ms
npm timing reifyNode:node_modules/err-code Completed in 3202ms
npm timing reifyNode:node_modules/encodeurl Completed in 3203ms
npm timing reifyNode:node_modules/es-module-lexer Completed in 3213ms
npm timing reifyNode:node_modules/ecdsa-sig-formatter Completed in 3218ms
npm timing reifyNode:node_modules/ee-first Completed in 3220ms
npm timing reifyNode:node_modules/eastasianwidth Completed in 3220ms
npm timing reifyNode:node_modules/duplexify Completed in 3224ms
npm timing reifyNode:node_modules/dotenv Completed in 3232ms
npm timing reifyNode:node_modules/electron-to-chromium Completed in 3233ms
npm timing reifyNode:node_modules/lmdb Completed in 3236ms
npm warn deprecated leveldown@6.1.1: Superseded by classic-level (https://github.com/Level/community#faq)
npm timing reifyNode:node_modules/leveldown Completed in 3239ms
npm timing reifyNode:node_modules/detect-libc Completed in 3238ms
npm timing reifyNode:node_modules/dns-over-http-resolver Completed in 3243ms
npm timing reifyNode:node_modules/detect-newline Completed in 3251ms
npm timing reifyNode:node_modules/destroy Completed in 3251ms
npm timing reifyNode:node_modules/emittery Completed in 3254ms
npm timing reifyNode:node_modules/dunder-proto Completed in 3255ms
npm timing reifyNode:node_modules/denque Completed in 3269ms
npm timing reifyNode:node_modules/detect-node Completed in 3269ms
npm timing reifyNode:node_modules/delayed-stream Completed in 3269ms
npm timing reifyNode:node_modules/delegates Completed in 3269ms
npm timing reifyNode:node_modules/depd Completed in 3269ms
npm timing reifyNode:node_modules/deep-equal Completed in 3270ms
npm timing reifyNode:node_modules/delay Completed in 3271ms
npm timing reifyNode:node_modules/elliptic Completed in 3271ms
npm timing reifyNode:node_modules/dedent Completed in 3273ms
npm timing reifyNode:node_modules/deep-extend Completed in 3278ms
npm timing reifyNode:node_modules/deepmerge Completed in 3278ms
npm timing reifyNode:node_modules/cookie Completed in 3292ms
npm timing reifyNode:node_modules/cross-spawn Completed in 3293ms
npm timing reifyNode:node_modules/dateformat Completed in 3296ms
npm timing reifyNode:node_modules/copy-to Completed in 3296ms
npm timing reifyNode:node_modules/cookies Completed in 3297ms
npm timing reifyNode:node_modules/convert-source-map Completed in 3300ms
npm timing reifyNode:node_modules/content-disposition Completed in 3300ms
npm timing reifyNode:node_modules/cookie-signature Completed in 3301ms
npm timing reifyNode:node_modules/content-type Completed in 3309ms
npm timing reifyNode:node_modules/debug Completed in 3321ms
npm timing reifyNode:node_modules/fast-xml-parser Completed in 3322ms
npm timing reifyNode:node_modules/command-line-usage Completed in 3321ms
npm timing reifyNode:node_modules/datastore-core Completed in 3322ms
npm timing reifyNode:node_modules/color-convert Completed in 3329ms
npm timing reifyNode:node_modules/cliui Completed in 3331ms
npm timing reifyNode:node_modules/color-name Completed in 3331ms
npm timing reifyNode:node_modules/compressible Completed in 3332ms
npm timing reifyNode:node_modules/commander Completed in 3333ms
npm timing reifyNode:node_modules/co-body Completed in 3334ms
npm timing reifyNode:node_modules/co Completed in 3335ms
npm timing reifyNode:node_modules/colorette Completed in 3336ms
npm timing reifyNode:node_modules/command-line-args Completed in 3336ms
npm timing reifyNode:node_modules/cli-width Completed in 3339ms
npm timing reifyNode:node_modules/combined-stream Completed in 3355ms
npm timing reifyNode:node_modules/ci-info Completed in 3356ms
npm timing reifyNode:node_modules/chardet Completed in 3359ms
npm timing reifyNode:node_modules/cjs-module-lexer Completed in 3360ms
npm timing reifyNode:node_modules/call-bound Completed in 3361ms
npm timing reifyNode:node_modules/catering Completed in 3362ms
npm timing reifyNode:node_modules/camelcase Completed in 3363ms
npm timing reifyNode:node_modules/chalk Completed in 3367ms
npm timing reifyNode:node_modules/call-bind-apply-helpers Completed in 3372ms
npm timing reifyNode:node_modules/char-regex Completed in 3373ms
npm timing reifyNode:node_modules/collect-v8-coverage Completed in 3377ms
npm timing reifyNode:node_modules/change-case Completed in 3377ms
npm timing reifyNode:node_modules/bytes Completed in 3394ms
npm timing reifyNode:node_modules/buffer-equal-constant-time Completed in 3401ms
npm timing reifyNode:node_modules/buffer-from Completed in 3402ms
npm timing reifyNode:node_modules/cache-content-type Completed in 3402ms
npm timing reifyNode:node_modules/callsites Completed in 3402ms
npm timing reifyNode:node_modules/bufio Completed in 3407ms
npm timing reifyNode:node_modules/buffer Completed in 3409ms
npm timing reifyNode:node_modules/comlink Completed in 3411ms
npm timing reifyNode:node_modules/bser Completed in 3412ms
npm timing reifyNode:node_modules/browserslist Completed in 3414ms
npm timing reifyNode:node_modules/brorand Completed in 3415ms
npm timing reifyNode:node_modules/bn.js Completed in 3426ms
npm timing reifyNode:node_modules/base64-js Completed in 3435ms
npm timing reifyNode:node_modules/brace-expansion Completed in 3439ms
npm timing reifyNode:node_modules/baseline-browser-mapping Completed in 3438ms
npm timing reifyNode:node_modules/babel-preset-current-node-syntax Completed in 3445ms
npm timing reifyNode:node_modules/body-parser Completed in 3449ms
npm timing reifyNode:node_modules/babel-preset-jest Completed in 3451ms
npm timing reifyNode:node_modules/atomic-sleep Completed in 3451ms
npm timing reifyNode:node_modules/babel-plugin-jest-hoist Completed in 3454ms
npm timing reifyNode:node_modules/babel-plugin-istanbul Completed in 3462ms
npm timing reifyNode:node_modules/babel-jest Completed in 3471ms
npm timing reifyNode:node_modules/asynckit Completed in 3474ms
npm timing reifyNode:node_modules/bignumber.js Completed in 3477ms
npm timing reifyNode:node_modules/arrify Completed in 3498ms
npm timing reifyNode:node_modules/async-retry Completed in 3499ms
npm timing reifyNode:node_modules/array-back Completed in 3501ms
npm timing reifyNode:node_modules/bowser Completed in 3504ms
npm timing reifyNode:node_modules/anymatch Completed in 3506ms
npm timing reifyNode:node_modules/ansi-regex Completed in 3508ms
npm timing reifyNode:node_modules/anynum Completed in 3509ms
npm timing reifyNode:node_modules/array-flatten Completed in 3512ms
npm timing reifyNode:node_modules/ansi-styles Completed in 3535ms
npm timing reifyNode:node_modules/accepts Completed in 3543ms
npm timing reifyNode:node_modules/ansi-escapes Completed in 3543ms
npm timing reifyNode:node_modules/argparse Completed in 3544ms
npm timing reifyNode:node_modules/any-signal Completed in 3552ms
npm timing reifyNode:node_modules/abort-error Completed in 3573ms
npm timing reifyNode:node_modules/asn1js Completed in 3609ms
npm timing reifyNode:node_modules/abort-controller Completed in 3611ms
npm warn deprecated abstract-leveldown@7.2.0: Superseded by abstract-level (https://github.com/Level/community#faq)
npm timing reifyNode:node_modules/abstract-leveldown Completed in 3612ms
npm timing reifyNode:node_modules/agent-base Completed in 3613ms
npm timing reifyNode:node_modules/balanced-match Completed in 3617ms
npm timing reifyNode:node_modules/@ungap/structured-clone Completed in 3633ms
npm timing reifyNode:node_modules/abortable-iterator Completed in 3635ms
npm timing reifyNode:node_modules/@types/wrap-ansi Completed in 3650ms
npm timing reifyNode:node_modules/@types/yargs Completed in 3650ms
npm timing reifyNode:node_modules/@types/tough-cookie Completed in 3665ms
npm timing reifyNode:node_modules/@types/yargs-parser Completed in 3667ms
npm timing reifyNode:node_modules/axios Completed in 3671ms
npm timing reifyNode:node_modules/@types/stack-utils Completed in 3681ms
npm timing reifyNode:node_modules/@types/sinon Completed in 3684ms
npm timing reifyNode:node_modules/@types/istanbul-lib-report Completed in 3709ms
npm timing reifyNode:node_modules/@types/mute-stream Completed in 3717ms
npm timing reifyNode:node_modules/@types/request Completed in 3753ms
npm timing reifyNode:node_modules/@types/sinonjs__fake-timers Completed in 3753ms
npm timing reifyNode:node_modules/@types/istanbul-reports Completed in 3758ms
npm timing reifyNode:node_modules/@types/istanbul-lib-coverage Completed in 3767ms
npm timing reifyNode:node_modules/@types/caseless Completed in 3774ms
npm timing reifyNode:node_modules/@types/babel__core Completed in 3815ms
npm timing reifyNode:node_modules/@types/babel__traverse Completed in 3816ms
npm timing reifyNode:node_modules/@types/babel__template Completed in 3827ms
npm timing reifyNode:node_modules/bintrees Completed in 3830ms
npm timing reifyNode:node_modules/@smithy/signature-v4 Completed in 3841ms
npm timing reifyNode:node_modules/caniuse-lite Completed in 3843ms
npm timing reifyNode:node_modules/@types/murmurhash3js-revisited Completed in 3887ms
npm timing reifyNode:node_modules/@sinonjs/fake-timers Completed in 3888ms
npm timing reifyNode:node_modules/@tootallnate/once Completed in 3890ms
npm timing reifyNode:node_modules/@smithy/credential-provider-imds Completed in 3910ms
npm timing reifyNode:node_modules/@smithy/fetch-http-handler Completed in 3915ms
npm timing reifyNode:node_modules/@smithy/node-http-handler Completed in 3926ms
npm warn deprecated @types/chalk@2.2.4: This is a stub types definition. chalk provides its own type definitions, so you do not need this installed.
npm timing reifyNode:node_modules/@types/chalk Completed in 3927ms
npm timing reifyNode:node_modules/abitype Completed in 3943ms
npm timing reifyNode:node_modules/aes-js Completed in 3953ms
npm timing reifyNode:node_modules/@smithy/types Completed in 3958ms
npm timing reifyNode:node_modules/@scure/base Completed in 3976ms
npm timing reifyNode:node_modules/@types/node Completed in 3977ms
npm timing reifyNode:node_modules/@protobufjs/utf8 Completed in 3977ms
npm timing reifyNode:node_modules/@sinonjs/commons Completed in 3978ms
npm timing reifyNode:node_modules/@types/babel__generator Completed in 3983ms
npm timing reifyNode:node_modules/bcrypto Completed in 3989ms
npm timing reifyNode:node_modules/@scure/bip32 Completed in 3994ms
npm timing reifyNode:node_modules/@protobufjs/pool Completed in 4014ms
npm timing reifyNode:node_modules/@protobufjs/codegen Completed in 4015ms
npm timing reifyNode:node_modules/@protobufjs/fetch Completed in 4018ms
npm timing reifyNode:node_modules/@protobufjs/aspromise Completed in 4020ms
npm timing reifyNode:node_modules/@protobufjs/eventemitter Completed in 4020ms
npm timing reifyNode:node_modules/@protobufjs/path Completed in 4028ms
npm timing reifyNode:node_modules/@protobufjs/float Completed in 4028ms
npm timing reifyNode:node_modules/@pkgr/core Completed in 4045ms
npm timing reifyNode:node_modules/@protobufjs/base64 Completed in 4048ms
npm timing reifyNode:node_modules/@parcel/watcher Completed in 4066ms
npm timing reifyNode:node_modules/@pkgjs/parseargs Completed in 4071ms
npm timing reifyNode:node_modules/@pinojs/redact Completed in 4080ms
npm timing reifyNode:node_modules/@sindresorhus/fnv1a Completed in 4146ms
npm timing reifyNode:node_modules/@opentelemetry/propagator-jaeger Completed in 4148ms
npm timing reifyNode:node_modules/@opentelemetry/sdk-trace-node Completed in 4168ms
npm timing reifyNode:node_modules/@opentelemetry/propagator-b3 Completed in 4184ms
npm timing reifyNode:node_modules/@parcel/watcher-linux-arm64-glibc Completed in 4231ms
npm timing reifyNode:node_modules/@scure/bip39 Completed in 4262ms
npm timing reifyNode:node_modules/@opentelemetry/context-async-hooks Completed in 4329ms
npm timing reifyNode:node_modules/@opentelemetry/resource-detector-gcp Completed in 4363ms
npm timing reifyNode:node_modules/@opentelemetry/host-metrics Completed in 4389ms
npm timing reifyNode:node_modules/@nodable/entities Completed in 4422ms
npm timing reifyNode:node_modules/@opentelemetry/exporter-trace-otlp-http Completed in 4447ms
npm timing reifyNode:node_modules/@opentelemetry/exporter-logs-otlp-http Completed in 4476ms
npm timing reifyNode:node_modules/@opentelemetry/api-logs Completed in 4516ms
npm timing reifyNode:node_modules/@opentelemetry/sdk-logs Completed in 4534ms
npm timing reifyNode:node_modules/@opentelemetry/sdk-trace-base Completed in 4555ms
npm timing reifyNode:node_modules/@noble/ciphers Completed in 4578ms
npm timing reifyNode:node_modules/@opentelemetry/semantic-conventions Completed in 4597ms
npm timing reifyNode:node_modules/@opentelemetry/resources Completed in 4613ms
npm timing reifyNode:node_modules/@noble/hashes Completed in 4617ms
npm timing reifyNode:node_modules/@multiformats/mafmt Completed in 4627ms
npm timing reifyNode:node_modules/@opentelemetry/sdk-metrics Completed in 4633ms
npm timing reifyNode:node_modules/@opentelemetry/otlp-transformer Completed in 4659ms
npm timing reifyNode:node_modules/@opentelemetry/exporter-metrics-otlp-http Completed in 4659ms
npm timing reifyNode:node_modules/@multiformats/multiaddr-matcher Completed in 4677ms
npm timing reifyNode:node_modules/@msgpackr-extract/msgpackr-extract-linux-arm64 Completed in 4694ms
npm timing reifyNode:node_modules/@nethermindeth/enr Completed in 4694ms
npm timing reifyNode:node_modules/@napi-rs/snappy-linux-arm64-gnu Completed in 4756ms
npm timing reifyNode:node_modules/@multiformats/dns Completed in 4767ms
npm timing reifyNode:node_modules/@multiformats/multiaddr Completed in 4817ms
npm timing reifyNode:node_modules/@noble/curves Completed in 4839ms
npm timing reifyNode:node_modules/@opentelemetry/otlp-exporter-base Completed in 4871ms
npm timing reifyNode:node_modules/@napi-rs/snappy-linux-arm64-musl Completed in 4875ms
npm timing reifyNode:node_modules/@nethermindeth/discv5 Completed in 4880ms
npm timing reifyNode:node_modules/@libp2p/peer-id Completed in 4881ms
npm timing reifyNode:node_modules/@unrs/resolver-binding-linux-arm64-gnu Completed in 4903ms
npm timing reifyNode:node_modules/@libp2p/tcp Completed in 4917ms
npm timing reifyNode:node_modules/@opentelemetry/core Completed in 4918ms
npm timing reifyNode:node_modules/@libp2p/multistream-select Completed in 4941ms
npm timing reifyNode:node_modules/@leichtgewicht/ip-codec Completed in 4945ms
npm timing reifyNode:node_modules/@libp2p/peer-record Completed in 4956ms
npm timing reifyNode:node_modules/@libp2p/peer-id-factory Completed in 4959ms
npm timing reifyNode:node_modules/@libp2p/utils Completed in 4960ms
npm timing reifyNode:node_modules/@libp2p/logger Completed in 4998ms
npm timing reifyNode:node_modules/@koa/cors Completed in 5000ms
npm warn deprecated @libp2p/mplex@10.0.16: Mplex has no flow control - please use @chainsafe/libp2p-yamux instead
npm timing reifyNode:node_modules/@libp2p/mplex Completed in 5004ms
npm timing reifyNode:node_modules/@jridgewell/trace-mapping Completed in 5010ms
npm timing reifyNode:node_modules/@jridgewell/remapping Completed in 5049ms
npm timing reifyNode:node_modules/@jridgewell/resolve-uri Completed in 5051ms
npm timing reifyNode:node_modules/@jridgewell/sourcemap-codec Completed in 5052ms
npm timing reifyNode:node_modules/@libp2p/peer-store Completed in 5072ms
npm timing reifyNode:node_modules/@jest/test-sequencer Completed in 5074ms
npm timing reifyNode:node_modules/@libp2p/pubsub Completed in 5077ms
npm timing reifyNode:node_modules/@jridgewell/gen-mapping Completed in 5078ms
npm timing reifyNode:node_modules/@jest/transform Completed in 5089ms
npm timing reifyNode:node_modules/@libp2p/interface-internal Completed in 5089ms
npm timing reifyNode:node_modules/@jest/types Completed in 5094ms
npm timing reifyNode:node_modules/@jest/react-is-19 Completed in 5097ms
npm timing reifyNode:node_modules/@jest/source-map Completed in 5105ms
npm timing reifyNode:node_modules/@opentelemetry/api Completed in 5112ms
npm timing reifyNode:node_modules/@jest/test-result Completed in 5113ms
npm timing reifyNode:node_modules/@jest/schemas Completed in 5133ms
npm timing reifyNode:node_modules/@libp2p/peer-collections Completed in 5137ms
npm timing reifyNode:node_modules/@libp2p/prometheus-metrics Completed in 5150ms
npm timing reifyNode:node_modules/@jest/react-is-18 Completed in 5151ms
npm timing reifyNode:node_modules/@jest/diff-sequences Completed in 5153ms
npm timing reifyNode:node_modules/@jest/expect Completed in 5155ms
npm timing reifyNode:node_modules/@jest/pattern Completed in 5155ms
npm timing reifyNode:node_modules/@libp2p/bootstrap Completed in 5156ms
npm timing reifyNode:node_modules/@jest/fake-timers Completed in 5159ms
npm timing reifyNode:node_modules/@jest/globals Completed in 5160ms
npm timing reifyNode:node_modules/@jest/environment Completed in 5161ms
npm timing reifyNode:node_modules/@jest/snapshot-utils Completed in 5163ms
npm timing reifyNode:node_modules/@libp2p/identify Completed in 5184ms
npm timing reifyNode:node_modules/@jest/reporters Completed in 5185ms
npm timing reifyNode:node_modules/@libp2p/interface Completed in 5189ms
npm timing reifyNode:node_modules/@jest/expect-utils Completed in 5211ms
npm timing reifyNode:node_modules/@inquirer/type Completed in 5212ms
npm timing reifyNode:node_modules/@istanbuljs/load-nyc-config Completed in 5217ms
npm timing reifyNode:node_modules/@inquirer/rawlist Completed in 5222ms
npm timing reifyNode:node_modules/@libp2p/crypto Completed in 5222ms
npm timing reifyNode:node_modules/@jest/console Completed in 5230ms
npm timing reifyNode:node_modules/@jest/core Completed in 5231ms
npm timing reifyNode:node_modules/@inquirer/select Completed in 5233ms
npm timing reifyNode:node_modules/@jest/get-type Completed in 5235ms
npm timing reifyNode:node_modules/@inquirer/password Completed in 5236ms
npm timing reifyNode:node_modules/@istanbuljs/schema Completed in 5248ms
npm timing reifyNode:node_modules/@smithy/core Completed in 5255ms
npm timing reifyNode:node_modules/@inquirer/input Completed in 5260ms
npm timing reifyNode:node_modules/@inquirer/expand Completed in 5265ms
npm timing reifyNode:node_modules/@inquirer/figures Completed in 5266ms
npm timing reifyNode:node_modules/@isaacs/cliui Completed in 5276ms
npm timing reifyNode:node_modules/@inquirer/confirm Completed in 5284ms
npm timing reifyNode:node_modules/@inquirer/editor Completed in 5290ms
npm timing reifyNode:node_modules/ethers Completed in 5298ms
npm timing reifyNode:node_modules/@inquirer/number Completed in 5299ms
npm timing reifyNode:node_modules/@inquirer/search Completed in 5299ms
npm timing reifyNode:node_modules/@inquirer/checkbox Completed in 5299ms
npm timing reifyNode:node_modules/@hapi/bourne Completed in 5300ms
npm timing reifyNode:node_modules/@iarna/toml Completed in 5311ms
npm timing reifyNode:node_modules/@google-cloud/promisify Completed in 5312ms
npm timing reifyNode:node_modules/@google-cloud/paginator Completed in 5314ms
npm timing reifyNode:node_modules/@harperfast/extended-iterable Completed in 5322ms
npm timing reifyNode:node_modules/@sinclair/typebox Completed in 5326ms
npm timing reifyNode:node_modules/@google-cloud/projectify Completed in 5338ms
npm timing reifyNode:node_modules/@inquirer/core Completed in 5347ms
npm timing reifyNode:node_modules/@inquirer/prompts Completed in 5385ms
npm timing reifyNode:node_modules/@ethersproject/transactions Completed in 5391ms
npm timing reifyNode:node_modules/@ethersproject/rlp Completed in 5394ms
npm timing reifyNode:node_modules/@ethersproject/strings Completed in 5395ms
npm timing reifyNode:node_modules/@ethersproject/networks Completed in 5399ms
npm timing reifyNode:node_modules/@ethersproject/wallet Completed in 5413ms
npm timing reifyNode:node_modules/@ethersproject/properties Completed in 5416ms
npm timing reifyNode:node_modules/@ethersproject/sha2 Completed in 5422ms
npm timing reifyNode:node_modules/@ethersproject/pbkdf2 Completed in 5427ms
npm timing reifyNode:node_modules/@ethersproject/signing-key Completed in 5466ms
npm timing reifyNode:node_modules/@google-cloud/storage Completed in 5483ms
npm timing reifyNode:node_modules/@ethersproject/wordlists Completed in 5493ms
npm timing reifyNode:node_modules/@ethersproject/web Completed in 5493ms
npm timing reifyNode:node_modules/@ethersproject/keccak256 Completed in 5524ms
npm timing reifyNode:node_modules/@ethersproject/random Completed in 5526ms
npm timing reifyNode:node_modules/@ethersproject/json-wallets Completed in 5531ms
npm timing reifyNode:node_modules/@ethersproject/bignumber Completed in 5537ms
npm timing reifyNode:node_modules/@ethersproject/address Completed in 5551ms
npm timing reifyNode:node_modules/@ethersproject/bytes Completed in 5552ms
npm timing reifyNode:node_modules/@ethersproject/basex Completed in 5554ms
npm timing reifyNode:node_modules/@ethersproject/base64 Completed in 5554ms
npm timing reifyNode:node_modules/@ethersproject/constants Completed in 5562ms
npm timing reifyNode:node_modules/@ethersproject/logger Completed in 5562ms
npm timing reifyNode:node_modules/@ethersproject/hash Completed in 5583ms
npm timing reifyNode:node_modules/@dnsquery/dns-packet Completed in 5628ms
npm timing reifyNode:node_modules/@chainsafe/is-ip Completed in 5649ms
npm timing reifyNode:node_modules/@chainsafe/netmask Completed in 5652ms
npm timing reifyNode:node_modules/@ethersproject/abstract-signer Completed in 5690ms
npm timing reifyNode:node_modules/@ethersproject/hdnode Completed in 5691ms
npm timing reifyNode:node_modules/@crate-crypto/node-eth-kzg Completed in 5783ms
npm timing reifyNode:node_modules/@ethersproject/abstract-provider Completed in 5784ms
npm timing reifyNode:node_modules/@babel/template Completed in 5792ms
npm timing reifyNode:node_modules/@chainsafe/as-sha256 Completed in 5798ms
npm timing reifyNode:node_modules/@babel/plugin-syntax-private-property-in-object Completed in 5825ms
npm timing reifyNode:node_modules/@babel/plugin-syntax-typescript Completed in 5831ms
npm timing reifyNode:node_modules/@chainsafe/libp2p-yamux Completed in 5842ms
npm timing reifyNode:node_modules/@babel/plugin-syntax-top-level-await Completed in 5854ms
npm timing reifyNode:node_modules/@babel/plugin-syntax-optional-chaining Completed in 5858ms
npm timing reifyNode:node_modules/@babel/plugin-syntax-optional-catch-binding Completed in 5865ms
npm timing reifyNode:node_modules/@babel/plugin-syntax-nullish-coalescing-operator Completed in 5890ms
npm timing reifyNode:node_modules/@babel/plugin-syntax-jsx Completed in 5899ms
npm timing reifyNode:node_modules/@babel/plugin-syntax-json-strings Completed in 5899ms
npm timing reifyNode:node_modules/@babel/plugin-syntax-object-rest-spread Completed in 5952ms
npm timing reifyNode:node_modules/@babel/plugin-syntax-import-meta Completed in 5952ms
npm timing reifyNode:node_modules/@babel/plugin-syntax-import-attributes Completed in 5954ms
npm timing reifyNode:node_modules/@babel/plugin-syntax-logical-assignment-operators Completed in 5959ms
npm timing reifyNode:node_modules/@babel/plugin-syntax-class-static-block Completed in 5963ms
npm timing reifyNode:node_modules/@bcoe/v8-coverage Completed in 5980ms
npm timing reifyNode:node_modules/@chainsafe/as-chacha20poly1305 Completed in 5983ms
npm timing reifyNode:node_modules/@babel/traverse Completed in 5988ms
npm timing reifyNode:node_modules/@babel/plugin-syntax-bigint Completed in 5988ms
npm timing reifyNode:node_modules/@babel/plugin-syntax-async-generators Completed in 5995ms
npm timing reifyNode:node_modules/@babel/helper-string-parser Completed in 6000ms
npm timing reifyNode:node_modules/@babel/helper-validator-option Completed in 6007ms
npm timing reifyNode:node_modules/@babel/plugin-syntax-class-properties Completed in 6023ms
npm timing reifyNode:node_modules/@babel/helper-validator-identifier Completed in 6024ms
npm timing reifyNode:node_modules/@chainsafe/libp2p-gossipsub Completed in 6029ms
npm timing reifyNode:node_modules/@babel/helper-globals Completed in 6048ms
npm timing reifyNode:node_modules/@babel/helper-module-imports Completed in 6054ms
npm timing reifyNode:node_modules/@babel/helper-plugin-utils Completed in 6058ms
npm timing reifyNode:node_modules/@babel/plugin-syntax-numeric-separator Completed in 6058ms
npm timing reifyNode:node_modules/@babel/helper-compilation-targets Completed in 6086ms
npm timing reifyNode:node_modules/@chainsafe/libp2p-noise Completed in 6129ms
npm timing reifyNode:node_modules/@babel/code-frame Completed in 6140ms
npm timing reifyNode:node_modules/@babel/generator Completed in 6152ms
npm timing reifyNode:node_modules/@babel/helper-module-transforms Completed in 6158ms
npm timing reifyNode:node_modules/@babel/types Completed in 6193ms
npm timing reifyNode:node_modules/viem Completed in 6247ms
npm timing reifyNode:node_modules/@babel/compat-data Completed in 6260ms
npm timing reifyNode:node_modules/@babel/helpers Completed in 6296ms
npm timing reifyNode:node_modules/@babel/core Completed in 6312ms
npm timing reifyNode:node_modules/@crate-crypto/node-eth-kzg-linux-arm64-gnu Completed in 6314ms
npm timing reifyNode:node_modules/@aztec/validator-ha-signer Completed in 6372ms
npm timing reifyNode:node_modules/@jspm/core Completed in 6379ms
npm timing reifyNode:node_modules/@aztec/world-state Completed in 6392ms
npm timing reifyNode:node_modules/@aztec/wallets Completed in 6431ms
npm timing reifyNode:node_modules/@aztec/validator-client Completed in 6467ms
npm timing reifyNode:node_modules/@lmdb/lmdb-linux-arm64 Completed in 6474ms
npm timing reifyNode:node_modules/@aztec/slasher Completed in 6557ms
npm timing reifyNode:node_modules/@aztec/telemetry-client Completed in 6631ms
npm timing reifyNode:node_modules/@aztec/p2p-bootstrap Completed in 6692ms
npm timing reifyNode:node_modules/@aztec/noir-types Completed in 6883ms
npm timing reifyNode:node_modules/@aztec/prover-node Completed in 6942ms
npm timing reifyNode:node_modules/@aztec/p2p Completed in 7070ms
npm timing reifyNode:node_modules/@babel/parser Completed in 7083ms
npm timing reifyNode:node_modules/@aztec/wallet-sdk Completed in 7085ms
npm timing reifyNode:node_modules/@aztec/sequencer-client Completed in 7098ms
npm timing reifyNode:node_modules/@aztec/noir-noir_codegen Completed in 7110ms
npm timing reifyNode:node_modules/@aztec/pxe Completed in 7122ms
npm timing reifyNode:node_modules/@aztec/prover-client Completed in 7161ms
npm timing reifyNode:node_modules/@aztec/simulator Completed in 7181ms
npm timing reifyNode:node_modules/@aztec/node-lib Completed in 7339ms
npm timing reifyNode:node_modules/@aztec/noir-noirc_abi Completed in 7341ms
npm timing reifyNode:node_modules/@aztec/protocol-contracts Completed in 7372ms
npm timing reifyNode:node_modules/@aztec/node-keystore Completed in 7395ms
npm timing reifyNode:node_modules/@aztec/native Completed in 7396ms
npm timing reifyNode:node_modules/@esbuild/linux-arm64 Completed in 7431ms
npm timing reifyNode:node_modules/@aztec/sqlite3mc-wasm Completed in 7445ms
npm timing reifyNode:node_modules/@aztec/key-store Completed in 7653ms
npm timing reifyNode:node_modules/@aztec/epoch-cache Completed in 7669ms
npm timing reifyNode:node_modules/@aztec/ethereum Completed in 7970ms
npm timing reifyNode:node_modules/@aztec/cli-wallet Completed in 8020ms
npm timing reifyNode:node_modules/@aztec/cli Completed in 8188ms
npm timing reifyNode:node_modules/@aztec/constants Completed in 8257ms
npm timing reifyNode:node_modules/@aztec/blob-lib Completed in 8269ms
npm timing reifyNode:node_modules/@aztec/bot Completed in 8289ms
npm timing reifyNode:node_modules/@aztec/builder Completed in 8476ms
npm timing reifyNode:node_modules/@aztec/kv-store Completed in 8573ms
npm timing reifyNode:node_modules/@aztec/entrypoints Completed in 8610ms
npm timing reifyNode:node_modules/@aztec/bb-prover Completed in 8618ms
npm timing reifyNode:node_modules/@aztec/blob-client Completed in 8679ms
npm timing reifyNode:node_modules/@aztec/foundation Completed in 8695ms
npm timing reifyNode:node_modules/@aztec/stdlib Completed in 8730ms
npm timing reifyNode:node_modules/@aws-sdk/xml-builder Completed in 8756ms
npm timing reifyNode:node_modules/@aws-sdk/types Completed in 8872ms
npm timing reifyNode:node_modules/@aws/lambda-invoke-store Completed in 8898ms
npm timing reifyNode:node_modules/@aztec/archiver Completed in 8978ms
npm timing reifyNode:node_modules/@aws-sdk/token-providers Completed in 8983ms
npm timing reifyNode:node_modules/@aztec/aztec Completed in 9004ms
npm timing reifyNode:node_modules/@aztec/aztec-node Completed in 9005ms
npm timing reifyNode:node_modules/@aws-sdk/credential-provider-node Completed in 9034ms
npm timing reifyNode:node_modules/@aws-sdk/credential-provider-process Completed in 9037ms
npm timing reifyNode:node_modules/@aws-sdk/credential-provider-login Completed in 9076ms
npm timing reifyNode:node_modules/@aws-sdk/credential-provider-ini Completed in 9091ms
npm timing reifyNode:node_modules/@aws-sdk/signature-v4-multi-region Completed in 9097ms
npm timing reifyNode:node_modules/@aws-sdk/credential-provider-sso Completed in 9109ms
npm timing reifyNode:node_modules/@aztec/aztec.js Completed in 9110ms
npm timing reifyNode:node_modules/@aws-sdk/credential-provider-env Completed in 9130ms
npm timing reifyNode:node_modules/@aws-sdk/credential-provider-http Completed in 9142ms
npm timing reifyNode:node_modules/@aws-sdk/middleware-sdk-s3 Completed in 9157ms
npm timing reifyNode:node_modules/@aws-sdk/credential-provider-web-identity Completed in 9159ms
npm timing reifyNode:node_modules/write-file-atomic/node_modules/signal-exit Completed in 9190ms
npm timing reifyNode:node_modules/weald/node_modules/ms Completed in 9239ms
npm timing reifyNode:node_modules/wordwrapjs/node_modules/typical Completed in 9246ms
npm timing reifyNode:node_modules/@aws-sdk/checksums Completed in 9256ms
npm timing reifyNode:node_modules/@aws-sdk/nested-clients Completed in 9262ms
npm timing reifyNode:node_modules/weald/node_modules/supports-color Completed in 9275ms
npm timing reifyNode:node_modules/test-exclude/node_modules/strip-ansi Completed in 9282ms
npm timing reifyNode:node_modules/@adraffy/ens-normalize Completed in 9300ms
npm timing reifyNode:node_modules/viem/node_modules/@scure/bip39 Completed in 9310ms
npm timing reifyNode:node_modules/test-exclude/node_modules/wrap-ansi Completed in 9311ms
npm timing reifyNode:node_modules/test-exclude/node_modules/string-width Completed in 9311ms
npm timing reifyNode:node_modules/test-exclude/node_modules/balanced-match Completed in 9350ms
npm timing reifyNode:node_modules/@aws-sdk/core Completed in 9384ms
npm timing reifyNode:node_modules/test-exclude/node_modules/jackspeak Completed in 9393ms
npm warn deprecated glob@10.5.0: Old versions of glob are not supported, and contain widely publicized security vulnerabilities, which have been fixed in the current version. Please update. Support for old versions may be purchased (at exorbitant rates) by contacting i@izs.me
npm timing reifyNode:node_modules/test-exclude/node_modules/glob Completed in 9444ms
npm timing reifyNode:node_modules/test-exclude/node_modules/path-scurry Completed in 9453ms
npm timing reifyNode:node_modules/test-exclude/node_modules/ansi-regex Completed in 9468ms
npm timing reifyNode:node_modules/test-exclude/node_modules/brace-expansion Completed in 9494ms
npm timing reifyNode:node_modules/test-exclude/node_modules/ansi-styles Completed in 9505ms
npm timing reifyNode:node_modules/test-exclude/node_modules/emoji-regex Completed in 9507ms
npm timing reifyNode:node_modules/table-layout/node_modules/array-back Completed in 9551ms
npm timing reifyNode:node_modules/serve-static/node_modules/encodeurl Completed in 9552ms
npm timing reifyNode:node_modules/table-layout/node_modules/typical Completed in 9555ms
npm timing reifyNode:node_modules/test-exclude/node_modules/glob/node_modules/minimatch Completed in 9561ms
npm timing reifyNode:node_modules/send/node_modules/statuses Completed in 9578ms
npm timing reifyNode:node_modules/send/node_modules/mime Completed in 9578ms
npm timing reifyNode:node_modules/test-exclude/node_modules/@isaacs/cliui Completed in 9603ms
npm timing reifyNode:node_modules/send/node_modules/encodeurl Completed in 9620ms
npm timing reifyNode:node_modules/send/node_modules/http-errors Completed in 9621ms
npm timing reifyNode:node_modules/send/node_modules/debug Completed in 9622ms
npm timing reifyNode:node_modules/raw-body/node_modules/http-errors Completed in 9655ms
npm timing reifyNode:node_modules/send/node_modules/debug/node_modules/ms Completed in 9656ms
npm timing reifyNode:node_modules/raw-body/node_modules/statuses Completed in 9658ms
npm timing reifyNode:node_modules/pretty-format/node_modules/ansi-styles Completed in 9662ms
npm timing reifyNode:node_modules/pino-pretty/node_modules/pino-abstract-transport Completed in 9718ms
npm timing reifyNode:node_modules/viem/node_modules/@noble/curves Completed in 9857ms
npm warn deprecated glob@11.1.0: Old versions of glob are not supported, and contain widely publicized security vulnerabilities, which have been fixed in the current version. Please update. Support for old versions may be purchased (at exorbitant rates) by contacting i@izs.me
npm timing reifyNode:node_modules/node-pg-migrate/node_modules/glob Completed in 9860ms
npm timing reifyNode:node_modules/p-locate/node_modules/p-limit Completed in 9896ms
npm timing reifyNode:node_modules/ox/node_modules/@scure/bip39 Completed in 9911ms
npm timing reifyNode:node_modules/@aws-sdk/client-s3 Completed in 10029ms
npm timing reifyNode:node_modules/lmdb/node_modules/node-addon-api Completed in 10054ms
npm timing reifyNode:node_modules/mime-types/node_modules/mime-db Completed in 10140ms
npm timing reifyNode:node_modules/ox/node_modules/@noble/curves Completed in 10170ms
npm timing reifyNode:node_modules/libp2p/node_modules/@multiformats/multiaddr Completed in 10216ms
npm timing reifyNode:node_modules/libp2p/node_modules/@libp2p/peer-id-factory Completed in 10321ms
npm timing reifyNode:node_modules/koa-router/node_modules/statuses Completed in 10358ms
npm timing reifyNode:node_modules/libp2p/node_modules/@libp2p/peer-id Completed in 10365ms
npm timing reifyNode:node_modules/koa-router/node_modules/http-errors Completed in 10408ms
npm timing reifyNode:node_modules/pino-pretty/node_modules/strip-json-comments Completed in 10409ms
npm timing reifyNode:node_modules/libp2p/node_modules/@libp2p/peer-store Completed in 10462ms
npm timing reifyNode:node_modules/koa-compress/node_modules/statuses Completed in 10470ms
npm timing reifyNode:node_modules/koa-compress/node_modules/negotiator Completed in 10473ms
npm timing reifyNode:node_modules/jest-validate/node_modules/camelcase Completed in 10503ms
npm timing reifyNode:node_modules/koa-compress/node_modules/http-errors Completed in 10513ms
npm timing reifyNode:node_modules/koa-compress/node_modules/content-type Completed in 10514ms
npm timing reifyNode:node_modules/jest-worker/node_modules/supports-color Completed in 10566ms
npm timing reifyNode:node_modules/it-queue/node_modules/race-signal Completed in 10568ms
npm timing reifyNode:node_modules/libp2p/node_modules/@libp2p/crypto Completed in 10584ms
npm timing reifyNode:node_modules/libp2p/node_modules/@libp2p/interface Completed in 10591ms
npm timing reifyNode:node_modules/it-merge/node_modules/it-queueless-pushable Completed in 10611ms
npm timing reifyNode:node_modules/path-scurry/node_modules/lru-cache Completed in 10625ms
npm timing reifyNode:node_modules/it-merge/node_modules/race-signal Completed in 10628ms
npm timing reifyNode:node_modules/http-errors/node_modules/depd Completed in 10631ms
npm timing reifyNode:node_modules/gaxios/node_modules/agent-base Completed in 10637ms
npm timing reifyNode:node_modules/interface-datastore/node_modules/interface-store Completed in 10646ms
npm timing reifyNode:node_modules/finalhandler/node_modules/ms Completed in 10671ms
npm timing reifyNode:node_modules/gaxios/node_modules/https-proxy-agent Completed in 10672ms
npm timing reifyNode:node_modules/finalhandler/node_modules/debug Completed in 10675ms
npm timing reifyNode:node_modules/foreground-child/node_modules/signal-exit Completed in 10697ms
npm timing reifyNode:node_modules/finalhandler/node_modules/encodeurl Completed in 10705ms
npm timing reifyNode:node_modules/express/node_modules/ms Completed in 10705ms
npm timing reifyNode:node_modules/express/node_modules/path-to-regexp Completed in 10706ms
npm timing reifyNode:node_modules/express/node_modules/debug Completed in 10721ms
npm timing reifyNode:node_modules/express/node_modules/statuses Completed in 10729ms
npm timing reifyNode:node_modules/express/node_modules/encodeurl Completed in 10770ms
npm timing reifyNode:node_modules/express/node_modules/http-errors Completed in 10774ms
npm timing reifyNode:node_modules/ethers/node_modules/tslib Completed in 10777ms
npm timing reifyNode:node_modules/ethereum-cryptography/node_modules/@scure/bip32 Completed in 10800ms
npm timing reifyNode:node_modules/elliptic/node_modules/bn.js Completed in 10866ms
npm timing reifyNode:node_modules/ethereum-cryptography/node_modules/@scure/base Completed in 10885ms
npm timing reifyNode:node_modules/ethereum-cryptography/node_modules/@scure/bip39 Completed in 10976ms
npm timing reifyNode:node_modules/command-line-usage/node_modules/escape-string-regexp Completed in 11013ms
npm timing reifyNode:node_modules/ethers/node_modules/@noble/curves Completed in 11035ms
npm timing reifyNode:node_modules/ethers/node_modules/@noble/hashes Completed in 11053ms
npm timing reifyNode:node_modules/command-line-usage/node_modules/color-name Completed in 11103ms
npm timing reifyNode:node_modules/ethereum-cryptography/node_modules/@noble/hashes Completed in 11115ms
npm timing reifyNode:node_modules/@aztec/noir-acvm_js Completed in 11122ms
npm timing reifyNode:node_modules/command-line-usage/node_modules/typical Completed in 11132ms
npm timing reifyNode:node_modules/command-line-usage/node_modules/color-convert Completed in 11138ms
npm timing reifyNode:node_modules/@aztec/accounts Completed in 11146ms
npm timing reifyNode:node_modules/finalhandler/node_modules/statuses Completed in 11156ms
npm timing reifyNode:node_modules/command-line-usage/node_modules/has-flag Completed in 11158ms
npm timing reifyNode:node_modules/command-line-usage/node_modules/ansi-styles Completed in 11162ms
npm timing reifyNode:node_modules/body-parser/node_modules/statuses Completed in 11176ms
npm timing reifyNode:node_modules/command-line-usage/node_modules/array-back Completed in 11176ms
npm timing reifyNode:node_modules/body-parser/node_modules/ms Completed in 11207ms
npm timing reifyNode:node_modules/body-parser/node_modules/http-errors Completed in 11212ms
npm timing reifyNode:node_modules/command-line-usage/node_modules/chalk Completed in 11221ms
npm timing reifyNode:node_modules/anymatch/node_modules/picomatch Completed in 11242ms
npm timing reifyNode:node_modules/body-parser/node_modules/debug Completed in 11311ms
npm timing reifyNode:node_modules/command-line-usage/node_modules/supports-color Completed in 11325ms
npm timing reifyNode:node_modules/@types/request/node_modules/form-data Completed in 11361ms
npm timing reifyNode:node_modules/@scure/bip39/node_modules/@noble/hashes Completed in 11501ms
npm timing reifyNode:node_modules/@scure/bip32/node_modules/@noble/curves Completed in 11547ms
npm timing reifyNode:node_modules/@opentelemetry/sdk-trace-node/node_modules/@opentelemetry/sdk-trace-base Completed in 11613ms
npm timing reifyNode:node_modules/@opentelemetry/sdk-trace-base/node_modules/@opentelemetry/core Completed in 11677ms
npm timing reifyNode:node_modules/ethereum-cryptography/node_modules/@noble/curves Completed in 11706ms
npm timing reifyNode:node_modules/@aztec/txe Completed in 11851ms
npm timing reifyNode:node_modules/@opentelemetry/sdk-logs/node_modules/@opentelemetry/core Completed in 11859ms
npm timing reifyNode:node_modules/@opentelemetry/sdk-logs/node_modules/@opentelemetry/resources Completed in 11926ms
npm timing reifyNode:node_modules/@opentelemetry/sdk-trace-base/node_modules/@opentelemetry/resources Completed in 11927ms
npm timing reifyNode:node_modules/@opentelemetry/propagator-jaeger/node_modules/@opentelemetry/core Completed in 11964ms
npm timing reifyNode:node_modules/@opentelemetry/otlp-exporter-base/node_modules/@opentelemetry/core Completed in 12215ms
npm timing reifyNode:node_modules/@opentelemetry/otlp-transformer/node_modules/@opentelemetry/resources Completed in 12226ms
npm timing reifyNode:node_modules/@opentelemetry/otlp-transformer/node_modules/@opentelemetry/core Completed in 12413ms
npm timing reifyNode:node_modules/@opentelemetry/exporter-trace-otlp-http/node_modules/@opentelemetry/core Completed in 12573ms
npm timing reifyNode:node_modules/@opentelemetry/sdk-trace-base/node_modules/@opentelemetry/semantic-conventions Completed in 12667ms
npm timing reifyNode:node_modules/@opentelemetry/resources/node_modules/@opentelemetry/semantic-conventions Completed in 12687ms
npm timing reifyNode:node_modules/@opentelemetry/otlp-transformer/node_modules/@opentelemetry/sdk-metrics Completed in 12776ms
npm timing reifyNode:node_modules/@opentelemetry/sdk-trace-node/node_modules/@opentelemetry/semantic-conventions Completed in 12799ms
npm timing reifyNode:node_modules/@opentelemetry/exporter-trace-otlp-http/node_modules/@opentelemetry/resources Completed in 12910ms
npm timing reifyNode:node_modules/@opentelemetry/exporter-metrics-otlp-http/node_modules/@opentelemetry/core Completed in 13082ms
npm timing reifyNode:node_modules/@opentelemetry/exporter-metrics-otlp-http/node_modules/@opentelemetry/sdk-metrics Completed in 13109ms
npm timing reifyNode:node_modules/@opentelemetry/sdk-logs/node_modules/@opentelemetry/semantic-conventions Completed in 13166ms
npm timing reifyNode:node_modules/@opentelemetry/otlp-exporter-base/node_modules/@opentelemetry/semantic-conventions Completed in 13178ms
npm timing reifyNode:node_modules/@multiformats/dns/node_modules/p-timeout Completed in 13205ms
npm timing reifyNode:node_modules/@multiformats/dns/node_modules/uint8-varint Completed in 13210ms
npm timing reifyNode:node_modules/@opentelemetry/exporter-metrics-otlp-http/node_modules/@opentelemetry/resources Completed in 13272ms
npm timing reifyNode:node_modules/@opentelemetry/exporter-logs-otlp-http/node_modules/@opentelemetry/core Completed in 13274ms
npm timing reifyNode:node_modules/@multiformats/dns/node_modules/p-queue Completed in 13291ms
npm timing reifyNode:node_modules/@aztec/standard-contracts Completed in 13335ms
npm timing reifyNode:node_modules/@multiformats/dns/node_modules/eventemitter3 Completed in 13367ms
npm timing reifyNode:node_modules/@multiformats/dns/node_modules/uint8arrays Completed in 13377ms
npm timing reifyNode:node_modules/@noble/curves/node_modules/@noble/hashes Completed in 13411ms
npm timing reifyNode:node_modules/@multiformats/dns/node_modules/@multiformats/multiaddr Completed in 13437ms
npm timing reifyNode:node_modules/@multiformats/dns/node_modules/uint8arraylist Completed in 13449ms
npm timing reifyNode:node_modules/@opentelemetry/otlp-transformer/node_modules/@opentelemetry/semantic-conventions Completed in 13462ms
npm timing reifyNode:node_modules/@libp2p/pubsub/node_modules/@libp2p/peer-id Completed in 13595ms
npm timing reifyNode:node_modules/@opentelemetry/exporter-logs-otlp-http/node_modules/@opentelemetry/semantic-conventions Completed in 13596ms
npm timing reifyNode:node_modules/@multiformats/dns/node_modules/multiformats Completed in 13617ms
npm timing reifyNode:node_modules/@opentelemetry/exporter-trace-otlp-http/node_modules/@opentelemetry/semantic-conventions Completed in 13640ms
npm timing reifyNode:node_modules/@libp2p/utils/node_modules/@multiformats/multiaddr Completed in 13647ms
npm timing reifyNode:node_modules/@multiformats/dns/node_modules/@libp2p/interface Completed in 13794ms
npm timing reifyNode:node_modules/@libp2p/pubsub/node_modules/@multiformats/multiaddr Completed in 13805ms
npm timing reifyNode:node_modules/@libp2p/pubsub/node_modules/@libp2p/interface Completed in 13811ms
npm timing reifyNode:node_modules/@opentelemetry/exporter-metrics-otlp-http/node_modules/@opentelemetry/semantic-conventions Completed in 13818ms
npm timing reifyNode:node_modules/@libp2p/peer-record/node_modules/@libp2p/peer-id Completed in 13862ms
npm timing reifyNode:node_modules/@libp2p/peer-store/node_modules/@libp2p/peer-id Completed in 13862ms
npm timing reifyNode:node_modules/@libp2p/tcp/node_modules/@multiformats/multiaddr Completed in 13864ms
npm timing reifyNode:node_modules/@libp2p/prometheus-metrics/node_modules/@multiformats/multiaddr Completed in 13870ms
npm timing reifyNode:node_modules/@libp2p/utils/node_modules/@libp2p/interface Completed in 13878ms
npm timing reifyNode:node_modules/@libp2p/utils/node_modules/@libp2p/crypto Completed in 13887ms
npm timing reifyNode:node_modules/@libp2p/pubsub/node_modules/@libp2p/crypto Completed in 13911ms
npm timing reifyNode:node_modules/@libp2p/peer-record/node_modules/@multiformats/multiaddr Completed in 13915ms
npm timing reifyNode:node_modules/@libp2p/peer-store/node_modules/@libp2p/interface Completed in 13921ms
npm timing reifyNode:node_modules/@libp2p/peer-id-factory/node_modules/uint8arrays Completed in 13955ms
npm timing reifyNode:node_modules/@libp2p/peer-record/node_modules/@libp2p/interface Completed in 13996ms
npm timing reifyNode:node_modules/@libp2p/peer-collections/node_modules/@libp2p/peer-id Completed in 14024ms
npm timing reifyNode:node_modules/@libp2p/peer-id-factory/node_modules/multiformats Completed in 14037ms
npm timing reifyNode:node_modules/@libp2p/peer-record/node_modules/@libp2p/crypto Completed in 14043ms
npm timing reifyNode:node_modules/@libp2p/peer-store/node_modules/@multiformats/multiaddr Completed in 14065ms
npm timing reifyNode:node_modules/@libp2p/peer-id-factory/node_modules/@libp2p/peer-id Completed in 14148ms
npm timing reifyNode:node_modules/@libp2p/peer-collections/node_modules/@multiformats/multiaddr Completed in 14167ms
npm timing reifyNode:node_modules/@libp2p/peer-collections/node_modules/@libp2p/interface Completed in 14171ms
npm timing reifyNode:node_modules/@libp2p/logger/node_modules/@multiformats/multiaddr Completed in 14176ms
npm timing reifyNode:node_modules/@libp2p/multistream-select/node_modules/@libp2p/interface Completed in 14191ms
npm timing reifyNode:node_modules/@libp2p/peer-id-factory/node_modules/@libp2p/interface Completed in 14220ms
npm timing reifyNode:node_modules/@libp2p/identify/node_modules/@libp2p/peer-id Completed in 14260ms
npm timing reifyNode:node_modules/@libp2p/identify/node_modules/@multiformats/multiaddr Completed in 14280ms
npm timing reifyNode:node_modules/@inquirer/core/node_modules/wrap-ansi Completed in 14292ms
npm timing reifyNode:node_modules/@libp2p/logger/node_modules/@libp2p/interface Completed in 14307ms
npm timing reifyNode:node_modules/@libp2p/identify/node_modules/@libp2p/interface Completed in 14317ms
npm timing reifyNode:node_modules/@libp2p/interface-internal/node_modules/@libp2p/interface Completed in 14317ms
npm timing reifyNode:node_modules/@inquirer/core/node_modules/signal-exit Completed in 14345ms
npm timing reifyNode:node_modules/@libp2p/peer-id-factory/node_modules/@libp2p/crypto Completed in 14348ms
npm timing reifyNode:node_modules/@libp2p/interface-internal/node_modules/@multiformats/multiaddr Completed in 14355ms
npm timing reifyNode:node_modules/@libp2p/interface/node_modules/@multiformats/multiaddr Completed in 14364ms
npm timing reifyNode:node_modules/@babel/core/node_modules/semver Completed in 14427ms
npm timing reifyNode:node_modules/@libp2p/prometheus-metrics/node_modules/@libp2p/interface Completed in 14433ms
npm timing reifyNode:node_modules/@inquirer/core/node_modules/@inquirer/type Completed in 14462ms
npm timing reifyNode:node_modules/@babel/helper-compilation-targets/node_modules/semver Completed in 14485ms
npm timing reifyNode:node_modules/@chainsafe/libp2p-noise/node_modules/@libp2p/interface Completed in 14520ms
npm timing reifyNode:node_modules/@libp2p/multistream-select/node_modules/@multiformats/multiaddr Completed in 14523ms
npm timing reifyNode:node_modules/@aztec/p2p/node_modules/@libp2p/peer-id-factory/node_modules/@libp2p/peer-id Completed in 14555ms
npm timing reifyNode:node_modules/@chainsafe/libp2p-noise/node_modules/@noble/ciphers Completed in 14557ms
npm timing reifyNode:node_modules/@babel/helper-compilation-targets/node_modules/lru-cache Completed in 14561ms
npm timing reifyNode:node_modules/@aztec/aztec/node_modules/chalk Completed in 14566ms
npm timing reifyNode:node_modules/@chainsafe/libp2p-noise/node_modules/@multiformats/multiaddr Completed in 14579ms
npm timing reifyNode:node_modules/@aztec/p2p/node_modules/@libp2p/peer-id-factory/node_modules/@libp2p/interface Completed in 14613ms
npm timing reifyNode:node_modules/@aztec/p2p/node_modules/@libp2p/peer-id-factory/node_modules/@multiformats/multiaddr Completed in 14680ms
npm timing reifyNode:node_modules/@aztec/p2p/node_modules/@libp2p/peer-id-factory Completed in 14717ms
npm timing reifyNode:node_modules/@aztec/aztec/node_modules/abitype Completed in 14744ms
npm timing reifyNode:node_modules/@opentelemetry/core/node_modules/@opentelemetry/semantic-conventions Completed in 14774ms
npm timing reifyNode:node_modules/@aztec/p2p/node_modules/@libp2p/peer-id-factory/node_modules/@libp2p/crypto Completed in 14791ms
npm timing reifyNode:node_modules/@ethersproject/json-wallets/node_modules/aes-js Completed in 15315ms
npm timing reifyNode:node_modules/@aztec/noir-protocol-circuits-types Completed in 24030ms
npm timing reifyNode:node_modules/@aztec/bb.js Completed in 28234ms
npm timing reifyNode:node_modules/@aztec/noir-contracts.js Completed in 29047ms
npm timing reifyNode:node_modules/@aztec/noir-test-contracts.js Completed in 29784ms
npm timing reifyNode:node_modules/@aztec/l1-artifacts Completed in 30113ms
npm timing reify:unpack Completed in 30119ms
npm timing reify:unretire Completed in 0ms
npm timing build:queue Completed in 13ms
npm timing build:link:node_modules/jest-cli Completed in 1ms
npm timing build:link:node_modules/@aztec/validator-client Completed in 3ms
npm timing build:link:node_modules/@aztec/aztec Completed in 5ms
npm timing build:link:node_modules/send/node_modules/mime Completed in 3ms
npm timing build:link:node_modules/test-exclude/node_modules/glob Completed in 4ms
npm timing build:link:node_modules/@babel/core/node_modules/semver Completed in 4ms
npm timing build:link:node_modules/@aztec/txe Completed in 6ms
npm timing build:link:node_modules/@babel/helper-compilation-targets/node_modules/semver Completed in 4ms
npm timing build:link:node_modules/node-pg-migrate/node_modules/glob Completed in 4ms
npm timing build:link:node_modules/@aztec/blob-client Completed in 6ms
npm timing build:link:node_modules/@aztec/noir-noir_codegen Completed in 6ms
npm timing build:link:node_modules/baseline-browser-mapping Completed in 5ms
npm timing build:link:node_modules/@babel/parser Completed in 5ms
npm timing build:link:node_modules/esbuild Completed in 5ms
npm timing build:link:node_modules/browserslist Completed in 5ms
npm timing build:link:node_modules/jest Completed in 5ms
npm timing build:link:node_modules/js-yaml Completed in 5ms
npm timing build:link:node_modules/@aztec/pxe Completed in 6ms
npm timing build:link:node_modules/mime Completed in 4ms
npm timing build:link:node_modules/@aztec/bb.js Completed in 6ms
npm timing build:link:node_modules/fast-xml-parser Completed in 5ms
npm timing build:link:node_modules/import-local Completed in 5ms
npm timing build:link:node_modules/esprima Completed in 5ms
npm timing build:link:node_modules/lmdb Completed in 5ms
npm timing build:link:node_modules/@aztec/bb-prover Completed in 6ms
npm timing build:link:node_modules/json5 Completed in 5ms
npm timing build:link:node_modules/msgpackr-extract Completed in 4ms
npm timing build:link:node_modules/node-gyp-build Completed in 5ms
npm timing build:link:node_modules/pino Completed in 5ms
npm timing build:link:node_modules/@aztec/cli-wallet Completed in 7ms
npm timing build:link:node_modules/node-pg-migrate Completed in 5ms
npm timing build:link:node_modules/playwright Completed in 5ms
npm timing build:link:node_modules/node-gyp-build-optional-packages Completed in 5ms
npm timing build:link:node_modules/jsesc Completed in 6ms
npm timing build:link:node_modules/pino-pretty Completed in 5ms
npm timing build:link:node_modules/napi-postinstall Completed in 5ms
npm timing build:link:node_modules/playwright-core Completed in 5ms
npm timing build:link:node_modules/ts-command-line-args Completed in 5ms
npm timing build:link:node_modules/semver Completed in 5ms
npm timing build:link:node_modules/update-browserslist-db Completed in 5ms
npm timing build:link:node_modules/uuid Completed in 5ms
npm timing build:link:node_modules/systeminformation Completed in 5ms
npm timing build:link:node_modules/rlp Completed in 5ms
npm timing build:link:node_modules/typescript Completed in 5ms
npm timing build:link:node_modules/which Completed in 5ms
npm timing build:link Completed in 7ms
npm timing build:deps Completed in 21ms
npm timing build Completed in 21ms
npm timing reify:build Completed in 22ms
npm timing reify:trash Completed in 0ms
npm timing reify Completed in 30390ms

added 997 packages in 31s
npm timing command:ci Completed in 30684ms
npm timing npm Completed in 30834ms
npm notice
npm notice New major version of npm available! 11.19.0 -> 12.0.2
npm notice Changelog: https://github.com/npm/cli/releases/tag/v12.0.2
npm notice To update run: npm install -g npm@12.0.2
npm notice
