✔ config: independent ABI encoding and actual SDK hash agree (7.247375ms)
✔ ready: independent ABI encoding and actual SDK hash agree (1.50925ms)
✔ claim: independent ABI encoding and actual SDK hash agree (2.064833ms)
✔ exit: independent ABI encoding and actual SDK hash agree (4.472666ms)
✔ claim-boundary: independent ABI encoding and actual SDK hash agree (2.275542ms)
✔ policy: independent ABI encoding and actual SDK hash agree (0.9345ms)
✔ policy-unicode: independent ABI encoding and actual SDK hash agree (0.487583ms)
✔ claim and exit domains prevent interchangeable commitments (0.644ms)
✔ configuration computes before the portal exists and keeps the known commitment (1.236583ms)
✔ configuration rejects full portal scope and any extra or missing scope field (0.511334ms)
✔ pre-portal scope still validates canonical network integers and nonzero addresses (0.210791ms)
✔ service policy identity commits its exact content and deployed board (1.009083ms)
✔ encoding rejects ambiguous or out-of-range collateral/policy inputs (0.326416ms)
✔ feed positions retain actual SDK transaction and within-transaction log indexes (1.235041ms)
✔ feed cursors reject absent, ambiguous or out-of-range transaction ordering (0.437667ms)
✔ one fixture set agrees on post, historical policy, deadline and deployment scope (0.393417ms)
✔ cross-consumer envelope rejects changed l1ChainId (0.166875ms)
✔ cross-consumer envelope rejects changed rollupAddress (0.094125ms)
✔ cross-consumer envelope rejects changed rollupVersion (0.174833ms)
✔ cross-consumer envelope rejects changed boardAddress (0.113916ms)
✔ cross-consumer envelope rejects changed portalAddress (0.08125ms)
✔ public post cannot acquire private linking field depositChainId (0.117458ms)
✔ public post cannot acquire private linking field depositNonce (0.126625ms)
✔ public post cannot acquire private linking field depositor (0.085709ms)
✔ public post cannot acquire private linking field owner (0.055542ms)
✔ public post cannot acquire private linking field accountAddress (0.049334ms)
✔ publication order and independent post identity are separate (0.141625ms)
✔ wire numbers and identities are lossless and canonical (0.29425ms)
✔ UTF-8 limits reject excess bytes and malformed surrogate data (0.142125ms)
✔ job identity changes with policy/model revisions; a submitted job needs transaction evidence (0.195375ms)
✔ fixture dispositions preserve separate inclusion and execution outcomes (0.113083ms)
✔ actual SDK receipt classes cannot confirm dropped or reverted execution (0.190208ms)
✔ reviewed actor, policy and time bounds agree with the contract specification (0.258459ms)
✔ control: pending then successful mined receipt resolves and confirms once (27.707292ms)
✔ B09 baseline bug: actual SDK reverted execution resolves and is logged as confirmed (0.885875ms)
✔ B09 baseline bug: dropped transaction also resolves as confirmed (0.762791ms)
✔ historical app_logic_reverted-shaped fixture still takes the same unsafe branch (0.636875ms)
✔ control: unknown status rejected by SDK schema remains an observable RPC error (3.659709ms)
✔ control: malformed receipt missing its predicate rejects instead of confirming (0.790417ms)
✔ control: perpetually pending receipts time out without confirmation (0.556042ms)
✔ control: perpetually missing receipts time out without confirmation (0.515ms)
✔ control: transient receipt lookup retries without proving or submitting again (1.117542ms)
✔ B09 baseline bug: already-submitted retry handling also confirms a reverted receipt (0.745958ms)
✔ control: pre-prove rejection prevents both proving and submission (0.573833ms)
✔ control: proving failure prevents submission and confirmation (0.544209ms)
✔ actual SDK store closes and reopens without losing sentinel data (15.149042ms)
✔ L1 chain selects isolated store and preserves the original (4.925584ms)
✔ rollup selects isolated store and preserves the original (4.594ms)
✔ full account suffix selects isolated store and preserves the original (3.759458ms)
✔ application namespace selects isolated store and preserves the original (7.354458ms)
✔ PXE schema selects isolated store and preserves the original (4.555291ms)
✔ address casing and stringifiable SDK address objects preserve identity (0.179042ms)
✔ rejects missing chain before creating any database (0.458042ms)
✔ rejects string chain before creating any database (0.136375ms)
✔ rejects zero chain before creating any database (0.138834ms)
✔ rejects unsafe chain before creating any database (0.102625ms)
✔ rejects missing account before creating any database (0.092583ms)
✔ rejects truncated account before creating any database (0.081291ms)
✔ rejects zero account before creating any database (0.075708ms)
✔ rejects missing rollup before creating any database (0.068709ms)
✔ rejects zero rollup before creating any database (0.081167ms)
✔ rejects empty namespace before creating any database (0.087583ms)
✔ rejects control in namespace before creating any database (0.084166ms)
✔ unrelated database does not prevent opening a known app store (2.757875ms)
✔ missing existing identity marker fails without clearing existing state (1.467417ms)
✔ mismatched existing identity marker fails without clearing existing state (1.201666ms)
✔ missing database enumeration fails safely before opening (0.174708ms)
✔ historical unsafe constructor has pinned provenance and cannot execute without capture (1.00325ms)
✔ known-bad shell construction retains substitutions; repaired authority emits inert argv (2.004959ms)
ℹ tests 69
ℹ suites 0
ℹ pass 69
ℹ fail 0
ℹ cancelled 0
ℹ skipped 0
ℹ todo 0
ℹ duration_ms 429.347291
