[billboard_note_layout_v1] Running 22 test functions
[billboard_note_layout_v1] Testing canonical_roundtrip_rejects_u128_overflow ... [0m[32mok[0m
[billboard_note_layout_v1] Testing deposit_eleven_fields_exact_order_and_roundtrip ... [0m[32mok[0m
[billboard_note_layout_v1] Testing post_generated_selectors_match_every_packed_field ... [0m[32mok[0m
[billboard_note_layout_v1] Testing post_seven_fields_exact_order_and_roundtrip ... [0m[32mok[0m
[billboard_note_layout_v1] Testing raw_unpack_truncates_u128_overflow ... [0m[32mok[0m
[billboard_note_layout_v1] Testing canonical_roundtrip_rejects_u64_overflow ... [0m[32mok[0m
[billboard_note_layout_v1] Testing deposit_generated_selectors_match_every_packed_field ... [0m[32mok[0m
[billboard_note_layout_v1] Testing full_scalar_widths_roundtrip_without_sharing_fields ... [0m[32mok[0m
[billboard_note_layout_v1] Testing explicit_eth_address_validation_rejects_overwidth_unpack ... [0m[32mok[0m
[billboard_note_layout_v1] Testing checked_unpack_accepts_canonical_note_controls ... [0m[32mok[0m
[billboard_note_layout_v1] Testing canonical_roundtrip_rejects_u32_overflow ... [0m[32mok[0m
[billboard_note_layout_v1] Testing raw_eth_address_unpack_does_not_validate_address_range ... [0m[32mok[0m
[billboard_note_layout_v1] Testing raw_unpack_truncates_u32_overflow ... [0m[32mok[0m
[billboard_note_layout_v1] Testing commitment_vectors::commitment_claim ... [0m[32mok[0m
[billboard_note_layout_v1] Testing raw_unpack_truncates_u64_overflow ... [0m[32mok[0m
[billboard_note_layout_v1] Testing unpack_rejects_noncanonical_boolean ... [0m[32mok[0m
[billboard_note_layout_v1] Testing commitment_vectors::commitment_claim_boundary ... [0m[32mok[0m
[billboard_note_layout_v1] Testing commitment_vectors::commitment_policy ... [0m[32mok[0m
[billboard_note_layout_v1] Testing commitment_vectors::commitment_config ... [0m[32mok[0m
[billboard_note_layout_v1] Testing commitment_vectors::commitment_policy_unicode ... [0m[32mok[0m
[billboard_note_layout_v1] Testing commitment_vectors::commitment_ready ... [0m[32mok[0m
[billboard_note_layout_v1] Testing commitment_vectors::commitment_exit ... [0m[32mok[0m
[billboard_note_layout_v1] [0m[32m22 tests passed[0m
{
  "outcome": "pass",
  "aztecVersion": "5.2.0",
  "noirVersion": "1.0.0-beta.25",
  "noirCommit": "75061fab15986eedee4e7d9104ff87dd9fa4ca10",
  "dependencyCheck": {
    "packages": 6,
    "checkedFiles": 413
  },
  "commitmentVectorsSha256": "e988b16a0bc12fc2ab6423b429cd7485f1b5174fc4ed09915314b6e6ce1f9b92",
  "sourceLockSha256": "2ecbc7e0e2bb14ac890f554ef38a7713b1a27e16e0dee0324bd600aff3db50ba",
  "fixtureSources": {
    "Nargo.toml": "d15f030ddcd8fd7405f6ccb5113d4a263d57bbc8b1da24058f0b1317f5f843ec",
    "src/lib.nr": "f2bfb1fcd27c20c2f61bf6cc366ea0995c8cca6ec4edc632be5fd5b2e25c0e83",
    "src/commitment_vectors.nr": "10d9c91f67ede4e565ac6e080ee72d2f4922df5e9666a51272ce16d6811b9b45",
    "commitment-vectors.sha256": "90194544142f66f9a7b29c09ba22a2f531a54b38dbfbd0593b3cd510d6c663c2",
    "run.mjs": "f42bb3dd746a333e9ebe67abb9f906e1ec635ec64c645795d80b6ca585c6d153"
  },
  "limits": "Pure compiler tests of actual Packable/note/property macros; no oracle, TXE, note query, wallet, chain or proof generation."
}
