
> test:sdk-browser
> node scripts/test-sdk-browser.mjs --with-crs

{"browserSmoke":{"elapsedMs":4,"stage":"http-server","state":"listening"}}
{"browserSmoke":{"elapsedMs":4,"consumer":"shared-library","stage":"browser-launch","state":"started"}}
{"browserSmoke":{"elapsedMs":505,"consumer":"shared-library","stage":"browser-launch","state":"completed"}}
{"browserSmoke":{"elapsedMs":506,"consumer":"shared-library","stage":"page-create","state":"started"}}
{"browserSmoke":{"elapsedMs":710,"consumer":"shared-library","stage":"page-create","state":"completed"}}
{"browserSmoke":{"elapsedMs":711,"consumer":"shared-library","stage":"expose-function","state":"started"}}
{"browserSmoke":{"elapsedMs":737,"consumer":"shared-library","stage":"expose-function","state":"completed"}}
{"browserSmoke":{"elapsedMs":737,"consumer":"shared-library","stage":"install-readiness-markers","state":"started"}}
{"browserSmoke":{"elapsedMs":738,"consumer":"shared-library","stage":"install-readiness-markers","state":"completed"}}
{"browserSmoke":{"elapsedMs":738,"consumer":"shared-library","stage":"navigation","state":"started"}}
{"browserSmoke":{"elapsedMs":742,"consumer":"shared-library","stage":"http","requestId":1,"path":"/","state":"request-received"}}
{"browserSmoke":{"elapsedMs":744,"consumer":"shared-library","stage":"http","requestId":1,"path":"/","state":"response-finished","status":200,"bodyBytes":3384,"durationMs":2}}
{"browserSmoke":{"elapsedMs":745,"consumer":"shared-library","stage":"browser-request","state":"started","path":"/"}}
{"browserSmoke":{"elapsedMs":747,"consumer":"shared-library","stage":"browser-response","state":"headers","path":"/","status":200}}
{"browserSmoke":{"elapsedMs":754,"consumer":"shared-library","stage":"http","requestId":2,"path":"/aztec_bundle.js","state":"request-received"}}
{"browserSmoke":{"elapsedMs":754,"consumer":"shared-library","stage":"http","requestId":3,"path":"/crs-client.js","state":"request-received"}}
{"browserSmoke":{"elapsedMs":755,"consumer":"shared-library","stage":"http","requestId":4,"path":"/aztec-lib.js","state":"request-received"}}
{"browserSmoke":{"elapsedMs":755,"consumer":"shared-library","stage":"browser-request","state":"started","path":"/aztec_bundle.js"}}
{"browserSmoke":{"elapsedMs":755,"consumer":"shared-library","stage":"browser-request","state":"started","path":"/crs-client.js"}}
{"browserSmoke":{"elapsedMs":755,"consumer":"shared-library","stage":"browser-request","state":"started","path":"/aztec-lib.js"}}
{"browserSmoke":{"elapsedMs":756,"consumer":"shared-library","stage":"browser-request","state":"started","path":"/app-env.js"}}
{"browserSmoke":{"elapsedMs":756,"consumer":"shared-library","stage":"http","requestId":5,"path":"/app-env.js","state":"request-received"}}
{"browserSmoke":{"elapsedMs":758,"consumer":"shared-library","stage":"script.sdk","state":"before-script","browserElapsedMs":13}}
{"browserSmoke":{"elapsedMs":759,"consumer":"shared-library","stage":"browser-request","state":"finished","path":"/"}}
{"browserSmoke":{"elapsedMs":759,"consumer":"shared-library","stage":"http","requestId":3,"path":"/crs-client.js","state":"file-read-completed","bodyBytes":7428,"durationMs":4}}
{"browserSmoke":{"elapsedMs":759,"consumer":"shared-library","stage":"http","requestId":3,"path":"/crs-client.js","state":"response-finished","status":200,"bodyBytes":7428,"durationMs":5}}
{"browserSmoke":{"elapsedMs":760,"consumer":"shared-library","stage":"http","requestId":4,"path":"/aztec-lib.js","state":"file-read-completed","bodyBytes":38208,"durationMs":5}}
{"browserSmoke":{"elapsedMs":760,"consumer":"shared-library","stage":"http","requestId":4,"path":"/aztec-lib.js","state":"response-finished","status":200,"bodyBytes":38208,"durationMs":5}}
{"browserSmoke":{"elapsedMs":761,"consumer":"shared-library","stage":"http","requestId":5,"path":"/app-env.js","state":"file-read-completed","bodyBytes":6553,"durationMs":5}}
{"browserSmoke":{"elapsedMs":761,"consumer":"shared-library","stage":"http","requestId":5,"path":"/app-env.js","state":"response-finished","status":200,"bodyBytes":6553,"durationMs":5}}
{"browserSmoke":{"elapsedMs":762,"consumer":"shared-library","stage":"browser-response","state":"headers","path":"/crs-client.js","status":200}}
{"browserSmoke":{"elapsedMs":762,"consumer":"shared-library","stage":"browser-request","state":"finished","path":"/crs-client.js"}}
{"browserSmoke":{"elapsedMs":762,"consumer":"shared-library","stage":"browser-response","state":"headers","path":"/aztec-lib.js","status":200}}
{"browserSmoke":{"elapsedMs":762,"consumer":"shared-library","stage":"browser-request","state":"finished","path":"/aztec-lib.js"}}
{"browserSmoke":{"elapsedMs":762,"consumer":"shared-library","stage":"browser-response","state":"headers","path":"/app-env.js","status":200}}
{"browserSmoke":{"elapsedMs":762,"consumer":"shared-library","stage":"browser-request","state":"finished","path":"/app-env.js"}}
{"browserSmoke":{"elapsedMs":771,"consumer":"shared-library","stage":"http","requestId":2,"path":"/aztec_bundle.js","state":"file-read-completed","bodyBytes":50130889,"durationMs":17}}
{"browserSmoke":{"elapsedMs":884,"consumer":"shared-library","stage":"http","requestId":2,"path":"/aztec_bundle.js","state":"response-finished","status":200,"bodyBytes":50130889,"durationMs":130}}
{"browserSmoke":{"elapsedMs":968,"consumer":"shared-library","stage":"browser-response","state":"headers","path":"/aztec_bundle.js","status":200}}
{"browserSmoke":{"elapsedMs":968,"consumer":"shared-library","stage":"browser-request","state":"finished","path":"/aztec_bundle.js"}}
{"browserSmoke":{"elapsedMs":1272,"consumer":"shared-library","stage":"script.sdk","state":"script-load","browserElapsedMs":531}}
{"browserSmoke":{"elapsedMs":1273,"consumer":"shared-library","stage":"script.sdk","state":"after-script","browserElapsedMs":531}}
{"browserSmoke":{"elapsedMs":1273,"consumer":"shared-library","stage":"script.crs-client","state":"before-script","browserElapsedMs":532}}
{"browserSmoke":{"elapsedMs":1274,"consumer":"shared-library","stage":"script.crs-client","state":"script-load","browserElapsedMs":532}}
{"browserSmoke":{"elapsedMs":1274,"consumer":"shared-library","stage":"script.crs-client","state":"after-script","browserElapsedMs":532}}
{"browserSmoke":{"elapsedMs":1275,"consumer":"shared-library","stage":"script.shared-library","state":"before-script","browserElapsedMs":532}}
{"browserSmoke":{"elapsedMs":1275,"consumer":"shared-library","stage":"script.shared-library","state":"script-load","browserElapsedMs":532}}
{"browserSmoke":{"elapsedMs":1275,"consumer":"shared-library","stage":"script.shared-library","state":"after-script","browserElapsedMs":532}}
{"browserSmoke":{"elapsedMs":1275,"consumer":"shared-library","stage":"script.engine-adapter","state":"before-script","browserElapsedMs":532}}
{"browserSmoke":{"elapsedMs":1275,"consumer":"shared-library","stage":"script.engine-adapter","state":"script-load","browserElapsedMs":532}}
{"browserSmoke":{"elapsedMs":1275,"consumer":"shared-library","stage":"script.engine-adapter","state":"after-script","browserElapsedMs":532}}
{"browserSmoke":{"elapsedMs":1276,"consumer":"shared-library","stage":"http","requestId":6,"path":"/favicon.ico","state":"request-received"}}
{"browserSmoke":{"elapsedMs":1277,"consumer":"shared-library","stage":"script.document","state":"dom-content-loaded","browserElapsedMs":533}}
{"browserSmoke":{"elapsedMs":1277,"consumer":"shared-library","stage":"script.document","state":"load","browserElapsedMs":533}}
{"browserSmoke":{"elapsedMs":1277,"consumer":"shared-library","stage":"navigation","state":"completed"}}
{"browserSmoke":{"elapsedMs":1277,"consumer":"shared-library","stage":"http","requestId":6,"path":"/favicon.ico","state":"file-read-failed"}}
{"browserSmoke":{"elapsedMs":1277,"consumer":"shared-library","stage":"http","requestId":6,"path":"/favicon.ico","state":"response-finished","status":404,"bodyBytes":9,"durationMs":2}}
{"browserSmoke":{"elapsedMs":1278,"consumer":"shared-library","stage":"sync-prover-init","state":"started"}}
{"browserSmoke":{"elapsedMs":1488,"consumer":"shared-library","stage":"sync-prover-init","state":"completed","durationMs":209}}
{"browserSmoke":{"elapsedMs":1489,"consumer":"shared-library","stage":"shared-crs-adapter","state":"started"}}
{"browserSmoke":{"elapsedMs":1491,"consumer":"shared-library","stage":"crs-1.load.g1_uncompressed.dat","state":"started"}}
{"browserSmoke":{"elapsedMs":1493,"consumer":"shared-library","stage":"browser-request","state":"started","path":"/crs/g1_uncompressed.dat"}}
{"browserSmoke":{"elapsedMs":1493,"consumer":"shared-library","stage":"http","requestId":7,"path":"/crs/g1_uncompressed.dat","state":"request-received"}}
{"browserSmoke":{"elapsedMs":1560,"consumer":"shared-library","stage":"http","requestId":7,"path":"/crs/g1_uncompressed.dat","state":"file-read-completed","bodyBytes":75497472,"durationMs":67}}
{"browserSmoke":{"elapsedMs":1563,"consumer":"shared-library","stage":"browser-response","state":"headers","path":"/crs/g1_uncompressed.dat","status":200}}
{"browserSmoke":{"elapsedMs":1612,"consumer":"shared-library","stage":"http","requestId":7,"path":"/crs/g1_uncompressed.dat","state":"response-finished","status":200,"bodyBytes":75497472,"durationMs":119}}
{"browserSmoke":{"elapsedMs":1624,"consumer":"shared-library","stage":"browser-request","state":"finished","path":"/crs/g1_uncompressed.dat"}}
{"browserSmoke":{"elapsedMs":1624,"consumer":"shared-library","stage":"crs-1.load.g1_uncompressed.dat","state":"completed","durationMs":133}}
{"browserSmoke":{"elapsedMs":1625,"consumer":"shared-library","stage":"crs-1.sha256.75497472","state":"started"}}
{"browserSmoke":{"elapsedMs":1690,"consumer":"shared-library","stage":"crs-1.sha256.75497472","state":"completed","durationMs":64}}
{"browserSmoke":{"elapsedMs":1691,"consumer":"shared-library","stage":"crs-1.load.g2.dat","state":"started"}}
{"browserSmoke":{"elapsedMs":1692,"consumer":"shared-library","stage":"http","requestId":8,"path":"/crs/g2.dat","state":"request-received"}}
{"browserSmoke":{"elapsedMs":1692,"consumer":"shared-library","stage":"browser-request","state":"started","path":"/crs/g2.dat"}}
{"browserSmoke":{"elapsedMs":1692,"consumer":"shared-library","stage":"http","requestId":8,"path":"/crs/g2.dat","state":"file-read-completed","bodyBytes":128,"durationMs":0}}
{"browserSmoke":{"elapsedMs":1692,"consumer":"shared-library","stage":"http","requestId":8,"path":"/crs/g2.dat","state":"response-finished","status":200,"bodyBytes":128,"durationMs":1}}
{"browserSmoke":{"elapsedMs":1693,"consumer":"shared-library","stage":"browser-response","state":"headers","path":"/crs/g2.dat","status":200}}
{"browserSmoke":{"elapsedMs":1693,"consumer":"shared-library","stage":"browser-request","state":"finished","path":"/crs/g2.dat"}}
{"browserSmoke":{"elapsedMs":1693,"consumer":"shared-library","stage":"crs-1.load.g2.dat","state":"completed","durationMs":2}}
{"browserSmoke":{"elapsedMs":1694,"consumer":"shared-library","stage":"crs-1.sha256.128","state":"started"}}
{"browserSmoke":{"elapsedMs":1695,"consumer":"shared-library","stage":"crs-1.sha256.128","state":"completed","durationMs":1}}
{"browserSmoke":{"elapsedMs":1695,"consumer":"shared-library","stage":"crs-1.load.grumpkin_g1.dat","state":"started"}}
{"browserSmoke":{"elapsedMs":1696,"consumer":"shared-library","stage":"http","requestId":9,"path":"/crs/grumpkin_g1.dat","state":"request-received"}}
{"browserSmoke":{"elapsedMs":1696,"consumer":"shared-library","stage":"browser-request","state":"started","path":"/crs/grumpkin_g1.dat"}}
{"browserSmoke":{"elapsedMs":1697,"consumer":"shared-library","stage":"http","requestId":9,"path":"/crs/grumpkin_g1.dat","state":"file-read-completed","bodyBytes":4194368,"durationMs":1}}
{"browserSmoke":{"elapsedMs":1698,"consumer":"shared-library","stage":"http","requestId":9,"path":"/crs/grumpkin_g1.dat","state":"response-finished","status":200,"bodyBytes":4194368,"durationMs":2}}
{"browserSmoke":{"elapsedMs":1698,"consumer":"shared-library","stage":"browser-response","state":"headers","path":"/crs/grumpkin_g1.dat","status":200}}
{"browserSmoke":{"elapsedMs":1738,"consumer":"shared-library","stage":"browser-request","state":"finished","path":"/crs/grumpkin_g1.dat"}}
{"browserSmoke":{"elapsedMs":1738,"consumer":"shared-library","stage":"crs-1.load.grumpkin_g1.dat","state":"completed","durationMs":43}}
{"browserSmoke":{"elapsedMs":1739,"consumer":"shared-library","stage":"crs-1.sha256.4194368","state":"started"}}
{"browserSmoke":{"elapsedMs":1743,"consumer":"shared-library","stage":"crs-1.sha256.4194368","state":"completed","durationMs":4}}
{"browserSmoke":{"elapsedMs":1743,"consumer":"shared-library","stage":"crs-1.srsInitSrs","state":"started"}}
{"browserSmoke":{"elapsedMs":2142,"consumer":"shared-library","stage":"crs-1.srsInitSrs","state":"completed","durationMs":398}}
{"browserSmoke":{"elapsedMs":2143,"consumer":"shared-library","stage":"crs-1.srsInitGrumpkinSrs","state":"started"}}
{"browserSmoke":{"elapsedMs":2161,"consumer":"shared-library","stage":"crs-1.srsInitGrumpkinSrs","state":"completed","durationMs":18}}
{"browserSmoke":{"elapsedMs":2166,"consumer":"shared-library","stage":"shared-crs-adapter","state":"completed","durationMs":677}}
{"browserSmoke":{"elapsedMs":2167,"consumer":"shared-library","stage":"poseidon","state":"started"}}
{"browserSmoke":{"elapsedMs":2169,"consumer":"shared-library","stage":"poseidon","state":"completed","durationMs":2}}
{"browserSmoke":{"elapsedMs":2169,"consumer":"shared-library","stage":"async-prover-init","state":"started"}}
{"browserSmoke":{"elapsedMs":2171,"consumer":"shared-library","stage":"browser-request","state":"started","path":"/bb-main.worker.js"}}
{"browserSmoke":{"elapsedMs":2171,"consumer":"shared-library","stage":"http","requestId":10,"path":"/bb-main.worker.js","state":"request-received"}}
{"browserSmoke":{"elapsedMs":2171,"consumer":"shared-library","stage":"http","requestId":10,"path":"/bb-main.worker.js","state":"file-read-completed","bodyBytes":22772,"durationMs":0}}
{"browserSmoke":{"elapsedMs":2172,"consumer":"shared-library","stage":"http","requestId":10,"path":"/bb-main.worker.js","state":"response-finished","status":200,"bodyBytes":22772,"durationMs":0}}
{"browserSmoke":{"elapsedMs":2175,"consumer":"shared-library","stage":"browser-response","state":"headers","path":"/bb-main.worker.js","status":200}}
{"browserSmoke":{"elapsedMs":2175,"consumer":"shared-library","stage":"browser-request","state":"finished","path":"/bb-main.worker.js"}}
{"browserSmoke":{"elapsedMs":2340,"consumer":"shared-library","stage":"browser-request","state":"started","path":"/bb-thread.worker.js"}}
{"browserSmoke":{"elapsedMs":2341,"consumer":"shared-library","stage":"http","requestId":11,"path":"/bb-thread.worker.js","state":"request-received"}}
{"browserSmoke":{"elapsedMs":2343,"consumer":"shared-library","stage":"http","requestId":11,"path":"/bb-thread.worker.js","state":"file-read-completed","bodyBytes":15377,"durationMs":2}}
{"browserSmoke":{"elapsedMs":2343,"consumer":"shared-library","stage":"http","requestId":11,"path":"/bb-thread.worker.js","state":"response-finished","status":200,"bodyBytes":15377,"durationMs":2}}
{"browserSmoke":{"elapsedMs":2348,"consumer":"shared-library","stage":"browser-response","state":"headers","path":"/bb-thread.worker.js","status":200}}
{"browserSmoke":{"elapsedMs":2348,"consumer":"shared-library","stage":"browser-request","state":"finished","path":"/bb-thread.worker.js"}}
{"browserSmoke":{"elapsedMs":2352,"consumer":"shared-library","stage":"async-prover-init","state":"completed","durationMs":182}}
{"browserSmoke":{"elapsedMs":2353,"consumer":"shared-library","stage":"async-prover-destroy","state":"started"}}
{"browserSmoke":{"elapsedMs":2355,"consumer":"shared-library","stage":"async-prover-destroy","state":"completed","durationMs":1}}
{"browserSmoke":{"elapsedMs":2357,"consumer":"shared-library","stage":"sqlite-open","state":"started"}}
{"browserSmoke":{"elapsedMs":2359,"consumer":"shared-library","stage":"browser-request","state":"started","path":"/sqlite.worker.js"}}
{"browserSmoke":{"elapsedMs":2359,"consumer":"shared-library","stage":"http","requestId":12,"path":"/sqlite.worker.js","state":"request-received"}}
{"browserSmoke":{"elapsedMs":2359,"consumer":"shared-library","stage":"http","requestId":12,"path":"/sqlite.worker.js","state":"file-read-completed","bodyBytes":476347,"durationMs":1}}
{"browserSmoke":{"elapsedMs":2360,"consumer":"shared-library","stage":"http","requestId":12,"path":"/sqlite.worker.js","state":"response-finished","status":200,"bodyBytes":476347,"durationMs":1}}
{"browserSmoke":{"elapsedMs":2364,"consumer":"shared-library","stage":"browser-response","state":"headers","path":"/sqlite.worker.js","status":200}}
{"browserSmoke":{"elapsedMs":2371,"consumer":"shared-library","stage":"browser-request","state":"finished","path":"/sqlite.worker.js"}}
{"browserSmoke":{"elapsedMs":2379,"consumer":"shared-library","stage":"http","requestId":13,"path":"/sqlite3.wasm","state":"request-received"}}
{"browserSmoke":{"elapsedMs":2379,"consumer":"shared-library","stage":"browser-request","state":"started","path":"/sqlite3.wasm"}}
{"browserSmoke":{"elapsedMs":2379,"consumer":"shared-library","stage":"http","requestId":13,"path":"/sqlite3.wasm","state":"file-read-completed","bodyBytes":1058719,"durationMs":1}}
{"browserSmoke":{"elapsedMs":2380,"consumer":"shared-library","stage":"http","requestId":13,"path":"/sqlite3.wasm","state":"response-finished","status":200,"bodyBytes":1058719,"durationMs":1}}
{"browserSmoke":{"elapsedMs":2381,"consumer":"shared-library","stage":"browser-response","state":"headers","path":"/sqlite3.wasm","status":200}}
{"browserSmoke":{"elapsedMs":2401,"consumer":"shared-library","stage":"http","requestId":14,"path":"/sqlite3-opfs-async-proxy.js","state":"request-received"}}
{"browserSmoke":{"elapsedMs":2401,"consumer":"shared-library","stage":"browser-request","state":"started","path":"/sqlite3-opfs-async-proxy.js"}}
{"browserSmoke":{"elapsedMs":2401,"consumer":"shared-library","stage":"browser-request","state":"finished","path":"/sqlite3.wasm"}}
{"browserSmoke":{"elapsedMs":2402,"consumer":"shared-library","stage":"http","requestId":14,"path":"/sqlite3-opfs-async-proxy.js","state":"file-read-completed","bodyBytes":24541,"durationMs":1}}
{"browserSmoke":{"elapsedMs":2402,"consumer":"shared-library","stage":"http","requestId":14,"path":"/sqlite3-opfs-async-proxy.js","state":"response-finished","status":200,"bodyBytes":24541,"durationMs":1}}
{"browserSmoke":{"elapsedMs":2405,"consumer":"shared-library","stage":"browser-response","state":"headers","path":"/sqlite3-opfs-async-proxy.js","status":200}}
{"browserSmoke":{"elapsedMs":2407,"consumer":"shared-library","stage":"browser-request","state":"finished","path":"/sqlite3-opfs-async-proxy.js"}}
{"browserSmoke":{"elapsedMs":2413,"consumer":"shared-library","stage":"browser-request","state":"started","path":"/sqlite3-opfs-async-proxy.js"}}
{"browserSmoke":{"elapsedMs":2413,"consumer":"shared-library","stage":"http","requestId":15,"path":"/sqlite3-opfs-async-proxy.js","state":"request-received"}}
{"browserSmoke":{"elapsedMs":2414,"consumer":"shared-library","stage":"http","requestId":15,"path":"/sqlite3-opfs-async-proxy.js","state":"file-read-completed","bodyBytes":24541,"durationMs":0}}
{"browserSmoke":{"elapsedMs":2414,"consumer":"shared-library","stage":"http","requestId":15,"path":"/sqlite3-opfs-async-proxy.js","state":"response-finished","status":200,"bodyBytes":24541,"durationMs":1}}
{"browserSmoke":{"elapsedMs":2417,"consumer":"shared-library","stage":"browser-response","state":"headers","path":"/sqlite3-opfs-async-proxy.js","status":200}}
{"browserSmoke":{"elapsedMs":2418,"consumer":"shared-library","stage":"browser-request","state":"finished","path":"/sqlite3-opfs-async-proxy.js"}}
{"browserSmoke":{"elapsedMs":2432,"consumer":"shared-library","stage":"sqlite-open","state":"completed","durationMs":75}}
{"browserSmoke":{"elapsedMs":2433,"consumer":"shared-library","stage":"sqlite-write","state":"started"}}
{"browserSmoke":{"elapsedMs":2436,"consumer":"shared-library","stage":"sqlite-write","state":"completed","durationMs":3}}
{"browserSmoke":{"elapsedMs":2437,"consumer":"shared-library","stage":"sqlite-read","state":"started"}}
{"browserSmoke":{"elapsedMs":2439,"consumer":"shared-library","stage":"sqlite-read","state":"completed","durationMs":2}}
{"browserSmoke":{"elapsedMs":2441,"consumer":"shared-library","stage":"sqlite-close","state":"started"}}
{"browserSmoke":{"elapsedMs":2443,"consumer":"shared-library","stage":"sqlite-close","state":"completed","durationMs":3}}
{"browserSmoke":{"elapsedMs":2491,"consumer":"shared-library","stage":"browser","state":"disconnected","deadlineExceeded":false}}
{"browserSmoke":{"elapsedMs":2543,"consumer":"engine-adapter","stage":"browser-launch","state":"started"}}
{"browserSmoke":{"elapsedMs":2909,"consumer":"engine-adapter","stage":"browser-launch","state":"completed"}}
{"browserSmoke":{"elapsedMs":2910,"consumer":"engine-adapter","stage":"page-create","state":"started"}}
{"browserSmoke":{"elapsedMs":3161,"consumer":"engine-adapter","stage":"page-create","state":"completed"}}
{"browserSmoke":{"elapsedMs":3161,"consumer":"engine-adapter","stage":"expose-function","state":"started"}}
{"browserSmoke":{"elapsedMs":3174,"consumer":"engine-adapter","stage":"expose-function","state":"completed"}}
{"browserSmoke":{"elapsedMs":3174,"consumer":"engine-adapter","stage":"install-readiness-markers","state":"started"}}
{"browserSmoke":{"elapsedMs":3175,"consumer":"engine-adapter","stage":"install-readiness-markers","state":"completed"}}
{"browserSmoke":{"elapsedMs":3175,"consumer":"engine-adapter","stage":"navigation","state":"started"}}
{"browserSmoke":{"elapsedMs":3177,"consumer":"engine-adapter","stage":"browser-request","state":"started","path":"/"}}
{"browserSmoke":{"elapsedMs":3177,"consumer":"engine-adapter","stage":"http","requestId":16,"path":"/","state":"request-received"}}
{"browserSmoke":{"elapsedMs":3177,"consumer":"engine-adapter","stage":"http","requestId":16,"path":"/","state":"response-finished","status":200,"bodyBytes":3384,"durationMs":0}}
{"browserSmoke":{"elapsedMs":3180,"consumer":"engine-adapter","stage":"browser-response","state":"headers","path":"/","status":200}}
{"browserSmoke":{"elapsedMs":3187,"consumer":"engine-adapter","stage":"http","requestId":17,"path":"/aztec_bundle.js","state":"request-received"}}
{"browserSmoke":{"elapsedMs":3187,"consumer":"engine-adapter","stage":"http","requestId":18,"path":"/crs-client.js","state":"request-received"}}
{"browserSmoke":{"elapsedMs":3188,"consumer":"engine-adapter","stage":"http","requestId":19,"path":"/aztec-lib.js","state":"request-received"}}
{"browserSmoke":{"elapsedMs":3189,"consumer":"engine-adapter","stage":"http","requestId":20,"path":"/app-env.js","state":"request-received"}}
{"browserSmoke":{"elapsedMs":3190,"consumer":"engine-adapter","stage":"browser-request","state":"started","path":"/aztec_bundle.js"}}
{"browserSmoke":{"elapsedMs":3191,"consumer":"engine-adapter","stage":"http","requestId":18,"path":"/crs-client.js","state":"file-read-completed","bodyBytes":7428,"durationMs":3}}
{"browserSmoke":{"elapsedMs":3191,"consumer":"engine-adapter","stage":"http","requestId":18,"path":"/crs-client.js","state":"response-finished","status":200,"bodyBytes":7428,"durationMs":4}}
{"browserSmoke":{"elapsedMs":3192,"consumer":"engine-adapter","stage":"http","requestId":19,"path":"/aztec-lib.js","state":"file-read-completed","bodyBytes":38208,"durationMs":4}}
{"browserSmoke":{"elapsedMs":3193,"consumer":"engine-adapter","stage":"http","requestId":19,"path":"/aztec-lib.js","state":"response-finished","status":200,"bodyBytes":38208,"durationMs":5}}
{"browserSmoke":{"elapsedMs":3193,"consumer":"engine-adapter","stage":"browser-request","state":"started","path":"/crs-client.js"}}
{"browserSmoke":{"elapsedMs":3193,"consumer":"engine-adapter","stage":"browser-request","state":"started","path":"/aztec-lib.js"}}
{"browserSmoke":{"elapsedMs":3193,"consumer":"engine-adapter","stage":"browser-request","state":"started","path":"/app-env.js"}}
{"browserSmoke":{"elapsedMs":3194,"consumer":"engine-adapter","stage":"http","requestId":20,"path":"/app-env.js","state":"file-read-completed","bodyBytes":6553,"durationMs":5}}
{"browserSmoke":{"elapsedMs":3194,"consumer":"engine-adapter","stage":"http","requestId":20,"path":"/app-env.js","state":"response-finished","status":200,"bodyBytes":6553,"durationMs":5}}
{"browserSmoke":{"elapsedMs":3195,"consumer":"engine-adapter","stage":"script.sdk","state":"before-script","browserElapsedMs":11}}
{"browserSmoke":{"elapsedMs":3195,"consumer":"engine-adapter","stage":"browser-request","state":"finished","path":"/"}}
{"browserSmoke":{"elapsedMs":3195,"consumer":"engine-adapter","stage":"browser-response","state":"headers","path":"/crs-client.js","status":200}}
{"browserSmoke":{"elapsedMs":3195,"consumer":"engine-adapter","stage":"browser-request","state":"finished","path":"/crs-client.js"}}
{"browserSmoke":{"elapsedMs":3196,"consumer":"engine-adapter","stage":"browser-response","state":"headers","path":"/aztec-lib.js","status":200}}
{"browserSmoke":{"elapsedMs":3196,"consumer":"engine-adapter","stage":"browser-request","state":"finished","path":"/aztec-lib.js"}}
{"browserSmoke":{"elapsedMs":3197,"consumer":"engine-adapter","stage":"browser-response","state":"headers","path":"/app-env.js","status":200}}
{"browserSmoke":{"elapsedMs":3197,"consumer":"engine-adapter","stage":"browser-request","state":"finished","path":"/app-env.js"}}
{"browserSmoke":{"elapsedMs":3209,"consumer":"engine-adapter","stage":"http","requestId":17,"path":"/aztec_bundle.js","state":"file-read-completed","bodyBytes":50130889,"durationMs":22}}
{"browserSmoke":{"elapsedMs":3348,"consumer":"engine-adapter","stage":"http","requestId":17,"path":"/aztec_bundle.js","state":"response-finished","status":200,"bodyBytes":50130889,"durationMs":161}}
{"browserSmoke":{"elapsedMs":3421,"consumer":"engine-adapter","stage":"browser-response","state":"headers","path":"/aztec_bundle.js","status":200}}
{"browserSmoke":{"elapsedMs":3421,"consumer":"engine-adapter","stage":"browser-request","state":"finished","path":"/aztec_bundle.js"}}
{"browserSmoke":{"elapsedMs":3724,"consumer":"engine-adapter","stage":"script.sdk","state":"script-load","browserElapsedMs":547}}
{"browserSmoke":{"elapsedMs":3725,"consumer":"engine-adapter","stage":"script.sdk","state":"after-script","browserElapsedMs":548}}
{"browserSmoke":{"elapsedMs":3725,"consumer":"engine-adapter","stage":"script.crs-client","state":"before-script","browserElapsedMs":548}}
{"browserSmoke":{"elapsedMs":3725,"consumer":"engine-adapter","stage":"script.crs-client","state":"script-load","browserElapsedMs":548}}
{"browserSmoke":{"elapsedMs":3725,"consumer":"engine-adapter","stage":"script.crs-client","state":"after-script","browserElapsedMs":548}}
{"browserSmoke":{"elapsedMs":3725,"consumer":"engine-adapter","stage":"script.shared-library","state":"before-script","browserElapsedMs":548}}
{"browserSmoke":{"elapsedMs":3725,"consumer":"engine-adapter","stage":"script.shared-library","state":"script-load","browserElapsedMs":548}}
{"browserSmoke":{"elapsedMs":3726,"consumer":"engine-adapter","stage":"script.shared-library","state":"after-script","browserElapsedMs":548}}
{"browserSmoke":{"elapsedMs":3726,"consumer":"engine-adapter","stage":"script.engine-adapter","state":"before-script","browserElapsedMs":548}}
{"browserSmoke":{"elapsedMs":3726,"consumer":"engine-adapter","stage":"script.engine-adapter","state":"script-load","browserElapsedMs":548}}
{"browserSmoke":{"elapsedMs":3726,"consumer":"engine-adapter","stage":"script.engine-adapter","state":"after-script","browserElapsedMs":548}}
{"browserSmoke":{"elapsedMs":3727,"consumer":"engine-adapter","stage":"script.document","state":"dom-content-loaded","browserElapsedMs":550}}
{"browserSmoke":{"elapsedMs":3727,"consumer":"engine-adapter","stage":"script.document","state":"load","browserElapsedMs":550}}
{"browserSmoke":{"elapsedMs":3727,"consumer":"engine-adapter","stage":"navigation","state":"completed"}}
{"browserSmoke":{"elapsedMs":3728,"consumer":"engine-adapter","stage":"http","requestId":21,"path":"/favicon.ico","state":"request-received"}}
{"browserSmoke":{"elapsedMs":3728,"consumer":"engine-adapter","stage":"http","requestId":21,"path":"/favicon.ico","state":"file-read-failed"}}
{"browserSmoke":{"elapsedMs":3728,"consumer":"engine-adapter","stage":"http","requestId":21,"path":"/favicon.ico","state":"response-finished","status":404,"bodyBytes":9,"durationMs":0}}
{"browserSmoke":{"elapsedMs":3728,"consumer":"engine-adapter","stage":"sync-prover-init","state":"started"}}
{"browserSmoke":{"elapsedMs":3915,"consumer":"engine-adapter","stage":"sync-prover-init","state":"completed","durationMs":186}}
{"browserSmoke":{"elapsedMs":3915,"consumer":"engine-adapter","stage":"engine-crs-adapter","state":"started"}}
{"browserSmoke":{"elapsedMs":3917,"consumer":"engine-adapter","stage":"crs-1.load.g1_uncompressed.dat","state":"started"}}
{"browserSmoke":{"elapsedMs":3918,"consumer":"engine-adapter","stage":"http","requestId":22,"path":"/crs/g1_uncompressed.dat","state":"request-received"}}
{"browserSmoke":{"elapsedMs":3918,"consumer":"engine-adapter","stage":"browser-request","state":"started","path":"/crs/g1_uncompressed.dat"}}
{"browserSmoke":{"elapsedMs":3929,"consumer":"engine-adapter","stage":"http","requestId":22,"path":"/crs/g1_uncompressed.dat","state":"file-read-completed","bodyBytes":75497472,"durationMs":11}}
{"browserSmoke":{"elapsedMs":3931,"consumer":"engine-adapter","stage":"browser-response","state":"headers","path":"/crs/g1_uncompressed.dat","status":200}}
{"browserSmoke":{"elapsedMs":3964,"consumer":"engine-adapter","stage":"http","requestId":22,"path":"/crs/g1_uncompressed.dat","state":"response-finished","status":200,"bodyBytes":75497472,"durationMs":46}}
{"browserSmoke":{"elapsedMs":3971,"consumer":"engine-adapter","stage":"browser-request","state":"finished","path":"/crs/g1_uncompressed.dat"}}
{"browserSmoke":{"elapsedMs":3972,"consumer":"engine-adapter","stage":"crs-1.load.g1_uncompressed.dat","state":"completed","durationMs":55}}
{"browserSmoke":{"elapsedMs":3972,"consumer":"engine-adapter","stage":"crs-1.sha256.75497472","state":"started"}}
{"browserSmoke":{"elapsedMs":4030,"consumer":"engine-adapter","stage":"crs-1.sha256.75497472","state":"completed","durationMs":58}}
{"browserSmoke":{"elapsedMs":4031,"consumer":"engine-adapter","stage":"crs-1.load.g2.dat","state":"started"}}
{"browserSmoke":{"elapsedMs":4032,"consumer":"engine-adapter","stage":"browser-request","state":"started","path":"/crs/g2.dat"}}
{"browserSmoke":{"elapsedMs":4032,"consumer":"engine-adapter","stage":"http","requestId":23,"path":"/crs/g2.dat","state":"request-received"}}
{"browserSmoke":{"elapsedMs":4032,"consumer":"engine-adapter","stage":"http","requestId":23,"path":"/crs/g2.dat","state":"file-read-completed","bodyBytes":128,"durationMs":0}}
{"browserSmoke":{"elapsedMs":4033,"consumer":"engine-adapter","stage":"http","requestId":23,"path":"/crs/g2.dat","state":"response-finished","status":200,"bodyBytes":128,"durationMs":0}}
{"browserSmoke":{"elapsedMs":4033,"consumer":"engine-adapter","stage":"browser-response","state":"headers","path":"/crs/g2.dat","status":200}}
{"browserSmoke":{"elapsedMs":4033,"consumer":"engine-adapter","stage":"browser-request","state":"finished","path":"/crs/g2.dat"}}
{"browserSmoke":{"elapsedMs":4033,"consumer":"engine-adapter","stage":"crs-1.load.g2.dat","state":"completed","durationMs":2}}
{"browserSmoke":{"elapsedMs":4034,"consumer":"engine-adapter","stage":"crs-1.sha256.128","state":"started"}}
{"browserSmoke":{"elapsedMs":4034,"consumer":"engine-adapter","stage":"crs-1.sha256.128","state":"completed","durationMs":1}}
{"browserSmoke":{"elapsedMs":4035,"consumer":"engine-adapter","stage":"crs-1.load.grumpkin_g1.dat","state":"started"}}
{"browserSmoke":{"elapsedMs":4035,"consumer":"engine-adapter","stage":"browser-request","state":"started","path":"/crs/grumpkin_g1.dat"}}
{"browserSmoke":{"elapsedMs":4035,"consumer":"engine-adapter","stage":"http","requestId":24,"path":"/crs/grumpkin_g1.dat","state":"request-received"}}
{"browserSmoke":{"elapsedMs":4037,"consumer":"engine-adapter","stage":"http","requestId":24,"path":"/crs/grumpkin_g1.dat","state":"file-read-completed","bodyBytes":4194368,"durationMs":1}}
{"browserSmoke":{"elapsedMs":4038,"consumer":"engine-adapter","stage":"http","requestId":24,"path":"/crs/grumpkin_g1.dat","state":"response-finished","status":200,"bodyBytes":4194368,"durationMs":2}}
{"browserSmoke":{"elapsedMs":4038,"consumer":"engine-adapter","stage":"browser-response","state":"headers","path":"/crs/grumpkin_g1.dat","status":200}}
{"browserSmoke":{"elapsedMs":4076,"consumer":"engine-adapter","stage":"browser-request","state":"finished","path":"/crs/grumpkin_g1.dat"}}
{"browserSmoke":{"elapsedMs":4077,"consumer":"engine-adapter","stage":"crs-1.load.grumpkin_g1.dat","state":"completed","durationMs":41}}
{"browserSmoke":{"elapsedMs":4077,"consumer":"engine-adapter","stage":"crs-1.sha256.4194368","state":"started"}}
{"browserSmoke":{"elapsedMs":4080,"consumer":"engine-adapter","stage":"crs-1.sha256.4194368","state":"completed","durationMs":3}}
{"browserSmoke":{"elapsedMs":4081,"consumer":"engine-adapter","stage":"crs-1.srsInitSrs","state":"started"}}
{"browserSmoke":{"elapsedMs":4489,"consumer":"engine-adapter","stage":"crs-1.srsInitSrs","state":"completed","durationMs":406}}
{"browserSmoke":{"elapsedMs":4497,"consumer":"engine-adapter","stage":"crs-1.srsInitGrumpkinSrs","state":"started"}}
{"browserSmoke":{"elapsedMs":4515,"consumer":"engine-adapter","stage":"crs-1.srsInitGrumpkinSrs","state":"completed","durationMs":18}}
{"browserSmoke":{"elapsedMs":4520,"consumer":"engine-adapter","stage":"engine-crs-adapter","state":"completed","durationMs":605}}
{"browserSmoke":{"elapsedMs":4521,"consumer":"engine-adapter","stage":"poseidon","state":"started"}}
{"browserSmoke":{"elapsedMs":4522,"consumer":"engine-adapter","stage":"poseidon","state":"completed","durationMs":1}}
{"browserSmoke":{"elapsedMs":4523,"consumer":"engine-adapter","stage":"async-prover-init","state":"started"}}
{"browserSmoke":{"elapsedMs":4524,"consumer":"engine-adapter","stage":"browser-request","state":"started","path":"/bb-main.worker.js"}}
{"browserSmoke":{"elapsedMs":4524,"consumer":"engine-adapter","stage":"http","requestId":25,"path":"/bb-main.worker.js","state":"request-received"}}
{"browserSmoke":{"elapsedMs":4525,"consumer":"engine-adapter","stage":"http","requestId":25,"path":"/bb-main.worker.js","state":"file-read-completed","bodyBytes":22772,"durationMs":0}}
{"browserSmoke":{"elapsedMs":4525,"consumer":"engine-adapter","stage":"http","requestId":25,"path":"/bb-main.worker.js","state":"response-finished","status":200,"bodyBytes":22772,"durationMs":0}}
{"browserSmoke":{"elapsedMs":4527,"consumer":"engine-adapter","stage":"browser-response","state":"headers","path":"/bb-main.worker.js","status":200}}
{"browserSmoke":{"elapsedMs":4528,"consumer":"engine-adapter","stage":"browser-request","state":"finished","path":"/bb-main.worker.js"}}
{"browserSmoke":{"elapsedMs":4678,"consumer":"engine-adapter","stage":"browser-request","state":"started","path":"/bb-thread.worker.js"}}
{"browserSmoke":{"elapsedMs":4678,"consumer":"engine-adapter","stage":"http","requestId":26,"path":"/bb-thread.worker.js","state":"request-received"}}
{"browserSmoke":{"elapsedMs":4678,"consumer":"engine-adapter","stage":"http","requestId":26,"path":"/bb-thread.worker.js","state":"file-read-completed","bodyBytes":15377,"durationMs":0}}
{"browserSmoke":{"elapsedMs":4679,"consumer":"engine-adapter","stage":"http","requestId":26,"path":"/bb-thread.worker.js","state":"response-finished","status":200,"bodyBytes":15377,"durationMs":0}}
{"browserSmoke":{"elapsedMs":4682,"consumer":"engine-adapter","stage":"browser-response","state":"headers","path":"/bb-thread.worker.js","status":200}}
{"browserSmoke":{"elapsedMs":4682,"consumer":"engine-adapter","stage":"browser-request","state":"finished","path":"/bb-thread.worker.js"}}
{"browserSmoke":{"elapsedMs":4683,"consumer":"engine-adapter","stage":"async-prover-init","state":"completed","durationMs":160}}
{"browserSmoke":{"elapsedMs":4683,"consumer":"engine-adapter","stage":"async-prover-destroy","state":"started"}}
{"browserSmoke":{"elapsedMs":4684,"consumer":"engine-adapter","stage":"async-prover-destroy","state":"completed","durationMs":1}}
{"browserSmoke":{"elapsedMs":4685,"consumer":"engine-adapter","stage":"sqlite-open","state":"started"}}
{"browserSmoke":{"elapsedMs":4687,"consumer":"engine-adapter","stage":"browser-request","state":"started","path":"/sqlite.worker.js"}}
{"browserSmoke":{"elapsedMs":4687,"consumer":"engine-adapter","stage":"http","requestId":27,"path":"/sqlite.worker.js","state":"request-received"}}
{"browserSmoke":{"elapsedMs":4687,"consumer":"engine-adapter","stage":"http","requestId":27,"path":"/sqlite.worker.js","state":"file-read-completed","bodyBytes":476347,"durationMs":1}}
{"browserSmoke":{"elapsedMs":4687,"consumer":"engine-adapter","stage":"http","requestId":27,"path":"/sqlite.worker.js","state":"response-finished","status":200,"bodyBytes":476347,"durationMs":1}}
{"browserSmoke":{"elapsedMs":4691,"consumer":"engine-adapter","stage":"browser-response","state":"headers","path":"/sqlite.worker.js","status":200}}
{"browserSmoke":{"elapsedMs":4696,"consumer":"engine-adapter","stage":"browser-request","state":"finished","path":"/sqlite.worker.js"}}
{"browserSmoke":{"elapsedMs":4703,"consumer":"engine-adapter","stage":"http","requestId":28,"path":"/sqlite3.wasm","state":"request-received"}}
{"browserSmoke":{"elapsedMs":4703,"consumer":"engine-adapter","stage":"browser-request","state":"started","path":"/sqlite3.wasm"}}
{"browserSmoke":{"elapsedMs":4703,"consumer":"engine-adapter","stage":"http","requestId":28,"path":"/sqlite3.wasm","state":"file-read-completed","bodyBytes":1058719,"durationMs":0}}
{"browserSmoke":{"elapsedMs":4703,"consumer":"engine-adapter","stage":"http","requestId":28,"path":"/sqlite3.wasm","state":"response-finished","status":200,"bodyBytes":1058719,"durationMs":1}}
{"browserSmoke":{"elapsedMs":4704,"consumer":"engine-adapter","stage":"browser-response","state":"headers","path":"/sqlite3.wasm","status":200}}
{"browserSmoke":{"elapsedMs":4721,"consumer":"engine-adapter","stage":"browser-request","state":"started","path":"/sqlite3-opfs-async-proxy.js"}}
{"browserSmoke":{"elapsedMs":4721,"consumer":"engine-adapter","stage":"http","requestId":29,"path":"/sqlite3-opfs-async-proxy.js","state":"request-received"}}
{"browserSmoke":{"elapsedMs":4721,"consumer":"engine-adapter","stage":"browser-request","state":"finished","path":"/sqlite3.wasm"}}
{"browserSmoke":{"elapsedMs":4722,"consumer":"engine-adapter","stage":"http","requestId":29,"path":"/sqlite3-opfs-async-proxy.js","state":"file-read-completed","bodyBytes":24541,"durationMs":0}}
{"browserSmoke":{"elapsedMs":4722,"consumer":"engine-adapter","stage":"http","requestId":29,"path":"/sqlite3-opfs-async-proxy.js","state":"response-finished","status":200,"bodyBytes":24541,"durationMs":0}}
{"browserSmoke":{"elapsedMs":4724,"consumer":"engine-adapter","stage":"browser-response","state":"headers","path":"/sqlite3-opfs-async-proxy.js","status":200}}
{"browserSmoke":{"elapsedMs":4725,"consumer":"engine-adapter","stage":"browser-request","state":"finished","path":"/sqlite3-opfs-async-proxy.js"}}
{"browserSmoke":{"elapsedMs":4728,"consumer":"engine-adapter","stage":"browser-request","state":"started","path":"/sqlite3-opfs-async-proxy.js"}}
{"browserSmoke":{"elapsedMs":4728,"consumer":"engine-adapter","stage":"http","requestId":30,"path":"/sqlite3-opfs-async-proxy.js","state":"request-received"}}
{"browserSmoke":{"elapsedMs":4728,"consumer":"engine-adapter","stage":"http","requestId":30,"path":"/sqlite3-opfs-async-proxy.js","state":"file-read-completed","bodyBytes":24541,"durationMs":0}}
{"browserSmoke":{"elapsedMs":4728,"consumer":"engine-adapter","stage":"http","requestId":30,"path":"/sqlite3-opfs-async-proxy.js","state":"response-finished","status":200,"bodyBytes":24541,"durationMs":0}}
{"browserSmoke":{"elapsedMs":4730,"consumer":"engine-adapter","stage":"browser-response","state":"headers","path":"/sqlite3-opfs-async-proxy.js","status":200}}
{"browserSmoke":{"elapsedMs":4731,"consumer":"engine-adapter","stage":"browser-request","state":"finished","path":"/sqlite3-opfs-async-proxy.js"}}
{"browserSmoke":{"elapsedMs":4744,"consumer":"engine-adapter","stage":"sqlite-open","state":"completed","durationMs":59}}
{"browserSmoke":{"elapsedMs":4744,"consumer":"engine-adapter","stage":"sqlite-write","state":"started"}}
{"browserSmoke":{"elapsedMs":4747,"consumer":"engine-adapter","stage":"sqlite-write","state":"completed","durationMs":2}}
{"browserSmoke":{"elapsedMs":4747,"consumer":"engine-adapter","stage":"sqlite-read","state":"started"}}
{"browserSmoke":{"elapsedMs":4749,"consumer":"engine-adapter","stage":"sqlite-read","state":"completed","durationMs":1}}
{"browserSmoke":{"elapsedMs":4749,"consumer":"engine-adapter","stage":"sqlite-close","state":"started"}}
{"browserSmoke":{"elapsedMs":4751,"consumer":"engine-adapter","stage":"sqlite-close","state":"completed","durationMs":1}}
{"browserSmoke":{"elapsedMs":4788,"consumer":"engine-adapter","stage":"browser","state":"disconnected","deadlineExceeded":false}}
{
  "outcome": "pass",
  "navigationTimeoutMsPerConsumer": 30000,
  "evaluationTimeoutMsPerConsumer": 120000,
  "isolation": "Fresh browser process and disposable profile per consumer",
  "consumers": [
    {
      "consumer": "shared-library",
      "outcome": "pass",
      "browser": "152.0.7977.84",
      "evaluationMs": 1170,
      "crs": "verified and initialized through shared-library",
      "bn254Inputs": [
        {
          "bytes": 75497472,
          "numPoints": 1179648
        }
      ],
      "legacyBuffer": "01",
      "exports": 70,
      "crossOriginIsolated": true,
      "poseidon": "0x038682aa1cb5ae4e0a3f13da432a95c77c5c111f6f030faf9cad641ce1ed7383",
      "sqlite": "value",
      "workers": "initialized and destroyed"
    },
    {
      "consumer": "engine-adapter",
      "outcome": "pass",
      "browser": "152.0.7977.84",
      "evaluationMs": 1025,
      "crs": "verified and initialized through engine-adapter",
      "bn254Inputs": [
        {
          "bytes": 75497472,
          "numPoints": 1179648
        }
      ],
      "legacyBuffer": "01",
      "exports": 70,
      "crossOriginIsolated": true,
      "poseidon": "0x038682aa1cb5ae4e0a3f13da432a95c77c5c111f6f030faf9cad641ce1ed7383",
      "sqlite": "value",
      "workers": "initialized and destroyed"
    }
  ],
  "sourceHashes": {
    ".build/sdk/aztec_bundle.js": "5f4b360ff3bbbef4707ea67f435e35487b7356f15833c6260e38b30a18a7da41",
    "scripts/test-sdk-browser.mjs": "ae0a5de7e8ab542e9f37e46b4cee5670f2c083b4552c8925ccb1daeb34c6e0e3",
    "crs-manifest.json": "4927de3e03d69f4e640a841f9421dd0b93819b5e3d42c142d12ee079d5a402be",
    "shared/crs-client.js": "d2f05e23a00be052861eab920d8e1673767028256fceb825d1c7ee70b91e193a",
    "shared/aztec-lib.js": "48709adc526606a4388e9a00f6384275cd711c1e61e9e0bb170bfacbdb64b83d",
    "shared/app-env.js": "f8c49f34eff4d9ace2558315361240eadee1a270ce8865b85de182db7afbf345"
  },
  "stages": [
    {
      "elapsedMs": 4,
      "stage": "http-server",
      "state": "listening"
    },
    {
      "elapsedMs": 4,
      "consumer": "shared-library",
      "stage": "browser-launch",
      "state": "started"
    },
    {
      "elapsedMs": 505,
      "consumer": "shared-library",
      "stage": "browser-launch",
      "state": "completed"
    },
    {
      "elapsedMs": 506,
      "consumer": "shared-library",
      "stage": "page-create",
      "state": "started"
    },
    {
      "elapsedMs": 710,
      "consumer": "shared-library",
      "stage": "page-create",
      "state": "completed"
    },
    {
      "elapsedMs": 711,
      "consumer": "shared-library",
      "stage": "expose-function",
      "state": "started"
    },
    {
      "elapsedMs": 737,
      "consumer": "shared-library",
      "stage": "expose-function",
      "state": "completed"
    },
    {
      "elapsedMs": 737,
      "consumer": "shared-library",
      "stage": "install-readiness-markers",
      "state": "started"
    },
    {
      "elapsedMs": 738,
      "consumer": "shared-library",
      "stage": "install-readiness-markers",
      "state": "completed"
    },
    {
      "elapsedMs": 738,
      "consumer": "shared-library",
      "stage": "navigation",
      "state": "started"
    },
    {
      "elapsedMs": 742,
      "consumer": "shared-library",
      "stage": "http",
      "requestId": 1,
      "path": "/",
      "state": "request-received"
    },
    {
      "elapsedMs": 744,
      "consumer": "shared-library",
      "stage": "http",
      "requestId": 1,
      "path": "/",
      "state": "response-finished",
      "status": 200,
      "bodyBytes": 3384,
      "durationMs": 2
    },
    {
      "elapsedMs": 745,
      "consumer": "shared-library",
      "stage": "browser-request",
      "state": "started",
      "path": "/"
    },
    {
      "elapsedMs": 747,
      "consumer": "shared-library",
      "stage": "browser-response",
      "state": "headers",
      "path": "/",
      "status": 200
    },
    {
      "elapsedMs": 754,
      "consumer": "shared-library",
      "stage": "http",
      "requestId": 2,
      "path": "/aztec_bundle.js",
      "state": "request-received"
    },
    {
      "elapsedMs": 754,
      "consumer": "shared-library",
      "stage": "http",
      "requestId": 3,
      "path": "/crs-client.js",
      "state": "request-received"
    },
    {
      "elapsedMs": 755,
      "consumer": "shared-library",
      "stage": "http",
      "requestId": 4,
      "path": "/aztec-lib.js",
      "state": "request-received"
    },
    {
      "elapsedMs": 755,
      "consumer": "shared-library",
      "stage": "browser-request",
      "state": "started",
      "path": "/aztec_bundle.js"
    },
    {
      "elapsedMs": 755,
      "consumer": "shared-library",
      "stage": "browser-request",
      "state": "started",
      "path": "/crs-client.js"
    },
    {
      "elapsedMs": 755,
      "consumer": "shared-library",
      "stage": "browser-request",
      "state": "started",
      "path": "/aztec-lib.js"
    },
    {
      "elapsedMs": 756,
      "consumer": "shared-library",
      "stage": "browser-request",
      "state": "started",
      "path": "/app-env.js"
    },
    {
      "elapsedMs": 756,
      "consumer": "shared-library",
      "stage": "http",
      "requestId": 5,
      "path": "/app-env.js",
      "state": "request-received"
    },
    {
      "elapsedMs": 758,
      "consumer": "shared-library",
      "stage": "script.sdk",
      "state": "before-script",
      "browserElapsedMs": 13
    },
    {
      "elapsedMs": 759,
      "consumer": "shared-library",
      "stage": "browser-request",
      "state": "finished",
      "path": "/"
    },
    {
      "elapsedMs": 759,
      "consumer": "shared-library",
      "stage": "http",
      "requestId": 3,
      "path": "/crs-client.js",
      "state": "file-read-completed",
      "bodyBytes": 7428,
      "durationMs": 4
    },
    {
      "elapsedMs": 759,
      "consumer": "shared-library",
      "stage": "http",
      "requestId": 3,
      "path": "/crs-client.js",
      "state": "response-finished",
      "status": 200,
      "bodyBytes": 7428,
      "durationMs": 5
    },
    {
      "elapsedMs": 760,
      "consumer": "shared-library",
      "stage": "http",
      "requestId": 4,
      "path": "/aztec-lib.js",
      "state": "file-read-completed",
      "bodyBytes": 38208,
      "durationMs": 5
    },
    {
      "elapsedMs": 760,
      "consumer": "shared-library",
      "stage": "http",
      "requestId": 4,
      "path": "/aztec-lib.js",
      "state": "response-finished",
      "status": 200,
      "bodyBytes": 38208,
      "durationMs": 5
    },
    {
      "elapsedMs": 761,
      "consumer": "shared-library",
      "stage": "http",
      "requestId": 5,
      "path": "/app-env.js",
      "state": "file-read-completed",
      "bodyBytes": 6553,
      "durationMs": 5
    },
    {
      "elapsedMs": 761,
      "consumer": "shared-library",
      "stage": "http",
      "requestId": 5,
      "path": "/app-env.js",
      "state": "response-finished",
      "status": 200,
      "bodyBytes": 6553,
      "durationMs": 5
    },
    {
      "elapsedMs": 762,
      "consumer": "shared-library",
      "stage": "browser-response",
      "state": "headers",
      "path": "/crs-client.js",
      "status": 200
    },
    {
      "elapsedMs": 762,
      "consumer": "shared-library",
      "stage": "browser-request",
      "state": "finished",
      "path": "/crs-client.js"
    },
    {
      "elapsedMs": 762,
      "consumer": "shared-library",
      "stage": "browser-response",
      "state": "headers",
      "path": "/aztec-lib.js",
      "status": 200
    },
    {
      "elapsedMs": 762,
      "consumer": "shared-library",
      "stage": "browser-request",
      "state": "finished",
      "path": "/aztec-lib.js"
    },
    {
      "elapsedMs": 762,
      "consumer": "shared-library",
      "stage": "browser-response",
      "state": "headers",
      "path": "/app-env.js",
      "status": 200
    },
    {
      "elapsedMs": 762,
      "consumer": "shared-library",
      "stage": "browser-request",
      "state": "finished",
      "path": "/app-env.js"
    },
    {
      "elapsedMs": 771,
      "consumer": "shared-library",
      "stage": "http",
      "requestId": 2,
      "path": "/aztec_bundle.js",
      "state": "file-read-completed",
      "bodyBytes": 50130889,
      "durationMs": 17
    },
    {
      "elapsedMs": 884,
      "consumer": "shared-library",
      "stage": "http",
      "requestId": 2,
      "path": "/aztec_bundle.js",
      "state": "response-finished",
      "status": 200,
      "bodyBytes": 50130889,
      "durationMs": 130
    },
    {
      "elapsedMs": 968,
      "consumer": "shared-library",
      "stage": "browser-response",
      "state": "headers",
      "path": "/aztec_bundle.js",
      "status": 200
    },
    {
      "elapsedMs": 968,
      "consumer": "shared-library",
      "stage": "browser-request",
      "state": "finished",
      "path": "/aztec_bundle.js"
    },
    {
      "elapsedMs": 1272,
      "consumer": "shared-library",
      "stage": "script.sdk",
      "state": "script-load",
      "browserElapsedMs": 531
    },
    {
      "elapsedMs": 1273,
      "consumer": "shared-library",
      "stage": "script.sdk",
      "state": "after-script",
      "browserElapsedMs": 531
    },
    {
      "elapsedMs": 1273,
      "consumer": "shared-library",
      "stage": "script.crs-client",
      "state": "before-script",
      "browserElapsedMs": 532
    },
    {
      "elapsedMs": 1274,
      "consumer": "shared-library",
      "stage": "script.crs-client",
      "state": "script-load",
      "browserElapsedMs": 532
    },
    {
      "elapsedMs": 1274,
      "consumer": "shared-library",
      "stage": "script.crs-client",
      "state": "after-script",
      "browserElapsedMs": 532
    },
    {
      "elapsedMs": 1275,
      "consumer": "shared-library",
      "stage": "script.shared-library",
      "state": "before-script",
      "browserElapsedMs": 532
    },
    {
      "elapsedMs": 1275,
      "consumer": "shared-library",
      "stage": "script.shared-library",
      "state": "script-load",
      "browserElapsedMs": 532
    },
    {
      "elapsedMs": 1275,
      "consumer": "shared-library",
      "stage": "script.shared-library",
      "state": "after-script",
      "browserElapsedMs": 532
    },
    {
      "elapsedMs": 1275,
      "consumer": "shared-library",
      "stage": "script.engine-adapter",
      "state": "before-script",
      "browserElapsedMs": 532
    },
    {
      "elapsedMs": 1275,
      "consumer": "shared-library",
      "stage": "script.engine-adapter",
      "state": "script-load",
      "browserElapsedMs": 532
    },
    {
      "elapsedMs": 1275,
      "consumer": "shared-library",
      "stage": "script.engine-adapter",
      "state": "after-script",
      "browserElapsedMs": 532
    },
    {
      "elapsedMs": 1276,
      "consumer": "shared-library",
      "stage": "http",
      "requestId": 6,
      "path": "/favicon.ico",
      "state": "request-received"
    },
    {
      "elapsedMs": 1277,
      "consumer": "shared-library",
      "stage": "script.document",
      "state": "dom-content-loaded",
      "browserElapsedMs": 533
    },
    {
      "elapsedMs": 1277,
      "consumer": "shared-library",
      "stage": "script.document",
      "state": "load",
      "browserElapsedMs": 533
    },
    {
      "elapsedMs": 1277,
      "consumer": "shared-library",
      "stage": "navigation",
      "state": "completed"
    },
    {
      "elapsedMs": 1277,
      "consumer": "shared-library",
      "stage": "http",
      "requestId": 6,
      "path": "/favicon.ico",
      "state": "file-read-failed"
    },
    {
      "elapsedMs": 1277,
      "consumer": "shared-library",
      "stage": "http",
      "requestId": 6,
      "path": "/favicon.ico",
      "state": "response-finished",
      "status": 404,
      "bodyBytes": 9,
      "durationMs": 2
    },
    {
      "elapsedMs": 1278,
      "consumer": "shared-library",
      "stage": "sync-prover-init",
      "state": "started"
    },
    {
      "elapsedMs": 1488,
      "consumer": "shared-library",
      "stage": "sync-prover-init",
      "state": "completed",
      "durationMs": 209
    },
    {
      "elapsedMs": 1489,
      "consumer": "shared-library",
      "stage": "shared-crs-adapter",
      "state": "started"
    },
    {
      "elapsedMs": 1491,
      "consumer": "shared-library",
      "stage": "crs-1.load.g1_uncompressed.dat",
      "state": "started"
    },
    {
      "elapsedMs": 1493,
      "consumer": "shared-library",
      "stage": "browser-request",
      "state": "started",
      "path": "/crs/g1_uncompressed.dat"
    },
    {
      "elapsedMs": 1493,
      "consumer": "shared-library",
      "stage": "http",
      "requestId": 7,
      "path": "/crs/g1_uncompressed.dat",
      "state": "request-received"
    },
    {
      "elapsedMs": 1560,
      "consumer": "shared-library",
      "stage": "http",
      "requestId": 7,
      "path": "/crs/g1_uncompressed.dat",
      "state": "file-read-completed",
      "bodyBytes": 75497472,
      "durationMs": 67
    },
    {
      "elapsedMs": 1563,
      "consumer": "shared-library",
      "stage": "browser-response",
      "state": "headers",
      "path": "/crs/g1_uncompressed.dat",
      "status": 200
    },
    {
      "elapsedMs": 1612,
      "consumer": "shared-library",
      "stage": "http",
      "requestId": 7,
      "path": "/crs/g1_uncompressed.dat",
      "state": "response-finished",
      "status": 200,
      "bodyBytes": 75497472,
      "durationMs": 119
    },
    {
      "elapsedMs": 1624,
      "consumer": "shared-library",
      "stage": "browser-request",
      "state": "finished",
      "path": "/crs/g1_uncompressed.dat"
    },
    {
      "elapsedMs": 1624,
      "consumer": "shared-library",
      "stage": "crs-1.load.g1_uncompressed.dat",
      "state": "completed",
      "durationMs": 133
    },
    {
      "elapsedMs": 1625,
      "consumer": "shared-library",
      "stage": "crs-1.sha256.75497472",
      "state": "started"
    },
    {
      "elapsedMs": 1690,
      "consumer": "shared-library",
      "stage": "crs-1.sha256.75497472",
      "state": "completed",
      "durationMs": 64
    },
    {
      "elapsedMs": 1691,
      "consumer": "shared-library",
      "stage": "crs-1.load.g2.dat",
      "state": "started"
    },
    {
      "elapsedMs": 1692,
      "consumer": "shared-library",
      "stage": "http",
      "requestId": 8,
      "path": "/crs/g2.dat",
      "state": "request-received"
    },
    {
      "elapsedMs": 1692,
      "consumer": "shared-library",
      "stage": "browser-request",
      "state": "started",
      "path": "/crs/g2.dat"
    },
    {
      "elapsedMs": 1692,
      "consumer": "shared-library",
      "stage": "http",
      "requestId": 8,
      "path": "/crs/g2.dat",
      "state": "file-read-completed",
      "bodyBytes": 128,
      "durationMs": 0
    },
    {
      "elapsedMs": 1692,
      "consumer": "shared-library",
      "stage": "http",
      "requestId": 8,
      "path": "/crs/g2.dat",
      "state": "response-finished",
      "status": 200,
      "bodyBytes": 128,
      "durationMs": 1
    },
    {
      "elapsedMs": 1693,
      "consumer": "shared-library",
      "stage": "browser-response",
      "state": "headers",
      "path": "/crs/g2.dat",
      "status": 200
    },
    {
      "elapsedMs": 1693,
      "consumer": "shared-library",
      "stage": "browser-request",
      "state": "finished",
      "path": "/crs/g2.dat"
    },
    {
      "elapsedMs": 1693,
      "consumer": "shared-library",
      "stage": "crs-1.load.g2.dat",
      "state": "completed",
      "durationMs": 2
    },
    {
      "elapsedMs": 1694,
      "consumer": "shared-library",
      "stage": "crs-1.sha256.128",
      "state": "started"
    },
    {
      "elapsedMs": 1695,
      "consumer": "shared-library",
      "stage": "crs-1.sha256.128",
      "state": "completed",
      "durationMs": 1
    },
    {
      "elapsedMs": 1695,
      "consumer": "shared-library",
      "stage": "crs-1.load.grumpkin_g1.dat",
      "state": "started"
    },
    {
      "elapsedMs": 1696,
      "consumer": "shared-library",
      "stage": "http",
      "requestId": 9,
      "path": "/crs/grumpkin_g1.dat",
      "state": "request-received"
    },
    {
      "elapsedMs": 1696,
      "consumer": "shared-library",
      "stage": "browser-request",
      "state": "started",
      "path": "/crs/grumpkin_g1.dat"
    },
    {
      "elapsedMs": 1697,
      "consumer": "shared-library",
      "stage": "http",
      "requestId": 9,
      "path": "/crs/grumpkin_g1.dat",
      "state": "file-read-completed",
      "bodyBytes": 4194368,
      "durationMs": 1
    },
    {
      "elapsedMs": 1698,
      "consumer": "shared-library",
      "stage": "http",
      "requestId": 9,
      "path": "/crs/grumpkin_g1.dat",
      "state": "response-finished",
      "status": 200,
      "bodyBytes": 4194368,
      "durationMs": 2
    },
    {
      "elapsedMs": 1698,
      "consumer": "shared-library",
      "stage": "browser-response",
      "state": "headers",
      "path": "/crs/grumpkin_g1.dat",
      "status": 200
    },
    {
      "elapsedMs": 1738,
      "consumer": "shared-library",
      "stage": "browser-request",
      "state": "finished",
      "path": "/crs/grumpkin_g1.dat"
    },
    {
      "elapsedMs": 1738,
      "consumer": "shared-library",
      "stage": "crs-1.load.grumpkin_g1.dat",
      "state": "completed",
      "durationMs": 43
    },
    {
      "elapsedMs": 1739,
      "consumer": "shared-library",
      "stage": "crs-1.sha256.4194368",
      "state": "started"
    },
    {
      "elapsedMs": 1743,
      "consumer": "shared-library",
      "stage": "crs-1.sha256.4194368",
      "state": "completed",
      "durationMs": 4
    },
    {
      "elapsedMs": 1743,
      "consumer": "shared-library",
      "stage": "crs-1.srsInitSrs",
      "state": "started"
    },
    {
      "elapsedMs": 2142,
      "consumer": "shared-library",
      "stage": "crs-1.srsInitSrs",
      "state": "completed",
      "durationMs": 398
    },
    {
      "elapsedMs": 2143,
      "consumer": "shared-library",
      "stage": "crs-1.srsInitGrumpkinSrs",
      "state": "started"
    },
    {
      "elapsedMs": 2161,
      "consumer": "shared-library",
      "stage": "crs-1.srsInitGrumpkinSrs",
      "state": "completed",
      "durationMs": 18
    },
    {
      "elapsedMs": 2166,
      "consumer": "shared-library",
      "stage": "shared-crs-adapter",
      "state": "completed",
      "durationMs": 677
    },
    {
      "elapsedMs": 2167,
      "consumer": "shared-library",
      "stage": "poseidon",
      "state": "started"
    },
    {
      "elapsedMs": 2169,
      "consumer": "shared-library",
      "stage": "poseidon",
      "state": "completed",
      "durationMs": 2
    },
    {
      "elapsedMs": 2169,
      "consumer": "shared-library",
      "stage": "async-prover-init",
      "state": "started"
    },
    {
      "elapsedMs": 2171,
      "consumer": "shared-library",
      "stage": "browser-request",
      "state": "started",
      "path": "/bb-main.worker.js"
    },
    {
      "elapsedMs": 2171,
      "consumer": "shared-library",
      "stage": "http",
      "requestId": 10,
      "path": "/bb-main.worker.js",
      "state": "request-received"
    },
    {
      "elapsedMs": 2171,
      "consumer": "shared-library",
      "stage": "http",
      "requestId": 10,
      "path": "/bb-main.worker.js",
      "state": "file-read-completed",
      "bodyBytes": 22772,
      "durationMs": 0
    },
    {
      "elapsedMs": 2172,
      "consumer": "shared-library",
      "stage": "http",
      "requestId": 10,
      "path": "/bb-main.worker.js",
      "state": "response-finished",
      "status": 200,
      "bodyBytes": 22772,
      "durationMs": 0
    },
    {
      "elapsedMs": 2175,
      "consumer": "shared-library",
      "stage": "browser-response",
      "state": "headers",
      "path": "/bb-main.worker.js",
      "status": 200
    },
    {
      "elapsedMs": 2175,
      "consumer": "shared-library",
      "stage": "browser-request",
      "state": "finished",
      "path": "/bb-main.worker.js"
    },
    {
      "elapsedMs": 2340,
      "consumer": "shared-library",
      "stage": "browser-request",
      "state": "started",
      "path": "/bb-thread.worker.js"
    },
    {
      "elapsedMs": 2341,
      "consumer": "shared-library",
      "stage": "http",
      "requestId": 11,
      "path": "/bb-thread.worker.js",
      "state": "request-received"
    },
    {
      "elapsedMs": 2343,
      "consumer": "shared-library",
      "stage": "http",
      "requestId": 11,
      "path": "/bb-thread.worker.js",
      "state": "file-read-completed",
      "bodyBytes": 15377,
      "durationMs": 2
    },
    {
      "elapsedMs": 2343,
      "consumer": "shared-library",
      "stage": "http",
      "requestId": 11,
      "path": "/bb-thread.worker.js",
      "state": "response-finished",
      "status": 200,
      "bodyBytes": 15377,
      "durationMs": 2
    },
    {
      "elapsedMs": 2348,
      "consumer": "shared-library",
      "stage": "browser-response",
      "state": "headers",
      "path": "/bb-thread.worker.js",
      "status": 200
    },
    {
      "elapsedMs": 2348,
      "consumer": "shared-library",
      "stage": "browser-request",
      "state": "finished",
      "path": "/bb-thread.worker.js"
    },
    {
      "elapsedMs": 2352,
      "consumer": "shared-library",
      "stage": "async-prover-init",
      "state": "completed",
      "durationMs": 182
    },
    {
      "elapsedMs": 2353,
      "consumer": "shared-library",
      "stage": "async-prover-destroy",
      "state": "started"
    },
    {
      "elapsedMs": 2355,
      "consumer": "shared-library",
      "stage": "async-prover-destroy",
      "state": "completed",
      "durationMs": 1
    },
    {
      "elapsedMs": 2357,
      "consumer": "shared-library",
      "stage": "sqlite-open",
      "state": "started"
    },
    {
      "elapsedMs": 2359,
      "consumer": "shared-library",
      "stage": "browser-request",
      "state": "started",
      "path": "/sqlite.worker.js"
    },
    {
      "elapsedMs": 2359,
      "consumer": "shared-library",
      "stage": "http",
      "requestId": 12,
      "path": "/sqlite.worker.js",
      "state": "request-received"
    },
    {
      "elapsedMs": 2359,
      "consumer": "shared-library",
      "stage": "http",
      "requestId": 12,
      "path": "/sqlite.worker.js",
      "state": "file-read-completed",
      "bodyBytes": 476347,
      "durationMs": 1
    },
    {
      "elapsedMs": 2360,
      "consumer": "shared-library",
      "stage": "http",
      "requestId": 12,
      "path": "/sqlite.worker.js",
      "state": "response-finished",
      "status": 200,
      "bodyBytes": 476347,
      "durationMs": 1
    },
    {
      "elapsedMs": 2364,
      "consumer": "shared-library",
      "stage": "browser-response",
      "state": "headers",
      "path": "/sqlite.worker.js",
      "status": 200
    },
    {
      "elapsedMs": 2371,
      "consumer": "shared-library",
      "stage": "browser-request",
      "state": "finished",
      "path": "/sqlite.worker.js"
    },
    {
      "elapsedMs": 2379,
      "consumer": "shared-library",
      "stage": "http",
      "requestId": 13,
      "path": "/sqlite3.wasm",
      "state": "request-received"
    },
    {
      "elapsedMs": 2379,
      "consumer": "shared-library",
      "stage": "browser-request",
      "state": "started",
      "path": "/sqlite3.wasm"
    },
    {
      "elapsedMs": 2379,
      "consumer": "shared-library",
      "stage": "http",
      "requestId": 13,
      "path": "/sqlite3.wasm",
      "state": "file-read-completed",
      "bodyBytes": 1058719,
      "durationMs": 1
    },
    {
      "elapsedMs": 2380,
      "consumer": "shared-library",
      "stage": "http",
      "requestId": 13,
      "path": "/sqlite3.wasm",
      "state": "response-finished",
      "status": 200,
      "bodyBytes": 1058719,
      "durationMs": 1
    },
    {
      "elapsedMs": 2381,
      "consumer": "shared-library",
      "stage": "browser-response",
      "state": "headers",
      "path": "/sqlite3.wasm",
      "status": 200
    },
    {
      "elapsedMs": 2401,
      "consumer": "shared-library",
      "stage": "http",
      "requestId": 14,
      "path": "/sqlite3-opfs-async-proxy.js",
      "state": "request-received"
    },
    {
      "elapsedMs": 2401,
      "consumer": "shared-library",
      "stage": "browser-request",
      "state": "started",
      "path": "/sqlite3-opfs-async-proxy.js"
    },
    {
      "elapsedMs": 2401,
      "consumer": "shared-library",
      "stage": "browser-request",
      "state": "finished",
      "path": "/sqlite3.wasm"
    },
    {
      "elapsedMs": 2402,
      "consumer": "shared-library",
      "stage": "http",
      "requestId": 14,
      "path": "/sqlite3-opfs-async-proxy.js",
      "state": "file-read-completed",
      "bodyBytes": 24541,
      "durationMs": 1
    },
    {
      "elapsedMs": 2402,
      "consumer": "shared-library",
      "stage": "http",
      "requestId": 14,
      "path": "/sqlite3-opfs-async-proxy.js",
      "state": "response-finished",
      "status": 200,
      "bodyBytes": 24541,
      "durationMs": 1
    },
    {
      "elapsedMs": 2405,
      "consumer": "shared-library",
      "stage": "browser-response",
      "state": "headers",
      "path": "/sqlite3-opfs-async-proxy.js",
      "status": 200
    },
    {
      "elapsedMs": 2407,
      "consumer": "shared-library",
      "stage": "browser-request",
      "state": "finished",
      "path": "/sqlite3-opfs-async-proxy.js"
    },
    {
      "elapsedMs": 2413,
      "consumer": "shared-library",
      "stage": "browser-request",
      "state": "started",
      "path": "/sqlite3-opfs-async-proxy.js"
    },
    {
      "elapsedMs": 2413,
      "consumer": "shared-library",
      "stage": "http",
      "requestId": 15,
      "path": "/sqlite3-opfs-async-proxy.js",
      "state": "request-received"
    },
    {
      "elapsedMs": 2414,
      "consumer": "shared-library",
      "stage": "http",
      "requestId": 15,
      "path": "/sqlite3-opfs-async-proxy.js",
      "state": "file-read-completed",
      "bodyBytes": 24541,
      "durationMs": 0
    },
    {
      "elapsedMs": 2414,
      "consumer": "shared-library",
      "stage": "http",
      "requestId": 15,
      "path": "/sqlite3-opfs-async-proxy.js",
      "state": "response-finished",
      "status": 200,
      "bodyBytes": 24541,
      "durationMs": 1
    },
    {
      "elapsedMs": 2417,
      "consumer": "shared-library",
      "stage": "browser-response",
      "state": "headers",
      "path": "/sqlite3-opfs-async-proxy.js",
      "status": 200
    },
    {
      "elapsedMs": 2418,
      "consumer": "shared-library",
      "stage": "browser-request",
      "state": "finished",
      "path": "/sqlite3-opfs-async-proxy.js"
    },
    {
      "elapsedMs": 2432,
      "consumer": "shared-library",
      "stage": "sqlite-open",
      "state": "completed",
      "durationMs": 75
    },
    {
      "elapsedMs": 2433,
      "consumer": "shared-library",
      "stage": "sqlite-write",
      "state": "started"
    },
    {
      "elapsedMs": 2436,
      "consumer": "shared-library",
      "stage": "sqlite-write",
      "state": "completed",
      "durationMs": 3
    },
    {
      "elapsedMs": 2437,
      "consumer": "shared-library",
      "stage": "sqlite-read",
      "state": "started"
    },
    {
      "elapsedMs": 2439,
      "consumer": "shared-library",
      "stage": "sqlite-read",
      "state": "completed",
      "durationMs": 2
    },
    {
      "elapsedMs": 2441,
      "consumer": "shared-library",
      "stage": "sqlite-close",
      "state": "started"
    },
    {
      "elapsedMs": 2443,
      "consumer": "shared-library",
      "stage": "sqlite-close",
      "state": "completed",
      "durationMs": 3
    },
    {
      "elapsedMs": 2491,
      "consumer": "shared-library",
      "stage": "browser",
      "state": "disconnected",
      "deadlineExceeded": false
    },
    {
      "elapsedMs": 2543,
      "consumer": "engine-adapter",
      "stage": "browser-launch",
      "state": "started"
    },
    {
      "elapsedMs": 2909,
      "consumer": "engine-adapter",
      "stage": "browser-launch",
      "state": "completed"
    },
    {
      "elapsedMs": 2910,
      "consumer": "engine-adapter",
      "stage": "page-create",
      "state": "started"
    },
    {
      "elapsedMs": 3161,
      "consumer": "engine-adapter",
      "stage": "page-create",
      "state": "completed"
    },
    {
      "elapsedMs": 3161,
      "consumer": "engine-adapter",
      "stage": "expose-function",
      "state": "started"
    },
    {
      "elapsedMs": 3174,
      "consumer": "engine-adapter",
      "stage": "expose-function",
      "state": "completed"
    },
    {
      "elapsedMs": 3174,
      "consumer": "engine-adapter",
      "stage": "install-readiness-markers",
      "state": "started"
    },
    {
      "elapsedMs": 3175,
      "consumer": "engine-adapter",
      "stage": "install-readiness-markers",
      "state": "completed"
    },
    {
      "elapsedMs": 3175,
      "consumer": "engine-adapter",
      "stage": "navigation",
      "state": "started"
    },
    {
      "elapsedMs": 3177,
      "consumer": "engine-adapter",
      "stage": "browser-request",
      "state": "started",
      "path": "/"
    },
    {
      "elapsedMs": 3177,
      "consumer": "engine-adapter",
      "stage": "http",
      "requestId": 16,
      "path": "/",
      "state": "request-received"
    },
    {
      "elapsedMs": 3177,
      "consumer": "engine-adapter",
      "stage": "http",
      "requestId": 16,
      "path": "/",
      "state": "response-finished",
      "status": 200,
      "bodyBytes": 3384,
      "durationMs": 0
    },
    {
      "elapsedMs": 3180,
      "consumer": "engine-adapter",
      "stage": "browser-response",
      "state": "headers",
      "path": "/",
      "status": 200
    },
    {
      "elapsedMs": 3187,
      "consumer": "engine-adapter",
      "stage": "http",
      "requestId": 17,
      "path": "/aztec_bundle.js",
      "state": "request-received"
    },
    {
      "elapsedMs": 3187,
      "consumer": "engine-adapter",
      "stage": "http",
      "requestId": 18,
      "path": "/crs-client.js",
      "state": "request-received"
    },
    {
      "elapsedMs": 3188,
      "consumer": "engine-adapter",
      "stage": "http",
      "requestId": 19,
      "path": "/aztec-lib.js",
      "state": "request-received"
    },
    {
      "elapsedMs": 3189,
      "consumer": "engine-adapter",
      "stage": "http",
      "requestId": 20,
      "path": "/app-env.js",
      "state": "request-received"
    },
    {
      "elapsedMs": 3190,
      "consumer": "engine-adapter",
      "stage": "browser-request",
      "state": "started",
      "path": "/aztec_bundle.js"
    },
    {
      "elapsedMs": 3191,
      "consumer": "engine-adapter",
      "stage": "http",
      "requestId": 18,
      "path": "/crs-client.js",
      "state": "file-read-completed",
      "bodyBytes": 7428,
      "durationMs": 3
    },
    {
      "elapsedMs": 3191,
      "consumer": "engine-adapter",
      "stage": "http",
      "requestId": 18,
      "path": "/crs-client.js",
      "state": "response-finished",
      "status": 200,
      "bodyBytes": 7428,
      "durationMs": 4
    },
    {
      "elapsedMs": 3192,
      "consumer": "engine-adapter",
      "stage": "http",
      "requestId": 19,
      "path": "/aztec-lib.js",
      "state": "file-read-completed",
      "bodyBytes": 38208,
      "durationMs": 4
    },
    {
      "elapsedMs": 3193,
      "consumer": "engine-adapter",
      "stage": "http",
      "requestId": 19,
      "path": "/aztec-lib.js",
      "state": "response-finished",
      "status": 200,
      "bodyBytes": 38208,
      "durationMs": 5
    },
    {
      "elapsedMs": 3193,
      "consumer": "engine-adapter",
      "stage": "browser-request",
      "state": "started",
      "path": "/crs-client.js"
    },
    {
      "elapsedMs": 3193,
      "consumer": "engine-adapter",
      "stage": "browser-request",
      "state": "started",
      "path": "/aztec-lib.js"
    },
    {
      "elapsedMs": 3193,
      "consumer": "engine-adapter",
      "stage": "browser-request",
      "state": "started",
      "path": "/app-env.js"
    },
    {
      "elapsedMs": 3194,
      "consumer": "engine-adapter",
      "stage": "http",
      "requestId": 20,
      "path": "/app-env.js",
      "state": "file-read-completed",
      "bodyBytes": 6553,
      "durationMs": 5
    },
    {
      "elapsedMs": 3194,
      "consumer": "engine-adapter",
      "stage": "http",
      "requestId": 20,
      "path": "/app-env.js",
      "state": "response-finished",
      "status": 200,
      "bodyBytes": 6553,
      "durationMs": 5
    },
    {
      "elapsedMs": 3195,
      "consumer": "engine-adapter",
      "stage": "script.sdk",
      "state": "before-script",
      "browserElapsedMs": 11
    },
    {
      "elapsedMs": 3195,
      "consumer": "engine-adapter",
      "stage": "browser-request",
      "state": "finished",
      "path": "/"
    },
    {
      "elapsedMs": 3195,
      "consumer": "engine-adapter",
      "stage": "browser-response",
      "state": "headers",
      "path": "/crs-client.js",
      "status": 200
    },
    {
      "elapsedMs": 3195,
      "consumer": "engine-adapter",
      "stage": "browser-request",
      "state": "finished",
      "path": "/crs-client.js"
    },
    {
      "elapsedMs": 3196,
      "consumer": "engine-adapter",
      "stage": "browser-response",
      "state": "headers",
      "path": "/aztec-lib.js",
      "status": 200
    },
    {
      "elapsedMs": 3196,
      "consumer": "engine-adapter",
      "stage": "browser-request",
      "state": "finished",
      "path": "/aztec-lib.js"
    },
    {
      "elapsedMs": 3197,
      "consumer": "engine-adapter",
      "stage": "browser-response",
      "state": "headers",
      "path": "/app-env.js",
      "status": 200
    },
    {
      "elapsedMs": 3197,
      "consumer": "engine-adapter",
      "stage": "browser-request",
      "state": "finished",
      "path": "/app-env.js"
    },
    {
      "elapsedMs": 3209,
      "consumer": "engine-adapter",
      "stage": "http",
      "requestId": 17,
      "path": "/aztec_bundle.js",
      "state": "file-read-completed",
      "bodyBytes": 50130889,
      "durationMs": 22
    },
    {
      "elapsedMs": 3348,
      "consumer": "engine-adapter",
      "stage": "http",
      "requestId": 17,
      "path": "/aztec_bundle.js",
      "state": "response-finished",
      "status": 200,
      "bodyBytes": 50130889,
      "durationMs": 161
    },
    {
      "elapsedMs": 3421,
      "consumer": "engine-adapter",
      "stage": "browser-response",
      "state": "headers",
      "path": "/aztec_bundle.js",
      "status": 200
    },
    {
      "elapsedMs": 3421,
      "consumer": "engine-adapter",
      "stage": "browser-request",
      "state": "finished",
      "path": "/aztec_bundle.js"
    },
    {
      "elapsedMs": 3724,
      "consumer": "engine-adapter",
      "stage": "script.sdk",
      "state": "script-load",
      "browserElapsedMs": 547
    },
    {
      "elapsedMs": 3725,
      "consumer": "engine-adapter",
      "stage": "script.sdk",
      "state": "after-script",
      "browserElapsedMs": 548
    },
    {
      "elapsedMs": 3725,
      "consumer": "engine-adapter",
      "stage": "script.crs-client",
      "state": "before-script",
      "browserElapsedMs": 548
    },
    {
      "elapsedMs": 3725,
      "consumer": "engine-adapter",
      "stage": "script.crs-client",
      "state": "script-load",
      "browserElapsedMs": 548
    },
    {
      "elapsedMs": 3725,
      "consumer": "engine-adapter",
      "stage": "script.crs-client",
      "state": "after-script",
      "browserElapsedMs": 548
    },
    {
      "elapsedMs": 3725,
      "consumer": "engine-adapter",
      "stage": "script.shared-library",
      "state": "before-script",
      "browserElapsedMs": 548
    },
    {
      "elapsedMs": 3725,
      "consumer": "engine-adapter",
      "stage": "script.shared-library",
      "state": "script-load",
      "browserElapsedMs": 548
    },
    {
      "elapsedMs": 3726,
      "consumer": "engine-adapter",
      "stage": "script.shared-library",
      "state": "after-script",
      "browserElapsedMs": 548
    },
    {
      "elapsedMs": 3726,
      "consumer": "engine-adapter",
      "stage": "script.engine-adapter",
      "state": "before-script",
      "browserElapsedMs": 548
    },
    {
      "elapsedMs": 3726,
      "consumer": "engine-adapter",
      "stage": "script.engine-adapter",
      "state": "script-load",
      "browserElapsedMs": 548
    },
    {
      "elapsedMs": 3726,
      "consumer": "engine-adapter",
      "stage": "script.engine-adapter",
      "state": "after-script",
      "browserElapsedMs": 548
    },
    {
      "elapsedMs": 3727,
      "consumer": "engine-adapter",
      "stage": "script.document",
      "state": "dom-content-loaded",
      "browserElapsedMs": 550
    },
    {
      "elapsedMs": 3727,
      "consumer": "engine-adapter",
      "stage": "script.document",
      "state": "load",
      "browserElapsedMs": 550
    },
    {
      "elapsedMs": 3727,
      "consumer": "engine-adapter",
      "stage": "navigation",
      "state": "completed"
    },
    {
      "elapsedMs": 3728,
      "consumer": "engine-adapter",
      "stage": "http",
      "requestId": 21,
      "path": "/favicon.ico",
      "state": "request-received"
    },
    {
      "elapsedMs": 3728,
      "consumer": "engine-adapter",
      "stage": "http",
      "requestId": 21,
      "path": "/favicon.ico",
      "state": "file-read-failed"
    },
    {
      "elapsedMs": 3728,
      "consumer": "engine-adapter",
      "stage": "http",
      "requestId": 21,
      "path": "/favicon.ico",
      "state": "response-finished",
      "status": 404,
      "bodyBytes": 9,
      "durationMs": 0
    },
    {
      "elapsedMs": 3728,
      "consumer": "engine-adapter",
      "stage": "sync-prover-init",
      "state": "started"
    },
    {
      "elapsedMs": 3915,
      "consumer": "engine-adapter",
      "stage": "sync-prover-init",
      "state": "completed",
      "durationMs": 186
    },
    {
      "elapsedMs": 3915,
      "consumer": "engine-adapter",
      "stage": "engine-crs-adapter",
      "state": "started"
    },
    {
      "elapsedMs": 3917,
      "consumer": "engine-adapter",
      "stage": "crs-1.load.g1_uncompressed.dat",
      "state": "started"
    },
    {
      "elapsedMs": 3918,
      "consumer": "engine-adapter",
      "stage": "http",
      "requestId": 22,
      "path": "/crs/g1_uncompressed.dat",
      "state": "request-received"
    },
    {
      "elapsedMs": 3918,
      "consumer": "engine-adapter",
      "stage": "browser-request",
      "state": "started",
      "path": "/crs/g1_uncompressed.dat"
    },
    {
      "elapsedMs": 3929,
      "consumer": "engine-adapter",
      "stage": "http",
      "requestId": 22,
      "path": "/crs/g1_uncompressed.dat",
      "state": "file-read-completed",
      "bodyBytes": 75497472,
      "durationMs": 11
    },
    {
      "elapsedMs": 3931,
      "consumer": "engine-adapter",
      "stage": "browser-response",
      "state": "headers",
      "path": "/crs/g1_uncompressed.dat",
      "status": 200
    },
    {
      "elapsedMs": 3964,
      "consumer": "engine-adapter",
      "stage": "http",
      "requestId": 22,
      "path": "/crs/g1_uncompressed.dat",
      "state": "response-finished",
      "status": 200,
      "bodyBytes": 75497472,
      "durationMs": 46
    },
    {
      "elapsedMs": 3971,
      "consumer": "engine-adapter",
      "stage": "browser-request",
      "state": "finished",
      "path": "/crs/g1_uncompressed.dat"
    },
    {
      "elapsedMs": 3972,
      "consumer": "engine-adapter",
      "stage": "crs-1.load.g1_uncompressed.dat",
      "state": "completed",
      "durationMs": 55
    },
    {
      "elapsedMs": 3972,
      "consumer": "engine-adapter",
      "stage": "crs-1.sha256.75497472",
      "state": "started"
    },
    {
      "elapsedMs": 4030,
      "consumer": "engine-adapter",
      "stage": "crs-1.sha256.75497472",
      "state": "completed",
      "durationMs": 58
    },
    {
      "elapsedMs": 4031,
      "consumer": "engine-adapter",
      "stage": "crs-1.load.g2.dat",
      "state": "started"
    },
    {
      "elapsedMs": 4032,
      "consumer": "engine-adapter",
      "stage": "browser-request",
      "state": "started",
      "path": "/crs/g2.dat"
    },
    {
      "elapsedMs": 4032,
      "consumer": "engine-adapter",
      "stage": "http",
      "requestId": 23,
      "path": "/crs/g2.dat",
      "state": "request-received"
    },
    {
      "elapsedMs": 4032,
      "consumer": "engine-adapter",
      "stage": "http",
      "requestId": 23,
      "path": "/crs/g2.dat",
      "state": "file-read-completed",
      "bodyBytes": 128,
      "durationMs": 0
    },
    {
      "elapsedMs": 4033,
      "consumer": "engine-adapter",
      "stage": "http",
      "requestId": 23,
      "path": "/crs/g2.dat",
      "state": "response-finished",
      "status": 200,
      "bodyBytes": 128,
      "durationMs": 0
    },
    {
      "elapsedMs": 4033,
      "consumer": "engine-adapter",
      "stage": "browser-response",
      "state": "headers",
      "path": "/crs/g2.dat",
      "status": 200
    },
    {
      "elapsedMs": 4033,
      "consumer": "engine-adapter",
      "stage": "browser-request",
      "state": "finished",
      "path": "/crs/g2.dat"
    },
    {
      "elapsedMs": 4033,
      "consumer": "engine-adapter",
      "stage": "crs-1.load.g2.dat",
      "state": "completed",
      "durationMs": 2
    },
    {
      "elapsedMs": 4034,
      "consumer": "engine-adapter",
      "stage": "crs-1.sha256.128",
      "state": "started"
    },
    {
      "elapsedMs": 4034,
      "consumer": "engine-adapter",
      "stage": "crs-1.sha256.128",
      "state": "completed",
      "durationMs": 1
    },
    {
      "elapsedMs": 4035,
      "consumer": "engine-adapter",
      "stage": "crs-1.load.grumpkin_g1.dat",
      "state": "started"
    },
    {
      "elapsedMs": 4035,
      "consumer": "engine-adapter",
      "stage": "browser-request",
      "state": "started",
      "path": "/crs/grumpkin_g1.dat"
    },
    {
      "elapsedMs": 4035,
      "consumer": "engine-adapter",
      "stage": "http",
      "requestId": 24,
      "path": "/crs/grumpkin_g1.dat",
      "state": "request-received"
    },
    {
      "elapsedMs": 4037,
      "consumer": "engine-adapter",
      "stage": "http",
      "requestId": 24,
      "path": "/crs/grumpkin_g1.dat",
      "state": "file-read-completed",
      "bodyBytes": 4194368,
      "durationMs": 1
    },
    {
      "elapsedMs": 4038,
      "consumer": "engine-adapter",
      "stage": "http",
      "requestId": 24,
      "path": "/crs/grumpkin_g1.dat",
      "state": "response-finished",
      "status": 200,
      "bodyBytes": 4194368,
      "durationMs": 2
    },
    {
      "elapsedMs": 4038,
      "consumer": "engine-adapter",
      "stage": "browser-response",
      "state": "headers",
      "path": "/crs/grumpkin_g1.dat",
      "status": 200
    },
    {
      "elapsedMs": 4076,
      "consumer": "engine-adapter",
      "stage": "browser-request",
      "state": "finished",
      "path": "/crs/grumpkin_g1.dat"
    },
    {
      "elapsedMs": 4077,
      "consumer": "engine-adapter",
      "stage": "crs-1.load.grumpkin_g1.dat",
      "state": "completed",
      "durationMs": 41
    },
    {
      "elapsedMs": 4077,
      "consumer": "engine-adapter",
      "stage": "crs-1.sha256.4194368",
      "state": "started"
    },
    {
      "elapsedMs": 4080,
      "consumer": "engine-adapter",
      "stage": "crs-1.sha256.4194368",
      "state": "completed",
      "durationMs": 3
    },
    {
      "elapsedMs": 4081,
      "consumer": "engine-adapter",
      "stage": "crs-1.srsInitSrs",
      "state": "started"
    },
    {
      "elapsedMs": 4489,
      "consumer": "engine-adapter",
      "stage": "crs-1.srsInitSrs",
      "state": "completed",
      "durationMs": 406
    },
    {
      "elapsedMs": 4497,
      "consumer": "engine-adapter",
      "stage": "crs-1.srsInitGrumpkinSrs",
      "state": "started"
    },
    {
      "elapsedMs": 4515,
      "consumer": "engine-adapter",
      "stage": "crs-1.srsInitGrumpkinSrs",
      "state": "completed",
      "durationMs": 18
    },
    {
      "elapsedMs": 4520,
      "consumer": "engine-adapter",
      "stage": "engine-crs-adapter",
      "state": "completed",
      "durationMs": 605
    },
    {
      "elapsedMs": 4521,
      "consumer": "engine-adapter",
      "stage": "poseidon",
      "state": "started"
    },
    {
      "elapsedMs": 4522,
      "consumer": "engine-adapter",
      "stage": "poseidon",
      "state": "completed",
      "durationMs": 1
    },
    {
      "elapsedMs": 4523,
      "consumer": "engine-adapter",
      "stage": "async-prover-init",
      "state": "started"
    },
    {
      "elapsedMs": 4524,
      "consumer": "engine-adapter",
      "stage": "browser-request",
      "state": "started",
      "path": "/bb-main.worker.js"
    },
    {
      "elapsedMs": 4524,
      "consumer": "engine-adapter",
      "stage": "http",
      "requestId": 25,
      "path": "/bb-main.worker.js",
      "state": "request-received"
    },
    {
      "elapsedMs": 4525,
      "consumer": "engine-adapter",
      "stage": "http",
      "requestId": 25,
      "path": "/bb-main.worker.js",
      "state": "file-read-completed",
      "bodyBytes": 22772,
      "durationMs": 0
    },
    {
      "elapsedMs": 4525,
      "consumer": "engine-adapter",
      "stage": "http",
      "requestId": 25,
      "path": "/bb-main.worker.js",
      "state": "response-finished",
      "status": 200,
      "bodyBytes": 22772,
      "durationMs": 0
    },
    {
      "elapsedMs": 4527,
      "consumer": "engine-adapter",
      "stage": "browser-response",
      "state": "headers",
      "path": "/bb-main.worker.js",
      "status": 200
    },
    {
      "elapsedMs": 4528,
      "consumer": "engine-adapter",
      "stage": "browser-request",
      "state": "finished",
      "path": "/bb-main.worker.js"
    },
    {
      "elapsedMs": 4678,
      "consumer": "engine-adapter",
      "stage": "browser-request",
      "state": "started",
      "path": "/bb-thread.worker.js"
    },
    {
      "elapsedMs": 4678,
      "consumer": "engine-adapter",
      "stage": "http",
      "requestId": 26,
      "path": "/bb-thread.worker.js",
      "state": "request-received"
    },
    {
      "elapsedMs": 4678,
      "consumer": "engine-adapter",
      "stage": "http",
      "requestId": 26,
      "path": "/bb-thread.worker.js",
      "state": "file-read-completed",
      "bodyBytes": 15377,
      "durationMs": 0
    },
    {
      "elapsedMs": 4679,
      "consumer": "engine-adapter",
      "stage": "http",
      "requestId": 26,
      "path": "/bb-thread.worker.js",
      "state": "response-finished",
      "status": 200,
      "bodyBytes": 15377,
      "durationMs": 0
    },
    {
      "elapsedMs": 4682,
      "consumer": "engine-adapter",
      "stage": "browser-response",
      "state": "headers",
      "path": "/bb-thread.worker.js",
      "status": 200
    },
    {
      "elapsedMs": 4682,
      "consumer": "engine-adapter",
      "stage": "browser-request",
      "state": "finished",
      "path": "/bb-thread.worker.js"
    },
    {
      "elapsedMs": 4683,
      "consumer": "engine-adapter",
      "stage": "async-prover-init",
      "state": "completed",
      "durationMs": 160
    },
    {
      "elapsedMs": 4683,
      "consumer": "engine-adapter",
      "stage": "async-prover-destroy",
      "state": "started"
    },
    {
      "elapsedMs": 4684,
      "consumer": "engine-adapter",
      "stage": "async-prover-destroy",
      "state": "completed",
      "durationMs": 1
    },
    {
      "elapsedMs": 4685,
      "consumer": "engine-adapter",
      "stage": "sqlite-open",
      "state": "started"
    },
    {
      "elapsedMs": 4687,
      "consumer": "engine-adapter",
      "stage": "browser-request",
      "state": "started",
      "path": "/sqlite.worker.js"
    },
    {
      "elapsedMs": 4687,
      "consumer": "engine-adapter",
      "stage": "http",
      "requestId": 27,
      "path": "/sqlite.worker.js",
      "state": "request-received"
    },
    {
      "elapsedMs": 4687,
      "consumer": "engine-adapter",
      "stage": "http",
      "requestId": 27,
      "path": "/sqlite.worker.js",
      "state": "file-read-completed",
      "bodyBytes": 476347,
      "durationMs": 1
    },
    {
      "elapsedMs": 4687,
      "consumer": "engine-adapter",
      "stage": "http",
      "requestId": 27,
      "path": "/sqlite.worker.js",
      "state": "response-finished",
      "status": 200,
      "bodyBytes": 476347,
      "durationMs": 1
    },
    {
      "elapsedMs": 4691,
      "consumer": "engine-adapter",
      "stage": "browser-response",
      "state": "headers",
      "path": "/sqlite.worker.js",
      "status": 200
    },
    {
      "elapsedMs": 4696,
      "consumer": "engine-adapter",
      "stage": "browser-request",
      "state": "finished",
      "path": "/sqlite.worker.js"
    },
    {
      "elapsedMs": 4703,
      "consumer": "engine-adapter",
      "stage": "http",
      "requestId": 28,
      "path": "/sqlite3.wasm",
      "state": "request-received"
    },
    {
      "elapsedMs": 4703,
      "consumer": "engine-adapter",
      "stage": "browser-request",
      "state": "started",
      "path": "/sqlite3.wasm"
    },
    {
      "elapsedMs": 4703,
      "consumer": "engine-adapter",
      "stage": "http",
      "requestId": 28,
      "path": "/sqlite3.wasm",
      "state": "file-read-completed",
      "bodyBytes": 1058719,
      "durationMs": 0
    },
    {
      "elapsedMs": 4703,
      "consumer": "engine-adapter",
      "stage": "http",
      "requestId": 28,
      "path": "/sqlite3.wasm",
      "state": "response-finished",
      "status": 200,
      "bodyBytes": 1058719,
      "durationMs": 1
    },
    {
      "elapsedMs": 4704,
      "consumer": "engine-adapter",
      "stage": "browser-response",
      "state": "headers",
      "path": "/sqlite3.wasm",
      "status": 200
    },
    {
      "elapsedMs": 4721,
      "consumer": "engine-adapter",
      "stage": "browser-request",
      "state": "started",
      "path": "/sqlite3-opfs-async-proxy.js"
    },
    {
      "elapsedMs": 4721,
      "consumer": "engine-adapter",
      "stage": "http",
      "requestId": 29,
      "path": "/sqlite3-opfs-async-proxy.js",
      "state": "request-received"
    },
    {
      "elapsedMs": 4721,
      "consumer": "engine-adapter",
      "stage": "browser-request",
      "state": "finished",
      "path": "/sqlite3.wasm"
    },
    {
      "elapsedMs": 4722,
      "consumer": "engine-adapter",
      "stage": "http",
      "requestId": 29,
      "path": "/sqlite3-opfs-async-proxy.js",
      "state": "file-read-completed",
      "bodyBytes": 24541,
      "durationMs": 0
    },
    {
      "elapsedMs": 4722,
      "consumer": "engine-adapter",
      "stage": "http",
      "requestId": 29,
      "path": "/sqlite3-opfs-async-proxy.js",
      "state": "response-finished",
      "status": 200,
      "bodyBytes": 24541,
      "durationMs": 0
    },
    {
      "elapsedMs": 4724,
      "consumer": "engine-adapter",
      "stage": "browser-response",
      "state": "headers",
      "path": "/sqlite3-opfs-async-proxy.js",
      "status": 200
    },
    {
      "elapsedMs": 4725,
      "consumer": "engine-adapter",
      "stage": "browser-request",
      "state": "finished",
      "path": "/sqlite3-opfs-async-proxy.js"
    },
    {
      "elapsedMs": 4728,
      "consumer": "engine-adapter",
      "stage": "browser-request",
      "state": "started",
      "path": "/sqlite3-opfs-async-proxy.js"
    },
    {
      "elapsedMs": 4728,
      "consumer": "engine-adapter",
      "stage": "http",
      "requestId": 30,
      "path": "/sqlite3-opfs-async-proxy.js",
      "state": "request-received"
    },
    {
      "elapsedMs": 4728,
      "consumer": "engine-adapter",
      "stage": "http",
      "requestId": 30,
      "path": "/sqlite3-opfs-async-proxy.js",
      "state": "file-read-completed",
      "bodyBytes": 24541,
      "durationMs": 0
    },
    {
      "elapsedMs": 4728,
      "consumer": "engine-adapter",
      "stage": "http",
      "requestId": 30,
      "path": "/sqlite3-opfs-async-proxy.js",
      "state": "response-finished",
      "status": 200,
      "bodyBytes": 24541,
      "durationMs": 0
    },
    {
      "elapsedMs": 4730,
      "consumer": "engine-adapter",
      "stage": "browser-response",
      "state": "headers",
      "path": "/sqlite3-opfs-async-proxy.js",
      "status": 200
    },
    {
      "elapsedMs": 4731,
      "consumer": "engine-adapter",
      "stage": "browser-request",
      "state": "finished",
      "path": "/sqlite3-opfs-async-proxy.js"
    },
    {
      "elapsedMs": 4744,
      "consumer": "engine-adapter",
      "stage": "sqlite-open",
      "state": "completed",
      "durationMs": 59
    },
    {
      "elapsedMs": 4744,
      "consumer": "engine-adapter",
      "stage": "sqlite-write",
      "state": "started"
    },
    {
      "elapsedMs": 4747,
      "consumer": "engine-adapter",
      "stage": "sqlite-write",
      "state": "completed",
      "durationMs": 2
    },
    {
      "elapsedMs": 4747,
      "consumer": "engine-adapter",
      "stage": "sqlite-read",
      "state": "started"
    },
    {
      "elapsedMs": 4749,
      "consumer": "engine-adapter",
      "stage": "sqlite-read",
      "state": "completed",
      "durationMs": 1
    },
    {
      "elapsedMs": 4749,
      "consumer": "engine-adapter",
      "stage": "sqlite-close",
      "state": "started"
    },
    {
      "elapsedMs": 4751,
      "consumer": "engine-adapter",
      "stage": "sqlite-close",
      "state": "completed",
      "durationMs": 1
    },
    {
      "elapsedMs": 4788,
      "consumer": "engine-adapter",
      "stage": "browser",
      "state": "disconnected",
      "deadlineExceeded": false
    }
  ]
}
