✔ workflow guard accepts unchanged output and ignores unrelated evidence (648.074167ms)
✔ workflow guard fails each overwritten committed output after a rebuild (916.758708ms)
✔ workflow guard rejects staged regeneration and removed consumers (161.703458ms)
✔ workflow guard rejects newly generated uncommitted application outputs (121.515958ms)
✔ matching synthetic artifacts and recorded sources pass (71.609458ms)
✔ stale deploy Noir copy is rejected (42.531042ms)
✔ stale censor Noir copy is rejected (25.455875ms)
✔ missing verification key is rejected even when all consumer copies agree (23.024416ms)
✔ empty private function set is rejected even when all consumer copies agree (25.907959ms)
✔ only public functions is rejected even when all consumer copies agree (22.933959ms)
✔ untranspiled artifact is rejected even when all consumer copies agree (23.432ms)
✔ truthy non-boolean transpilation marker is rejected even when all consumer copies agree (21.768ms)
✔ stale portal bytecode is rejected: apps/src/billboard/portal_bytecode.txt (22.278167ms)
✔ stale portal bytecode is rejected: apps/src/billboard/deploy/portal_bytecode.txt (20.1575ms)
✔ portal source drift is rejected by embedded compiler provenance (19.136083ms)
✔ missing Solidity source provenance is rejected (15.806875ms)
✔ string-encoded Solidity metadata remains supported (18.1575ms)
✔ Noir source drift requires a rebuild (18.398167ms)
✔ Noir dependency declaration drift requires a rebuild (19.3225ms)
✔ root dependency lock drift requires a rebuild (16.671959ms)
✔ portal dependency lock drift requires a rebuild (15.848208ms)
✔ compiler configuration drift requires a rebuild (17.099333ms)
✔ toolchain pins drift requires a rebuild (17.67375ms)
✔ contract builder drift requires a rebuild (16.061792ms)
✔ Noir debug-path normalizer drift requires a rebuild (16.826917ms)
✔ Noir dependency verifier drift requires a rebuild (17.9475ms)
✔ Noir dependency pins drift requires a rebuild (16.676125ms)
✔ new Noir source omitted from the old manifest requires a rebuild (16.258541ms)
✔ contract manifest input hash tampering is rejected (15.653792ms)
✔ contract manifest noir hash tampering is rejected (13.8985ms)
✔ contract manifest portal hash tampering is rejected (14.070541ms)
✔ synchronized altered Noir artifacts still fail the recorded build hash (15.922125ms)
✔ synchronized altered portal bytecode still fails the recorded build hash (15.796375ms)
✔ privateFee key, extra route and stale content fail closed (16.47275ms)
✔ user generated page binds the canonical privateFee and isolated RPC credential (261.718542ms)
✔ censor generated page binds the canonical privateFee and isolated RPC credential (59.010792ms)
✔ deploy generated page binds the canonical privateFee and isolated RPC credential (83.895333ms)
✔ fee-juice generated page binds the canonical privateFee and isolated RPC credential (54.8275ms)
✔ user feed resolves large stable IDs and decodes seven-field reasons with explicit length (30.357042ms)
✔ censor feed resolves large stable IDs and decodes seven-field reasons with explicit length (6.757083ms)
✔ user countdown does not announce withdrawal eligibility while screened debt remains (6.17675ms)
✔ seven-field reasons enforce byte length, UTF-8 and exact padding (11.072875ms)
✔ flag carries immutable post policy and rejects a mismatched reviewed version (1.68375ms)
✔ policy content and version are read atomically without independent latest-state reads (0.304708ms)
✔ build provenance rejects changed frontend sources paired with old HTML (133.18025ms)
✔ build provenance rejects output changes and removed output (93.957292ms)
✔ source removal and newly discovered app invalidate previous build (90.346834ms)
✔ partial or interrupted builds cannot preserve a valid aggregate manifest (122.186459ms)
✔ mid-build drift and private RPC overrides cannot be certified (87.662791ms)
✔ internal symlinks hash the actual source while escapes and cycles reject (59.362459ms)
✔ obsolete template cannot leave a served HTML page in certified output (50.077375ms)
✔ unexpected top-level and nested HTML reject certification without deletion (55.224833ms)
✔ output symlink escapes and cycles cannot bypass the served HTML inventory (42.101291ms)
✔ actual raw Noir inventory survives JSON round trip including absent optional metadata (89.132375ms)
✔ missing VK, duplicate functions and malformed encoded bytecode are rejected (55.046833ms)
✔ runtime is labeled a template with immutable references and byte changes invalidate inventory (3.284708ms)
✔ removed assets, source drift and changed verification keys fail complete inventory comparison (30.850209ms)
✔ valid no-screening and linked hints survive SDK result wrappers (5.2915ms)
✔ malformed result never silently becomes empty hints (1.892334ms)
✔ missing, conflicting, stale and transport errors are explicit and redact raw data (0.451083ms)
✔ complete synthetic SDK manifest passes (107.973084ms)
✔ stale lockfile is rejected (42.488084ms)
✔ stale build script is rejected (42.289667ms)
✔ stale SDK entry source is rejected (39.719792ms)
✔ stale storage adapter source is rejected (36.850583ms)
✔ stale PXE schema source is rejected (29.32275ms)
✔ stale imported dependency source is rejected (32.36475ms)
✔ stale toolchain helper is rejected (48.000458ms)
✔ stale runtime asset source is rejected (55.89825ms)
✔ stale bundle output is rejected (40.017625ms)
✔ stale worker output is rejected (33.656375ms)
✔ stale runtime asset output is rejected (36.555667ms)
✔ protocol version mismatch is rejected (24.403792ms)
✔ omitting required inputs entry shared/sdk-entry.mjs is rejected (24.212958ms)
✔ omitting required inputs entry shared/sdk-store.mjs is rejected (27.684334ms)
✔ omitting required inputs entry node_modules/@aztec/pxe/dest/storage/metadata.js is rejected (25.430125ms)
✔ omitting required inputs entry node_modules/@aztec/noir-acvm_js/web/acvm_js_bg.wasm is rejected (23.857ms)
✔ omitting required outputs entry sqlite.worker.js is rejected (21.159792ms)
✔ omitting required outputs entry sqlite3.wasm is rejected (16.34175ms)
✔ runtime asset output cannot differ from its source even with a refreshed output hash (24.594291ms)
✔ manifest inputs path confinement rejects ../outside.js (22.443959ms)
✔ manifest inputs path confinement rejects /outside.js (22.099584ms)
✔ manifest inputs path confinement rejects shared/../outside.js (20.578667ms)
✔ manifest inputs path confinement rejects shared\outside.js (22.306459ms)
✔ manifest outputs path confinement rejects ../outside.js (25.7655ms)
✔ manifest outputs path confinement rejects /outside.js (21.249666ms)
✔ manifest outputs path confinement rejects nested/worker.js (22.165791ms)
✔ manifest outputs path confinement rejects ..\outside.js (21.750375ms)
✔ inputs symlink cannot escape its allowed directory (18.32675ms)
✔ outputs symlink cannot escape its allowed directory (23.1725ms)
✔ invalid manifest structure is rejected (17.091292ms)
✔ malformed manifest digest is rejected (16.503625ms)
✔ missing worker file is rejected rather than silently omitted (13.397667ms)
ℹ tests 93
ℹ suites 0
ℹ pass 93
ℹ fail 0
ℹ cancelled 0
ℹ skipped 0
ℹ todo 0
ℹ duration_ms 1971.697875
