✔ workflow guard accepts unchanged output and ignores unrelated evidence (260.081666ms)
✔ workflow guard fails each overwritten committed output after a rebuild (715.39275ms)
✔ workflow guard rejects staged regeneration and removed consumers (152.566334ms)
✔ workflow guard rejects newly generated uncommitted application outputs (111.879208ms)
✔ matching synthetic artifacts and recorded sources pass (23.990791ms)
✔ stale deploy Noir copy is rejected (14.637209ms)
✔ stale censor Noir copy is rejected (15.072917ms)
✔ missing verification key is rejected even when all consumer copies agree (12.19425ms)
✔ empty private function set is rejected even when all consumer copies agree (10.557417ms)
✔ only public functions is rejected even when all consumer copies agree (11.706583ms)
✔ untranspiled artifact is rejected even when all consumer copies agree (10.566791ms)
✔ truthy non-boolean transpilation marker is rejected even when all consumer copies agree (14.883083ms)
✔ stale portal bytecode is rejected: apps/src/billboard/portal_bytecode.txt (11.572459ms)
✔ stale portal bytecode is rejected: apps/src/billboard/deploy/portal_bytecode.txt (13.83625ms)
✔ portal source drift is rejected by embedded compiler provenance (13.812708ms)
✔ missing Solidity source provenance is rejected (9.573917ms)
✔ string-encoded Solidity metadata remains supported (11.491041ms)
✔ Noir source drift requires a rebuild (11.078625ms)
✔ Noir dependency declaration drift requires a rebuild (13.786833ms)
✔ root dependency lock drift requires a rebuild (10.868834ms)
✔ portal dependency lock drift requires a rebuild (9.567125ms)
✔ compiler configuration drift requires a rebuild (10.793667ms)
✔ toolchain pins drift requires a rebuild (12.000333ms)
✔ contract builder drift requires a rebuild (9.171083ms)
✔ Noir debug-path normalizer drift requires a rebuild (10.387084ms)
✔ Noir dependency verifier drift requires a rebuild (10.996666ms)
✔ Noir dependency pins drift requires a rebuild (11.007959ms)
✔ new Noir source omitted from the old manifest requires a rebuild (10.02175ms)
✔ contract manifest input hash tampering is rejected (10.090375ms)
✔ contract manifest noir hash tampering is rejected (12.084667ms)
✔ contract manifest portal hash tampering is rejected (9.738ms)
✔ synchronized altered Noir artifacts still fail the recorded build hash (11.592375ms)
✔ synchronized altered portal bytecode still fails the recorded build hash (11.786958ms)
✔ privateFee key, extra route and stale content fail closed (12.386417ms)
✔ user generated page binds the canonical privateFee and isolated RPC credential (112.061541ms)
✔ censor generated page binds the canonical privateFee and isolated RPC credential (46.171958ms)
✔ deploy generated page binds the canonical privateFee and isolated RPC credential (41.002375ms)
✔ fee-juice generated page binds the canonical privateFee and isolated RPC credential (30.222541ms)
✔ user feed resolves large stable IDs and decodes seven-field reasons with explicit length (5.610917ms)
✔ censor feed resolves large stable IDs and decodes seven-field reasons with explicit length (1.865416ms)
✔ user countdown does not announce withdrawal eligibility while screened debt remains (0.756792ms)
✔ seven-field reasons enforce byte length, UTF-8 and exact padding (2.224166ms)
✔ flag carries immutable post policy and rejects a mismatched reviewed version (0.838167ms)
✔ policy content and version are read atomically without independent latest-state reads (0.232292ms)
✔ valid no-screening and linked hints survive SDK result wrappers (1.387458ms)
✔ malformed result never silently becomes empty hints (0.832333ms)
✔ missing, conflicting, stale and transport errors are explicit and redact raw data (0.311417ms)
✔ complete synthetic SDK manifest passes (17.500958ms)
✔ stale lockfile is rejected (11.6435ms)
✔ stale build script is rejected (12.895084ms)
✔ stale SDK entry source is rejected (12.486541ms)
✔ stale storage adapter source is rejected (10.955208ms)
✔ stale PXE schema source is rejected (13.428541ms)
✔ stale imported dependency source is rejected (12.033416ms)
✔ stale toolchain helper is rejected (25.939542ms)
✔ stale runtime asset source is rejected (17.906625ms)
✔ stale bundle output is rejected (24.571ms)
✔ stale worker output is rejected (20.633667ms)
✔ stale runtime asset output is rejected (16.722ms)
✔ protocol version mismatch is rejected (14.744292ms)
✔ omitting required inputs entry shared/sdk-entry.mjs is rejected (13.582416ms)
✔ omitting required inputs entry shared/sdk-store.mjs is rejected (14.493791ms)
✔ omitting required inputs entry node_modules/@aztec/pxe/dest/storage/metadata.js is rejected (15.327292ms)
✔ omitting required inputs entry node_modules/@aztec/noir-acvm_js/web/acvm_js_bg.wasm is rejected (12.388167ms)
✔ omitting required outputs entry sqlite.worker.js is rejected (17.754333ms)
✔ omitting required outputs entry sqlite3.wasm is rejected (12.882541ms)
✔ runtime asset output cannot differ from its source even with a refreshed output hash (15.286542ms)
✔ manifest inputs path confinement rejects ../outside.js (14.383125ms)
✔ manifest inputs path confinement rejects /outside.js (15.889917ms)
✔ manifest inputs path confinement rejects shared/../outside.js (12.415ms)
✔ manifest inputs path confinement rejects shared\outside.js (14.842666ms)
✔ manifest outputs path confinement rejects ../outside.js (14.773417ms)
✔ manifest outputs path confinement rejects /outside.js (16.056334ms)
✔ manifest outputs path confinement rejects nested/worker.js (13.858125ms)
✔ manifest outputs path confinement rejects ..\outside.js (14.64275ms)
✔ inputs symlink cannot escape its allowed directory (14.770584ms)
✔ outputs symlink cannot escape its allowed directory (16.172375ms)
✔ invalid manifest structure is rejected (13.047292ms)
✔ malformed manifest digest is rejected (14.9ms)
✔ missing worker file is rejected rather than silently omitted (14.480792ms)
ℹ tests 80
ℹ suites 0
ℹ pass 80
ℹ fail 0
ℹ cancelled 0
ℹ skipped 0
ℹ todo 0
ℹ duration_ms 1298.437917
