✔ normal author calls carry only private payment method and bootstrap claim is consumed once (2.479875ms)
✔ unknown submission is preserved without retry and private errors are redacted (1.761833ms)
✔ missing private fee configuration fails before account work for every private action (1.38275ms)
✔ actual wallet keeps configured gas and normal account scope/tag through simulation and proof (9.80825ms)
✔ actual main claim uses standard author call with private fee payment (13.308458ms)
✔ actual main post uses standard author call with private fee payment (1.869625ms)
✔ actual main post dummy uses standard author call with private fee payment (0.930334ms)
✔ actual main withdraw uses standard author call with private fee payment (1.117042ms)
✔ moderator calls use their normal account with private fee payment (1.135167ms)
✔ inherited object names never select an application method (0.316ms)
✔ actual main private post works with no Ethereum signer (0.998209ms)
✔ actual main fails before PXE when RPC identity changed after CLI preflight (0.53675ms)
✔ settlement pending returns after one witness lookup, without ninety-minute polling (1.43525ms)
✔ witness RPC failure remains unknown, never a false unclaimed or paid result (1.121875ms)
✔ consumed/error text is not evidence of a refund: false (4.746958ms)
✔ consumed/error text is not evidence of a refund: true (1.011333ms)
✔ actual main refuses a private send when durable journal is unavailable (0.79575ms)
✔ actual main recovery avoids proving and Ethereum signing and reports revert distinctly (1.3535ms)
✔ Ethereum recovery handles already refunded receipts before checking active deposit (1.437625ms)
✔ actual moderator declare-immoral uses the active wallet's durable journal (1.039459ms)
✔ actual moderator declare-immoral refuses an unresolved previous transaction before preparing a fee (0.813791ms)
✔ actual moderator set-moderation-policy uses the active wallet's durable journal (1.166125ms)
✔ actual moderator set-moderation-policy refuses an unresolved previous transaction before preparing a fee (0.743791ms)
✔ actual moderator transfer-censor uses the active wallet's durable journal (0.810542ms)
✔ actual moderator transfer-censor refuses an unresolved previous transaction before preparing a fee (0.532208ms)
✔ moderator wallet cannot bypass journal ownership by supplying a second key (0.588958ms)
✔ moderator recovery success distinguishes an already completed identical transfer from a failed one (0.682291ms)
✔ moderator recovery reverted distinguishes an already completed identical transfer from a failed one (0.62125ms)
✔ moderator recovery with unknown outcome cannot prepare another private fee payment (0.471375ms)
✔ actual recovery dispatcher restores the saved message and nonce before requesting a fresh post proof (1.357583ms)
✔ already published stable identity blocks a replacement before fee preparation (1.025834ms)
✔ recovery cannot silently regenerate a dummy operation (0.645334ms)
✔ recovery cannot silently regenerate a withdraw operation (0.554417ms)
✔ recovery cannot silently regenerate a claim operation (0.480834ms)
✔ claim  records its own operation rather than stale real-post metadata (5.453041ms)
✔ post dummy records its own operation rather than stale real-post metadata (1.42125ms)
✔ withdraw  records its own operation rather than stale real-post metadata (1.15225ms)
✔ missing withdrawal note never proves success when history contains no exit (9.271792ms)
✔ missing withdrawal note never proves success when history is unavailable (1.29675ms)
✔ missing withdrawal note can recover an exact successful canonical exit without paying again (2.245166ms)
✔ missing withdrawal note cannot recover a reverted exit (1.158375ms)
✔ an exit for another selected deposit cannot complete withdrawal (2.558792ms)
✔ withdrawal recovery without original claim custody cannot guess deposit ownership (1.804166ms)
✔ withdrawal absence reconciliation has a deadline even if its receipt read stalls (22.00175ms)
✔ saved dummy requires the same source screening sequence (unchanged) (1.259542ms)
✔ saved dummy requires the same source screening sequence (changed) (0.732709ms)
✔ saved withdraw requires the same source screening sequence (unchanged) (0.739ms)
✔ saved withdraw requires the same source screening sequence (changed) (0.578167ms)
✔ actual wallet passes attributed application spend to the durable journal before submission (0.577916ms)
✔ successful retried screening releases its step guard before the following withdrawal (3.357625ms)
✔ stale claim restores exact original receipt and claim identity without depositing again (3.818417ms)
✔ stale claim rejects changed amount before another fee payment (2.168791ms)
✔ stale claim rejects changed depositNonce before another fee payment (1.939834ms)
✔ stale claim rejects changed leafIndex before another fee payment (2.465542ms)
✔ stale claim rejects changed depositChain before another fee payment (2.251667ms)
✔ stale claim rejects changed secretHash before another fee payment (2.215833ms)
✔ stale claim rejects changed depositor before another fee payment (2.600959ms)
✔ an existing note is not confirmation of an unresolved saved claim transaction (2.818333ms)
✔ failed claim does not enter the former thirty-attempt loop (3.394208ms)
ℹ tests 59
ℹ suites 0
ℹ pass 59
ℹ fail 0
ℹ cancelled 0
ℹ skipped 0
ℹ todo 0
ℹ duration_ms 443.297167
