✔ attributes only the billboard nullifier, independently of fee nullifier (56.665ms)
✔ missing execution (0.562458ms)
✔ missing board call (0.448833ms)
✔ multiple nested board calls (0.459ms)
✔ cyclic execution (0.504375ms)
✔ zero nullifier (0.365375ms)
✔ multiple nullifiers (0.417541ms)
✔ hidden trailing nullifier (0.317166ms)
✔ malformed field (0.360416ms)
✔ missing global match (0.367625ms)
✔ duplicate global match (0.353583ms)
✔ different proof inputs (0.211375ms)
✔ oversized tree (0.346ms)
✔ diagnostics identify missing final membership without field/address contents (0.333416ms)
✔ malformed claimed length reports only type, never arbitrary string content (0.26875ms)
✔ normal author calls carry only private payment method and bootstrap claim is consumed once (2.666166ms)
✔ unknown submission is preserved without retry and private errors are redacted (1.876916ms)
✔ missing private fee configuration fails before account work for every private action (1.504708ms)
✔ actual wallet keeps configured gas and normal account scope/tag through simulation and proof (9.779667ms)
✔ actual main claim uses standard author call with private fee payment (13.774667ms)
✔ actual main post uses standard author call with private fee payment (1.773166ms)
✔ actual main post dummy uses standard author call with private fee payment (0.956291ms)
✔ actual main withdraw uses standard author call with private fee payment (0.863083ms)
✔ moderator calls use their normal account with private fee payment (1.028292ms)
✔ inherited object names never select an application method (0.302958ms)
✔ actual main private post works with no Ethereum signer (1.402625ms)
✔ actual main fails before PXE when RPC identity changed after CLI preflight (0.550875ms)
✔ settlement pending returns after one witness lookup, without ninety-minute polling (1.429125ms)
✔ witness RPC failure remains unknown, never a false unclaimed or paid result (1.043709ms)
✔ consumed/error text is not evidence of a refund: false (1.658125ms)
✔ consumed/error text is not evidence of a refund: true (3.980542ms)
✔ actual main refuses a private send when durable journal is unavailable (0.6965ms)
✔ actual main recovery avoids proving and Ethereum signing and reports revert distinctly (1.031459ms)
✔ Ethereum recovery handles already refunded receipts before checking active deposit (1.302334ms)
✔ actual moderator declare-immoral uses the active wallet's durable journal (0.954125ms)
✔ actual moderator declare-immoral refuses an unresolved previous transaction before preparing a fee (0.487834ms)
✔ actual moderator set-moderation-policy uses the active wallet's durable journal (0.96125ms)
✔ actual moderator set-moderation-policy refuses an unresolved previous transaction before preparing a fee (0.777667ms)
✔ actual moderator transfer-censor uses the active wallet's durable journal (0.87125ms)
✔ actual moderator transfer-censor refuses an unresolved previous transaction before preparing a fee (0.525834ms)
✔ moderator wallet cannot bypass journal ownership by supplying a second key (0.577417ms)
✔ moderator recovery success distinguishes an already completed identical transfer from a failed one (0.992292ms)
✔ moderator recovery reverted distinguishes an already completed identical transfer from a failed one (0.723375ms)
✔ moderator recovery with unknown outcome cannot prepare another private fee payment (0.519584ms)
✔ actual recovery dispatcher restores the saved message and nonce before requesting a fresh post proof (1.42425ms)
✔ already published stable identity blocks a replacement before fee preparation (0.700542ms)
✔ recovery cannot silently regenerate a dummy operation (0.470167ms)
✔ recovery cannot silently regenerate a withdraw operation (0.463042ms)
✔ recovery cannot silently regenerate a claim operation (0.439666ms)
✔ claim  records its own operation rather than stale real-post metadata (10.859792ms)
✔ post dummy records its own operation rather than stale real-post metadata (1.052708ms)
✔ withdraw  records its own operation rather than stale real-post metadata (0.760791ms)
✔ missing withdrawal note never proves success when history contains no exit (3.004542ms)
✔ missing withdrawal note never proves success when history is unavailable (1.156792ms)
✔ missing withdrawal note can recover an exact successful canonical exit without paying again (2.919167ms)
✔ missing withdrawal note cannot recover a reverted exit (1.403958ms)
✔ an exit for another selected deposit cannot complete withdrawal (1.881125ms)
✔ withdrawal recovery without original claim custody cannot guess deposit ownership (1.866583ms)
✔ withdrawal absence reconciliation has a deadline even if its receipt read stalls (23.413375ms)
✔ saved dummy requires the same source screening sequence (unchanged) (1.139ms)
✔ saved dummy requires the same source screening sequence (changed) (0.982625ms)
✔ saved withdraw requires the same source screening sequence (unchanged) (0.751125ms)
✔ saved withdraw requires the same source screening sequence (changed) (0.5945ms)
✔ actual wallet passes attributed application spend to the durable journal before submission (0.603334ms)
✔ successful retried screening releases its step guard before the following withdrawal (3.180625ms)
✔ stale proof replacement retains exact post intent and original proof through portable recovery (571.227167ms)
✔ uncertain or live original cannot authorize another proof: {"status":"pending"} (90.241917ms)
✔ uncertain or live original cannot authorize another proof: {"status":"proposed"} (81.153458ms)
✔ uncertain or live original cannot authorize another proof: {"status":"checkpointed"} (84.059875ms)
✔ uncertain or live original cannot authorize another proof: {"validation":{"result":"valid"}} (73.517459ms)
✔ uncertain or live original cannot authorize another proof: {"validation":{"result":"invalid","reason":["bad signature"]}} (74.015917ms)
✔ uncertain or live original cannot authorize another proof: {"validation":{"result":"invalid","reason":["Existing nullifier","unrecognized"]}} (84.521791ms)
✔ original becoming live during proving prevents saving replacement and preserves the original request (177.806958ms)
✔ different logical operation cannot consume a stale-proof authorization (182.839542ms)
✔ concurrent replacement authorizations still allow only one durable new proof (362.299958ms)
✔ replacement chain is bounded and preserves its last record when the limit is reached (6069.739333ms)
✔ stalled transaction reads and canonical receipt requests respect bounded deadlines (16.172459ms)
✔ stalled replacement reconciliation remains unknown and leaves the original record intact (123.340958ms)
✔ replacement RPC exceptions expose only the bounded recovery classification (87.521583ms)
✔ replacement must retain the exact bound application spend even when fee nullifiers change (363.037834ms)
ℹ tests 80
ℹ suites 0
ℹ pass 80
ℹ fail 0
ℹ cancelled 0
ℹ skipped 0
ℹ todo 0
ℹ duration_ms 9301.085583
