✔ actual descendant accounting includes memory in a child-created process group and cleans it (304.914958ms)
✔ remembered descendant identity survives parent exit and remains counted and terminated (305.659959ms)
✔ snapshot failure after freezing cannot leave actual owned children stopped (236.879083ms)
✔ incomplete ps snapshot retries the entire read once, never ignores a row (0.234625ms)
✔ persistently malformed process counters fail closed after the bounded retry (0.154041ms)
✔ one interrupted snapshot reader retries fresh data; repeated interruption still fails closed (0.104625ms)
✔ normal author calls carry only private payment method and bootstrap claim is consumed once (3.427917ms)
✔ unknown submission is preserved without retry and private errors are redacted (1.7335ms)
✔ missing private fee configuration fails before account work for every private action (1.572625ms)
✔ actual wallet keeps configured gas and normal account scope/tag through simulation and proof (23.573875ms)
✔ actual main claim uses standard author call with private fee payment (13.746875ms)
✔ actual main post uses standard author call with private fee payment (1.980041ms)
✔ actual main post dummy uses standard author call with private fee payment (0.904375ms)
✔ actual main withdraw uses standard author call with private fee payment (1.120375ms)
✔ moderator calls use their normal account with private fee payment (1.035ms)
✔ inherited object names never select an application method (0.305667ms)
✔ actual main private post works with no Ethereum signer (0.949834ms)
✔ actual main fails before PXE when RPC identity changed after CLI preflight (0.47375ms)
✔ settlement pending returns after one witness lookup, without ninety-minute polling (1.447875ms)
✔ witness RPC failure remains unknown, never a false unclaimed or paid result (1.038792ms)
✔ consumed/error text is not evidence of a refund: false (4.792959ms)
✔ consumed/error text is not evidence of a refund: true (1.444792ms)
✔ actual main refuses a private send when durable journal is unavailable (0.768625ms)
✔ actual main recovery avoids proving and Ethereum signing and reports revert distinctly (1.147667ms)
✔ Ethereum recovery handles already refunded receipts before checking active deposit (1.4105ms)
✔ actual moderator declare-immoral uses the active wallet's durable journal (1.012083ms)
✔ actual moderator declare-immoral refuses an unresolved previous transaction before preparing a fee (1.044792ms)
✔ actual moderator set-moderation-policy uses the active wallet's durable journal (1.116083ms)
✔ actual moderator set-moderation-policy refuses an unresolved previous transaction before preparing a fee (0.617708ms)
✔ actual moderator transfer-censor uses the active wallet's durable journal (0.841541ms)
✔ actual moderator transfer-censor refuses an unresolved previous transaction before preparing a fee (0.490375ms)
✔ moderator wallet cannot bypass journal ownership by supplying a second key (0.66725ms)
✔ moderator recovery success distinguishes an already completed identical transfer from a failed one (0.798084ms)
✔ moderator recovery reverted distinguishes an already completed identical transfer from a failed one (0.645083ms)
✔ moderator recovery with unknown outcome cannot prepare another private fee payment (0.602208ms)
✔ actual recovery dispatcher restores the saved message and nonce before requesting a fresh post proof (1.759125ms)
✔ already published stable identity blocks a replacement before fee preparation (1.000791ms)
✔ recovery cannot silently regenerate a dummy operation (0.739542ms)
✔ recovery cannot silently regenerate a withdraw operation (0.648291ms)
✔ recovery cannot silently regenerate a claim operation (0.532791ms)
✔ claim  records its own operation rather than stale real-post metadata (13.076584ms)
✔ post dummy records its own operation rather than stale real-post metadata (1.114708ms)
✔ withdraw  records its own operation rather than stale real-post metadata (0.74375ms)
✔ missing withdrawal note never proves success when history contains no exit (3.206042ms)
✔ missing withdrawal note never proves success when history is unavailable (1.266291ms)
✔ missing withdrawal note can recover an exact successful canonical exit without paying again (2.280625ms)
✔ missing withdrawal note cannot recover a reverted exit (1.795041ms)
✔ an exit for another selected deposit cannot complete withdrawal (2.328208ms)
✔ withdrawal recovery without original claim custody cannot guess deposit ownership (1.810625ms)
✔ withdrawal absence reconciliation has a deadline even if its receipt read stalls (21.806458ms)
✔ saved dummy requires the same source screening sequence (unchanged) (1.27625ms)
✔ saved dummy requires the same source screening sequence (changed) (0.884542ms)
✔ saved withdraw requires the same source screening sequence (unchanged) (0.67575ms)
✔ saved withdraw requires the same source screening sequence (changed) (0.62775ms)
✔ actual wallet passes attributed application spend to the durable journal before submission (0.56975ms)
✔ successful retried screening releases its step guard before the following withdrawal (2.563417ms)
✔ stale claim restores exact original receipt and claim identity without depositing again (4.298917ms)
✔ stale claim rejects changed amount before another fee payment (2.421083ms)
✔ stale claim rejects changed depositNonce before another fee payment (2.490084ms)
✔ stale claim rejects changed leafIndex before another fee payment (2.025167ms)
✔ stale claim rejects changed depositChain before another fee payment (2.677625ms)
✔ stale claim rejects changed secretHash before another fee payment (2.538667ms)
✔ stale claim rejects changed depositor before another fee payment (2.8475ms)
✔ an existing note is not confirmation of an unresolved saved claim transaction (2.848792ms)
✔ failed claim does not enter the former thirty-attempt loop (3.74875ms)
✔ saved claim rejects a receipt returned for another transaction (1.808084ms)
✔ saved claim rejects a reorged Ethereum receipt (1.488083ms)
✔ saved claim receipt reads time out before any proof or fee preparation (22.631667ms)
ℹ tests 68
ℹ suites 0
ℹ pass 68
ℹ fail 0
ℹ cancelled 0
ℹ skipped 0
ℹ todo 0
ℹ duration_ms 904.6475
