{
  "outcome": "pass",
  "node": "24.21.0",
  "sdkSha256": "31fb151ab11793026eae1e580eb40a773d25a7e0ea0db7b2ed3f41af736ed1d5",
  "scope": "Named functions extracted from real CLI sources; no main(), remote RPC, pre-existing wallets, persisted wallet files, or transactions. Account derivation and hashing use the actual built SDK.",
  "sourceHashes": {
    "apps/src/billboard/user/cli.mjs": "bcf29631fc70be91aa2fb01d3be06392cf4832d367f897b585b2c3f74a5fd6cb",
    "apps/src/billboard/deploy/cli.mjs": "14ecf478693346744c4bea2389b2a53cdd453d63df6aaca643417b511bd73712",
    "shared/aztec-lib.js": "48459d179394577c4ac651d1183a7bc7bc5418ca96f804603a00e977ead50b71"
  },
  "results": [
    {
      "lane": "user",
      "outcome": "pass",
      "extractedFunction": "loadAztecSDK",
      "functionSha256": "8616e19ad8004bc0d4728611b2ee9df37ff968557e5af31e10b3f83078593f68",
      "exports": 78,
      "poseidon": "0x038682aa1cb5ae4e0a3f13da432a95c77c5c111f6f030faf9cad641ce1ed7383",
      "disposableAddress": "0x247237ece6de9a5f863fb8740a783ecf5110573e2cba008b2fc11ebf94bb8fcb",
      "bufferCompatibility": "pass",
      "storage": "actual bundled adapter opened, reopened and deleted in process-local fake-indexeddb",
      "networkRequests": 0,
      "filesystemWrites": 0
    },
    {
      "lane": "deploy",
      "outcome": "pass",
      "extractedFunction": "loadAztecSDK",
      "functionSha256": "bc3aa74762ac94b6e59f95b43789ad5fc6ec81b0e98bbe6d6d486a25fd54d080",
      "exports": 78,
      "poseidon": "0x038682aa1cb5ae4e0a3f13da432a95c77c5c111f6f030faf9cad641ce1ed7383",
      "disposableAddress": "0x247237ece6de9a5f863fb8740a783ecf5110573e2cba008b2fc11ebf94bb8fcb",
      "bufferCompatibility": "pass",
      "storage": "actual bundled adapter opened, reopened and deleted in process-local fake-indexeddb",
      "networkRequests": 0,
      "filesystemWrites": 0
    }
  ]
}
