✔ normal author calls carry only private payment method and bootstrap claim is consumed once (2.296334ms)
✔ unknown submission is preserved without retry and private errors are redacted (1.716625ms)
✔ missing private fee configuration fails before account work for every private action (1.404625ms)
✔ actual wallet keeps configured gas and normal account scope/tag through simulation and proof (9.457709ms)
✔ actual main claim uses standard author call with private fee payment (13.208ms)
✔ actual main post uses standard author call with private fee payment (1.901333ms)
✔ actual main post dummy uses standard author call with private fee payment (1.020833ms)
✔ actual main withdraw uses standard author call with private fee payment (0.849334ms)
✔ moderator calls use their normal account with private fee payment (1.323875ms)
✔ inherited object names never select an application method (0.341209ms)
✔ actual main private post works with no Ethereum signer (1.04775ms)
✔ actual main fails before PXE when RPC identity changed after CLI preflight (0.590583ms)
✔ settlement pending returns after one witness lookup, without ninety-minute polling (1.30775ms)
✔ witness RPC failure remains unknown, never a false unclaimed or paid result (1.267292ms)
✔ consumed/error text is not evidence of a refund: false (6.98975ms)
✔ consumed/error text is not evidence of a refund: true (1.254541ms)
✔ actual main refuses a private send when durable journal is unavailable (0.692209ms)
✔ actual main recovery avoids proving and Ethereum signing and reports revert distinctly (1.131625ms)
✔ Ethereum recovery handles already refunded receipts before checking active deposit (1.392583ms)
✔ actual moderator declare-immoral uses the active wallet's durable journal (1.077ms)
✔ actual moderator declare-immoral refuses an unresolved previous transaction before preparing a fee (0.676625ms)
✔ actual moderator set-moderation-policy uses the active wallet's durable journal (1.317375ms)
✔ actual moderator set-moderation-policy refuses an unresolved previous transaction before preparing a fee (0.708875ms)
✔ actual moderator transfer-censor uses the active wallet's durable journal (0.811291ms)
✔ actual moderator transfer-censor refuses an unresolved previous transaction before preparing a fee (0.600875ms)
✔ moderator wallet cannot bypass journal ownership by supplying a second key (0.682625ms)
✔ moderator recovery success distinguishes an already completed identical transfer from a failed one (0.749791ms)
✔ moderator recovery reverted distinguishes an already completed identical transfer from a failed one (0.677125ms)
✔ moderator recovery with unknown outcome cannot prepare another private fee payment (0.493583ms)
✔ actual recovery dispatcher restores the saved message and nonce before requesting a fresh post proof (1.405625ms)
✔ already published stable identity blocks a replacement before fee preparation (0.698708ms)
✔ recovery cannot silently regenerate a dummy operation (0.48775ms)
✔ recovery cannot silently regenerate a withdraw operation (0.480708ms)
✔ recovery cannot silently regenerate a claim operation (0.452666ms)
✔ claim  records its own operation rather than stale real-post metadata (5.808667ms)
✔ post dummy records its own operation rather than stale real-post metadata (1.002167ms)
✔ withdraw  records its own operation rather than stale real-post metadata (0.802625ms)
✔ missing withdrawal note never proves success when history contains no exit (7.837208ms)
✔ missing withdrawal note never proves success when history is unavailable (1.323333ms)
✔ missing withdrawal note can recover an exact successful canonical exit without paying again (2.401208ms)
✔ missing withdrawal note cannot recover a reverted exit (1.218167ms)
✔ an exit for another selected deposit cannot complete withdrawal (2.107334ms)
✔ withdrawal recovery without original claim custody cannot guess deposit ownership (2.007125ms)
✔ withdrawal absence reconciliation has a deadline even if its receipt read stalls (22.987625ms)
✔ saved dummy requires the same source screening sequence (unchanged) (1.297583ms)
✔ saved dummy requires the same source screening sequence (changed) (0.746708ms)
✔ saved withdraw requires the same source screening sequence (unchanged) (0.854ms)
✔ saved withdraw requires the same source screening sequence (changed) (0.566334ms)
✔ actual wallet passes attributed application spend to the durable journal before submission (0.530791ms)
✔ successful retried screening releases its step guard before the following withdrawal (2.326125ms)
✔ stale claim restores exact original receipt and claim identity without depositing again (3.627417ms)
✔ stale claim rejects changed amount before another fee payment (2.476458ms)
✔ stale claim rejects changed depositNonce before another fee payment (2.19275ms)
✔ stale claim rejects changed leafIndex before another fee payment (1.673583ms)
✔ stale claim rejects changed depositChain before another fee payment (2.024791ms)
✔ stale claim rejects changed secretHash before another fee payment (2.012958ms)
✔ stale claim rejects changed depositor before another fee payment (2.215292ms)
✔ an existing note is not confirmation of an unresolved saved claim transaction (2.697208ms)
✔ failed claim does not enter the former thirty-attempt loop (3.130584ms)
✔ saved claim rejects a receipt returned for another transaction (1.450792ms)
✔ saved claim rejects a reorged Ethereum receipt (1.529416ms)
✔ saved claim receipt reads time out before any proof or fee preparation (22.737542ms)
✔ funding deposits to shared address and passes mandatory recovery callback (1.388209ms)
✔ standalone claim uses standard author entrypoint with only private fee payload, then stops PXE (0.877167ms)
✔ browser recovery storage preserves earlier deposits and refuses conflicting replacements or secrets (0.80725ms)
✔ deposit below claim fee is rejected before requesting L1 funding (0.43525ms)
✔ private fee claim refuses missing or unresolved recovery storage before consuming bridge information (0.773708ms)
✔ private fee success recovery requires no Ethereum signer, bridge claim file or PXE (0.371459ms)
✔ private fee reverted recovery requires no Ethereum signer, bridge claim file or PXE (0.340292ms)
✔ fee Ethereum approved recovery is explicit and does not start an L2 proof (0.331375ms)
✔ fee Ethereum funded recovery is explicit and does not start an L2 proof (0.411375ms)
✔ fee Ethereum reverted recovery is explicit and does not start an L2 proof (0.383708ms)
✔ fee Ethereum replaced recovery is explicit and does not start an L2 proof (0.322083ms)
✔ claim persists exact public funding identity before preparation without duplicating secrets (0.4525ms)
✔ stale private fee claim restores saved funding record even when UI holds another deposit (0.778375ms)
✔ BB_SUBMISSION_UNKNOWN does not regenerate private fee claim (0.435708ms)
✔ BB_TRANSACTION_FAILED does not regenerate private fee claim (0.376917ms)
✔ live old claim cannot authorize replacement (0.475292ms)
✔ saved fee claim rejects owner (0.569458ms)
✔ saved fee claim rejects kind (0.428584ms)
✔ saved fee claim rejects unknown-record-key (0.434833ms)
✔ changed canonical message index blocks regenerated claim before proving (0.4785ms)
✔ canonical funding validation failure blocks regenerated claim (0.4105ms)
✔ private fee funding reconciliation has a bounded deadline (4.454167ms)
✔ lost binding response resumes from encrypted transaction without supplied hash or another binding (20.539083ms)
✔ lost board deployment response resumes original transaction and deploys the board only once (5.591792ms)
✔ unresolved saved binding cannot start another transaction or falsely complete setup (26.096833ms)
✔ missing journal fails closed before any deployment signature and closes PXE (0.940333ms)
✔ definitively stale deploy proof regenerates only the same deployment operation (9.248917ms)
✔ definitively stale binding proof regenerates only the same deployment operation (8.844917ms)
✔ stale binding cannot silently accept another binding that appeared meanwhile (5.685208ms)
✔ stale binding cannot redeploy a missing original Ethereum portal (4.725917ms)
ℹ tests 92
ℹ suites 0
ℹ pass 92
ℹ fail 0
ℹ cancelled 0
ℹ skipped 0
ℹ todo 0
ℹ duration_ms 519.442625
