✔ normal author calls carry only private payment method and bootstrap claim is consumed once (2.403541ms)
✔ unknown submission is preserved without retry and private errors are redacted (1.661958ms)
✔ missing private fee configuration fails before account work for every private action (1.383459ms)
✔ actual wallet keeps configured gas and normal account scope/tag through simulation and proof (26.667167ms)
✔ actual main claim uses standard author call with private fee payment (13.875ms)
✔ actual main post uses standard author call with private fee payment (1.779541ms)
✔ actual main post dummy uses standard author call with private fee payment (0.89325ms)
✔ actual main withdraw uses standard author call with private fee payment (0.850292ms)
✔ moderator calls use their normal account with private fee payment (0.934083ms)
✔ inherited object names never select an application method (0.311625ms)
✔ actual main private post works with no Ethereum signer (0.844916ms)
✔ actual main fails before PXE when RPC identity changed after CLI preflight (0.480125ms)
✔ settlement pending returns after one witness lookup, without ninety-minute polling (1.494083ms)
✔ witness RPC failure remains unknown, never a false unclaimed or paid result (1.079959ms)
✔ consumed/error text is not evidence of a refund: false (5.869292ms)
✔ consumed/error text is not evidence of a refund: true (0.994375ms)
✔ actual main refuses a private send when durable journal is unavailable (0.584084ms)
✔ actual main recovery avoids proving and Ethereum signing and reports revert distinctly (1.042208ms)
✔ Ethereum recovery handles already refunded receipts before checking active deposit (1.409583ms)
✔ actual moderator declare-immoral uses the active wallet's durable journal (1.229458ms)
✔ actual moderator declare-immoral refuses an unresolved previous transaction before preparing a fee (0.585125ms)
✔ actual moderator set-moderation-policy uses the active wallet's durable journal (1.096375ms)
✔ actual moderator set-moderation-policy refuses an unresolved previous transaction before preparing a fee (0.47225ms)
✔ actual moderator transfer-censor uses the active wallet's durable journal (1.125583ms)
✔ actual moderator transfer-censor refuses an unresolved previous transaction before preparing a fee (0.641792ms)
✔ moderator wallet cannot bypass journal ownership by supplying a second key (0.632833ms)
✔ moderator recovery success distinguishes an already completed identical transfer from a failed one (0.772875ms)
✔ moderator recovery reverted distinguishes an already completed identical transfer from a failed one (0.703416ms)
✔ moderator recovery with unknown outcome cannot prepare another private fee payment (0.580708ms)
✔ actual recovery dispatcher restores the saved message and nonce before requesting a fresh post proof (1.259291ms)
✔ already published stable identity blocks a replacement before fee preparation (0.664167ms)
✔ recovery cannot silently regenerate a dummy operation (0.473ms)
✔ recovery cannot silently regenerate a withdraw operation (0.426417ms)
✔ recovery cannot silently regenerate a claim operation (0.425916ms)
✔ claim  records its own operation rather than stale real-post metadata (5.850083ms)
✔ post dummy records its own operation rather than stale real-post metadata (1.455042ms)
✔ withdraw  records its own operation rather than stale real-post metadata (1.116916ms)
✔ missing withdrawal note never proves success when history contains no exit (8.440917ms)
✔ missing withdrawal note never proves success when history is unavailable (1.234709ms)
✔ missing withdrawal note can recover an exact successful canonical exit without paying again (2.19425ms)
✔ missing withdrawal note cannot recover a reverted exit (1.134375ms)
✔ an exit for another selected deposit cannot complete withdrawal (1.912625ms)
✔ withdrawal recovery without original claim custody cannot guess deposit ownership (1.658958ms)
✔ withdrawal absence reconciliation has a deadline even if its receipt read stalls (22.851125ms)
✔ saved dummy requires the same source screening sequence (unchanged) (1.267667ms)
✔ saved dummy requires the same source screening sequence (changed) (0.712459ms)
✔ saved withdraw requires the same source screening sequence (unchanged) (0.813375ms)
✔ saved withdraw requires the same source screening sequence (changed) (0.591458ms)
✔ actual wallet passes attributed application spend to the durable journal before submission (0.550959ms)
✔ successful retried screening releases its step guard before the following withdrawal (3.462167ms)
✔ stale claim restores exact original receipt and claim identity without depositing again (3.441042ms)
✔ stale claim rejects changed amount before another fee payment (2.029292ms)
✔ stale claim rejects changed depositNonce before another fee payment (1.893875ms)
✔ stale claim rejects changed leafIndex before another fee payment (2.40675ms)
✔ stale claim rejects changed depositChain before another fee payment (2.078834ms)
✔ stale claim rejects changed secretHash before another fee payment (1.852083ms)
✔ stale claim rejects changed depositor before another fee payment (2.012834ms)
✔ an existing note is not confirmation of an unresolved saved claim transaction (2.712084ms)
✔ failed claim does not enter the former thirty-attempt loop (3.388333ms)
✔ saved claim rejects a receipt returned for another transaction (1.443084ms)
✔ saved claim rejects a reorged Ethereum receipt (1.21175ms)
✔ saved claim receipt reads time out before any proof or fee preparation (22.874042ms)
✔ explicit recovery restores exact saved transfer-censor arguments (1.9525ms)
✔ explicit recovery restores exact saved set-moderation-policy arguments (1.873ms)
✔ explicit recovery restores exact saved declare-immoral arguments (1.734ms)
✔ daemon stale transaction reconciliation regenerates the same job (1.617333ms)
✔ daemon stale transaction reconciliation rejects another job (1.25125ms)
✔ saved moderator request cannot spend fees after authority transfers away (1.236417ms)
✔ funding deposits to shared address and passes mandatory recovery callback (2.166667ms)
✔ standalone claim uses standard author entrypoint with only private fee payload, then stops PXE (0.926083ms)
✔ browser recovery storage preserves earlier deposits and refuses conflicting replacements or secrets (0.816458ms)
✔ deposit below claim fee is rejected before requesting L1 funding (0.4305ms)
✔ private fee claim refuses missing or unresolved recovery storage before consuming bridge information (0.706041ms)
✔ private fee success recovery requires no Ethereum signer, bridge claim file or PXE (0.28175ms)
✔ private fee reverted recovery requires no Ethereum signer, bridge claim file or PXE (0.244708ms)
✔ fee Ethereum approved recovery is explicit and does not start an L2 proof (0.323166ms)
✔ fee Ethereum funded recovery is explicit and does not start an L2 proof (0.298583ms)
✔ fee Ethereum reverted recovery is explicit and does not start an L2 proof (0.286792ms)
✔ fee Ethereum replaced recovery is explicit and does not start an L2 proof (0.260875ms)
✔ claim persists exact public funding identity before preparation without duplicating secrets (0.400833ms)
✔ stale private fee claim restores saved funding record even when UI holds another deposit (0.728959ms)
✔ BB_SUBMISSION_UNKNOWN does not regenerate private fee claim (0.398791ms)
✔ BB_TRANSACTION_FAILED does not regenerate private fee claim (0.3565ms)
✔ live old claim cannot authorize replacement (0.397667ms)
✔ saved fee claim rejects owner (0.3525ms)
✔ saved fee claim rejects kind (0.340834ms)
✔ saved fee claim rejects unknown-record-key (0.364ms)
✔ changed canonical message index blocks regenerated claim before proving (0.443208ms)
✔ canonical funding validation failure blocks regenerated claim (0.393ms)
✔ private fee funding reconciliation has a bounded deadline (4.868917ms)
✔ lost binding response resumes from encrypted transaction without supplied hash or another binding (22.71375ms)
✔ lost board deployment response resumes original transaction and deploys the board only once (5.868542ms)
✔ unresolved saved binding cannot start another transaction or falsely complete setup (24.752708ms)
✔ missing journal fails closed before any deployment signature and closes PXE (0.848625ms)
✔ definitively stale deploy proof regenerates only the same deployment operation (10.146375ms)
✔ definitively stale binding proof regenerates only the same deployment operation (11.072042ms)
✔ stale binding cannot silently accept another binding that appeared meanwhile (4.455458ms)
✔ stale binding cannot redeploy a missing original Ethereum portal (4.422833ms)
✔ stale board deployment cannot silently accept a board that appeared meanwhile (2.976375ms)
ℹ tests 99
ℹ suites 0
ℹ pass 99
ℹ fail 0
ℹ cancelled 0
ℹ skipped 0
ℹ todo 0
ℹ duration_ms 559.277916
