✔ matching synthetic artifacts and recorded sources pass (15.695416ms)
✔ stale deploy Noir copy is rejected (9.343375ms)
✔ stale censor Noir copy is rejected (7.30225ms)
✔ missing verification key is rejected even when all consumer copies agree (11.2855ms)
✔ empty private function set is rejected even when all consumer copies agree (8.439333ms)
✔ only public functions is rejected even when all consumer copies agree (7.929292ms)
✔ untranspiled artifact is rejected even when all consumer copies agree (9.70475ms)
✔ truthy non-boolean transpilation marker is rejected even when all consumer copies agree (8.520375ms)
✔ stale portal bytecode is rejected: apps/src/billboard/portal_bytecode.txt (9.07425ms)
✔ stale portal bytecode is rejected: apps/src/billboard/deploy/portal_bytecode.txt (13.18025ms)
✔ portal source drift is rejected by embedded compiler provenance (17.189666ms)
✔ missing Solidity source provenance is rejected (10.18475ms)
✔ string-encoded Solidity metadata remains supported (8.477625ms)
✔ Noir source drift requires a rebuild (6.542292ms)
✔ Noir dependency declaration drift requires a rebuild (6.278958ms)
✔ root dependency lock drift requires a rebuild (7.6245ms)
✔ portal dependency lock drift requires a rebuild (8.138083ms)
✔ compiler configuration drift requires a rebuild (8.919ms)
✔ toolchain pins drift requires a rebuild (9.190166ms)
✔ contract builder drift requires a rebuild (7.560083ms)
✔ Noir debug-path normalizer drift requires a rebuild (7.784208ms)
✔ Noir dependency verifier drift requires a rebuild (7.412833ms)
✔ Noir dependency pins drift requires a rebuild (6.243709ms)
✔ new Noir source omitted from the old manifest requires a rebuild (7.44175ms)
✔ contract manifest input hash tampering is rejected (6.750125ms)
✔ contract manifest noir hash tampering is rejected (7.796917ms)
✔ contract manifest portal hash tampering is rejected (12.6075ms)
✔ synchronized altered Noir artifacts still fail the recorded build hash (11.494167ms)
✔ synchronized altered portal bytecode still fails the recorded build hash (7.404042ms)
✔ privateFee key, extra route and stale content fail closed (6.40825ms)
✔ all verified local bytes reach SRS with the pinned v5 point counts (16.207959ms)
✔ old uncompressed-size local BN254 data is rejected before any prover call (0.50675ms)
✔ corrupt same-size cache and CDN bytes cannot initialize SRS (23.354417ms)
✔ bad local cache and bad first CDN fall back only to hash-verified second CDN bytes (14.516833ms)
✔ g1.dat uses the official v5 CDN filename and exact range (40.194709ms)
✔ grumpkin_g1.dat uses the official v5 CDN filename and exact range (17.060584ms)
✔ missing manifest is rejected before any data request (0.231459ms)
✔ different SDK release is rejected before any data request (0.859791ms)
✔ old schema is rejected before any data request (0.12825ms)
✔ wrong compressed format is rejected before any data request (0.125166ms)
✔ wrong G2 format is rejected before any data request (0.078875ms)
✔ wrong Grumpkin format is rejected before any data request (0.0625ms)
✔ old point count is rejected before any data request (0.053542ms)
✔ old Grumpkin filename is rejected before any data request (0.053125ms)
✔ unexpected network destination is rejected before any data request (0.050334ms)
✔ duplicate file is rejected before any data request (0.081375ms)
✔ invalid range is rejected before any data request (0.067167ms)
✔ missing derived entry is rejected before any data request (0.058208ms)
✔ wrong derived name is rejected before any data request (0.047708ms)
✔ wrong derived length is rejected before any data request (0.044167ms)
✔ wrong derived point count is rejected before any data request (0.042583ms)
✔ wrong derived format is rejected before any data request (0.047958ms)
✔ invalid derived digest is rejected before any data request (0.06975ms)
✔ derived remote URL is rejected before any data request (0.054792ms)
✔ missing provenance is rejected before any data request (0.044334ms)
✔ wrong derivation method is rejected before any data request (0.086ms)
✔ wrong derivation SDK is rejected before any data request (0.112458ms)
✔ wrong derivation input name is rejected before any data request (0.06575ms)
✔ mismatched derivation input pin is rejected before any data request (0.088833ms)
✔ mismatched derivation G2 pin is rejected before any data request (0.050542ms)
✔ wrong derivation WASM path is rejected before any data request (0.045041ms)
✔ wrong derivation WASM digest is rejected before any data request (0.043209ms)
✔ extra derivation metadata is rejected before any data request (0.044792ms)
✔ truncated body cannot be loaded (0.136166ms)
✔ oversized body cannot be loaded (0.078166ms)
✔ oversized content length cannot be loaded (0.339875ms)
✔ HTTP failure cannot be loaded (0.045708ms)
✔ empty successful response cannot be loaded (0.041416ms)
✔ oversized streamed response is cancelled instead of reading remaining bytes (0.321333ms)
✔ non-ending HTTP error response is cancelled before rejection (0.074375ms)
✔ HTTP error response remains the rejection reason when cancellation fails (0.067541ms)
✔ BN254 initialization rejection prevents Grumpkin initialization (13.872583ms)
✔ unexpected BN254 response cannot be reported as initialized (13.998958ms)
✔ unexpected Grumpkin response cannot be reported as initialized (19.784666ms)
✔ browser loading uses the same checks with Web Crypto SHA-256 (26.54775ms)
✔ verified local derived bytes skip compressed reads and use the documented empty response (31.608916ms)
✔ derived corruption after the first two points falls back before any bad bytes reach SRS (41.994958ms)
✔ truncated derived input is rejected before hash verification and uses verified compressed fallback (14.30375ms)
✔ oversized derived input is rejected before hash verification and uses verified compressed fallback (19.390792ms)
✔ cache metadata wrapper is rejected before hash verification and uses verified compressed fallback (14.262417ms)
✔ corrupt derived bytes plus invalid compressed sources never invoke the prover (26.847292ms)
✔ missing derived and compressed local input fetches only the pinned compressed CDN bytes (23.176917ms)
✔ loader cannot replace the trusted metadata snapshot (26.637375ms)
✔ mismatched derived content pin never accepts bytes through supplied cache metadata (44.634208ms)
✔ derived initialization rejects nonempty output and does not initialize Grumpkin (25.778875ms)
✔ derived initialization rejects missing output and does not initialize Grumpkin (25.853875ms)
✔ derived initialization rejects wrong element type and does not initialize Grumpkin (25.089167ms)
✔ browser VM uses full Web Crypto digest verification for derived input (55.499375ms)
✔ build provenance rejects changed frontend sources paired with old HTML (39.860334ms)
✔ build provenance rejects output changes and removed output (22.881417ms)
✔ source removal and newly discovered app invalidate previous build (24.267708ms)
✔ partial or interrupted builds cannot preserve a valid aggregate manifest (22.531875ms)
✔ mid-build drift and private RPC overrides cannot be certified (42.260625ms)
✔ internal symlinks hash the actual source while escapes and cycles reject (24.146667ms)
✔ obsolete template cannot leave a served HTML page in certified output (22.133334ms)
✔ unexpected top-level and nested HTML reject certification without deletion (32.124209ms)
✔ output symlink escapes and cycles cannot bypass the served HTML inventory (32.198583ms)
✔ complete synthetic SDK manifest passes (27.365667ms)
✔ stale lockfile is rejected (9.634792ms)
✔ stale build script is rejected (9.027459ms)
✔ stale SDK entry source is rejected (7.133833ms)
✔ stale storage adapter source is rejected (9.740792ms)
✔ stale PXE schema source is rejected (11.034917ms)
✔ stale imported dependency source is rejected (8.884958ms)
✔ stale toolchain helper is rejected (8.221291ms)
✔ stale runtime asset source is rejected (9.196459ms)
✔ stale bundle output is rejected (15.20075ms)
✔ stale worker output is rejected (21.54375ms)
✔ stale runtime asset output is rejected (11.276958ms)
✔ protocol version mismatch is rejected (10.620292ms)
✔ omitting required inputs entry shared/sdk-entry.mjs is rejected (12.669125ms)
✔ omitting required inputs entry shared/sdk-store.mjs is rejected (10.853542ms)
✔ omitting required inputs entry node_modules/@aztec/pxe/dest/storage/metadata.js is rejected (10.263292ms)
✔ omitting required inputs entry node_modules/@aztec/noir-acvm_js/web/acvm_js_bg.wasm is rejected (10.22ms)
✔ omitting required outputs entry sqlite.worker.js is rejected (11.891583ms)
✔ omitting required outputs entry sqlite3.wasm is rejected (14.130792ms)
✔ runtime asset output cannot differ from its source even with a refreshed output hash (21.046042ms)
✔ manifest inputs path confinement rejects ../outside.js (10.669917ms)
✔ manifest inputs path confinement rejects /outside.js (9.387583ms)
✔ manifest inputs path confinement rejects shared/../outside.js (8.471125ms)
✔ manifest inputs path confinement rejects shared\outside.js (11.969334ms)
✔ manifest outputs path confinement rejects ../outside.js (10.501875ms)
✔ manifest outputs path confinement rejects /outside.js (13.427167ms)
✔ manifest outputs path confinement rejects nested/worker.js (8.843833ms)
✔ manifest outputs path confinement rejects ..\outside.js (12.454834ms)
✔ inputs symlink cannot escape its allowed directory (8.598708ms)
✔ outputs symlink cannot escape its allowed directory (12.778166ms)
✔ invalid manifest structure is rejected (8.134292ms)
✔ malformed manifest digest is rejected (15.265375ms)
✔ missing worker file is rejected rather than silently omitted (9.904708ms)
✔ full Field wallet salt survives without Number narrowing (6.081458ms)
✔ invalid wallet salt fails closed 9007199254740992 (3.301709ms)
✔ invalid wallet salt fails closed -1 (0.821667ms)
✔ invalid wallet salt fails closed 0x (0.592583ms)
✔ invalid wallet salt fails closed 0001 (0.51025ms)
✔ invalid wallet salt fails closed 0x30644e72e131a029b85045b68181585d2833e84879b9709143e1f593f0000001 (0.6185ms)
✔ public wallet and symlink are rejected without modifying source files (4.684791ms)
✔ network endpoints must be explicit and do not read ambient configuration (0.918292ms)
✔ unsafe RPC endpoint rejects without echoing input (0.087458ms)
✔ unsafe RPC endpoint rejects without echoing input (0.072583ms)
✔ unsafe RPC endpoint rejects without echoing input (0.499625ms)
✔ missing user wallet never loads defaults (0.078667ms)
✔ escrow claim-secret encryption separates accounts sharing a key with different salts (25.6485ms)
ℹ tests 143
ℹ suites 0
ℹ pass 143
ℹ fail 0
ℹ cancelled 0
ℹ skipped 0
ℹ todo 0
ℹ duration_ms 713.518625
