✔ matching synthetic artifacts and recorded sources pass (95.054083ms)
✔ stale deploy Noir copy is rejected (59.891625ms)
✔ stale censor Noir copy is rejected (23.732334ms)
✔ missing verification key is rejected even when all consumer copies agree (16.85ms)
✔ empty private function set is rejected even when all consumer copies agree (21.640167ms)
✔ only public functions is rejected even when all consumer copies agree (23.301042ms)
✔ untranspiled artifact is rejected even when all consumer copies agree (19.294292ms)
✔ truthy non-boolean transpilation marker is rejected even when all consumer copies agree (21.477875ms)
✔ stale portal bytecode is rejected: apps/src/billboard/portal_bytecode.txt (62.897333ms)
✔ stale portal bytecode is rejected: apps/src/billboard/deploy/portal_bytecode.txt (45.334416ms)
✔ portal source drift is rejected by embedded compiler provenance (31.120375ms)
✔ missing Solidity source provenance is rejected (15.314ms)
✔ string-encoded Solidity metadata remains supported (33.736166ms)
✔ Noir source drift requires a rebuild (10.14725ms)
✔ Noir dependency declaration drift requires a rebuild (17.227834ms)
✔ root dependency lock drift requires a rebuild (48.343375ms)
✔ portal dependency lock drift requires a rebuild (17.937167ms)
✔ compiler configuration drift requires a rebuild (20.561417ms)
✔ toolchain pins drift requires a rebuild (25.203833ms)
✔ contract builder drift requires a rebuild (14.550917ms)
✔ Noir debug-path normalizer drift requires a rebuild (20.37125ms)
✔ Noir dependency verifier drift requires a rebuild (51.985708ms)
✔ Noir dependency pins drift requires a rebuild (10.6625ms)
✔ new Noir source omitted from the old manifest requires a rebuild (15.666917ms)
✔ contract manifest input hash tampering is rejected (25.842916ms)
✔ contract manifest noir hash tampering is rejected (21.493709ms)
✔ contract manifest portal hash tampering is rejected (12.54525ms)
✔ synchronized altered Noir artifacts still fail the recorded build hash (16.143458ms)
✔ synchronized altered portal bytecode still fails the recorded build hash (10.725125ms)
✔ privateFee key, extra route and stale content fail closed (11.550792ms)
✔ all verified local bytes reach SRS with the pinned v5 point counts (29.420917ms)
✔ old uncompressed-size local BN254 data is rejected before any prover call (1.096333ms)
✔ corrupt same-size cache and CDN bytes cannot initialize SRS (81.470125ms)
✔ bad local cache and bad first CDN fall back only to hash-verified second CDN bytes (22.69875ms)
✔ g1.dat uses the official v5 CDN filename and exact range (97.107833ms)
✔ grumpkin_g1.dat uses the official v5 CDN filename and exact range (25.170625ms)
✔ missing manifest is rejected before any data request (0.373375ms)
✔ different SDK release is rejected before any data request (1.36975ms)
✔ old schema is rejected before any data request (0.519083ms)
✔ wrong compressed format is rejected before any data request (0.145875ms)
✔ wrong G2 format is rejected before any data request (0.324917ms)
✔ wrong Grumpkin format is rejected before any data request (0.372333ms)
✔ old point count is rejected before any data request (0.093417ms)
✔ old Grumpkin filename is rejected before any data request (0.084292ms)
✔ unexpected network destination is rejected before any data request (0.077667ms)
✔ duplicate file is rejected before any data request (0.198792ms)
✔ invalid range is rejected before any data request (0.113875ms)
✔ missing derived entry is rejected before any data request (0.140625ms)
✔ wrong derived name is rejected before any data request (0.074584ms)
✔ wrong derived length is rejected before any data request (0.056541ms)
✔ wrong derived point count is rejected before any data request (0.053792ms)
✔ wrong derived format is rejected before any data request (0.058417ms)
✔ invalid derived digest is rejected before any data request (0.083375ms)
✔ derived remote URL is rejected before any data request (0.195583ms)
✔ missing provenance is rejected before any data request (0.056583ms)
✔ wrong derivation method is rejected before any data request (0.054875ms)
✔ wrong derivation SDK is rejected before any data request (0.061125ms)
✔ wrong derivation input name is rejected before any data request (0.059042ms)
✔ mismatched derivation input pin is rejected before any data request (0.063917ms)
✔ mismatched derivation G2 pin is rejected before any data request (0.044583ms)
✔ wrong derivation WASM path is rejected before any data request (0.04175ms)
✔ wrong derivation WASM digest is rejected before any data request (0.222ms)
✔ extra derivation metadata is rejected before any data request (0.199125ms)
✔ truncated body cannot be loaded (0.197375ms)
✔ oversized body cannot be loaded (0.090584ms)
✔ oversized content length cannot be loaded (0.366042ms)
✔ HTTP failure cannot be loaded (0.13425ms)
✔ empty successful response cannot be loaded (0.08ms)
✔ oversized streamed response is cancelled instead of reading remaining bytes (1.046167ms)
✔ non-ending HTTP error response is cancelled before rejection (0.096542ms)
✔ HTTP error response remains the rejection reason when cancellation fails (0.069625ms)
✔ BN254 initialization rejection prevents Grumpkin initialization (21.187667ms)
✔ unexpected BN254 response cannot be reported as initialized (18.78875ms)
✔ unexpected Grumpkin response cannot be reported as initialized (28.628667ms)
✔ browser loading uses the same checks with Web Crypto SHA-256 (49.710875ms)
✔ verified local derived bytes skip compressed reads and use the documented empty response (43.745375ms)
✔ derived corruption after the first two points falls back before any bad bytes reach SRS (161.16925ms)
✔ truncated derived input is rejected before hash verification and uses verified compressed fallback (23.368625ms)
✔ oversized derived input is rejected before hash verification and uses verified compressed fallback (67.538209ms)
✔ cache metadata wrapper is rejected before hash verification and uses verified compressed fallback (29.139125ms)
✔ corrupt derived bytes plus invalid compressed sources never invoke the prover (98.34475ms)
✔ missing derived and compressed local input fetches only the pinned compressed CDN bytes (51.697959ms)
✔ loader cannot replace the trusted metadata snapshot (55.240542ms)
✔ mismatched derived content pin never accepts bytes through supplied cache metadata (99.196417ms)
✔ derived initialization rejects nonempty output and does not initialize Grumpkin (53.89175ms)
✔ derived initialization rejects missing output and does not initialize Grumpkin (76.795875ms)
✔ derived initialization rejects wrong element type and does not initialize Grumpkin (52.599667ms)
✔ browser VM uses full Web Crypto digest verification for derived input (62.809583ms)
✔ build provenance rejects changed frontend sources paired with old HTML (70.235125ms)
✔ build provenance rejects output changes and removed output (67.905542ms)
✔ source removal and newly discovered app invalidate previous build (78.162666ms)
✔ partial or interrupted builds cannot preserve a valid aggregate manifest (80.7765ms)
✔ mid-build drift and private RPC overrides cannot be certified (83.277084ms)
✔ internal symlinks hash the actual source while escapes and cycles reject (29.387917ms)
✔ obsolete template cannot leave a served HTML page in certified output (41.905542ms)
✔ unexpected top-level and nested HTML reject certification without deletion (52.745417ms)
✔ output symlink escapes and cycles cannot bypass the served HTML inventory (47.209333ms)
✔ complete synthetic SDK manifest passes (54.918584ms)
✔ stale lockfile is rejected (15.388917ms)
✔ stale build script is rejected (31.556333ms)
✔ stale SDK entry source is rejected (19.196ms)
✔ stale storage adapter source is rejected (25.556666ms)
✔ stale PXE schema source is rejected (27.540125ms)
✔ stale imported dependency source is rejected (38.462375ms)
✔ stale toolchain helper is rejected (19.4965ms)
✔ stale runtime asset source is rejected (40.941375ms)
✔ stale bundle output is rejected (50.43025ms)
✔ stale worker output is rejected (28.34225ms)
✔ stale runtime asset output is rejected (27.374541ms)
✔ protocol version mismatch is rejected (12.117416ms)
✔ omitting required inputs entry shared/sdk-entry.mjs is rejected (12.135167ms)
✔ omitting required inputs entry shared/sdk-store.mjs is rejected (16.166416ms)
✔ omitting required inputs entry node_modules/@aztec/pxe/dest/storage/metadata.js is rejected (14.715417ms)
✔ omitting required inputs entry node_modules/@aztec/noir-acvm_js/web/acvm_js_bg.wasm is rejected (26.815375ms)
✔ omitting required outputs entry sqlite.worker.js is rejected (21.609458ms)
✔ omitting required outputs entry sqlite3.wasm is rejected (16.777792ms)
✔ runtime asset output cannot differ from its source even with a refreshed output hash (20.895208ms)
✔ manifest inputs path confinement rejects ../outside.js (41.068209ms)
✔ manifest inputs path confinement rejects /outside.js (91.805959ms)
✔ manifest inputs path confinement rejects shared/../outside.js (63.2385ms)
✔ manifest inputs path confinement rejects shared\outside.js (26.913ms)
✔ manifest outputs path confinement rejects ../outside.js (22.726125ms)
✔ manifest outputs path confinement rejects /outside.js (31.774583ms)
✔ manifest outputs path confinement rejects nested/worker.js (31.001375ms)
✔ manifest outputs path confinement rejects ..\outside.js (77.876958ms)
✔ inputs symlink cannot escape its allowed directory (38.079458ms)
✔ outputs symlink cannot escape its allowed directory (41.24825ms)
✔ invalid manifest structure is rejected (17.611791ms)
✔ malformed manifest digest is rejected (19.796333ms)
✔ missing worker file is rejected rather than silently omitted (20.12325ms)
✔ full Field wallet salt survives without Number narrowing (9.492708ms)
✔ invalid wallet salt fails closed 9007199254740992 (0.799958ms)
✔ invalid wallet salt fails closed -1 (1.12025ms)
✔ invalid wallet salt fails closed 0x (0.4655ms)
✔ invalid wallet salt fails closed 0001 (0.709167ms)
✔ invalid wallet salt fails closed 0x30644e72e131a029b85045b68181585d2833e84879b9709143e1f593f0000001 (0.477459ms)
✔ public wallet and symlink are rejected without modifying source files (0.732208ms)
✔ network endpoints must be explicit and do not read ambient configuration (5.182541ms)
✔ unsafe RPC endpoint rejects without echoing input (0.2385ms)
✔ unsafe RPC endpoint rejects without echoing input (0.092625ms)
✔ unsafe RPC endpoint rejects without echoing input (0.053583ms)
✔ missing user wallet never loads defaults (1.660667ms)
✔ escrow claim-secret encryption separates accounts sharing a key with different salts (37.779708ms)
ℹ tests 143
ℹ suites 0
ℹ pass 143
ℹ fail 0
ℹ cancelled 0
ℹ skipped 0
ℹ todo 0
ℹ duration_ms 1559.426583
