✔ approve then persist nonce-bound public recovery before deposit; recover exact private claim (584.619875ms)
✔ existing allowance avoids approval and uses pending sender nonce (41.388334ms)
✔ save failure prevents deposit (21.452958ms)
✔ ambiguous send retains public recovery, never retries or leaks raw error (17.946958ms)
✔ rejects inadequate user token balance before approval (15.00125ms)
✔ rejects wrong L1 network before any transaction (21.2355ms)
✔ rejects wrong portal version before any transaction (14.023667ms)
✔ recovery rejects reorg (55.378375ms)
✔ recovery rejects reverted (59.30775ms)
✔ recovery rejects wrong nonce (50.278166ms)
✔ recovery rejects wrong sender (45.2235ms)
✔ recovery rejects wrong calldata (45.471625ms)
✔ recovery rejects missing event (47.163333ms)
✔ recovery rejects duplicate event (44.98725ms)
✔ public record from another wallet cannot recover credit (43.042458ms)
✔ public record from another owner cannot recover credit (44.973125ms)
✔ recovery requires hash and trusted deployment scope (45.097667ms)
✔ confirmed approval nonce overrides stale Ethers pending cache (27.172584ms)
✔ failure diagnostics expose only finite phase and safe codes (16.719125ms)
✔ lost approval response is recovered by sender nonce and never silently approved twice (65.892791ms)
✔ lost bridge-deposit response recovers exact funding provenance without an unstored hash or another payment (43.681209ms)
✔ missing durable fee journal prevents token approval (13.698875ms)
✔ portable journal alone restores private-fee funding provenance in a fresh store (48.703167ms)
✔ file: empty Ethereum journal reports its own recovery route (10.053542ms)
✔ file: deposit requires matching canonical receipt and event (36.329667ms)
✔ file: withdraw requires matching canonical receipt and event (26.790708ms)
✔ file: lost response before hash storage finds original sender/nonce without another send (24.313625ms)
✔ file: rejection/crash before broadcast retains exact nonce, calldata and value for explicit retry (22.370667ms)
✔ file: storage failure stops before wallet request (1.097333ms)
✔ file: concurrent intent saves authorize only one signer request (23.470667ms)
✔ file: reorg prevents acknowledgement and never reports paid (21.208125ms)
✔ file: reverted or replaced transaction is not a successful payment (20.696958ms)
✔ file: missing refund event cannot prove payment (22.055666ms)
✔ file: nonce refund event cannot prove payment (23.073958ms)
✔ file: amount refund event cannot prove payment (23.994375ms)
✔ file: address refund event cannot prove payment (22.502792ms)
✔ file: duplicate refund event cannot prove payment (21.69925ms)
✔ file: full salt/authentication mismatch and chain change fail before signing (22.574625ms)
✔ file: long history checkpoints survive failed lookup and resume without skipping gaps (1096.506458ms)
✔ indexeddb: empty Ethereum journal reports its own recovery route (3.146334ms)
✔ indexeddb: deposit requires matching canonical receipt and event (5.236875ms)
✔ indexeddb: withdraw requires matching canonical receipt and event (4.718125ms)
✔ indexeddb: lost response before hash storage finds original sender/nonce without another send (2.606542ms)
✔ indexeddb: rejection/crash before broadcast retains exact nonce, calldata and value for explicit retry (3.06525ms)
✔ indexeddb: storage failure stops before wallet request (1.256ms)
✔ indexeddb: concurrent intent saves authorize only one signer request (3.09275ms)
✔ indexeddb: reorg prevents acknowledgement and never reports paid (2.457834ms)
✔ indexeddb: reverted or replaced transaction is not a successful payment (2.430125ms)
✔ indexeddb: missing refund event cannot prove payment (2.268958ms)
✔ indexeddb: nonce refund event cannot prove payment (2.984708ms)
✔ indexeddb: amount refund event cannot prove payment (3.13825ms)
✔ indexeddb: address refund event cannot prove payment (2.584958ms)
✔ indexeddb: duplicate refund event cannot prove payment (2.831792ms)
✔ indexeddb: full salt/authentication mismatch and chain change fail before signing (3.32175ms)
✔ indexeddb: long history checkpoints survive failed lookup and resume without skipping gaps (56.530958ms)
✔ Ethereum lookup obeys a short read deadline (13.687958ms)
ℹ tests 56
ℹ suites 0
ℹ pass 56
ℹ fail 0
ℹ cancelled 0
ℹ skipped 0
ℹ todo 0
ℹ duration_ms 2627.742417
