✔ file: deposit requires matching canonical receipt and event (68.774542ms)
✔ file: withdraw requires matching canonical receipt and event (24.931ms)
✔ file: lost response before hash storage finds original sender/nonce without another send (27.45375ms)
✔ file: rejection/crash before broadcast retains exact nonce, calldata and value for explicit retry (26.68975ms)
✔ file: storage failure stops before wallet request (1.719959ms)
✔ file: concurrent intent saves authorize only one signer request (22.689917ms)
✔ file: reorg prevents acknowledgement and never reports paid (28.91225ms)
✔ file: reverted or replaced transaction is not a successful payment (24.615333ms)
✔ file: missing refund event cannot prove payment (22.658833ms)
✔ file: nonce refund event cannot prove payment (24.251333ms)
✔ file: amount refund event cannot prove payment (25.891ms)
✔ file: address refund event cannot prove payment (26.327667ms)
✔ file: duplicate refund event cannot prove payment (22.747959ms)
✔ file: full salt/authentication mismatch and chain change fail before signing (24.134917ms)
✔ file: long history checkpoints survive failed lookup and resume without skipping gaps (1075.74875ms)
✔ indexeddb: deposit requires matching canonical receipt and event (9.224875ms)
✔ indexeddb: withdraw requires matching canonical receipt and event (4.675541ms)
✔ indexeddb: lost response before hash storage finds original sender/nonce without another send (2.871834ms)
✔ indexeddb: rejection/crash before broadcast retains exact nonce, calldata and value for explicit retry (3.945583ms)
✔ indexeddb: storage failure stops before wallet request (0.956292ms)
✔ indexeddb: concurrent intent saves authorize only one signer request (2.866ms)
✔ indexeddb: reorg prevents acknowledgement and never reports paid (4.267458ms)
✔ indexeddb: reverted or replaced transaction is not a successful payment (3.267875ms)
✔ indexeddb: missing refund event cannot prove payment (2.842084ms)
✔ indexeddb: nonce refund event cannot prove payment (3.842917ms)
✔ indexeddb: amount refund event cannot prove payment (3.578541ms)
✔ indexeddb: address refund event cannot prove payment (4.115958ms)
✔ indexeddb: duplicate refund event cannot prove payment (2.930291ms)
✔ indexeddb: full salt/authentication mismatch and chain change fail before signing (2.852166ms)
✔ indexeddb: long history checkpoints survive failed lookup and resume without skipping gaps (62.289042ms)
✔ Ethereum lookup obeys a short read deadline (11.511791ms)
✔ file: crash before broadcast recovers identical actual SDK transaction without a new proof (285.187459ms)
✔ file: crash after broadcast recovers receipt without resending; acknowledgement is explicit (241.036417ms)
✔ file: canonical recheck rejects previously acknowledged receipt after reorg (150.804875ms)
✔ file: concurrent prepare permits exactly one durable transaction (114.93125ms)
✔ file: wrong key and full-salt mismatch fail authentication (186.099292ms)
✔ file: scope separation never recovers another board or chain (78.011125ms)
✔ file: failed execution, uncertain drop, RPC error and foreign receipt never permit replacement (371.37875ms)
✔ file: wallet context change prevents recovery broadcast (174.376625ms)
✔ file: persisted envelope excludes transaction and wallet plaintext and tampering fails closed (139.64725ms)
✔ indexeddb: crash before broadcast recovers identical actual SDK transaction without a new proof (189.645125ms)
✔ indexeddb: crash after broadcast recovers receipt without resending; acknowledgement is explicit (234.329917ms)
✔ indexeddb: canonical recheck rejects previously acknowledged receipt after reorg (122.6975ms)
✔ indexeddb: concurrent prepare permits exactly one durable transaction (113.636375ms)
✔ indexeddb: wrong key and full-salt mismatch fail authentication (156.24925ms)
✔ indexeddb: scope separation never recovers another board or chain (76.08925ms)
✔ indexeddb: failed execution, uncertain drop, RPC error and foreign receipt never permit replacement (408.0955ms)
✔ indexeddb: wallet context change prevents recovery broadcast (134.9815ms)
✔ indexeddb: persisted envelope excludes transaction and wallet plaintext and tampering fails closed (113.253875ms)
✔ file adapter rejects symlinks, unsafe modes and stale locks without replacing data (1.395625ms)
✔ abrupt worker death after durable prepare preserves exact recovery transaction (409.118583ms)
ℹ tests 51
ℹ suites 0
ℹ pass 51
ℹ fail 0
ℹ cancelled 0
ℹ skipped 0
ℹ todo 0
ℹ duration_ms 4722.242167
