✔ workflow guard accepts unchanged output and ignores unrelated evidence (392.773208ms)
✔ workflow guard fails each overwritten committed output after a rebuild (729.588667ms)
✔ workflow guard rejects staged regeneration and removed consumers (229.312167ms)
✔ workflow guard rejects newly generated uncommitted application outputs (117.5525ms)
✔ matching synthetic artifacts and recorded sources pass (24.451042ms)
✔ stale deploy Noir copy is rejected (33.256042ms)
✔ stale censor Noir copy is rejected (17.389583ms)
✔ missing verification key is rejected even when all consumer copies agree (25.820083ms)
✔ empty private function set is rejected even when all consumer copies agree (21.465708ms)
✔ only public functions is rejected even when all consumer copies agree (19.651583ms)
✔ untranspiled artifact is rejected even when all consumer copies agree (23.495166ms)
✔ truthy non-boolean transpilation marker is rejected even when all consumer copies agree (18.452291ms)
✔ stale portal bytecode is rejected: apps/src/billboard/portal_bytecode.txt (15.312333ms)
✔ stale portal bytecode is rejected: apps/src/billboard/deploy/portal_bytecode.txt (14.452458ms)
✔ portal source drift is rejected by embedded compiler provenance (12.559041ms)
✔ missing Solidity source provenance is rejected (16.896292ms)
✔ string-encoded Solidity metadata remains supported (15.73625ms)
✔ Noir source drift requires a rebuild (14.233333ms)
✔ Noir dependency declaration drift requires a rebuild (13.356208ms)
✔ root dependency lock drift requires a rebuild (10.226875ms)
✔ portal dependency lock drift requires a rebuild (11.846125ms)
✔ compiler configuration drift requires a rebuild (12.584084ms)
✔ toolchain pins drift requires a rebuild (12.266083ms)
✔ contract builder drift requires a rebuild (9.812042ms)
✔ Noir debug-path normalizer drift requires a rebuild (10.297542ms)
✔ Noir dependency verifier drift requires a rebuild (12.522625ms)
✔ Noir dependency pins drift requires a rebuild (10.257167ms)
✔ new Noir source omitted from the old manifest requires a rebuild (11.285167ms)
✔ contract manifest input hash tampering is rejected (10.946125ms)
✔ contract manifest noir hash tampering is rejected (10.499625ms)
✔ contract manifest portal hash tampering is rejected (9.672583ms)
✔ synchronized altered Noir artifacts still fail the recorded build hash (11.799958ms)
✔ synchronized altered portal bytecode still fails the recorded build hash (11.143584ms)
✔ privateFee key, extra route and stale content fail closed (10.08575ms)
✔ user generated page binds the canonical privateFee and isolated RPC credential (136.754667ms)
✔ censor generated page binds the canonical privateFee and isolated RPC credential (40.430291ms)
✔ deploy generated page binds the canonical privateFee and isolated RPC credential (53.166083ms)
✔ fee-juice generated page binds the canonical privateFee and isolated RPC credential (42.337125ms)
✔ user feed resolves large stable IDs and decodes seven-field reasons with explicit length (13.588917ms)
✔ censor feed resolves large stable IDs and decodes seven-field reasons with explicit length (3.69575ms)
✔ user countdown does not announce withdrawal eligibility while screened debt remains (1.404375ms)
✔ seven-field reasons enforce byte length, UTF-8 and exact padding (3.745958ms)
✔ flag carries immutable post policy and rejects a mismatched reviewed version (0.95275ms)
✔ policy content and version are read atomically without independent latest-state reads (0.251042ms)
✔ build provenance rejects changed frontend sources paired with old HTML (65.293584ms)
✔ build provenance rejects output changes and removed output (50.587041ms)
✔ source removal and newly discovered app invalidate previous build (44.227125ms)
✔ partial or interrupted builds cannot preserve a valid aggregate manifest (58.90925ms)
✔ mid-build drift and private RPC overrides cannot be certified (74.556625ms)
✔ internal symlinks hash the actual source while escapes and cycles reject (45.615459ms)
✔ obsolete template cannot leave a served HTML page in certified output (42.848292ms)
✔ unexpected top-level and nested HTML reject certification without deletion (48.516916ms)
✔ output symlink escapes and cycles cannot bypass the served HTML inventory (36.179083ms)
✔ actual raw Noir inventory survives JSON round trip including absent optional metadata (77.144375ms)
✔ missing VK, duplicate functions and malformed encoded bytecode are rejected (39.192958ms)
✔ runtime is labeled a template with immutable references and byte changes invalidate inventory (2.472834ms)
✔ removed assets, source drift and changed verification keys fail complete inventory comparison (24.080166ms)
✔ valid no-screening and linked hints survive SDK result wrappers (4.984833ms)
✔ malformed result never silently becomes empty hints (2.010792ms)
✔ missing, conflicting, stale and transport errors are explicit and redact raw data (0.480292ms)
✔ complete synthetic SDK manifest passes (41.248458ms)
✔ stale lockfile is rejected (21.915833ms)
✔ stale build script is rejected (20.473417ms)
✔ stale SDK entry source is rejected (15.80575ms)
✔ stale storage adapter source is rejected (19.67775ms)
✔ stale PXE schema source is rejected (15.437667ms)
✔ stale imported dependency source is rejected (20.026292ms)
✔ stale toolchain helper is rejected (21.4565ms)
✔ stale runtime asset source is rejected (20.083292ms)
✔ stale bundle output is rejected (44.136042ms)
✔ stale worker output is rejected (24.600375ms)
✔ stale runtime asset output is rejected (26.405458ms)
✔ protocol version mismatch is rejected (23.689458ms)
✔ omitting required inputs entry shared/sdk-entry.mjs is rejected (20.866958ms)
✔ omitting required inputs entry shared/sdk-store.mjs is rejected (22.611209ms)
✔ omitting required inputs entry node_modules/@aztec/pxe/dest/storage/metadata.js is rejected (17.218ms)
✔ omitting required inputs entry node_modules/@aztec/noir-acvm_js/web/acvm_js_bg.wasm is rejected (21.663458ms)
✔ omitting required outputs entry sqlite.worker.js is rejected (17.736708ms)
✔ omitting required outputs entry sqlite3.wasm is rejected (16.966084ms)
✔ runtime asset output cannot differ from its source even with a refreshed output hash (20.846166ms)
✔ manifest inputs path confinement rejects ../outside.js (18.099584ms)
✔ manifest inputs path confinement rejects /outside.js (13.412667ms)
✔ manifest inputs path confinement rejects shared/../outside.js (14.39075ms)
✔ manifest inputs path confinement rejects shared\outside.js (13.503375ms)
✔ manifest outputs path confinement rejects ../outside.js (17.816875ms)
✔ manifest outputs path confinement rejects /outside.js (15.192167ms)
✔ manifest outputs path confinement rejects nested/worker.js (16.599375ms)
✔ manifest outputs path confinement rejects ..\outside.js (13.230791ms)
✔ inputs symlink cannot escape its allowed directory (15.7815ms)
✔ outputs symlink cannot escape its allowed directory (14.994541ms)
✔ invalid manifest structure is rejected (12.616667ms)
✔ malformed manifest digest is rejected (13.518709ms)
✔ missing worker file is rejected rather than silently omitted (10.027541ms)
ℹ tests 93
ℹ suites 0
ℹ pass 93
ℹ fail 0
ℹ cancelled 0
ℹ skipped 0
ℹ todo 0
ℹ duration_ms 1554.622
