✔ workflow guard accepts unchanged output and ignores unrelated evidence (376.73975ms)
✔ workflow guard fails each overwritten committed output after a rebuild (736.243875ms)
✔ workflow guard rejects staged regeneration and removed consumers (149.780541ms)
✔ workflow guard rejects newly generated uncommitted application outputs (104.759667ms)
✔ matching synthetic artifacts and recorded sources pass (31.411792ms)
✔ stale deploy Noir copy is rejected (42.365666ms)
✔ stale censor Noir copy is rejected (18.652792ms)
✔ missing verification key is rejected even when all consumer copies agree (14.435708ms)
✔ empty private function set is rejected even when all consumer copies agree (17.801833ms)
✔ only public functions is rejected even when all consumer copies agree (18.942459ms)
✔ untranspiled artifact is rejected even when all consumer copies agree (16.358833ms)
✔ truthy non-boolean transpilation marker is rejected even when all consumer copies agree (18.643167ms)
✔ stale portal bytecode is rejected: apps/src/billboard/portal_bytecode.txt (18.062791ms)
✔ stale portal bytecode is rejected: apps/src/billboard/deploy/portal_bytecode.txt (17.605208ms)
✔ portal source drift is rejected by embedded compiler provenance (16.711584ms)
✔ missing Solidity source provenance is rejected (13.248708ms)
✔ string-encoded Solidity metadata remains supported (18.213917ms)
✔ Noir source drift requires a rebuild (13.276458ms)
✔ Noir dependency declaration drift requires a rebuild (17.2285ms)
✔ root dependency lock drift requires a rebuild (13.924083ms)
✔ portal dependency lock drift requires a rebuild (12.030791ms)
✔ compiler configuration drift requires a rebuild (10.9225ms)
✔ toolchain pins drift requires a rebuild (12.480708ms)
✔ contract builder drift requires a rebuild (10.499875ms)
✔ Noir debug-path normalizer drift requires a rebuild (10.970833ms)
✔ Noir dependency verifier drift requires a rebuild (10.760875ms)
✔ Noir dependency pins drift requires a rebuild (10.443791ms)
✔ new Noir source omitted from the old manifest requires a rebuild (11.956292ms)
✔ contract manifest input hash tampering is rejected (9.922084ms)
✔ contract manifest noir hash tampering is rejected (11.080167ms)
✔ contract manifest portal hash tampering is rejected (10.821875ms)
✔ synchronized altered Noir artifacts still fail the recorded build hash (11.136625ms)
✔ synchronized altered portal bytecode still fails the recorded build hash (9.76775ms)
✔ privateFee key, extra route and stale content fail closed (11.883417ms)
✔ user generated page binds the canonical privateFee and isolated RPC credential (125.1905ms)
✔ censor generated page binds the canonical privateFee and isolated RPC credential (38.967459ms)
✔ deploy generated page binds the canonical privateFee and isolated RPC credential (49.129709ms)
✔ fee-juice generated page binds the canonical privateFee and isolated RPC credential (37.740584ms)
✔ user feed resolves large stable IDs and decodes seven-field reasons with explicit length (8.44425ms)
✔ censor feed resolves large stable IDs and decodes seven-field reasons with explicit length (2.227916ms)
✔ user countdown does not announce withdrawal eligibility while screened debt remains (0.739333ms)
✔ seven-field reasons enforce byte length, UTF-8 and exact padding (4.523708ms)
✔ flag carries immutable post policy and rejects a mismatched reviewed version (1.004667ms)
✔ policy content and version are read atomically without independent latest-state reads (0.246042ms)
✔ build provenance rejects changed frontend sources paired with old HTML (52.508542ms)
✔ build provenance rejects output changes and removed output (51.010125ms)
✔ source removal and newly discovered app invalidate previous build (55.235167ms)
✔ partial or interrupted builds cannot preserve a valid aggregate manifest (90.893084ms)
✔ mid-build drift and private RPC overrides cannot be certified (47.504ms)
✔ internal symlinks hash the actual source while escapes and cycles reject (41.2345ms)
✔ obsolete template cannot leave a served HTML page in certified output (39.952834ms)
✔ unexpected top-level and nested HTML reject certification without deletion (49.836041ms)
✔ output symlink escapes and cycles cannot bypass the served HTML inventory (38.856334ms)
✔ actual raw Noir inventory survives JSON round trip including absent optional metadata (63.383334ms)
✔ missing VK, duplicate functions and malformed encoded bytecode are rejected (36.643416ms)
✔ runtime is labeled a template with immutable references and byte changes invalidate inventory (1.730083ms)
✔ removed assets, source drift and changed verification keys fail complete inventory comparison (24.1745ms)
✔ valid no-screening and linked hints survive SDK result wrappers (3.50775ms)
✔ malformed result never silently becomes empty hints (0.924333ms)
✔ missing, conflicting, stale and transport errors are explicit and redact raw data (0.299292ms)
✔ complete synthetic SDK manifest passes (36.244875ms)
✔ stale lockfile is rejected (19.661625ms)
✔ stale build script is rejected (23.240583ms)
✔ stale SDK entry source is rejected (19.229ms)
✔ stale storage adapter source is rejected (23.645208ms)
✔ stale PXE schema source is rejected (24.902709ms)
✔ stale imported dependency source is rejected (22.964083ms)
✔ stale toolchain helper is rejected (32.2455ms)
✔ stale runtime asset source is rejected (33.157292ms)
✔ stale bundle output is rejected (29.897334ms)
✔ stale worker output is rejected (20.20575ms)
✔ stale runtime asset output is rejected (20.896834ms)
✔ protocol version mismatch is rejected (21.430625ms)
✔ omitting required inputs entry shared/sdk-entry.mjs is rejected (20.022166ms)
✔ omitting required inputs entry shared/sdk-store.mjs is rejected (19.794833ms)
✔ omitting required inputs entry node_modules/@aztec/pxe/dest/storage/metadata.js is rejected (22.725416ms)
✔ omitting required inputs entry node_modules/@aztec/noir-acvm_js/web/acvm_js_bg.wasm is rejected (18.465709ms)
✔ omitting required outputs entry sqlite.worker.js is rejected (19.620209ms)
✔ omitting required outputs entry sqlite3.wasm is rejected (17.399042ms)
✔ runtime asset output cannot differ from its source even with a refreshed output hash (23.055208ms)
✔ manifest inputs path confinement rejects ../outside.js (15.625708ms)
✔ manifest inputs path confinement rejects /outside.js (15.195166ms)
✔ manifest inputs path confinement rejects shared/../outside.js (17.644667ms)
✔ manifest inputs path confinement rejects shared\outside.js (13.396208ms)
✔ manifest outputs path confinement rejects ../outside.js (16.795875ms)
✔ manifest outputs path confinement rejects /outside.js (15.234541ms)
✔ manifest outputs path confinement rejects nested/worker.js (14.992ms)
✔ manifest outputs path confinement rejects ..\outside.js (15.721166ms)
✔ inputs symlink cannot escape its allowed directory (15.176625ms)
✔ outputs symlink cannot escape its allowed directory (17.466375ms)
✔ invalid manifest structure is rejected (12.496166ms)
✔ malformed manifest digest is rejected (10.939625ms)
✔ missing worker file is rejected rather than silently omitted (10.861417ms)
ℹ tests 93
ℹ suites 0
ℹ pass 93
ℹ fail 0
ℹ cancelled 0
ℹ skipped 0
ℹ todo 0
ℹ duration_ms 1471.635708
