✔ workflow guard accepts unchanged output and ignores unrelated evidence (304.6805ms)
✔ workflow guard fails each overwritten committed output after a rebuild (768.992666ms)
✔ workflow guard rejects staged regeneration and removed consumers (134.971667ms)
✔ workflow guard rejects newly generated uncommitted application outputs (122.651459ms)
✔ matching synthetic artifacts and recorded sources pass (35.167583ms)
✔ stale deploy Noir copy is rejected (11.265584ms)
✔ stale censor Noir copy is rejected (30.914ms)
✔ missing verification key is rejected even when all consumer copies agree (27.719167ms)
✔ empty private function set is rejected even when all consumer copies agree (18.282166ms)
✔ only public functions is rejected even when all consumer copies agree (17.474417ms)
✔ untranspiled artifact is rejected even when all consumer copies agree (22.22125ms)
✔ truthy non-boolean transpilation marker is rejected even when all consumer copies agree (10.778667ms)
✔ stale portal bytecode is rejected: apps/src/billboard/portal_bytecode.txt (12.065292ms)
✔ stale portal bytecode is rejected: apps/src/billboard/deploy/portal_bytecode.txt (8.422583ms)
✔ portal source drift is rejected by embedded compiler provenance (9.217625ms)
✔ missing Solidity source provenance is rejected (12.003ms)
✔ string-encoded Solidity metadata remains supported (15.596708ms)
✔ Noir source drift requires a rebuild (12.060208ms)
✔ Noir dependency declaration drift requires a rebuild (15.063042ms)
✔ root dependency lock drift requires a rebuild (10.081083ms)
✔ portal dependency lock drift requires a rebuild (14.470792ms)
✔ compiler configuration drift requires a rebuild (12.887375ms)
✔ toolchain pins drift requires a rebuild (15.684333ms)
✔ contract builder drift requires a rebuild (14.139833ms)
✔ Noir debug-path normalizer drift requires a rebuild (8.530583ms)
✔ Noir dependency verifier drift requires a rebuild (10.75425ms)
✔ Noir dependency pins drift requires a rebuild (9.618792ms)
✔ new Noir source omitted from the old manifest requires a rebuild (11.562125ms)
✔ contract manifest input hash tampering is rejected (8.273584ms)
✔ contract manifest noir hash tampering is rejected (8.559208ms)
✔ contract manifest portal hash tampering is rejected (9.671959ms)
✔ synchronized altered Noir artifacts still fail the recorded build hash (15.321833ms)
✔ synchronized altered portal bytecode still fails the recorded build hash (9.237791ms)
✔ privateFee key, extra route and stale content fail closed (12.032083ms)
✔ user generated page binds the canonical privateFee and isolated RPC credential (106.501084ms)
✔ censor generated page binds the canonical privateFee and isolated RPC credential (39.922417ms)
✔ deploy generated page binds the canonical privateFee and isolated RPC credential (53.404ms)
✔ fee-juice generated page binds the canonical privateFee and isolated RPC credential (27.1985ms)
✔ build provenance rejects changed frontend sources paired with old HTML (25.66775ms)
✔ build provenance rejects output changes and removed output (43.98575ms)
✔ source removal and newly discovered app invalidate previous build (54.794708ms)
✔ partial or interrupted builds cannot preserve a valid aggregate manifest (74.63125ms)
✔ mid-build drift and private RPC overrides cannot be certified (49.403375ms)
✔ internal symlinks hash the actual source while escapes and cycles reject (28.94025ms)
✔ obsolete template cannot leave a served HTML page in certified output (30.440583ms)
✔ unexpected top-level and nested HTML reject certification without deletion (38.017458ms)
✔ output symlink escapes and cycles cannot bypass the served HTML inventory (36.181042ms)
✔ actual raw Noir inventory survives JSON round trip including absent optional metadata (54.924792ms)
✔ missing VK, duplicate functions and malformed encoded bytecode are rejected (42.645583ms)
✔ runtime is labeled a template with immutable references and byte changes invalidate inventory (2.5175ms)
✔ removed assets, source drift and changed verification keys fail complete inventory comparison (18.780583ms)
✔ complete synthetic SDK manifest passes (13.722375ms)
✔ stale lockfile is rejected (10.229333ms)
✔ stale build script is rejected (13.069584ms)
✔ stale SDK entry source is rejected (9.452333ms)
✔ stale storage adapter source is rejected (42.594791ms)
✔ stale PXE schema source is rejected (19.788375ms)
✔ stale imported dependency source is rejected (19.646167ms)
✔ stale toolchain helper is rejected (37.684ms)
✔ stale runtime asset source is rejected (26.327708ms)
✔ stale bundle output is rejected (26.209333ms)
✔ stale worker output is rejected (16.353833ms)
✔ stale runtime asset output is rejected (15.4925ms)
✔ protocol version mismatch is rejected (13.056958ms)
✔ omitting required inputs entry shared/sdk-entry.mjs is rejected (12.1275ms)
✔ omitting required inputs entry shared/sdk-store.mjs is rejected (15.370791ms)
✔ omitting required inputs entry node_modules/@aztec/pxe/dest/storage/metadata.js is rejected (14.555125ms)
✔ omitting required inputs entry node_modules/@aztec/noir-acvm_js/web/acvm_js_bg.wasm is rejected (16.738459ms)
✔ omitting required outputs entry sqlite.worker.js is rejected (14.871625ms)
✔ omitting required outputs entry sqlite3.wasm is rejected (16.68775ms)
✔ runtime asset output cannot differ from its source even with a refreshed output hash (17.736708ms)
✔ manifest inputs path confinement rejects ../outside.js (23.203875ms)
✔ manifest inputs path confinement rejects /outside.js (12.275375ms)
✔ manifest inputs path confinement rejects shared/../outside.js (11.590833ms)
✔ manifest inputs path confinement rejects shared\outside.js (11.393167ms)
✔ manifest outputs path confinement rejects ../outside.js (13.316667ms)
✔ manifest outputs path confinement rejects /outside.js (14.160708ms)
✔ manifest outputs path confinement rejects nested/worker.js (20.561083ms)
✔ manifest outputs path confinement rejects ..\outside.js (12.461375ms)
✔ inputs symlink cannot escape its allowed directory (14.235375ms)
✔ outputs symlink cannot escape its allowed directory (18.625917ms)
✔ invalid manifest structure is rejected (8.893584ms)
✔ malformed manifest digest is rejected (9.125708ms)
✔ missing worker file is rejected rather than silently omitted (12.550333ms)
ℹ tests 84
ℹ suites 0
ℹ pass 84
ℹ fail 0
ℹ cancelled 0
ℹ skipped 0
ℹ todo 0
ℹ duration_ms 1374.817666
