✔ funding deposits to shared address and passes mandatory recovery callback (2.065667ms)
✔ standalone claim uses standard author entrypoint with only private fee payload, then stops PXE (0.745209ms)
✔ browser recovery storage preserves earlier deposits and refuses conflicting replacements or secrets (0.707125ms)
✔ deposit below claim fee is rejected before requesting L1 funding (0.528375ms)
✔ private fee claim refuses missing or unresolved recovery storage before consuming bridge information (2.13275ms)
✔ private fee success recovery requires no Ethereum signer, bridge claim file or PXE (1.256042ms)
✔ private fee reverted recovery requires no Ethereum signer, bridge claim file or PXE (0.697833ms)
✔ approve then persist nonce-bound public recovery before deposit; recover exact private claim (254.419792ms)
✔ existing allowance avoids approval and uses pending sender nonce (39.655709ms)
✔ save failure prevents deposit (17.298709ms)
✔ ambiguous send retains public recovery, never retries or leaks raw error (18.683458ms)
✔ rejects inadequate user token balance before approval (14.179542ms)
✔ rejects wrong L1 network before any transaction (14.904375ms)
✔ rejects wrong portal version before any transaction (13.508625ms)
✔ recovery rejects reorg (48.20475ms)
✔ recovery rejects reverted (45.497209ms)
✔ recovery rejects wrong nonce (47.381709ms)
✔ recovery rejects wrong sender (58.965791ms)
✔ recovery rejects wrong calldata (44.224292ms)
✔ recovery rejects missing event (43.733625ms)
✔ recovery rejects duplicate event (43.17175ms)
✔ public record from another wallet cannot recover credit (52.231583ms)
✔ public record from another owner cannot recover credit (47.279583ms)
✔ recovery requires hash and trusted deployment scope (48.612083ms)
✔ confirmed approval nonce overrides stale Ethers pending cache (48.367ms)
✔ failure diagnostics expose only finite phase and safe codes (18.355ms)
✔ lost approval response is recovered by sender nonce and never silently approved twice (86.167041ms)
✔ lost bridge-deposit response recovers exact funding provenance without an unstored hash or another payment (51.678791ms)
✔ missing durable fee journal prevents token approval (12.989083ms)
✔ file: empty Ethereum journal reports its own recovery route (10.043208ms)
✔ file: deposit requires matching canonical receipt and event (34.884334ms)
✔ file: withdraw requires matching canonical receipt and event (23.762875ms)
✔ file: lost response before hash storage finds original sender/nonce without another send (19.664292ms)
✔ file: rejection/crash before broadcast retains exact nonce, calldata and value for explicit retry (20.531792ms)
✔ file: storage failure stops before wallet request (1.488375ms)
✔ file: concurrent intent saves authorize only one signer request (18.785625ms)
✔ file: reorg prevents acknowledgement and never reports paid (19.541541ms)
✔ file: reverted or replaced transaction is not a successful payment (19.769083ms)
✔ file: missing refund event cannot prove payment (20.975917ms)
✔ file: nonce refund event cannot prove payment (28.321959ms)
✔ file: amount refund event cannot prove payment (20.522209ms)
✔ file: address refund event cannot prove payment (21.914958ms)
✔ file: duplicate refund event cannot prove payment (23.446875ms)
✔ file: full salt/authentication mismatch and chain change fail before signing (22.181375ms)
✔ file: long history checkpoints survive failed lookup and resume without skipping gaps (1028.809709ms)
✔ indexeddb: empty Ethereum journal reports its own recovery route (2.7735ms)
✔ indexeddb: deposit requires matching canonical receipt and event (4.473417ms)
✔ indexeddb: withdraw requires matching canonical receipt and event (5.773084ms)
✔ indexeddb: lost response before hash storage finds original sender/nonce without another send (2.498375ms)
✔ indexeddb: rejection/crash before broadcast retains exact nonce, calldata and value for explicit retry (2.911875ms)
✔ indexeddb: storage failure stops before wallet request (0.913583ms)
✔ indexeddb: concurrent intent saves authorize only one signer request (3.61275ms)
✔ indexeddb: reorg prevents acknowledgement and never reports paid (2.787792ms)
✔ indexeddb: reverted or replaced transaction is not a successful payment (2.594583ms)
✔ indexeddb: missing refund event cannot prove payment (2.958667ms)
✔ indexeddb: nonce refund event cannot prove payment (3.136042ms)
✔ indexeddb: amount refund event cannot prove payment (3.475333ms)
✔ indexeddb: address refund event cannot prove payment (2.180542ms)
✔ indexeddb: duplicate refund event cannot prove payment (2.535ms)
✔ indexeddb: full salt/authentication mismatch and chain change fail before signing (2.882ms)
✔ indexeddb: long history checkpoints survive failed lookup and resume without skipping gaps (51.049583ms)
✔ Ethereum lookup obeys a short read deadline (13.776958ms)
ℹ tests 62
ℹ suites 0
ℹ pass 62
ℹ fail 0
ℹ cancelled 0
ℹ skipped 0
ℹ todo 0
ℹ duration_ms 2524.053209
