✔ normal author calls carry only private payment method and bootstrap claim is consumed once (4.455ms)
✔ unknown submission is preserved without retry and private errors are redacted (2.205666ms)
✔ missing private fee configuration fails before account work for every private action (2.53175ms)
✔ actual wallet keeps configured gas and normal account scope/tag through simulation and proof (35.334459ms)
✔ actual main claim uses standard author call with private fee payment (18.060583ms)
✔ actual main post uses standard author call with private fee payment (3.291834ms)
✔ actual main post dummy uses standard author call with private fee payment (1.591166ms)
✔ actual main withdraw uses standard author call with private fee payment (1.429333ms)
✔ moderator calls use their normal account with private fee payment (1.771166ms)
✔ inherited object names never select an application method (0.509916ms)
✔ actual main private post works with no Ethereum signer (1.351791ms)
✔ actual main fails before PXE when RPC identity changed after CLI preflight (0.966625ms)
✔ finds withdrawal older than 500 blocks with exact pinned RPC page limits (4.668708ms)
✔ complete negative history coverage returns null (1.205125ms)
✔ incomplete or noncanonical history never becomes unclaimed: missing (0.464ms)
✔ incomplete or noncanonical history never becomes unclaimed: rpcFail (0.268125ms)
✔ incomplete or noncanonical history never becomes unclaimed: reorg (1.040125ms)
✔ incomplete or noncanonical history never becomes unclaimed: reverted (1.026958ms)
✔ stalled history request has a bounded unknown result (11.643042ms)
✔ moving anchor cannot establish absence (1.392167ms)
ℹ tests 20
ℹ suites 0
ℹ pass 20
ℹ fail 0
ℹ cancelled 0
ℹ skipped 0
ℹ todo 0
ℹ duration_ms 627.685708
