✔ browser actual module persists ciphertext and interoperates with Node AES-GCM (12.459791ms)
✔ browser actual custody rejects wrong wallet, ciphertext corruption and moved scope (3.721875ms)
✔ browser save observes transaction abort and never reports durable success (1.575166ms)
✔ actual engine codec matches frozen claim, boundary and exit commitments (5.518625ms)
✔ actual public deposit flow saves and reads back before send; returns event receipt nonce without secret (6.643167ms)
✔ actual deposit flow fails closed for missing store, failed durability and disabled portal (2.967041ms)
✔ actual deposit flow fails closed for mismatched read-back and existing receipt (1.793375ms)
✔ actual recovery requires the current event nonce and exact saved secret hash without signing fallback (5.505458ms)
✔ normal author calls carry only private payment method and bootstrap claim is consumed once (2.146666ms)
✔ unknown submission is preserved without retry and private errors are redacted (1.824916ms)
✔ missing private fee configuration fails before account work for every private action (1.44725ms)
✔ actual wallet keeps configured gas and normal account scope/tag through simulation and proof (22.075041ms)
✔ actual main claim uses standard author call with private fee payment (14.920709ms)
✔ actual main post uses standard author call with private fee payment (1.830042ms)
✔ actual main post dummy uses standard author call with private fee payment (0.972709ms)
✔ actual main withdraw uses standard author call with private fee payment (0.877333ms)
✔ moderator calls use their normal account with private fee payment (0.990666ms)
✔ inherited object names never select an application method (0.325875ms)
✔ actual main private post works with no Ethereum signer (0.92325ms)
✔ actual main fails before PXE when RPC identity changed after CLI preflight (0.4765ms)
✔ settlement pending returns after one witness lookup, without ninety-minute polling (1.488667ms)
✔ witness RPC failure remains unknown, never a false unclaimed or paid result (1.059917ms)
✔ consumed/error text is not evidence of a refund: false (2.093833ms)
✔ consumed/error text is not evidence of a refund: true (1.153666ms)
✔ actual main refuses a private send when durable journal is unavailable (0.703875ms)
✔ actual main recovery avoids proving and Ethereum signing and reports revert distinctly (3.74075ms)
✔ Ethereum recovery handles already refunded receipts before checking active deposit (1.661208ms)
✔ finds withdrawal older than 500 blocks with exact pinned RPC page limits (3.562042ms)
✔ complete negative history coverage returns null (0.97375ms)
✔ incomplete or noncanonical history never becomes unclaimed: missing (0.294041ms)
✔ incomplete or noncanonical history never becomes unclaimed: rpcFail (0.173666ms)
✔ incomplete or noncanonical history never becomes unclaimed: reorg (0.83075ms)
✔ incomplete or noncanonical history never becomes unclaimed: reverted (0.851042ms)
✔ stalled history request has a bounded unknown result (12.024833ms)
✔ moving anchor cannot establish absence (0.448042ms)
✔ restart resumes saved pages and checks newly arrived blocks (1.414208ms)
✔ new tail and old unfinished range are both searched after restart (1.249ms)
✔ changed saved anchor discards skipped pages (0.303833ms)
✔ completed negative scan searches only newly appended history (0.252083ms)
✔ cursor persistence failure never reports absence (0.168458ms)
✔ browser: encrypted history cursor survives restart with scoped identity and atomic updates (10.342ms)
✔ file: encrypted history cursor survives restart with scoped identity and atomic updates (42.822833ms)
ℹ tests 42
ℹ suites 0
ℹ pass 42
ℹ fail 0
ℹ cancelled 0
ℹ skipped 0
ℹ todo 0
ℹ duration_ms 675.619417
