✔ matching synthetic artifacts and recorded sources pass (11.04275ms)
✔ stale deploy Noir copy is rejected (7.135708ms)
✔ stale censor Noir copy is rejected (6.629375ms)
✔ missing verification key is rejected even when all consumer copies agree (7.682541ms)
✔ empty private function set is rejected even when all consumer copies agree (7.645709ms)
✔ only public functions is rejected even when all consumer copies agree (7.3275ms)
✔ untranspiled artifact is rejected even when all consumer copies agree (7.073ms)
✔ truthy non-boolean transpilation marker is rejected even when all consumer copies agree (7.972166ms)
✔ stale portal bytecode is rejected: apps/src/billboard/portal_bytecode.txt (6.906041ms)
✔ stale portal bytecode is rejected: apps/src/billboard/deploy/portal_bytecode.txt (6.967583ms)
✔ portal source drift is rejected by embedded compiler provenance (6.444917ms)
✔ missing Solidity source provenance is rejected (7.196667ms)
✔ string-encoded Solidity metadata remains supported (7.521125ms)
✔ Noir source drift requires a rebuild (7.231333ms)
✔ Noir dependency declaration drift requires a rebuild (7.500875ms)
✔ root dependency lock drift requires a rebuild (6.076667ms)
✔ portal dependency lock drift requires a rebuild (7.288458ms)
✔ compiler configuration drift requires a rebuild (7.023625ms)
✔ toolchain pins drift requires a rebuild (7.23225ms)
✔ contract builder drift requires a rebuild (6.961375ms)
✔ Noir debug-path normalizer drift requires a rebuild (6.834833ms)
✔ Noir dependency verifier drift requires a rebuild (7.093708ms)
✔ Noir dependency pins drift requires a rebuild (6.754167ms)
✔ new Noir source omitted from the old manifest requires a rebuild (7.2765ms)
✔ contract manifest input hash tampering is rejected (7.036708ms)
✔ contract manifest noir hash tampering is rejected (8.06375ms)
✔ contract manifest portal hash tampering is rejected (6.372917ms)
✔ synchronized altered Noir artifacts still fail the recorded build hash (7.3615ms)
✔ synchronized altered portal bytecode still fails the recorded build hash (6.872375ms)
✔ privateFee key, extra route and stale content fail closed (7.66125ms)
✔ actual raw Noir inventory survives JSON round trip including absent optional metadata (23.015ms)
✔ missing VK, duplicate functions and malformed encoded bytecode are rejected (19.747209ms)
✔ runtime is labeled a template with immutable references and byte changes invalidate inventory (1.019ms)
✔ removed assets, source drift and changed verification keys fail complete inventory comparison (12.772583ms)
✔ complete synthetic SDK manifest passes (10.150042ms)
✔ stale lockfile is rejected (8.83675ms)
✔ stale build script is rejected (8.659375ms)
✔ stale SDK entry source is rejected (7.811916ms)
✔ stale storage adapter source is rejected (7.366583ms)
✔ stale PXE schema source is rejected (11.046417ms)
✔ stale imported dependency source is rejected (8.742542ms)
✔ stale toolchain helper is rejected (9.908583ms)
✔ stale runtime asset source is rejected (8.367708ms)
✔ stale bundle output is rejected (10.982834ms)
✔ stale worker output is rejected (9.111959ms)
✔ stale runtime asset output is rejected (10.534542ms)
✔ protocol version mismatch is rejected (8.840375ms)
✔ omitting required inputs entry shared/sdk-entry.mjs is rejected (8.515417ms)
✔ omitting required inputs entry shared/sdk-store.mjs is rejected (8.48125ms)
✔ omitting required inputs entry node_modules/@aztec/pxe/dest/storage/metadata.js is rejected (7.370625ms)
✔ omitting required inputs entry node_modules/@aztec/noir-acvm_js/web/acvm_js_bg.wasm is rejected (8.949541ms)
✔ omitting required outputs entry sqlite.worker.js is rejected (7.350542ms)
✔ omitting required outputs entry sqlite3.wasm is rejected (9.344791ms)
✔ runtime asset output cannot differ from its source even with a refreshed output hash (9.526666ms)
✔ manifest inputs path confinement rejects ../outside.js (10.242166ms)
✔ manifest inputs path confinement rejects /outside.js (9.106917ms)
✔ manifest inputs path confinement rejects shared/../outside.js (9.545583ms)
✔ manifest inputs path confinement rejects shared\outside.js (10.034083ms)
✔ manifest outputs path confinement rejects ../outside.js (10.397833ms)
✔ manifest outputs path confinement rejects /outside.js (10.793042ms)
✔ manifest outputs path confinement rejects nested/worker.js (9.791167ms)
✔ manifest outputs path confinement rejects ..\outside.js (9.820875ms)
✔ inputs symlink cannot escape its allowed directory (8.46225ms)
✔ outputs symlink cannot escape its allowed directory (7.704792ms)
✔ invalid manifest structure is rejected (6.0165ms)
✔ malformed manifest digest is rejected (7.351375ms)
✔ missing worker file is rejected rather than silently omitted (6.71475ms)
ℹ tests 67
ℹ suites 0
ℹ pass 67
ℹ fail 0
ℹ cancelled 0
ℹ skipped 0
ℹ todo 0
ℹ duration_ms 340.427125
