✔ file: crash before broadcast recovers identical actual SDK transaction without a new proof (232.999542ms)
✔ file: crash after broadcast recovers receipt without resending; acknowledgement is explicit (229.797917ms)
✔ file: canonical recheck rejects previously acknowledged receipt after reorg (158.45775ms)
✔ file: concurrent prepare permits exactly one durable transaction (146.654291ms)
✔ file: wrong key and full-salt mismatch fail authentication (259.808291ms)
✔ file: scope separation never recovers another board or chain (104.839334ms)
✔ file: failed execution, uncertain drop, RPC error and foreign receipt never permit replacement (430.169167ms)
✔ file: persisted envelope excludes transaction and wallet plaintext and tampering fails closed (285.174833ms)
✔ indexeddb: crash before broadcast recovers identical actual SDK transaction without a new proof (202.840875ms)
✔ indexeddb: crash after broadcast recovers receipt without resending; acknowledgement is explicit (251.196667ms)
✔ indexeddb: canonical recheck rejects previously acknowledged receipt after reorg (140.709875ms)
✔ indexeddb: concurrent prepare permits exactly one durable transaction (143.725375ms)
✔ indexeddb: wrong key and full-salt mismatch fail authentication (250.295125ms)
✔ indexeddb: scope separation never recovers another board or chain (98.488042ms)
✔ indexeddb: failed execution, uncertain drop, RPC error and foreign receipt never permit replacement (389.103708ms)
✔ indexeddb: persisted envelope excludes transaction and wallet plaintext and tampering fails closed (197.863208ms)
✔ file adapter rejects symlinks, unsafe modes and stale locks without replacing data (2.900792ms)
✔ abrupt worker death after durable prepare preserves exact recovery transaction (684.112042ms)
ℹ tests 18
ℹ suites 0
ℹ pass 18
ℹ fail 0
ℹ cancelled 0
ℹ skipped 0
ℹ todo 0
ℹ duration_ms 5605.435958
