✔ seven-field reasons enforce byte length, UTF-8 and exact padding (2.059125ms)
✔ flag carries immutable post policy and rejects a mismatched reviewed version (0.370542ms)
✔ policy content and version are read atomically without independent latest-state reads (0.120042ms)
✔ normal author calls carry only private payment method and bootstrap claim is consumed once (2.3475ms)
✔ unknown submission is preserved without retry and private errors are redacted (1.867833ms)
✔ missing private fee configuration fails before account work for every private action (1.498208ms)
✔ actual wallet keeps configured gas and normal account scope/tag through simulation and proof (25.315875ms)
✔ actual main claim uses standard author call with private fee payment (16.159292ms)
✔ actual main post uses standard author call with private fee payment (2.04125ms)
✔ actual main post dummy uses standard author call with private fee payment (0.943042ms)
✔ actual main withdraw uses standard author call with private fee payment (0.889ms)
✔ moderator calls use their normal account with private fee payment (1.443417ms)
✔ inherited object names never select an application method (0.430125ms)
✔ actual main private post works with no Ethereum signer (1.011584ms)
✔ actual main fails before PXE when RPC identity changed after CLI preflight (0.582ms)
✔ settlement pending returns after one witness lookup, without ninety-minute polling (1.37875ms)
✔ witness RPC failure remains unknown, never a false unclaimed or paid result (1.130958ms)
✔ consumed/error text is not evidence of a refund: false (2.014083ms)
✔ consumed/error text is not evidence of a refund: true (1.095708ms)
✔ actual main refuses a private send when durable journal is unavailable (5.585417ms)
✔ actual main recovery avoids proving and Ethereum signing and reports revert distinctly (1.1425ms)
✔ Ethereum recovery handles already refunded receipts before checking active deposit (1.459125ms)
✔ actual moderator declare-immoral uses the active wallet's durable journal (1.287041ms)
✔ actual moderator declare-immoral refuses an unresolved previous transaction before preparing a fee (0.721625ms)
✔ actual moderator set-moderation-policy uses the active wallet's durable journal (0.950708ms)
✔ actual moderator set-moderation-policy refuses an unresolved previous transaction before preparing a fee (2.471083ms)
✔ actual moderator transfer-censor uses the active wallet's durable journal (0.721625ms)
✔ actual moderator transfer-censor refuses an unresolved previous transaction before preparing a fee (0.454834ms)
✔ moderator wallet cannot bypass journal ownership by supplying a second key (0.573917ms)
✔ file: crash before broadcast recovers identical actual SDK transaction without a new proof (150.301875ms)
✔ file: crash after broadcast recovers receipt without resending; acknowledgement is explicit (174.184708ms)
✔ file: canonical recheck rejects previously acknowledged receipt after reorg (103.180167ms)
✔ file: concurrent prepare permits exactly one durable transaction (91.35525ms)
✔ file: wrong key and full-salt mismatch fail authentication (66.493625ms)
✔ file: scope separation never recovers another board or chain (56.403583ms)
✔ file: failed execution, uncertain drop, RPC error and foreign receipt never permit replacement (254.391291ms)
✔ file: wallet context change prevents recovery broadcast (84.625958ms)
✔ file: persisted envelope excludes transaction and wallet plaintext and tampering fails closed (94.386417ms)
✔ indexeddb: crash before broadcast recovers identical actual SDK transaction without a new proof (116.077042ms)
✔ indexeddb: crash after broadcast recovers receipt without resending; acknowledgement is explicit (139.505ms)
✔ indexeddb: canonical recheck rejects previously acknowledged receipt after reorg (78.15975ms)
✔ indexeddb: concurrent prepare permits exactly one durable transaction (74.693167ms)
✔ indexeddb: wrong key and full-salt mismatch fail authentication (58.859125ms)
✔ indexeddb: scope separation never recovers another board or chain (47.978458ms)
✔ indexeddb: failed execution, uncertain drop, RPC error and foreign receipt never permit replacement (248.093ms)
✔ indexeddb: wallet context change prevents recovery broadcast (89.820709ms)
✔ indexeddb: persisted envelope excludes transaction and wallet plaintext and tampering fails closed (77.74125ms)
✔ file adapter rejects symlinks, unsafe modes and stale locks without replacing data (1.288958ms)
✔ abrupt worker death after durable prepare preserves exact recovery transaction (271.106792ms)
ℹ tests 49
ℹ suites 0
ℹ pass 49
ℹ fail 0
ℹ cancelled 0
ℹ skipped 0
ℹ todo 0
ℹ duration_ms 3377.406958
