✔ workflow guard accepts unchanged output and ignores unrelated evidence (243.238875ms)
✔ workflow guard fails each overwritten committed output after a rebuild (628.75375ms)
✔ workflow guard rejects staged regeneration and removed consumers (123.601833ms)
✔ workflow guard rejects newly generated uncommitted application outputs (85.7595ms)
✔ matching synthetic artifacts and recorded sources pass (16.548916ms)
✔ stale deploy Noir copy is rejected (21.565667ms)
✔ stale censor Noir copy is rejected (17.207375ms)
✔ missing verification key is rejected even when all consumer copies agree (19.363417ms)
✔ empty private function set is rejected even when all consumer copies agree (14.030917ms)
✔ only public functions is rejected even when all consumer copies agree (14.240833ms)
✔ untranspiled artifact is rejected even when all consumer copies agree (12.203917ms)
✔ truthy non-boolean transpilation marker is rejected even when all consumer copies agree (9.777292ms)
✔ stale portal bytecode is rejected: apps/src/billboard/portal_bytecode.txt (11.296792ms)
✔ stale portal bytecode is rejected: apps/src/billboard/deploy/portal_bytecode.txt (10.232416ms)
✔ portal source drift is rejected by embedded compiler provenance (7.9905ms)
✔ missing Solidity source provenance is rejected (9.392833ms)
✔ string-encoded Solidity metadata remains supported (17.953542ms)
✔ Noir source drift requires a rebuild (15.917125ms)
✔ Noir dependency declaration drift requires a rebuild (14.858875ms)
✔ root dependency lock drift requires a rebuild (13.979ms)
✔ portal dependency lock drift requires a rebuild (12.356541ms)
✔ compiler configuration drift requires a rebuild (13.646583ms)
✔ toolchain pins drift requires a rebuild (13.633084ms)
✔ contract builder drift requires a rebuild (12.879042ms)
✔ Noir debug-path normalizer drift requires a rebuild (8.16525ms)
✔ Noir dependency verifier drift requires a rebuild (8.627792ms)
✔ Noir dependency pins drift requires a rebuild (8.392334ms)
✔ new Noir source omitted from the old manifest requires a rebuild (7.781ms)
✔ contract manifest input hash tampering is rejected (8.191458ms)
✔ contract manifest noir hash tampering is rejected (10.50525ms)
✔ contract manifest portal hash tampering is rejected (8.160625ms)
✔ synchronized altered Noir artifacts still fail the recorded build hash (8.181833ms)
✔ synchronized altered portal bytecode still fails the recorded build hash (9.31ms)
✔ privateFee key, extra route and stale content fail closed (10.526125ms)
✔ user generated page binds the canonical privateFee and isolated RPC credential (72.193917ms)
✔ censor generated page binds the canonical privateFee and isolated RPC credential (30.139584ms)
✔ deploy generated page binds the canonical privateFee and isolated RPC credential (34.086417ms)
✔ fee-juice generated page binds the canonical privateFee and isolated RPC credential (26.187458ms)
✔ build provenance rejects changed frontend sources paired with old HTML (29.579667ms)
✔ build provenance rejects output changes and removed output (37.35975ms)
✔ source removal and newly discovered app invalidate previous build (56.3695ms)
✔ partial or interrupted builds cannot preserve a valid aggregate manifest (44.915417ms)
✔ mid-build drift and private RPC overrides cannot be certified (34.472125ms)
✔ internal symlinks hash the actual source while escapes and cycles reject (29.33025ms)
✔ obsolete template cannot leave a served HTML page in certified output (39.363ms)
✔ unexpected top-level and nested HTML reject certification without deletion (35.830625ms)
✔ output symlink escapes and cycles cannot bypass the served HTML inventory (28.900375ms)
✔ actual raw Noir inventory survives JSON round trip including absent optional metadata (33.952875ms)
✔ missing VK, duplicate functions and malformed encoded bytecode are rejected (27.440542ms)
✔ runtime is labeled a template with immutable references and byte changes invalidate inventory (2.152334ms)
✔ removed assets, source drift and changed verification keys fail complete inventory comparison (16.9675ms)
✔ valid no-screening and linked hints survive SDK result wrappers (1.405417ms)
✔ malformed result never silently becomes empty hints (0.734542ms)
✔ missing, conflicting, stale and transport errors are explicit and redact raw data (0.441083ms)
✔ complete synthetic SDK manifest passes (16.618ms)
✔ stale lockfile is rejected (11.556042ms)
✔ stale build script is rejected (13.984208ms)
✔ stale SDK entry source is rejected (14.356834ms)
✔ stale storage adapter source is rejected (15.246459ms)
✔ stale PXE schema source is rejected (17.306ms)
✔ stale imported dependency source is rejected (21.482542ms)
✔ stale toolchain helper is rejected (18.116708ms)
✔ stale runtime asset source is rejected (20.085959ms)
✔ stale bundle output is rejected (17.770667ms)
✔ stale worker output is rejected (14.504833ms)
✔ stale runtime asset output is rejected (11.556042ms)
✔ protocol version mismatch is rejected (15.014167ms)
✔ omitting required inputs entry shared/sdk-entry.mjs is rejected (12.544458ms)
✔ omitting required inputs entry shared/sdk-store.mjs is rejected (13.395292ms)
✔ omitting required inputs entry node_modules/@aztec/pxe/dest/storage/metadata.js is rejected (21.823375ms)
✔ omitting required inputs entry node_modules/@aztec/noir-acvm_js/web/acvm_js_bg.wasm is rejected (14.673375ms)
✔ omitting required outputs entry sqlite.worker.js is rejected (15.714584ms)
✔ omitting required outputs entry sqlite3.wasm is rejected (13.019458ms)
✔ runtime asset output cannot differ from its source even with a refreshed output hash (14.503958ms)
✔ manifest inputs path confinement rejects ../outside.js (16.24625ms)
✔ manifest inputs path confinement rejects /outside.js (15.291541ms)
✔ manifest inputs path confinement rejects shared/../outside.js (10.012167ms)
✔ manifest inputs path confinement rejects shared\outside.js (11.513ms)
✔ manifest outputs path confinement rejects ../outside.js (10.4655ms)
✔ manifest outputs path confinement rejects /outside.js (12.316042ms)
✔ manifest outputs path confinement rejects nested/worker.js (10.785209ms)
✔ manifest outputs path confinement rejects ..\outside.js (14.255291ms)
✔ inputs symlink cannot escape its allowed directory (10.56275ms)
✔ outputs symlink cannot escape its allowed directory (12.511917ms)
✔ invalid manifest structure is rejected (7.607333ms)
✔ malformed manifest digest is rejected (7.581458ms)
✔ missing worker file is rejected rather than silently omitted (7.131083ms)
ℹ tests 87
ℹ suites 0
ℹ pass 87
ℹ fail 0
ℹ cancelled 0
ℹ skipped 0
ℹ todo 0
ℹ duration_ms 1124.343708
