✔ simple VIOLATION with rule number and reason (1.457584ms)
✔ simple OK (0.13475ms)
✔ VIOLATION at end after thinking reasoning (0.13075ms)
✔ OK at end after thinking reasoning (0.072041ms)
✔ NOT A VIOLATION prose is explicitly unresolved, never a flag (0.221708ms)
✔ NO VIOLATION prose is explicitly unresolved, never a flag (0.058792ms)
✔ VIOLATION without reason is explicitly unresolved (0.053833ms)
✔ empty text is explicitly unresolved (0.041458ms)
✔ random text is explicitly unresolved instead of defaulting to OK (0.04975ms)
✔ VIOLATION with extra whitespace (0.102291ms)
✔ multiple lines, valid standalone VIOLATION is last (0.049208ms)
✔ earlier VIOLATION cannot make ambiguous final prose a verdict (0.040834ms)
✔ embedded VIOLATION after prose is not a standalone verdict (0.032917ms)
✔ oversized reason is rejected rather than silently truncated (0.042542ms)
✔ case insensitive VIOLATION (0.02525ms)
✔ case insensitive OK (0.025209ms)
✔ buildSystemPrompt mentions rules and billboard (0.073958ms)
✔ buildUserPrompt includes policy, post and clear output formats (0.083333ms)
✔ buildUserPrompt handles empty post (0.028125ms)
✔ buildUserPrompt quotes post data without corrupting its envelope (0.050542ms)
✔ thinking model output with reasoning then standalone legacy final verdict (0.033166ms)
✔ thinking model output that concludes OK (0.027708ms)
✔ legacy markdown bold wrapper remains supported (0.027458ms)
✔ strict JSON verdict true (0.064459ms)
✔ strict JSON verdict false (0.048625ms)
✔ JSON key order is irrelevant (0.033625ms)
✔ model cannot add command to verdict (0.040084ms)
✔ model cannot add operation to verdict (0.03075ms)
✔ model cannot add wallet to verdict (0.022708ms)
✔ model cannot add destination to verdict (0.024375ms)
✔ model cannot add postIndex to verdict (0.020375ms)
✔ model cannot add postId to verdict (0.02ms)
✔ malformed or untyped verdict rejected: {"isViolation":true,"reason": (0.048875ms)
✔ malformed or untyped verdict rejected: [] (0.019667ms)
✔ malformed or untyped verdict rejected: null (0.028167ms)
✔ malformed or untyped verdict rejected: {"isViolation":"true","reason":"spam"} (0.023833ms)
✔ malformed or untyped verdict rejected: {"isViolation":true,"reason":null} (0.022292ms)
✔ malformed or untyped verdict rejected: {"isViolation":true,"reason":{"command":"list"}} (0.020959ms)
✔ malformed or untyped verdict rejected: {"isViolation":true,"isViolation":false,"reason":"spam" (0.038667ms)
✔ malformed or untyped verdict rejected: {"isViolation":true,"reason":"spam","reason":"other"} (0.026125ms)
✔ malformed or untyped verdict rejected: "VIOLATION - 1 - Spam" (0.024667ms)
✔ non-string model text rejected: null (0.032916ms)
✔ non-string model text rejected: undefined (0.019209ms)
✔ non-string model text rejected: false (0.0195ms)
✔ non-string model text rejected: 123 (0.017584ms)
✔ non-string model text rejected: [object Object] (0.016333ms)
✔ non-string model text rejected: OK (0.020041ms)
✔ shell-looking JSON reason remains inert text: Quotes ' and " remain text (0.0255ms)
✔ shell-looking JSON reason remains inert text: `echo harmless` (0.017791ms)
✔ shell-looking JSON reason remains inert text: $(echo harmless) (0.017417ms)
✔ shell-looking JSON reason remains inert text: ${HOME}; true (0.021833ms)
✔ shell-looking JSON reason remains inert text: Reason: colons and "reason": stay inside one value (0.019125ms)
✔ control or option-like reason rejected: "line\nbreak" (0.027708ms)
✔ control or option-like reason rejected: "line\rbreak" (0.018083ms)
✔ control or option-like reason rejected: "tab\tdata" (0.021833ms)
✔ control or option-like reason rejected: "nul\u0000data" (0.018917ms)
✔ control or option-like reason rejected: "\u001b[31mtext" (0.023417ms)
✔ control or option-like reason rejected: "badtext" (0.015583ms)
✔ control or option-like reason rejected: "bad‮text" (0.03825ms)
✔ control or option-like reason rejected: "--node-url" (0.0195ms)
✔ control or option-like reason rejected: "\ud800" (0.017583ms)
✔ reason byte limit accounts for multibyte UTF-8 (0.05ms)
✔ oversized full verdict is rejected (0.025834ms)
✔ oversized post and policy are rejected before network access (0.229ms)
✔ valid HTTP final verdict uses structured request and trusted local endpoint (11.243875ms)
✔ incomplete or malformed HTTP choice is observable unresolved failure: {"choices":[{"finish_reason":"length","message":{"content":"VIOLATION - 1 - Spam"}}]} (0.208125ms)
✔ incomplete or malformed HTTP choice is observable unresolved failure: {"choices":[{"finish_reason":"stop","message":{"content":"","reasoning_content":"VIOLATION - 1  (0.115459ms)
✔ incomplete or malformed HTTP choice is observable unresolved failure: {"choices":[{"finish_reason":"stop","message":{"content":{"isViolation":true,"reason":"1 - Adve (0.442125ms)
✔ incomplete or malformed HTTP choice is observable unresolved failure: {"choices":[]} (0.155084ms)
✔ incomplete or malformed HTTP choice is observable unresolved failure: {"choices":[{"finish_reason":"stop","message":{"content":"OK"}},{"finish_reason":"stop","messag (0.1375ms)
✔ HTTP error remains unresolved without reflecting untrusted server body (0.206917ms)
✔ unavailable model produces explicit error (0.085334ms)
✔ timeout is bounded even if fetch adapter ignores cancellation (20.867709ms)
✔ malformed response JSON is explicit failure (0.261875ms)
✔ oversized HTTP response is stopped and cancelled (0.371167ms)
✔ slow response body is bounded by the whole-request timeout (21.412ms)
ℹ tests 76
ℹ suites 0
ℹ pass 76
ℹ fail 0
ℹ cancelled 0
ℹ skipped 0
ℹ todo 0
ℹ duration_ms 63.41875
✔ real argv-echo process preserves one inert reason argument: Quotes ' and " stay data (28.088833ms)
✔ real argv-echo process preserves one inert reason argument: `echo harmless` (25.907333ms)
✔ real argv-echo process preserves one inert reason argument: $(echo harmless) (26.227875ms)
✔ real argv-echo process preserves one inert reason argument: ${HOME}; true (26.570625ms)
✔ real argv-echo process preserves one inert reason argument: safe; # command-looking comment (26.389833ms)
✔ executable, operation, argv and execution limits are chosen by signer (1.051375ms)
✔ startup config mutation cannot redirect later flags (0.826292ms)
✔ host loader environment is not passed to the actual child (26.27175ms)
✔ flag rejects model-controlled operation without invoking a process (1.139375ms)
✔ flag rejects model-controlled command without invoking a process (1.117708ms)
✔ flag rejects model-controlled wallet without invoking a process (0.67275ms)
✔ flag rejects model-controlled destination without invoking a process (0.892917ms)
✔ flag rejects model-controlled cliPath without invoking a process (1.167625ms)
✔ flag rejects model-controlled nodeExecutable without invoking a process (1.193334ms)
✔ flag rejects model-controlled censorWallet without invoking a process (0.700542ms)
✔ flag rejects model-controlled privateFeeConfig without invoking a process (0.63525ms)
✔ flag rejects model-controlled ethRpcUrl without invoking a process (0.922125ms)
✔ flag rejects model-controlled privateFeeClaim without invoking a process (1.084208ms)
✔ flag rejects model-controlled private-fee-claim-file without invoking a process (0.699917ms)
✔ flag rejects model-controlled reconcilePrevious without invoking a process (0.666875ms)
✔ flag rejects model-controlled acknowledgeTx without invoking a process (0.544375ms)
✔ invalid or incorrectly typed post id rejected: -1 (0.91425ms)
✔ invalid or incorrectly typed post id rejected: 4294967296 (0.61575ms)
✔ invalid or incorrectly typed post id rejected: 1.5 (0.646708ms)
✔ invalid or incorrectly typed post id rejected: NaN (0.547625ms)
✔ invalid or incorrectly typed post id rejected: Infinity (0.520375ms)
✔ invalid or incorrectly typed post id rejected: 1 (0.503041ms)
✔ invalid or incorrectly typed post id rejected: 1 --node-url (0.824875ms)
✔ invalid or incorrectly typed post id rejected: null (0.6115ms)
✔ invalid or incorrectly typed post id rejected: undefined (0.793833ms)
✔ invalid or incorrectly typed post id rejected: [object Object] (0.710083ms)
✔ invalid or incorrectly typed post id rejected: 1 (0.726875ms)
✔ invalid or incorrectly typed post id rejected: 0x0000000000000000000000000000000000000000000000000000000000000000 (0.670417ms)
✔ invalid or incorrectly typed post id rejected: 0x30644e72e131a029b85045b68181585d2833e84879b9709143e1f593f0000001 (0.649958ms)
✔ full Field identity stays exact in signer argv (26.915375ms)
✔ unsafe or oversized reason rejected before process call: "line\nbreak" (1.004833ms)
✔ unsafe or oversized reason rejected before process call: "tab\tdata" (0.632083ms)
✔ unsafe or oversized reason rejected before process call: "nul\u0000data" (0.803375ms)
✔ unsafe or oversized reason rejected before process call: "\u001b[31mtext" (0.6135ms)
✔ unsafe or oversized reason rejected before process call: "--node-url" (0.574791ms)
✔ unsafe or oversized reason rejected before process call: " --censor-wallet" (0.568833ms)
✔ unsafe or oversized reason rejected before process call: "ééééééééééééééééééééééééééééééééééééééééééééééééééééééééééééééééééééééééééééééééééééééééééééééééééééé" (0.811166ms)
✔ unsafe or oversized reason rejected before process call: "" (0.581667ms)
✔ unsafe or oversized reason rejected before process call: null (0.555958ms)
✔ unsafe or oversized reason rejected before process call: {} (0.533084ms)
✔ unsafe or oversized reason rejected before process call: 123 (0.575167ms)
✔ JSON model output cannot override host-selected post index (0.723042ms)
✔ list validates data and projects away untrusted extra fields (0.926125ms)
✔ invalid list response rejected: malformed JSON (0.61975ms)
✔ invalid list response rejected: multiple candidate JSON records (0.534625ms)
✔ invalid list response rejected: missing identity (0.555042ms)
✔ invalid list response rejected: zero identity (0.50625ms)
✔ invalid list response rejected: duplicate identities (0.999125ms)
✔ invalid list response rejected: string index (0.837042ms)
✔ invalid list response rejected: index outside count (0.664375ms)
✔ invalid list response rejected: duplicate indices (0.597583ms)
✔ invalid list response rejected: string flag (0.59975ms)
✔ invalid list response rejected: nonstring post (0.847333ms)
✔ invalid list response rejected: negative timestamp (0.54225ms)
✔ invalid list response rejected: oversize post text (0.712083ms)
✔ invalid or oversized process output rejected: object (0.793709ms)
✔ invalid or oversized process output rejected: object (0.747667ms)
✔ invalid or oversized process output rejected: string (2.689833ms)
✔ process timeout is observable without reflecting child diagnostics (0.581708ms)
✔ invalid policy version rejected before signing: undefined (0.506875ms)
✔ invalid policy version rejected before signing: null (0.541292ms)
✔ invalid policy version rejected before signing: 1 (0.539041ms)
✔ invalid policy version rejected before signing: 0x0000000000000000000000000000000000000000000000000000000000000000 (0.848875ms)
✔ invalid policy version rejected before signing: 0x30644e72e131a029b85045b68181585d2833e84879b9709143e1f593f0000001 (0.522542ms)
✔ missing policy or invalid deadline fails closed: {} (0.612291ms)
✔ missing policy or invalid deadline fails closed: {"policy":""} (0.661792ms)
✔ missing policy or invalid deadline fails closed: {"posts":[{"index":0,"postId":"0x0000000000000000000000000000000000000000000000000000000000000001","flagDeadline":"3601","text":"post","flagged":false,"timestamp":1}]} (0.635667ms)
✔ missing policy or invalid deadline fails closed: {"posts":[{"index":0,"postId":"0x0000000000000000000000000000000000000000000000000000000000000001","policyVersion":"0x0000000000000000000000000000000000000000000000000000000000000009","flagDeadline":"01","text":"post","flagged":false,"timestamp":1}]} (0.743417ms)
✔ missing policy or invalid deadline fails closed: {"posts":[{"index":0,"postId":"0x0000000000000000000000000000000000000000000000000000000000000001","policyVersion":"0x0000000000000000000000000000000000000000000000000000000000000009","flagDeadline":"-1","text":"post","flagged":false,"timestamp":1}]} (0.722333ms)
✔ missing policy or invalid deadline fails closed: {"posts":[{"index":0,"postId":"0x0000000000000000000000000000000000000000000000000000000000000001","policyVersion":"0x0000000000000000000000000000000000000000000000000000000000000009","flagDeadline":"9223372036854775808","text":"post","flagged":false,"timestamp":1}]} (0.582167ms)
✔ missing policy or invalid deadline fails closed: {"posts":[{"index":0,"postId":"0x0000000000000000000000000000000000000000000000000000000000000001","policyVersion":"0x0000000000000000000000000000000000000000000000000000000000000009","flagDeadline":100,"text":"post","flagged":false,"timestamp":1}]} (0.87275ms)
✔ missing or invalid fee configuration rejected at signer startup: undefined (0.674459ms)
✔ missing or invalid fee configuration rejected at signer startup: /nonexistent/billboard-fee-config (0.648ms)
✔ missing or invalid fee configuration rejected at signer startup: . (0.705708ms)
✔ invalid Ethereum RPC rejected at signer startup (0.512917ms)
✔ invalid Ethereum RPC rejected at signer startup (0.556083ms)
✔ invalid Ethereum RPC rejected at signer startup (0.531958ms)
✔ invalid Ethereum RPC rejected at signer startup (0.527584ms)
ℹ tests 83
ℹ suites 0
ℹ pass 83
ℹ fail 0
ℹ cancelled 0
ℹ skipped 0
ℹ todo 0
ℹ duration_ms 248.279167
=== Daemon Integration Tests (with mock infra) ===

  ✓ dry-run flags violation in output but does not call declare-immoral
  ✓ dry-run with OK verdict does not flag
  ✓ skips already-flagged posts
  ✓ skips empty posts
  ✓ reasoning-only model output is an observable failure and cannot flag
  ✓ processes multiple posts with mixed verdicts
  ✓ missing --portal-address exits with error
  ✓ --from skips earlier posts
  ✓ non-dry-run calls declare-immoral via CLI
  ✓ reads policy from contract output
  ✓ rejects a local policy override instead of signing with fallback text
  ✓ warns on posts past the censor window
  ✓ warns on posts about to expire in censor window
  ✓ processes oldest unflagged posts first (censor window urgency)
  ✓ model cannot add a destination, operation or post index to a verdict
  ✓ failed signing is not reported as a completed successful job
  ✓ production CLI cannot bypass model isolation with skip-bootstrap
  ✓ old post policy fails closed without model or signer action
  ✓ empty contract policy fails closed without model or signer action
  ✓ each poll refreshes exact policy before processing its matching new posts
  ✓ private fee configuration is mandatory at daemon startup
  ✓ Ethereum endpoint is mandatory at daemon startup

=== Results ===
  Passed: 22
  Failed: 0
✔ declare-immoral reads only the explicit censor private file (2.295959ms)
✔ declare-immoral cannot fall back to other available wallets (0.946458ms)
✔ transfer-censor reads only the explicit censor private file (0.817334ms)
✔ transfer-censor cannot fall back to other available wallets (0.741209ms)
✔ set-moderation-policy reads only the explicit censor private file (1.065167ms)
✔ set-moderation-policy cannot fall back to other available wallets (0.646ms)
✔ list reads only the explicit censor private file (0.656291ms)
✔ list cannot fall back to other available wallets (0.816875ms)
✔ malformed censor diagnostics exclude file content (1.262916ms)
✔ user action loads explicitly chosen valid user and Ethereum private files (0.613542ms)
✔ censor refuses public-readable key files (0.659625ms)
ℹ tests 11
ℹ suites 0
ℹ pass 11
ℹ fail 0
ℹ cancelled 0
ℹ skipped 0
ℹ todo 0
ℹ duration_ms 48.885375
