✔ attributes only the billboard nullifier, independently of fee nullifier (57.521833ms)
✔ missing execution (0.802916ms)
✔ missing board call (0.445875ms)
✔ multiple nested board calls (0.431667ms)
✔ cyclic execution (0.310125ms)
✔ zero nullifier (0.239167ms)
✔ multiple nullifiers (0.231875ms)
✔ hidden trailing nullifier (0.343292ms)
✔ malformed field (0.336709ms)
✔ missing global match (0.482042ms)
✔ duplicate global match (0.474292ms)
✔ different proof inputs (0.247667ms)
✔ oversized tree (0.314208ms)
✔ diagnostics identify missing final membership without field/address contents (0.450792ms)
✔ malformed claimed length reports only type, never arbitrary string content (0.313792ms)
✔ multiple board nullifiers select only the authenticated expected deposit note (0.59025ms)
✔ multiple board nullifiers require expected identity (0.551125ms)
✔ fee nullifier cannot be selected from board call (0.515333ms)
✔ unrelated expected nullifier rejected (0.422042ms)
✔ duplicate expected board nullifier rejected (0.718625ms)
✔ expected note absent from final transaction (0.641042ms)
✔ zero active board nullifier rejected (0.358792ms)
✔ zero expected identity rejected (0.456083ms)
✔ malformed expected identity rejected (0.501833ms)
✔ out of bounds claimed length rejected (0.447833ms)
✔ normal author calls carry only private payment method and bootstrap claim is consumed once (2.522667ms)
✔ unknown submission is preserved without retry and private errors are redacted (1.857333ms)
✔ missing private fee configuration fails before account work for every private action (1.431125ms)
✔ actual wallet keeps configured gas and normal account scope/tag through simulation and proof (9.33075ms)
✔ actual main claim uses standard author call with private fee payment (12.759083ms)
✔ actual main post uses standard author call with private fee payment (1.817ms)
✔ actual main post dummy uses standard author call with private fee payment (1.002917ms)
✔ actual main withdraw uses standard author call with private fee payment (0.979417ms)
✔ moderator calls use their normal account with private fee payment (1.020458ms)
✔ inherited object names never select an application method (0.300125ms)
✔ actual main private post works with no Ethereum signer (0.929375ms)
✔ actual main fails before PXE when RPC identity changed after CLI preflight (0.51975ms)
✔ settlement pending returns after one witness lookup, without ninety-minute polling (1.188041ms)
✔ witness RPC failure remains unknown, never a false unclaimed or paid result (0.938792ms)
✔ consumed/error text is not evidence of a refund: false (5.962917ms)
✔ consumed/error text is not evidence of a refund: true (1.192417ms)
✔ actual main refuses a private send when durable journal is unavailable (0.603583ms)
✔ actual main recovery avoids proving and Ethereum signing and reports revert distinctly (1.027542ms)
✔ Ethereum recovery handles already refunded receipts before checking active deposit (1.330334ms)
✔ actual moderator declare-immoral uses the active wallet's durable journal (1.096167ms)
✔ actual moderator declare-immoral refuses an unresolved previous transaction before preparing a fee (0.61925ms)
✔ actual moderator set-moderation-policy uses the active wallet's durable journal (0.936916ms)
✔ actual moderator set-moderation-policy refuses an unresolved previous transaction before preparing a fee (0.47425ms)
✔ actual moderator transfer-censor uses the active wallet's durable journal (0.644875ms)
✔ actual moderator transfer-censor refuses an unresolved previous transaction before preparing a fee (0.491416ms)
✔ moderator wallet cannot bypass journal ownership by supplying a second key (0.557583ms)
✔ moderator recovery success distinguishes an already completed identical transfer from a failed one (0.629625ms)
✔ moderator recovery reverted distinguishes an already completed identical transfer from a failed one (0.599709ms)
✔ moderator recovery with unknown outcome cannot prepare another private fee payment (0.462666ms)
✔ actual recovery dispatcher restores the saved message and nonce before requesting a fresh post proof (1.353209ms)
✔ already published stable identity blocks a replacement before fee preparation (0.675875ms)
✔ recovery cannot silently regenerate a dummy operation (0.606333ms)
✔ recovery cannot silently regenerate a withdraw operation (0.522708ms)
✔ recovery cannot silently regenerate a claim operation (0.47075ms)
✔ claim  records its own operation rather than stale real-post metadata (6.459334ms)
✔ post dummy records its own operation rather than stale real-post metadata (1.035ms)
✔ withdraw  records its own operation rather than stale real-post metadata (0.85475ms)
✔ missing withdrawal note never proves success when history contains no exit (8.645084ms)
✔ missing withdrawal note never proves success when history is unavailable (1.545375ms)
✔ missing withdrawal note can recover an exact successful canonical exit without paying again (2.691917ms)
✔ missing withdrawal note cannot recover a reverted exit (1.674583ms)
✔ an exit for another selected deposit cannot complete withdrawal (1.804ms)
✔ withdrawal recovery without original claim custody cannot guess deposit ownership (1.781584ms)
✔ withdrawal absence reconciliation has a deadline even if its receipt read stalls (21.865083ms)
✔ saved dummy requires the same source screening sequence (unchanged) (1.320917ms)
✔ saved dummy requires the same source screening sequence (changed) (0.918917ms)
✔ saved withdraw requires the same source screening sequence (unchanged) (0.924125ms)
✔ saved withdraw requires the same source screening sequence (changed) (0.636ms)
✔ actual wallet passes attributed application spend to the durable journal before submission (0.616375ms)
✔ successful retried screening releases its step guard before the following withdrawal (2.638625ms)
✔ stale claim restores exact original receipt and claim identity without depositing again (3.367291ms)
✔ stale claim rejects changed amount before another fee payment (2.40325ms)
✔ stale claim rejects changed depositNonce before another fee payment (2.026667ms)
✔ stale claim rejects changed leafIndex before another fee payment (2.175458ms)
✔ stale claim rejects changed depositChain before another fee payment (2.080209ms)
✔ stale claim rejects changed secretHash before another fee payment (1.8875ms)
✔ stale claim rejects changed depositor before another fee payment (2.018166ms)
✔ an existing note is not confirmation of an unresolved saved claim transaction (2.58825ms)
✔ failed claim does not enter the former thirty-attempt loop (2.031292ms)
✔ saved claim rejects a receipt returned for another transaction (1.623958ms)
✔ saved claim rejects a reorged Ethereum receipt (1.344417ms)
✔ saved claim receipt reads time out before any proof or fee preparation (22.566458ms)
✔ stale proof replacement retains exact post intent and original proof through portable recovery (539.042917ms)
✔ uncertain or live original cannot authorize another proof: {"status":"pending"} (90.25325ms)
✔ uncertain or live original cannot authorize another proof: {"status":"proposed"} (82.062709ms)
✔ uncertain or live original cannot authorize another proof: {"status":"checkpointed"} (83.156458ms)
✔ uncertain or live original cannot authorize another proof: {"validation":{"result":"valid"}} (74.3135ms)
✔ uncertain or live original cannot authorize another proof: {"validation":{"result":"invalid","reason":["bad signature"]}} (73.574083ms)
✔ uncertain or live original cannot authorize another proof: {"validation":{"result":"invalid","reason":["Existing nullifier","unrecognized"]}} (80.968541ms)
✔ original becoming live during proving prevents saving replacement and preserves the original request (177.056ms)
✔ different logical operation cannot consume a stale-proof authorization (167.599875ms)
✔ concurrent replacement authorizations still allow only one durable new proof (344.856ms)
✔ replacement chain is bounded and preserves its last record when the limit is reached (6079.029083ms)
✔ stalled transaction reads and canonical receipt requests respect bounded deadlines (15.669583ms)
✔ stalled replacement reconciliation remains unknown and leaves the original record intact (116.387917ms)
✔ replacement RPC exceptions expose only the bounded recovery classification (73.151667ms)
✔ replacement must retain the exact bound application spend even when fee nullifiers change (347.242583ms)
ℹ tests 102
ℹ suites 0
ℹ pass 102
ℹ fail 0
ℹ cancelled 0
ℹ skipped 0
ℹ todo 0
ℹ duration_ms 9282.69125
