✔ normal author calls carry only private payment method and bootstrap claim is consumed once (2.219708ms)
✔ unknown submission is preserved without retry and private errors are redacted (1.688792ms)
✔ missing private fee configuration fails before account work for every private action (1.429292ms)
✔ actual wallet keeps configured gas and normal account scope/tag through simulation and proof (9.82025ms)
✔ actual main claim uses standard author call with private fee payment (13.023667ms)
✔ actual main post uses standard author call with private fee payment (2.126417ms)
✔ actual main post dummy uses standard author call with private fee payment (1.036084ms)
✔ actual main withdraw uses standard author call with private fee payment (0.905833ms)
✔ moderator calls use their normal account with private fee payment (1.067ms)
✔ inherited object names never select an application method (0.307125ms)
✔ actual main private post works with no Ethereum signer (0.977209ms)
✔ actual main fails before PXE when RPC identity changed after CLI preflight (0.529666ms)
✔ settlement pending returns after one witness lookup, without ninety-minute polling (1.15875ms)
✔ witness RPC failure remains unknown, never a false unclaimed or paid result (3.256166ms)
✔ consumed/error text is not evidence of a refund: false (1.870875ms)
✔ consumed/error text is not evidence of a refund: true (0.923292ms)
✔ actual main refuses a private send when durable journal is unavailable (0.608625ms)
✔ actual main recovery avoids proving and Ethereum signing and reports revert distinctly (0.998208ms)
✔ Ethereum recovery handles already refunded receipts before checking active deposit (1.498916ms)
✔ actual moderator declare-immoral uses the active wallet's durable journal (0.928416ms)
✔ actual moderator declare-immoral refuses an unresolved previous transaction before preparing a fee (0.57675ms)
✔ actual moderator set-moderation-policy uses the active wallet's durable journal (0.84575ms)
✔ actual moderator set-moderation-policy refuses an unresolved previous transaction before preparing a fee (0.437875ms)
✔ actual moderator transfer-censor uses the active wallet's durable journal (0.980458ms)
✔ actual moderator transfer-censor refuses an unresolved previous transaction before preparing a fee (0.564791ms)
✔ moderator wallet cannot bypass journal ownership by supplying a second key (0.559875ms)
✔ moderator recovery success distinguishes an already completed identical transfer from a failed one (0.657125ms)
✔ moderator recovery reverted distinguishes an already completed identical transfer from a failed one (0.616042ms)
✔ moderator recovery with unknown outcome cannot prepare another private fee payment (0.472792ms)
✔ actual recovery dispatcher restores the saved message and nonce before requesting a fresh post proof (1.351709ms)
✔ already published stable identity blocks a replacement before fee preparation (0.66275ms)
✔ recovery cannot silently regenerate a dummy operation (0.47275ms)
✔ recovery cannot silently regenerate a withdraw operation (0.490959ms)
✔ recovery cannot silently regenerate a claim operation (0.615583ms)
✔ claim  records its own operation rather than stale real-post metadata (10.731333ms)
✔ post dummy records its own operation rather than stale real-post metadata (0.916ms)
✔ withdraw  records its own operation rather than stale real-post metadata (0.622959ms)
✔ missing withdrawal note never proves success when history contains no exit (2.93525ms)
✔ missing withdrawal note never proves success when history is unavailable (1.265667ms)
✔ missing withdrawal note can recover an exact successful canonical exit without paying again (2.331209ms)
✔ missing withdrawal note cannot recover a reverted exit (1.19425ms)
✔ an exit for another selected deposit cannot complete withdrawal (1.706417ms)
✔ withdrawal recovery without original claim custody cannot guess deposit ownership (1.502916ms)
✔ withdrawal absence reconciliation has a deadline even if its receipt read stalls (21.550791ms)
✔ saved dummy requires the same source screening sequence (unchanged) (1.316584ms)
✔ saved dummy requires the same source screening sequence (changed) (0.789792ms)
✔ saved withdraw requires the same source screening sequence (unchanged) (0.614791ms)
✔ saved withdraw requires the same source screening sequence (changed) (0.582208ms)
✔ actual wallet passes attributed application spend to the durable journal before submission (0.512458ms)
✔ successful retried screening releases its step guard before the following withdrawal (2.506041ms)
✔ stale claim restores exact original receipt and claim identity without depositing again (3.288833ms)
✔ stale claim rejects changed amount before another fee payment (2.378917ms)
✔ stale claim rejects changed depositNonce before another fee payment (1.914709ms)
✔ stale claim rejects changed leafIndex before another fee payment (1.985625ms)
✔ stale claim rejects changed depositChain before another fee payment (2.264375ms)
✔ stale claim rejects changed secretHash before another fee payment (2.158791ms)
✔ stale claim rejects changed depositor before another fee payment (2.1305ms)
✔ an existing note is not confirmation of an unresolved saved claim transaction (2.873875ms)
✔ failed claim does not enter the former thirty-attempt loop (3.509042ms)
✔ saved claim rejects a receipt returned for another transaction (1.59825ms)
✔ saved claim rejects a reorged Ethereum receipt (1.351375ms)
✔ saved claim receipt reads time out before any proof or fee preparation (23.00325ms)
ℹ tests 62
ℹ suites 0
ℹ pass 62
ℹ fail 0
ℹ cancelled 0
ℹ skipped 0
ℹ todo 0
ℹ duration_ms 551.179459
