✔ workflow guard accepts unchanged output and ignores unrelated evidence (192.162083ms)
✔ workflow guard fails each overwritten committed output after a rebuild (533.072416ms)
✔ workflow guard rejects staged regeneration and removed consumers (110.106709ms)
✔ workflow guard rejects newly generated uncommitted application outputs (81.696708ms)
✔ matching synthetic artifacts and recorded sources pass (13.49625ms)
✔ stale deploy Noir copy is rejected (9.712917ms)
✔ stale censor Noir copy is rejected (11.409125ms)
✔ missing verification key is rejected even when all consumer copies agree (9.387166ms)
✔ empty private function set is rejected even when all consumer copies agree (10.408292ms)
✔ only public functions is rejected even when all consumer copies agree (9.848792ms)
✔ untranspiled artifact is rejected even when all consumer copies agree (8.32975ms)
✔ truthy non-boolean transpilation marker is rejected even when all consumer copies agree (10.318917ms)
✔ stale portal bytecode is rejected: apps/src/billboard/portal_bytecode.txt (10.399083ms)
✔ stale portal bytecode is rejected: apps/src/billboard/deploy/portal_bytecode.txt (7.944792ms)
✔ portal source drift is rejected by embedded compiler provenance (11.128667ms)
✔ missing Solidity source provenance is rejected (8.773458ms)
✔ string-encoded Solidity metadata remains supported (11.830792ms)
✔ Noir source drift requires a rebuild (12.517583ms)
✔ Noir dependency declaration drift requires a rebuild (9.131375ms)
✔ root dependency lock drift requires a rebuild (13.903084ms)
✔ portal dependency lock drift requires a rebuild (9.777292ms)
✔ compiler configuration drift requires a rebuild (11.382834ms)
✔ toolchain pins drift requires a rebuild (6.17375ms)
✔ contract builder drift requires a rebuild (8.608458ms)
✔ Noir debug-path normalizer drift requires a rebuild (9.275708ms)
✔ Noir dependency verifier drift requires a rebuild (8.114917ms)
✔ Noir dependency pins drift requires a rebuild (7.570292ms)
✔ new Noir source omitted from the old manifest requires a rebuild (6.835375ms)
✔ contract manifest input hash tampering is rejected (7.851167ms)
✔ contract manifest noir hash tampering is rejected (8.2945ms)
✔ contract manifest portal hash tampering is rejected (7.061834ms)
✔ synchronized altered Noir artifacts still fail the recorded build hash (8.540458ms)
✔ synchronized altered portal bytecode still fails the recorded build hash (7.955959ms)
✔ privateFee key, extra route and stale content fail closed (8.210167ms)
✔ build provenance rejects changed frontend sources paired with old HTML (16.728166ms)
✔ build provenance rejects output changes and removed output (25.863917ms)
✔ source removal and newly discovered app invalidate previous build (30.05725ms)
✔ partial or interrupted builds cannot preserve a valid aggregate manifest (28.202708ms)
✔ mid-build drift and private RPC overrides cannot be certified (28.083708ms)
✔ internal symlinks hash the actual source while escapes and cycles reject (22.462542ms)
✔ obsolete template cannot leave a served HTML page in certified output (22.594417ms)
✔ unexpected top-level and nested HTML reject certification without deletion (32.776917ms)
✔ output symlink escapes and cycles cannot bypass the served HTML inventory (25.085875ms)
✔ actual raw Noir inventory survives JSON round trip including absent optional metadata (24.650459ms)
✔ missing VK, duplicate functions and malformed encoded bytecode are rejected (19.778ms)
✔ runtime is labeled a template with immutable references and byte changes invalidate inventory (0.678625ms)
✔ removed assets, source drift and changed verification keys fail complete inventory comparison (13.723459ms)
✔ complete synthetic SDK manifest passes (10.727375ms)
✔ stale lockfile is rejected (10.233084ms)
✔ stale build script is rejected (10.462042ms)
✔ stale SDK entry source is rejected (9.187916ms)
✔ stale storage adapter source is rejected (13.462417ms)
✔ stale PXE schema source is rejected (12.248375ms)
✔ stale imported dependency source is rejected (13.835666ms)
✔ stale toolchain helper is rejected (11.68425ms)
✔ stale runtime asset source is rejected (12.113375ms)
✔ stale bundle output is rejected (12.039167ms)
✔ stale worker output is rejected (12.923ms)
✔ stale runtime asset output is rejected (11.694625ms)
✔ protocol version mismatch is rejected (13.603083ms)
✔ omitting required inputs entry shared/sdk-entry.mjs is rejected (11.347708ms)
✔ omitting required inputs entry shared/sdk-store.mjs is rejected (12.971625ms)
✔ omitting required inputs entry node_modules/@aztec/pxe/dest/storage/metadata.js is rejected (12.130792ms)
✔ omitting required inputs entry node_modules/@aztec/noir-acvm_js/web/acvm_js_bg.wasm is rejected (11.705458ms)
✔ omitting required outputs entry sqlite.worker.js is rejected (13.065625ms)
✔ omitting required outputs entry sqlite3.wasm is rejected (11.163667ms)
✔ runtime asset output cannot differ from its source even with a refreshed output hash (11.075417ms)
✔ manifest inputs path confinement rejects ../outside.js (13.342583ms)
✔ manifest inputs path confinement rejects /outside.js (10.633375ms)
✔ manifest inputs path confinement rejects shared/../outside.js (9.544708ms)
✔ manifest inputs path confinement rejects shared\outside.js (10.107042ms)
✔ manifest outputs path confinement rejects ../outside.js (10.831375ms)
✔ manifest outputs path confinement rejects /outside.js (11.066167ms)
✔ manifest outputs path confinement rejects nested/worker.js (10.153708ms)
✔ manifest outputs path confinement rejects ..\outside.js (10.872416ms)
✔ inputs symlink cannot escape its allowed directory (9.145041ms)
✔ outputs symlink cannot escape its allowed directory (7.488334ms)
✔ invalid manifest structure is rejected (6.071208ms)
✔ malformed manifest digest is rejected (7.592958ms)
✔ missing worker file is rejected rather than silently omitted (6.71675ms)
ℹ tests 80
ℹ suites 0
ℹ pass 80
ℹ fail 0
ℹ cancelled 0
ℹ skipped 0
ℹ todo 0
ℹ duration_ms 956.609208
