✔ shared: proposed success waits for canonical checkpoint (39.344041ms)
✔ shared: checkpointed application revert never confirms (1.209208ms)
✔ shared: proven application revert never confirms (0.746375ms)
✔ shared: finalized application revert never confirms (0.575917ms)
✔ shared: dropped receipt with no proven conflict remains unknown (0.668459ms)
✔ shared: structured revalidated state conflict requests fresh proof without resubmitting (0.530917ms)
✔ shared: missing/pending/malformed/error receipt cannot confirm object (0.7865ms)
✔ shared: missing/pending/malformed/error receipt cannot confirm pending (0.583208ms)
✔ shared: missing/pending/malformed/error receipt cannot confirm app_logic_reverted (0.547875ms)
✔ shared: missing/pending/malformed/error receipt cannot confirm object (0.702042ms)
✔ shared: receipt from another transaction rejects (0.572458ms)
✔ shared: noncanonical block cannot confirm (0.497667ms)
✔ shared: ambiguous submission reconciles the same hash exactly once (0.471375ms)
✔ shared: already text cannot turn a reverted transaction into success (0.511833ms)
✔ shared: proof or pre-proof failure never submits (0.957084ms)
✔ deploy: proposed success waits for canonical checkpoint (1.972375ms)
✔ deploy: checkpointed application revert never confirms (0.717791ms)
✔ deploy: proven application revert never confirms (0.560833ms)
✔ deploy: finalized application revert never confirms (0.540333ms)
✔ deploy: dropped receipt with no proven conflict remains unknown (0.449083ms)
✔ deploy: structured revalidated state conflict requests fresh proof without resubmitting (0.455625ms)
✔ deploy: missing/pending/malformed/error receipt cannot confirm object (1.94625ms)
✔ deploy: missing/pending/malformed/error receipt cannot confirm pending (0.754334ms)
✔ deploy: missing/pending/malformed/error receipt cannot confirm app_logic_reverted (0.526041ms)
✔ deploy: missing/pending/malformed/error receipt cannot confirm object (0.451292ms)
✔ deploy: receipt from another transaction rejects (0.435417ms)
✔ deploy: noncanonical block cannot confirm (3.57925ms)
✔ deploy: ambiguous submission reconciles the same hash exactly once (0.584208ms)
✔ deploy: already text cannot turn a reverted transaction into success (0.492334ms)
✔ deploy: proof or pre-proof failure never submits (1.221125ms)
ℹ tests 30
ℹ suites 0
ℹ pass 30
ℹ fail 0
ℹ cancelled 0
ℹ skipped 0
ℹ todo 0
ℹ duration_ms 717.112458
