✔ normal author calls carry only private payment method and bootstrap claim is consumed once (4.113208ms)
✔ unknown submission is preserved without retry and private errors are redacted (2.205167ms)
✔ missing private fee configuration fails before account work for every private action (1.930917ms)
✔ actual wallet keeps configured gas and normal account scope/tag through simulation and proof (37.716792ms)
✔ actual main claim uses standard author call with private fee payment (22.658959ms)
✔ actual main post uses standard author call with private fee payment (2.94825ms)
✔ actual main post dummy uses standard author call with private fee payment (1.746125ms)
✔ actual main withdraw uses standard author call with private fee payment (1.882125ms)
✔ moderator calls use their normal account with private fee payment (1.636917ms)
✔ inherited object names never select an application method (0.471917ms)
✔ actual main private post works with no Ethereum signer (1.417084ms)
✔ actual main fails before PXE when RPC identity changed after CLI preflight (0.772917ms)
✔ settlement pending returns after one witness lookup, without ninety-minute polling (1.875708ms)
✔ witness RPC failure remains unknown, never a false unclaimed or paid result (1.3595ms)
✔ consumed/error text is not evidence of a refund: false (1.72275ms)
✔ consumed/error text is not evidence of a refund: true (1.358916ms)
ℹ tests 16
ℹ suites 0
ℹ pass 16
ℹ fail 0
ℹ cancelled 0
ℹ skipped 0
ℹ todo 0
ℹ duration_ms 707.027667
