✔ attributes only the billboard nullifier, independently of fee nullifier (59.869ms)
✔ missing execution (0.690875ms)
✔ missing board call (0.436208ms)
✔ multiple nested board calls (0.455917ms)
✔ cyclic execution (0.459042ms)
✔ zero nullifier (0.450625ms)
✔ multiple nullifiers (0.349667ms)
✔ hidden trailing nullifier (0.269792ms)
✔ malformed field (0.213542ms)
✔ missing global match (0.356792ms)
✔ duplicate global match (0.372542ms)
✔ different proof inputs (0.278083ms)
✔ oversized tree (0.3955ms)
✔ normal author calls carry only private payment method and bootstrap claim is consumed once (3.417208ms)
✔ unknown submission is preserved without retry and private errors are redacted (2.199792ms)
✔ missing private fee configuration fails before account work for every private action (1.576125ms)
✔ actual wallet keeps configured gas and normal account scope/tag through simulation and proof (26.027292ms)
✔ actual main claim uses standard author call with private fee payment (16.255041ms)
✔ actual main post uses standard author call with private fee payment (2.125292ms)
✔ actual main post dummy uses standard author call with private fee payment (1.079083ms)
✔ actual main withdraw uses standard author call with private fee payment (1.058458ms)
✔ moderator calls use their normal account with private fee payment (1.496667ms)
✔ inherited object names never select an application method (0.474125ms)
✔ actual main private post works with no Ethereum signer (1.067958ms)
✔ actual main fails before PXE when RPC identity changed after CLI preflight (0.575ms)
✔ settlement pending returns after one witness lookup, without ninety-minute polling (1.290416ms)
✔ witness RPC failure remains unknown, never a false unclaimed or paid result (1.266833ms)
✔ consumed/error text is not evidence of a refund: false (7.6595ms)
✔ consumed/error text is not evidence of a refund: true (1.273292ms)
✔ actual main refuses a private send when durable journal is unavailable (0.660666ms)
✔ actual main recovery avoids proving and Ethereum signing and reports revert distinctly (1.411542ms)
✔ Ethereum recovery handles already refunded receipts before checking active deposit (1.570583ms)
✔ actual moderator declare-immoral uses the active wallet's durable journal (1.018625ms)
✔ actual moderator declare-immoral refuses an unresolved previous transaction before preparing a fee (0.537125ms)
✔ actual moderator set-moderation-policy uses the active wallet's durable journal (1.055208ms)
✔ actual moderator set-moderation-policy refuses an unresolved previous transaction before preparing a fee (0.689042ms)
✔ actual moderator transfer-censor uses the active wallet's durable journal (0.825292ms)
✔ actual moderator transfer-censor refuses an unresolved previous transaction before preparing a fee (0.666083ms)
✔ moderator wallet cannot bypass journal ownership by supplying a second key (0.825417ms)
✔ moderator recovery success distinguishes an already completed identical transfer from a failed one (0.828542ms)
✔ moderator recovery reverted distinguishes an already completed identical transfer from a failed one (0.722ms)
✔ moderator recovery with unknown outcome cannot prepare another private fee payment (0.606042ms)
✔ actual recovery dispatcher restores the saved message and nonce before requesting a fresh post proof (1.425125ms)
✔ already published stable identity blocks a replacement before fee preparation (0.712333ms)
✔ recovery cannot silently regenerate a dummy operation (0.479417ms)
✔ recovery cannot silently regenerate a withdraw operation (0.682334ms)
✔ recovery cannot silently regenerate a claim operation (0.536083ms)
✔ claim  records its own operation rather than stale real-post metadata (16.082459ms)
✔ post dummy records its own operation rather than stale real-post metadata (1.016334ms)
✔ withdraw  records its own operation rather than stale real-post metadata (0.650833ms)
✔ missing withdrawal note never proves success when history contains no exit (3.4225ms)
✔ missing withdrawal note never proves success when history is unavailable (1.32175ms)
✔ missing withdrawal note can recover an exact successful canonical exit without paying again (2.721416ms)
✔ missing withdrawal note cannot recover a reverted exit (1.650542ms)
✔ an exit for another selected deposit cannot complete withdrawal (3.67125ms)
✔ withdrawal recovery without original claim custody cannot guess deposit ownership (2.136417ms)
✔ withdrawal absence reconciliation has a deadline even if its receipt read stalls (21.408375ms)
✔ saved dummy requires the same source screening sequence (unchanged) (1.216875ms)
✔ saved dummy requires the same source screening sequence (changed) (0.6965ms)
✔ saved withdraw requires the same source screening sequence (unchanged) (1.018ms)
✔ saved withdraw requires the same source screening sequence (changed) (0.81225ms)
✔ stale proof replacement retains exact post intent and original proof through portable recovery (541.956542ms)
✔ uncertain or live original cannot authorize another proof: {"status":"pending"} (91.362291ms)
✔ uncertain or live original cannot authorize another proof: {"status":"proposed"} (83.538ms)
✔ uncertain or live original cannot authorize another proof: {"status":"checkpointed"} (85.4085ms)
✔ uncertain or live original cannot authorize another proof: {"validation":{"result":"valid"}} (74.47925ms)
✔ uncertain or live original cannot authorize another proof: {"validation":{"result":"invalid","reason":["bad signature"]}} (75.556916ms)
✔ uncertain or live original cannot authorize another proof: {"validation":{"result":"invalid","reason":["Existing nullifier","unrecognized"]}} (85.804541ms)
✔ original becoming live during proving prevents saving replacement and preserves the original request (182.482459ms)
✔ different logical operation cannot consume a stale-proof authorization (180.740083ms)
✔ concurrent replacement authorizations still allow only one durable new proof (361.392875ms)
✔ replacement chain is bounded and preserves its last record when the limit is reached (6277.411625ms)
✔ stalled transaction reads and canonical receipt requests respect bounded deadlines (16.2255ms)
✔ stalled replacement reconciliation remains unknown and leaves the original record intact (121.474167ms)
✔ replacement RPC exceptions expose only the bounded recovery classification (80.635708ms)
✔ replacement must retain the exact bound application spend even when fee nullifiers change (361.52375ms)
ℹ tests 76
ℹ suites 0
ℹ pass 76
ℹ fail 0
ℹ cancelled 0
ℹ skipped 0
ℹ todo 0
ℹ duration_ms 9329.507459
