✔ normal author calls carry only private payment method and bootstrap claim is consumed once (2.495791ms)
✔ unknown submission is preserved without retry and private errors are redacted (1.718292ms)
✔ missing private fee configuration fails before account work for every private action (1.393625ms)
✔ actual wallet keeps configured gas and normal account scope/tag through simulation and proof (8.983834ms)
✔ actual main claim uses standard author call with private fee payment (16.076167ms)
✔ actual main post uses standard author call with private fee payment (1.960791ms)
✔ actual main post dummy uses standard author call with private fee payment (1.037375ms)
✔ actual main withdraw uses standard author call with private fee payment (0.968792ms)
✔ moderator calls use their normal account with private fee payment (1.102708ms)
✔ inherited object names never select an application method (0.33925ms)
✔ actual main private post works with no Ethereum signer (0.963334ms)
✔ actual main fails before PXE when RPC identity changed after CLI preflight (0.516791ms)
✔ settlement pending returns after one witness lookup, without ninety-minute polling (1.41025ms)
✔ witness RPC failure remains unknown, never a false unclaimed or paid result (1.038625ms)
✔ consumed/error text is not evidence of a refund: false (5.015834ms)
✔ consumed/error text is not evidence of a refund: true (1.128292ms)
✔ actual main refuses a private send when durable journal is unavailable (0.647834ms)
✔ actual main recovery avoids proving and Ethereum signing and reports revert distinctly (1.010708ms)
✔ Ethereum recovery handles already refunded receipts before checking active deposit (1.408041ms)
✔ actual moderator declare-immoral uses the active wallet's durable journal (0.978667ms)
✔ actual moderator declare-immoral refuses an unresolved previous transaction before preparing a fee (0.641042ms)
✔ actual moderator set-moderation-policy uses the active wallet's durable journal (1.125458ms)
✔ actual moderator set-moderation-policy refuses an unresolved previous transaction before preparing a fee (0.720792ms)
✔ actual moderator transfer-censor uses the active wallet's durable journal (0.766875ms)
✔ actual moderator transfer-censor refuses an unresolved previous transaction before preparing a fee (0.498875ms)
✔ moderator wallet cannot bypass journal ownership by supplying a second key (0.583458ms)
✔ moderator recovery success distinguishes an already completed identical transfer from a failed one (0.6625ms)
✔ moderator recovery reverted distinguishes an already completed identical transfer from a failed one (0.607583ms)
✔ moderator recovery with unknown outcome cannot prepare another private fee payment (0.498208ms)
✔ actual recovery dispatcher restores the saved message and nonce before requesting a fresh post proof (1.4045ms)
✔ already published stable identity blocks a replacement before fee preparation (0.719709ms)
✔ recovery cannot silently regenerate a dummy operation (0.587791ms)
✔ recovery cannot silently regenerate a withdraw operation (0.576791ms)
✔ recovery cannot silently regenerate a claim operation (0.449459ms)
✔ claim  records its own operation rather than stale real-post metadata (13.819125ms)
✔ post dummy records its own operation rather than stale real-post metadata (1.034125ms)
✔ withdraw  records its own operation rather than stale real-post metadata (0.716125ms)
✔ missing withdrawal note never proves success when history contains no exit (3.271417ms)
✔ missing withdrawal note never proves success when history is unavailable (1.256666ms)
✔ missing withdrawal note can recover an exact successful canonical exit without paying again (2.399333ms)
✔ missing withdrawal note cannot recover a reverted exit (1.297708ms)
✔ an exit for another selected deposit cannot complete withdrawal (2.188542ms)
✔ withdrawal recovery without original claim custody cannot guess deposit ownership (1.55475ms)
✔ withdrawal absence reconciliation has a deadline even if its receipt read stalls (21.35375ms)
✔ saved dummy requires the same source screening sequence (unchanged) (0.924334ms)
✔ saved dummy requires the same source screening sequence (changed) (0.8265ms)
✔ saved withdraw requires the same source screening sequence (unchanged) (0.593083ms)
✔ saved withdraw requires the same source screening sequence (changed) (0.588292ms)
✔ actual wallet passes attributed application spend to the durable journal before submission (0.514083ms)
✔ successful retried screening releases its step guard before the following withdrawal (2.465167ms)
ℹ tests 50
ℹ suites 0
ℹ pass 50
ℹ fail 0
ℹ cancelled 0
ℹ skipped 0
ℹ todo 0
ℹ duration_ms 510.627542
