✔ attributes only the billboard nullifier, independently of fee nullifier (56.74025ms)
✔ missing execution (0.950458ms)
✔ missing board call (0.552792ms)
✔ multiple nested board calls (0.454ms)
✔ cyclic execution (0.431708ms)
✔ zero nullifier (0.327ms)
✔ multiple nullifiers (0.269ms)
✔ hidden trailing nullifier (0.319083ms)
✔ malformed field (0.228ms)
✔ missing global match (0.422625ms)
✔ duplicate global match (0.429459ms)
✔ different proof inputs (0.282917ms)
✔ oversized tree (0.40825ms)
✔ normal author calls carry only private payment method and bootstrap claim is consumed once (2.307542ms)
✔ unknown submission is preserved without retry and private errors are redacted (1.739959ms)
✔ missing private fee configuration fails before account work for every private action (2.885958ms)
✔ actual wallet keeps configured gas and normal account scope/tag through simulation and proof (10.611125ms)
✔ actual main claim uses standard author call with private fee payment (18.032291ms)
✔ actual main post uses standard author call with private fee payment (2.118958ms)
✔ actual main post dummy uses standard author call with private fee payment (1.659792ms)
✔ actual main withdraw uses standard author call with private fee payment (1.075625ms)
✔ moderator calls use their normal account with private fee payment (1.133416ms)
✔ inherited object names never select an application method (0.3255ms)
✔ actual main private post works with no Ethereum signer (0.905625ms)
✔ actual main fails before PXE when RPC identity changed after CLI preflight (0.491083ms)
✔ settlement pending returns after one witness lookup, without ninety-minute polling (1.495375ms)
✔ witness RPC failure remains unknown, never a false unclaimed or paid result (1.168333ms)
✔ consumed/error text is not evidence of a refund: false (1.881583ms)
✔ consumed/error text is not evidence of a refund: true (3.67325ms)
✔ actual main refuses a private send when durable journal is unavailable (0.8655ms)
✔ actual main recovery avoids proving and Ethereum signing and reports revert distinctly (1.121042ms)
✔ Ethereum recovery handles already refunded receipts before checking active deposit (2.265542ms)
✔ actual moderator declare-immoral uses the active wallet's durable journal (1.2515ms)
✔ actual moderator declare-immoral refuses an unresolved previous transaction before preparing a fee (0.584583ms)
✔ actual moderator set-moderation-policy uses the active wallet's durable journal (1.087125ms)
✔ actual moderator set-moderation-policy refuses an unresolved previous transaction before preparing a fee (0.518375ms)
✔ actual moderator transfer-censor uses the active wallet's durable journal (0.617875ms)
✔ actual moderator transfer-censor refuses an unresolved previous transaction before preparing a fee (0.48425ms)
✔ moderator wallet cannot bypass journal ownership by supplying a second key (0.557209ms)
✔ moderator recovery success distinguishes an already completed identical transfer from a failed one (0.609708ms)
✔ moderator recovery reverted distinguishes an already completed identical transfer from a failed one (0.5855ms)
✔ moderator recovery with unknown outcome cannot prepare another private fee payment (0.509958ms)
✔ actual recovery dispatcher restores the saved message and nonce before requesting a fresh post proof (1.739333ms)
✔ already published stable identity blocks a replacement before fee preparation (0.873916ms)
✔ recovery cannot silently regenerate a dummy operation (0.536083ms)
✔ recovery cannot silently regenerate a withdraw operation (0.474583ms)
✔ recovery cannot silently regenerate a claim operation (0.454875ms)
✔ claim  records its own operation rather than stale real-post metadata (14.670667ms)
✔ post dummy records its own operation rather than stale real-post metadata (1.1065ms)
✔ withdraw  records its own operation rather than stale real-post metadata (0.814375ms)
✔ missing withdrawal note never proves success when history contains no exit (2.981375ms)
✔ missing withdrawal note never proves success when history is unavailable (1.701916ms)
✔ missing withdrawal note can recover an exact successful canonical exit without paying again (2.805417ms)
✔ missing withdrawal note cannot recover a reverted exit (1.268833ms)
✔ an exit for another selected deposit cannot complete withdrawal (1.865042ms)
✔ withdrawal recovery without original claim custody cannot guess deposit ownership (1.909083ms)
✔ withdrawal absence reconciliation has a deadline even if its receipt read stalls (23.285084ms)
✔ saved dummy requires the same source screening sequence (unchanged) (1.199417ms)
✔ saved dummy requires the same source screening sequence (changed) (0.781917ms)
✔ saved withdraw requires the same source screening sequence (unchanged) (0.825375ms)
✔ saved withdraw requires the same source screening sequence (changed) (0.678791ms)
✔ actual wallet passes attributed application spend to the durable journal before submission (0.624916ms)
✔ stale proof replacement retains exact post intent and original proof through portable recovery (545.390208ms)
✔ uncertain or live original cannot authorize another proof: {"status":"pending"} (89.8715ms)
✔ uncertain or live original cannot authorize another proof: {"status":"proposed"} (84.7785ms)
✔ uncertain or live original cannot authorize another proof: {"status":"checkpointed"} (85.738166ms)
✔ uncertain or live original cannot authorize another proof: {"validation":{"result":"valid"}} (74.003125ms)
✔ uncertain or live original cannot authorize another proof: {"validation":{"result":"invalid","reason":["bad signature"]}} (74.968792ms)
✔ uncertain or live original cannot authorize another proof: {"validation":{"result":"invalid","reason":["Existing nullifier","unrecognized"]}} (81.410666ms)
✔ original becoming live during proving prevents saving replacement and preserves the original request (188.230917ms)
✔ different logical operation cannot consume a stale-proof authorization (172.180834ms)
✔ concurrent replacement authorizations still allow only one durable new proof (353.475333ms)
✔ replacement chain is bounded and preserves its last record when the limit is reached (6041.081625ms)
✔ stalled transaction reads and canonical receipt requests respect bounded deadlines (15.375791ms)
✔ stalled replacement reconciliation remains unknown and leaves the original record intact (121.42575ms)
✔ replacement RPC exceptions expose only the bounded recovery classification (81.06175ms)
✔ replacement must retain the exact bound application spend even when fee nullifiers change (360.067375ms)
ℹ tests 77
ℹ suites 0
ℹ pass 77
ℹ fail 0
ℹ cancelled 0
ℹ skipped 0
ℹ todo 0
ℹ duration_ms 9269.401125
