✔ normal author calls carry only private payment method and bootstrap claim is consumed once (3.37325ms)
✔ unknown submission is preserved without retry and private errors are redacted (2.199916ms)
✔ missing private fee configuration fails before account work for every private action (1.983084ms)
✔ actual wallet keeps configured gas and normal account scope/tag through simulation and proof (29.13075ms)
✔ actual main claim uses standard author call with private fee payment (16.998709ms)
✔ actual main post uses standard author call with private fee payment (2.121042ms)
✔ actual main post dummy uses standard author call with private fee payment (1.351834ms)
✔ actual main withdraw uses standard author call with private fee payment (0.924167ms)
✔ moderator calls use their normal account with private fee payment (1.01975ms)
✔ inherited object names never select an application method (0.329292ms)
✔ actual main private post works with no Ethereum signer (0.915875ms)
✔ actual main fails before PXE when RPC identity changed after CLI preflight (0.518916ms)
✔ settlement pending returns after one witness lookup, without ninety-minute polling (1.482792ms)
✔ witness RPC failure remains unknown, never a false unclaimed or paid result (1.239959ms)
✔ consumed/error text is not evidence of a refund: false (7.225958ms)
✔ consumed/error text is not evidence of a refund: true (1.190208ms)
✔ actual main refuses a private send when durable journal is unavailable (0.741041ms)
✔ actual main recovery avoids proving and Ethereum signing and reports revert distinctly (1.157459ms)
✔ Ethereum recovery handles already refunded receipts before checking active deposit (1.42775ms)
✔ actual moderator declare-immoral uses the active wallet's durable journal (0.981833ms)
✔ actual moderator declare-immoral refuses an unresolved previous transaction before preparing a fee (0.5165ms)
✔ actual moderator set-moderation-policy uses the active wallet's durable journal (1.808167ms)
✔ actual moderator set-moderation-policy refuses an unresolved previous transaction before preparing a fee (0.727125ms)
✔ actual moderator transfer-censor uses the active wallet's durable journal (0.81925ms)
✔ actual moderator transfer-censor refuses an unresolved previous transaction before preparing a fee (0.609917ms)
✔ moderator wallet cannot bypass journal ownership by supplying a second key (0.6515ms)
✔ moderator recovery success distinguishes an already completed identical transfer from a failed one (0.700583ms)
✔ moderator recovery reverted distinguishes an already completed identical transfer from a failed one (0.69175ms)
✔ moderator recovery with unknown outcome cannot prepare another private fee payment (0.526125ms)
✔ actual recovery dispatcher restores the saved message and nonce before requesting a fresh post proof (2.045292ms)
✔ already published stable identity blocks a replacement before fee preparation (0.853ms)
✔ recovery cannot silently regenerate a dummy operation (0.572834ms)
✔ recovery cannot silently regenerate a withdraw operation (0.517125ms)
✔ recovery cannot silently regenerate a claim operation (0.478334ms)
✔ claim  records its own operation rather than stale real-post metadata (15.097125ms)
✔ post dummy records its own operation rather than stale real-post metadata (1.102084ms)
✔ withdraw  records its own operation rather than stale real-post metadata (0.782208ms)
✔ missing withdrawal note never proves success when history contains no exit (3.498542ms)
✔ missing withdrawal note never proves success when history is unavailable (1.346958ms)
✔ missing withdrawal note can recover an exact successful canonical exit without paying again (2.586959ms)
✔ missing withdrawal note cannot recover a reverted exit (1.715167ms)
✔ an exit for another selected deposit cannot complete withdrawal (2.461917ms)
✔ withdrawal recovery without original claim custody cannot guess deposit ownership (1.918834ms)
✔ withdrawal absence reconciliation has a deadline even if its receipt read stalls (23.111458ms)
✔ stale proof replacement retains exact post intent and original proof through portable recovery (566.180958ms)
✔ uncertain or live original cannot authorize another proof: {"status":"pending"} (88.992959ms)
✔ uncertain or live original cannot authorize another proof: {"status":"proposed"} (83.715416ms)
✔ uncertain or live original cannot authorize another proof: {"status":"checkpointed"} (86.691625ms)
✔ uncertain or live original cannot authorize another proof: {"validation":{"result":"valid"}} (75.846791ms)
✔ uncertain or live original cannot authorize another proof: {"validation":{"result":"invalid","reason":["bad signature"]}} (77.505209ms)
✔ uncertain or live original cannot authorize another proof: {"validation":{"result":"invalid","reason":["Existing nullifier","unrecognized"]}} (86.866666ms)
✔ original becoming live during proving prevents saving replacement and preserves the original request (188.399625ms)
✔ different logical operation cannot consume a stale-proof authorization (172.541917ms)
✔ concurrent replacement authorizations still allow only one durable new proof (368.233ms)
✔ replacement chain is bounded and preserves its last record when the limit is reached (6271.639208ms)
✔ stalled transaction reads and canonical receipt requests respect bounded deadlines (15.360334ms)
✔ stalled replacement reconciliation remains unknown and leaves the original record intact (119.353083ms)
✔ replacement RPC exceptions expose only the bounded recovery classification (80.247791ms)
ℹ tests 58
ℹ suites 0
ℹ pass 58
ℹ fail 0
ℹ cancelled 0
ℹ skipped 0
ℹ todo 0
ℹ duration_ms 9326.28075
