✔ matching synthetic artifacts and recorded sources pass (13.007792ms)
✔ stale deploy Noir copy is rejected (10.509834ms)
✔ stale censor Noir copy is rejected (8.461084ms)
✔ missing verification key is rejected even when all consumer copies agree (8.464083ms)
✔ empty private function set is rejected even when all consumer copies agree (11.413375ms)
✔ only public functions is rejected even when all consumer copies agree (8.842959ms)
✔ untranspiled artifact is rejected even when all consumer copies agree (8.923667ms)
✔ truthy non-boolean transpilation marker is rejected even when all consumer copies agree (8.446458ms)
✔ stale portal bytecode is rejected: apps/src/billboard/portal_bytecode.txt (6.518083ms)
✔ stale portal bytecode is rejected: apps/src/billboard/deploy/portal_bytecode.txt (8.85525ms)
✔ portal source drift is rejected by embedded compiler provenance (12.83775ms)
✔ missing Solidity source provenance is rejected (8.880334ms)
✔ string-encoded Solidity metadata remains supported (7.455667ms)
✔ Noir source drift requires a rebuild (7.165792ms)
✔ Noir dependency declaration drift requires a rebuild (7.10325ms)
✔ root dependency lock drift requires a rebuild (7.305208ms)
✔ portal dependency lock drift requires a rebuild (6.498458ms)
✔ compiler configuration drift requires a rebuild (6.375458ms)
✔ toolchain pins drift requires a rebuild (7.019875ms)
✔ contract builder drift requires a rebuild (6.383ms)
✔ Noir debug-path normalizer drift requires a rebuild (6.694667ms)
✔ Noir dependency verifier drift requires a rebuild (5.989625ms)
✔ Noir dependency pins drift requires a rebuild (6.246709ms)
✔ new Noir source omitted from the old manifest requires a rebuild (6.786833ms)
✔ contract manifest input hash tampering is rejected (7.279458ms)
✔ contract manifest noir hash tampering is rejected (6.292667ms)
✔ contract manifest portal hash tampering is rejected (7.26275ms)
✔ synchronized altered Noir artifacts still fail the recorded build hash (7.001708ms)
✔ synchronized altered portal bytecode still fails the recorded build hash (8.952583ms)
✔ privateFee key, extra route and stale content fail closed (9.490333ms)
✔ all verified local bytes reach SRS with the pinned v5 point counts (16.094084ms)
✔ old uncompressed-size local BN254 data is rejected before any prover call (0.515ms)
✔ corrupt same-size cache and CDN bytes cannot initialize SRS (22.399292ms)
✔ bad local cache and bad first CDN fall back only to hash-verified second CDN bytes (14.047417ms)
✔ g1.dat uses the official v5 CDN filename and exact range (32.533792ms)
✔ grumpkin_g1.dat uses the official v5 CDN filename and exact range (14.390917ms)
✔ missing manifest is rejected before any data request (0.353875ms)
✔ different SDK release is rejected before any data request (0.135333ms)
✔ old schema is rejected before any data request (0.095375ms)
✔ wrong compressed format is rejected before any data request (0.139917ms)
✔ wrong G2 format is rejected before any data request (0.084208ms)
✔ wrong Grumpkin format is rejected before any data request (0.071791ms)
✔ old point count is rejected before any data request (0.06075ms)
✔ old Grumpkin filename is rejected before any data request (0.066625ms)
✔ unexpected network destination is rejected before any data request (0.05775ms)
✔ duplicate file is rejected before any data request (0.077375ms)
✔ invalid range is rejected before any data request (0.060291ms)
✔ missing derived entry is rejected before any data request (0.059583ms)
✔ wrong derived name is rejected before any data request (0.052625ms)
✔ wrong derived length is rejected before any data request (0.058208ms)
✔ wrong derived point count is rejected before any data request (0.049541ms)
✔ wrong derived format is rejected before any data request (0.0595ms)
✔ invalid derived digest is rejected before any data request (0.053292ms)
✔ derived remote URL is rejected before any data request (0.0645ms)
✔ missing provenance is rejected before any data request (0.159542ms)
✔ wrong derivation method is rejected before any data request (0.092292ms)
✔ wrong derivation SDK is rejected before any data request (0.074125ms)
✔ wrong derivation input name is rejected before any data request (0.06525ms)
✔ mismatched derivation input pin is rejected before any data request (0.083ms)
✔ mismatched derivation G2 pin is rejected before any data request (0.061917ms)
✔ wrong derivation WASM path is rejected before any data request (0.163791ms)
✔ wrong derivation WASM digest is rejected before any data request (0.135333ms)
✔ extra derivation metadata is rejected before any data request (0.060791ms)
✔ truncated body cannot be loaded (0.176417ms)
✔ oversized body cannot be loaded (0.081875ms)
✔ oversized content length cannot be loaded (0.377ms)
✔ HTTP failure cannot be loaded (0.084667ms)
✔ empty successful response cannot be loaded (0.054292ms)
✔ oversized streamed response is cancelled instead of reading remaining bytes (0.38825ms)
✔ non-ending HTTP error response is cancelled before rejection (0.084ms)
✔ HTTP error response remains the rejection reason when cancellation fails (0.113458ms)
✔ BN254 initialization rejection prevents Grumpkin initialization (14.039625ms)
✔ unexpected BN254 response cannot be reported as initialized (13.520125ms)
✔ unexpected Grumpkin response cannot be reported as initialized (19.869167ms)
✔ browser loading uses the same checks with Web Crypto SHA-256 (21.229375ms)
✔ verified local derived bytes skip compressed reads and use the documented empty response (25.239417ms)
✔ derived corruption after the first two points falls back before any bad bytes reach SRS (36.245584ms)
✔ truncated derived input is rejected before hash verification and uses verified compressed fallback (13.49ms)
✔ oversized derived input is rejected before hash verification and uses verified compressed fallback (18.226917ms)
✔ cache metadata wrapper is rejected before hash verification and uses verified compressed fallback (19.830625ms)
✔ corrupt derived bytes plus invalid compressed sources never invoke the prover (24.116917ms)
✔ missing derived and compressed local input fetches only the pinned compressed CDN bytes (18.159875ms)
✔ loader cannot replace the trusted metadata snapshot (24.670292ms)
✔ mismatched derived content pin never accepts bytes through supplied cache metadata (37.873875ms)
✔ derived initialization rejects nonempty output and does not initialize Grumpkin (28.031208ms)
✔ derived initialization rejects missing output and does not initialize Grumpkin (24.298292ms)
✔ derived initialization rejects wrong element type and does not initialize Grumpkin (24.22325ms)
✔ browser VM uses full Web Crypto digest verification for derived input (29.665958ms)
✔ build provenance rejects changed frontend sources paired with old HTML (32.442958ms)
✔ build provenance rejects output changes and removed output (23.72ms)
✔ source removal and newly discovered app invalidate previous build (21.583208ms)
✔ partial or interrupted builds cannot preserve a valid aggregate manifest (19.892666ms)
✔ mid-build drift and private RPC overrides cannot be certified (27.476417ms)
✔ internal symlinks hash the actual source while escapes and cycles reject (22.542833ms)
✔ obsolete template cannot leave a served HTML page in certified output (23.31875ms)
✔ unexpected top-level and nested HTML reject certification without deletion (27.221541ms)
✔ output symlink escapes and cycles cannot bypass the served HTML inventory (27.022458ms)
✔ complete synthetic SDK manifest passes (29.565792ms)
✔ stale lockfile is rejected (8.01975ms)
✔ stale build script is rejected (7.14775ms)
✔ stale SDK entry source is rejected (9.516541ms)
✔ stale storage adapter source is rejected (8.759833ms)
✔ stale PXE schema source is rejected (8.098083ms)
✔ stale imported dependency source is rejected (8.986708ms)
✔ stale toolchain helper is rejected (8.070375ms)
✔ stale runtime asset source is rejected (9.479084ms)
✔ stale bundle output is rejected (8.801042ms)
✔ stale worker output is rejected (12.2815ms)
✔ stale runtime asset output is rejected (15.490792ms)
✔ protocol version mismatch is rejected (8.778875ms)
✔ omitting required inputs entry shared/sdk-entry.mjs is rejected (10.646ms)
✔ omitting required inputs entry shared/sdk-store.mjs is rejected (9.888584ms)
✔ omitting required inputs entry node_modules/@aztec/pxe/dest/storage/metadata.js is rejected (10.899167ms)
✔ omitting required inputs entry node_modules/@aztec/noir-acvm_js/web/acvm_js_bg.wasm is rejected (9.880959ms)
✔ omitting required outputs entry sqlite.worker.js is rejected (10.040458ms)
✔ omitting required outputs entry sqlite3.wasm is rejected (11.294542ms)
✔ runtime asset output cannot differ from its source even with a refreshed output hash (15.192375ms)
✔ manifest inputs path confinement rejects ../outside.js (9.726625ms)
✔ manifest inputs path confinement rejects /outside.js (9.269ms)
✔ manifest inputs path confinement rejects shared/../outside.js (9.435167ms)
✔ manifest inputs path confinement rejects shared\outside.js (10.49ms)
✔ manifest outputs path confinement rejects ../outside.js (9.248833ms)
✔ manifest outputs path confinement rejects /outside.js (10.349291ms)
✔ manifest outputs path confinement rejects nested/worker.js (8.618417ms)
✔ manifest outputs path confinement rejects ..\outside.js (9.787833ms)
✔ inputs symlink cannot escape its allowed directory (9.917292ms)
✔ outputs symlink cannot escape its allowed directory (11.963042ms)
✔ invalid manifest structure is rejected (8.149625ms)
✔ malformed manifest digest is rejected (9.156917ms)
✔ missing worker file is rejected rather than silently omitted (13.960792ms)
✔ full Field wallet salt survives without Number narrowing (2.425125ms)
✔ invalid wallet salt fails closed 9007199254740992 (1.204375ms)
✔ invalid wallet salt fails closed -1 (1.098834ms)
✔ invalid wallet salt fails closed 0x (0.802458ms)
✔ invalid wallet salt fails closed 0001 (0.85575ms)
✔ invalid wallet salt fails closed 0x30644e72e131a029b85045b68181585d2833e84879b9709143e1f593f0000001 (0.790541ms)
✔ public wallet and symlink are rejected without modifying source files (0.715625ms)
✔ network endpoints must be explicit and do not read ambient configuration (0.638125ms)
✔ unsafe RPC endpoint rejects without echoing input (0.073917ms)
✔ unsafe RPC endpoint rejects without echoing input (0.080583ms)
✔ unsafe RPC endpoint rejects without echoing input (0.078333ms)
✔ missing user wallet never loads defaults (0.581375ms)
✔ escrow claim-secret encryption separates accounts sharing a key with different salts (22.503583ms)
ℹ tests 143
ℹ suites 0
ℹ pass 143
ℹ fail 0
ℹ cancelled 0
ℹ skipped 0
ℹ todo 0
ℹ duration_ms 618.897125
