✔ normal author calls carry only private payment method and bootstrap claim is consumed once (4.377084ms)
✔ unknown submission is preserved without retry and private errors are redacted (2.799917ms)
✔ missing private fee configuration fails before account work for every private action (1.614792ms)
✔ actual wallet keeps configured gas and normal account scope/tag through simulation and proof (38.439459ms)
✔ actual main claim uses standard author call with private fee payment (19.17625ms)
✔ actual main post uses standard author call with private fee payment (2.149625ms)
✔ actual main post dummy uses standard author call with private fee payment (1.410708ms)
✔ actual main withdraw uses standard author call with private fee payment (1.230708ms)
✔ moderator calls use their normal account with private fee payment (1.084583ms)
✔ inherited object names never select an application method (0.333375ms)
✔ actual main private post works with no Ethereum signer (0.942375ms)
✔ actual main fails before PXE when RPC identity changed after CLI preflight (0.508709ms)
✔ settlement pending returns after one witness lookup, without ninety-minute polling (1.317167ms)
✔ witness RPC failure remains unknown, never a false unclaimed or paid result (1.460209ms)
✔ consumed/error text is not evidence of a refund: false (1.719875ms)
✔ consumed/error text is not evidence of a refund: true (5.92775ms)
✔ actual main refuses a private send when durable journal is unavailable (0.869875ms)
✔ actual main recovery avoids proving and Ethereum signing and reports revert distinctly (1.184083ms)
✔ Ethereum recovery handles already refunded receipts before checking active deposit (3.112125ms)
✔ actual moderator declare-immoral uses the active wallet's durable journal (1.053167ms)
✔ actual moderator declare-immoral refuses an unresolved previous transaction before preparing a fee (0.780333ms)
✔ actual moderator set-moderation-policy uses the active wallet's durable journal (1.126875ms)
✔ actual moderator set-moderation-policy refuses an unresolved previous transaction before preparing a fee (1.537459ms)
✔ actual moderator transfer-censor uses the active wallet's durable journal (1.016584ms)
✔ actual moderator transfer-censor refuses an unresolved previous transaction before preparing a fee (0.515584ms)
✔ moderator wallet cannot bypass journal ownership by supplying a second key (0.614ms)
✔ moderator recovery success distinguishes an already completed identical transfer from a failed one (0.660709ms)
✔ moderator recovery reverted distinguishes an already completed identical transfer from a failed one (0.58575ms)
✔ moderator recovery with unknown outcome cannot prepare another private fee payment (1.323917ms)
✔ actual recovery dispatcher restores the saved message and nonce before requesting a fresh post proof (1.547375ms)
✔ already published stable identity blocks a replacement before fee preparation (0.814417ms)
✔ recovery cannot silently regenerate a dummy operation (0.978916ms)
✔ recovery cannot silently regenerate a withdraw operation (0.723333ms)
✔ recovery cannot silently regenerate a claim operation (0.528042ms)
ℹ tests 34
ℹ suites 0
ℹ pass 34
ℹ fail 0
ℹ cancelled 0
ℹ skipped 0
ℹ todo 0
ℹ duration_ms 617.861583
