✔ normal author calls carry only private payment method and bootstrap claim is consumed once (3.254083ms)
✔ unknown submission is preserved without retry and private errors are redacted (2.119875ms)
✔ missing private fee configuration fails before account work for every private action (1.604459ms)
✔ actual wallet keeps configured gas and normal account scope/tag through simulation and proof (27.577083ms)
✔ actual main claim uses standard author call with private fee payment (18.315959ms)
✔ actual main post uses standard author call with private fee payment (2.372291ms)
✔ actual main post dummy uses standard author call with private fee payment (1.121084ms)
✔ actual main withdraw uses standard author call with private fee payment (0.984ms)
✔ moderator calls use their normal account with private fee payment (1.210041ms)
✔ inherited object names never select an application method (0.336959ms)
✔ actual main private post works with no Ethereum signer (0.973125ms)
✔ actual main fails before PXE when RPC identity changed after CLI preflight (0.774792ms)
✔ settlement pending returns after one witness lookup, without ninety-minute polling (1.832334ms)
✔ witness RPC failure remains unknown, never a false unclaimed or paid result (1.471167ms)
✔ consumed/error text is not evidence of a refund: false (1.639167ms)
✔ consumed/error text is not evidence of a refund: true (4.809375ms)
✔ actual main refuses a private send when durable journal is unavailable (0.909625ms)
✔ actual main recovery avoids proving and Ethereum signing and reports revert distinctly (1.6605ms)
✔ Ethereum recovery handles already refunded receipts before checking active deposit (1.380083ms)
✔ actual moderator declare-immoral uses the active wallet's durable journal (0.965292ms)
✔ actual moderator declare-immoral refuses an unresolved previous transaction before preparing a fee (0.474333ms)
✔ actual moderator set-moderation-policy uses the active wallet's durable journal (1.425542ms)
✔ actual moderator set-moderation-policy refuses an unresolved previous transaction before preparing a fee (0.913459ms)
✔ actual moderator transfer-censor uses the active wallet's durable journal (0.888958ms)
✔ actual moderator transfer-censor refuses an unresolved previous transaction before preparing a fee (0.672125ms)
✔ moderator wallet cannot bypass journal ownership by supplying a second key (0.743333ms)
✔ moderator recovery success distinguishes an already completed identical transfer from a failed one (0.724ms)
✔ moderator recovery reverted distinguishes an already completed identical transfer from a failed one (0.607625ms)
✔ moderator recovery with unknown outcome cannot prepare another private fee payment (0.504667ms)
✔ actual recovery dispatcher restores the saved message and nonce before requesting a fresh post proof (1.749041ms)
✔ already published stable identity blocks a replacement before fee preparation (0.906166ms)
✔ recovery cannot silently regenerate a dummy operation (0.521625ms)
✔ recovery cannot silently regenerate a withdraw operation (0.468375ms)
✔ recovery cannot silently regenerate a claim operation (0.838792ms)
✔ claim  records its own operation rather than stale real-post metadata (13.787208ms)
✔ post dummy records its own operation rather than stale real-post metadata (1.116958ms)
✔ withdraw  records its own operation rather than stale real-post metadata (0.761667ms)
✔ missing withdrawal note never proves success when history contains no exit (3.565958ms)
✔ missing withdrawal note never proves success when history is unavailable (1.286958ms)
✔ missing withdrawal note can recover an exact successful canonical exit without paying again (2.726959ms)
✔ missing withdrawal note cannot recover a reverted exit (1.626334ms)
✔ an exit for another selected deposit cannot complete withdrawal (2.348709ms)
✔ withdrawal recovery without original claim custody cannot guess deposit ownership (2.016458ms)
✔ withdrawal absence reconciliation has a deadline even if its receipt read stalls (21.84975ms)
ℹ tests 44
ℹ suites 0
ℹ pass 44
ℹ fail 0
ℹ cancelled 0
ℹ skipped 0
ℹ todo 0
ℹ duration_ms 503.087333
