✔ normal author calls carry only private payment method and bootstrap claim is consumed once (2.586292ms)
✔ unknown submission is preserved without retry and private errors are redacted (2.192042ms)
✔ missing private fee configuration fails before account work for every private action (1.533458ms)
✔ actual wallet keeps configured gas and normal account scope/tag through simulation and proof (29.771ms)
✔ actual main claim uses standard author call with private fee payment (14.430291ms)
✔ actual main post uses standard author call with private fee payment (1.963208ms)
✔ actual main post dummy uses standard author call with private fee payment (0.95375ms)
✔ actual main withdraw uses standard author call with private fee payment (0.968209ms)
✔ moderator calls use their normal account with private fee payment (0.990958ms)
✔ inherited object names never select an application method (0.30325ms)
✔ actual main private post works with no Ethereum signer (0.86775ms)
✔ actual main fails before PXE when RPC identity changed after CLI preflight (0.483167ms)
✔ settlement pending returns after one witness lookup, without ninety-minute polling (1.250833ms)
✔ witness RPC failure remains unknown, never a false unclaimed or paid result (0.919875ms)
✔ consumed/error text is not evidence of a refund: false (1.868458ms)
✔ consumed/error text is not evidence of a refund: true (3.703375ms)
✔ actual main refuses a private send when durable journal is unavailable (0.681083ms)
✔ actual main recovery avoids proving and Ethereum signing and reports revert distinctly (0.972917ms)
✔ Ethereum recovery handles already refunded receipts before checking active deposit (1.346417ms)
✔ actual moderator declare-immoral uses the active wallet's durable journal (1.01725ms)
✔ actual moderator declare-immoral refuses an unresolved previous transaction before preparing a fee (0.557667ms)
✔ actual moderator set-moderation-policy uses the active wallet's durable journal (1.206084ms)
✔ actual moderator set-moderation-policy refuses an unresolved previous transaction before preparing a fee (0.614292ms)
✔ actual moderator transfer-censor uses the active wallet's durable journal (0.741625ms)
✔ actual moderator transfer-censor refuses an unresolved previous transaction before preparing a fee (0.530167ms)
✔ moderator wallet cannot bypass journal ownership by supplying a second key (0.541917ms)
✔ moderator recovery success distinguishes an already completed identical transfer from a failed one (0.613917ms)
✔ moderator recovery reverted distinguishes an already completed identical transfer from a failed one (0.610083ms)
✔ moderator recovery with unknown outcome cannot prepare another private fee payment (0.49575ms)
✔ actual recovery dispatcher restores the saved message and nonce before requesting a fresh post proof (1.341417ms)
✔ already published stable identity blocks a replacement before fee preparation (0.701625ms)
✔ recovery cannot silently regenerate a dummy operation (0.473417ms)
✔ recovery cannot silently regenerate a withdraw operation (0.427083ms)
✔ recovery cannot silently regenerate a claim operation (0.427125ms)
✔ claim  records its own operation rather than stale real-post metadata (15.253625ms)
✔ post dummy records its own operation rather than stale real-post metadata (1.118125ms)
✔ withdraw  records its own operation rather than stale real-post metadata (0.796625ms)
✔ missing withdrawal note never proves success when history contains no exit (2.485167ms)
✔ missing withdrawal note never proves success when history is unavailable (1.465958ms)
✔ missing withdrawal note can recover an exact successful canonical exit without paying again (2.077416ms)
✔ missing withdrawal note cannot recover a reverted exit (1.242584ms)
ℹ tests 41
ℹ suites 0
ℹ pass 41
ℹ fail 0
ℹ cancelled 0
ℹ skipped 0
ℹ todo 0
ℹ duration_ms 464.860667
