✔ normal author calls carry only private payment method and bootstrap claim is consumed once (2.579125ms)
✔ unknown submission is preserved without retry and private errors are redacted (2.097375ms)
✔ missing private fee configuration fails before account work for every private action (1.356791ms)
✔ actual wallet keeps configured gas and normal account scope/tag through simulation and proof (22.602292ms)
✔ actual main claim uses standard author call with private fee payment (17.0515ms)
✔ actual main post uses standard author call with private fee payment (2.096917ms)
✔ actual main post dummy uses standard author call with private fee payment (1.12025ms)
✔ actual main withdraw uses standard author call with private fee payment (1.004084ms)
✔ moderator calls use their normal account with private fee payment (1.029833ms)
✔ inherited object names never select an application method (1.069208ms)
✔ actual main private post works with no Ethereum signer (1.20625ms)
✔ actual main fails before PXE when RPC identity changed after CLI preflight (0.874667ms)
✔ settlement pending returns after one witness lookup, without ninety-minute polling (1.385791ms)
✔ witness RPC failure remains unknown, never a false unclaimed or paid result (0.965333ms)
✔ consumed/error text is not evidence of a refund: false (4.380334ms)
✔ consumed/error text is not evidence of a refund: true (1.03625ms)
✔ actual main refuses a private send when durable journal is unavailable (0.642125ms)
✔ actual main recovery avoids proving and Ethereum signing and reports revert distinctly (1.224458ms)
✔ Ethereum recovery handles already refunded receipts before checking active deposit (1.337458ms)
✔ actual moderator declare-immoral uses the active wallet's durable journal (0.914875ms)
✔ actual moderator declare-immoral refuses an unresolved previous transaction before preparing a fee (0.490583ms)
✔ actual moderator set-moderation-policy uses the active wallet's durable journal (1.066417ms)
✔ actual moderator set-moderation-policy refuses an unresolved previous transaction before preparing a fee (0.66175ms)
✔ actual moderator transfer-censor uses the active wallet's durable journal (0.886042ms)
✔ actual moderator transfer-censor refuses an unresolved previous transaction before preparing a fee (1.077583ms)
✔ moderator wallet cannot bypass journal ownership by supplying a second key (1.054125ms)
✔ moderator recovery success distinguishes an already completed identical transfer from a failed one (0.866167ms)
✔ moderator recovery reverted distinguishes an already completed identical transfer from a failed one (0.6665ms)
✔ moderator recovery with unknown outcome cannot prepare another private fee payment (0.540666ms)
✔ actual recovery dispatcher restores the saved message and nonce before requesting a fresh post proof (1.403709ms)
✔ already published stable identity blocks a replacement before fee preparation (0.719292ms)
✔ recovery cannot silently regenerate a dummy operation (0.464791ms)
✔ recovery cannot silently regenerate a withdraw operation (0.452125ms)
✔ recovery cannot silently regenerate a claim operation (0.463666ms)
✔ claim  records its own operation rather than stale real-post metadata (14.155083ms)
✔ post dummy records its own operation rather than stale real-post metadata (1.038917ms)
✔ withdraw  records its own operation rather than stale real-post metadata (0.587584ms)
✔ missing withdrawal note never proves success when history contains no exit (2.382083ms)
✔ missing withdrawal note never proves success when history is unavailable (1.262375ms)
ℹ tests 39
ℹ suites 0
ℹ pass 39
ℹ fail 0
ℹ cancelled 0
ℹ skipped 0
ℹ todo 0
ℹ duration_ms 536.560541
