✔ normal author calls carry only private payment method and bootstrap claim is consumed once (3.03275ms)
✔ unknown submission is preserved without retry and private errors are redacted (2.143375ms)
✔ missing private fee configuration fails before account work for every private action (1.569625ms)
✔ actual wallet keeps configured gas and normal account scope/tag through simulation and proof (32.266416ms)
✔ actual main claim uses standard author call with private fee payment (18.049625ms)
✔ actual main post uses standard author call with private fee payment (2.076541ms)
✔ actual main post dummy uses standard author call with private fee payment (1.069834ms)
✔ actual main withdraw uses standard author call with private fee payment (0.946583ms)
✔ moderator calls use their normal account with private fee payment (1.05425ms)
✔ inherited object names never select an application method (0.3195ms)
✔ actual main private post works with no Ethereum signer (0.830792ms)
✔ actual main fails before PXE when RPC identity changed after CLI preflight (0.5155ms)
✔ settlement pending returns after one witness lookup, without ninety-minute polling (1.540166ms)
✔ witness RPC failure remains unknown, never a false unclaimed or paid result (1.390125ms)
✔ consumed/error text is not evidence of a refund: false (5.291584ms)
✔ consumed/error text is not evidence of a refund: true (1.143833ms)
✔ actual main refuses a private send when durable journal is unavailable (0.615541ms)
✔ actual main recovery avoids proving and Ethereum signing and reports revert distinctly (1.469ms)
✔ Ethereum recovery handles already refunded receipts before checking active deposit (1.407833ms)
✔ actual moderator declare-immoral uses the active wallet's durable journal (0.974833ms)
✔ actual moderator declare-immoral refuses an unresolved previous transaction before preparing a fee (0.516958ms)
✔ actual moderator set-moderation-policy uses the active wallet's durable journal (0.962333ms)
✔ actual moderator set-moderation-policy refuses an unresolved previous transaction before preparing a fee (0.684708ms)
✔ actual moderator transfer-censor uses the active wallet's durable journal (0.801709ms)
✔ actual moderator transfer-censor refuses an unresolved previous transaction before preparing a fee (0.488625ms)
✔ moderator wallet cannot bypass journal ownership by supplying a second key (0.619791ms)
✔ moderator recovery success distinguishes an already completed identical transfer from a failed one (0.974708ms)
✔ moderator recovery reverted distinguishes an already completed identical transfer from a failed one (0.636875ms)
✔ moderator recovery with unknown outcome cannot prepare another private fee payment (0.501084ms)
✔ actual recovery dispatcher restores the saved message and nonce before requesting a fresh post proof (1.428625ms)
✔ already published stable identity blocks a replacement before fee preparation (0.747167ms)
✔ recovery cannot silently regenerate a dummy operation (0.482416ms)
✔ recovery cannot silently regenerate a withdraw operation (0.437542ms)
✔ recovery cannot silently regenerate a claim operation (0.418875ms)
✔ claim  records its own operation rather than stale real-post metadata (15.189041ms)
✔ post dummy records its own operation rather than stale real-post metadata (1.122291ms)
✔ withdraw  records its own operation rather than stale real-post metadata (0.654833ms)
✔ missing withdrawal note never proves success when history contains no exit (2.88425ms)
✔ missing withdrawal note never proves success when history is unavailable (1.506625ms)
✔ missing withdrawal note can recover an exact successful canonical exit without paying again (2.493041ms)
✔ missing withdrawal note cannot recover a reverted exit (1.409416ms)
✔ an exit for another selected deposit cannot complete withdrawal (2.051417ms)
✔ withdrawal recovery without original claim custody cannot guess deposit ownership (2.10175ms)
ℹ tests 43
ℹ suites 0
ℹ pass 43
ℹ fail 0
ℹ cancelled 0
ℹ skipped 0
ℹ todo 0
ℹ duration_ms 587.88025
