✔ real failed coordinator promptly stops waiting browser and preserves native report (212.748458ms)
✔ successful coordinator allows real browser to finish afterward without cancellation (368.774792ms)
✔ timeout, signal and spawn error stop before browser wait; missing browser is supported (0.3325ms)
✔ official RPC schema reaches original node and captures exactly accepted transactions (159.218917ms)
✔ failed send is not accepted, and close disposes a hanging real HTTP request (30.835167ms)
✔ command parser keeps exact public hashes and fixed markers only (0.672875ms)
✔ actual child process runner preserves literal arguments, isolated env and fixed output (74.01975ms)
✔ timeout and excess output terminate owned child groups (329.610292ms)
✔ rendezvous accepts only fixed stages and bounded unique public transaction identifiers (7.120541ms)
✔ atomic rendezvous cannot overwrite a prior stage or accept an unverified release (6.445334ms)
✔ missing release respects remaining parent budget (0.495042ms)
✔ canonical exit rejects wrong leaf, duplicate leaf, wrong nullifier and ineligible anchor (384.71775ms)
✔ aborted lifecycle terminates a rendezvous even with a clamped legacy time callback (105.194458ms)
✔ actual shared producer builder roundtrips all three strict parent-worker modes (9.530375ms)
✔ journey diagnostic outputs fixed milestones and allowlisted exception only (0.292459ms)
✔ pending claim retries once through supplied GUI action then succeeds (0.141417ms)
✔ unexpected claim errors never retry (0.127542ms)
✔ repeated pending claims stop after three total attempts (0.087708ms)
✔ receipt changes, lost pending controls and existing submission prohibit further retry (0.168209ms)
✔ actual shared log timestamp is removed once before strict pending classification (36.653417ms)
✔ partial canonical progress is ordered, bounded, public-only and copied (0.663833ms)
ℹ tests 21
ℹ suites 0
ℹ pass 21
ℹ fail 0
ℹ cancelled 0
ℹ skipped 0
ℹ todo 0
ℹ duration_ms 1520.889709
