✔ ordered per-step inputs, hiding VK, local verification and compressed fields match upstream (1.787167ms)
✔ each failed command stops all later work and redacts underlying data (6.446916ms)
✔ invalid proof cannot reach compression or caller (0.600834ms)
✔ overlap cannot poison active job; failed singleton is quarantined and fresh instance works (2.379916ms)
✔ missing compressed output is rejected even after valid local verification (0.36075ms)
✔ apps/src/billboard/user/cli.mjs initializes hashing only then async local prover once (14.135625ms)
✔ apps/src/billboard/user/cli.mjs rejects missing, truncated, modified and symlink local bytes without caching success (16.587083ms)
✔ apps/src/billboard/deploy/cli.mjs initializes hashing only then async local prover once (4.417542ms)
✔ apps/src/billboard/deploy/cli.mjs rejects missing, truncated, modified and symlink local bytes without caching success (25.144ms)
✔ actual operator CRS inventory includes derived bytes and all original hash pins (0.712792ms)
✔ Node proving fails closed before initialization and rejects backend/custom prover overrides (1.385583ms)
✔ verified CLI setup routes exact direct-WASM singleton through streaming prover and WASM simulator (0.531417ms)
✔ failed local verification, wrong existing backend and replaced singleton cannot prove (1.34925ms)
✔ Node read-only PXE retains SDK behavior without proving setup (1.459709ms)
✔ all verified local bytes reach SRS with the pinned v5 point counts (22.384541ms)
✔ old uncompressed-size local BN254 data is rejected before any prover call (0.525958ms)
✔ corrupt same-size cache and CDN bytes cannot initialize SRS (31.485833ms)
✔ bad local cache and bad first CDN fall back only to hash-verified second CDN bytes (15.839125ms)
✔ g1.dat uses the official v5 CDN filename and exact range (48.347334ms)
✔ grumpkin_g1.dat uses the official v5 CDN filename and exact range (15.169375ms)
✔ missing manifest is rejected before any data request (0.210375ms)
✔ different SDK release is rejected before any data request (0.121416ms)
✔ old schema is rejected before any data request (0.079958ms)
✔ wrong compressed format is rejected before any data request (0.947792ms)
✔ wrong G2 format is rejected before any data request (0.120959ms)
✔ wrong Grumpkin format is rejected before any data request (0.069417ms)
✔ old point count is rejected before any data request (0.054958ms)
✔ old Grumpkin filename is rejected before any data request (0.054583ms)
✔ unexpected network destination is rejected before any data request (0.063792ms)
✔ duplicate file is rejected before any data request (0.060458ms)
✔ invalid range is rejected before any data request (0.047125ms)
✔ missing derived entry is rejected before any data request (0.063042ms)
✔ wrong derived name is rejected before any data request (0.0455ms)
✔ wrong derived length is rejected before any data request (0.046875ms)
✔ wrong derived point count is rejected before any data request (0.052625ms)
✔ wrong derived format is rejected before any data request (0.050917ms)
✔ invalid derived digest is rejected before any data request (0.072375ms)
✔ derived remote URL is rejected before any data request (0.047875ms)
✔ missing provenance is rejected before any data request (0.044708ms)
✔ wrong derivation method is rejected before any data request (0.051833ms)
✔ wrong derivation SDK is rejected before any data request (0.046375ms)
✔ wrong derivation input name is rejected before any data request (0.05075ms)
✔ mismatched derivation input pin is rejected before any data request (0.052042ms)
✔ mismatched derivation G2 pin is rejected before any data request (0.0435ms)
✔ wrong derivation WASM path is rejected before any data request (0.040125ms)
✔ wrong derivation WASM digest is rejected before any data request (0.04125ms)
✔ extra derivation metadata is rejected before any data request (0.04175ms)
✔ truncated body cannot be loaded (0.119333ms)
✔ oversized body cannot be loaded (0.074416ms)
✔ oversized content length cannot be loaded (0.33775ms)
✔ HTTP failure cannot be loaded (0.051208ms)
✔ empty successful response cannot be loaded (0.046916ms)
✔ oversized streamed response is cancelled instead of reading remaining bytes (0.323375ms)
✔ non-ending HTTP error response is cancelled before rejection (0.079792ms)
✔ HTTP error response remains the rejection reason when cancellation fails (0.055459ms)
✔ BN254 initialization rejection prevents Grumpkin initialization (14.021375ms)
✔ unexpected BN254 response cannot be reported as initialized (14.159875ms)
✔ unexpected Grumpkin response cannot be reported as initialized (19.332375ms)
✔ browser loading uses the same checks with Web Crypto SHA-256 (24.059708ms)
✔ verified local derived bytes skip compressed reads and use the documented empty response (27.2495ms)
✔ derived corruption after the first two points falls back before any bad bytes reach SRS (41.100292ms)
✔ truncated derived input is rejected before hash verification and uses verified compressed fallback (15.466ms)
✔ oversized derived input is rejected before hash verification and uses verified compressed fallback (18.718ms)
✔ cache metadata wrapper is rejected before hash verification and uses verified compressed fallback (22.531958ms)
✔ corrupt derived bytes plus invalid compressed sources never invoke the prover (25.211958ms)
✔ missing derived and compressed local input fetches only the pinned compressed CDN bytes (19.742ms)
✔ loader cannot replace the trusted metadata snapshot (26.437958ms)
✔ mismatched derived content pin never accepts bytes through supplied cache metadata (39.795959ms)
✔ derived initialization rejects nonempty output and does not initialize Grumpkin (29.998917ms)
✔ derived initialization rejects missing output and does not initialize Grumpkin (26.497958ms)
✔ derived initialization rejects wrong element type and does not initialize Grumpkin (28.232875ms)
✔ browser VM uses full Web Crypto digest verification for derived input (34.697583ms)
✔ explicit BN254 prefix verifies the full source before passing exact compressed or derived count (41.736708ms)
✔ prefix mode rejects corruption outside retained prefix before any prover call (37.591917ms)
✔ prefix budget rejects invalid and excessive values, and snapshots caller selection (52.828708ms)
✔ compressed prefix response must match selected count, not full source count (14.60525ms)
✔ browser fixes real SDK prover options and initializes matching singleton before PXE (3.79575ms)
✔ incompatible cached singleton blocks PXE without replacement (2.2045ms)
✔ browser custom prover and invalid options cannot bypass supported bound (4.929833ms)
✔ Node path preserves explicit native options and custom prover without browser singleton (2.909042ms)
✔ private logging remains silent and initialization failures are redacted (1.128958ms)
✔ async CRS verification must finish before PXE and concurrent requests share its initialization (2.903166ms)
✔ failed CRS validation blocks PXE, denies remote fallback and permits clean retry (0.48475ms)
✔ cached singleton without skipSrsInit is rejected before CRS or PXE (0.266666ms)
✔ verified loader uses only local files, rejects redirects and hashes bytes before initialization (1.066375ms)
✔ browser injects streaming prover using the same simulator and preserves verified proof fields/compression (1.816958ms)
✔ streaming proof failure cannot return a proof (0.445958ms)
ℹ tests 87
ℹ suites 0
ℹ pass 87
ℹ fail 0
ℹ cancelled 0
ℹ skipped 0
ℹ todo 0
ℹ duration_ms 885.1565
