=== Daemon Integration Tests (with mock infra) ===

  ✓ dry-run flags violation in output but does not call declare-immoral
  ✓ dry-run with OK verdict does not flag
  ✓ skips already-flagged posts
  ✓ empty public text fails input validation before model evaluation
  ✓ reasoning-only model output is an observable failure and cannot flag
  ✓ processes multiple posts with mixed verdicts
  ✓ missing --portal-address exits with error
  ✓ --from cannot bypass durable moderation jobs
  ✓ non-dry-run calls declare-immoral via CLI
  ✓ reads policy from contract output
  ✓ rejects a local policy override instead of signing with fallback text
  ✓ warns on posts past the censor window
  ✓ warns on posts about to expire in censor window
  ✓ processes oldest unflagged posts first (censor window urgency)
  ✓ model cannot add a destination, operation or post index to a verdict
  ✓ failed signing is not reported as a completed successful job
  ✓ production CLI cannot bypass model isolation with skip-bootstrap
  ✓ old post policy fails closed without model or signer action
  ✓ empty contract policy fails closed without model or signer action
  ✓ restart retains completed decisions without re-evaluating or resubmitting
  ✓ submitted receipt without finality remains durable and restart does not resend
  ✓ historical policy bytes are used for an older post after policy update
  ✓ private fee configuration is mandatory at daemon startup
  ✓ Ethereum endpoint is mandatory at daemon startup

=== Results ===
  Passed: 24
  Failed: 0
✔ censor-daemon/test_daemon.mjs (3008.909583ms)
✔ health output allowlists counts and omits all extra fields (0.455625ms)
✔ ingestion age is measured and missing or future state fails closed (0.7275ms)
✔ deadline boundary and included-awaiting-finality distinguish warning from failure (0.167708ms)
✔ known diagnostics are fixed classifications; arbitrary message/code never escape (0.537875ms)
✔ signer error secrets are omitted, unknown signing survives restart, exhaustion fences signing (8.093541ms)
✔ expired obligations remain visible and feed failure never advances ingestion time (3.039166ms)
✔ already flagged unsigned work is not an expired/manual obligation (2.698291ms)
✔ actual daemon startup log omits arbitrary argument/error contents (35.350417ms)
✔ fresh feed with failed evaluation reports retry warning while ordinary queued work stays healthy (4.613708ms)
✔ snapshot ingestion persists jobs, exact policy and checkpoint across reopen (4.883458ms)
✔ invalid snapshot is atomic and preserves prior checkpoint and jobs (2.488875ms)
✔ failed evaluation remains retryable despite complete snapshot ingestion (3.464542ms)
✔ competing SQLite connections cannot acquire overlapping leases (8.985583ms)
✔ a distinct worker process observes the existing lease (34.34575ms)
✔ expired evaluation lease retries but rejects stale worker writes (3.030166ms)
✔ expired submit-intent lease must reconcile, never resign (2.70575ms)
✔ expired submitted lease must reconcile, never resign (2.836ms)
✔ released signing lease can reconcile immediately without waiting for expiration (2.897292ms)
✔ submission requires actual hash and cannot silently replace prior hash (3.086583ms)
✔ finalized successful receipt plus matching canonical flag completes job (2.415584ms)
✔ cannot confirm with pending evidence (2.258208ms)
✔ cannot confirm with reverted evidence (3.618833ms)
✔ cannot confirm with wrong-post evidence (3.287791ms)
✔ cannot confirm with wrong-hash evidence (3.743625ms)
✔ cannot confirm with wrong-reason evidence (2.234541ms)
✔ known finalized revert becomes retryable without losing job (3.685292ms)
✔ unknown submitted outcome cannot become ordinary retry (2.706959ms)
✔ deadline priority, expiry and exhausted attempts are explicit (2.871125ms)
✔ orphaned submitted post remains reconciling; unsubmitted post becomes manual review (3.108625ms)
✔ historical policy is bound separately from current policy and empty board checkpoint persists (2.146875ms)
✔ reconciliation exhaustion cannot permit unrelated signing (3.46ms)
✔ included successful submission waits for finality without blocking unrelated jobs (3.017917ms)
✔ expired lease of known included submission preserves submitted state (2.511667ms)
✔ authenticated journal replacement records predecessor plus new canonical receipt (2.457417ms)
✔ replacement rejects wrong-source (2.391542ms)
✔ replacement rejects missing-predecessor (2.42525ms)
✔ replacement rejects no-receipt (2.918375ms)
✔ replacement rejects wrong-receipt (2.321708ms)
✔ visible flag does not turn known included submission back into a blocking unknown (2.81175ms)
✔ database capacity exhaustion rolls back snapshot and checkpoint atomically (1.918167ms)
✔ reorg reinclusion with changed time resets unsigned evaluation and archives prior decision (2.652ms)
✔ reorg-altered signed post preserves old intent and cannot be automatically reevaluated (3.419042ms)
✔ known successful submission finality polling does not exhaust unknown-outcome retries (4.040416ms)
✔ missing historical policy cannot commit jobs or advance feed checkpoint (1.967875ms)
✔ already flagged public post is observational manual review, never invented model success (2.049542ms)
✔ expiry during inference prevents creation of a signing intent (2.012208ms)
✔ reorged successful receipt cannot bypass uncertainty fence through manual review (2.840833ms)
✔ snapshot missing clears successful inclusion and retains recovery fence (3.230666ms)
✔ snapshot changed clears successful inclusion and retains recovery fence (3.139875ms)
✔ model rollover keeps included prior-model transactions eligible for finality reconciliation (4.053417ms)
✔ model rollover backoff blocks only the already-signed post while unrelated jobs proceed (3.778875ms)
✔ finalized old-model revert permits evaluation by the new model without reviving stale evaluation (3.540583ms)
✔ model upgrade explicitly supersedes unsigned queued work and revokes stale evaluation (3.070292ms)
✔ model upgrade explicitly supersedes unsigned leased work and revokes stale evaluation (3.522167ms)
✔ model upgrade explicitly supersedes unsigned retryable-error work and revokes stale evaluation (2.805334ms)
✔ model upgrade preserves terminal failures and durable unresolved signing intents (3.542334ms)
✔ returning to an earlier model requeues only its explicitly superseded unsigned work (2.723125ms)
✔ OK decision survives database reopen without reevaluation (6.367708ms)
✔ evaluation uses historical policy A even when current policy is B (3.116958ms)
✔ empty board with policy A then B persists cursor without evaluation (2.352917ms)
✔ checkpointed signer response is durable progress, never completion (4.024375ms)
✔ lost signer response recovers saved hash read-only after deadline (4.409459ms)
✔ dropped transaction after deadline never signs again (4.077167ms)
✔ finalized revert clears old intent and permits bounded fresh attempt (4.948167ms)
✔ unknown submission blocks unrelated signing (10.247ms)
✔ known included success awaiting finality lets another job run (4.475166ms)
✔ deadline passing during inference prevents any signing (2.827208ms)
✔ post missing during inference prevents old decision signing (2.887625ms)
✔ post changed during inference prevents old decision signing (2.607541ms)
✔ expired evaluation lease prevents stale worker signing (2.436ms)
✔ matching finalized receipt and canonical flag completes without resigning (3.594083ms)
✔ snapshot missing scope fails before database ingestion or model (2.037583ms)
✔ snapshot other-board scope fails before database ingestion or model (2.355375ms)
✔ scope changing after inference fails before signing (2.547542ms)
✔ canonical receipt mismatch never completes or signs a replacement (4.384917ms)
✔ lost response with empty journal after deadline remains explicit manual review (3.439084ms)
✔ lost replacement response reconciles finalized journal state after deadline (5.337875ms)
✔ lost replacement response reconciles reverted journal state after deadline (6.093333ms)
✔ lost replacement response reconciles pending journal state after deadline (4.671833ms)
✔ lost replacement response reconciles unrelated journal state after deadline (4.641875ms)
✔ new model completes after retiring unsigned old-model retry without false attention (4.274083ms)
✔ balanced, deficit and forced-ETH surplus have distinct actionable outputs (0.99075ms)
✔ unavailable and hung RPC are bounded and never expose exception contents (21.721542ms)
✔ stale, future, malformed and inactive observations cannot report healthy (0.387667ms)
✔ invalid configuration does not invoke RPC and errors omit original input (0.086708ms)
✔ real RPC adapter pins all reads to one canonical block and verifies installed runtime (7.172916ms)
✔ wrong chain, board and runtime are rejected with fixed identity alert (4.016042ms)
✔ real hanging HTTP requests are aborted and their sockets close on monitor disposal (89.957417ms)
ℹ tests 89
ℹ suites 0
ℹ pass 89
ℹ fail 0
ℹ cancelled 0
ℹ skipped 0
ℹ todo 0
ℹ duration_ms 3762.899166
