=== Daemon Integration Tests (with mock infra) ===

  ✓ dry-run flags violation in output but does not call declare-immoral
  ✓ dry-run with OK verdict does not flag
  ✗ skips already-flagged posts
    should skip already-flagged posts
  ✓ empty public text fails input validation before model evaluation
  ✓ reasoning-only model output is an observable failure and cannot flag
  ✓ processes multiple posts with mixed verdicts
  ✓ missing --portal-address exits with error
  ✓ --from cannot bypass durable moderation jobs
  ✗ non-dry-run calls declare-immoral via CLI
    should confirm flagging
  ✓ reads policy from contract output
  ✓ rejects a local policy override instead of signing with fallback text
  ✓ warns on posts past the censor window
  ✓ warns on posts about to expire in censor window
  ✓ processes oldest unflagged posts first (censor window urgency)
  ✗ model cannot add a destination, operation or post index to a verdict
    expected structured error code
  ✓ failed signing is not reported as a completed successful job
  ✗ production CLI cannot bypass model isolation with skip-bootstrap
    operator receives migration guidance
  ✗ old post policy fails closed without model or signer action
    clear policy diagnostic
  ✗ empty contract policy fails closed without model or signer action
    clear policy diagnostic
  ✓ restart retains completed decisions without re-evaluating or resubmitting
  ✓ submitted receipt without finality remains durable and restart does not resend
  ✓ historical policy bytes are used for an older post after policy update
  ✓ private fee configuration is mandatory at daemon startup
  ✓ Ethereum endpoint is mandatory at daemon startup

=== Results ===
  Passed: 18
  Failed: 6
✖ censor-daemon/test_daemon.mjs (3048.921792ms)
✔ health output allowlists counts and omits all extra fields (0.42625ms)
✔ ingestion age is measured and missing or future state fails closed (0.69925ms)
✔ deadline boundary and included-awaiting-finality distinguish warning from failure (0.170917ms)
✔ signer error secrets are omitted, unknown signing survives restart, exhaustion fences signing (7.437959ms)
✔ expired obligations remain visible and feed failure never advances ingestion time (2.648083ms)
✔ already flagged unsigned work is not an expired/manual obligation (2.420375ms)
✔ actual daemon startup log omits arbitrary argument/error contents (34.053ms)
✔ snapshot ingestion persists jobs, exact policy and checkpoint across reopen (4.718667ms)
✔ invalid snapshot is atomic and preserves prior checkpoint and jobs (2.592167ms)
✔ failed evaluation remains retryable despite complete snapshot ingestion (4.069ms)
✔ competing SQLite connections cannot acquire overlapping leases (9.452167ms)
✔ a distinct worker process observes the existing lease (35.113583ms)
✔ expired evaluation lease retries but rejects stale worker writes (3.334083ms)
✔ expired submit-intent lease must reconcile, never resign (3.174959ms)
✔ expired submitted lease must reconcile, never resign (2.90825ms)
✔ released signing lease can reconcile immediately without waiting for expiration (3.190916ms)
✔ submission requires actual hash and cannot silently replace prior hash (2.85825ms)
✔ finalized successful receipt plus matching canonical flag completes job (2.293083ms)
✔ cannot confirm with pending evidence (2.482042ms)
✔ cannot confirm with reverted evidence (2.592166ms)
✔ cannot confirm with wrong-post evidence (2.004958ms)
✔ cannot confirm with wrong-hash evidence (3.680333ms)
✔ cannot confirm with wrong-reason evidence (2.414625ms)
✔ known finalized revert becomes retryable without losing job (2.652292ms)
✔ unknown submitted outcome cannot become ordinary retry (2.31375ms)
✔ deadline priority, expiry and exhausted attempts are explicit (3.083417ms)
✔ orphaned submitted post remains reconciling; unsubmitted post becomes manual review (3.605375ms)
✔ historical policy is bound separately from current policy and empty board checkpoint persists (2.170792ms)
✔ reconciliation exhaustion cannot permit unrelated signing (2.687208ms)
✔ included successful submission waits for finality without blocking unrelated jobs (3.184125ms)
✔ expired lease of known included submission preserves submitted state (2.449333ms)
✔ authenticated journal replacement records predecessor plus new canonical receipt (3.297834ms)
✔ replacement rejects wrong-source (2.637875ms)
✔ replacement rejects missing-predecessor (2.89425ms)
✔ replacement rejects no-receipt (3.157042ms)
✔ replacement rejects wrong-receipt (2.887875ms)
✔ visible flag does not turn known included submission back into a blocking unknown (3.229458ms)
✔ database capacity exhaustion rolls back snapshot and checkpoint atomically (2.321291ms)
✔ reorg reinclusion with changed time resets unsigned evaluation and archives prior decision (2.432542ms)
✔ reorg-altered signed post preserves old intent and cannot be automatically reevaluated (3.262458ms)
✔ known successful submission finality polling does not exhaust unknown-outcome retries (3.112167ms)
✔ missing historical policy cannot commit jobs or advance feed checkpoint (1.68ms)
✔ already flagged public post is observational manual review, never invented model success (1.705583ms)
✔ expiry during inference prevents creation of a signing intent (2.0045ms)
✔ reorged successful receipt cannot bypass uncertainty fence through manual review (2.848917ms)
✔ snapshot missing clears successful inclusion and retains recovery fence (3.097916ms)
✔ snapshot changed clears successful inclusion and retains recovery fence (3.159959ms)
✔ model rollover keeps included prior-model transactions eligible for finality reconciliation (3.18325ms)
✔ model rollover backoff blocks only the already-signed post while unrelated jobs proceed (3.969ms)
✔ finalized old-model revert permits evaluation by the new model without reviving stale evaluation (3.394583ms)
✔ model upgrade explicitly supersedes unsigned queued work and revokes stale evaluation (2.406334ms)
✔ model upgrade explicitly supersedes unsigned leased work and revokes stale evaluation (2.621ms)
✔ model upgrade explicitly supersedes unsigned retryable-error work and revokes stale evaluation (2.92025ms)
✔ model upgrade preserves terminal failures and durable unresolved signing intents (4.070542ms)
✔ returning to an earlier model requeues only its explicitly superseded unsigned work (3.150083ms)
✔ OK decision survives database reopen without reevaluation (6.561833ms)
✔ evaluation uses historical policy A even when current policy is B (5.275416ms)
✔ empty board with policy A then B persists cursor without evaluation (3.1095ms)
✔ checkpointed signer response is durable progress, never completion (5.286916ms)
✔ lost signer response recovers saved hash read-only after deadline (5.842084ms)
✔ dropped transaction after deadline never signs again (6.917791ms)
✔ finalized revert clears old intent and permits bounded fresh attempt (6.175416ms)
✔ unknown submission blocks unrelated signing (10.725917ms)
✔ known included success awaiting finality lets another job run (4.606084ms)
✔ deadline passing during inference prevents any signing (3.552958ms)
✔ post missing during inference prevents old decision signing (2.9295ms)
✔ post changed during inference prevents old decision signing (2.877417ms)
✔ expired evaluation lease prevents stale worker signing (3.012459ms)
✔ matching finalized receipt and canonical flag completes without resigning (3.877583ms)
✔ snapshot missing scope fails before database ingestion or model (2.119042ms)
✔ snapshot other-board scope fails before database ingestion or model (2.033125ms)
✔ scope changing after inference fails before signing (2.857083ms)
✔ canonical receipt mismatch never completes or signs a replacement (3.793666ms)
✔ lost response with empty journal after deadline remains explicit manual review (3.79075ms)
✔ lost replacement response reconciles finalized journal state after deadline (6.702458ms)
✔ lost replacement response reconciles reverted journal state after deadline (5.025084ms)
✔ lost replacement response reconciles pending journal state after deadline (5.212791ms)
✔ lost replacement response reconciles unrelated journal state after deadline (5.391417ms)
✔ new model completes after retiring unsigned old-model retry without false attention (3.673667ms)
ℹ tests 80
ℹ suites 0
ℹ pass 79
ℹ fail 1
ℹ cancelled 0
ℹ skipped 0
ℹ todo 0
ℹ duration_ms 3556.047959

✖ failing tests:

test at censor-daemon/test_daemon.mjs:1:1
✖ censor-daemon/test_daemon.mjs (3048.921792ms)
  'test failed'
