Compiling 1 files with Solc 0.8.27
Solc 0.8.27 finished in 2.71s
Compiler run successful with warnings:
Warning (5159): "selfdestruct" has been deprecated. Note that, starting from the Cancun hard fork, the underlying opcode no longer deletes the code and data associated with an account and only transfers its Ether to the beneficiary, unless executed in the same transaction in which the contract was created (see EIP-6780). Any use in newly deployed contracts is strongly discouraged even if the new behavior is taken into account. Future changes to the EVM might further reduce the functionality of the opcode.
  --> test/PortalV1.t.sol:71:76:
   |
71 | contract ForceSurplus { constructor(address payable destination) payable { selfdestruct(destination); } }
   |                                                                            ^^^^^^^^^^^^

note[screaming-snake-case-const]: constants should use SCREAMING_SNAKE_CASE
  --> test/PortalConservation.t.sol:18:37
   |
18 |     VmConservation private constant control = VmConservation(address(uint160(uint256(keccak256("hevm cheat code")))));
   |                                     ^^^^^^^
   |
   = help: https://book.getfoundry.sh/reference/forge/forge-lint#screaming-snake-case-const

note[screaming-snake-case-immutable]: immutables should use SCREAMING_SNAKE_CASE
 --> test/MonitorRootPublisher.sol:8:31
  |
8 |     uint256 private immutable monitorVersion;
  |                               ^^^^^^^^^^^^^^
  |
  = help: https://book.getfoundry.sh/reference/forge/forge-lint#screaming-snake-case-immutable

note[screaming-snake-case-immutable]: immutables should use SCREAMING_SNAKE_CASE
  --> test/PortalV1.t.sol:47:38
   |
47 |     BillboardPortal public immutable portal;
   |                                      ^^^^^^
   |
   = help: https://book.getfoundry.sh/reference/forge/forge-lint#screaming-snake-case-immutable

note[named-struct-fields]: prefer initializing structs with named fields
  --> src/BillboardPortal.sol:76:37
   |
76 |         activeDeposit[msg.sender] = Receipt(nonce, amount);
   |                                     ^^^^^^^^^^^^^^^^^^^^^^
   |
   = help: https://book.getfoundry.sh/reference/forge/forge-lint#named-struct-fields

note[screaming-snake-case-immutable]: immutables should use SCREAMING_SNAKE_CASE
  --> test/PortalArtifactRegression.t.sol:41:39
   |
41 |     AccountingInbox private immutable inbox = new AccountingInbox();
   |                                       ^^^^^
   |
   = help: https://book.getfoundry.sh/reference/forge/forge-lint#screaming-snake-case-immutable

note[screaming-snake-case-immutable]: immutables should use SCREAMING_SNAKE_CASE
  --> test/PortalArtifactRegression.t.sol:42:40
   |
42 |     AccountingOutbox private immutable outbox = new AccountingOutbox();
   |                                        ^^^^^^
   |
   = help: https://book.getfoundry.sh/reference/forge/forge-lint#screaming-snake-case-immutable

note[screaming-snake-case-const]: constants should use SCREAMING_SNAKE_CASE
  --> test/PortalArtifactRegression.t.sol:48:42
   |
48 |     VmPortalRegression internal constant vm = VmPortalRegression(address(uint160(uint256(keccak256("hevm cheat code")))));
   |                                          ^^
   |
   = help: https://book.getfoundry.sh/reference/forge/forge-lint#screaming-snake-case-const

warning[unsafe-typecast]: typecasts that can truncate values should be checked
  --> src/PortalMessages.sol:11:46
   |
11 |         return Hash.sha256ToField(abi.encode(bytes32("AZTEC_BB_READY_V1"), uint256(1), chainId, portal, board, version, configHash));
   |                                              ^^^^^^^^^^^^^^^^^^^^^^^^^^^^
   |
   = note: Consider disabling this lint if you're certain the cast is safe:
           
           // casting to 'bytes32' is safe because [explain why]
           // forge-lint: disable-next-line(unsafe-typecast)
           
           
   = help: https://book.getfoundry.sh/reference/forge/forge-lint#unsafe-typecast

note[screaming-snake-case-const]: constants should use SCREAMING_SNAKE_CASE
  --> test/PortalV1.t.sol:75:27
   |
75 |     VmV1 private constant control = VmV1(address(uint160(uint256(keccak256("hevm cheat code")))));
   |                           ^^^^^^^
   |
   = help: https://book.getfoundry.sh/reference/forge/forge-lint#screaming-snake-case-const

warning[unsafe-typecast]: typecasts that can truncate values should be checked
  --> src/PortalMessages.sol:17:55
   |
17 |         return Hash.sha256ToField(abi.encode(isExit ? bytes32("AZTEC_BB_EXIT_V1") : bytes32("AZTEC_BB_CLAIM_V1"),
   |                                                       ^^^^^^^^^^^^^^^^^^^^^^^^^^^
   |
   = note: Consider disabling this lint if you're certain the cast is safe:
           
           // casting to 'bytes32' is safe because [explain why]
           // forge-lint: disable-next-line(unsafe-typecast)
           
           
   = help: https://book.getfoundry.sh/reference/forge/forge-lint#unsafe-typecast

note[unsafe-cheatcode]: usage of unsafe cheatcodes that can perform dangerous operations
  --> test/PortalArtifactRegression.t.sol:60:38
   |
60 |         bytes memory text = bytes(vm.readFile(filename));
   |                                      ^^^^^^^^
   |
   = help: https://book.getfoundry.sh/reference/forge/forge-lint#unsafe-cheatcode

warning[unsafe-typecast]: typecasts that can truncate values should be checked
  --> src/PortalMessages.sol:17:85
   |
17 |         return Hash.sha256ToField(abi.encode(isExit ? bytes32("AZTEC_BB_EXIT_V1") : bytes32("AZTEC_BB_CLAIM_V1"),
   |                                                                                     ^^^^^^^^^^^^^^^^^^^^^^^^^^^^
   |
   = note: Consider disabling this lint if you're certain the cast is safe:
           
           // casting to 'bytes32' is safe because [explain why]
           // forge-lint: disable-next-line(unsafe-typecast)
           
           
   = help: https://book.getfoundry.sh/reference/forge/forge-lint#unsafe-typecast

note[screaming-snake-case-immutable]: immutables should use SCREAMING_SNAKE_CASE
  --> test/PortalReentrancy.t.sol:61:37
   |
61 |     CallbackBridge public immutable inbox = new CallbackBridge();
   |                                     ^^^^^
   |
   = help: https://book.getfoundry.sh/reference/forge/forge-lint#screaming-snake-case-immutable

note[screaming-snake-case-immutable]: immutables should use SCREAMING_SNAKE_CASE
  --> test/PortalReentrancy.t.sol:62:37
   |
62 |     CallbackBridge public immutable outbox = new CallbackBridge();
   |                                     ^^^^^^
   |
   = help: https://book.getfoundry.sh/reference/forge/forge-lint#screaming-snake-case-immutable

note[unused-import]: unused imports should be removed
 --> test/PortalV1.t.sol:5:25
  |
5 | import {PortalFixtures, VmPortalRegression} from "./PortalArtifactRegression.t.sol";
  |                         ^^^^^^^^^^^^^^^^^^
  |
  = help: https://book.getfoundry.sh/reference/forge/forge-lint#unused-import

warning[unsafe-typecast]: typecasts that can truncate values should be checked
   --> test/PortalV1.t.sol:114:36
    |
114 |         bytes32[7] memory words = [bytes32("AZTEC_BB_READY_V1"),bytes32(uint256(1)),bytes32(block.chainid),
    |                                    ^^^^^^^^^^^^^^^^^^^^^^^^^^^^
    |
    = note: Consider disabling this lint if you're certain the cast is safe:
            
            // casting to 'bytes32' is safe because [explain why]
            // forge-lint: disable-next-line(unsafe-typecast)
            
            
    = help: https://book.getfoundry.sh/reference/forge/forge-lint#unsafe-typecast

warning[unsafe-typecast]: typecasts that can truncate values should be checked
   --> test/PortalV1.t.sol:195:34
    |
195 |         bytes32[9] memory words=[bytes32("AZTEC_BB_EXIT_V1"),bytes32(uint256(1)),bytes32(block.chainid),
    |                                  ^^^^^^^^^^^^^^^^^^^^^^^^^^^
    |
    = note: Consider disabling this lint if you're certain the cast is safe:
            
            // casting to 'bytes32' is safe because [explain why]
            // forge-lint: disable-next-line(unsafe-typecast)
            
            
    = help: https://book.getfoundry.sh/reference/forge/forge-lint#unsafe-typecast

