✔ browser actual module persists ciphertext and interoperates with Node AES-GCM (43.211167ms)
✔ browser actual custody rejects wrong wallet, ciphertext corruption and moved scope (14.4315ms)
✔ browser save observes transaction abort and never reports durable success (1.874917ms)
✔ actual engine codec matches frozen claim, boundary and exit commitments (16.081083ms)
✔ actual public deposit flow saves and reads back before send; returns event receipt nonce without secret (17.761291ms)
✔ actual deposit flow fails closed for missing store, failed durability and disabled portal (10.43275ms)
✔ actual deposit flow fails closed for mismatched read-back and existing receipt (7.842334ms)
✔ actual recovery requires the current event nonce and exact saved secret hash without signing fallback (12.842167ms)
✔ delayed genuine-shape membership refreshes PXE anchor and guards before readiness (16.147125ms)
✔ absent message, RPC error and stalled sync return fixed bounded pending result (75.585125ms)
✔ wrong index and malformed witnesses fail closed; context change propagates (1.977208ms)
✔ confirmed Ethereum phase survives pending claim and retry only uses original claim hash (8.965958ms)
✔ readiness precedes private fee preparation and old proof-based wait is removed (0.331208ms)
✔ actual navigation failure preserves action-updated claim label and restores ordinary labels (9.362709ms)
✔ normal author calls carry only private payment method and bootstrap claim is consumed once (3.247584ms)
✔ unknown submission is preserved without retry and private errors are redacted (3.648208ms)
✔ missing private fee configuration fails before account work for every private action (3.260042ms)
✔ actual wallet keeps configured gas and normal account scope/tag through simulation and proof (57.471667ms)
✔ actual main claim uses standard author call with private fee payment (78.684625ms)
✔ actual main post uses standard author call with private fee payment (4.633375ms)
✔ actual main post dummy uses standard author call with private fee payment (3.877083ms)
✔ actual main withdraw uses standard author call with private fee payment (3.220291ms)
✔ moderator calls use their normal account with private fee payment (1.714583ms)
✔ inherited object names never select an application method (1.575167ms)
✔ actual main private post works with no Ethereum signer (4.160833ms)
✔ actual main fails before PXE when RPC identity changed after CLI preflight (1.7455ms)
✔ settlement pending returns after one witness lookup, without ninety-minute polling (5.840708ms)
✔ witness RPC failure remains unknown, never a false unclaimed or paid result (6.647792ms)
✔ consumed/error text is not evidence of a refund: false (7.684917ms)
✔ consumed/error text is not evidence of a refund: true (1.356542ms)
✔ actual main refuses a private send when durable journal is unavailable (2.429625ms)
✔ actual main recovery avoids proving and Ethereum signing and reports revert distinctly (2.324542ms)
✔ Ethereum recovery handles already refunded receipts before checking active deposit (6.120625ms)
✔ actual moderator declare-immoral uses the active wallet's durable journal (1.703875ms)
✔ actual moderator declare-immoral refuses an unresolved previous transaction before preparing a fee (0.73375ms)
✔ actual moderator set-moderation-policy uses the active wallet's durable journal (1.373459ms)
✔ actual moderator set-moderation-policy refuses an unresolved previous transaction before preparing a fee (1.421ms)
✔ actual moderator transfer-censor uses the active wallet's durable journal (0.936541ms)
✔ actual moderator transfer-censor refuses an unresolved previous transaction before preparing a fee (0.77425ms)
✔ moderator wallet cannot bypass journal ownership by supplying a second key (1.013166ms)
✔ moderator recovery success distinguishes an already completed identical transfer from a failed one (1.016208ms)
✔ moderator recovery reverted distinguishes an already completed identical transfer from a failed one (0.711583ms)
✔ moderator recovery with unknown outcome cannot prepare another private fee payment (0.5975ms)
✔ actual recovery dispatcher restores the saved message and nonce before requesting a fresh post proof (1.6165ms)
✔ already published stable identity blocks a replacement before fee preparation (0.891708ms)
✔ recovery cannot silently regenerate a dummy operation (0.532417ms)
✔ recovery cannot silently regenerate a withdraw operation (0.663ms)
✔ recovery cannot silently regenerate a claim operation (0.508875ms)
✔ claim  records its own operation rather than stale real-post metadata (8.70325ms)
✔ post dummy records its own operation rather than stale real-post metadata (1.449667ms)
✔ withdraw  records its own operation rather than stale real-post metadata (1.088667ms)
✔ missing withdrawal note never proves success when history contains no exit (11.689083ms)
✔ missing withdrawal note never proves success when history is unavailable (1.87ms)
✔ missing withdrawal note can recover an exact successful canonical exit without paying again (4.086583ms)
✔ missing withdrawal note cannot recover a reverted exit (2.34425ms)
✔ an exit for another selected deposit cannot complete withdrawal (4.883416ms)
✔ withdrawal recovery without original claim custody cannot guess deposit ownership (4.933542ms)
✔ withdrawal absence reconciliation has a deadline even if its receipt read stalls (27.537834ms)
✔ saved dummy requires the same source screening sequence (unchanged) (1.84675ms)
✔ saved dummy requires the same source screening sequence (changed) (0.820458ms)
✔ saved withdraw requires the same source screening sequence (unchanged) (1.316542ms)
✔ saved withdraw requires the same source screening sequence (changed) (1.0235ms)
✔ actual wallet passes attributed application spend to the durable journal before submission (0.689792ms)
✔ successful retried screening releases its step guard before the following withdrawal (8.068709ms)
✔ stale claim restores exact original receipt and claim identity without depositing again (8.814375ms)
✔ stale claim rejects changed amount before another fee payment (7.46725ms)
✔ stale claim rejects changed depositNonce before another fee payment (3.166667ms)
✔ stale claim rejects changed leafIndex before another fee payment (2.758083ms)
✔ stale claim rejects changed depositChain before another fee payment (4.667583ms)
✔ stale claim rejects changed secretHash before another fee payment (4.981875ms)
✔ stale claim rejects changed depositor before another fee payment (3.990583ms)
✔ an existing note is not confirmation of an unresolved saved claim transaction (3.608166ms)
✔ failed claim does not enter the former thirty-attempt loop (4.261625ms)
✔ saved claim rejects a receipt returned for another transaction (4.49575ms)
✔ saved claim rejects a reorged Ethereum receipt (3.145959ms)
✔ saved claim receipt reads time out before any proof or fee preparation (23.453792ms)
✔ explicit recovery restores exact saved transfer-censor arguments (6.568792ms)
✔ explicit recovery restores exact saved set-moderation-policy arguments (9.089292ms)
✔ explicit recovery restores exact saved declare-immoral arguments (2.610292ms)
✔ daemon stale transaction reconciliation regenerates the same job (7.55575ms)
✔ daemon stale transaction reconciliation rejects another job (5.269791ms)
✔ saved moderator request cannot spend fees after authority transfers away (2.766166ms)
✔ real preparer failures stop every routed action before proof/send/funding and preserve bootstrap input (695.681958ms)
✔ actual claim readiness rejects absent, failed and wrong-index membership before fees or submission (13.700209ms)
✔ actual claim waits for delayed exact receipt key then prepares fees and submits once (5.036958ms)
✔ every caller-independent public getter supplies supported SDK NO_FROM (83.178625ms)
✔ actual public post lookup is neutral while private screening keeps owner and chain (4.231459ms)
✔ installed SDK maps NO_FROM public-static simulation to zero sender and fee payer (67.004125ms)
✔ direct author and censor UI public reads also use the SDK neutral sender (2.167041ms)
✔ classifies exact roles and fixed method without retaining input secrets (1.085291ms)
✔ actual SDK fields are exact occurrences; encoded bytes and substrings are not (0.331625ms)
✔ unknown methods and capacity are counted without persisting arbitrary names (0.259917ms)
✔ deep arguments flag bounded classification and snapshots cannot mutate retained rows (0.089333ms)
✔ actual local RPC fixture preserves successes, failures, authorization and receiver with observation (239.105334ms)
✔ rendezvous accepts only fixed stages and bounded unique public transaction identifiers (28.175208ms)
✔ atomic rendezvous cannot overwrite a prior stage or accept an unverified release (26.0935ms)
✔ missing release respects remaining parent budget (3.864791ms)
✔ canonical exit rejects wrong leaf, duplicate leaf, wrong nullifier and ineligible anchor (875.449917ms)
✔ aborted lifecycle terminates a rendezvous even with a clamped legacy time callback (104.33075ms)
✔ actual shared producer builder roundtrips both strict parent handoff modes (8.561125ms)
✔ journey diagnostic outputs fixed milestones and allowlisted exception only (0.335375ms)
✔ claim checkpoint scope restores original settings after included claim and repeated cleanup (0.635333ms)
✔ claim failure and pre-handoff failure restore the original checkpoint settings (0.240708ms)
✔ failed restoration remains retryable rather than claiming restoration succeeded (0.083ms)
✔ restoration failure cannot skip RPC, wallet or backup cleanup (0.116708ms)
✔ local fixture preserves node serialization and confines Ethereum authority (346.446791ms)
ℹ tests 106
ℹ suites 0
ℹ pass 106
ℹ fail 0
ℹ cancelled 0
ℹ skipped 0
ℹ todo 0
ℹ duration_ms 3005.534833
