✔ normal author calls carry only private payment method and bootstrap claim is consumed once (2.911916ms)
✔ unknown submission is preserved without retry and private errors are redacted (2.14025ms)
✔ missing private fee configuration fails before account work for every private action (1.468833ms)
✔ actual wallet keeps configured gas and normal account scope/tag through simulation and proof (29.147ms)
✔ actual main claim uses standard author call with private fee payment (19.742792ms)
✔ actual main post uses standard author call with private fee payment (1.843917ms)
✔ actual main post dummy uses standard author call with private fee payment (1.007541ms)
✔ actual main withdraw uses standard author call with private fee payment (0.877333ms)
✔ moderator calls use their normal account with private fee payment (0.980542ms)
✔ inherited object names never select an application method (0.29675ms)
✔ actual main private post works with no Ethereum signer (0.791625ms)
✔ actual main fails before PXE when RPC identity changed after CLI preflight (0.460042ms)
✔ settlement pending returns after one witness lookup, without ninety-minute polling (1.385291ms)
✔ witness RPC failure remains unknown, never a false unclaimed or paid result (1.418542ms)
✔ consumed/error text is not evidence of a refund: false (1.749083ms)
✔ consumed/error text is not evidence of a refund: true (1.076708ms)
✔ actual main refuses a private send when durable journal is unavailable (0.743584ms)
✔ actual main recovery avoids proving and Ethereum signing and reports revert distinctly (0.999792ms)
✔ Ethereum recovery handles already refunded receipts before checking active deposit (1.391375ms)
✔ actual moderator declare-immoral uses the active wallet's durable journal (1.191125ms)
✔ actual moderator declare-immoral refuses an unresolved previous transaction before preparing a fee (0.488666ms)
✔ actual moderator set-moderation-policy uses the active wallet's durable journal (1.275125ms)
✔ actual moderator set-moderation-policy refuses an unresolved previous transaction before preparing a fee (0.744792ms)
✔ actual moderator transfer-censor uses the active wallet's durable journal (1.430625ms)
✔ actual moderator transfer-censor refuses an unresolved previous transaction before preparing a fee (0.814125ms)
✔ moderator wallet cannot bypass journal ownership by supplying a second key (0.784958ms)
✔ moderator recovery success distinguishes an already completed identical transfer from a failed one (1.112417ms)
✔ moderator recovery reverted distinguishes an already completed identical transfer from a failed one (1.109375ms)
✔ moderator recovery with unknown outcome cannot prepare another private fee payment (0.662083ms)
✔ actual recovery dispatcher restores the saved message and nonce before requesting a fresh post proof (1.660125ms)
✔ already published stable identity blocks a replacement before fee preparation (0.899958ms)
✔ recovery cannot silently regenerate a dummy operation (0.555125ms)
✔ recovery cannot silently regenerate a withdraw operation (1.007333ms)
✔ recovery cannot silently regenerate a claim operation (0.74375ms)
✔ claim  records its own operation rather than stale real-post metadata (7.678917ms)
✔ post dummy records its own operation rather than stale real-post metadata (1.756916ms)
✔ withdraw  records its own operation rather than stale real-post metadata (1.32125ms)
✔ missing withdrawal note never proves success when history contains no exit (8.7175ms)
✔ missing withdrawal note never proves success when history is unavailable (1.257875ms)
✔ missing withdrawal note can recover an exact successful canonical exit without paying again (2.477208ms)
✔ missing withdrawal note cannot recover a reverted exit (1.531875ms)
✔ an exit for another selected deposit cannot complete withdrawal (2.187708ms)
✔ withdrawal recovery without original claim custody cannot guess deposit ownership (1.612458ms)
✔ withdrawal absence reconciliation has a deadline even if its receipt read stalls (21.993167ms)
✔ saved dummy requires the same source screening sequence (unchanged) (1.273791ms)
✔ saved dummy requires the same source screening sequence (changed) (0.735167ms)
✔ saved withdraw requires the same source screening sequence (unchanged) (0.904792ms)
✔ saved withdraw requires the same source screening sequence (changed) (0.673458ms)
✔ actual wallet passes attributed application spend to the durable journal before submission (0.571583ms)
✔ successful retried screening releases its step guard before the following withdrawal (2.84425ms)
✔ stale claim restores exact original receipt and claim identity without depositing again (4.080042ms)
✔ stale claim rejects changed amount before another fee payment (2.459334ms)
✔ stale claim rejects changed depositNonce before another fee payment (2.280708ms)
✔ stale claim rejects changed leafIndex before another fee payment (2.2125ms)
✔ stale claim rejects changed depositChain before another fee payment (2.07575ms)
✔ stale claim rejects changed secretHash before another fee payment (2.378375ms)
✔ stale claim rejects changed depositor before another fee payment (3.027208ms)
✔ an existing note is not confirmation of an unresolved saved claim transaction (2.884208ms)
✔ failed claim does not enter the former thirty-attempt loop (3.652333ms)
✔ saved claim rejects a receipt returned for another transaction (1.844666ms)
✔ saved claim rejects a reorged Ethereum receipt (1.480875ms)
✔ saved claim receipt reads time out before any proof or fee preparation (22.665708ms)
✔ explicit recovery restores exact saved transfer-censor arguments (2.336875ms)
✔ explicit recovery restores exact saved set-moderation-policy arguments (2.6105ms)
✔ explicit recovery restores exact saved declare-immoral arguments (2.181667ms)
✔ daemon stale transaction reconciliation regenerates the same job (1.909958ms)
✔ daemon stale transaction reconciliation rejects another job (2.207ms)
✔ saved moderator request cannot spend fees after authority transfers away (1.485917ms)
✔ real preparer failures stop every routed action before proof/send/funding and preserve bootstrap input (454.840875ms)
✔ canonical shared address has no owner, salt, or initializer (198.142625ms)
✔ private balance payment emits only pay_fee with shared payer (15.536166ms)
✔ cold-start emits actual FeeJuice claim then private mint-and-pay; never reads author balance (13.344625ms)
✔ bridge secret and hash bind local salt and author (0.48875ms)
✔ rejects empty private balance without public fallback (12.620291ms)
✔ rejects insufficient cold-start funding (15.099709ms)
✔ rejects wrong bridge secret (11.612584ms)
✔ rejects zero bridge salt (12.215458ms)
✔ rejects unsupported chain (0.185459ms)
✔ rejects unsupported version (0.109459ms)
✔ cold-start works without public instance publication (14.053334ms)
✔ rejects upgraded deployed class (11.442875ms)
✔ rejects malformed instance preimage (11.683375ms)
✔ rejects per-user alternative fee contract (11.498917ms)
✔ rejects zero or overflowing maximum fee (0.221166ms)
✔ rejects priority fee exceeding total cap (0.062083ms)
✔ does not leak provider errors or private claim content (14.709875ms)
✔ rejects extra public entrypoint hidden behind generated dispatcher (0.166792ms)
✔ one-unit private-credit shortfall rejects without author public balance, funding or submission (11.43175ms)
✔ balance and identity provider failures never produce a fallback payment or expose error details (26.065708ms)
ℹ tests 89
ℹ suites 0
ℹ pass 89
ℹ fail 0
ℹ cancelled 0
ℹ skipped 0
ℹ todo 0
ℹ duration_ms 2223.286375
