✔ one owner preserves child outcome and verifies cleanup (149.177917ms)
✔ failed child is reported and does not lose its result during cleanup (119.242291ms)
✔ deadline terminates and reaps a real hanging process (334.982ms)
✔ malformed worker output is a harness failure, not discarded (110.343042ms)
✔ cleanup failure preserves the completed command and fails overall (34.721375ms)
✔ scenario selection is explicit and has no legacy/default route (0.891625ms)
✔ first malformed record prevents subsequent stage callbacks (133.137541ms)
ℹ tests 7
ℹ suites 0
ℹ pass 7
ℹ fail 0
ℹ cancelled 0
ℹ skipped 0
ℹ todo 0
ℹ duration_ms 952.400916
✔ actual descendant accounting includes memory in a child-created process group and cleans it (335.279916ms)
✔ remembered descendant identity survives parent exit and remains counted and terminated (343.471417ms)
✔ snapshot failure after freezing cannot leave actual owned children stopped (203.2065ms)
✔ malformed process snapshots fail on the first read (0.369584ms)
✔ interrupted process snapshot is reported without retry (0.1285ms)
ℹ tests 5
ℹ suites 0
ℹ pass 5
ℹ fail 0
ℹ cancelled 0
ℹ skipped 0
ℹ todo 0
ℹ duration_ms 940.03775
✔ private prover profile defaults to one and explicitly supports two (0.681792ms)
✔ invalid counts and relative directories fail before singleton initialization (0.889417ms)
✔ scenario resource choices retain established native budgets (0.667292ms)
✔ local timing has an SDK-valid build window and Inbox readiness headroom (67.330583ms)
ℹ tests 4
ℹ suites 0
ℹ pass 4
ℹ fail 0
ℹ cancelled 0
ℹ skipped 0
ℹ todo 0
ℹ duration_ms 144.001834
✔ private fee proof preserves payment options, gas and owner context (0.741875ms)
✔ actual proven author payer rejects despite privatePayer preparation (0.402208ms)
✔ private fee route rejects a wrong account or exposed author payer (0.962667ms)
✔ payer mode is required and never inferred from an available callback (0.592583ms)
✔ explicit genesis fixture uses only the account payer (0.08875ms)
ℹ tests 5
ℹ suites 0
ℹ pass 5
ℹ fail 0
ℹ cancelled 0
ℹ skipped 0
ℹ todo 0
ℹ duration_ms 189.816208
✔ official RPC schema reaches original node and captures exactly accepted transactions (143.949708ms)
✔ official client simultaneous reads cross the RPC adapter as a batch (5.804708ms)
✔ failed send is not accepted, and close disposes a hanging real HTTP request (28.720542ms)
✔ command parser keeps exact public hashes and fixed markers only (0.609208ms)
✔ actual child process runner preserves literal arguments, isolated env and fixed output (37.069541ms)
✔ timeout and excess output terminate owned child groups (138.940416ms)
✔ known command stages and failure codes retain no arbitrary output (0.289167ms)
✔ confirmed journal receipt keeps only its exact hash (0.088375ms)
ℹ tests 8
ℹ suites 0
ℹ pass 8
ℹ fail 0
ℹ cancelled 0
ℹ skipped 0
ℹ todo 0
ℹ duration_ms 923.44725
✔ rendezvous accepts only fixed stages and bounded unique public transaction identifiers (4.2605ms)
✔ atomic rendezvous cannot overwrite a prior stage or accept an unverified release (5.039167ms)
✔ missing release respects remaining parent budget (0.54925ms)
✔ canonical exit rejects wrong leaf, duplicate leaf, wrong nullifier and ineligible anchor (172.754666ms)
✔ aborted lifecycle terminates a rendezvous even with a clamped legacy time callback (105.860416ms)
✔ actual shared producer builder roundtrips all three strict parent-worker modes (5.005792ms)
✔ journey diagnostic outputs fixed milestones and allowlisted exception only (0.231458ms)
✔ actual browser journey stops after one deposit action when claim reports an error (0.222416ms)
✔ partial canonical progress is ordered, bounded, public-only and copied (0.407875ms)
ℹ tests 9
ℹ suites 0
ℹ pass 9
ℹ fail 0
ℹ cancelled 0
ℹ skipped 0
ℹ todo 0
ℹ duration_ms 372.092791
✔ actual control flow posts once, restarts once, restores identity and invokes only recovery (101.814833ms)
✔ schema-v2 backup is rejected before post even when its stale journal list is empty (147.12175ms)
✔ stale acceptance file and expired deadline cannot restart or post (97.609334ms)
✔ acceptance requires exact schema, actual acceptance and exactly one send (2.987542ms)
✔ restart must close prior browser and retain profile/origin before reimport (96.4495ms)
✔ late physical closure cannot count as crash before automatic reconciliation (96.971333ms)
✔ recent acceptance cannot hide a submission request already older than the crash bound (96.82725ms)
ℹ tests 7
ℹ suites 0
ℹ pass 7
ℹ fail 0
ℹ cancelled 0
ℹ skipped 0
ℹ todo 0
ℹ duration_ms 683.82425
