✔ normal author calls carry only private payment method and bootstrap claim is consumed once (2.986834ms)
✔ unknown submission is preserved without retry and private errors are redacted (2.233125ms)
✔ missing private fee configuration fails before account work for every private action (1.593708ms)
✔ actual wallet keeps configured gas and normal account scope/tag through simulation and proof (24.2215ms)
✔ actual main claim uses standard author call with private fee payment (17.240416ms)
✔ actual main post uses standard author call with private fee payment (1.75175ms)
✔ actual main post dummy uses standard author call with private fee payment (0.914958ms)
✔ actual main withdraw uses standard author call with private fee payment (0.835583ms)
✔ moderator calls use their normal account with private fee payment (0.976459ms)
✔ inherited object names never select an application method (0.307292ms)
✔ actual main private post works with no Ethereum signer (0.826625ms)
✔ actual main fails before PXE when RPC identity changed after CLI preflight (0.514208ms)
✔ settlement pending returns after one witness lookup, without ninety-minute polling (1.3875ms)
✔ witness RPC failure remains unknown, never a false unclaimed or paid result (1.127416ms)
✔ consumed/error text is not evidence of a refund: false (1.594583ms)
✔ consumed/error text is not evidence of a refund: true (0.856583ms)
✔ actual main refuses a private send when durable journal is unavailable (0.641375ms)
✔ actual main recovery avoids proving and Ethereum signing and reports revert distinctly (1.296958ms)
✔ Ethereum recovery handles already refunded receipts before checking active deposit (2.056417ms)
✔ actual moderator declare-immoral uses the active wallet's durable journal (1.215291ms)
✔ actual moderator declare-immoral refuses an unresolved previous transaction before preparing a fee (0.523042ms)
✔ actual moderator set-moderation-policy uses the active wallet's durable journal (0.994083ms)
✔ actual moderator set-moderation-policy refuses an unresolved previous transaction before preparing a fee (0.4995ms)
✔ actual moderator transfer-censor uses the active wallet's durable journal (0.670083ms)
✔ actual moderator transfer-censor refuses an unresolved previous transaction before preparing a fee (0.478291ms)
✔ moderator wallet cannot bypass journal ownership by supplying a second key (0.593083ms)
✔ moderator recovery success distinguishes an already completed identical transfer from a failed one (0.843709ms)
✔ moderator recovery reverted distinguishes an already completed identical transfer from a failed one (0.873042ms)
✔ moderator recovery with unknown outcome cannot prepare another private fee payment (0.819333ms)
✔ actual recovery dispatcher restores the saved message and nonce before requesting a fresh post proof (1.728208ms)
✔ already published stable identity blocks a replacement before fee preparation (0.912625ms)
✔ recovery cannot silently regenerate a dummy operation (0.550583ms)
✔ recovery cannot silently regenerate a withdraw operation (0.533041ms)
✔ recovery cannot silently regenerate a claim operation (0.596167ms)
✔ claim  records its own operation rather than stale real-post metadata (5.69725ms)
✔ post dummy records its own operation rather than stale real-post metadata (1.135833ms)
✔ withdraw  records its own operation rather than stale real-post metadata (0.943167ms)
✔ missing withdrawal note never proves success when history contains no exit (6.710417ms)
✔ missing withdrawal note never proves success when history is unavailable (1.221792ms)
✔ missing withdrawal note can recover an exact successful canonical exit without paying again (2.589166ms)
✔ missing withdrawal note cannot recover a reverted exit (1.321208ms)
✔ an exit for another selected deposit cannot complete withdrawal (1.966333ms)
✔ withdrawal recovery without original claim custody cannot guess deposit ownership (1.740417ms)
✔ withdrawal absence reconciliation has a deadline even if its receipt read stalls (21.653833ms)
✔ saved dummy requires the same source screening sequence (unchanged) (1.136375ms)
✔ saved dummy requires the same source screening sequence (changed) (0.661208ms)
✔ saved withdraw requires the same source screening sequence (unchanged) (0.712875ms)
✔ saved withdraw requires the same source screening sequence (changed) (0.532458ms)
✔ actual wallet passes attributed application spend to the durable journal before submission (0.50675ms)
✔ successful retried screening releases its step guard before the following withdrawal (3.367208ms)
✔ stale claim restores exact original receipt and claim identity without depositing again (3.918834ms)
✔ stale claim rejects changed amount before another fee payment (2.462833ms)
✔ stale claim rejects changed depositNonce before another fee payment (2.189583ms)
✔ stale claim rejects changed leafIndex before another fee payment (2.190875ms)
✔ stale claim rejects changed depositChain before another fee payment (2.297ms)
✔ stale claim rejects changed secretHash before another fee payment (2.167625ms)
✔ stale claim rejects changed depositor before another fee payment (2.517583ms)
✔ an existing note is not confirmation of an unresolved saved claim transaction (2.799625ms)
✔ failed claim does not enter the former thirty-attempt loop (3.414083ms)
✔ saved claim rejects a receipt returned for another transaction (1.7625ms)
✔ saved claim rejects a reorged Ethereum receipt (1.56375ms)
✔ saved claim receipt reads time out before any proof or fee preparation (21.789458ms)
✔ explicit recovery restores exact saved transfer-censor arguments (2.465875ms)
✔ explicit recovery restores exact saved set-moderation-policy arguments (2.028625ms)
✔ explicit recovery restores exact saved declare-immoral arguments (1.558125ms)
✔ daemon stale transaction reconciliation regenerates the same job (1.640334ms)
✔ daemon stale transaction reconciliation rejects another job (1.322208ms)
✔ saved moderator request cannot spend fees after authority transfers away (1.378334ms)
✔ real preparer failures stop every routed action before proof/send/funding and preserve bootstrap input (428.730042ms)
✔ actual claim readiness rejects absent, failed and wrong-index membership before fees or submission (12.828625ms)
✔ actual claim waits for delayed exact receipt key then prepares fees and submits once (4.613417ms)
✔ canonical shared address has no owner, salt, or initializer (201.281084ms)
✔ private balance payment emits only pay_fee with shared payer (13.881958ms)
✔ cold-start emits actual FeeJuice claim then private mint-and-pay; never reads author balance (13.179208ms)
✔ bridge secret and hash bind local salt and author (0.514875ms)
✔ rejects empty private balance without public fallback (14.244917ms)
✔ rejects insufficient cold-start funding (12.167584ms)
✔ rejects wrong bridge secret (12.03075ms)
✔ rejects zero bridge salt (14.295667ms)
✔ rejects unsupported chain (0.20325ms)
✔ rejects unsupported version (0.082417ms)
✔ cold-start works without public instance publication (11.598542ms)
✔ rejects upgraded deployed class (11.543667ms)
✔ rejects malformed instance preimage (12.023416ms)
✔ rejects per-user alternative fee contract (13.029792ms)
✔ rejects zero or overflowing maximum fee (0.213709ms)
✔ rejects priority fee exceeding total cap (0.050667ms)
✔ does not leak provider errors or private claim content (11.413125ms)
✔ rejects extra public entrypoint hidden behind generated dispatcher (0.121292ms)
✔ one-unit private-credit shortfall rejects without author public balance, funding or submission (11.624459ms)
✔ balance and identity provider failures never produce a fallback payment or expose error details (25.898875ms)
✔ funding deposits to shared address and passes mandatory recovery callback (1.449084ms)
✔ standalone claim uses standard author entrypoint with only private fee payload, then stops PXE (0.720292ms)
✔ browser recovery storage preserves earlier deposits and refuses conflicting replacements or secrets (0.835083ms)
✔ deposit below claim fee is rejected before requesting L1 funding (0.401333ms)
✔ private fee claim refuses missing or unresolved recovery storage before consuming bridge information (0.723458ms)
✔ private fee success recovery requires no Ethereum signer, bridge claim file or PXE (0.309833ms)
✔ private fee reverted recovery requires no Ethereum signer, bridge claim file or PXE (0.267083ms)
✔ fee Ethereum approved recovery is explicit and does not start an L2 proof (0.291125ms)
✔ fee Ethereum funded recovery is explicit and does not start an L2 proof (0.300625ms)
✔ fee Ethereum reverted recovery is explicit and does not start an L2 proof (0.315459ms)
✔ fee Ethereum replaced recovery is explicit and does not start an L2 proof (0.279167ms)
✔ claim persists exact public funding identity before preparation without duplicating secrets (0.598083ms)
✔ stale private fee claim restores saved funding record even when UI holds another deposit (0.737458ms)
✔ BB_SUBMISSION_UNKNOWN does not regenerate private fee claim (0.4055ms)
✔ BB_TRANSACTION_FAILED does not regenerate private fee claim (0.354ms)
✔ live old claim cannot authorize replacement (0.373417ms)
✔ saved fee claim rejects owner (0.398708ms)
✔ saved fee claim rejects kind (0.326ms)
✔ saved fee claim rejects unknown-record-key (0.351583ms)
✔ changed canonical message index blocks regenerated claim before proving (0.404834ms)
✔ canonical funding validation failure blocks regenerated claim (0.376458ms)
✔ private fee funding reconciliation has a bounded deadline (4.586125ms)
ℹ tests 113
ℹ suites 0
ℹ pass 113
ℹ fail 0
ℹ cancelled 0
ℹ skipped 0
ℹ todo 0
ℹ duration_ms 2272.360541
