✔ normal author calls carry only private payment method and bootstrap claim is consumed once (2.574458ms)
✔ unknown submission is preserved without retry and private errors are redacted (2.221417ms)
✔ missing private fee configuration fails before account work for every private action (1.605708ms)
✔ actual wallet keeps configured gas and normal account scope/tag through simulation and proof (27.538417ms)
✔ actual main claim uses standard author call with private fee payment (21.121458ms)
✔ actual main post uses standard author call with private fee payment (2.080042ms)
✔ actual main post dummy uses standard author call with private fee payment (1.260959ms)
✔ actual main withdraw uses standard author call with private fee payment (1.144541ms)
✔ moderator calls use their normal account with private fee payment (2.144125ms)
✔ inherited object names never select an application method (0.49575ms)
✔ actual main private post works with no Ethereum signer (1.422708ms)
✔ actual main fails before PXE when RPC identity changed after CLI preflight (0.626166ms)
✔ settlement pending returns after one witness lookup, without ninety-minute polling (1.32125ms)
✔ witness RPC failure remains unknown, never a false unclaimed or paid result (0.962042ms)
✔ consumed/error text is not evidence of a refund: false (1.987792ms)
✔ consumed/error text is not evidence of a refund: true (1.122ms)
✔ actual main refuses a private send when durable journal is unavailable (0.892ms)
✔ actual main recovery avoids proving and Ethereum signing and reports revert distinctly (1.490458ms)
✔ Ethereum recovery handles already refunded receipts before checking active deposit (1.737125ms)
✔ actual moderator declare-immoral uses the active wallet's durable journal (1.336917ms)
✔ actual moderator declare-immoral refuses an unresolved previous transaction before preparing a fee (0.784667ms)
✔ actual moderator set-moderation-policy uses the active wallet's durable journal (1.523875ms)
✔ actual moderator set-moderation-policy refuses an unresolved previous transaction before preparing a fee (0.955458ms)
✔ actual moderator transfer-censor uses the active wallet's durable journal (0.9625ms)
✔ actual moderator transfer-censor refuses an unresolved previous transaction before preparing a fee (1.441958ms)
✔ moderator wallet cannot bypass journal ownership by supplying a second key (0.980583ms)
✔ moderator recovery success distinguishes an already completed identical transfer from a failed one (0.965791ms)
✔ moderator recovery reverted distinguishes an already completed identical transfer from a failed one (2.16275ms)
✔ moderator recovery with unknown outcome cannot prepare another private fee payment (1.102167ms)
✔ actual recovery dispatcher restores the saved message and nonce before requesting a fresh post proof (1.840375ms)
✔ already published stable identity blocks a replacement before fee preparation (0.9575ms)
✔ recovery cannot silently regenerate a dummy operation (0.5775ms)
✔ recovery cannot silently regenerate a withdraw operation (0.636292ms)
✔ recovery cannot silently regenerate a claim operation (1.14ms)
✔ claim  records its own operation rather than stale real-post metadata (18.242459ms)
✔ post dummy records its own operation rather than stale real-post metadata (1.163166ms)
✔ withdraw  records its own operation rather than stale real-post metadata (0.710125ms)
✔ missing withdrawal note never proves success when history contains no exit (3.384333ms)
✔ missing withdrawal note never proves success when history is unavailable (1.450084ms)
✔ missing withdrawal note can recover an exact successful canonical exit without paying again (2.905208ms)
✔ missing withdrawal note cannot recover a reverted exit (1.511417ms)
✔ an exit for another selected deposit cannot complete withdrawal (2.109083ms)
✔ withdrawal recovery without original claim custody cannot guess deposit ownership (1.796875ms)
✔ withdrawal absence reconciliation has a deadline even if its receipt read stalls (23.4985ms)
✔ saved dummy requires the same source screening sequence (unchanged) (1.406625ms)
✔ saved dummy requires the same source screening sequence (changed) (0.967208ms)
✔ saved withdraw requires the same source screening sequence (unchanged) (0.768875ms)
✔ saved withdraw requires the same source screening sequence (changed) (0.808167ms)
✔ actual wallet passes attributed application spend to the durable journal before submission (0.588667ms)
✔ successful retried screening releases its step guard before the following withdrawal (2.588292ms)
✔ stale claim restores exact original receipt and claim identity without depositing again (4.052542ms)
✔ stale claim rejects changed amount before another fee payment (2.567ms)
✔ stale claim rejects changed depositNonce before another fee payment (2.590875ms)
✔ stale claim rejects changed leafIndex before another fee payment (2.342625ms)
✔ stale claim rejects changed depositChain before another fee payment (2.189584ms)
✔ stale claim rejects changed secretHash before another fee payment (2.714875ms)
✔ stale claim rejects changed depositor before another fee payment (2.323917ms)
✔ an existing note is not confirmation of an unresolved saved claim transaction (2.862042ms)
✔ failed claim does not enter the former thirty-attempt loop (3.853125ms)
✔ saved claim rejects a receipt returned for another transaction (1.6275ms)
✔ saved claim rejects a reorged Ethereum receipt (1.512042ms)
✔ saved claim receipt reads time out before any proof or fee preparation (22.70625ms)
✔ explicit recovery restores exact saved transfer-censor arguments (2.295083ms)
✔ explicit recovery restores exact saved set-moderation-policy arguments (2.142625ms)
✔ explicit recovery restores exact saved declare-immoral arguments (1.642667ms)
✔ daemon stale transaction reconciliation regenerates the same job (1.516291ms)
✔ daemon stale transaction reconciliation rejects another job (1.292125ms)
✔ saved moderator request cannot spend fees after authority transfers away (1.732958ms)
✔ real preparer failures stop every routed action before proof/send/funding and preserve bootstrap input (439.854209ms)
✔ canonical immutable public projection and optional private fees (3.531875ms)
✔ reject secrets, unknown nested fields, malformed identity and endpoints (0.44575ms)
✔ gas bounds, ordering, total overflow and canonical decimal strings (0.255875ms)
✔ persistent reload and immutable snapshots invalidate pending operations (0.427792ms)
✔ cross-tab same-value, corrupt and clear events invalidate; unrelated events do not (0.356ms)
✔ corrupt or unavailable storage never silently selects a network (0.601209ms)
✔ every caller-independent public getter supplies supported SDK NO_FROM (8.51ms)
✔ actual public post lookup is neutral while private screening keeps owner and chain (0.577ms)
✔ installed SDK maps NO_FROM public-static simulation to zero sender and fee payer (66.598917ms)
✔ valid no-screening and linked hints survive SDK result wrappers (4.9115ms)
✔ malformed result never silently becomes empty hints (0.778958ms)
✔ missing, conflicting, stale and transport errors are explicit and redact raw data (0.260917ms)
✔ validated store supplies authoritative connection and fee settings; extra cannot override (6.116583ms)
✔ private engine errors remain bounded and recognized outcomes actionable (1.042208ms)
✔ readiness and pre-proof hook configuration changes stop continuation (0.719ms)
✔ signer proxy stops a stale operation and preserves normal signer methods (0.62825ms)
✔ config change during provider identity read prevents signing (1.363834ms)
✔ deployment manifest connection takes authority over stored author board (0.458625ms)
✔ live board verification rejection blocks engine and forwards exact selected scope (0.528ms)
✔ live board verification repeats before proof and prevents rejected proof continuation (0.53175ms)
✔ live board verification rejection blocks every external signing method (1.690458ms)
✔ config switch while board verification is pending blocks engine and signing (0.978958ms)
✔ missing private fee settings block new transactions before readiness, engine or signing (3.552334ms)
✔ missing private fee settings retain status and recovery access (1.143958ms)
✔ readiness failures retain fixed public guidance and never raw browser details (3.006291ms)
✔ runtime and fee helper receives correct authority and fee mode for writes versus recovery (2.062667ms)
✔ runtime helper rejection blocks entry, pre-proof and external signing (1.073334ms)
✔ config switch while runtime helper is pending blocks entry, proof and signing (1.1625ms)
✔ bundle load failure is bounded and offers public reader without raw errors (0.447333ms)
✔ browser proof failure has fixed reload/recovery guidance without provider details (0.296833ms)
ℹ tests 99
ℹ suites 0
ℹ pass 99
ℹ fail 0
ℹ cancelled 0
ℹ skipped 0
ℹ todo 0
ℹ duration_ms 1408.814916
