✔ browser actual module persists ciphertext and interoperates with Node AES-GCM (8.689209ms)
✔ browser actual custody rejects wrong wallet, ciphertext corruption and moved scope (3.841959ms)
✔ browser save observes transaction abort and never reports durable success (1.499667ms)
✔ actual engine codec matches frozen claim, boundary and exit commitments (5.37375ms)
✔ actual public deposit flow saves and reads back before send; returns event receipt nonce without secret (7.814416ms)
✔ actual deposit flow fails closed for missing store, failed durability and disabled portal (2.9155ms)
✔ actual deposit flow fails closed for mismatched read-back and existing receipt (2.2705ms)
✔ actual recovery requires the current event nonce and exact saved secret hash without signing fallback (5.670958ms)
✔ every caller-independent public getter supplies supported SDK NO_FROM (8.638792ms)
✔ actual public post lookup is neutral while private screening keeps owner and chain (0.62125ms)
✔ installed SDK maps NO_FROM public-static simulation to zero sender and fee payer (71.946917ms)
✔ direct author and censor UI public reads also use the SDK neutral sender (2.457625ms)
✔ validated store supplies authoritative connection and fee settings; extra cannot override (3.695042ms)
✔ private engine errors remain bounded and recognized outcomes actionable (1.155541ms)
✔ readiness and pre-proof hook configuration changes stop continuation (2.152083ms)
✔ signer proxy stops a stale operation and preserves normal signer methods (1.156167ms)
✔ config change during provider identity read prevents signing (0.890958ms)
✔ deployment manifest connection takes authority over stored author board (0.415083ms)
✔ live board verification rejection blocks engine and forwards exact selected scope (0.528416ms)
✔ live board verification repeats before proof and prevents rejected proof continuation (0.559541ms)
✔ live board verification rejection blocks every external signing method (1.894333ms)
✔ config switch while board verification is pending blocks engine and signing (1.236208ms)
✔ missing private fee settings block new transactions before readiness, engine or signing (4.139875ms)
✔ missing private fee settings retain status and recovery access (1.401625ms)
✔ readiness failures retain fixed public guidance and never raw browser details (3.923083ms)
✔ runtime and fee helper receives correct authority and fee mode for writes versus recovery (2.515334ms)
✔ runtime helper rejection blocks entry, pre-proof and external signing (1.389708ms)
✔ config switch while runtime helper is pending blocks entry, proof and signing (1.612458ms)
✔ bundle load failure is bounded and offers public reader without raw errors (0.598875ms)
✔ browser proof failure has fixed reload/recovery guidance without provider details (0.428167ms)
ℹ tests 30
ℹ suites 0
ℹ pass 30
ℹ fail 0
ℹ cancelled 0
ℹ skipped 0
ℹ todo 0
ℹ duration_ms 765.49675
