npm timing npm:load:whichnode Completed in 3ms
npm timing npm:load:configload Completed in 17ms
npm timing config:load:flatten Completed in 3ms
npm timing npm:load:mkdirpcache Completed in 6ms
npm timing npm:load:mkdirplogs Completed in 1ms
npm timing npm:load:setTitle Completed in 1ms
npm timing npm:load Completed in 92ms
npm timing arborist:ctor Completed in 2ms
npm timing arborist:ctor Completed in 2ms
npm timing idealTree:init Completed in 3016ms
npm timing idealTree:userRequests Completed in 0ms
npm timing idealTree:#root Completed in 1ms
npm timing idealTree:buildDeps Completed in 10ms
npm timing idealTree:fixDepFlags Completed in 0ms
npm timing idealTree Completed in 3087ms
npm timing npm-ci:rm Completed in 10ms
npm timing reify:loadTrees Completed in 28ms
npm timing reify:diffTrees Completed in 177ms
npm timing reify:retireShallow Completed in 3ms
npm timing reify:createSparse Completed in 1605ms
npm timing reify:loadBundles Completed in 0ms
npm timing reifyNode:node_modules/wrappy Completed in 17557ms
npm timing reifyNode:node_modules/which Completed in 17560ms
npm timing reifyNode:node_modules/wherearewe Completed in 17562ms
npm timing reifyNode:node_modules/wordwrapjs Completed in 17596ms
npm timing reifyNode:node_modules/utils-merge Completed in 18138ms
npm timing reifyNode:node_modules/ylru Completed in 18146ms
npm timing reifyNode:node_modules/webidl-conversions Completed in 18442ms
npm timing reifyNode:node_modules/whatwg-url Completed in 18443ms
npm timing reifyNode:node_modules/yocto-queue Completed in 18462ms
npm timing reifyNode:node_modules/write-file-atomic Completed in 18475ms
npm timing reifyNode:node_modules/xtend Completed in 18483ms
npm timing reifyNode:node_modules/vary Completed in 18491ms
npm timing reifyNode:node_modules/yoctocolors-cjs Completed in 19369ms
npm timing reifyNode:node_modules/util-deprecate Completed in 19439ms
npm timing reifyNode:node_modules/yallist Completed in 19523ms
npm timing reifyNode:node_modules/wrap-ansi-cjs Completed in 20126ms
npm timing reifyNode:node_modules/tsscmp Completed in 20149ms
npm timing reifyNode:node_modules/unpipe Completed in 20167ms
npm timing reifyNode:node_modules/strip-ansi Completed in 20190ms
npm timing reifyNode:node_modules/strip-final-newline Completed in 20202ms
npm timing reifyNode:node_modules/supports-color Completed in 20675ms
npm timing reifyNode:node_modules/stream-events Completed in 20708ms
npm timing reifyNode:node_modules/xml-naming Completed in 20910ms
npm timing reifyNode:node_modules/wrap-ansi Completed in 20920ms
npm timing reifyNode:node_modules/weak-lru-cache Completed in 20930ms
npm timing reifyNode:node_modules/typical Completed in 20949ms
npm timing reifyNode:node_modules/type-is Completed in 20962ms
npm timing reifyNode:node_modules/update-browserslist-db Completed in 20966ms
npm timing reifyNode:node_modules/utf8-codec Completed in 20973ms
npm timing reifyNode:node_modules/toidentifier Completed in 20978ms
npm timing reifyNode:node_modules/string-width-cjs Completed in 20989ms
npm timing reifyNode:node_modules/strip-bom Completed in 20991ms
npm timing reifyNode:node_modules/string-format Completed in 21006ms
npm timing reifyNode:node_modules/stubs Completed in 21301ms
npm timing reifyNode:node_modules/string-length Completed in 21307ms
npm timing reifyNode:node_modules/statuses Completed in 21313ms
npm timing reifyNode:node_modules/stack-utils Completed in 21329ms
npm timing reifyNode:node_modules/split2 Completed in 21336ms
npm timing reifyNode:node_modules/strnum Completed in 21350ms
npm timing reifyNode:node_modules/shebang-command Completed in 21353ms
npm timing reifyNode:node_modules/test-exclude Completed in 21617ms
npm timing reifyNode:node_modules/strip-ansi-cjs Completed in 21618ms
npm timing reifyNode:node_modules/string-width Completed in 21626ms
npm timing reifyNode:node_modules/strip-json-comments Completed in 21632ms
npm timing reifyNode:node_modules/shebang-regex Completed in 21645ms
npm timing reifyNode:node_modules/setprototypeof Completed in 21649ms
npm timing reifyNode:node_modules/resolve-cwd Completed in 21677ms
npm timing reifyNode:node_modules/type-detect Completed in 22109ms
npm timing reifyNode:node_modules/stream-shift Completed in 22168ms
npm timing reifyNode:node_modules/slash Completed in 22174ms
npm timing reifyNode:node_modules/signal-exit Completed in 22181ms
npm timing reifyNode:node_modules/safer-buffer Completed in 22220ms
npm timing reifyNode:node_modules/send Completed in 22239ms
npm timing reifyNode:node_modules/side-channel-map Completed in 22624ms
npm timing reifyNode:node_modules/side-channel-weakmap Completed in 22626ms
npm timing reifyNode:node_modules/reduce-flatten Completed in 22627ms
npm timing reifyNode:node_modules/require-directory Completed in 22631ms
npm timing reifyNode:node_modules/v8-to-istanbul Completed in 22701ms
npm timing reifyNode:node_modules/unrs-resolver Completed in 22703ms
npm timing reifyNode:node_modules/snappy Completed in 22712ms
npm timing reifyNode:node_modules/string_decoder Completed in 22715ms
npm timing reifyNode:node_modules/resolve-from Completed in 22710ms
npm timing reifyNode:node_modules/safe-regex-test Completed in 22711ms
npm timing reifyNode:node_modules/raw-body Completed in 22712ms
npm timing reifyNode:node_modules/retry Completed in 22713ms
npm timing reifyNode:node_modules/run-async Completed in 22717ms
npm timing reifyNode:node_modules/side-channel Completed in 22907ms
npm timing reifyNode:node_modules/serve-static Completed in 22920ms
npm timing reifyNode:node_modules/queue-microtask Completed in 22932ms
npm timing reifyNode:node_modules/pump Completed in 22940ms
npm timing reifyNode:node_modules/safe-stable-stringify Completed in 23238ms
npm timing reifyNode:node_modules/range-parser Completed in 23256ms
npm timing reifyNode:node_modules/postgres-bytea Completed in 23261ms
npm timing reifyNode:node_modules/tmp Completed in 23620ms
npm timing reifyNode:node_modules/real-require Completed in 23613ms
npm timing reifyNode:node_modules/pvtsutils Completed in 23615ms
npm timing reifyNode:node_modules/proxy-from-env Completed in 23615ms
npm timing reifyNode:node_modules/proxy-addr Completed in 23616ms
npm timing reifyNode:node_modules/pirates Completed in 23618ms
npm timing reifyNode:node_modules/y18n Completed in 23676ms
npm timing reifyNode:node_modules/quick-lru Completed in 23673ms
npm timing reifyNode:node_modules/pvutils Completed in 23674ms
npm timing reifyNode:node_modules/postgres-interval Completed in 23674ms
npm timing reifyNode:node_modules/postgres-date Completed in 23675ms
npm timing reifyNode:node_modules/pg-int8 Completed in 23677ms
npm timing reifyNode:node_modules/p-defer Completed in 23683ms
npm timing reifyNode:node_modules/retry-request Completed in 23735ms
npm timing reifyNode:node_modules/quick-format-unescaped Completed in 23736ms
npm timing reifyNode:node_modules/pkg-dir Completed in 23741ms
npm timing reifyNode:node_modules/pg-connection-string Completed in 23741ms
npm timing reifyNode:node_modules/parse-json Completed in 23745ms
npm timing reifyNode:node_modules/p-try Completed in 23747ms
npm timing reifyNode:node_modules/npm-run-path Completed in 23749ms
npm timing reifyNode:node_modules/postgres-array Completed in 23753ms
npm timing reifyNode:node_modules/path-exists Completed in 23764ms
npm timing reifyNode:node_modules/picocolors Completed in 23767ms
npm timing reifyNode:node_modules/p-limit Completed in 23847ms
npm timing reifyNode:node_modules/os-tmpdir Completed in 23848ms
npm timing reifyNode:node_modules/pgpass Completed in 23854ms
npm timing reifyNode:node_modules/path-key Completed in 23860ms
npm timing reifyNode:node_modules/tdigest Completed in 25489ms
npm timing reifyNode:node_modules/pg-pool Completed in 25529ms
npm timing reifyNode:node_modules/p-locate Completed in 25537ms
npm timing reifyNode:node_modules/normalize-path Completed in 25633ms
npm timing reifyNode:node_modules/p-timeout Completed in 25644ms
npm timing reifyNode:node_modules/once Completed in 25676ms
npm timing reifyNode:node_modules/node-gyp-build-optional-packages Completed in 25685ms
npm timing reifyNode:node_modules/side-channel-list Completed in 26514ms
npm timing reifyNode:node_modules/safe-buffer Completed in 26514ms
npm timing reifyNode:node_modules/parseurl Completed in 26552ms
npm timing reifyNode:node_modules/node-int64 Completed in 26578ms
npm timing reifyNode:node_modules/mimic-fn Completed in 26628ms
npm timing reifyNode:node_modules/uint8-varint Completed in 27206ms
npm timing reifyNode:node_modules/table-layout Completed in 27233ms
npm timing reifyNode:node_modules/node-releases Completed in 27408ms
npm timing reifyNode:node_modules/onetime Completed in 27416ms
npm timing reifyNode:node_modules/only Completed in 27422ms
npm timing reifyNode:node_modules/node-gyp-build Completed in 27436ms
npm timing reifyNode:node_modules/mute-stream Completed in 27453ms
npm timing reifyNode:node_modules/msgpackr-extract Completed in 27456ms
npm timing reifyNode:node_modules/lodash.times Completed in 27486ms
npm timing reifyNode:node_modules/tslib Completed in 28189ms
npm timing reifyNode:node_modules/on-finished Completed in 28202ms
npm timing reifyNode:node_modules/natural-compare Completed in 28223ms
npm timing reifyNode:node_modules/mime-types Completed in 28223ms
npm timing reifyNode:node_modules/methods Completed in 28227ms
npm timing reifyNode:node_modules/media-typer Completed in 28230ms
npm timing reifyNode:node_modules/loady Completed in 28239ms
npm timing reifyNode:node_modules/minimalistic-assert Completed in 28707ms
npm timing reifyNode:node_modules/ms Completed in 28744ms
npm timing reifyNode:node_modules/minimalistic-crypto-utils Completed in 28769ms
npm timing reifyNode:node_modules/koa-convert Completed in 28813ms
npm warn deprecated level-concat-iterator@3.1.0: Superseded by abstract-level (https://github.com/Level/community#faq)
npm timing reifyNode:node_modules/level-concat-iterator Completed in 28835ms
npm timing reifyNode:node_modules/strict-event-emitter-types Completed in 33256ms
npm timing reifyNode:node_modules/source-map-support Completed in 33262ms
npm timing reifyNode:node_modules/make-dir Completed in 33281ms
npm warn deprecated lodash.isequal@4.5.0: This package is deprecated. Use require('node:util').isDeepStrictEqual instead.
npm timing reifyNode:node_modules/lodash.isequal Completed in 33288ms
npm timing reifyNode:node_modules/lodash.pickby Completed in 33290ms
npm timing reifyNode:node_modules/merge-stream Completed in 33294ms
npm timing reifyNode:node_modules/merge-descriptors Completed in 33295ms
npm timing reifyNode:node_modules/merge-options Completed in 33297ms
npm timing reifyNode:node_modules/lodash.merge Completed in 33298ms
npm timing reifyNode:node_modules/koa-bodyparser Completed in 33302ms
npm timing reifyNode:node_modules/pretty-format Completed in 33410ms
npm timing reifyNode:node_modules/lodash.groupby Completed in 33424ms
npm timing reifyNode:node_modules/lines-and-columns Completed in 33426ms
npm timing reifyNode:node_modules/jwa Completed in 33427ms
npm timing reifyNode:node_modules/koa-compress Completed in 33428ms
npm timing reifyNode:node_modules/keygrip Completed in 33429ms
npm timing reifyNode:node_modules/jsesc Completed in 33431ms
npm timing reifyNode:node_modules/leven Completed in 33893ms
npm timing reifyNode:node_modules/napi-macros Completed in 33933ms
npm timing reifyNode:node_modules/negotiator Completed in 33941ms
npm timing reifyNode:node_modules/mime Completed in 33940ms
npm timing reifyNode:node_modules/lodash.omit Completed in 33961ms
npm timing reifyNode:node_modules/lodash.clonedeepwith Completed in 33969ms
npm timing reifyNode:node_modules/lodash.camelcase Completed in 33970ms
npm timing reifyNode:node_modules/locate-path Completed in 33974ms
npm timing reifyNode:node_modules/lodash.chunk Completed in 33976ms
npm warn deprecated koa-router@13.1.1: Please use @koa/router instead, starting from v9! 
npm timing reifyNode:node_modules/koa-router Completed in 33992ms
npm timing reifyNode:node_modules/json-parse-even-better-errors Completed in 34002ms
npm timing reifyNode:node_modules/lodash.clonedeep Completed in 34011ms
npm timing reifyNode:node_modules/joycon Completed in 34033ms
npm timing reifyNode:node_modules/jest-resolve-dependencies Completed in 34054ms
npm timing reifyNode:node_modules/pg-types Completed in 34543ms
npm timing reifyNode:node_modules/koa-is-json Completed in 34581ms
npm timing reifyNode:node_modules/json-bigint Completed in 34587ms
npm timing reifyNode:node_modules/jest-watcher Completed in 34610ms
npm timing reifyNode:node_modules/jest-leak-detector Completed in 34610ms
npm timing reifyNode:node_modules/js-tokens Completed in 34744ms
npm timing reifyNode:node_modules/koa-compose Completed in 35467ms
npm timing reifyNode:node_modules/jest-validate Completed in 35469ms
npm timing reifyNode:node_modules/js-sha3 Completed in 35472ms
npm timing reifyNode:node_modules/jest-regex-util Completed in 35472ms
npm timing reifyNode:node_modules/json-stringify-deterministic Completed in 35482ms
npm timing reifyNode:node_modules/race-signal Completed in 35569ms
npm timing reifyNode:node_modules/jest-util Completed in 35576ms
npm timing reifyNode:node_modules/jest-mock Completed in 35576ms
npm timing reifyNode:node_modules/jest-matcher-utils Completed in 35577ms
npm timing reifyNode:node_modules/jest-docblock Completed in 35579ms
npm timing reifyNode:node_modules/sprintf-js Completed in 35925ms
npm timing reifyNode:node_modules/uint8arraylist Completed in 35927ms
npm timing reifyNode:node_modules/netmask Completed in 35952ms
npm timing reifyNode:node_modules/jest-changed-files Completed in 36005ms
npm timing reifyNode:node_modules/path-to-regexp Completed in 36823ms
npm timing reifyNode:node_modules/jest-message-util Completed in 36833ms
npm timing reifyNode:node_modules/jest-environment-node Completed in 36849ms
npm timing reifyNode:node_modules/jest-each Completed in 36891ms
npm timing reifyNode:node_modules/is-plain-obj Completed in 36952ms
npm timing reifyNode:node_modules/level-supports Completed in 37766ms
npm timing reifyNode:node_modules/jws Completed in 37768ms
npm timing reifyNode:node_modules/jest-runner Completed in 37769ms
npm timing reifyNode:node_modules/jest Completed in 37777ms
npm timing reifyNode:node_modules/jest-cli Completed in 37778ms
npm timing reifyNode:node_modules/is-glob Completed in 37782ms
npm timing reifyNode:node_modules/is-buffer Completed in 37783ms
npm timing reifyNode:node_modules/is-electron Completed in 37787ms
npm timing reifyNode:node_modules/race-event Completed in 37887ms
npm timing reifyNode:node_modules/koa Completed in 37894ms
npm timing reifyNode:node_modules/jest-diff Completed in 37897ms
npm timing reifyNode:node_modules/jest-resolve Completed in 37899ms
npm timing reifyNode:node_modules/is-stream Completed in 37909ms
npm timing reifyNode:node_modules/is-arrayish Completed in 37910ms
npm timing reifyNode:node_modules/progress-events Completed in 38155ms
npm timing reifyNode:node_modules/jest-snapshot Completed in 38158ms
npm timing reifyNode:node_modules/is-fullwidth-code-point Completed in 38166ms
npm timing reifyNode:node_modules/is-extglob Completed in 38168ms
npm timing reifyNode:node_modules/is-regex Completed in 38170ms
npm timing reifyNode:node_modules/http-assert Completed in 38172ms
npm timing reifyNode:node_modules/import-local Completed in 38176ms
npm timing reifyNode:node_modules/ieee754 Completed in 38180ms
npm timing reifyNode:node_modules/isexe Completed in 38766ms
npm timing reifyNode:node_modules/ipaddr.js Completed in 38813ms
npm timing reifyNode:node_modules/inherits Completed in 38855ms
npm timing reifyNode:node_modules/inflation Completed in 38857ms
npm timing reifyNode:node_modules/hasown Completed in 38857ms
npm timing reifyNode:node_modules/hashlru Completed in 39294ms
npm timing reifyNode:node_modules/has-flag Completed in 39360ms
npm timing reifyNode:node_modules/jest-config Completed in 41009ms
npm timing reifyNode:node_modules/is-generator-fn Completed in 41027ms
npm timing reifyNode:node_modules/get-stream Completed in 41034ms
npm timing reifyNode:node_modules/pg-cloudflare Completed in 41338ms
npm timing reifyNode:node_modules/imurmurhash Completed in 41386ms
npm timing reifyNode:node_modules/graceful-fs Completed in 41406ms
npm timing reifyNode:node_modules/scrypt-js Completed in 41800ms
npm timing reifyNode:node_modules/jest-worker Completed in 41804ms
npm timing reifyNode:node_modules/http-errors Completed in 41814ms
npm timing reifyNode:node_modules/hmac-drbg Completed in 41815ms
npm timing reifyNode:node_modules/get-port Completed in 41815ms
npm timing reifyNode:node_modules/finalhandler Completed in 41824ms
npm timing reifyNode:node_modules/murmurhash3js-revisited Completed in 42149ms
npm timing reifyNode:node_modules/long Completed in 42149ms
npm timing reifyNode:node_modules/mime-db Completed in 42152ms
npm timing reifyNode:node_modules/get-package-type Completed in 42156ms
npm timing reifyNode:node_modules/fresh Completed in 42157ms
npm timing reifyNode:node_modules/forwarded Completed in 42160ms
npm timing reifyNode:node_modules/get-caller-file Completed in 42164ms
npm timing reifyNode:node_modules/gensync Completed in 42166ms
npm timing reifyNode:node_modules/picomatch Completed in 42288ms
npm timing reifyNode:node_modules/get-intrinsic Completed in 42302ms
npm timing reifyNode:node_modules/fb-watchman Completed in 42303ms
npm timing reifyNode:node_modules/find-replace Completed in 42307ms
npm timing reifyNode:node_modules/find-up Completed in 42310ms
npm timing reifyNode:node_modules/etag Completed in 42315ms
npm timing reifyNode:node_modules/is-generator-function Completed in 42626ms
npm timing reifyNode:node_modules/istanbul-lib-coverage Completed in 42636ms
npm timing reifyNode:node_modules/gtoken Completed in 42635ms
npm timing reifyNode:node_modules/gopd Completed in 42657ms
npm timing reifyNode:node_modules/extend Completed in 42663ms
npm timing reifyNode:node_modules/end-of-stream Completed in 42678ms
npm timing reifyNode:node_modules/error-ex Completed in 42810ms
npm timing reifyNode:node_modules/secure-json-parse Completed in 42916ms
npm timing reifyNode:node_modules/on-exit-leak-free Completed in 42917ms
npm timing reifyNode:node_modules/jest-runtime Completed in 42915ms
npm timing reifyNode:node_modules/it-protobuf-stream Completed in 42917ms
npm timing reifyNode:node_modules/http-proxy-agent Completed in 42919ms
npm timing reifyNode:node_modules/html-escaper Completed in 42920ms
npm timing reifyNode:node_modules/follow-redirects Completed in 42928ms
npm timing reifyNode:node_modules/fast-safe-stringify Completed in 42932ms
npm timing reifyNode:node_modules/escape-string-regexp Completed in 42956ms
npm timing reifyNode:node_modules/ee-first Completed in 42967ms
npm timing reifyNode:node_modules/duplexify Completed in 42979ms
npm timing reifyNode:node_modules/eastasianwidth Completed in 42989ms
npm timing reifyNode:node_modules/tr46 Completed in 43169ms
npm timing reifyNode:node_modules/p-queue Completed in 43166ms
npm timing reifyNode:node_modules/is-loopback-addr Completed in 43184ms
npm timing reifyNode:node_modules/err-code Completed in 43203ms
npm timing reifyNode:node_modules/escape-html Completed in 43206ms
npm timing reifyNode:node_modules/es-set-tostringtag Completed in 43221ms
npm timing reifyNode:node_modules/delegates Completed in 43236ms
npm timing reifyNode:node_modules/detect-node Completed in 43239ms
npm timing reifyNode:node_modules/detect-newline Completed in 43249ms
npm timing reifyNode:node_modules/yargs-parser Completed in 43686ms
npm timing reifyNode:node_modules/node-fetch Completed in 43769ms
npm timing reifyNode:node_modules/it-queueless-pushable Completed in 43766ms
npm timing reifyNode:node_modules/jest-haste-map Completed in 43786ms
npm timing reifyNode:node_modules/get-proto Completed in 43800ms
npm timing reifyNode:node_modules/encodeurl Completed in 43863ms
npm timing reifyNode:node_modules/depd Completed in 43871ms
npm timing reifyNode:node_modules/delayed-stream Completed in 43910ms
npm timing reifyNode:node_modules/delay Completed in 43917ms
npm timing reifyNode:node_modules/path-expression-matcher Completed in 44520ms
npm timing reifyNode:node_modules/pino-abstract-transport Completed in 44538ms
npm timing reifyNode:node_modules/it-take Completed in 44557ms
npm timing reifyNode:node_modules/it-sort Completed in 44557ms
npm timing reifyNode:node_modules/istanbul-lib-source-maps Completed in 44580ms
npm timing reifyNode:node_modules/form-data Completed in 44609ms
npm timing reifyNode:node_modules/generator-function Completed in 44611ms
npm timing reifyNode:node_modules/es-define-property Completed in 44643ms
npm timing reifyNode:node_modules/ecdsa-sig-formatter Completed in 44649ms
npm timing reifyNode:node_modules/denque Completed in 44668ms
npm timing reifyNode:node_modules/emoji-regex Completed in 44677ms
npm timing reifyNode:node_modules/emittery Completed in 44684ms
npm timing reifyNode:node_modules/content-type Completed in 44686ms
npm timing reifyNode:node_modules/dateformat Completed in 44688ms
npm timing reifyNode:node_modules/copy-to Completed in 44694ms
npm timing reifyNode:node_modules/cookies Completed in 44701ms
npm timing reifyNode:node_modules/convert-source-map Completed in 44709ms
npm timing reifyNode:node_modules/cookie Completed in 44714ms
npm timing reifyNode:node_modules/destroy Completed in 44743ms
npm timing reifyNode:node_modules/jest-circus Completed in 45244ms
npm timing reifyNode:node_modules/deep-extend Completed in 45358ms
npm timing reifyNode:node_modules/color-name Completed in 45373ms
npm timing reifyNode:node_modules/color-convert Completed in 45383ms
npm timing reifyNode:node_modules/combined-stream Completed in 45387ms
npm timing reifyNode:node_modules/co Completed in 45484ms
npm timing reifyNode:node_modules/it-all Completed in 47192ms
npm timing reifyNode:node_modules/it-drain Completed in 47213ms
npm timing reifyNode:node_modules/fdir Completed in 47240ms
npm timing reifyNode:node_modules/expect Completed in 47247ms
npm timing reifyNode:node_modules/compressible Completed in 47272ms
npm timing reifyNode:node_modules/content-disposition Completed in 47312ms
npm timing reifyNode:node_modules/camelcase Completed in 47316ms
npm timing reifyNode:node_modules/catering Completed in 47319ms
npm timing reifyNode:node_modules/it-stream-types Completed in 47703ms
npm timing reifyNode:node_modules/it-map Completed in 47707ms
npm timing reifyNode:node_modules/it-merge Completed in 47708ms
npm timing reifyNode:node_modules/it-foreach Completed in 47715ms
npm timing reifyNode:node_modules/it-filter Completed in 47715ms
npm timing reifyNode:node_modules/it-peekable Completed in 47717ms
npm timing reifyNode:node_modules/istanbul-lib-instrument Completed in 47732ms
npm timing reifyNode:node_modules/get-iterator Completed in 47731ms
npm timing reifyNode:node_modules/function-bind Completed in 47755ms
npm timing reifyNode:node_modules/deep-equal Completed in 47773ms
npm timing reifyNode:node_modules/cli-width Completed in 47794ms
npm timing reifyNode:node_modules/ci-info Completed in 47801ms
npm timing reifyNode:node_modules/collect-v8-coverage Completed in 47807ms
npm timing reifyNode:node_modules/buffer-equal-constant-time Completed in 47834ms
npm timing reifyNode:node_modules/buffer-from Completed in 47839ms
npm timing reifyNode:node_modules/debug Completed in 48034ms
npm timing reifyNode:node_modules/teeny-request Completed in 48082ms
npm timing reifyNode:node_modules/ordered-binary Completed in 48081ms
npm timing reifyNode:node_modules/rlp Completed in 48098ms
npm timing reifyNode:node_modules/interface-store Completed in 48184ms
npm timing reifyNode:node_modules/detect-libc Completed in 48293ms
npm timing reifyNode:node_modules/cookie-signature Completed in 48360ms
npm timing reifyNode:node_modules/char-regex Completed in 48424ms
npm timing reifyNode:node_modules/brorand Completed in 48441ms
npm timing reifyNode:node_modules/it-reader Completed in 48954ms
npm timing reifyNode:node_modules/it-parallel Completed in 48983ms
npm timing reifyNode:node_modules/dedent Completed in 49145ms
npm timing reifyNode:node_modules/colorette Completed in 49157ms
npm timing reifyNode:node_modules/callsites Completed in 49235ms
npm timing reifyNode:node_modules/call-bound Completed in 49240ms
npm timing reifyNode:node_modules/bser Completed in 49246ms
npm timing reifyNode:node_modules/cache-content-type Completed in 49257ms
npm timing reifyNode:node_modules/base64-js Completed in 49265ms
npm timing reifyNode:node_modules/babel-jest Completed in 49268ms
npm timing reifyNode:node_modules/babel-preset-current-node-syntax Completed in 49276ms
npm timing reifyNode:node_modules/escalade Completed in 49930ms
npm timing reifyNode:node_modules/es-object-atoms Completed in 49938ms
npm timing reifyNode:node_modules/it-pipe Completed in 50014ms
npm timing reifyNode:node_modules/has-tostringtag Completed in 50028ms
npm timing reifyNode:node_modules/deepmerge Completed in 50025ms
npm timing reifyNode:node_modules/chalk Completed in 50042ms
npm timing reifyNode:node_modules/bn.js Completed in 50045ms
npm timing reifyNode:node_modules/bytes Completed in 50050ms
npm timing reifyNode:node_modules/array-back Completed in 50071ms
npm timing reifyNode:node_modules/anynum Completed in 50081ms
npm timing reifyNode:node_modules/anymatch Completed in 50084ms
npm timing reifyNode:node_modules/atomic-sleep Completed in 50102ms
npm timing reifyNode:node_modules/esbuild Completed in 50465ms
npm timing reifyNode:node_modules/dunder-proto Completed in 50469ms
npm timing reifyNode:node_modules/buffer Completed in 50468ms
npm timing reifyNode:node_modules/babel-plugin-jest-hoist Completed in 50476ms
npm timing reifyNode:node_modules/babel-preset-jest Completed in 50482ms
npm timing reifyNode:node_modules/babel-plugin-istanbul Completed in 50493ms
npm timing reifyNode:node_modules/istanbul-lib-report Completed in 50849ms
npm timing reifyNode:node_modules/has-symbols Completed in 50915ms
npm timing reifyNode:node_modules/command-line-usage Completed in 50933ms
npm timing reifyNode:node_modules/co-body Completed in 50936ms
npm timing reifyNode:node_modules/arrify Completed in 50959ms
npm timing reifyNode:node_modules/@types/yargs-parser Completed in 50961ms
npm timing reifyNode:node_modules/array-flatten Completed in 50965ms
npm timing reifyNode:node_modules/package-json-from-dist Completed in 51240ms
npm timing reifyNode:node_modules/pino-std-serializers Completed in 51243ms
npm timing reifyNode:node_modules/ansi-styles Completed in 51242ms
npm timing reifyNode:node_modules/ansi-regex Completed in 51243ms
npm timing reifyNode:node_modules/accepts Completed in 51244ms
npm timing reifyNode:node_modules/@types/istanbul-reports Completed in 51247ms
npm timing reifyNode:node_modules/@types/istanbul-lib-report Completed in 51249ms
npm timing reifyNode:node_modules/@types/murmurhash3js-revisited Completed in 51250ms
npm timing reifyNode:node_modules/@types/caseless Completed in 51252ms
npm timing reifyNode:node_modules/@types/istanbul-lib-coverage Completed in 51254ms
npm timing reifyNode:node_modules/@types/sinonjs__fake-timers Completed in 51256ms
npm timing reifyNode:node_modules/@types/tough-cookie Completed in 51258ms
npm timing reifyNode:node_modules/@types/stack-utils Completed in 51259ms
npm timing reifyNode:node_modules/@types/mute-stream Completed in 51260ms
npm warn deprecated @types/chalk@2.2.4: This is a stub types definition. chalk provides its own type definitions, so you do not need this installed.
npm timing reifyNode:node_modules/@types/chalk Completed in 51261ms
npm timing reifyNode:node_modules/@types/request Completed in 51264ms
npm timing reifyNode:node_modules/https-proxy-agent Completed in 51670ms
npm timing reifyNode:node_modules/browserslist Completed in 51722ms
npm timing reifyNode:node_modules/async-retry Completed in 51740ms
npm timing reifyNode:node_modules/@types/babel__template Completed in 51759ms
npm timing reifyNode:node_modules/@types/babel__generator Completed in 51771ms
npm timing reifyNode:node_modules/execa Completed in 52425ms
npm timing reifyNode:node_modules/es-errors Completed in 52428ms
npm timing reifyNode:node_modules/cjs-module-lexer Completed in 52424ms
npm timing reifyNode:node_modules/cliui Completed in 52425ms
npm timing reifyNode:node_modules/@types/yargs Completed in 52435ms
npm timing reifyNode:node_modules/ansi-escapes Completed in 52437ms
npm timing reifyNode:node_modules/@types/babel__core Completed in 52438ms
npm timing reifyNode:node_modules/@types/wrap-ansi Completed in 52441ms
npm timing reifyNode:node_modules/@sindresorhus/fnv1a Completed in 52444ms
npm timing reifyNode:node_modules/electron-to-chromium Completed in 52630ms
npm timing reifyNode:node_modules/cross-spawn Completed in 52634ms
npm timing reifyNode:node_modules/@protobufjs/pool Completed in 52677ms
npm timing reifyNode:node_modules/synckit Completed in 53092ms
npm timing reifyNode:node_modules/dotenv Completed in 53132ms
npm timing reifyNode:node_modules/@types/sinon Completed in 53160ms
npm timing reifyNode:node_modules/@types/babel__traverse Completed in 53214ms
npm timing reifyNode:node_modules/@protobufjs/base64 Completed in 53368ms
npm timing reifyNode:node_modules/@protobufjs/aspromise Completed in 53528ms
npm timing reifyNode:node_modules/@protobufjs/path Completed in 53700ms
npm timing reifyNode:node_modules/eventemitter3 Completed in 54694ms
npm timing reifyNode:node_modules/change-case Completed in 54693ms
npm timing reifyNode:node_modules/math-intrinsics Completed in 55353ms
npm timing reifyNode:node_modules/idb-keyval Completed in 55351ms
npm timing reifyNode:node_modules/esprima Completed in 55350ms
npm timing reifyNode:node_modules/@protobufjs/codegen Completed in 55357ms
npm timing reifyNode:node_modules/sonic-boom Completed in 56240ms
npm timing reifyNode:node_modules/undici-types Completed in 56300ms
npm timing reifyNode:node_modules/jest-mock-extended Completed in 56346ms
npm timing reifyNode:node_modules/idb Completed in 56345ms
npm timing reifyNode:node_modules/@protobufjs/float Completed in 56532ms
npm timing reifyNode:node_modules/@protobufjs/fetch Completed in 56563ms
npm timing reifyNode:node_modules/ohash Completed in 57165ms
npm timing reifyNode:node_modules/call-bind-apply-helpers Completed in 57180ms
npm timing reifyNode:node_modules/chardet Completed in 57183ms
npm timing reifyNode:node_modules/@sinonjs/fake-timers Completed in 57198ms
npm timing reifyNode:node_modules/@protobufjs/eventemitter Completed in 57202ms
npm timing reifyNode:node_modules/@msgpackr-extract/msgpackr-extract-linux-arm64 Completed in 57215ms
npm timing reifyNode:node_modules/process-warning Completed in 57435ms
npm timing reifyNode:node_modules/sha3 Completed in 57748ms
npm timing reifyNode:node_modules/@leichtgewicht/ip-codec Completed in 58171ms
npm timing reifyNode:node_modules/fast-json-stable-stringify Completed in 59691ms
npm timing reifyNode:node_modules/@koa/cors Completed in 60011ms
npm timing reifyNode:node_modules/event-target-shim Completed in 60586ms
npm timing reifyNode:node_modules/@protobufjs/utf8 Completed in 60586ms
npm timing reifyNode:node_modules/@jest/types Completed in 60614ms
npm timing reifyNode:node_modules/@jest/react-is-19 Completed in 60629ms
npm timing reifyNode:node_modules/@jest/globals Completed in 60631ms
npm timing reifyNode:node_modules/@jest/test-result Completed in 60637ms
npm timing reifyNode:node_modules/@jest/test-sequencer Completed in 60644ms
npm timing reifyNode:node_modules/@istanbuljs/schema Completed in 61413ms
npm timing reifyNode:node_modules/@jest/expect Completed in 62138ms
npm timing reifyNode:node_modules/@jest/fake-timers Completed in 62266ms
npm timing reifyNode:node_modules/@jest/console Completed in 62289ms
npm timing reifyNode:node_modules/gcp-metadata Completed in 63052ms
npm timing reifyNode:node_modules/it-byte-stream Completed in 63133ms
npm timing reifyNode:node_modules/minimist Completed in 63144ms
npm warn deprecated esbuild-plugin-polyfill-node@0.3.0: Package no longer supported. Contact Support at https://www.npmjs.com/support for more info.
npm timing reifyNode:node_modules/esbuild-plugin-polyfill-node Completed in 63136ms
npm timing reifyNode:node_modules/body-parser Completed in 63140ms
npm timing reifyNode:node_modules/@jest/transform Completed in 63186ms
npm timing reifyNode:node_modules/@jest/schemas Completed in 63187ms
npm timing reifyNode:node_modules/@jest/source-map Completed in 63188ms
npm timing reifyNode:node_modules/@jest/environment Completed in 63196ms
npm timing reifyNode:node_modules/@jest/expect-utils Completed in 63201ms
npm timing reifyNode:node_modules/@jest/get-type Completed in 63229ms
npm timing reifyNode:node_modules/it-length-prefixed-stream Completed in 64543ms
npm timing reifyNode:node_modules/baseline-browser-mapping Completed in 64548ms
npm timing reifyNode:node_modules/node-addon-api Completed in 65833ms
npm timing reifyNode:node_modules/@jest/diff-sequences Completed in 66039ms
npm timing reifyNode:node_modules/@jest/react-is-18 Completed in 66068ms
npm timing reifyNode:node_modules/@istanbuljs/load-nyc-config Completed in 66388ms
npm timing reifyNode:node_modules/ws Completed in 69783ms
npm timing reifyNode:node_modules/it-pair Completed in 69770ms
npm timing reifyNode:node_modules/@hapi/bourne Completed in 69780ms
npm timing reifyNode:node_modules/qs Completed in 69931ms
npm timing reifyNode:node_modules/pg Completed in 69931ms
npm timing reifyNode:node_modules/abort-controller Completed in 69920ms
npm timing reifyNode:node_modules/@tootallnate/once Completed in 69920ms
npm timing reifyNode:node_modules/asn1js Completed in 69923ms
npm timing reifyNode:node_modules/@google-cloud/projectify Completed in 69968ms
npm timing reifyNode:node_modules/es-module-lexer Completed in 70601ms
npm timing reifyNode:node_modules/bignumber.js Completed in 70640ms
npm timing reifyNode:node_modules/abort-error Completed in 70677ms
npm timing reifyNode:node_modules/any-signal Completed in 70691ms
npm timing reifyNode:node_modules/@jridgewell/resolve-uri Completed in 70733ms
npm timing reifyNode:node_modules/@google-cloud/promisify Completed in 72386ms
npm timing reifyNode:node_modules/@harperfast/extended-iterable Completed in 72387ms
npm timing reifyNode:node_modules/@babel/plugin-syntax-top-level-await Completed in 72615ms
npm timing reifyNode:node_modules/napi-postinstall Completed in 73353ms
npm timing reifyNode:node_modules/human-signals Completed in 73365ms
npm timing reifyNode:node_modules/@babel/plugin-syntax-nullish-coalescing-operator Completed in 74383ms
npm timing reifyNode:node_modules/@babel/plugin-syntax-jsx Completed in 74404ms
npm timing reifyNode:node_modules/@babel/plugin-syntax-import-meta Completed in 74412ms
npm timing reifyNode:node_modules/@babel/plugin-syntax-private-property-in-object Completed in 74418ms
npm timing reifyNode:node_modules/@babel/plugin-syntax-optional-catch-binding Completed in 74421ms
npm timing reifyNode:node_modules/@babel/plugin-syntax-optional-chaining Completed in 74422ms
npm timing reifyNode:node_modules/@babel/plugin-syntax-numeric-separator Completed in 74463ms
npm timing reifyNode:node_modules/@babel/plugin-syntax-logical-assignment-operators Completed in 74464ms
npm timing reifyNode:node_modules/bufio Completed in 78426ms
npm timing reifyNode:node_modules/commander Completed in 78437ms
npm timing reifyNode:node_modules/import-meta-resolve Completed in 78456ms
npm timing reifyNode:node_modules/@nodable/entities Completed in 78532ms
npm timing reifyNode:node_modules/@jest/core Completed in 78568ms
npm timing reifyNode:node_modules/@babel/plugin-syntax-typescript Completed in 78703ms
npm timing reifyNode:node_modules/@babel/plugin-syntax-class-static-block Completed in 78709ms
npm timing reifyNode:node_modules/@babel/plugin-syntax-bigint Completed in 78714ms
npm timing reifyNode:node_modules/@babel/plugin-syntax-class-properties Completed in 78716ms
npm timing reifyNode:node_modules/@babel/plugin-syntax-import-attributes Completed in 78718ms
npm timing reifyNode:node_modules/external-editor Completed in 78968ms
npm timing reifyNode:node_modules/help-me Completed in 78976ms
npm timing reifyNode:node_modules/fast-xml-builder Completed in 78976ms
npm timing reifyNode:node_modules/@pkgr/core Completed in 78970ms
npm timing reifyNode:node_modules/@babel/plugin-syntax-object-rest-spread Completed in 78979ms
npm timing reifyNode:node_modules/@babel/plugin-syntax-json-strings Completed in 78980ms
npm timing reifyNode:node_modules/@babel/plugin-syntax-async-generators Completed in 78992ms
npm timing reifyNode:node_modules/@babel/helper-plugin-utils Completed in 78992ms
npm timing reifyNode:node_modules/command-line-args Completed in 80585ms
npm timing reifyNode:node_modules/@babel/helper-string-parser Completed in 80631ms
npm timing reifyNode:node_modules/it-pushable Completed in 80741ms
npm timing reifyNode:node_modules/agent-base Completed in 80730ms
npm timing reifyNode:node_modules/@jest/reporters Completed in 80743ms
npm timing reifyNode:node_modules/@jest/snapshot-utils Completed in 80746ms
npm timing reifyNode:node_modules/@crate-crypto/node-eth-kzg Completed in 80754ms
npm timing reifyNode:node_modules/@babel/helper-globals Completed in 80757ms
npm timing reifyNode:node_modules/@babel/code-frame Completed in 80759ms
npm timing reifyNode:node_modules/json5 Completed in 81804ms
npm timing reifyNode:node_modules/asynckit Completed in 81809ms
npm timing reifyNode:node_modules/@napi-rs/snappy-linux-arm64-musl Completed in 81821ms
npm timing reifyNode:node_modules/@inquirer/search Completed in 81833ms
npm timing reifyNode:node_modules/is-unsafe Completed in 81992ms
npm timing reifyNode:node_modules/@ungap/structured-clone Completed in 81986ms
npm timing reifyNode:node_modules/@inquirer/number Completed in 83039ms
npm timing reifyNode:node_modules/@inquirer/password Completed in 83063ms
npm timing reifyNode:node_modules/@aztec/p2p-bootstrap Completed in 83163ms
npm timing reifyNode:node_modules/isows Completed in 84270ms
npm timing reifyNode:node_modules/@libp2p/peer-id Completed in 84417ms
npm timing reifyNode:node_modules/@inquirer/editor Completed in 84425ms
npm timing reifyNode:node_modules/@jest/pattern Completed in 85082ms
npm timing reifyNode:node_modules/@inquirer/rawlist Completed in 85087ms
npm timing reifyNode:node_modules/@inquirer/input Completed in 85088ms
npm timing reifyNode:node_modules/@inquirer/prompts Completed in 85089ms
npm timing reifyNode:node_modules/@inquirer/select Completed in 85094ms
npm timing reifyNode:node_modules/@inquirer/confirm Completed in 85094ms
npm timing reifyNode:node_modules/fast-copy Completed in 86482ms
npm timing reifyNode:node_modules/@inquirer/expand Completed in 86509ms
npm timing reifyNode:node_modules/@napi-rs/snappy-linux-arm64-gnu Completed in 89286ms
npm timing reifyNode:node_modules/@google-cloud/paginator Completed in 89294ms
npm timing reifyNode:node_modules/@aws/lambda-invoke-store Completed in 89411ms
npm timing reifyNode:node_modules/@pkgjs/parseargs Completed in 89559ms
npm timing reifyNode:node_modules/@multiformats/mafmt Completed in 89574ms
npm timing reifyNode:node_modules/@libp2p/bootstrap Completed in 89589ms
npm timing reifyNode:node_modules/@inquirer/checkbox Completed in 90106ms
npm timing reifyNode:node_modules/minipass Completed in 90134ms
npm timing reifyNode:node_modules/main-event Completed in 90137ms
npm timing reifyNode:node_modules/@babel/helper-validator-option Completed in 90135ms
npm timing reifyNode:node_modules/bowser Completed in 90817ms
npm timing reifyNode:node_modules/weald/node_modules/ms Completed in 91721ms
npm timing reifyNode:node_modules/test-exclude/node_modules/wrap-ansi Completed in 91736ms
npm timing reifyNode:node_modules/weald/node_modules/supports-color Completed in 91747ms
npm timing reifyNode:node_modules/interface-datastore Completed in 92775ms
npm timing reifyNode:node_modules/balanced-match Completed in 92772ms
npm timing reifyNode:node_modules/@parcel/watcher-linux-arm64-glibc Completed in 92771ms
npm timing reifyNode:node_modules/@inquirer/figures Completed in 92771ms
npm timing reifyNode:node_modules/@babel/helper-validator-identifier Completed in 92778ms
npm timing reifyNode:node_modules/test-exclude/node_modules/string-width Completed in 92910ms
npm timing reifyNode:node_modules/test-exclude/node_modules/brace-expansion Completed in 93480ms
npm timing reifyNode:node_modules/test-exclude/node_modules/balanced-match Completed in 95508ms
npm timing reifyNode:node_modules/google-logging-utils Completed in 95684ms
npm timing reifyNode:node_modules/@aztec/noir-types Completed in 95685ms
npm timing reifyNode:node_modules/test-exclude/node_modules/strip-ansi Completed in 95733ms
npm timing reifyNode:node_modules/send/node_modules/http-errors Completed in 95728ms
npm timing reifyNode:node_modules/send/node_modules/statuses Completed in 95733ms
npm timing reifyNode:node_modules/serve-static/node_modules/encodeurl Completed in 95735ms
npm timing reifyNode:node_modules/table-layout/node_modules/typical Completed in 95737ms
npm timing reifyNode:node_modules/@smithy/fetch-http-handler Completed in 95834ms
npm timing reifyNode:node_modules/@scure/bip32 Completed in 95835ms
npm timing reifyNode:node_modules/test-exclude/node_modules/ansi-regex Completed in 95893ms
npm timing reifyNode:node_modules/test-exclude/node_modules/ansi-styles Completed in 95899ms
npm timing reifyNode:node_modules/table-layout/node_modules/array-back Completed in 95904ms
npm timing reifyNode:node_modules/send/node_modules/debug/node_modules/ms Completed in 95909ms
npm timing reifyNode:node_modules/express Completed in 97241ms
npm timing reifyNode:node_modules/dns-over-http-resolver Completed in 97245ms
npm timing reifyNode:node_modules/abortable-iterator Completed in 97257ms
npm timing reifyNode:node_modules/pino-pretty/node_modules/strip-json-comments Completed in 97489ms
npm timing reifyNode:node_modules/@pinojs/redact Completed in 98393ms
npm timing reifyNode:node_modules/brace-expansion Completed in 98398ms
npm timing reifyNode:node_modules/raw-body/node_modules/http-errors Completed in 100097ms
npm timing reifyNode:node_modules/koa-router/node_modules/http-errors Completed in 100098ms
npm timing reifyNode:node_modules/koa-compress/node_modules/http-errors Completed in 100108ms
npm timing reifyNode:node_modules/pretty-format/node_modules/ansi-styles Completed in 100115ms
npm timing reifyNode:node_modules/koa-router/node_modules/statuses Completed in 100125ms
npm timing reifyNode:node_modules/raw-body/node_modules/statuses Completed in 100138ms
npm timing reifyNode:node_modules/koa-compress/node_modules/statuses Completed in 100135ms
npm timing reifyNode:node_modules/send/node_modules/encodeurl Completed in 100149ms
npm timing reifyNode:node_modules/path-scurry Completed in 101364ms
npm timing reifyNode:node_modules/@scure/base Completed in 101414ms
npm timing reifyNode:node_modules/@babel/compat-data Completed in 101469ms
npm timing reifyNode:node_modules/test-exclude/node_modules/@isaacs/cliui Completed in 101563ms
npm timing reifyNode:node_modules/finalhandler/node_modules/ms Completed in 101547ms
npm timing reifyNode:node_modules/express/node_modules/ms Completed in 101547ms
npm timing reifyNode:node_modules/jest-worker/node_modules/supports-color Completed in 101565ms
npm timing reifyNode:node_modules/jest-validate/node_modules/camelcase Completed in 101574ms
npm timing reifyNode:node_modules/@babel/helper-module-imports Completed in 102766ms
npm timing reifyNode:node_modules/send/node_modules/mime Completed in 102816ms
npm timing reifyNode:node_modules/readable-stream Completed in 102916ms
npm timing reifyNode:node_modules/koa-compress/node_modules/content-type Completed in 103125ms
npm timing reifyNode:node_modules/p-locate/node_modules/p-limit Completed in 103142ms
npm timing reifyNode:node_modules/finalhandler/node_modules/encodeurl Completed in 103134ms
npm timing reifyNode:node_modules/express/node_modules/encodeurl Completed in 103137ms
npm timing reifyNode:node_modules/express/node_modules/statuses Completed in 103139ms
npm timing reifyNode:node_modules/finalhandler/node_modules/statuses Completed in 103144ms
npm timing reifyNode:node_modules/express/node_modules/path-to-regexp Completed in 103160ms
npm timing reifyNode:node_modules/express/node_modules/http-errors Completed in 104261ms
npm timing reifyNode:node_modules/command-line-usage/node_modules/typical Completed in 104430ms
npm timing reifyNode:node_modules/command-line-usage/node_modules/has-flag Completed in 104431ms
npm timing reifyNode:node_modules/command-line-usage/node_modules/escape-string-regexp Completed in 104433ms
npm timing reifyNode:node_modules/command-line-usage/node_modules/supports-color Completed in 104435ms
npm timing reifyNode:node_modules/command-line-usage/node_modules/color-name Completed in 104438ms
npm timing reifyNode:node_modules/inquirer Completed in 104488ms
npm timing reifyNode:node_modules/@iarna/toml Completed in 104482ms
npm timing reifyNode:node_modules/@aws-sdk/credential-provider-env Completed in 104488ms
npm timing reifyNode:node_modules/command-line-usage/node_modules/chalk Completed in 104507ms
npm timing reifyNode:node_modules/command-line-usage/node_modules/array-back Completed in 104508ms
npm timing reifyNode:node_modules/body-parser/node_modules/statuses Completed in 104506ms
npm timing reifyNode:node_modules/command-line-usage/node_modules/ansi-styles Completed in 104510ms
npm timing reifyNode:node_modules/object-inspect Completed in 104634ms
npm timing reifyNode:node_modules/mime-types/node_modules/mime-db Completed in 104734ms
npm timing reifyNode:node_modules/command-line-usage/node_modules/color-convert Completed in 104756ms
npm timing reifyNode:node_modules/body-parser/node_modules/ms Completed in 104760ms
npm timing reifyNode:node_modules/body-parser/node_modules/http-errors Completed in 104761ms
npm timing reifyNode:node_modules/koa-compress/node_modules/negotiator Completed in 105631ms
npm timing reifyNode:node_modules/@libp2p/logger Completed in 105666ms
npm timing reifyNode:node_modules/hash.js Completed in 105745ms
npm timing reifyNode:node_modules/elliptic/node_modules/bn.js Completed in 105772ms
npm timing reifyNode:node_modules/@opentelemetry/resource-detector-gcp Completed in 105795ms
npm timing reifyNode:node_modules/exit-x Completed in 105808ms
npm timing reifyNode:node_modules/@multiformats/dns/node_modules/p-timeout Completed in 105824ms
npm timing reifyNode:node_modules/@aztec/native Completed in 106164ms
npm timing reifyNode:node_modules/@aztec/key-store Completed in 106175ms
npm timing reifyNode:node_modules/source-map Completed in 106318ms
npm timing reifyNode:node_modules/@opentelemetry/sdk-trace-node Completed in 106304ms
npm timing reifyNode:node_modules/@aws-sdk/credential-provider-web-identity Completed in 106332ms
npm timing reifyNode:node_modules/wordwrapjs/node_modules/typical Completed in 106397ms
npm timing reifyNode:node_modules/send/node_modules/debug Completed in 106479ms
npm timing reifyNode:node_modules/http-errors/node_modules/depd Completed in 106473ms
npm timing reifyNode:node_modules/@inquirer/core/node_modules/wrap-ansi Completed in 106474ms
npm timing reifyNode:node_modules/@types/request/node_modules/form-data Completed in 106637ms
npm timing reifyNode:node_modules/@babel/helper-compilation-targets/node_modules/semver Completed in 106661ms
npm timing reifyNode:node_modules/@ethersproject/basex Completed in 106768ms
npm timing reifyNode:node_modules/@ethersproject/keccak256 Completed in 107363ms
npm timing reifyNode:node_modules/@ethersproject/rlp Completed in 107442ms
npm timing reifyNode:node_modules/@babel/helper-compilation-targets Completed in 107513ms
npm timing reifyNode:node_modules/@babel/helper-compilation-targets/node_modules/lru-cache Completed in 107768ms
npm timing reifyNode:node_modules/test-exclude/node_modules/emoji-regex Completed in 107834ms
npm timing reifyNode:node_modules/stream-to-it Completed in 107835ms
npm timing reifyNode:node_modules/@ethersproject/wallet Completed in 107972ms
npm timing reifyNode:node_modules/@multiformats/multiaddr-matcher Completed in 109624ms
npm timing reifyNode:node_modules/@ethersproject/logger Completed in 109928ms
npm timing reifyNode:node_modules/@babel/core/node_modules/semver Completed in 110275ms
npm timing reifyNode:node_modules/@ethersproject/hdnode Completed in 110518ms
npm timing reifyNode:node_modules/@ethersproject/address Completed in 110544ms
npm timing reifyNode:node_modules/libp2p/node_modules/@libp2p/peer-id Completed in 111424ms
npm timing reifyNode:node_modules/it-merge/node_modules/it-queueless-pushable Completed in 111455ms
npm timing reifyNode:node_modules/finalhandler/node_modules/debug Completed in 111484ms
npm timing reifyNode:node_modules/@ethersproject/properties Completed in 111759ms
npm timing reifyNode:node_modules/it-queue/node_modules/race-signal Completed in 111795ms
npm timing reifyNode:node_modules/ethers/node_modules/tslib Completed in 111792ms
npm timing reifyNode:node_modules/anymatch/node_modules/picomatch Completed in 111785ms
npm timing reifyNode:node_modules/express/node_modules/debug Completed in 111797ms
npm timing reifyNode:node_modules/it-merge/node_modules/race-signal Completed in 111814ms
npm timing reifyNode:node_modules/weald Completed in 111841ms
npm timing reifyNode:node_modules/@ethersproject/abstract-signer Completed in 111815ms
npm timing reifyNode:node_modules/@babel/template Completed in 111819ms
npm timing reifyNode:node_modules/@aztec/constants Completed in 111825ms
npm timing reifyNode:node_modules/gaxios/node_modules/https-proxy-agent Completed in 111852ms
npm timing reifyNode:node_modules/@ethersproject/transactions Completed in 111861ms
npm timing reifyNode:node_modules/@ethersproject/bytes Completed in 111864ms
npm timing reifyNode:node_modules/@ethersproject/abstract-provider Completed in 111864ms
npm timing reifyNode:node_modules/ethereum-cryptography/node_modules/@scure/bip32 Completed in 111899ms
npm timing reifyNode:node_modules/@babel/helper-module-transforms Completed in 111927ms
npm timing reifyNode:node_modules/@aws-sdk/signature-v4-multi-region Completed in 111991ms
npm timing reifyNode:node_modules/body-parser/node_modules/debug Completed in 112019ms
npm timing reifyNode:node_modules/gaxios/node_modules/agent-base Completed in 112031ms
npm timing reifyNode:node_modules/systeminformation Completed in 112090ms
npm timing reifyNode:node_modules/@libp2p/peer-id-factory Completed in 112104ms
npm timing reifyNode:node_modules/@aws-sdk/credential-provider-login Completed in 112136ms
npm timing reifyNode:node_modules/gaxios Completed in 112558ms
npm timing reifyNode:node_modules/@chainsafe/is-ip Completed in 112556ms
npm timing reifyNode:node_modules/@multiformats/dns/node_modules/eventemitter3 Completed in 112631ms
npm timing reifyNode:node_modules/@aws-sdk/credential-provider-node Completed in 112707ms
npm timing reifyNode:node_modules/@multiformats/dns/node_modules/uint8-varint Completed in 113685ms
npm timing reifyNode:node_modules/@aztec/noir-noir_codegen Completed in 113699ms
npm timing reifyNode:node_modules/@scure/bip39 Completed in 113723ms
npm timing reifyNode:node_modules/pino-pretty/node_modules/pino-abstract-transport Completed in 113775ms
npm timing reifyNode:node_modules/@libp2p/peer-id-factory/node_modules/@libp2p/peer-id Completed in 113763ms
npm timing reifyNode:node_modules/@opentelemetry/context-async-hooks Completed in 113778ms
npm timing reifyNode:node_modules/@multiformats/dns/node_modules/uint8arraylist Completed in 113932ms
npm timing reifyNode:node_modules/@libp2p/peer-record/node_modules/@libp2p/peer-id Completed in 113935ms
npm timing reifyNode:node_modules/@libp2p/pubsub/node_modules/@libp2p/peer-id Completed in 113937ms
npm timing reifyNode:node_modules/@libp2p/peer-store/node_modules/@libp2p/peer-id Completed in 113938ms
npm timing reifyNode:node_modules/@libp2p/peer-collections/node_modules/@libp2p/peer-id Completed in 113984ms
npm timing reifyNode:node_modules/iconv-lite Completed in 114011ms
npm timing reifyNode:node_modules/@libp2p/identify/node_modules/@libp2p/peer-id Completed in 114021ms
npm timing reifyNode:node_modules/elliptic Completed in 114051ms
npm timing reifyNode:node_modules/@multiformats/dns/node_modules/p-queue Completed in 114086ms
npm timing reifyNode:node_modules/@dnsquery/dns-packet Completed in 114196ms
npm timing reifyNode:node_modules/@aws-sdk/credential-provider-process Completed in 114254ms
npm timing reifyNode:node_modules/jackspeak Completed in 114343ms
npm timing reifyNode:node_modules/viem/node_modules/ws Completed in 114445ms
npm timing reifyNode:node_modules/@aztec/p2p/node_modules/@libp2p/peer-id-factory/node_modules/@libp2p/peer-id Completed in 114431ms
npm timing reifyNode:node_modules/@inquirer/type Completed in 114502ms
npm timing reifyNode:node_modules/lmdb/node_modules/node-addon-api Completed in 114848ms
npm timing reifyNode:node_modules/ethereum-cryptography/node_modules/@scure/base Completed in 114952ms
npm timing reifyNode:node_modules/it-length-prefixed Completed in 115519ms
npm timing reifyNode:node_modules/@fastify/busboy Completed in 115935ms
npm timing reifyNode:node_modules/@ethersproject/networks Completed in 115938ms
npm timing reifyNode:node_modules/interface-datastore/node_modules/interface-store Completed in 115965ms
npm timing reifyNode:node_modules/type-fest Completed in 115992ms
npm timing reifyNode:node_modules/it-queue Completed in 115986ms
npm timing reifyNode:node_modules/@jridgewell/remapping Completed in 115971ms
npm timing reifyNode:node_modules/pg-protocol Completed in 116024ms
npm timing reifyNode:node_modules/html-entities Completed in 116179ms
npm timing reifyNode:node_modules/@jridgewell/sourcemap-codec Completed in 116226ms
npm timing reifyNode:node_modules/lru-cache Completed in 116292ms
npm timing reifyNode:node_modules/@nethermindeth/enr Completed in 116609ms
npm timing reifyNode:node_modules/libp2p/node_modules/@libp2p/peer-id-factory Completed in 116649ms
npm timing reifyNode:node_modules/@chainsafe/as-sha256 Completed in 117028ms
npm warn deprecated abstract-leveldown@7.2.0: Superseded by abstract-level (https://github.com/Level/community#faq)
npm timing reifyNode:node_modules/abstract-leveldown Completed in 117066ms
npm timing reifyNode:node_modules/@jridgewell/gen-mapping Completed in 117094ms
npm timing reifyNode:node_modules/@adraffy/ens-normalize Completed in 117138ms
npm warn deprecated prom-client@15.1.3: prom-client has been replaced by @prometheus-io/client
npm timing reifyNode:node_modules/prom-client Completed in 117634ms
npm timing reifyNode:node_modules/@ethersproject/pbkdf2 Completed in 117686ms
npm timing reifyNode:node_modules/argparse Completed in 118070ms
npm timing reifyNode:node_modules/@ethersproject/base64 Completed in 118135ms
npm timing reifyNode:node_modules/@aztec/epoch-cache Completed in 118258ms
npm timing reifyNode:node_modules/@aztec/aztec/node_modules/chalk Completed in 118541ms
npm timing reifyNode:node_modules/semver Completed in 118750ms
npm timing reifyNode:node_modules/@aws-sdk/credential-provider-sso Completed in 118810ms
npm timing reifyNode:node_modules/body-parser/node_modules/qs Completed in 118834ms
npm timing reifyNode:node_modules/@aztec/builder Completed in 120554ms
npm timing reifyNode:node_modules/@aztec/entrypoints Completed in 120912ms
npm timing reifyNode:node_modules/@aws-sdk/xml-builder Completed in 120920ms
npm timing reifyNode:node_modules/test-exclude/node_modules/path-scurry Completed in 121186ms
npm timing reifyNode:node_modules/@aztec/p2p/node_modules/@libp2p/peer-id-factory Completed in 121224ms
npm timing reifyNode:node_modules/@aztec/node-keystore Completed in 121499ms
npm timing reifyNode:node_modules/thread-stream Completed in 121569ms
npm timing reifyNode:node_modules/@ethersproject/signing-key Completed in 121537ms
npm timing reifyNode:node_modules/@chainsafe/netmask Completed in 121686ms
npm timing reifyNode:node_modules/@libp2p/multistream-select Completed in 121746ms
npm timing reifyNode:node_modules/@libp2p/identify Completed in 121949ms
npm timing reifyNode:node_modules/@ethersproject/random Completed in 121964ms
npm timing reifyNode:node_modules/@inquirer/core/node_modules/@inquirer/type Completed in 122173ms
npm timing reifyNode:node_modules/@libp2p/tcp Completed in 122206ms
npm timing reifyNode:node_modules/@ethersproject/sha2 Completed in 122219ms
npm timing reifyNode:node_modules/@ethersproject/bignumber Completed in 122229ms
npm timing reifyNode:node_modules/@aws-sdk/credential-provider-ini Completed in 122562ms
npm timing reifyNode:node_modules/@unrs/resolver-binding-linux-arm64-gnu Completed in 122633ms
npm timing reifyNode:node_modules/test-exclude/node_modules/jackspeak Completed in 122866ms
npm timing reifyNode:node_modules/@ethersproject/web Completed in 122948ms
npm timing reifyNode:node_modules/@libp2p/pubsub Completed in 123316ms
npm timing reifyNode:node_modules/@crate-crypto/node-eth-kzg-linux-arm64-gnu Completed in 123417ms
npm timing reifyNode:node_modules/@aws-sdk/token-providers Completed in 123417ms
npm timing reifyNode:node_modules/@aws-sdk/credential-provider-http Completed in 123446ms
npm timing reifyNode:node_modules/foreground-child Completed in 123506ms
npm timing reifyNode:node_modules/@ethersproject/strings Completed in 123509ms
npm timing reifyNode:node_modules/@opentelemetry/host-metrics Completed in 123556ms
npm timing reifyNode:node_modules/@jridgewell/trace-mapping Completed in 124290ms
npm warn deprecated @libp2p/mplex@10.0.16: Mplex has no flow control - please use @chainsafe/libp2p-yamux instead
npm timing reifyNode:node_modules/@libp2p/mplex Completed in 124326ms
npm timing reifyNode:node_modules/@smithy/signature-v4 Completed in 124423ms
npm timing reifyNode:node_modules/@parcel/watcher Completed in 124499ms
npm timing reifyNode:node_modules/@babel/parser Completed in 124722ms
npm timing reifyNode:node_modules/write-file-atomic/node_modules/signal-exit Completed in 124769ms
npm timing reifyNode:node_modules/@aztec/noir-noirc_abi Completed in 124833ms
npm timing reifyNode:node_modules/msgpackr Completed in 124987ms
npm timing reifyNode:node_modules/@ethersproject/constants Completed in 128483ms
npm timing reifyNode:node_modules/foreground-child/node_modules/signal-exit Completed in 128551ms
npm timing reifyNode:node_modules/js-yaml Completed in 128895ms
npm timing reifyNode:node_modules/@opentelemetry/propagator-jaeger Completed in 129944ms
npm timing reifyNode:node_modules/@ethersproject/json-wallets Completed in 130148ms
npm timing reifyNode:node_modules/@sinonjs/commons Completed in 130305ms
npm timing reifyNode:node_modules/@inquirer/core/node_modules/signal-exit Completed in 130780ms
npm timing reifyNode:node_modules/pako Completed in 131420ms
npm timing reifyNode:node_modules/@smithy/node-http-handler Completed in 132090ms
npm timing reifyNode:node_modules/istanbul-reports Completed in 132115ms
npm timing reifyNode:node_modules/ethereum-cryptography/node_modules/@scure/bip39 Completed in 132262ms
npm timing reifyNode:node_modules/@chainsafe/as-chacha20poly1305 Completed in 132354ms
npm timing reifyNode:node_modules/yargs Completed in 132831ms
npm timing reifyNode:node_modules/@scure/bip39/node_modules/@noble/hashes Completed in 132865ms
npm timing reifyNode:node_modules/@libp2p/interface-internal Completed in 133186ms
npm timing reifyNode:node_modules/@chainsafe/libp2p-yamux Completed in 133284ms
npm timing reifyNode:node_modules/@libp2p/peer-collections Completed in 133424ms
npm timing reifyNode:node_modules/ethereum-cryptography Completed in 133517ms
npm timing reifyNode:node_modules/@aztec/bot Completed in 134140ms
npm timing reifyNode:node_modules/@libp2p/prometheus-metrics Completed in 134683ms
npm timing reifyNode:node_modules/@types/node Completed in 135130ms
npm timing reifyNode:node_modules/@libp2p/peer-record Completed in 135391ms
npm timing reifyNode:node_modules/viem/node_modules/@scure/bip39 Completed in 135477ms
npm timing reifyNode:node_modules/@babel/generator Completed in 135532ms
npm timing reifyNode:node_modules/bintrees Completed in 135563ms
npm timing reifyNode:node_modules/ox/node_modules/@scure/bip39 Completed in 135608ms
npm timing reifyNode:node_modules/@aztec/sqlite3mc-wasm Completed in 135657ms
npm timing reifyNode:node_modules/minimatch Completed in 135693ms
npm timing reifyNode:node_modules/@smithy/credential-provider-imds Completed in 136181ms
npm timing reifyNode:node_modules/node-forge Completed in 136257ms
npm timing reifyNode:node_modules/@aztec/wallets Completed in 137114ms
npm timing reifyNode:node_modules/@aztec/node-lib Completed in 137642ms
npm warn deprecated uuid@9.0.1: uuid@10 and below is no longer supported.  For ESM codebases, update to uuid@latest.  For CommonJS codebases, use uuid@11 (but be aware this version will likely be deprecated in 2028).
npm timing reifyNode:node_modules/uuid Completed in 138608ms
npm timing reifyNode:node_modules/@multiformats/dns/node_modules/@multiformats/multiaddr Completed in 138623ms
npm timing reifyNode:node_modules/pino-pretty Completed in 138687ms
npm timing reifyNode:node_modules/@ethersproject/json-wallets/node_modules/aes-js Completed in 138885ms
npm timing reifyNode:node_modules/datastore-core Completed in 139114ms
npm timing reifyNode:node_modules/@multiformats/multiaddr Completed in 139916ms
npm timing reifyNode:node_modules/@aztec/validator-client Completed in 140207ms
npm timing reifyNode:node_modules/@bcoe/v8-coverage Completed in 140972ms
npm timing reifyNode:node_modules/@libp2p/peer-store Completed in 141569ms
npm timing reifyNode:node_modules/mortice Completed in 142290ms
npm timing reifyNode:node_modules/@libp2p/peer-id-factory/node_modules/uint8arrays Completed in 142277ms
npm timing reifyNode:node_modules/fast-xml-parser Completed in 143073ms
npm timing reifyNode:node_modules/test-exclude/node_modules/glob/node_modules/minimatch Completed in 143188ms
npm timing reifyNode:node_modules/@aztec/validator-ha-signer Completed in 143200ms
npm timing reifyNode:node_modules/protons-runtime Completed in 143686ms
npm timing reifyNode:node_modules/@ethersproject/hash Completed in 143732ms
npm timing reifyNode:node_modules/libp2p/node_modules/@libp2p/peer-store Completed in 143990ms
npm timing reifyNode:node_modules/@noble/ciphers Completed in 144857ms
npm timing reifyNode:node_modules/aes-js Completed in 145013ms
npm timing reifyNode:node_modules/@opentelemetry/propagator-b3 Completed in 145801ms
npm timing reifyNode:node_modules/comlink Completed in 151448ms
npm timing reifyNode:node_modules/uint8arrays Completed in 152469ms
npm timing reifyNode:node_modules/@ethersproject/wordlists Completed in 154596ms
npm timing reifyNode:node_modules/@babel/traverse Completed in 154749ms
npm warn deprecated glob@10.5.0: Old versions of glob are not supported, and contain widely publicized security vulnerabilities, which have been fixed in the current version. Please update. Support for old versions may be purchased (at exorbitant rates) by contacting i@izs.me
npm timing reifyNode:node_modules/test-exclude/node_modules/glob Completed in 155003ms
npm timing reifyNode:node_modules/ethers/node_modules/@noble/hashes Completed in 155648ms
npm timing reifyNode:node_modules/@multiformats/dns Completed in 155638ms
npm warn deprecated glob@11.1.0: Old versions of glob are not supported, and contain widely publicized security vulnerabilities, which have been fixed in the current version. Please update. Support for old versions may be purchased (at exorbitant rates) by contacting i@izs.me
npm timing reifyNode:node_modules/node-pg-migrate/node_modules/glob Completed in 155687ms
npm timing reifyNode:node_modules/@chainsafe/libp2p-noise/node_modules/@noble/ciphers Completed in 156552ms
npm timing reifyNode:node_modules/libp2p/node_modules/@multiformats/multiaddr Completed in 156640ms
npm timing reifyNode:node_modules/glob Completed in 156653ms
npm timing reifyNode:node_modules/@aztec/telemetry-client Completed in 156787ms
npm timing reifyNode:node_modules/@libp2p/prometheus-metrics/node_modules/@multiformats/multiaddr Completed in 156850ms
npm timing reifyNode:node_modules/@libp2p/identify/node_modules/@multiformats/multiaddr Completed in 156870ms
npm timing reifyNode:node_modules/@libp2p/interface-internal/node_modules/@multiformats/multiaddr Completed in 156872ms
npm timing reifyNode:node_modules/ethereum-cryptography/node_modules/@noble/hashes Completed in 156918ms
npm timing reifyNode:node_modules/@aztec/p2p/node_modules/@libp2p/peer-id-factory/node_modules/@multiformats/multiaddr Completed in 158050ms
npm timing reifyNode:node_modules/@libp2p/tcp/node_modules/@multiformats/multiaddr Completed in 158367ms
npm timing reifyNode:node_modules/@libp2p/utils/node_modules/@multiformats/multiaddr Completed in 167626ms
npm timing reifyNode:node_modules/ts-command-line-args Completed in 167690ms
npm timing reifyNode:node_modules/@libp2p/peer-record/node_modules/@multiformats/multiaddr Completed in 167677ms
npm timing reifyNode:node_modules/@libp2p/peer-store/node_modules/@multiformats/multiaddr Completed in 167683ms
npm timing reifyNode:node_modules/@libp2p/pubsub/node_modules/@multiformats/multiaddr Completed in 167684ms
npm timing reifyNode:node_modules/@libp2p/peer-collections/node_modules/@multiformats/multiaddr Completed in 167722ms
npm timing reifyNode:node_modules/@libp2p/interface/node_modules/@multiformats/multiaddr Completed in 167743ms
npm timing reifyNode:node_modules/@libp2p/multistream-select/node_modules/@multiformats/multiaddr Completed in 167744ms
npm timing reifyNode:node_modules/@libp2p/logger/node_modules/@multiformats/multiaddr Completed in 167759ms
npm timing reifyNode:node_modules/@chainsafe/libp2p-noise/node_modules/@multiformats/multiaddr Completed in 167772ms
npm timing reifyNode:node_modules/@aztec/prover-node Completed in 168110ms
npm timing reifyNode:node_modules/@aztec/slasher Completed in 168123ms
npm timing reifyNode:node_modules/protobufjs Completed in 168218ms
npm timing reifyNode:node_modules/@aztec/world-state Completed in 168332ms
npm timing reifyNode:node_modules/@aztec/aztec-node Completed in 168551ms
npm timing reifyNode:node_modules/@opentelemetry/exporter-trace-otlp-http Completed in 168993ms
npm timing reifyNode:node_modules/@opentelemetry/exporter-logs-otlp-http Completed in 168995ms
npm timing reifyNode:node_modules/@aztec/blob-lib Completed in 168991ms
npm timing reifyNode:node_modules/@chainsafe/libp2p-noise Completed in 169703ms
npm timing reifyNode:node_modules/@isaacs/cliui Completed in 169898ms
npm timing reifyNode:node_modules/@aws-sdk/types Completed in 170167ms
npm timing reifyNode:node_modules/@multiformats/dns/node_modules/uint8arrays Completed in 170191ms
npm timing reifyNode:node_modules/@aztec/protocol-contracts Completed in 170768ms
npm timing reifyNode:node_modules/google-auth-library Completed in 170852ms
npm timing reifyNode:node_modules/@aztec/bb-prover Completed in 171186ms
npm timing reifyNode:node_modules/@aztec/noir-acvm_js Completed in 171388ms
npm timing reifyNode:node_modules/@aztec/blob-client Completed in 171454ms
npm timing reifyNode:node_modules/axios Completed in 171468ms
npm timing reifyNode:node_modules/@libp2p/prometheus-metrics/node_modules/@libp2p/interface Completed in 171490ms
npm timing reifyNode:node_modules/ethers/node_modules/@noble/curves Completed in 171545ms
npm timing reifyNode:node_modules/@opentelemetry/exporter-metrics-otlp-http Completed in 171626ms
npm timing reifyNode:node_modules/@noble/curves/node_modules/@noble/hashes Completed in 171757ms
npm timing reifyNode:node_modules/pure-rand Completed in 171883ms
npm timing reifyNode:node_modules/@aztec/cli-wallet Completed in 172023ms
npm timing reifyNode:node_modules/@aztec/wallet-sdk Completed in 172264ms
npm timing reifyNode:node_modules/@noble/hashes Completed in 173806ms
npm timing reifyNode:node_modules/fake-indexeddb Completed in 174731ms
npm timing reifyNode:node_modules/@multiformats/dns/node_modules/@libp2p/interface Completed in 174788ms
npm timing reifyNode:node_modules/@google-cloud/storage Completed in 176824ms
npm timing reifyNode:node_modules/@esbuild/linux-arm64 Completed in 176827ms
npm timing reifyNode:node_modules/@libp2p/interface Completed in 176830ms
npm timing reifyNode:node_modules/undici Completed in 177050ms
npm timing reifyNode:node_modules/ethereum-cryptography/node_modules/@noble/curves Completed in 177201ms
npm timing reifyNode:node_modules/@babel/core Completed in 177217ms
npm timing reifyNode:node_modules/libp2p/node_modules/@libp2p/interface Completed in 177375ms
npm timing reifyNode:node_modules/path-scurry/node_modules/lru-cache Completed in 177421ms
npm timing reifyNode:node_modules/@noble/curves Completed in 177405ms
npm timing reifyNode:node_modules/libp2p Completed in 177669ms
npm timing reifyNode:node_modules/@libp2p/utils/node_modules/@libp2p/interface Completed in 177713ms
npm timing reifyNode:node_modules/@libp2p/peer-record/node_modules/@libp2p/interface Completed in 177731ms
npm timing reifyNode:node_modules/@libp2p/logger/node_modules/@libp2p/interface Completed in 177731ms
npm timing reifyNode:node_modules/@libp2p/peer-store/node_modules/@libp2p/interface Completed in 177739ms
npm timing reifyNode:node_modules/@libp2p/pubsub/node_modules/@libp2p/interface Completed in 177751ms
npm timing reifyNode:node_modules/@libp2p/multistream-select/node_modules/@libp2p/interface Completed in 177754ms
npm timing reifyNode:node_modules/@libp2p/peer-collections/node_modules/@libp2p/interface Completed in 177795ms
npm timing reifyNode:node_modules/@libp2p/identify/node_modules/@libp2p/interface Completed in 177798ms
npm timing reifyNode:node_modules/@chainsafe/libp2p-noise/node_modules/@libp2p/interface Completed in 177903ms
npm timing reifyNode:node_modules/@aztec/p2p/node_modules/@libp2p/peer-id-factory/node_modules/@libp2p/interface Completed in 177905ms
npm timing reifyNode:node_modules/@libp2p/interface-internal/node_modules/@libp2p/interface Completed in 177920ms
npm timing reifyNode:node_modules/@inquirer/core Completed in 178053ms
npm timing reifyNode:node_modules/ts-essentials Completed in 178200ms
npm timing reifyNode:node_modules/@aztec/standard-contracts Completed in 178379ms
npm timing reifyNode:node_modules/@libp2p/peer-id-factory/node_modules/@libp2p/interface Completed in 180037ms
npm timing reifyNode:node_modules/pino Completed in 180445ms
npm timing reifyNode:node_modules/@libp2p/utils Completed in 180457ms
npm timing reifyNode:node_modules/viem/node_modules/@noble/curves Completed in 180566ms
npm timing reifyNode:node_modules/ox/node_modules/@noble/curves Completed in 181232ms
npm timing reifyNode:node_modules/@aztec/sequencer-client Completed in 181627ms
npm timing reifyNode:node_modules/@aws-sdk/checksums Completed in 181900ms
npm timing reifyNode:node_modules/@scure/bip32/node_modules/@noble/curves Completed in 181951ms
npm timing reifyNode:node_modules/lmdb Completed in 182289ms
npm timing reifyNode:node_modules/@aztec/prover-client Completed in 182781ms
npm timing reifyNode:node_modules/@aztec/archiver Completed in 183164ms
npm timing reifyNode:node_modules/@libp2p/crypto Completed in 184735ms
npm timing reifyNode:node_modules/@chainsafe/libp2p-gossipsub Completed in 185153ms
npm timing reifyNode:node_modules/@opentelemetry/otlp-exporter-base/node_modules/@opentelemetry/semantic-conventions Completed in 185398ms
npm timing reifyNode:node_modules/@opentelemetry/exporter-trace-otlp-http/node_modules/@opentelemetry/semantic-conventions Completed in 185402ms
npm timing reifyNode:node_modules/@opentelemetry/sdk-trace-base/node_modules/@opentelemetry/semantic-conventions Completed in 185430ms
npm timing reifyNode:node_modules/libp2p/node_modules/@libp2p/crypto Completed in 185454ms
npm timing reifyNode:node_modules/@opentelemetry/otlp-transformer/node_modules/@opentelemetry/semantic-conventions Completed in 185443ms
npm timing reifyNode:node_modules/@opentelemetry/exporter-metrics-otlp-http/node_modules/@opentelemetry/semantic-conventions Completed in 185463ms
npm timing reifyNode:node_modules/@opentelemetry/exporter-logs-otlp-http/node_modules/@opentelemetry/semantic-conventions Completed in 185688ms
npm timing reifyNode:node_modules/@opentelemetry/sdk-logs/node_modules/@opentelemetry/semantic-conventions Completed in 185698ms
npm timing reifyNode:node_modules/@libp2p/peer-record/node_modules/@libp2p/crypto Completed in 185818ms
npm timing reifyNode:node_modules/@libp2p/utils/node_modules/@libp2p/crypto Completed in 185848ms
npm timing reifyNode:node_modules/@libp2p/pubsub/node_modules/@libp2p/crypto Completed in 185918ms
npm timing reifyNode:node_modules/@aztec/p2p/node_modules/@libp2p/peer-id-factory/node_modules/@libp2p/crypto Completed in 186410ms
npm timing reifyNode:node_modules/@smithy/types Completed in 187171ms
npm timing reifyNode:node_modules/@nethermindeth/discv5 Completed in 187171ms
npm timing reifyNode:node_modules/@opentelemetry/api-logs Completed in 187416ms
npm timing reifyNode:node_modules/multiformats Completed in 187541ms
npm timing reifyNode:node_modules/@libp2p/peer-id-factory/node_modules/multiformats Completed in 187522ms
npm timing reifyNode:node_modules/@opentelemetry/core/node_modules/@opentelemetry/semantic-conventions Completed in 187529ms
npm timing reifyNode:node_modules/@opentelemetry/resources/node_modules/@opentelemetry/semantic-conventions Completed in 187552ms
npm timing reifyNode:node_modules/@opentelemetry/sdk-trace-node/node_modules/@opentelemetry/semantic-conventions Completed in 187700ms
npm timing reifyNode:node_modules/@babel/types Completed in 187747ms
npm timing reifyNode:node_modules/@lmdb/lmdb-linux-arm64 Completed in 187811ms
npm timing reifyNode:node_modules/@libp2p/peer-id-factory/node_modules/@libp2p/crypto Completed in 188559ms
npm timing reifyNode:node_modules/@multiformats/dns/node_modules/multiformats Completed in 188935ms
npm timing reifyNode:node_modules/playwright Completed in 189367ms
npm timing reifyNode:node_modules/@aws-sdk/middleware-sdk-s3 Completed in 189732ms
npm timing reifyNode:node_modules/@babel/helpers Completed in 191217ms
npm timing reifyNode:node_modules/@aztec/aztec Completed in 191404ms
npm timing reifyNode:node_modules/@aztec/kv-store Completed in 191551ms
npm timing reifyNode:node_modules/@opentelemetry/sdk-logs Completed in 191562ms
npm timing reifyNode:node_modules/@aztec/accounts Completed in 191918ms
npm timing reifyNode:node_modules/@aztec/aztec.js Completed in 193310ms
npm timing reifyNode:node_modules/@opentelemetry/semantic-conventions Completed in 195208ms
npm timing reifyNode:node_modules/@opentelemetry/otlp-transformer Completed in 200298ms
npm timing reifyNode:node_modules/@aztec/ethereum Completed in 200847ms
npm timing reifyNode:node_modules/@opentelemetry/otlp-exporter-base Completed in 200970ms
npm timing reifyNode:node_modules/@jspm/core Completed in 201852ms
npm timing reifyNode:node_modules/abitype Completed in 201908ms
npm timing reifyNode:node_modules/@aztec/cli Completed in 202296ms
npm timing reifyNode:node_modules/@aztec/aztec/node_modules/abitype Completed in 202328ms
npm warn deprecated leveldown@6.1.1: Superseded by classic-level (https://github.com/Level/community#faq)
npm timing reifyNode:node_modules/leveldown Completed in 206710ms
npm timing reifyNode:node_modules/@opentelemetry/sdk-trace-base Completed in 206696ms
npm timing reifyNode:node_modules/@aztec/txe Completed in 206989ms
npm timing reifyNode:node_modules/@opentelemetry/sdk-trace-node/node_modules/@opentelemetry/sdk-trace-base Completed in 207358ms
npm timing reifyNode:node_modules/typescript Completed in 207544ms
npm timing reifyNode:node_modules/node-pg-migrate Completed in 211175ms
npm timing reifyNode:node_modules/@aws-sdk/client-s3 Completed in 219024ms
npm timing reifyNode:node_modules/playwright-core Completed in 221162ms
npm timing reifyNode:node_modules/bcrypto Completed in 221691ms
npm timing reifyNode:node_modules/@aws-sdk/nested-clients Completed in 222909ms
npm timing reifyNode:node_modules/@aztec/simulator Completed in 226843ms
npm timing reifyNode:node_modules/@aws-sdk/core Completed in 228798ms
npm timing reifyNode:node_modules/@opentelemetry/core Completed in 230950ms
npm timing reifyNode:node_modules/@aztec/pxe Completed in 230999ms
npm timing reifyNode:node_modules/@opentelemetry/otlp-transformer/node_modules/@opentelemetry/core Completed in 231103ms
npm timing reifyNode:node_modules/@opentelemetry/otlp-exporter-base/node_modules/@opentelemetry/core Completed in 231116ms
npm timing reifyNode:node_modules/@opentelemetry/sdk-trace-base/node_modules/@opentelemetry/core Completed in 231121ms
npm timing reifyNode:node_modules/@opentelemetry/exporter-trace-otlp-http/node_modules/@opentelemetry/core Completed in 231174ms
npm timing reifyNode:node_modules/@opentelemetry/sdk-logs/node_modules/@opentelemetry/core Completed in 231253ms
npm timing reifyNode:node_modules/@opentelemetry/exporter-metrics-otlp-http/node_modules/@opentelemetry/core Completed in 231308ms
npm timing reifyNode:node_modules/@opentelemetry/exporter-logs-otlp-http/node_modules/@opentelemetry/core Completed in 231379ms
npm timing reifyNode:node_modules/@opentelemetry/resources Completed in 232621ms
npm timing reifyNode:node_modules/@opentelemetry/exporter-metrics-otlp-http/node_modules/@opentelemetry/resources Completed in 233137ms
npm timing reifyNode:node_modules/@opentelemetry/exporter-trace-otlp-http/node_modules/@opentelemetry/resources Completed in 233161ms
npm timing reifyNode:node_modules/@opentelemetry/sdk-logs/node_modules/@opentelemetry/resources Completed in 233165ms
npm timing reifyNode:node_modules/@opentelemetry/otlp-transformer/node_modules/@opentelemetry/resources Completed in 233187ms
npm timing reifyNode:node_modules/@opentelemetry/sdk-trace-base/node_modules/@opentelemetry/resources Completed in 233196ms
npm timing reifyNode:node_modules/@opentelemetry/api Completed in 236712ms
npm timing reifyNode:node_modules/@opentelemetry/exporter-metrics-otlp-http/node_modules/@opentelemetry/sdk-metrics Completed in 236829ms
npm timing reifyNode:node_modules/@opentelemetry/otlp-transformer/node_modules/@opentelemetry/sdk-metrics Completed in 236842ms
npm timing reifyNode:node_modules/@opentelemetry/sdk-metrics Completed in 236881ms
npm timing reifyNode:node_modules/caniuse-lite Completed in 238148ms
npm timing reifyNode:node_modules/@aztec/p2p Completed in 239135ms
npm timing reifyNode:node_modules/@aztec/foundation Completed in 240821ms
npm timing reifyNode:node_modules/ox Completed in 242291ms
npm timing reifyNode:node_modules/@aztec/noir-contracts.js Completed in 246403ms
npm timing reifyNode:node_modules/zod Completed in 248214ms
npm timing reifyNode:node_modules/@aztec/noir-test-contracts.js Completed in 268250ms
npm timing reifyNode:node_modules/ethers Completed in 268401ms
npm timing reifyNode:node_modules/@aztec/noir-protocol-circuits-types Completed in 275029ms
npm timing reifyNode:node_modules/@aztec/stdlib Completed in 275157ms
npm timing reifyNode:node_modules/@sinclair/typebox Completed in 280358ms
npm timing reifyNode:node_modules/@smithy/core Completed in 282881ms
npm timing reifyNode:node_modules/@aztec/bb.js Completed in 299913ms
npm timing reifyNode:node_modules/rxjs Completed in 330874ms
npm timing reifyNode:node_modules/@aztec/l1-artifacts Completed in 335307ms
npm timing reifyNode:node_modules/viem Completed in 411841ms
npm timing reify:unpack Completed in 411846ms
npm timing reify:unretire Completed in 4ms
npm timing build:queue Completed in 280ms
npm timing build:link:node_modules/jest-cli Completed in 21ms
npm timing build:link:node_modules/@aztec/validator-client Completed in 76ms
npm timing build:link:node_modules/@babel/helper-compilation-targets/node_modules/semver Completed in 195ms
npm timing build:link:node_modules/node-pg-migrate/node_modules/glob Completed in 195ms
npm timing build:link:node_modules/@babel/core/node_modules/semver Completed in 195ms
npm timing build:link:node_modules/send/node_modules/mime Completed in 195ms
npm timing build:link:node_modules/@aztec/noir-noir_codegen Completed in 223ms
npm timing build:link:node_modules/@aztec/txe Completed in 222ms
npm timing build:link:node_modules/@aztec/aztec Completed in 233ms
npm timing build:link:node_modules/@babel/parser Completed in 222ms
npm timing build:link:node_modules/baseline-browser-mapping Completed in 220ms
npm timing build:link:node_modules/@aztec/pxe Completed in 224ms
npm timing build:link:node_modules/@aztec/bb.js Completed in 225ms
npm timing build:link:node_modules/@aztec/bb-prover Completed in 229ms
npm timing build:link:node_modules/@aztec/cli-wallet Completed in 225ms
npm timing build:link:node_modules/browserslist Completed in 220ms
npm timing build:link:node_modules/@aztec/blob-client Completed in 225ms
npm timing build:link:node_modules/esprima Completed in 217ms
npm timing build:link:node_modules/test-exclude/node_modules/glob Completed in 197ms
npm timing build:link:node_modules/fast-xml-parser Completed in 217ms
npm timing build:link:node_modules/jsesc Completed in 213ms
npm timing build:link:node_modules/js-yaml Completed in 216ms
npm timing build:link:node_modules/mime Completed in 210ms
npm timing build:link:node_modules/msgpackr-extract Completed in 211ms
npm timing build:link:node_modules/napi-postinstall Completed in 211ms
npm timing build:link:node_modules/json5 Completed in 213ms
npm timing build:link:node_modules/lmdb Completed in 212ms
npm timing build:link:node_modules/node-gyp-build-optional-packages Completed in 212ms
npm timing build:link:node_modules/pino Completed in 210ms
npm timing build:link:node_modules/node-gyp-build Completed in 212ms
npm timing build:link:node_modules/node-pg-migrate Completed in 211ms
npm timing build:link:node_modules/pino-pretty Completed in 208ms
npm timing build:link:node_modules/playwright Completed in 208ms
npm timing build:link:node_modules/semver Completed in 208ms
npm timing build:link:node_modules/systeminformation Completed in 208ms
npm timing build:link:node_modules/rlp Completed in 208ms
npm timing build:link:node_modules/typescript Completed in 207ms
npm timing build:link:node_modules/update-browserslist-db Completed in 201ms
npm timing build:link:node_modules/ts-command-line-args Completed in 209ms
npm timing build:link:node_modules/uuid Completed in 201ms
npm timing build:link:node_modules/which Completed in 201ms
npm timing build:link:node_modules/playwright-core Completed in 209ms
npm timing build:link:node_modules/import-local Completed in 220ms
npm timing build:link:node_modules/jest Completed in 220ms
npm timing build:link:node_modules/esbuild Completed in 222ms
npm timing build:link Completed in 239ms
npm timing build:deps Completed in 529ms
npm timing build Completed in 532ms
npm timing reify:build Completed in 553ms
npm timing reify:trash Completed in 0ms
npm timing reify Completed in 415094ms

added 1000 packages in 7m
npm timing command:ci Completed in 419384ms
npm timing npm Completed in 422010ms
npm notice
npm notice New major version of npm available! 11.12.1 -> 12.0.2
npm notice Changelog: https://github.com/npm/cli/releases/tag/v12.0.2
npm notice To update run: npm install -g npm@12.0.2
npm notice
