✔ interface hides SDK objects and owns acknowledgements and withdrawal state (3.666792ms)
✔ failed operations do not acknowledge a new transaction (0.721833ms)
✔ public feed remains readable after wallet disconnect (0.415542ms)
✔ reads expose deposit values and chain time without a node or contract (0.427958ms)
✔ account and application modules do not read DOM; transaction pages do not use private handles (1.391625ms)
✔ public JSDoc interfaces typecheck with the lockfile compiler (416.898667ms)
✔ an operation completed after a configuration change cannot acknowledge its result (1.050583ms)
✔ deployment settings export uses the captured manifest, never a later edited one (0.495167ms)
✔ funding completes zero_balance_need_deposit without a second UI action (0.812792ms)
✔ funding completes deposited_l1_not_claimed_l2 without a second UI action (0.596333ms)
✔ funding completes postable without a second UI action (0.520625ms)
✔ duplicate funding requests share one operation and a failed claim never sends another deposit (0.708583ms)
✔ configuration change after payment stops automatic continuation (0.515375ms)
✔ progress callback cannot switch the board before claim starts (0.66575ms)
✔ progress subscribers cannot interrupt transactions or receive private inputs (0.662833ms)
✔ a proving preference change only affects a future operation (0.683416ms)
✔ another workflow cannot break ownership of an active onboarding operation (0.892417ms)
✔ message validation rejects oversized UTF-8 before reaching the engine (0.593625ms)
✔ a board without a remote endpoint reports the actual local mode (0.397625ms)
✔ operation receipts whitelist public results and preserve the failed phase (0.486375ms)
✔ fee funding application sequence: fresh (0.659875ms)
✔ fee funding application sequence: consumed (0.482458ms)
✔ fee funding application sequence: pending (0.35ms)
✔ fee funding application sequence: resume-missing (0.382625ms)
✔ read-only Activity checks canonical identity before acknowledging a saved message (0.952792ms)
✔ explicit onboarding Resume recovers its fee scope and original reviewed deposit amount (0.497667ms)
✔ guided deployment prepares a validated, scoped manifest without sending transactions (2.725584ms)
✔ moderator recovery review is invalidated by a newer review or configuration change (0.959ms)
✔ withdrawal keeps one owner across settlement and passes the reviewed fee budget (0.813583ms)
✔ pausing settlement preserves the withdrawal and never requests another refund (0.6265ms)
✔ gas quote estimates the selected deposit without signing and disposes stale reads (2.753166ms)
✔ standalone fee balance uses a read operation without replacing completed progress (0.41175ms)
✔ Ethereum refund recovery returns its verified receipt without restarting onboarding (0.41325ms)
✔ top-up retains ownership through balance refresh and cannot start a second payment (0.869542ms)
✔ balance unavailability does not reclassify a confirmed top-up as failed (0.473166ms)
✔ author balance read normalizes the raw contract ABI at the SDK boundary (11.932042ms)
✔ funding deposits to shared address and passes mandatory recovery callback (2.364083ms)
✔ standalone claim uses standard author entrypoint with only private fee payload, then stops PXE (0.907625ms)
✔ browser recovery storage preserves earlier deposits and refuses conflicting replacements or secrets (1.275375ms)
✔ deposit below claim fee is rejected before requesting L1 funding (0.499708ms)
✔ private fee claim refuses missing or unresolved recovery storage before consuming bridge information (0.744084ms)
✔ private fee success recovery requires no Ethereum signer, bridge claim file or PXE (0.328917ms)
✔ private fee reverted recovery requires no Ethereum signer, bridge claim file or PXE (0.325792ms)
✔ fee Ethereum approved recovery is explicit and does not start an L2 proof (0.407708ms)
✔ fee Ethereum funded recovery is explicit and does not start an L2 proof (0.419667ms)
✔ fee Ethereum reverted recovery is explicit and does not start an L2 proof (0.375917ms)
✔ fee Ethereum replaced recovery is explicit and does not start an L2 proof (0.29175ms)
✔ claim persists exact public funding identity before preparation without duplicating secrets (0.647625ms)
✔ stale private fee claim restores saved funding record even when UI holds another deposit (1.40425ms)
✔ BB_SUBMISSION_UNKNOWN does not regenerate private fee claim (0.510666ms)
✔ BB_TRANSACTION_FAILED does not regenerate private fee claim (0.3695ms)
✔ live old claim cannot authorize replacement (0.377334ms)
✔ saved fee claim rejects owner (0.367875ms)
✔ saved fee claim rejects kind (0.324375ms)
✔ saved fee claim rejects unknown-record-key (0.353167ms)
✔ changed canonical message index blocks regenerated claim before proving (0.428375ms)
✔ canonical funding validation failure blocks regenerated claim (0.366125ms)
✔ private fee funding reconciliation has a bounded deadline (5.248625ms)
✔ deposit accepts canonical decimal-string public gas configuration with the real SDK (0.54975ms)
✔ deposit equal to maximum fee is rejected before signer or funding (0.480959ms)
✔ malformed gas is rejected before signer or funding (0.419458ms)
✔ claim failure keeps its internal cause without exposing it in the public message (0.449458ms)
✔ fee claim preserves low-cap diagnostic and displays a safe actionable message (1.53025ms)
✔ read-only fee balance owns and closes its PXE: false (16.140792ms)
✔ read-only fee balance owns and closes its PXE: true (5.7895ms)
✔ a paused fee bridge wait prevents preparation and submission (0.719833ms)
ℹ tests 66
ℹ suites 0
ℹ pass 66
ℹ fail 0
ℹ cancelled 0
ℹ skipped 0
ℹ todo 0
ℹ duration_ms 799.326125
