✔ interface hides SDK objects and owns acknowledgements and withdrawal state (11.929667ms)
✔ failed operations do not acknowledge a new transaction (1.258959ms)
✔ public feed remains readable after wallet disconnect (0.662791ms)
✔ reads expose deposit values and chain time without a node or contract (1.256ms)
✔ account and application modules do not read DOM; transaction pages do not use private handles (1.68275ms)
✔ public JSDoc interfaces typecheck with the lockfile compiler (881.058625ms)
✔ an operation completed after a configuration change cannot acknowledge its result (1.307125ms)
✔ deployment settings export uses the captured manifest, never a later edited one (0.720125ms)
✔ funding completes zero_balance_need_deposit without a second UI action (0.955459ms)
✔ funding completes deposited_l1_not_claimed_l2 without a second UI action (0.763834ms)
✔ funding completes postable without a second UI action (0.624542ms)
✔ duplicate funding requests share one operation and a failed claim never sends another deposit (0.864083ms)
✔ configuration change after payment stops automatic continuation (0.639458ms)
✔ progress callback cannot switch the board before claim starts (0.939291ms)
✔ progress subscribers cannot interrupt transactions or receive private inputs (0.825792ms)
✔ a proving preference change only affects a future operation (0.800834ms)
✔ another workflow cannot break ownership of an active onboarding operation (1.237584ms)
✔ message validation rejects oversized UTF-8 before reaching the engine (0.564208ms)
✔ a board without a remote endpoint reports the actual local mode (0.539125ms)
✔ operation receipts whitelist public results and preserve the failed phase (0.673084ms)
✔ fee funding application sequence: fresh (0.86975ms)
✔ fee funding application sequence: consumed (0.714834ms)
✔ fee funding application sequence: pending (0.551042ms)
✔ fee funding application sequence: resume-missing (0.539958ms)
✔ read-only Activity checks canonical identity before acknowledging a saved message (1.786209ms)
✔ explicit onboarding Resume recovers its fee scope and original reviewed deposit amount (0.853875ms)
✔ deposit secret is deterministic and bound to every custody component (80.947166ms)
✔ noncanonical private fields and public addresses fail closed (0.476958ms)
✔ fresh-device recovery verifies the exact canonical effect without local claim data (11.538084ms)
✔ wrong wallet, inconsistent block and mismatched receipt cannot recover (8.770459ms)
✔ unavailable historical data is a failure, never permission for a replacement payment (1.842459ms)
✔ version one derivation is pinned across future releases (1.255041ms)
✔ integer input types cannot silently coerce booleans, blanks or unsafe numbers (0.421458ms)
✔ creation discovery resumes after interruption instead of repeating its first reads (4.956666ms)
✔ range scan resumes at its next range and exhausted scans can be checked again (3.101792ms)
✔ discards obsolete public search checkpoints: changed (2.047417ms)
✔ discards obsolete public search checkpoints: shorter (4.365291ms)
✔ discards obsolete public search checkpoints: invalid (2.245583ms)
✔ delayed genuine-shape membership refreshes PXE anchor and guards before readiness (14.724125ms)
✔ absent message, RPC error and stalled sync return fixed bounded pending result (51.26275ms)
✔ wrong index and malformed witnesses fail closed; context change propagates (2.273791ms)
✔ readiness precedes private fee preparation and old proof-based wait is removed (1.093166ms)
✔ normal author calls carry only private payment method and bootstrap claim is consumed once (4.248334ms)
✔ unknown submission is preserved without retry and private errors are redacted (4.29175ms)
✔ missing private fee configuration fails before account work for every private action (3.094708ms)
✔ actual wallet tightens gas within configured ceilings and preserves account scope/tag (30.229209ms)
✔ actual main claim uses standard author call with private fee payment (17.360375ms)
✔ actual main post uses standard author call with private fee payment (6.605625ms)
✔ actual main post dummy uses standard author call with private fee payment (7.566ms)
✔ actual main withdraw uses standard author call with private fee payment (1.612084ms)
✔ moderator calls use their normal account with private fee payment (1.6475ms)
✔ inherited object names never select an application method (0.493ms)
✔ actual main private post works with no Ethereum signer (1.448291ms)
✔ actual main fails before PXE when RPC identity changed after CLI preflight (0.76825ms)
✔ settlement pending returns after one witness lookup, without ninety-minute polling (2.721417ms)
✔ witness RPC failure remains unknown, never a false unclaimed or paid result (2.788042ms)
✔ consumed/error text is not evidence of a refund: false (3.426958ms)
✔ consumed/error text is not evidence of a refund: true (1.529292ms)
✔ actual main refuses a private send when durable journal is unavailable (1.354833ms)
✔ actual main recovery avoids proving and Ethereum signing and reports revert distinctly (2.03725ms)
✔ Ethereum recovery handles already refunded receipts before checking active deposit (4.984959ms)
✔ actual moderator declare-immoral uses the active wallet's durable journal (3.172209ms)
✔ actual moderator declare-immoral refuses an unresolved previous transaction before preparing a fee (0.985292ms)
✔ actual moderator set-moderation-policy uses the active wallet's durable journal (4.3815ms)
✔ actual moderator set-moderation-policy refuses an unresolved previous transaction before preparing a fee (1.11925ms)
✔ actual moderator transfer-censor uses the active wallet's durable journal (1.284334ms)
✔ actual moderator transfer-censor refuses an unresolved previous transaction before preparing a fee (1.031958ms)
✔ moderator wallet cannot bypass journal ownership by supplying a second key (3.188666ms)
✔ moderator recovery success distinguishes an already completed identical transfer from a failed one (1.77125ms)
✔ moderator recovery reverted distinguishes an already completed identical transfer from a failed one (1.286417ms)
✔ moderator recovery with unknown outcome cannot prepare another private fee payment (0.877792ms)
✔ actual recovery dispatcher restores the saved message and nonce before requesting a fresh post proof (2.411292ms)
✔ already published stable identity blocks a replacement before fee preparation (1.218417ms)
✔ recovery cannot silently regenerate a dummy operation (1.139708ms)
✔ recovery cannot silently regenerate a withdraw operation (5.137458ms)
✔ recovery cannot silently regenerate a claim operation (0.944792ms)
✔ claim  records its own operation rather than stale real-post metadata (5.290584ms)
✔ post dummy records its own operation rather than stale real-post metadata (1.321375ms)
✔ withdraw  records its own operation rather than stale real-post metadata (1.194458ms)
✔ missing withdrawal note never proves success when history contains no exit (2.530583ms)
✔ missing withdrawal note never proves success when history is unavailable (1.619666ms)
✔ missing withdrawal note requires saved transaction recovery even if matching exit content exists (1.604833ms)
✔ missing withdrawal note cannot recover a reverted exit (1.243084ms)
✔ an exit for another selected deposit cannot complete withdrawal (1.197167ms)
✔ withdrawal recovery without original claim custody cannot guess deposit ownership (1.743625ms)
✔ missing withdrawal note rejects without scanning history or looking up a claim secret (1.393667ms)
✔ saved dummy requires the same source screening sequence (unchanged) (1.874542ms)
✔ saved dummy requires the same source screening sequence (changed) (1.195ms)
✔ saved withdraw requires the same source screening sequence (unchanged) (1.136958ms)
✔ saved withdraw requires the same source screening sequence (changed) (1.077166ms)
✔ actual wallet passes attributed application spend to the durable journal before submission (221.581292ms)
✔ successful retried screening releases its step guard before the following withdrawal (4.238083ms)
✔ stale claim restores exact original receipt and claim identity without depositing again (2.318625ms)
✔ stale claim rejects changed messageKey before another fee payment (1.617708ms)
✔ stale claim rejects changed amount before another fee payment (1.218375ms)
✔ stale claim rejects changed leafIndex before another fee payment (1.283417ms)
✔ stale claim rejects changed depositChain before another fee payment (1.172125ms)
✔ stale claim rejects changed secretHash before another fee payment (1.686ms)
✔ stale claim rejects changed depositor before another fee payment (1.345792ms)
✔ an existing note is not confirmation of an unresolved saved claim transaction (3.2855ms)
✔ failed claim does not enter the former thirty-attempt loop (2.977708ms)
✔ saved claim rejects a replaced active deposit before proving (1.81625ms)
✔ saved claim rejects a block changed during metadata retrieval (1.14925ms)
✔ saved claim metadata timeout cannot prepare fees or proofs (22.556375ms)
✔ explicit recovery restores exact saved transfer-censor arguments (3.034166ms)
✔ explicit recovery restores exact saved set-moderation-policy arguments (2.716834ms)
✔ explicit recovery restores exact saved declare-immoral arguments (3.320542ms)
✔ daemon stale transaction reconciliation regenerates the same job (2.842292ms)
✔ daemon stale transaction reconciliation rejects another job (3.085042ms)
✔ saved moderator request cannot spend fees after authority transfers away (3.025417ms)
✔ real preparer failures stop every routed action before proof/send/funding and preserve bootstrap input (229.986125ms)
✔ actual claim readiness rejects absent, failed and wrong-index membership before fees or submission (13.417958ms)
✔ actual claim waits for delayed exact receipt key then prepares fees and submits once (5.133ms)
✔ node failures are surfaced after one request, before private fee work (2.077667ms)
✔ contract registration failures are surfaced after one attempt (1.408208ms)
✔ cached wallet sync failure stops the next operation before fee preparation (1.787333ms)
✔ simulation failure is not retried and cannot start proving (0.542583ms)
✔ list rejects failed get_censor instead of inventing configuration (1.184167ms)
✔ list rejects failed get_k_multiplier instead of inventing configuration (1.3205ms)
✔ list rejects failed get_censor_window instead of inventing configuration (0.997333ms)
✔ list rejects failed get_max_save_up instead of inventing configuration (1.032292ms)
✔ failed board lookup is not classified as an absent deployment (0.971791ms)
✔ failed portal binding read prevents application actions (1.084791ms)
✔ automatic screening propagates a failed state refresh without another attempt (1.49675ms)
✔ list cannot report an unreadable flag as an unflagged post (1.902042ms)
✔ bare reuse cannot turn recovery into a new deposit (0.860334ms)
✔ confirmed claim with failed sync reports confirmation and prevents further actions (4.542625ms)
✔ post reads time from the pinned RPC BlockResponse schema (4.763ms)
✔ automatic screening rechecks chain cooldown (advancing=true) (5.559167ms)
✔ automatic screening rechecks chain cooldown (advancing=false) (26.149042ms)
✔ accepted claim survives engine restart and changed UI intent through the real encrypted journal (279.673917ms)
✔ accepted dummy survives engine restart and changed UI intent through the real encrypted journal (272.811083ms)
✔ confirmed claim with missing delivered note reports synchronization pending without resubmission (3.665833ms)
✔ actual wallet rejects total-da before proving or submitting (0.631583ms)
✔ actual wallet rejects total-l2 before proving or submitting (0.364541ms)
✔ actual wallet rejects teardown-da before proving or submitting (0.336417ms)
✔ actual wallet rejects teardown-l2 before proving or submitting (0.329583ms)
✔ actual wallet rejects missing-public before proving or submitting (0.334708ms)
✔ actual wallet rejects revert before proving or submitting (0.329ms)
✔ entirely private simulation needs no public output and still checks gas before proof (0.586541ms)
✔ recovered withdrawal survives status without Ethereum signer and after reconnect (1.081667ms)
✔ zero portal balance preserves the exact withdrawal until verified refund recovery (1.002625ms)
✔ Ethereum refund recovery binds the saved L2 withdrawal: matching (1.659ms)
✔ Ethereum refund recovery binds the saved L2 withdrawal: older-refund (1.643417ms)
✔ Ethereum refund recovery binds the saved L2 withdrawal: missing-witness (1.279625ms)
✔ Ethereum refund recovery binds the saved L2 withdrawal: rpc-error (1.082584ms)
✔ fee preparation preserves only the recognized low-cap diagnostic (0.476292ms)
✔ adjusted fee reservation is revalidated: revert stops before proof (0.493542ms)
✔ adjusted fee reservation is revalidated: gas-change stops before proof (0.360209ms)
✔ claim retrieves active metadata after reload without receipts or log scans (2.556458ms)
✔ fee readiness preserves only safe classification: PRIVATE_FEE_BALANCE_INSUFFICIENT (0.459125ms)
✔ fee readiness preserves only safe classification: PRIVATE_FEE_CLAIM_INSUFFICIENT (0.342208ms)
✔ fee readiness preserves only safe classification: UNTRUSTED (0.36575ms)
✔ public claim failures keep useful safe classifications across repeated formatting (1.140083ms)
✔ new Ethereum deposit checks fee readiness before secret storage or payment: false (1.463917ms)
✔ new Ethereum deposit checks fee readiness before secret storage or payment: true (0.981541ms)
✔ automatic fee funding reaches board claim with recovered=false (2.039375ms)
✔ automatic fee funding reaches board claim with recovered=true (1.730708ms)
✔ withdrawal preparation cannot start a proof beyond the reviewed step budget (1.236375ms)
✔ withdrawal stops spending when screening does not advance (1.153208ms)
✔ withdrawal waits through the actual moderation deadline before any proof (2.503333ms)
✔ reviewed moderator recovery: confirmed (2.051042ms)
✔ reviewed moderator recovery: stale (1.523584ms)
✔ reviewed moderator recovery: approved (1.968208ms)
✔ reviewed moderator recovery: changed (1.391667ms)
✔ same PRF and Ethereum identity restore the exact same fields (87.723583ms)
✔ invalid PRF does not produce a substitute account (3.81525ms)
✔ registration uses fresh resident user handles, preserving prior synced credentials (16.471833ms)
✔ known credential authentication stays bound to its identifier (4.417417ms)
✔ cancellation and missing PRF never trigger registration (3.314791ms)
✔ registration without immediate PRF authenticates that same credential once (5.289ms)
✔ approve then persist nonce-bound public recovery before deposit; recover exact private claim (426.122167ms)
✔ existing allowance avoids approval and uses pending sender nonce (100.731ms)
✔ save failure prevents deposit (65.091084ms)
✔ ambiguous send retains public recovery, never retries or leaks raw error (65.453625ms)
✔ rejects inadequate user token balance before approval (49.12575ms)
✔ rejects wrong L1 network before any transaction (18.360709ms)
✔ rejects wrong portal version before any transaction (55.962125ms)
✔ recovery rejects reorg (139.671167ms)
✔ recovery rejects reverted (150.382042ms)
✔ recovery rejects wrong nonce (143.997958ms)
✔ recovery rejects wrong sender (137.047083ms)
✔ recovery rejects wrong calldata without effect (135.118292ms)
✔ recovery rejects missing event (131.111833ms)
✔ recovery rejects duplicate event (130.746083ms)
✔ public record from another wallet cannot recover credit (123.03625ms)
✔ public record from another owner cannot recover credit (121.362959ms)
✔ recovery requires hash and trusted deployment scope (124.38625ms)
✔ confirmed approval nonce overrides stale Ethers pending cache (86.507375ms)
✔ failure diagnostics expose only finite phase and safe codes (41.809208ms)
✔ lost approval response is recovered by sender nonce and never silently approved twice (199.966875ms)
✔ lost bridge-deposit response recovers exact funding provenance without an unstored hash or another payment (124.556083ms)
✔ missing durable fee journal prevents token approval (39.027334ms)
✔ portable journal alone restores private-fee funding provenance in a fresh store (126.613209ms)
✔ wallet acknowledgement without chain metadata is verified against configured RPC (123.640083ms)
✔ configured RPC owns reads; signer provider only verifies signing network (120.800583ms)
✔ explicit read provider is required instead of wallet-provider fallback (0.306083ms)
✔ wrong signer network cannot approve on an otherwise correct read network (41.275584ms)
✔ unpublished fee contract prevents approvals and deposits (18.292416ms)
✔ wallet execution envelope funds and recovers exact fee credit (lost response: false) (160.294709ms)
✔ wallet execution envelope funds and recovers exact fee credit (lost response: true) (164.629334ms)
✔ wrapped fee deposit rejects emitter (121.858ms)
✔ wrapped fee deposit rejects recipient (121.341959ms)
✔ wrapped fee deposit rejects amount (121.282417ms)
✔ wrapped fee deposit rejects secret (122.167208ms)
✔ wrapped fee deposit rejects duplicate (125.647625ms)
✔ wrapped fee deposit rejects sender (124.585458ms)
✔ wrapped fee deposit rejects nonce (125.851959ms)
✔ wrapped fee deposit rejects chain (124.15975ms)
✔ wrapped fee deposit rejects reverted (130.586208ms)
✔ wrapped fee deposit rejects reorg (120.192208ms)
✔ safe prover HTTP classification 429 (43.30175ms)
✔ safe prover HTTP classification 403 (0.345709ms)
✔ safe prover HTTP classification 503 (0.208583ms)
✔ network failure is redacted and distinguished from proof failure (0.37225ms)
✔ queueing waits for completion without resubmitting (3.991917ms)
✔ failed job cannot leak server details (0.521667ms)
✔ validated store supplies authoritative connection and fee settings; extra cannot override (7.86975ms)
✔ private engine errors remain bounded and recognized outcomes actionable (4.100042ms)
✔ readiness and pre-proof hook configuration changes stop continuation (1.372209ms)
✔ signer proxy stops a stale operation and preserves normal signer methods (1.135125ms)
✔ config change during provider identity read prevents signing (0.978917ms)
✔ deployment connection is explicit and independent of DOM (17.374459ms)
✔ live board verification rejection blocks engine and forwards exact selected scope (3.540875ms)
✔ live board verification repeats before proof and prevents rejected proof continuation (1.144334ms)
✔ live board verification rejection blocks every external signing method (6.159125ms)
✔ config switch while board verification is pending blocks engine and signing (3.645208ms)
✔ missing private fee settings block new transactions before readiness, engine or signing (6.953833ms)
✔ missing private fee settings retain status and recovery access (2.481958ms)
✔ readiness failures retain fixed public guidance and never raw browser details (8.681917ms)
✔ runtime and fee helper receives correct authority and fee mode for writes versus recovery (4.386084ms)
✔ runtime helper rejection blocks entry, pre-proof and external signing (6.479666ms)
✔ config switch while runtime helper is pending blocks entry, proof and signing (5.031166ms)
✔ bundle load failure is bounded and offers public reader without raw errors (1.627875ms)
✔ browser proof failure has fixed reload/recovery guidance without provider details (0.762458ms)
✔ proving preference remote stays fixed across lock; next operation sees change (1.590375ms)
✔ proving preference remote stays fixed across readiness; next operation sees change (1.22075ms)
✔ proving preference remote stays fixed across board; next operation sees change (1.11925ms)
✔ proving preference remote stays fixed across portal; next operation sees change (7.24925ms)
✔ proving preference remote stays fixed across simulation; next operation sees change (1.491458ms)
✔ proving preference remote stays fixed across proof; next operation sees change (1.27425ms)
✔ proving preference remote stays fixed across sign; next operation sees change (1.151958ms)
✔ proving preference remote stays fixed across submission; next operation sees change (6.013167ms)
✔ proving preference remote stays fixed across receipt; next operation sees change (2.604583ms)
✔ proving preference local stays fixed across lock; next operation sees change (3.477583ms)
✔ proving preference local stays fixed across readiness; next operation sees change (1.421208ms)
✔ proving preference local stays fixed across board; next operation sees change (1.135042ms)
✔ proving preference local stays fixed across portal; next operation sees change (1.088542ms)
✔ proving preference local stays fixed across simulation; next operation sees change (13.395625ms)
✔ proving preference local stays fixed across proof; next operation sees change (1.472ms)
✔ proving preference local stays fixed across sign; next operation sees change (1.259333ms)
✔ proving preference local stays fixed across submission; next operation sees change (1.149625ms)
✔ proving preference local stays fixed across receipt; next operation sees change (2.182958ms)
✔ proving preference and connection snapshot never read UI, and extras cannot choose another prover (0.98125ms)
✔ prover error does not retry or switch mode; next recovery operation retains journal input (0.992209ms)
✔ recovery routes postable through its application workflow (28.505791ms)
✔ recovery routes zero_balance_need_deposit through its application workflow (1.553334ms)
✔ recovery routes deposited_l1_not_claimed_l2 through its application workflow (0.814208ms)
✔ recovery routes withdrawal_needs_verification through its application workflow (0.825792ms)
✔ failed recovery phase stops further actions: recover (0.799792ms)
✔ failed recovery phase stops further actions: status (1.628333ms)
✔ changed scope during recovery cannot continue: recover (1.189834ms)
✔ changed scope during recovery cannot continue: status (1.269584ms)
✔ full Field salt reaches derivation without placing keys in DOM (3.886917ms)
✔ failed derivation does not activate or overwrite secret fields (1.561166ms)
✔ malformed import event emits bounded diagnostics and clears selection (0.837417ms)
✔ signature generation and silent wallet replacement are unavailable (1.057625ms)
✔ final network mismatch prevents activating a signer (0.966708ms)
✔ callback failure invalidates activated session without logging callback diagnostics (0.569458ms)
✔ initial account authorization event permits the matching browser signer (0.638125ms)
✔ preactivation notification does not override final account: different account (0.476959ms)
✔ preactivation notification does not override final account: empty authorization (0.4885ms)
✔ preactivation notification does not override final account: malformed authorization (0.561875ms)
✔ final account read rejects a replacement even without an event (0.561542ms)
✔ same-account notification after connection is not a replacement (1.030542ms)
✔ disconnect during authorization prevents activating a signer (0.530708ms)
✔ transient selection events before activation are reconciled with final provider reads (0.520667ms)
✔ repeated matching authorization notifications permit connection (0.440208ms)
✔ new account requires explicit passkey creation and saves no secret (1.963875ms)
✔ saved metadata unlocks the exact passkey instead of creating (0.929875ms)
✔ cancelled passkey or changed Ethereum context never activates an account (2.144ms)
✔ corrupt metadata fails closed, explicit import repairs it (0.643583ms)
✔ absent browser wallet returns an actionable code without opening an account (1.770292ms)
✔ the selected provider owns signing and event invalidation, not the global (1.722041ms)
✔ requested network switch is accepted but unexpected network changes still invalidate (0.62225ms)
✔ rejecting a network switch leaves the session disconnected (0.530708ms)
✔ events from a previously rejected wallet cannot invalidate the newly selected wallet (0.599375ms)
✔ selected wallet identity is shown with its exact authorized account (0.457833ms)
✔ disconnect immediately clears connected status and shows reconnect guidance (0.522417ms)
✔ accountsChanged immediately clears connected status and shows reconnect guidance (0.436ms)
✔ chainChanged immediately clears connected status and shows reconnect guidance (0.431042ms)
✔ explicit invalidation notifies consumers, including outside wallet events (29.011291ms)
✔ explicit account selection requests fresh permission before activating a signer (0.755584ms)
✔ rejected account selection cannot silently reuse a previously authorized account (0.540708ms)
✔ after passkey cancellation a new connection still requests account selection (0.656ms)
✔ permission selection can replace an older origin grant before signer activation (0.559666ms)
✔ permission dialog may clear and replace accounts and announce its network before activation (0.479416ms)
✔ disconnect while choosing an account still prevents activating a signer (0.425708ms)
✔ final account validation reads the transport rather than a cached provider result (0.414833ms)
✔ preactivation disconnect followed by reconnect permits a validated session (0.437791ms)
✔ same-chain announcements after activation preserve the session; a changed chain invalidates it (0.416416ms)
✔ existing account choice authenticates instead of creating when browser metadata is missing (0.536125ms)
✔ active application work prevents lock and passkey replacement (0.5405ms)
✔ a throwing rendering listener cannot leave custody busy (0.450542ms)
✔ author has no payment or composer before account setup; direct deposit handler cannot start it (718.257125ms)
✔ onboarding finishes at composer, preserves draft and renders actual cooldown (352.408833ms)
✔ account invalidation disables payment and posting after setup (232.335ms)
✔ fee funding cannot start before private account readiness (256.871458ms)
✔ postable account cannot post after invalidation (231.00475ms)
✔ late operation failure cannot re-enable payments after account invalidation (215.590625ms)
ℹ tests 310
ℹ suites 0
ℹ pass 310
ℹ fail 0
ℹ cancelled 0
ℹ skipped 0
ℹ todo 0
ℹ duration_ms 5962.765959
