✔ interface hides SDK objects and owns acknowledgements and withdrawal state (4.177208ms)
✔ failed operations do not acknowledge a new transaction (0.947042ms)
✔ public feed remains readable after wallet disconnect (0.565416ms)
✔ reads expose deposit values and chain time without a node or contract (0.851208ms)
✔ account and application modules do not read DOM; transaction pages do not use private handles (1.829875ms)
✔ public JSDoc interfaces typecheck with the lockfile compiler (479.829083ms)
✔ an operation completed after a configuration change cannot acknowledge its result (1.577834ms)
✔ deployment settings export uses the captured manifest, never a later edited one (0.713625ms)
✔ funding completes zero_balance_need_deposit without a second UI action (0.682709ms)
✔ funding completes deposited_l1_not_claimed_l2 without a second UI action (0.472292ms)
✔ funding completes postable without a second UI action (0.403125ms)
✔ duplicate funding requests share one operation and a failed claim never sends another deposit (0.538958ms)
✔ configuration change after payment stops automatic continuation (0.403041ms)
✔ progress callback cannot switch the board before claim starts (0.388875ms)
✔ progress subscribers cannot interrupt transactions or receive private inputs (0.43475ms)
✔ a proving preference change only affects a future operation (0.424375ms)
✔ another workflow cannot break ownership of an active onboarding operation (0.446542ms)
✔ message validation rejects oversized UTF-8 before reaching the engine (0.32575ms)
✔ a board without a remote endpoint reports the actual local mode (1.0765ms)
✔ operation receipts whitelist public results and preserve the failed phase (0.424ms)
✔ fee funding application sequence: fresh (1.430875ms)
✔ fee funding application sequence: consumed (0.711917ms)
✔ fee funding application sequence: pending (0.413416ms)
✔ fee funding application sequence: resume-missing (0.408292ms)
✔ read-only Activity checks canonical identity before acknowledging a saved message (0.925458ms)
✔ explicit onboarding Resume recovers its fee scope and original reviewed deposit amount (0.518292ms)
✔ guided deployment prepares a validated, scoped manifest without sending transactions (1.692042ms)
✔ moderator recovery review is invalidated by a newer review or configuration change (0.660625ms)
✔ withdrawal keeps one owner across settlement and passes the reviewed fee budget (0.720583ms)
✔ pausing settlement preserves the withdrawal and never requests another refund (0.526166ms)
✔ gas quote estimates the selected deposit without signing and disposes stale reads (3.881709ms)
✔ standalone fee balance uses a read operation without replacing completed progress (1.663208ms)
✔ Ethereum refund recovery returns its verified receipt without restarting onboarding (0.504959ms)
✔ top-up retains ownership through balance refresh and cannot start a second payment (0.45725ms)
✔ balance unavailability does not reclassify a confirmed top-up as failed (0.386958ms)
✔ funding deposits to shared address and passes mandatory recovery callback (1.640167ms)
✔ standalone claim uses standard author entrypoint with only private fee payload, then stops PXE (0.84325ms)
✔ browser recovery storage preserves earlier deposits and refuses conflicting replacements or secrets (1.251833ms)
✔ deposit below claim fee is rejected before requesting L1 funding (0.632417ms)
✔ private fee claim refuses missing or unresolved recovery storage before consuming bridge information (1.321458ms)
✔ private fee success recovery requires no Ethereum signer, bridge claim file or PXE (0.362625ms)
✔ private fee reverted recovery requires no Ethereum signer, bridge claim file or PXE (0.28625ms)
✔ fee Ethereum approved recovery is explicit and does not start an L2 proof (0.313583ms)
✔ fee Ethereum funded recovery is explicit and does not start an L2 proof (0.307375ms)
✔ fee Ethereum reverted recovery is explicit and does not start an L2 proof (0.337875ms)
✔ fee Ethereum replaced recovery is explicit and does not start an L2 proof (0.295458ms)
✔ claim persists exact public funding identity before preparation without duplicating secrets (0.4225ms)
✔ stale private fee claim restores saved funding record even when UI holds another deposit (0.753041ms)
✔ BB_SUBMISSION_UNKNOWN does not regenerate private fee claim (0.385417ms)
✔ BB_TRANSACTION_FAILED does not regenerate private fee claim (0.336667ms)
✔ live old claim cannot authorize replacement (0.365583ms)
✔ saved fee claim rejects owner (0.39825ms)
✔ saved fee claim rejects kind (0.4955ms)
✔ saved fee claim rejects unknown-record-key (0.372083ms)
✔ changed canonical message index blocks regenerated claim before proving (0.533541ms)
✔ canonical funding validation failure blocks regenerated claim (0.537667ms)
✔ private fee funding reconciliation has a bounded deadline (4.848708ms)
✔ deposit accepts canonical decimal-string public gas configuration with the real SDK (0.434459ms)
✔ deposit equal to maximum fee is rejected before signer or funding (0.266375ms)
✔ malformed gas is rejected before signer or funding (0.29775ms)
✔ claim failure keeps its internal cause without exposing it in the public message (0.376042ms)
✔ fee claim preserves low-cap diagnostic and displays a safe actionable message (0.878542ms)
✔ read-only fee balance owns and closes its PXE: false (0.554625ms)
✔ read-only fee balance owns and closes its PXE: true (0.32675ms)
✔ a paused fee bridge wait prevents preparation and submission (0.690042ms)
ℹ tests 65
ℹ suites 0
ℹ pass 65
ℹ fail 0
ℹ cancelled 0
ℹ skipped 0
ℹ todo 0
ℹ duration_ms 692.744584
