✔ interface hides SDK objects and owns acknowledgements and withdrawal state (2.304ms)
✔ failed operations do not acknowledge a new transaction (0.603958ms)
✔ public feed remains readable after wallet disconnect (0.371625ms)
✔ reads expose deposit values and chain time without a node or contract (0.727959ms)
✔ account and application modules do not read DOM; transaction pages do not use private handles (6.014084ms)
✔ public JSDoc interfaces typecheck with the lockfile compiler (494.545417ms)
✔ an operation completed after a configuration change cannot acknowledge its result (1.117291ms)
✔ deployment settings export uses the captured manifest, never a later edited one (0.680833ms)
✔ funding completes zero_balance_need_deposit without a second UI action (0.662875ms)
✔ funding completes deposited_l1_not_claimed_l2 without a second UI action (0.477167ms)
✔ funding completes postable without a second UI action (0.390958ms)
✔ duplicate funding requests share one operation and a failed claim never sends another deposit (0.554792ms)
✔ configuration change after payment stops automatic continuation (0.424834ms)
✔ progress callback cannot switch the board before claim starts (0.396334ms)
✔ progress subscribers cannot interrupt transactions or receive private inputs (0.415125ms)
✔ a proving preference change only affects a future operation (0.432042ms)
✔ another workflow cannot break ownership of an active onboarding operation (0.431208ms)
✔ message validation rejects oversized UTF-8 before reaching the engine (0.672958ms)
✔ a board without a remote endpoint reports the actual local mode (0.542459ms)
✔ operation receipts whitelist public results and preserve the failed phase (0.567375ms)
✔ fee funding application sequence: fresh (0.691709ms)
✔ fee funding application sequence: consumed (0.547375ms)
✔ fee funding application sequence: pending (0.562417ms)
✔ fee funding application sequence: resume-missing (0.47325ms)
✔ read-only Activity checks canonical identity before acknowledging a saved message (2.341584ms)
✔ explicit onboarding Resume recovers its fee scope and original reviewed deposit amount (0.81825ms)
✔ guided deployment prepares a validated, scoped manifest without sending transactions (1.90675ms)
✔ moderator recovery review is invalidated by a newer review or configuration change (0.876625ms)
✔ withdrawal keeps one owner across settlement and passes the reviewed fee budget (0.796542ms)
✔ pausing settlement preserves the withdrawal and never requests another refund (0.449666ms)
✔ gas quote estimates the selected deposit without signing and disposes stale reads (2.884291ms)
✔ standalone fee balance uses a read operation without replacing completed progress (0.525708ms)
✔ Ethereum refund recovery returns its verified receipt without restarting onboarding (0.622708ms)
✔ top-up retains ownership through balance refresh and cannot start a second payment (0.6205ms)
✔ balance unavailability does not reclassify a confirmed top-up as failed (0.561791ms)
✔ author balance read normalizes the raw contract ABI at the SDK boundary (11.535542ms)
✔ deposit secret is deterministic and bound to every custody component (70.589958ms)
✔ noncanonical private fields and public addresses fail closed (0.2965ms)
✔ fresh-device recovery verifies the exact canonical effect without local claim data (10.627875ms)
✔ wrong wallet, inconsistent block and mismatched receipt cannot recover (6.769084ms)
✔ unavailable historical data is a failure, never permission for a replacement payment (0.891958ms)
✔ version one derivation is pinned across future releases (0.393709ms)
✔ integer input types cannot silently coerce booleans, blanks or unsafe numbers (0.238916ms)
✔ creation discovery resumes after interruption instead of repeating its first reads (1.68425ms)
✔ range scan resumes at its next range and exhausted scans can be checked again (2.380208ms)
✔ discards obsolete public search checkpoints: changed (3.831709ms)
✔ discards obsolete public search checkpoints: shorter (1.790708ms)
✔ discards obsolete public search checkpoints: invalid (1.529916ms)
✔ delayed genuine-shape membership refreshes PXE anchor and guards before readiness (11.427042ms)
✔ absent message, RPC error and stalled sync return fixed bounded pending result (52.30575ms)
✔ wrong index and malformed witnesses fail closed; context change propagates (0.538917ms)
✔ readiness precedes private fee preparation and old proof-based wait is removed (0.253834ms)
✔ normal author calls carry only private payment method and bootstrap claim is consumed once (2.839458ms)
✔ unknown submission is preserved without retry and private errors are redacted (2.289208ms)
✔ missing private fee configuration fails before account work for every private action (1.835208ms)
✔ actual wallet tightens gas within configured ceilings and preserves account scope/tag (41.16025ms)
✔ actual main claim uses standard author call with private fee payment (11.804042ms)
✔ actual main post uses standard author call with private fee payment (3.152583ms)
✔ actual main post dummy uses standard author call with private fee payment (2.506917ms)
✔ actual main withdraw uses standard author call with private fee payment (4.934417ms)
✔ moderator calls use their normal account with private fee payment (1.078875ms)
✔ inherited object names never select an application method (0.365042ms)
✔ actual main private post works with no Ethereum signer (1.017667ms)
✔ actual main fails before PXE when RPC identity changed after CLI preflight (0.497167ms)
✔ settlement pending returns after one witness lookup, without ninety-minute polling (1.307375ms)
✔ witness RPC failure remains unknown, never a false unclaimed or paid result (1.110542ms)
✔ consumed/error text is not evidence of a refund: false (2.246666ms)
✔ consumed/error text is not evidence of a refund: true (1.820917ms)
✔ actual main refuses a private send when durable journal is unavailable (1.21925ms)
✔ actual main recovery avoids proving and Ethereum signing and reports revert distinctly (1.541ms)
✔ Ethereum recovery handles already refunded receipts before checking active deposit (1.560292ms)
✔ actual moderator declare-immoral uses the active wallet's durable journal (1.080042ms)
✔ actual moderator declare-immoral refuses an unresolved previous transaction before preparing a fee (0.511958ms)
✔ actual moderator set-moderation-policy uses the active wallet's durable journal (1.026834ms)
✔ actual moderator set-moderation-policy refuses an unresolved previous transaction before preparing a fee (0.444875ms)
✔ actual moderator transfer-censor uses the active wallet's durable journal (0.805292ms)
✔ actual moderator transfer-censor refuses an unresolved previous transaction before preparing a fee (0.431042ms)
✔ moderator wallet cannot bypass journal ownership by supplying a second key (0.891583ms)
✔ moderator recovery success distinguishes an already completed identical transfer from a failed one (1.098417ms)
✔ moderator recovery reverted distinguishes an already completed identical transfer from a failed one (0.89ms)
✔ moderator recovery with unknown outcome cannot prepare another private fee payment (0.625167ms)
✔ actual recovery dispatcher restores the saved message and nonce before requesting a fresh post proof (1.574625ms)
✔ already published stable identity blocks a replacement before fee preparation (1.041458ms)
✔ recovery cannot silently regenerate a dummy operation (0.698791ms)
✔ recovery cannot silently regenerate a withdraw operation (1.407167ms)
✔ recovery cannot silently regenerate a claim operation (0.617292ms)
✔ claim  records its own operation rather than stale real-post metadata (3.885167ms)
✔ post dummy records its own operation rather than stale real-post metadata (1.046791ms)
✔ withdraw  records its own operation rather than stale real-post metadata (0.953792ms)
✔ missing withdrawal note never proves success when history contains no exit (1.606125ms)
✔ missing withdrawal note never proves success when history is unavailable (1.014292ms)
✔ missing withdrawal note requires saved transaction recovery even if matching exit content exists (1.339958ms)
✔ missing withdrawal note cannot recover a reverted exit (0.99475ms)
✔ an exit for another selected deposit cannot complete withdrawal (0.807166ms)
✔ withdrawal recovery without original claim custody cannot guess deposit ownership (0.791792ms)
✔ missing withdrawal note rejects without scanning history or looking up a claim secret (0.61275ms)
✔ saved dummy requires the same source screening sequence (unchanged) (1.167792ms)
✔ saved dummy requires the same source screening sequence (changed) (0.926834ms)
✔ saved withdraw requires the same source screening sequence (unchanged) (0.772958ms)
✔ saved withdraw requires the same source screening sequence (changed) (0.67325ms)
✔ actual wallet passes attributed application spend to the durable journal before submission (153.315583ms)
✔ successful retried screening releases its step guard before the following withdrawal (3.791875ms)
✔ stale claim restores exact original receipt and claim identity without depositing again (3.080333ms)
✔ stale claim rejects changed messageKey before another fee payment (1.25125ms)
✔ stale claim rejects changed amount before another fee payment (1.248209ms)
✔ stale claim rejects changed leafIndex before another fee payment (0.970791ms)
✔ stale claim rejects changed depositChain before another fee payment (1.141625ms)
✔ stale claim rejects changed secretHash before another fee payment (1.5365ms)
✔ stale claim rejects changed depositor before another fee payment (0.990791ms)
✔ an existing note is not confirmation of an unresolved saved claim transaction (1.498666ms)
✔ failed claim does not enter the former thirty-attempt loop (2.674333ms)
✔ saved claim rejects a replaced active deposit before proving (0.942542ms)
✔ saved claim rejects a block changed during metadata retrieval (0.883375ms)
✔ saved claim metadata timeout cannot prepare fees or proofs (21.901375ms)
✔ explicit recovery restores exact saved transfer-censor arguments (2.163041ms)
✔ explicit recovery restores exact saved set-moderation-policy arguments (1.799083ms)
✔ explicit recovery restores exact saved declare-immoral arguments (1.620041ms)
✔ daemon stale transaction reconciliation regenerates the same job (1.671083ms)
✔ daemon stale transaction reconciliation rejects another job (1.417208ms)
✔ saved moderator request cannot spend fees after authority transfers away (2.34975ms)
✔ real preparer failures stop every routed action before proof/send/funding and preserve bootstrap input (199.390875ms)
✔ actual claim readiness rejects absent, failed and wrong-index membership before fees or submission (10.759917ms)
✔ actual claim waits for delayed exact receipt key then prepares fees and submits once (4.45325ms)
✔ node failures are surfaced after one request, before private fee work (0.788791ms)
✔ contract registration failures are surfaced after one attempt (0.820208ms)
✔ cached wallet sync failure stops the next operation before fee preparation (1.031625ms)
✔ simulation failure is not retried and cannot start proving (0.358583ms)
✔ list rejects failed get_censor instead of inventing configuration (0.786959ms)
✔ list rejects failed get_k_multiplier instead of inventing configuration (0.633875ms)
✔ list rejects failed get_censor_window instead of inventing configuration (0.750916ms)
✔ list rejects failed get_max_save_up instead of inventing configuration (0.556375ms)
✔ failed board lookup is not classified as an absent deployment (0.474166ms)
✔ failed portal binding read prevents application actions (0.493666ms)
✔ automatic screening propagates a failed state refresh without another attempt (0.872209ms)
✔ list cannot report an unreadable flag as an unflagged post (0.92475ms)
✔ bare reuse cannot turn recovery into a new deposit (0.481959ms)
✔ confirmed claim with failed sync reports confirmation and prevents further actions (2.503583ms)
✔ post reads time from the pinned RPC BlockResponse schema (4.723917ms)
✔ automatic screening rechecks chain cooldown (advancing=true) (5.210542ms)
✔ automatic screening rechecks chain cooldown (advancing=false) (24.572959ms)
✔ accepted claim survives engine restart and changed UI intent through the real encrypted journal (202.5035ms)
✔ accepted dummy survives engine restart and changed UI intent through the real encrypted journal (202.366125ms)
✔ confirmed claim with missing delivered note reports synchronization pending without resubmission (2.747834ms)
✔ actual wallet rejects total-da before proving or submitting (0.511125ms)
✔ actual wallet rejects total-l2 before proving or submitting (0.286125ms)
✔ actual wallet rejects teardown-da before proving or submitting (0.247166ms)
✔ actual wallet rejects teardown-l2 before proving or submitting (0.2305ms)
✔ actual wallet rejects missing-public before proving or submitting (0.22ms)
✔ actual wallet rejects revert before proving or submitting (0.231541ms)
✔ entirely private simulation needs no public output and still checks gas before proof (0.453667ms)
✔ recovered withdrawal survives status without Ethereum signer and after reconnect (0.767833ms)
✔ zero portal balance preserves the exact withdrawal until verified refund recovery (0.70025ms)
✔ Ethereum refund recovery binds the saved L2 withdrawal: matching (1.563ms)
✔ Ethereum refund recovery binds the saved L2 withdrawal: older-refund (1.206542ms)
✔ Ethereum refund recovery binds the saved L2 withdrawal: missing-witness (1.483834ms)
✔ Ethereum refund recovery binds the saved L2 withdrawal: rpc-error (0.779666ms)
✔ fee preparation preserves only the recognized low-cap diagnostic (0.416375ms)
✔ adjusted fee reservation is revalidated: revert stops before proof (0.407375ms)
✔ adjusted fee reservation is revalidated: gas-change stops before proof (0.262209ms)
✔ claim retrieves active metadata after reload without receipts or log scans (3.070375ms)
✔ fee readiness preserves only safe classification: PRIVATE_FEE_BALANCE_INSUFFICIENT (0.583083ms)
✔ fee readiness preserves only safe classification: PRIVATE_FEE_CLAIM_INSUFFICIENT (0.288083ms)
✔ fee readiness preserves only safe classification: UNTRUSTED (0.244208ms)
✔ public claim failures keep useful safe classifications across repeated formatting (9.095167ms)
✔ new Ethereum deposit checks fee readiness before secret storage or payment: false (1.292583ms)
✔ new Ethereum deposit checks fee readiness before secret storage or payment: true (0.850542ms)
✔ automatic fee funding reaches board claim with recovered=false (3.33025ms)
✔ automatic fee funding reaches board claim with recovered=true (2.795625ms)
✔ withdrawal preparation cannot start a proof beyond the reviewed step budget (1.016125ms)
✔ withdrawal stops spending when screening does not advance (0.822ms)
✔ withdrawal waits through the actual moderation deadline before any proof (0.978416ms)
✔ reviewed moderator recovery: confirmed (1.59925ms)
✔ reviewed moderator recovery: stale (1.179042ms)
✔ reviewed moderator recovery: approved (1.649917ms)
✔ reviewed moderator recovery: changed (1.348666ms)
✔ post returns its public message identity and actual fee to the application (0.957292ms)
✔ explicit invalid board link: garbage (4.911875ms)
✔ explicit invalid board link: https://board.test/user.html (0.760042ms)
✔ explicit invalid board link: javascript:alert(1) (0.583458ms)
✔ explicit invalid board link: https://board.test/#bad (1.341584ms)
✔ unsupported network is different from an invalid link (0.913667ms)
✔ canonical explicit link and ordinary default both resolve the hosted board (0.845417ms)
✔ permanent incompatibility and temporary connectivity expose different next actions (0.348042ms)
✔ same PRF and Ethereum identity restore the exact same fields (23.094292ms)
✔ invalid PRF does not produce a substitute account (1.411542ms)
✔ registration uses fresh resident user handles, preserving prior synced credentials (4.901875ms)
✔ known credential authentication stays bound to its identifier (4.892625ms)
✔ cancellation and missing PRF never trigger registration (1.327875ms)
✔ registration without immediate PRF authenticates that same credential once (2.601792ms)
✔ funding deposits to shared address and passes mandatory recovery callback (1.673ms)
✔ standalone claim uses standard author entrypoint with only private fee payload, then stops PXE (1.092583ms)
✔ browser recovery storage preserves earlier deposits and refuses conflicting replacements or secrets (1.376959ms)
✔ deposit below claim fee is rejected before requesting L1 funding (1.066083ms)
✔ private fee claim refuses missing or unresolved recovery storage before consuming bridge information (0.955208ms)
✔ private fee success recovery requires no Ethereum signer, bridge claim file or PXE (0.38ms)
✔ private fee reverted recovery requires no Ethereum signer, bridge claim file or PXE (0.274042ms)
✔ fee Ethereum approved recovery is explicit and does not start an L2 proof (1.290708ms)
✔ fee Ethereum funded recovery is explicit and does not start an L2 proof (0.408875ms)
✔ fee Ethereum reverted recovery is explicit and does not start an L2 proof (0.38875ms)
✔ fee Ethereum replaced recovery is explicit and does not start an L2 proof (0.315875ms)
✔ claim persists exact public funding identity before preparation without duplicating secrets (0.440042ms)
✔ stale private fee claim restores saved funding record even when UI holds another deposit (0.758292ms)
✔ BB_SUBMISSION_UNKNOWN does not regenerate private fee claim (0.423834ms)
✔ BB_TRANSACTION_FAILED does not regenerate private fee claim (0.352667ms)
✔ live old claim cannot authorize replacement (0.397375ms)
✔ saved fee claim rejects owner (0.386375ms)
✔ saved fee claim rejects kind (0.344458ms)
✔ saved fee claim rejects unknown-record-key (0.379666ms)
✔ changed canonical message index blocks regenerated claim before proving (0.451292ms)
✔ canonical funding validation failure blocks regenerated claim (0.376583ms)
✔ private fee funding reconciliation has a bounded deadline (5.51575ms)
✔ deposit accepts canonical decimal-string public gas configuration with the real SDK (0.479458ms)
✔ deposit equal to maximum fee is rejected before signer or funding (0.3445ms)
✔ malformed gas is rejected before signer or funding (0.78675ms)
✔ claim failure keeps its internal cause without exposing it in the public message (0.747792ms)
✔ fee claim preserves low-cap diagnostic and displays a safe actionable message (1.811458ms)
✔ read-only fee balance owns and closes its PXE: false (20.54425ms)
✔ read-only fee balance owns and closes its PXE: true (7.454709ms)
✔ a paused fee bridge wait prevents preparation and submission (0.927084ms)
✔ approve then persist nonce-bound public recovery before deposit; recover exact private claim (333.524375ms)
✔ existing allowance avoids approval and uses pending sender nonce (66.805709ms)
✔ save failure prevents deposit (36.241709ms)
✔ ambiguous send retains public recovery, never retries or leaks raw error (33.008292ms)
✔ rejects inadequate user token balance before approval (39.182583ms)
✔ rejects wrong L1 network before any transaction (16.913917ms)
✔ rejects wrong portal version before any transaction (27.449667ms)
✔ recovery rejects reorg (96.833542ms)
✔ recovery rejects reverted (92.888875ms)
✔ recovery rejects wrong nonce (95.7995ms)
✔ recovery rejects wrong sender (96.1865ms)
✔ recovery rejects wrong calldata without effect (95.823125ms)
✔ recovery rejects missing event (101.542375ms)
✔ recovery rejects duplicate event (93.169625ms)
✔ public record from another wallet cannot recover credit (91.441375ms)
✔ public record from another owner cannot recover credit (92.362ms)
✔ recovery requires hash and trusted deployment scope (87.807ms)
✔ confirmed approval nonce overrides stale Ethers pending cache (60.817291ms)
✔ failure diagnostics expose only finite phase and safe codes (32.225292ms)
✔ lost approval response is recovered by sender nonce and never silently approved twice (148.277542ms)
✔ lost bridge-deposit response recovers exact funding provenance without an unstored hash or another payment (90.143666ms)
✔ missing durable fee journal prevents token approval (26.350875ms)
✔ portable journal alone restores private-fee funding provenance in a fresh store (93.192875ms)
✔ wallet acknowledgement without chain metadata is verified against configured RPC (92.982041ms)
✔ configured RPC owns reads; signer provider only verifies signing network (93.689833ms)
✔ explicit read provider is required instead of wallet-provider fallback (0.194167ms)
✔ wrong signer network cannot approve on an otherwise correct read network (28.356583ms)
✔ unpublished fee contract prevents approvals and deposits (13.203667ms)
✔ wallet execution envelope funds and recovers exact fee credit (lost response: false) (126.80875ms)
✔ wallet execution envelope funds and recovers exact fee credit (lost response: true) (121.606709ms)
✔ wrapped fee deposit rejects emitter (92.937584ms)
✔ wrapped fee deposit rejects recipient (88.508917ms)
✔ wrapped fee deposit rejects amount (95.219333ms)
✔ wrapped fee deposit rejects secret (88.557292ms)
✔ wrapped fee deposit rejects duplicate (87.47025ms)
✔ wrapped fee deposit rejects sender (88.8295ms)
✔ wrapped fee deposit rejects nonce (85.905084ms)
✔ wrapped fee deposit rejects chain (84.695583ms)
✔ wrapped fee deposit rejects reverted (87.58075ms)
✔ wrapped fee deposit rejects reorg (86.056167ms)
✔ safe prover HTTP classification 429 (18.8625ms)
✔ safe prover HTTP classification 403 (0.323375ms)
✔ safe prover HTTP classification 503 (0.158292ms)
✔ network failure is redacted and distinguished from proof failure (0.278584ms)
✔ queueing waits for completion without resubmitting (3.737542ms)
✔ failed job cannot leak server details (0.379417ms)
✔ validated store supplies authoritative connection and fee settings; extra cannot override (3.590584ms)
✔ private engine errors remain bounded and recognized outcomes actionable (4.433708ms)
✔ readiness and pre-proof hook configuration changes stop continuation (2.402666ms)
✔ signer proxy stops a stale operation and preserves normal signer methods (0.8555ms)
✔ config change during provider identity read prevents signing (0.703417ms)
✔ deployment connection is explicit and independent of DOM (0.456166ms)
✔ live board verification rejection blocks engine and forwards exact selected scope (2.510291ms)
✔ live board verification repeats before proof and prevents rejected proof continuation (1.552166ms)
✔ live board verification rejection blocks every external signing method (3.09ms)
✔ config switch while board verification is pending blocks engine and signing (1.952167ms)
✔ missing private fee settings block new transactions before readiness, engine or signing (3.591958ms)
✔ missing private fee settings retain status and recovery access (2.621375ms)
✔ readiness failures retain fixed public guidance and never raw browser details (10.630875ms)
✔ runtime and fee helper receives correct authority and fee mode for writes versus recovery (2.262959ms)
✔ runtime helper rejection blocks entry, pre-proof and external signing (2.230041ms)
✔ config switch while runtime helper is pending blocks entry, proof and signing (2.801958ms)
✔ bundle load failure is bounded and offers public reader without raw errors (0.756875ms)
✔ browser proof failure has fixed reload/recovery guidance without provider details (0.527208ms)
✔ proving preference remote stays fixed across lock; next operation sees change (1.068167ms)
✔ proving preference remote stays fixed across readiness; next operation sees change (0.96275ms)
✔ proving preference remote stays fixed across board; next operation sees change (0.826583ms)
✔ proving preference remote stays fixed across portal; next operation sees change (0.746416ms)
✔ proving preference remote stays fixed across simulation; next operation sees change (2.625625ms)
✔ proving preference remote stays fixed across proof; next operation sees change (1.417958ms)
✔ proving preference remote stays fixed across sign; next operation sees change (1.076916ms)
✔ proving preference remote stays fixed across submission; next operation sees change (2.095041ms)
✔ proving preference remote stays fixed across receipt; next operation sees change (1.192541ms)
✔ proving preference local stays fixed across lock; next operation sees change (3.538125ms)
✔ proving preference local stays fixed across readiness; next operation sees change (1.741542ms)
✔ proving preference local stays fixed across board; next operation sees change (0.987958ms)
✔ proving preference local stays fixed across portal; next operation sees change (0.846417ms)
✔ proving preference local stays fixed across simulation; next operation sees change (2.437333ms)
✔ proving preference local stays fixed across proof; next operation sees change (1.463708ms)
✔ proving preference local stays fixed across sign; next operation sees change (0.871916ms)
✔ proving preference local stays fixed across submission; next operation sees change (0.873541ms)
✔ proving preference local stays fixed across receipt; next operation sees change (1.57675ms)
✔ proving preference and connection snapshot never read UI, and extras cannot choose another prover (1.800083ms)
✔ prover error does not retry or switch mode; next recovery operation retains journal input (1.543792ms)
✔ recovery routes postable through its application workflow (6.401917ms)
✔ recovery routes zero_balance_need_deposit through its application workflow (2.011167ms)
✔ recovery routes deposited_l1_not_claimed_l2 through its application workflow (0.833166ms)
✔ recovery routes withdrawal_needs_verification through its application workflow (0.814584ms)
✔ failed recovery phase stops further actions: recover (0.82975ms)
✔ failed recovery phase stops further actions: status (0.933542ms)
✔ changed scope during recovery cannot continue: recover (0.579ms)
✔ changed scope during recovery cannot continue: status (0.948417ms)
✔ full Field salt reaches derivation without placing keys in DOM (4.091083ms)
✔ failed derivation does not activate or overwrite secret fields (0.4785ms)
✔ malformed import event emits bounded diagnostics and clears selection (1.726875ms)
✔ signature generation and silent wallet replacement are unavailable (0.519083ms)
✔ final network mismatch prevents activating a signer (1.001208ms)
✔ callback failure invalidates activated session without logging callback diagnostics (1.277667ms)
✔ initial account authorization event permits the matching browser signer (1.330917ms)
✔ preactivation notification does not override final account: different account (0.91ms)
✔ preactivation notification does not override final account: empty authorization (0.608375ms)
✔ preactivation notification does not override final account: malformed authorization (0.907042ms)
✔ final account read rejects a replacement even without an event (0.431541ms)
✔ same-account notification after connection is not a replacement (0.365875ms)
✔ disconnect during authorization prevents activating a signer (0.3895ms)
✔ transient selection events before activation are reconciled with final provider reads (0.344667ms)
✔ repeated matching authorization notifications permit connection (0.32675ms)
✔ new account requires explicit passkey creation and saves no secret (0.813209ms)
✔ saved metadata unlocks the exact passkey instead of creating (0.429125ms)
✔ cancelled passkey or changed Ethereum context never activates an account (1.178292ms)
✔ corrupt metadata fails closed, explicit import repairs it (0.455292ms)
✔ absent browser wallet returns an actionable code without opening an account (0.641917ms)
✔ the selected provider owns signing and event invalidation, not the global (0.385416ms)
✔ requested network switch is accepted but unexpected network changes still invalidate (0.405625ms)
✔ rejecting a network switch leaves the session disconnected (0.836208ms)
✔ events from a previously rejected wallet cannot invalidate the newly selected wallet (0.474833ms)
✔ selected wallet identity is shown with its exact authorized account (0.370417ms)
✔ disconnect immediately clears connected status and shows reconnect guidance (2.534458ms)
✔ accountsChanged immediately clears connected status and shows reconnect guidance (1.058083ms)
✔ chainChanged immediately clears connected status and shows reconnect guidance (1.114834ms)
✔ explicit invalidation notifies consumers, including outside wallet events (5.97175ms)
✔ explicit account selection requests fresh permission before activating a signer (0.949667ms)
✔ rejected account selection cannot silently reuse a previously authorized account (1.235542ms)
✔ after passkey cancellation a new connection still requests account selection (0.763459ms)
✔ permission selection can replace an older origin grant before signer activation (0.502667ms)
✔ permission dialog may clear and replace accounts and announce its network before activation (0.399666ms)
✔ disconnect while choosing an account still prevents activating a signer (0.325542ms)
✔ final account validation reads the transport rather than a cached provider result (0.294958ms)
✔ preactivation disconnect followed by reconnect permits a validated session (0.309ms)
✔ same-chain announcements after activation preserve the session; a changed chain invalidates it (0.286292ms)
✔ existing account choice authenticates instead of creating when browser metadata is missing (0.387708ms)
✔ active application work prevents lock and passkey replacement (0.383875ms)
✔ a throwing rendering listener cannot leave custody busy (1.53375ms)
✔ password encryption roundtrips full salt and scoped claims without exposing plaintext (194.397583ms)
✔ wrong passwords, ciphertext edits and parameter edits fail closed (170.5875ms)
✔ optional wallet/network isolation rejects mismatch while all-network backup preserves scopes (0.809958ms)
✔ wallet parsing preserves large salt and rejects unsafe numeric or field overflow (0.465666ms)
✔ claim export selects this wallet and roundtrips all original network scopes offline (10.794834ms)
✔ bulk restore is idempotent and conflicting records cannot partially restore (2.893417ms)
✔ different wallet accounts can hold the same scope independently (4.722292ms)
✔ a concurrent custody change aborts the entire write transaction (4.065708ms)
✔ pinned Aztec commitment validation rejects poisoning before custody writes (125.903292ms)
✔ author has no payment or composer before account setup; direct deposit handler cannot start it (968.092541ms)
✔ onboarding finishes at composer, preserves draft and renders actual cooldown (346.016875ms)
✔ account invalidation disables payment and posting after setup (265.393625ms)
✔ fee funding cannot start before private account readiness (357.45425ms)
✔ postable account cannot post after invalidation (297.988375ms)
✔ late operation failure cannot re-enable payments after account invalidation (263.00475ms)
ℹ tests 367
ℹ suites 0
ℹ pass 367
ℹ fail 0
ℹ cancelled 0
ℹ skipped 0
ℹ todo 0
ℹ duration_ms 4539.678334
