✔ strict valid manifest preserves explicit zero salt and clones input (2.191916ms)
✔ exact contract integer boundary kMultiplier (0.51025ms)
✔ exact contract integer boundary maxSaveUp (0.290958ms)
✔ exact contract integer boundary baseCooldown (0.283208ms)
✔ exact contract integer boundary censorWindow (0.236625ms)
✔ exact contract integer boundary minDeposit (0.210041ms)
✔ exact contract integer boundary maxDeposit (0.217709ms)
✔ reject malformed or implicit intent m=>m.extra=1 (0.125375ms)
✔ reject malformed or implicit intent m=>m.board.extra=1 (0.123ms)
✔ reject malformed or implicit intent m=>m.network.nodeUrl='http://x/?key=secret' (0.1885ms)
✔ reject malformed or implicit intent m=>m.network.nodeUrl=' http://x/' (0.109667ms)
✔ reject malformed or implicit intent m=>m.network.nodeUrl={toString:()=> 'http://x/'} (0.090083ms)
✔ reject malformed or implicit intent m=>m.network.ethRpcUrl='http://a:b@x/' (0.153583ms)
✔ reject malformed or implicit intent m=>m.board.policy=' ' (0.129916ms)
✔ reject malformed or implicit intent m=>m.board.policy='x'.repeat(1489) (0.136334ms)
✔ reject malformed or implicit intent m=>m.board.policy='\ud800' (0.098084ms)
✔ reject malformed or implicit intent m=>m.board.minDeposit='1001' (0.076875ms)
✔ reject malformed or implicit intent m=>m.actors.ethereumDeployer=addr(0) (0.070583ms)
✔ reject malformed or implicit intent m=>m.board.censor=field(0) (0.072875ms)
✔ artifact and config identity checks bind reviewable intent (1.323625ms)
✔ matching independent network and bridge passes (0.587917ms)
✔ preflight fails closed node-chain (0.233625ms)
✔ preflight fails closed l1-chain (1.126125ms)
✔ preflight fails closed version (0.2525ms)
✔ preflight fails closed rollup (0.181417ms)
✔ preflight fails closed node-inbox (0.147084ms)
✔ preflight fails closed bridge-inbox (0.221458ms)
✔ preflight fails closed bridge-outbox (0.329875ms)
✔ preflight fails closed missing-code (0.227292ms)
✔ preflight fails closed unreadable (0.254333ms)
✔ one aggregate preflight deadline covers both read stages (40.738125ms)
✔ invalid time budget rejected (0.738542ms)
✔ offline preparation produces manifest accepted with actual candidate artifacts (774.864042ms)
✔ offline CLI refuses to replace an existing manifest (1300.078791ms)
✔ canonical immutable public projection and optional private fees (1.771708ms)
✔ reject secrets, unknown nested fields, malformed identity and endpoints (0.839084ms)
✔ gas bounds, ordering, total overflow and canonical decimal strings (0.424625ms)
✔ persistent reload and immutable snapshots invalidate pending operations (0.496667ms)
✔ cross-tab same-value, corrupt and clear events invalidate; unrelated events do not (0.890125ms)
✔ corrupt or unavailable storage never silently selects a network (0.775292ms)
✔ full-history index refuses to checkpoint an omitted publication order (5.712167ms)
✔ an index starting from genesis refuses a nonzero first publication order (1.18ms)
✔ orphaned flag disappears when its page is rolled back (1.761292ms)
✔ different payloads at one canonical event position never commit (0.343041ms)
✔ unavailable historical checkpoint preserves all cached events (0.496625ms)
✔ identical policy can be published repeatedly under the same content version (0.47ms)
✔ conflicting text cannot reuse a policy content version (0.37375ms)
✔ post without its preceding policy publication cannot enter full-history cache (0.442708ms)
✔ sync deadline covers the aggregate RPC sequence, not each read independently (30.773584ms)
✔ connection reads pinned immutable slots at one block and matches both contract class IDs (30.929459ms)
✔ matching public slots cannot bypass a wrong currentContractClassId (7.75525ms)
✔ matching public slots cannot bypass a wrong originalContractClassId (12.670125ms)
✔ connection rejects conflicting immutable slot 1 (7.397875ms)
✔ connection rejects conflicting immutable slot 3 (8.702875ms)
✔ connection rejects conflicting immutable slot 4 (10.820334ms)
✔ connection rejects conflicting immutable slot 5 (8.148625ms)
✔ restored public cache rejects additional private payload fields (0.860291ms)
✔ policy A then B then A identifies A as the current restored policy (0.530792ms)
✔ restored range rejects duplicate identity disguised by transaction index (0.458792ms)
✔ board link resolves portal and verifies network without visitor configuration (10.018375ms)
✔ board link rejects malformed address before RPC (25.290083ms)
✔ board link rejects unsupported class before reading portal (9.395625ms)
✔ board link rejects unbound portal and mismatched deployment network (15.192084ms)
✔ board link rejects a portal that names another board (7.619125ms)
ℹ tests 64
ℹ suites 0
ℹ pass 64
ℹ fail 0
ℹ cancelled 0
ℹ skipped 0
ℹ todo 0
ℹ duration_ms 2348.450458
