✔ interface hides SDK objects and owns acknowledgements and withdrawal state (10.31625ms)
✔ failed operations do not acknowledge a new transaction (0.90175ms)
✔ public feed remains readable after wallet disconnect (0.437334ms)
✔ reads expose deposit values and chain time without a node or contract (0.504875ms)
✔ account and application modules do not read DOM; transaction pages do not use private handles (1.900625ms)
✔ public JSDoc interfaces typecheck with the lockfile compiler (486.857084ms)
✔ an operation completed after a configuration change cannot acknowledge its result (1.084583ms)
✔ deployment settings export uses the captured manifest, never a later edited one (0.477458ms)
✔ funding completes zero_balance_need_deposit without a second UI action (0.592958ms)
✔ funding completes deposited_l1_not_claimed_l2 without a second UI action (0.43625ms)
✔ funding completes postable without a second UI action (0.397958ms)
✔ duplicate funding requests share one operation and a failed claim never sends another deposit (0.814083ms)
✔ configuration change after payment stops automatic continuation (0.918541ms)
✔ progress callback cannot switch the board before claim starts (0.43425ms)
✔ progress subscribers cannot interrupt transactions or receive private inputs (0.42625ms)
✔ a proving preference change only affects a future operation (0.405625ms)
✔ another workflow cannot break ownership of an active onboarding operation (0.405458ms)
✔ message validation rejects oversized UTF-8 before reaching the engine (0.287958ms)
✔ a board without a remote endpoint reports the actual local mode (0.332333ms)
✔ operation receipts whitelist public results and preserve the failed phase (1.197708ms)
✔ fee funding application sequence: fresh (0.603084ms)
✔ fee funding application sequence: consumed (0.438875ms)
✔ fee funding application sequence: pending (0.316959ms)
✔ fee funding application sequence: resume-missing (0.317958ms)
✔ read-only Activity checks canonical identity before acknowledging a saved message (0.801708ms)
✔ explicit onboarding Resume recovers its fee scope and original reviewed deposit amount (0.721208ms)
✔ guided deployment prepares a validated, scoped manifest without sending transactions (2.759084ms)
✔ moderator recovery review is invalidated by a newer review or configuration change (0.862833ms)
✔ withdrawal keeps one owner across settlement and passes the reviewed fee budget (0.674625ms)
✔ pausing settlement preserves the withdrawal and never requests another refund (0.419875ms)
✔ gas quote estimates the selected deposit without signing and disposes stale reads (3.16075ms)
✔ standalone fee balance uses a read operation without replacing completed progress (1.706583ms)
✔ Ethereum refund recovery returns its verified receipt without restarting onboarding (0.810625ms)
✔ normal author calls carry only private payment method and bootstrap claim is consumed once (3.497417ms)
✔ unknown submission is preserved without retry and private errors are redacted (3.552333ms)
✔ missing private fee configuration fails before account work for every private action (1.970125ms)
✔ actual wallet tightens gas within configured ceilings and preserves account scope/tag (33.028709ms)
✔ actual main claim uses standard author call with private fee payment (14.422ms)
✔ actual main post uses standard author call with private fee payment (2.550291ms)
✔ actual main post dummy uses standard author call with private fee payment (1.471375ms)
✔ actual main withdraw uses standard author call with private fee payment (1.249458ms)
✔ moderator calls use their normal account with private fee payment (1.076791ms)
✔ inherited object names never select an application method (0.440875ms)
✔ actual main private post works with no Ethereum signer (1.520833ms)
✔ actual main fails before PXE when RPC identity changed after CLI preflight (0.627875ms)
✔ settlement pending returns after one witness lookup, without ninety-minute polling (1.249625ms)
✔ witness RPC failure remains unknown, never a false unclaimed or paid result (1.048167ms)
✔ consumed/error text is not evidence of a refund: false (2.30075ms)
✔ consumed/error text is not evidence of a refund: true (1.186542ms)
✔ actual main refuses a private send when durable journal is unavailable (0.8495ms)
✔ actual main recovery avoids proving and Ethereum signing and reports revert distinctly (1.916333ms)
✔ Ethereum recovery handles already refunded receipts before checking active deposit (1.516334ms)
✔ actual moderator declare-immoral uses the active wallet's durable journal (1.171541ms)
✔ actual moderator declare-immoral refuses an unresolved previous transaction before preparing a fee (0.503958ms)
✔ actual moderator set-moderation-policy uses the active wallet's durable journal (1.024917ms)
✔ actual moderator set-moderation-policy refuses an unresolved previous transaction before preparing a fee (0.4445ms)
✔ actual moderator transfer-censor uses the active wallet's durable journal (0.740916ms)
✔ actual moderator transfer-censor refuses an unresolved previous transaction before preparing a fee (0.532083ms)
✔ moderator wallet cannot bypass journal ownership by supplying a second key (1.500833ms)
✔ moderator recovery success distinguishes an already completed identical transfer from a failed one (1.247375ms)
✔ moderator recovery reverted distinguishes an already completed identical transfer from a failed one (1.0465ms)
✔ moderator recovery with unknown outcome cannot prepare another private fee payment (0.665958ms)
✔ actual recovery dispatcher restores the saved message and nonce before requesting a fresh post proof (1.656375ms)
✔ already published stable identity blocks a replacement before fee preparation (0.798041ms)
✔ recovery cannot silently regenerate a dummy operation (0.501375ms)
✔ recovery cannot silently regenerate a withdraw operation (0.54825ms)
✔ recovery cannot silently regenerate a claim operation (0.508292ms)
✔ claim  records its own operation rather than stale real-post metadata (4.567167ms)
✔ post dummy records its own operation rather than stale real-post metadata (1.070375ms)
✔ withdraw  records its own operation rather than stale real-post metadata (0.720875ms)
✔ missing withdrawal note never proves success when history contains no exit (0.7225ms)
✔ missing withdrawal note never proves success when history is unavailable (0.626667ms)
✔ missing withdrawal note requires saved transaction recovery even if matching exit content exists (1.56775ms)
✔ missing withdrawal note cannot recover a reverted exit (0.907208ms)
✔ an exit for another selected deposit cannot complete withdrawal (0.867583ms)
✔ withdrawal recovery without original claim custody cannot guess deposit ownership (0.794458ms)
✔ missing withdrawal note rejects without scanning history or looking up a claim secret (0.591667ms)
✔ saved dummy requires the same source screening sequence (unchanged) (1.036416ms)
✔ saved dummy requires the same source screening sequence (changed) (0.727917ms)
✔ saved withdraw requires the same source screening sequence (unchanged) (0.703125ms)
✔ saved withdraw requires the same source screening sequence (changed) (0.63025ms)
✔ actual wallet passes attributed application spend to the durable journal before submission (145.18375ms)
✔ successful retried screening releases its step guard before the following withdrawal (4.258ms)
✔ stale claim restores exact original receipt and claim identity without depositing again (3.569334ms)
✔ stale claim rejects changed messageKey before another fee payment (1.350291ms)
✔ stale claim rejects changed amount before another fee payment (1.191208ms)
✔ stale claim rejects changed leafIndex before another fee payment (1.314917ms)
✔ stale claim rejects changed depositChain before another fee payment (0.815375ms)
✔ stale claim rejects changed secretHash before another fee payment (0.9645ms)
✔ stale claim rejects changed depositor before another fee payment (1.421208ms)
✔ an existing note is not confirmation of an unresolved saved claim transaction (1.526208ms)
✔ failed claim does not enter the former thirty-attempt loop (2.9295ms)
✔ saved claim rejects a replaced active deposit before proving (1.250083ms)
✔ saved claim rejects a block changed during metadata retrieval (0.968375ms)
✔ saved claim metadata timeout cannot prepare fees or proofs (21.163208ms)
✔ explicit recovery restores exact saved transfer-censor arguments (2.357167ms)
✔ explicit recovery restores exact saved set-moderation-policy arguments (1.942167ms)
✔ explicit recovery restores exact saved declare-immoral arguments (1.994542ms)
✔ daemon stale transaction reconciliation regenerates the same job (1.526125ms)
✔ daemon stale transaction reconciliation rejects another job (1.340416ms)
✔ saved moderator request cannot spend fees after authority transfers away (1.976167ms)
✔ real preparer failures stop every routed action before proof/send/funding and preserve bootstrap input (211.946541ms)
✔ actual claim readiness rejects absent, failed and wrong-index membership before fees or submission (11.417083ms)
✔ actual claim waits for delayed exact receipt key then prepares fees and submits once (3.086875ms)
✔ node failures are surfaced after one request, before private fee work (1.021917ms)
✔ contract registration failures are surfaced after one attempt (1.421667ms)
✔ cached wallet sync failure stops the next operation before fee preparation (1.525708ms)
✔ simulation failure is not retried and cannot start proving (0.411583ms)
✔ list rejects failed get_censor instead of inventing configuration (1.016459ms)
✔ list rejects failed get_k_multiplier instead of inventing configuration (0.900167ms)
✔ list rejects failed get_censor_window instead of inventing configuration (0.967708ms)
✔ list rejects failed get_max_save_up instead of inventing configuration (0.67325ms)
✔ failed board lookup is not classified as an absent deployment (0.947209ms)
✔ failed portal binding read prevents application actions (0.83575ms)
✔ automatic screening propagates a failed state refresh without another attempt (1.370625ms)
✔ list cannot report an unreadable flag as an unflagged post (1.497542ms)
✔ bare reuse cannot turn recovery into a new deposit (0.478834ms)
✔ confirmed claim with failed sync reports confirmation and prevents further actions (2.60275ms)
✔ post reads time from the pinned RPC BlockResponse schema (3.892917ms)
✔ automatic screening rechecks chain cooldown (advancing=true) (4.937833ms)
✔ automatic screening rechecks chain cooldown (advancing=false) (25.941292ms)
✔ accepted claim survives engine restart and changed UI intent through the real encrypted journal (209.445042ms)
✔ accepted dummy survives engine restart and changed UI intent through the real encrypted journal (187.659166ms)
✔ confirmed claim with missing delivered note reports synchronization pending without resubmission (1.381667ms)
✔ actual wallet rejects total-da before proving or submitting (0.680417ms)
✔ actual wallet rejects total-l2 before proving or submitting (0.737417ms)
✔ actual wallet rejects teardown-da before proving or submitting (0.34725ms)
✔ actual wallet rejects teardown-l2 before proving or submitting (0.309209ms)
✔ actual wallet rejects missing-public before proving or submitting (0.261875ms)
✔ actual wallet rejects revert before proving or submitting (0.277291ms)
✔ entirely private simulation needs no public output and still checks gas before proof (0.527875ms)
✔ recovered withdrawal survives status without Ethereum signer and after reconnect (0.963209ms)
✔ zero portal balance preserves the exact withdrawal until verified refund recovery (0.987084ms)
✔ Ethereum refund recovery binds the saved L2 withdrawal: matching (1.682458ms)
✔ Ethereum refund recovery binds the saved L2 withdrawal: older-refund (1.338209ms)
✔ Ethereum refund recovery binds the saved L2 withdrawal: missing-witness (1.35825ms)
✔ Ethereum refund recovery binds the saved L2 withdrawal: rpc-error (0.940833ms)
✔ fee preparation preserves only the recognized low-cap diagnostic (0.38325ms)
✔ adjusted fee reservation is revalidated: revert stops before proof (0.435166ms)
✔ adjusted fee reservation is revalidated: gas-change stops before proof (0.252209ms)
✔ claim retrieves active metadata after reload without receipts or log scans (2.099167ms)
✔ fee readiness preserves only safe classification: PRIVATE_FEE_BALANCE_INSUFFICIENT (0.598875ms)
✔ fee readiness preserves only safe classification: PRIVATE_FEE_CLAIM_INSUFFICIENT (0.261084ms)
✔ fee readiness preserves only safe classification: UNTRUSTED (0.23075ms)
✔ public claim failures keep useful safe classifications across repeated formatting (0.725542ms)
✔ new Ethereum deposit checks fee readiness before secret storage or payment: false (1.020084ms)
✔ new Ethereum deposit checks fee readiness before secret storage or payment: true (1.322ms)
✔ automatic fee funding reaches board claim with recovered=false (2.954333ms)
✔ automatic fee funding reaches board claim with recovered=true (2.558542ms)
✔ withdrawal preparation cannot start a proof beyond the reviewed step budget (0.985666ms)
✔ withdrawal stops spending when screening does not advance (0.822208ms)
✔ withdrawal waits through the actual moderation deadline before any proof (2.8795ms)
✔ reviewed moderator recovery: confirmed (1.808833ms)
✔ reviewed moderator recovery: stale (1.175875ms)
✔ reviewed moderator recovery: approved (1.230083ms)
✔ reviewed moderator recovery: changed (0.983792ms)
✔ funding deposits to shared address and passes mandatory recovery callback (2.461584ms)
✔ standalone claim uses standard author entrypoint with only private fee payload, then stops PXE (0.8805ms)
✔ browser recovery storage preserves earlier deposits and refuses conflicting replacements or secrets (3.893125ms)
✔ deposit below claim fee is rejected before requesting L1 funding (1.086334ms)
✔ private fee claim refuses missing or unresolved recovery storage before consuming bridge information (0.993333ms)
✔ private fee success recovery requires no Ethereum signer, bridge claim file or PXE (0.367167ms)
✔ private fee reverted recovery requires no Ethereum signer, bridge claim file or PXE (0.546792ms)
✔ fee Ethereum approved recovery is explicit and does not start an L2 proof (0.451583ms)
✔ fee Ethereum funded recovery is explicit and does not start an L2 proof (0.711125ms)
✔ fee Ethereum reverted recovery is explicit and does not start an L2 proof (0.492917ms)
✔ fee Ethereum replaced recovery is explicit and does not start an L2 proof (0.463666ms)
✔ claim persists exact public funding identity before preparation without duplicating secrets (0.556875ms)
✔ stale private fee claim restores saved funding record even when UI holds another deposit (0.882041ms)
✔ BB_SUBMISSION_UNKNOWN does not regenerate private fee claim (0.460166ms)
✔ BB_TRANSACTION_FAILED does not regenerate private fee claim (0.351125ms)
✔ live old claim cannot authorize replacement (0.37975ms)
✔ saved fee claim rejects owner (0.451125ms)
✔ saved fee claim rejects kind (0.487708ms)
✔ saved fee claim rejects unknown-record-key (0.523584ms)
✔ changed canonical message index blocks regenerated claim before proving (1.069ms)
✔ canonical funding validation failure blocks regenerated claim (0.68375ms)
✔ private fee funding reconciliation has a bounded deadline (5.071292ms)
✔ deposit accepts canonical decimal-string public gas configuration with the real SDK (1.232375ms)
✔ deposit equal to maximum fee is rejected before signer or funding (0.957792ms)
✔ malformed gas is rejected before signer or funding (1.095125ms)
✔ claim failure keeps its internal cause without exposing it in the public message (0.940667ms)
✔ fee claim preserves low-cap diagnostic and displays a safe actionable message (1.010542ms)
✔ read-only fee balance owns and closes its PXE: false (1.56175ms)
✔ read-only fee balance owns and closes its PXE: true (0.436166ms)
✔ a paused fee bridge wait prevents preparation and submission (0.395292ms)
ℹ tests 186
ℹ suites 0
ℹ pass 186
ℹ fail 0
ℹ cancelled 0
ℹ skipped 0
ℹ todo 0
ℹ duration_ms 2745.915875
