✔ matching synthetic artifacts and recorded sources pass (10.814375ms)
✔ stale deploy Noir copy is rejected (7.37575ms)
✔ stale censor Noir copy is rejected (5.722667ms)
✔ missing verification key is rejected even when all consumer copies agree (6.206083ms)
✔ empty private function set is rejected even when all consumer copies agree (7.021375ms)
✔ only public functions is rejected even when all consumer copies agree (6.322333ms)
✔ untranspiled artifact is rejected even when all consumer copies agree (7.485ms)
✔ truthy non-boolean transpilation marker is rejected even when all consumer copies agree (7.7995ms)
✔ stale portal bytecode is rejected: apps/src/billboard/portal_bytecode.txt (5.846959ms)
✔ stale portal bytecode is rejected: apps/src/billboard/deploy/portal_bytecode.txt (6.608ms)
✔ portal source drift is rejected by embedded compiler provenance (7.345958ms)
✔ missing Solidity source provenance is rejected (6.529375ms)
✔ string-encoded Solidity metadata remains supported (13.808958ms)
✔ Noir source drift requires a rebuild (6.264666ms)
✔ Noir dependency declaration drift requires a rebuild (6.540541ms)
✔ root dependency lock drift requires a rebuild (6.038542ms)
✔ portal dependency lock drift requires a rebuild (10.883459ms)
✔ compiler configuration drift requires a rebuild (6.185625ms)
✔ toolchain pins drift requires a rebuild (8.755334ms)
✔ contract builder drift requires a rebuild (5.784416ms)
✔ Noir debug-path normalizer drift requires a rebuild (8.255917ms)
✔ Noir dependency verifier drift requires a rebuild (6.6775ms)
✔ Noir dependency pins drift requires a rebuild (6.053167ms)
✔ new Noir source omitted from the old manifest requires a rebuild (5.826458ms)
✔ contract manifest input hash tampering is rejected (6.323458ms)
✔ contract manifest noir hash tampering is rejected (5.949167ms)
✔ contract manifest portal hash tampering is rejected (6.003792ms)
✔ synchronized altered Noir artifacts still fail the recorded build hash (5.435625ms)
✔ synchronized altered portal bytecode still fails the recorded build hash (5.508834ms)
✔ pinned internal L2Block hash method differs from public node BlockResponse hash value (3.84375ms)
✔ actual deployment helper waits for finality then forwards exact authenticated witness (2.019125ms)
✔ unfinalized receipt never requests a witness or activates (0.611541ms)
✔ missing witness never activates a finalized transaction (1.095459ms)
✔ reverted receipt fails closed before witness lookup (0.437958ms)
✔ missing success receipt fails closed before witness lookup (0.275917ms)
✔ dropped receipt fails closed before witness lookup (0.243416ms)
✔ unknown receipt fails closed before witness lookup (0.241958ms)
✔ missing block hash receipt fails closed before witness lookup (0.236583ms)
✔ pending and proposed receipts do not qualify even with a high finalized tip (0.310208ms)
✔ receipt block must still match canonical block at its height (0.689833ms)
✔ re-inclusion during witness resolution refreshes receipt and waits for the new block (0.570875ms)
✔ drop during witness resolution prevents activation (0.3305ms)
✔ malformed finalized tip cannot satisfy the finality comparison (0.230625ms)
✔ activation requires successful L1 receipt and enabled portal {"activationStatus":0} (0.39275ms)
✔ activation requires successful L1 receipt and enabled portal {"enabled":false} (0.39275ms)
✔ browser actual module persists ciphertext and interoperates with Node AES-GCM (9.235333ms)
✔ browser actual custody rejects wrong wallet, ciphertext corruption and moved scope (3.061208ms)
✔ browser save observes transaction abort and never reports durable success (1.388167ms)
✔ actual engine codec matches frozen claim, boundary and exit commitments (6.299042ms)
✔ actual public deposit flow saves and reads back before send; returns event receipt nonce without secret (4.723542ms)
✔ actual deposit flow fails closed for missing store, failed durability and disabled portal (1.915958ms)
✔ actual deposit flow fails closed for mismatched read-back and existing receipt (0.98725ms)
✔ actual recovery requires the current event nonce and exact saved secret hash without signing fallback (5.890792ms)
ℹ tests 53
ℹ suites 0
ℹ pass 53
ℹ fail 0
ℹ cancelled 0
ℹ skipped 0
ℹ todo 0
ℹ duration_ms 654.00675
