✔ matching synthetic artifacts and recorded sources pass (10.541375ms)
✔ stale deploy Noir copy is rejected (7.957333ms)
✔ stale censor Noir copy is rejected (7.656ms)
✔ missing verification key is rejected even when all consumer copies agree (7.42325ms)
✔ empty private function set is rejected even when all consumer copies agree (7.62675ms)
✔ only public functions is rejected even when all consumer copies agree (8.081125ms)
✔ untranspiled artifact is rejected even when all consumer copies agree (9.458125ms)
✔ truthy non-boolean transpilation marker is rejected even when all consumer copies agree (8.935ms)
✔ stale portal bytecode is rejected: apps/src/billboard/portal_bytecode.txt (7.471584ms)
✔ stale portal bytecode is rejected: apps/src/billboard/deploy/portal_bytecode.txt (7.728166ms)
✔ portal source drift is rejected by embedded compiler provenance (7.911375ms)
✔ missing Solidity source provenance is rejected (8.421667ms)
✔ string-encoded Solidity metadata remains supported (8.738958ms)
✔ Noir source drift requires a rebuild (7.773209ms)
✔ Noir dependency declaration drift requires a rebuild (7.701375ms)
✔ root dependency lock drift requires a rebuild (7.913208ms)
✔ portal dependency lock drift requires a rebuild (7.847083ms)
✔ compiler configuration drift requires a rebuild (8.17375ms)
✔ toolchain pins drift requires a rebuild (8.794375ms)
✔ contract builder drift requires a rebuild (7.569667ms)
✔ Noir debug-path normalizer drift requires a rebuild (7.53725ms)
✔ Noir dependency verifier drift requires a rebuild (6.91125ms)
✔ Noir dependency pins drift requires a rebuild (6.820875ms)
✔ new Noir source omitted from the old manifest requires a rebuild (7.698542ms)
✔ contract manifest input hash tampering is rejected (7.734084ms)
✔ contract manifest noir hash tampering is rejected (7.19425ms)
✔ contract manifest portal hash tampering is rejected (6.887958ms)
✔ synchronized altered Noir artifacts still fail the recorded build hash (7.849334ms)
✔ synchronized altered portal bytecode still fails the recorded build hash (7.316958ms)
✔ V1 decoder maps all eleven values and rejects legacy/truncated/noncanonical values (0.740417ms)
✔ Discovery rejects ambiguous rights and checks selected identity (0.372542ms)
✔ Encrypted CLI records survive reopening and reject key/tamper/collision without plaintext (14.9235ms)
✔ CLI store refuses a public directory and symlinked record (11.116542ms)
✔ browser actual module persists ciphertext and interoperates with Node AES-GCM (11.286042ms)
✔ browser actual custody rejects wrong wallet, ciphertext corruption and moved scope (3.554708ms)
✔ browser save observes transaction abort and never reports durable success (1.620416ms)
✔ actual engine codec matches frozen claim, boundary and exit commitments (7.859792ms)
✔ actual public deposit flow saves and reads back before send; returns event receipt nonce without secret (5.843875ms)
✔ actual deposit flow fails closed for missing store, failed durability and disabled portal (2.708667ms)
✔ actual deposit flow fails closed for mismatched read-back and existing receipt (1.560708ms)
✔ actual recovery requires the current event nonce and exact saved secret hash without signing fallback (6.595792ms)
ℹ tests 41
ℹ suites 0
ℹ pass 41
ℹ fail 0
ℹ cancelled 0
ℹ skipped 0
ℹ todo 0
ℹ duration_ms 387.670583
