✔ V1 decoder maps all eleven values and rejects legacy/truncated/noncanonical values (1.106042ms)
✔ Discovery rejects ambiguous rights and checks selected identity (0.292166ms)
✔ Encrypted CLI records survive reopening and reject key/tamper/collision without plaintext (18.939166ms)
✔ CLI store refuses a public directory and symlinked record (13.980334ms)
✔ browser actual module persists ciphertext and interoperates with Node AES-GCM (6.945708ms)
✔ browser actual custody rejects wrong wallet, ciphertext corruption and moved scope (2.39875ms)
✔ browser save observes transaction abort and never reports durable success (1.13675ms)
✔ actual engine codec matches frozen claim, boundary and exit commitments (5.117083ms)
✔ actual public deposit flow saves and reads back before send; returns event receipt nonce without secret (3.894166ms)
✔ actual deposit flow fails closed for missing store, failed durability and disabled portal (1.465917ms)
✔ actual deposit flow fails closed for mismatched read-back and existing receipt (3.918792ms)
✔ actual recovery requires the current event nonce and exact saved secret hash without signing fallback (3.492666ms)
ℹ tests 12
ℹ suites 0
ℹ pass 12
ℹ fail 0
ℹ cancelled 0
ℹ skipped 0
ℹ todo 0
ℹ duration_ms 335.552917
