✔ matching synthetic artifacts and recorded sources pass (11.126875ms)
✔ stale deploy Noir copy is rejected (7.835291ms)
✔ stale censor Noir copy is rejected (6.103834ms)
✔ missing verification key is rejected even when all consumer copies agree (7.052ms)
✔ empty private function set is rejected even when all consumer copies agree (6.405625ms)
✔ only public functions is rejected even when all consumer copies agree (5.87025ms)
✔ untranspiled artifact is rejected even when all consumer copies agree (7.13175ms)
✔ truthy non-boolean transpilation marker is rejected even when all consumer copies agree (6.663208ms)
✔ stale portal bytecode is rejected: apps/src/billboard/portal_bytecode.txt (5.560667ms)
✔ stale portal bytecode is rejected: apps/src/billboard/deploy/portal_bytecode.txt (5.649625ms)
✔ portal source drift is rejected by embedded compiler provenance (5.9475ms)
✔ missing Solidity source provenance is rejected (6.585667ms)
✔ string-encoded Solidity metadata remains supported (6.929625ms)
✔ Noir source drift requires a rebuild (5.84425ms)
✔ Noir dependency declaration drift requires a rebuild (6.406917ms)
✔ root dependency lock drift requires a rebuild (6.35025ms)
✔ portal dependency lock drift requires a rebuild (6.71925ms)
✔ compiler configuration drift requires a rebuild (7.27675ms)
✔ toolchain pins drift requires a rebuild (8.46ms)
✔ contract builder drift requires a rebuild (5.618708ms)
✔ Noir debug-path normalizer drift requires a rebuild (6.244375ms)
✔ Noir dependency verifier drift requires a rebuild (5.82575ms)
✔ Noir dependency pins drift requires a rebuild (5.579125ms)
✔ new Noir source omitted from the old manifest requires a rebuild (6.16825ms)
✔ contract manifest input hash tampering is rejected (6.678292ms)
✔ contract manifest noir hash tampering is rejected (5.842459ms)
✔ contract manifest portal hash tampering is rejected (5.655083ms)
✔ synchronized altered Noir artifacts still fail the recorded build hash (5.803042ms)
✔ synchronized altered portal bytecode still fails the recorded build hash (5.801625ms)
✔ pinned internal L2Block hash method differs from public node BlockResponse hash value (3.724292ms)
✔ actual deployment helper waits for finality then forwards exact authenticated witness (1.573666ms)
✔ unfinalized receipt never requests a witness or activates (0.495042ms)
✔ missing witness never activates a finalized transaction (0.817084ms)
✔ reverted receipt fails closed before witness lookup (0.431667ms)
✔ missing success receipt fails closed before witness lookup (0.270958ms)
✔ dropped receipt fails closed before witness lookup (0.250042ms)
✔ unknown receipt fails closed before witness lookup (0.248041ms)
✔ missing block hash receipt fails closed before witness lookup (0.242ms)
✔ pending and proposed receipts do not qualify even with a high finalized tip (0.322542ms)
✔ receipt block must still match canonical block at its height (0.788125ms)
✔ re-inclusion during witness resolution refreshes receipt and waits for the new block (0.612583ms)
✔ drop during witness resolution prevents activation (0.33975ms)
✔ malformed finalized tip cannot satisfy the finality comparison (0.242584ms)
✔ activation requires successful L1 receipt and enabled portal {"activationStatus":0} (0.382334ms)
✔ activation requires successful L1 receipt and enabled portal {"enabled":false} (0.397292ms)
✔ browser actual module persists ciphertext and interoperates with Node AES-GCM (9.258042ms)
✔ browser actual custody rejects wrong wallet, ciphertext corruption and moved scope (2.837834ms)
✔ browser save observes transaction abort and never reports durable success (1.328125ms)
✔ actual engine codec matches frozen claim, boundary and exit commitments (6.42225ms)
✔ actual public deposit flow saves and reads back before send; returns event receipt nonce without secret (4.936042ms)
✔ actual deposit flow fails closed for missing store, failed durability and disabled portal (1.913ms)
✔ actual deposit flow fails closed for mismatched read-back and existing receipt (1.015916ms)
✔ actual recovery requires the current event nonce and exact saved secret hash without signing fallback (3.898208ms)
ℹ tests 53
ℹ suites 0
ℹ pass 53
ℹ fail 0
ℹ cancelled 0
ℹ skipped 0
ℹ todo 0
ℹ duration_ms 591.308958
