error: Duplicate definitions of import with name get_config_hash found
    ┌─ billboard_contract/src/main.nr:7:87
    │
  7 │     use crate::lib::{compute_cooldown, checked_time_add, deposit_chain_id, post_link, get_config_hash, get_ready_msg_hash, get_deposit_msg_hash, get_withdraw_msg_hash};
    │                                                                                       --------------- Second definition found here
    ·
679 │     fn get_config_hash() -> pub Field { self.storage.config.read().hash(self.address) }
    │        --------------- First definition found here
    │

error: Direct invocation of public functions is not supported. You attempted to call get_config_hash. See https://docs.aztec.network/errors/6
    ┌─ billboard_contract/src/main.nr:115:13
    │
115 │             get_config_hash(self.l1_chain_id, self.rollup_address, board, self.rollup_version,
    │             --------------- `get_config_hash` has been deprecated
    │

error: Function expects 0 parameters but 10 were given
    ┌─ billboard_contract/src/main.nr:115:13
    │  
115 │ ╭             get_config_hash(self.l1_chain_id, self.rollup_address, board, self.rollup_version,
116 │ │                 self.min_deposit, self.max_deposit, self.base_cooldown, self.k_multiplier,
117 │ │                 self.censor_window, self.max_save_up)
    │ ╰─────────────────────────────────────────────────────'
    │  

Aborting due to 3 previous errors
