error: trait `aztec::protocol_types::traits::from_field::FromField` which provides `from_field` is implemented but not in scope, please import it
    ┌─ billboard_test/src/lib.nr:207:89
    │
207 │     let h1 = get_deposit_msg_hash(1, EthAddress::from_field(TEST_PORTAL), AztecAddress::from_field(2), 2, EthAddress::from_field(0x1234), 1, 1_000);
    │                                                                                         ----------
    │

error: trait `aztec::protocol_types::traits::from_field::FromField` which provides `from_field` is implemented but not in scope, please import it
    ┌─ billboard_test/src/lib.nr:208:89
    │
208 │     let h2 = get_deposit_msg_hash(1, EthAddress::from_field(TEST_PORTAL), AztecAddress::from_field(2), 2, EthAddress::from_field(0x1234), 1, 1_000);
    │                                                                                         ----------
    │

error: trait `aztec::protocol_types::traits::from_field::FromField` which provides `from_field` is implemented but not in scope, please import it
    ┌─ billboard_test/src/lib.nr:214:89
    │
214 │     let h1 = get_deposit_msg_hash(1, EthAddress::from_field(TEST_PORTAL), AztecAddress::from_field(2), 2, EthAddress::from_field(0x1234), 1, 1_000);
    │                                                                                         ----------
    │

error: trait `aztec::protocol_types::traits::from_field::FromField` which provides `from_field` is implemented but not in scope, please import it
    ┌─ billboard_test/src/lib.nr:215:89
    │
215 │     let h2 = get_deposit_msg_hash(1, EthAddress::from_field(TEST_PORTAL), AztecAddress::from_field(2), 2, EthAddress::from_field(0x1234), 1, 2_000);
    │                                                                                         ----------
    │

error: trait `aztec::protocol_types::traits::from_field::FromField` which provides `from_field` is implemented but not in scope, please import it
    ┌─ billboard_test/src/lib.nr:221:89
    │
221 │     let h1 = get_deposit_msg_hash(1, EthAddress::from_field(TEST_PORTAL), AztecAddress::from_field(2), 2, EthAddress::from_field(0x1234), 1, 1_000);
    │                                                                                         ----------
    │

error: trait `aztec::protocol_types::traits::from_field::FromField` which provides `from_field` is implemented but not in scope, please import it
    ┌─ billboard_test/src/lib.nr:222:89
    │
222 │     let h2 = get_deposit_msg_hash(1, EthAddress::from_field(TEST_PORTAL), AztecAddress::from_field(2), 2, EthAddress::from_field(0x5678), 1, 1_000);
    │                                                                                         ----------
    │

error: trait `aztec::protocol_types::traits::from_field::FromField` which provides `from_field` is implemented but not in scope, please import it
    ┌─ billboard_test/src/lib.nr:228:90
    │
228 │     let h1 = get_withdraw_msg_hash(1, EthAddress::from_field(TEST_PORTAL), AztecAddress::from_field(2), 2, EthAddress::from_field(0x1234), 1, 1_000);
    │                                                                                          ----------
    │

error: trait `aztec::protocol_types::traits::from_field::FromField` which provides `from_field` is implemented but not in scope, please import it
    ┌─ billboard_test/src/lib.nr:229:90
    │
229 │     let h2 = get_withdraw_msg_hash(1, EthAddress::from_field(TEST_PORTAL), AztecAddress::from_field(2), 2, EthAddress::from_field(0x1234), 1, 1_000);
    │                                                                                          ----------
    │

error: trait `aztec::protocol_types::traits::from_field::FromField` which provides `from_field` is implemented but not in scope, please import it
    ┌─ billboard_test/src/lib.nr:235:90
    │
235 │     let wh = get_withdraw_msg_hash(1, EthAddress::from_field(TEST_PORTAL), AztecAddress::from_field(2), 2, EthAddress::from_field(0x1234), 1, 1_000);
    │                                                                                          ----------
    │

error: trait `aztec::protocol_types::traits::from_field::FromField` which provides `from_field` is implemented but not in scope, please import it
    ┌─ billboard_test/src/lib.nr:236:89
    │
236 │     let dh = get_deposit_msg_hash(1, EthAddress::from_field(TEST_PORTAL), AztecAddress::from_field(2), 2, EthAddress::from_field(0x1234), 1, 1_000);
    │                                                                                         ----------
    │

Aborting due to 10 previous errors
