{"profile":"C01 consistent-scope TXE","chain":1,"version":1,"originalPublicVersion":2,"realProofs":false,"port":56038}
[21:53:04.353] INFO: kv-store:lmdb-v2 Starting data store with maxReaders 2
[billboard_contract] Running 0 test functions
[billboard_contract] [0m[32m0 tests passed[0m
[billboard_test] Running 4 test functions
[billboard_test] Testing c01::c01_binding_rejects_direct_nonself_public_call ... [0m[32mok[0m
[21:53:09.741] INFO: kv-store:lmdb-v2 Starting data store with maxReaders 2
[21:53:09.742] INFO: kv-store:lmdb-v2 Starting data store with maxReaders 2
[21:53:09.744] INFO: world-state:database Creating world state data store at directory /var/folders/ym/q1vh2x5n58xbsmpmvs5_6w3r0000gn/T/aztec-world-state-zWl2Ot/world_state with map sizes {"archiveTreeMapSizeKb":10485760,"nullifierTreeMapSizeKb":10485760,"noteHashTreeMapSizeKb":10485760,"messageTreeMapSizeKb":10485760,"publicDataTreeMapSizeKb":10485760} and 1 threads (ephemeral=true).
[21:53:09.757] INFO: txe_node Aztec Node version: txe
[21:53:09.757] INFO: txe_node Aztec Node started on chain 0x1
[21:53:09.772] INFO: txe:top_level_context Created block 1 with timestamp 1789419189
[21:53:09.855] INFO: txe:top_level_context Created block 2 with timestamp 1789419189
[21:53:09.960] INFO: simulator:public-processor Processed 1 successful txs and 0 failed txs (0 silently skipped, 0ms wasted) in 0.05938787500000035s {"blockNumber":3,"successfulCount":1,"failedCount":0,"duration":0.05938787500000035,"rate":54561423.52289893,"totalPublicGas":{"daGas":4000,"l2Gas":3240287},"totalBlockGas":{"daGas":4000,"l2Gas":3240287},"totalSizeInBytes":4128,"silentlySkippedCount":0,"silentlySkippedDurationMs":0}
[21:53:10.000] INFO: simulator:public-processor Processed 1 successful txs and 0 failed txs (0 silently skipped, 0ms wasted) in 0.005801167000000532s {"blockNumber":4,"successfulCount":1,"failedCount":0,"duration":0.005801167000000532,"rate":1695693.297572557,"totalPublicGas":{"daGas":0,"l2Gas":9837},"totalBlockGas":{"daGas":0,"l2Gas":9837},"totalSizeInBytes":128,"silentlySkippedCount":0,"silentlySkippedDurationMs":0}
[21:53:10.022] INFO: simulator:public-processor Processed 1 successful txs and 0 failed txs (0 silently skipped, 0ms wasted) in 0.00944629199999963s {"blockNumber":4,"successfulCount":1,"failedCount":0,"duration":0.00944629199999963,"rate":358870.97286428715,"totalPublicGas":{"daGas":0,"l2Gas":3390},"totalBlockGas":{"daGas":0,"l2Gas":3390},"totalSizeInBytes":128,"silentlySkippedCount":0,"silentlySkippedDurationMs":0}
[21:53:10.029] WARN: txe:top_level_context Could not find function artifact in contract Billboard for function '0x5b6267a4' when enriching error callstack
[billboard_test] Testing c01::c01_binding_rejects_second_binding ... [0m[32mok[0m
[21:53:11.744] INFO: kv-store:lmdb-v2 Starting data store with maxReaders 2
[21:53:11.745] INFO: world-state:database Creating world state data store at directory /var/folders/ym/q1vh2x5n58xbsmpmvs5_6w3r0000gn/T/aztec-world-state-F4hTEx/world_state with map sizes {"archiveTreeMapSizeKb":10485760,"nullifierTreeMapSizeKb":10485760,"noteHashTreeMapSizeKb":10485760,"messageTreeMapSizeKb":10485760,"publicDataTreeMapSizeKb":10485760} and 1 threads (ephemeral=true).
[21:53:11.755] INFO: txe_node Aztec Node version: txe
[21:53:11.755] INFO: txe_node Aztec Node started on chain 0x1
[21:53:11.769] INFO: txe:top_level_context Created block 1 with timestamp 1789419191
[21:53:11.807] INFO: txe:top_level_context Created block 2 with timestamp 1789419191
[21:53:11.905] INFO: simulator:public-processor Processed 1 successful txs and 0 failed txs (0 silently skipped, 0ms wasted) in 0.05480883299999914s {"blockNumber":3,"successfulCount":1,"failedCount":0,"duration":0.05480883299999914,"rate":59119795.5263899,"totalPublicGas":{"daGas":4000,"l2Gas":3240287},"totalBlockGas":{"daGas":4000,"l2Gas":3240287},"totalSizeInBytes":4128,"silentlySkippedCount":0,"silentlySkippedDurationMs":0}
[21:53:12.098] INFO: simulator:public-processor Processed 1 successful txs and 0 failed txs (0 silently skipped, 0ms wasted) in 0.015491500000000087s {"blockNumber":4,"successfulCount":1,"failedCount":0,"duration":0.015491500000000087,"rate":73596165.6392211,"totalPublicGas":{"daGas":192,"l2Gas":1140115},"totalBlockGas":{"daGas":320,"l2Gas":1730915},"totalSizeInBytes":320,"silentlySkippedCount":0,"silentlySkippedDurationMs":0}
[21:53:12.133] INFO: simulator:public-processor Processed 1 successful txs and 0 failed txs (0 silently skipped, 0ms wasted) in 0.005269207999999708s {"blockNumber":5,"successfulCount":1,"failedCount":0,"duration":0.005269207999999708,"rate":1866883.9795279566,"totalPublicGas":{"daGas":0,"l2Gas":9837},"totalBlockGas":{"daGas":0,"l2Gas":9837},"totalSizeInBytes":128,"silentlySkippedCount":0,"silentlySkippedDurationMs":0}
[21:53:12.150] INFO: simulator:public-processor Processed 1 successful txs and 0 failed txs (0 silently skipped, 0ms wasted) in 0.0052572919999984155s {"blockNumber":5,"successfulCount":1,"failedCount":0,"duration":0.0052572919999984155,"rate":2102222.9695446496,"totalPublicGas":{"daGas":0,"l2Gas":11052},"totalBlockGas":{"daGas":0,"l2Gas":11052},"totalSizeInBytes":128,"silentlySkippedCount":0,"silentlySkippedDurationMs":0}
[21:53:12.241] INFO: simulator:public-processor Processed 1 successful txs and 0 failed txs (0 silently skipped, 0ms wasted) in 0.005226833000000625s {"blockNumber":5,"successfulCount":1,"failedCount":0,"duration":0.005226833000000625,"rate":1036574.1549422666,"totalPublicGas":{"daGas":0,"l2Gas":5418},"totalBlockGas":{"daGas":128,"l2Gas":596218},"totalSizeInBytes":128,"silentlySkippedCount":0,"silentlySkippedDurationMs":0}
[21:53:12.243] WARN: txe:top_level_context Could not find function artifact in contract Billboard for function '0x5b6267a4' when enriching error callstack
[billboard_test] Testing c01::c01_binding_rejects_unauthorized_private_caller ... [0m[32mok[0m
[21:53:13.961] INFO: kv-store:lmdb-v2 Starting data store with maxReaders 2
[21:53:13.962] INFO: world-state:database Creating world state data store at directory /var/folders/ym/q1vh2x5n58xbsmpmvs5_6w3r0000gn/T/aztec-world-state-86uO2M/world_state with map sizes {"archiveTreeMapSizeKb":10485760,"nullifierTreeMapSizeKb":10485760,"noteHashTreeMapSizeKb":10485760,"messageTreeMapSizeKb":10485760,"publicDataTreeMapSizeKb":10485760} and 1 threads (ephemeral=true).
[21:53:13.972] INFO: txe_node Aztec Node version: txe
[21:53:13.972] INFO: txe_node Aztec Node started on chain 0x1
[21:53:13.985] INFO: txe:top_level_context Created block 1 with timestamp 1789419193
[21:53:14.025] INFO: txe:top_level_context Created block 2 with timestamp 1789419193
[21:53:14.116] INFO: simulator:public-processor Processed 1 successful txs and 0 failed txs (0 silently skipped, 0ms wasted) in 0.0582846669999999s {"blockNumber":3,"successfulCount":1,"failedCount":0,"duration":0.0582846669999999,"rate":55594158.237191364,"totalPublicGas":{"daGas":4000,"l2Gas":3240287},"totalBlockGas":{"daGas":4000,"l2Gas":3240287},"totalSizeInBytes":4128,"silentlySkippedCount":0,"silentlySkippedDurationMs":0}
[21:53:14.157] INFO: simulator:public-processor Processed 1 successful txs and 0 failed txs (0 silently skipped, 0ms wasted) in 0.005385125000000698s {"blockNumber":4,"successfulCount":1,"failedCount":0,"duration":0.005385125000000698,"rate":1826698.5446017918,"totalPublicGas":{"daGas":0,"l2Gas":9837},"totalBlockGas":{"daGas":0,"l2Gas":9837},"totalSizeInBytes":128,"silentlySkippedCount":0,"silentlySkippedDurationMs":0}
[billboard_test] Testing c01::c01_binding_rejects_zero_portal ... [0m[32mok[0m
[billboard_test] [0m[32m4 tests passed[0m
[21:53:15.978] INFO: kv-store:lmdb-v2 Starting data store with maxReaders 2
[21:53:15.980] INFO: world-state:database Creating world state data store at directory /var/folders/ym/q1vh2x5n58xbsmpmvs5_6w3r0000gn/T/aztec-world-state-TZy9qi/world_state with map sizes {"archiveTreeMapSizeKb":10485760,"nullifierTreeMapSizeKb":10485760,"noteHashTreeMapSizeKb":10485760,"messageTreeMapSizeKb":10485760,"publicDataTreeMapSizeKb":10485760} and 1 threads (ephemeral=true).
[21:53:15.990] INFO: txe_node Aztec Node version: txe
[21:53:15.990] INFO: txe_node Aztec Node started on chain 0x1
[21:53:16.003] INFO: txe:top_level_context Created block 1 with timestamp 1789419195
[21:53:16.042] INFO: txe:top_level_context Created block 2 with timestamp 1789419195
[21:53:16.128] INFO: simulator:public-processor Processed 1 successful txs and 0 failed txs (0 silently skipped, 0ms wasted) in 0.05532745799999975s {"blockNumber":3,"successfulCount":1,"failedCount":0,"duration":0.05532745799999975,"rate":58565622.15455506,"totalPublicGas":{"daGas":4000,"l2Gas":3240287},"totalBlockGas":{"daGas":4000,"l2Gas":3240287},"totalSizeInBytes":4128,"silentlySkippedCount":0,"silentlySkippedDurationMs":0}
[21:53:16.164] INFO: simulator:public-processor Processed 1 successful txs and 0 failed txs (0 silently skipped, 0ms wasted) in 0.005222250000000713s {"blockNumber":4,"successfulCount":1,"failedCount":0,"duration":0.005222250000000713,"rate":1883670.8315378728,"totalPublicGas":{"daGas":0,"l2Gas":9837},"totalBlockGas":{"daGas":0,"l2Gas":9837},"totalSizeInBytes":128,"silentlySkippedCount":0,"silentlySkippedDurationMs":0}
