{"profile":"C01 consistent-scope TXE","chain":1,"version":1,"originalPublicVersion":2,"realProofs":false,"port":62260}
[02:35:37.680] INFO: kv-store:lmdb-v2 Starting data store with maxReaders 2
[billboard_contract] Running 0 test functions
[billboard_contract] [0m[32m0 tests passed[0m
[billboard_test] Running 22 test functions
[02:35:45.610] INFO: kv-store:lmdb-v2 Starting data store with maxReaders 2
[02:35:45.611] INFO: kv-store:lmdb-v2 Starting data store with maxReaders 2
[02:35:45.613] INFO: world-state:database Creating world state data store at directory /var/folders/ym/q1vh2x5n58xbsmpmvs5_6w3r0000gn/T/aztec-world-state-jwwGos/world_state with map sizes {"archiveTreeMapSizeKb":10485760,"nullifierTreeMapSizeKb":10485760,"noteHashTreeMapSizeKb":10485760,"messageTreeMapSizeKb":10485760,"publicDataTreeMapSizeKb":10485760} and 1 threads (ephemeral=true).
[02:35:45.631] INFO: txe_node Aztec Node version: txe
[02:35:45.631] INFO: txe_node Aztec Node started on chain 0x1
[02:35:45.654] INFO: txe:top_level_context Created block 1 with timestamp 1789436145
[02:35:45.824] INFO: txe:top_level_context Created block 2 with timestamp 1789436145
[02:35:45.996] INFO: simulator:public-processor Processed 1 successful txs and 0 failed txs (0 silently skipped, 0ms wasted) in 0.08389704199999869s {"blockNumber":3,"successfulCount":1,"failedCount":0,"duration":0.08389704199999869,"rate":38572873.64195809,"totalPublicGas":{"daGas":4000,"l2Gas":3236150},"totalBlockGas":{"daGas":4000,"l2Gas":3236150},"totalSizeInBytes":4128,"silentlySkippedCount":0,"silentlySkippedDurationMs":0}
[02:35:46.233] INFO: simulator:public-processor Processed 1 successful txs and 0 failed txs (0 silently skipped, 0ms wasted) in 0.021748792000000322s {"blockNumber":4,"successfulCount":1,"failedCount":0,"duration":0.021748792000000322,"rate":52443372.48707805,"totalPublicGas":{"daGas":192,"l2Gas":1140580},"totalBlockGas":{"daGas":320,"l2Gas":1731380},"totalSizeInBytes":320,"silentlySkippedCount":0,"silentlySkippedDurationMs":0}
[02:35:46.279] INFO: txe:top_level_context Created block 5 with timestamp 1789436145
[02:35:46.527] INFO: simulator:public-processor Processed 1 successful txs and 0 failed txs (0 silently skipped, 0ms wasted) in 0.007461416999998619s {"blockNumber":6,"successfulCount":1,"failedCount":0,"duration":0.007461416999998619,"rate":0,"totalPublicGas":{"daGas":0,"l2Gas":0},"totalBlockGas":{"daGas":1984,"l2Gas":529900},"totalSizeInBytes":1984,"silentlySkippedCount":0,"silentlySkippedDurationMs":0}
[02:35:46.573] INFO: txe:top_level_context Created block 7 with timestamp 1789439746
[02:35:47.197] INFO: simulator:public-processor Processed 1 successful txs and 0 failed txs (0 silently skipped, 0ms wasted) in 0.054962374999999154s {"blockNumber":8,"successfulCount":1,"failedCount":0,"duration":0.054962374999999154,"rate":35432730.11764921,"totalPublicGas":{"daGas":2368,"l2Gas":1947467},"totalBlockGas":{"daGas":3744,"l2Gas":2674217},"totalSizeInBytes":3744,"silentlySkippedCount":0,"silentlySkippedDurationMs":0}
[02:35:47.683] INFO: txe:top_level_context Created block 9 with timestamp 1789439746
[02:35:47.900] INFO: simulator:public-processor Processed 1 successful txs and 0 failed txs (0 silently skipped, 0ms wasted) in 0.006149499999999535s {"blockNumber":10,"successfulCount":1,"failedCount":0,"duration":0.006149499999999535,"rate":0,"totalPublicGas":{"daGas":0,"l2Gas":0},"totalBlockGas":{"daGas":832,"l2Gas":499700},"totalSizeInBytes":832,"silentlySkippedCount":0,"silentlySkippedDurationMs":0}
[02:35:48.362] INFO: txe:top_level_context Created block 11 with timestamp 1789443347
[02:35:48.941] INFO: simulator:public-processor Processed 1 successful txs and 0 failed txs (0 silently skipped, 0ms wasted) in 0.054153207999999724s {"blockNumber":12,"successfulCount":1,"failedCount":0,"duration":0.054153207999999724,"rate":35962172.361054026,"totalPublicGas":{"daGas":2368,"l2Gas":1947467},"totalBlockGas":{"daGas":3744,"l2Gas":2674217},"totalSizeInBytes":3744,"silentlySkippedCount":0,"silentlySkippedDurationMs":0}
[billboard_test] Testing c02::c02_first_receipt_rejects_second_receipt_history ... [0m[32mok[0m
[02:35:52.451] INFO: kv-store:lmdb-v2 Starting data store with maxReaders 2
[02:35:52.452] INFO: world-state:database Creating world state data store at directory /var/folders/ym/q1vh2x5n58xbsmpmvs5_6w3r0000gn/T/aztec-world-state-3gBohE/world_state with map sizes {"archiveTreeMapSizeKb":10485760,"nullifierTreeMapSizeKb":10485760,"noteHashTreeMapSizeKb":10485760,"messageTreeMapSizeKb":10485760,"publicDataTreeMapSizeKb":10485760} and 1 threads (ephemeral=true).
[02:35:52.466] INFO: txe_node Aztec Node version: txe
[02:35:52.466] INFO: txe_node Aztec Node started on chain 0x1
[02:35:52.485] INFO: txe:top_level_context Created block 1 with timestamp 1789436152
[02:35:52.543] INFO: txe:top_level_context Created block 2 with timestamp 1789436152
[02:35:52.664] INFO: simulator:public-processor Processed 1 successful txs and 0 failed txs (0 silently skipped, 0ms wasted) in 0.07855395800000042s {"blockNumber":3,"successfulCount":1,"failedCount":0,"duration":0.07855395800000042,"rate":41196523.795783564,"totalPublicGas":{"daGas":4000,"l2Gas":3236150},"totalBlockGas":{"daGas":4000,"l2Gas":3236150},"totalSizeInBytes":4128,"silentlySkippedCount":0,"silentlySkippedDurationMs":0}
[02:35:52.837] INFO: simulator:public-processor Processed 1 successful txs and 0 failed txs (0 silently skipped, 0ms wasted) in 0.021110667000000832s {"blockNumber":4,"successfulCount":1,"failedCount":0,"duration":0.021110667000000832,"rate":54028610.27555193,"totalPublicGas":{"daGas":192,"l2Gas":1140580},"totalBlockGas":{"daGas":320,"l2Gas":1731380},"totalSizeInBytes":320,"silentlySkippedCount":0,"silentlySkippedDurationMs":0}
[02:35:52.881] INFO: txe:top_level_context Created block 5 with timestamp 1789436152
[02:35:53.106] INFO: simulator:public-processor Processed 1 successful txs and 0 failed txs (0 silently skipped, 0ms wasted) in 0.006624040999999125s {"blockNumber":6,"successfulCount":1,"failedCount":0,"duration":0.006624040999999125,"rate":0,"totalPublicGas":{"daGas":0,"l2Gas":0},"totalBlockGas":{"daGas":1984,"l2Gas":529900},"totalSizeInBytes":1984,"silentlySkippedCount":0,"silentlySkippedDurationMs":0}
[02:35:53.152] INFO: txe:top_level_context Created block 7 with timestamp 1789439753
[02:35:53.744] INFO: simulator:public-processor Processed 1 successful txs and 0 failed txs (0 silently skipped, 0ms wasted) in 0.05470766600000206s {"blockNumber":8,"successfulCount":1,"failedCount":0,"duration":0.05470766600000206,"rate":35597698.50170407,"totalPublicGas":{"daGas":2368,"l2Gas":1947467},"totalBlockGas":{"daGas":3744,"l2Gas":2674217},"totalSizeInBytes":3744,"silentlySkippedCount":0,"silentlySkippedDurationMs":0}
[02:35:54.239] INFO: txe:top_level_context Created block 10 with timestamp 1789443354
[billboard_test] Testing c02::c02_head_cannot_have_duplicate_grandchild ... [0m[32mok[0m
[02:35:57.321] INFO: kv-store:lmdb-v2 Starting data store with maxReaders 2
[02:35:57.322] INFO: world-state:database Creating world state data store at directory /var/folders/ym/q1vh2x5n58xbsmpmvs5_6w3r0000gn/T/aztec-world-state-WYrE3f/world_state with map sizes {"archiveTreeMapSizeKb":10485760,"nullifierTreeMapSizeKb":10485760,"noteHashTreeMapSizeKb":10485760,"messageTreeMapSizeKb":10485760,"publicDataTreeMapSizeKb":10485760} and 1 threads (ephemeral=true).
[02:35:57.337] INFO: txe_node Aztec Node version: txe
[02:35:57.337] INFO: txe_node Aztec Node started on chain 0x1
[02:35:57.355] INFO: txe:top_level_context Created block 1 with timestamp 1789436157
[02:35:57.413] INFO: txe:top_level_context Created block 2 with timestamp 1789436157
[02:35:57.536] INFO: simulator:public-processor Processed 1 successful txs and 0 failed txs (0 silently skipped, 0ms wasted) in 0.07941645799999969s {"blockNumber":3,"successfulCount":1,"failedCount":0,"duration":0.07941645799999969,"rate":40749110.21592039,"totalPublicGas":{"daGas":4000,"l2Gas":3236150},"totalBlockGas":{"daGas":4000,"l2Gas":3236150},"totalSizeInBytes":4128,"silentlySkippedCount":0,"silentlySkippedDurationMs":0}
[02:35:57.710] INFO: simulator:public-processor Processed 1 successful txs and 0 failed txs (0 silently skipped, 0ms wasted) in 0.021358625000000755s {"blockNumber":4,"successfulCount":1,"failedCount":0,"duration":0.021358625000000755,"rate":53401377.663588345,"totalPublicGas":{"daGas":192,"l2Gas":1140580},"totalBlockGas":{"daGas":320,"l2Gas":1731380},"totalSizeInBytes":320,"silentlySkippedCount":0,"silentlySkippedDurationMs":0}
[02:35:57.755] INFO: txe:top_level_context Created block 5 with timestamp 1789436157
[02:35:57.979] INFO: simulator:public-processor Processed 1 successful txs and 0 failed txs (0 silently skipped, 0ms wasted) in 0.006644000000000233s {"blockNumber":6,"successfulCount":1,"failedCount":0,"duration":0.006644000000000233,"rate":0,"totalPublicGas":{"daGas":0,"l2Gas":0},"totalBlockGas":{"daGas":1984,"l2Gas":529900},"totalSizeInBytes":1984,"silentlySkippedCount":0,"silentlySkippedDurationMs":0}
[02:35:58.024] INFO: txe:top_level_context Created block 7 with timestamp 1789439758
[02:35:58.617] INFO: simulator:public-processor Processed 1 successful txs and 0 failed txs (0 silently skipped, 0ms wasted) in 0.054718500000002675s {"blockNumber":8,"successfulCount":1,"failedCount":0,"duration":0.054718500000002675,"rate":35590650.32849776,"totalPublicGas":{"daGas":2368,"l2Gas":1947467},"totalBlockGas":{"daGas":3744,"l2Gas":2674217},"totalSizeInBytes":3744,"silentlySkippedCount":0,"silentlySkippedDurationMs":0}
[02:35:59.104] INFO: txe:top_level_context Created block 9 with timestamp 1789439758
[02:35:59.242] INFO: txe:top_level_context Created block 12 with timestamp 1789443359
[billboard_test] Testing c02::c02_included_foreign_contract_rejected ... [0m[32mok[0m
[02:36:02.407] INFO: kv-store:lmdb-v2 Starting data store with maxReaders 2
[02:36:02.408] INFO: world-state:database Creating world state data store at directory /var/folders/ym/q1vh2x5n58xbsmpmvs5_6w3r0000gn/T/aztec-world-state-NupxaO/world_state with map sizes {"archiveTreeMapSizeKb":10485760,"nullifierTreeMapSizeKb":10485760,"noteHashTreeMapSizeKb":10485760,"messageTreeMapSizeKb":10485760,"publicDataTreeMapSizeKb":10485760} and 1 threads (ephemeral=true).
[02:36:02.421] INFO: txe_node Aztec Node version: txe
[02:36:02.421] INFO: txe_node Aztec Node started on chain 0x1
[02:36:02.439] INFO: txe:top_level_context Created block 1 with timestamp 1789436162
[02:36:02.494] INFO: txe:top_level_context Created block 2 with timestamp 1789436162
[02:36:02.616] INFO: simulator:public-processor Processed 1 successful txs and 0 failed txs (0 silently skipped, 0ms wasted) in 0.07903879199999937s {"blockNumber":3,"successfulCount":1,"failedCount":0,"duration":0.07903879199999937,"rate":40943819.08063607,"totalPublicGas":{"daGas":4000,"l2Gas":3236150},"totalBlockGas":{"daGas":4000,"l2Gas":3236150},"totalSizeInBytes":4128,"silentlySkippedCount":0,"silentlySkippedDurationMs":0}
[02:36:02.788] INFO: simulator:public-processor Processed 1 successful txs and 0 failed txs (0 silently skipped, 0ms wasted) in 0.021113000000001193s {"blockNumber":4,"successfulCount":1,"failedCount":0,"duration":0.021113000000001193,"rate":54022640.07956877,"totalPublicGas":{"daGas":192,"l2Gas":1140580},"totalBlockGas":{"daGas":320,"l2Gas":1731380},"totalSizeInBytes":320,"silentlySkippedCount":0,"silentlySkippedDurationMs":0}
[02:36:02.832] INFO: txe:top_level_context Created block 5 with timestamp 1789436162
[02:36:03.057] INFO: simulator:public-processor Processed 1 successful txs and 0 failed txs (0 silently skipped, 0ms wasted) in 0.007115832999999839s {"blockNumber":6,"successfulCount":1,"failedCount":0,"duration":0.007115832999999839,"rate":0,"totalPublicGas":{"daGas":0,"l2Gas":0},"totalBlockGas":{"daGas":1984,"l2Gas":529900},"totalSizeInBytes":1984,"silentlySkippedCount":0,"silentlySkippedDurationMs":0}
[02:36:03.103] INFO: txe:top_level_context Created block 7 with timestamp 1789439763
[02:36:03.707] INFO: simulator:public-processor Processed 1 successful txs and 0 failed txs (0 silently skipped, 0ms wasted) in 0.05824383300000045s {"blockNumber":8,"successfulCount":1,"failedCount":0,"duration":0.05824383300000045,"rate":33436449.82980404,"totalPublicGas":{"daGas":2368,"l2Gas":1947467},"totalBlockGas":{"daGas":3744,"l2Gas":2674217},"totalSizeInBytes":3744,"silentlySkippedCount":0,"silentlySkippedDurationMs":0}
[02:36:04.267] INFO: txe:top_level_context Created block 11 with timestamp 1789443364
[billboard_test] Testing c02::c02_included_future_child_timestamp_rejected ... [0m[32mok[0m
[02:36:07.361] INFO: kv-store:lmdb-v2 Starting data store with maxReaders 2
[02:36:07.363] INFO: world-state:database Creating world state data store at directory /var/folders/ym/q1vh2x5n58xbsmpmvs5_6w3r0000gn/T/aztec-world-state-uZ4e1t/world_state with map sizes {"archiveTreeMapSizeKb":10485760,"nullifierTreeMapSizeKb":10485760,"noteHashTreeMapSizeKb":10485760,"messageTreeMapSizeKb":10485760,"publicDataTreeMapSizeKb":10485760} and 1 threads (ephemeral=true).
[02:36:07.376] INFO: txe_node Aztec Node version: txe
[02:36:07.376] INFO: txe_node Aztec Node started on chain 0x1
[02:36:07.394] INFO: txe:top_level_context Created block 1 with timestamp 1789436167
[02:36:07.450] INFO: txe:top_level_context Created block 2 with timestamp 1789436167
[02:36:07.574] INFO: simulator:public-processor Processed 1 successful txs and 0 failed txs (0 silently skipped, 0ms wasted) in 0.08048162499999671s {"blockNumber":3,"successfulCount":1,"failedCount":0,"duration":0.08048162499999671,"rate":40209799.44179969,"totalPublicGas":{"daGas":4000,"l2Gas":3236150},"totalBlockGas":{"daGas":4000,"l2Gas":3236150},"totalSizeInBytes":4128,"silentlySkippedCount":0,"silentlySkippedDurationMs":0}
[02:36:07.747] INFO: simulator:public-processor Processed 1 successful txs and 0 failed txs (0 silently skipped, 0ms wasted) in 0.021138457999997626s {"blockNumber":4,"successfulCount":1,"failedCount":0,"duration":0.021138457999997626,"rate":53957578.17339978,"totalPublicGas":{"daGas":192,"l2Gas":1140580},"totalBlockGas":{"daGas":320,"l2Gas":1731380},"totalSizeInBytes":320,"silentlySkippedCount":0,"silentlySkippedDurationMs":0}
[02:36:07.791] INFO: txe:top_level_context Created block 5 with timestamp 1789436167
[02:36:08.014] INFO: simulator:public-processor Processed 1 successful txs and 0 failed txs (0 silently skipped, 0ms wasted) in 0.006572625000000699s {"blockNumber":6,"successfulCount":1,"failedCount":0,"duration":0.006572625000000699,"rate":0,"totalPublicGas":{"daGas":0,"l2Gas":0},"totalBlockGas":{"daGas":1984,"l2Gas":529900},"totalSizeInBytes":1984,"silentlySkippedCount":0,"silentlySkippedDurationMs":0}
[02:36:08.058] INFO: txe:top_level_context Created block 7 with timestamp 1789437968
[02:36:08.660] INFO: simulator:public-processor Processed 1 successful txs and 0 failed txs (0 silently skipped, 0ms wasted) in 0.0602177920000031s {"blockNumber":8,"successfulCount":1,"failedCount":0,"duration":0.0602177920000031,"rate":32340392.022342827,"totalPublicGas":{"daGas":2368,"l2Gas":1947467},"totalBlockGas":{"daGas":3744,"l2Gas":2674217},"totalSizeInBytes":3744,"silentlySkippedCount":0,"silentlySkippedDurationMs":0}
[02:36:09.139] INFO: txe:top_level_context Created block 9 with timestamp 1789439767
[02:36:09.712] INFO: simulator:public-processor Processed 1 successful txs and 0 failed txs (0 silently skipped, 0ms wasted) in 0.05433399999999528s {"blockNumber":10,"successfulCount":1,"failedCount":0,"duration":0.05433399999999528,"rate":35842511.13483582,"totalPublicGas":{"daGas":2368,"l2Gas":1947467},"totalBlockGas":{"daGas":3744,"l2Gas":2674217},"totalSizeInBytes":3744,"silentlySkippedCount":0,"silentlySkippedDurationMs":0}
[02:36:10.313] INFO: txe:top_level_context Created block 14 with timestamp 1789443369
[billboard_test] Testing c02::c02_included_grandchild_cannot_precede_child_time ... [0m[32mok[0m
[02:36:13.403] INFO: kv-store:lmdb-v2 Starting data store with maxReaders 2
[02:36:13.404] INFO: world-state:database Creating world state data store at directory /var/folders/ym/q1vh2x5n58xbsmpmvs5_6w3r0000gn/T/aztec-world-state-xaKWJm/world_state with map sizes {"archiveTreeMapSizeKb":10485760,"nullifierTreeMapSizeKb":10485760,"noteHashTreeMapSizeKb":10485760,"messageTreeMapSizeKb":10485760,"publicDataTreeMapSizeKb":10485760} and 1 threads (ephemeral=true).
[02:36:13.417] INFO: txe_node Aztec Node version: txe
[02:36:13.417] INFO: txe_node Aztec Node started on chain 0x1
[02:36:13.434] INFO: txe:top_level_context Created block 1 with timestamp 1789436173
[02:36:13.492] INFO: txe:top_level_context Created block 2 with timestamp 1789436173
[02:36:13.615] INFO: simulator:public-processor Processed 1 successful txs and 0 failed txs (0 silently skipped, 0ms wasted) in 0.08016100000000005s {"blockNumber":3,"successfulCount":1,"failedCount":0,"duration":0.08016100000000005,"rate":40370629.10891828,"totalPublicGas":{"daGas":4000,"l2Gas":3236150},"totalBlockGas":{"daGas":4000,"l2Gas":3236150},"totalSizeInBytes":4128,"silentlySkippedCount":0,"silentlySkippedDurationMs":0}
[02:36:13.787] INFO: simulator:public-processor Processed 1 successful txs and 0 failed txs (0 silently skipped, 0ms wasted) in 0.021297458000000914s {"blockNumber":4,"successfulCount":1,"failedCount":0,"duration":0.021297458000000914,"rate":53554748.17698671,"totalPublicGas":{"daGas":192,"l2Gas":1140580},"totalBlockGas":{"daGas":320,"l2Gas":1731380},"totalSizeInBytes":320,"silentlySkippedCount":0,"silentlySkippedDurationMs":0}
[02:36:13.831] INFO: txe:top_level_context Created block 5 with timestamp 1789436173
[02:36:14.054] INFO: simulator:public-processor Processed 1 successful txs and 0 failed txs (0 silently skipped, 0ms wasted) in 0.006544416999997338s {"blockNumber":6,"successfulCount":1,"failedCount":0,"duration":0.006544416999997338,"rate":0,"totalPublicGas":{"daGas":0,"l2Gas":0},"totalBlockGas":{"daGas":1984,"l2Gas":529900},"totalSizeInBytes":1984,"silentlySkippedCount":0,"silentlySkippedDurationMs":0}
[02:36:14.100] INFO: txe:top_level_context Created block 7 with timestamp 1789437974
[02:36:14.709] INFO: simulator:public-processor Processed 1 successful txs and 0 failed txs (0 silently skipped, 0ms wasted) in 0.05759920899999997s {"blockNumber":8,"successfulCount":1,"failedCount":0,"duration":0.05759920899999997,"rate":33810655.28174182,"totalPublicGas":{"daGas":2368,"l2Gas":1947467},"totalBlockGas":{"daGas":3744,"l2Gas":2674217},"totalSizeInBytes":3744,"silentlySkippedCount":0,"silentlySkippedDurationMs":0}
[02:36:15.315] INFO: txe:top_level_context Created block 9 with timestamp 1789439773
[02:36:16.199] INFO: simulator:public-processor Processed 1 successful txs and 0 failed txs (0 silently skipped, 0ms wasted) in 0.05853995900000154s {"blockNumber":10,"successfulCount":1,"failedCount":0,"duration":0.05853995900000154,"rate":33267310.624524843,"totalPublicGas":{"daGas":2368,"l2Gas":1947467},"totalBlockGas":{"daGas":3744,"l2Gas":2674217},"totalSizeInBytes":3744,"silentlySkippedCount":0,"silentlySkippedDurationMs":0}
[02:36:16.803] INFO: txe:top_level_context Created block 14 with timestamp 1789443375
[billboard_test] Testing c02::c02_included_grandchild_sequence_gap_rejected ... [0m[32mok[0m
[02:36:20.109] INFO: kv-store:lmdb-v2 Starting data store with maxReaders 2
[02:36:20.110] INFO: world-state:database Creating world state data store at directory /var/folders/ym/q1vh2x5n58xbsmpmvs5_6w3r0000gn/T/aztec-world-state-gkWfoz/world_state with map sizes {"archiveTreeMapSizeKb":10485760,"nullifierTreeMapSizeKb":10485760,"noteHashTreeMapSizeKb":10485760,"messageTreeMapSizeKb":10485760,"publicDataTreeMapSizeKb":10485760} and 1 threads (ephemeral=true).
[02:36:20.123] INFO: txe_node Aztec Node version: txe
[02:36:20.123] INFO: txe_node Aztec Node started on chain 0x1
[02:36:20.141] INFO: txe:top_level_context Created block 1 with timestamp 1789436180
[02:36:20.197] INFO: txe:top_level_context Created block 2 with timestamp 1789436180
[02:36:20.323] INFO: simulator:public-processor Processed 1 successful txs and 0 failed txs (0 silently skipped, 0ms wasted) in 0.08222395900000265s {"blockNumber":3,"successfulCount":1,"failedCount":0,"duration":0.08222395900000265,"rate":39357749.72839602,"totalPublicGas":{"daGas":4000,"l2Gas":3236150},"totalBlockGas":{"daGas":4000,"l2Gas":3236150},"totalSizeInBytes":4128,"silentlySkippedCount":0,"silentlySkippedDurationMs":0}
[02:36:20.508] INFO: simulator:public-processor Processed 1 successful txs and 0 failed txs (0 silently skipped, 0ms wasted) in 0.021565541999996638s {"blockNumber":4,"successfulCount":1,"failedCount":0,"duration":0.021565541999996638,"rate":52889002.27966344,"totalPublicGas":{"daGas":192,"l2Gas":1140580},"totalBlockGas":{"daGas":320,"l2Gas":1731380},"totalSizeInBytes":320,"silentlySkippedCount":0,"silentlySkippedDurationMs":0}
[02:36:20.553] INFO: txe:top_level_context Created block 5 with timestamp 1789436180
[02:36:20.787] INFO: simulator:public-processor Processed 1 successful txs and 0 failed txs (0 silently skipped, 0ms wasted) in 0.007070583999993687s {"blockNumber":6,"successfulCount":1,"failedCount":0,"duration":0.007070583999993687,"rate":0,"totalPublicGas":{"daGas":0,"l2Gas":0},"totalBlockGas":{"daGas":1984,"l2Gas":529900},"totalSizeInBytes":1984,"silentlySkippedCount":0,"silentlySkippedDurationMs":0}
[02:36:20.836] INFO: txe:top_level_context Created block 7 with timestamp 1789439781
[02:36:21.549] INFO: simulator:public-processor Processed 1 successful txs and 0 failed txs (0 silently skipped, 0ms wasted) in 0.05655104199999914s {"blockNumber":8,"successfulCount":1,"failedCount":0,"duration":0.05655104199999914,"rate":34437331.85323145,"totalPublicGas":{"daGas":2368,"l2Gas":1947467},"totalBlockGas":{"daGas":3744,"l2Gas":2674217},"totalSizeInBytes":3744,"silentlySkippedCount":0,"silentlySkippedDurationMs":0}
[02:36:22.345] INFO: txe:top_level_context Created block 11 with timestamp 1789443382
[billboard_test] Testing c02::c02_included_other_chain_rejected ... [0m[32mok[0m
[02:36:25.552] INFO: kv-store:lmdb-v2 Starting data store with maxReaders 2
[02:36:25.554] INFO: world-state:database Creating world state data store at directory /var/folders/ym/q1vh2x5n58xbsmpmvs5_6w3r0000gn/T/aztec-world-state-1GHnun/world_state with map sizes {"archiveTreeMapSizeKb":10485760,"nullifierTreeMapSizeKb":10485760,"noteHashTreeMapSizeKb":10485760,"messageTreeMapSizeKb":10485760,"publicDataTreeMapSizeKb":10485760} and 1 threads (ephemeral=true).
[02:36:25.568] INFO: txe_node Aztec Node version: txe
[02:36:25.568] INFO: txe_node Aztec Node started on chain 0x1
[02:36:25.586] INFO: txe:top_level_context Created block 1 with timestamp 1789436185
[02:36:25.644] INFO: txe:top_level_context Created block 2 with timestamp 1789436185
[02:36:25.768] INFO: simulator:public-processor Processed 1 successful txs and 0 failed txs (0 silently skipped, 0ms wasted) in 0.08044195799999579s {"blockNumber":3,"successfulCount":1,"failedCount":0,"duration":0.08044195799999579,"rate":40229627.42901123,"totalPublicGas":{"daGas":4000,"l2Gas":3236150},"totalBlockGas":{"daGas":4000,"l2Gas":3236150},"totalSizeInBytes":4128,"silentlySkippedCount":0,"silentlySkippedDurationMs":0}
[02:36:25.950] INFO: simulator:public-processor Processed 1 successful txs and 0 failed txs (0 silently skipped, 0ms wasted) in 0.021992458000000624s {"blockNumber":4,"successfulCount":1,"failedCount":0,"duration":0.021992458000000624,"rate":51862324.80243762,"totalPublicGas":{"daGas":192,"l2Gas":1140580},"totalBlockGas":{"daGas":320,"l2Gas":1731380},"totalSizeInBytes":320,"silentlySkippedCount":0,"silentlySkippedDurationMs":0}
[02:36:25.995] INFO: txe:top_level_context Created block 5 with timestamp 1789436185
[02:36:26.221] INFO: simulator:public-processor Processed 1 successful txs and 0 failed txs (0 silently skipped, 0ms wasted) in 0.006722584000002826s {"blockNumber":6,"successfulCount":1,"failedCount":0,"duration":0.006722584000002826,"rate":0,"totalPublicGas":{"daGas":0,"l2Gas":0},"totalBlockGas":{"daGas":1984,"l2Gas":529900},"totalSizeInBytes":1984,"silentlySkippedCount":0,"silentlySkippedDurationMs":0}
[02:36:26.266] INFO: txe:top_level_context Created block 7 with timestamp 1789439786
[02:36:26.864] INFO: simulator:public-processor Processed 1 successful txs and 0 failed txs (0 silently skipped, 0ms wasted) in 0.05417479200000525s {"blockNumber":8,"successfulCount":1,"failedCount":0,"duration":0.05417479200000525,"rate":35947844.52517716,"totalPublicGas":{"daGas":2368,"l2Gas":1947467},"totalBlockGas":{"daGas":3744,"l2Gas":2674217},"totalSizeInBytes":3744,"silentlySkippedCount":0,"silentlySkippedDurationMs":0}
[02:36:27.414] INFO: txe:top_level_context Created block 11 with timestamp 1789443387
[billboard_test] Testing c02::c02_included_same_content_different_head_rejected ... [0m[32mok[0m
[02:36:30.882] INFO: kv-store:lmdb-v2 Starting data store with maxReaders 2
[02:36:30.884] INFO: world-state:database Creating world state data store at directory /var/folders/ym/q1vh2x5n58xbsmpmvs5_6w3r0000gn/T/aztec-world-state-gBbTLK/world_state with map sizes {"archiveTreeMapSizeKb":10485760,"nullifierTreeMapSizeKb":10485760,"noteHashTreeMapSizeKb":10485760,"messageTreeMapSizeKb":10485760,"publicDataTreeMapSizeKb":10485760} and 1 threads (ephemeral=true).
[02:36:30.898] INFO: txe_node Aztec Node version: txe
[02:36:30.898] INFO: txe_node Aztec Node started on chain 0x1
[02:36:30.916] INFO: txe:top_level_context Created block 1 with timestamp 1789436190
[02:36:30.973] INFO: txe:top_level_context Created block 2 with timestamp 1789436190
[02:36:31.096] INFO: simulator:public-processor Processed 1 successful txs and 0 failed txs (0 silently skipped, 0ms wasted) in 0.07986404199999379s {"blockNumber":3,"successfulCount":1,"failedCount":0,"duration":0.07986404199999379,"rate":40520738.98288608,"totalPublicGas":{"daGas":4000,"l2Gas":3236150},"totalBlockGas":{"daGas":4000,"l2Gas":3236150},"totalSizeInBytes":4128,"silentlySkippedCount":0,"silentlySkippedDurationMs":0}
[02:36:31.331] INFO: simulator:public-processor Processed 1 successful txs and 0 failed txs (0 silently skipped, 0ms wasted) in 0.022093000000000758s {"blockNumber":4,"successfulCount":1,"failedCount":0,"duration":0.022093000000000758,"rate":51626306.975058205,"totalPublicGas":{"daGas":192,"l2Gas":1140580},"totalBlockGas":{"daGas":320,"l2Gas":1731380},"totalSizeInBytes":320,"silentlySkippedCount":0,"silentlySkippedDurationMs":0}
[02:36:31.376] INFO: txe:top_level_context Created block 5 with timestamp 1789436190
[02:36:31.604] INFO: simulator:public-processor Processed 1 successful txs and 0 failed txs (0 silently skipped, 0ms wasted) in 0.006862750000000233s {"blockNumber":6,"successfulCount":1,"failedCount":0,"duration":0.006862750000000233,"rate":0,"totalPublicGas":{"daGas":0,"l2Gas":0},"totalBlockGas":{"daGas":1984,"l2Gas":529900},"totalSizeInBytes":1984,"silentlySkippedCount":0,"silentlySkippedDurationMs":0}
[02:36:31.649] INFO: txe:top_level_context Created block 7 with timestamp 1789439791
[02:36:32.247] INFO: simulator:public-processor Processed 1 successful txs and 0 failed txs (0 silently skipped, 0ms wasted) in 0.053931209000002124s {"blockNumber":8,"successfulCount":1,"failedCount":0,"duration":0.053931209000002124,"rate":36110204.76103036,"totalPublicGas":{"daGas":2368,"l2Gas":1947467},"totalBlockGas":{"daGas":3744,"l2Gas":2674217},"totalSizeInBytes":3744,"silentlySkippedCount":0,"silentlySkippedDurationMs":0}
[02:36:32.825] INFO: txe:top_level_context Created block 11 with timestamp 1789443392
[billboard_test] Testing c02::c02_included_sequence_gap_rejected ... [0m[32mok[0m
[02:36:36.092] INFO: kv-store:lmdb-v2 Starting data store with maxReaders 2
[02:36:36.094] INFO: world-state:database Creating world state data store at directory /var/folders/ym/q1vh2x5n58xbsmpmvs5_6w3r0000gn/T/aztec-world-state-rlSnef/world_state with map sizes {"archiveTreeMapSizeKb":10485760,"nullifierTreeMapSizeKb":10485760,"noteHashTreeMapSizeKb":10485760,"messageTreeMapSizeKb":10485760,"publicDataTreeMapSizeKb":10485760} and 1 threads (ephemeral=true).
[02:36:36.107] INFO: txe_node Aztec Node version: txe
[02:36:36.107] INFO: txe_node Aztec Node started on chain 0x1
[02:36:36.126] INFO: txe:top_level_context Created block 1 with timestamp 1789436196
[02:36:36.188] INFO: txe:top_level_context Created block 2 with timestamp 1789436196
[02:36:36.317] INFO: simulator:public-processor Processed 1 successful txs and 0 failed txs (0 silently skipped, 0ms wasted) in 0.08156683299999713s {"blockNumber":3,"successfulCount":1,"failedCount":0,"duration":0.08156683299999713,"rate":39674827.14450999,"totalPublicGas":{"daGas":4000,"l2Gas":3236150},"totalBlockGas":{"daGas":4000,"l2Gas":3236150},"totalSizeInBytes":4128,"silentlySkippedCount":0,"silentlySkippedDurationMs":0}
[02:36:36.498] INFO: simulator:public-processor Processed 1 successful txs and 0 failed txs (0 silently skipped, 0ms wasted) in 0.021557874999998602s {"blockNumber":4,"successfulCount":1,"failedCount":0,"duration":0.021557874999998602,"rate":52907812.11042711,"totalPublicGas":{"daGas":192,"l2Gas":1140580},"totalBlockGas":{"daGas":320,"l2Gas":1731380},"totalSizeInBytes":320,"silentlySkippedCount":0,"silentlySkippedDurationMs":0}
[02:36:36.543] INFO: txe:top_level_context Created block 5 with timestamp 1789436196
[02:36:36.798] INFO: simulator:public-processor Processed 1 successful txs and 0 failed txs (0 silently skipped, 0ms wasted) in 0.0068882500000036085s {"blockNumber":6,"successfulCount":1,"failedCount":0,"duration":0.0068882500000036085,"rate":0,"totalPublicGas":{"daGas":0,"l2Gas":0},"totalBlockGas":{"daGas":1984,"l2Gas":529900},"totalSizeInBytes":1984,"silentlySkippedCount":0,"silentlySkippedDurationMs":0}
[02:36:36.846] INFO: txe:top_level_context Created block 7 with timestamp 1789439797
[02:36:37.482] INFO: simulator:public-processor Processed 1 successful txs and 0 failed txs (0 silently skipped, 0ms wasted) in 0.061307333999997354s {"blockNumber":8,"successfulCount":1,"failedCount":0,"duration":0.061307333999997354,"rate":31765644.873745188,"totalPublicGas":{"daGas":2368,"l2Gas":1947467},"totalBlockGas":{"daGas":3744,"l2Gas":2674217},"totalSizeInBytes":3744,"silentlySkippedCount":0,"silentlySkippedDurationMs":0}
[02:36:38.101] INFO: txe:top_level_context Created block 11 with timestamp 1789443398
[billboard_test] Testing c02::c02_included_wrong_owner_rejected ... [0m[32mok[0m
[02:36:41.388] INFO: kv-store:lmdb-v2 Starting data store with maxReaders 2
[02:36:41.389] INFO: world-state:database Creating world state data store at directory /var/folders/ym/q1vh2x5n58xbsmpmvs5_6w3r0000gn/T/aztec-world-state-ugNVIb/world_state with map sizes {"archiveTreeMapSizeKb":10485760,"nullifierTreeMapSizeKb":10485760,"noteHashTreeMapSizeKb":10485760,"messageTreeMapSizeKb":10485760,"publicDataTreeMapSizeKb":10485760} and 1 threads (ephemeral=true).
[02:36:41.402] INFO: txe_node Aztec Node version: txe
[02:36:41.402] INFO: txe_node Aztec Node started on chain 0x1
[02:36:41.420] INFO: txe:top_level_context Created block 1 with timestamp 1789436201
[02:36:41.478] INFO: txe:top_level_context Created block 2 with timestamp 1789436201
[02:36:41.603] INFO: simulator:public-processor Processed 1 successful txs and 0 failed txs (0 silently skipped, 0ms wasted) in 0.08180004199998803s {"blockNumber":3,"successfulCount":1,"failedCount":0,"duration":0.08180004199998803,"rate":39561715.62846476,"totalPublicGas":{"daGas":4000,"l2Gas":3236150},"totalBlockGas":{"daGas":4000,"l2Gas":3236150},"totalSizeInBytes":4128,"silentlySkippedCount":0,"silentlySkippedDurationMs":0}
[02:36:41.792] INFO: simulator:public-processor Processed 1 successful txs and 0 failed txs (0 silently skipped, 0ms wasted) in 0.021538291000004393s {"blockNumber":4,"successfulCount":1,"failedCount":0,"duration":0.021538291000004393,"rate":52955919.29739306,"totalPublicGas":{"daGas":192,"l2Gas":1140580},"totalBlockGas":{"daGas":320,"l2Gas":1731380},"totalSizeInBytes":320,"silentlySkippedCount":0,"silentlySkippedDurationMs":0}
[02:36:41.837] INFO: txe:top_level_context Created block 5 with timestamp 1789436201
[02:36:42.074] INFO: simulator:public-processor Processed 1 successful txs and 0 failed txs (0 silently skipped, 0ms wasted) in 0.00771875s {"blockNumber":6,"successfulCount":1,"failedCount":0,"duration":0.00771875,"rate":0,"totalPublicGas":{"daGas":0,"l2Gas":0},"totalBlockGas":{"daGas":1984,"l2Gas":529900},"totalSizeInBytes":1984,"silentlySkippedCount":0,"silentlySkippedDurationMs":0}
[02:36:42.121] INFO: txe:top_level_context Created block 7 with timestamp 1789439802
[02:36:42.724] INFO: simulator:public-processor Processed 1 successful txs and 0 failed txs (0 silently skipped, 0ms wasted) in 0.05431258299999172s {"blockNumber":8,"successfulCount":1,"failedCount":0,"duration":0.05431258299999172,"rate":35856644.85889572,"totalPublicGas":{"daGas":2368,"l2Gas":1947467},"totalBlockGas":{"daGas":3744,"l2Gas":2674217},"totalSizeInBytes":3744,"silentlySkippedCount":0,"silentlySkippedDurationMs":0}
[02:36:43.303] INFO: txe:top_level_context Created block 11 with timestamp 1789443403
[billboard_test] Testing c02::c02_included_wrong_schema_rejected ... [0m[32mok[0m
[02:36:46.543] INFO: kv-store:lmdb-v2 Starting data store with maxReaders 2
[02:36:46.544] INFO: world-state:database Creating world state data store at directory /var/folders/ym/q1vh2x5n58xbsmpmvs5_6w3r0000gn/T/aztec-world-state-EAjWGt/world_state with map sizes {"archiveTreeMapSizeKb":10485760,"nullifierTreeMapSizeKb":10485760,"noteHashTreeMapSizeKb":10485760,"messageTreeMapSizeKb":10485760,"publicDataTreeMapSizeKb":10485760} and 1 threads (ephemeral=true).
[02:36:46.558] INFO: txe_node Aztec Node version: txe
[02:36:46.558] INFO: txe_node Aztec Node started on chain 0x1
[02:36:46.577] INFO: txe:top_level_context Created block 1 with timestamp 1789436206
[02:36:46.638] INFO: txe:top_level_context Created block 2 with timestamp 1789436206
[02:36:46.765] INFO: simulator:public-processor Processed 1 successful txs and 0 failed txs (0 silently skipped, 0ms wasted) in 0.08326987499999813s {"blockNumber":3,"successfulCount":1,"failedCount":0,"duration":0.08326987499999813,"rate":38863394.4748935,"totalPublicGas":{"daGas":4000,"l2Gas":3236150},"totalBlockGas":{"daGas":4000,"l2Gas":3236150},"totalSizeInBytes":4128,"silentlySkippedCount":0,"silentlySkippedDurationMs":0}
[02:36:46.950] INFO: simulator:public-processor Processed 1 successful txs and 0 failed txs (0 silently skipped, 0ms wasted) in 0.02244466700000339s {"blockNumber":4,"successfulCount":1,"failedCount":0,"duration":0.02244466700000339,"rate":50817416.89461589,"totalPublicGas":{"daGas":192,"l2Gas":1140580},"totalBlockGas":{"daGas":320,"l2Gas":1731380},"totalSizeInBytes":320,"silentlySkippedCount":0,"silentlySkippedDurationMs":0}
[02:36:46.995] INFO: txe:top_level_context Created block 5 with timestamp 1789436206
[02:36:47.225] INFO: simulator:public-processor Processed 1 successful txs and 0 failed txs (0 silently skipped, 0ms wasted) in 0.0066127919999998995s {"blockNumber":6,"successfulCount":1,"failedCount":0,"duration":0.0066127919999998995,"rate":0,"totalPublicGas":{"daGas":0,"l2Gas":0},"totalBlockGas":{"daGas":1984,"l2Gas":529900},"totalSizeInBytes":1984,"silentlySkippedCount":0,"silentlySkippedDurationMs":0}
[02:36:47.270] INFO: txe:top_level_context Created block 7 with timestamp 1789439807
[02:36:48.077] INFO: simulator:public-processor Processed 1 successful txs and 0 failed txs (0 silently skipped, 0ms wasted) in 0.06646333299999242s {"blockNumber":8,"successfulCount":1,"failedCount":0,"duration":0.06646333299999242,"rate":29301374.33824184,"totalPublicGas":{"daGas":2368,"l2Gas":1947467},"totalBlockGas":{"daGas":3744,"l2Gas":2674217},"totalSizeInBytes":3744,"silentlySkippedCount":0,"silentlySkippedDurationMs":0}
[02:36:48.679] INFO: txe:top_level_context Created block 11 with timestamp 1789443408
[billboard_test] Testing c02::c02_included_wrong_slot_rejected ... [0m[32mok[0m
[02:36:51.862] INFO: kv-store:lmdb-v2 Starting data store with maxReaders 2
[02:36:51.863] INFO: world-state:database Creating world state data store at directory /var/folders/ym/q1vh2x5n58xbsmpmvs5_6w3r0000gn/T/aztec-world-state-Xo3cK3/world_state with map sizes {"archiveTreeMapSizeKb":10485760,"nullifierTreeMapSizeKb":10485760,"noteHashTreeMapSizeKb":10485760,"messageTreeMapSizeKb":10485760,"publicDataTreeMapSizeKb":10485760} and 1 threads (ephemeral=true).
[02:36:51.876] INFO: txe_node Aztec Node version: txe
[02:36:51.876] INFO: txe_node Aztec Node started on chain 0x1
[02:36:51.894] INFO: txe:top_level_context Created block 1 with timestamp 1789436211
[02:36:51.949] INFO: txe:top_level_context Created block 2 with timestamp 1789436211
[02:36:52.073] INFO: simulator:public-processor Processed 1 successful txs and 0 failed txs (0 silently skipped, 0ms wasted) in 0.0809351250000036s {"blockNumber":3,"successfulCount":1,"failedCount":0,"duration":0.0809351250000036,"rate":39984493.75348288,"totalPublicGas":{"daGas":4000,"l2Gas":3236150},"totalBlockGas":{"daGas":4000,"l2Gas":3236150},"totalSizeInBytes":4128,"silentlySkippedCount":0,"silentlySkippedDurationMs":0}
[02:36:52.246] INFO: simulator:public-processor Processed 1 successful txs and 0 failed txs (0 silently skipped, 0ms wasted) in 0.021040499999988242s {"blockNumber":4,"successfulCount":1,"failedCount":0,"duration":0.021040499999988242,"rate":54208787.814008094,"totalPublicGas":{"daGas":192,"l2Gas":1140580},"totalBlockGas":{"daGas":320,"l2Gas":1731380},"totalSizeInBytes":320,"silentlySkippedCount":0,"silentlySkippedDurationMs":0}
[02:36:52.291] INFO: txe:top_level_context Created block 5 with timestamp 1789436211
[02:36:52.516] INFO: simulator:public-processor Processed 1 successful txs and 0 failed txs (0 silently skipped, 0ms wasted) in 0.006687959000002593s {"blockNumber":6,"successfulCount":1,"failedCount":0,"duration":0.006687959000002593,"rate":0,"totalPublicGas":{"daGas":0,"l2Gas":0},"totalBlockGas":{"daGas":1984,"l2Gas":529900},"totalSizeInBytes":1984,"silentlySkippedCount":0,"silentlySkippedDurationMs":0}
[02:36:52.562] INFO: txe:top_level_context Created block 7 with timestamp 1789438012
[02:36:53.113] INFO: simulator:public-processor Processed 1 successful txs and 0 failed txs (0 silently skipped, 0ms wasted) in 0.006261499999993248s {"blockNumber":8,"successfulCount":1,"failedCount":0,"duration":0.006261499999993248,"rate":0,"totalPublicGas":{"daGas":0,"l2Gas":0},"totalBlockGas":{"daGas":1440,"l2Gas":527400},"totalSizeInBytes":1440,"silentlySkippedCount":0,"silentlySkippedDurationMs":0}
[02:36:53.635] INFO: simulator:public-processor Processed 1 successful txs and 0 failed txs (0 silently skipped, 0ms wasted) in 0.006890167000005022s {"blockNumber":10,"successfulCount":1,"failedCount":0,"duration":0.006890167000005022,"rate":1499092.837661623,"totalPublicGas":{"daGas":0,"l2Gas":10329},"totalBlockGas":{"daGas":0,"l2Gas":10329},"totalSizeInBytes":128,"silentlySkippedCount":0,"silentlySkippedDurationMs":0}
[02:36:53.659] INFO: simulator:public-processor Processed 1 successful txs and 0 failed txs (0 silently skipped, 0ms wasted) in 0.0068585829999938145s {"blockNumber":10,"successfulCount":1,"failedCount":0,"duration":0.0068585829999938145,"rate":1286854.7336976107,"totalPublicGas":{"daGas":0,"l2Gas":8826},"totalBlockGas":{"daGas":0,"l2Gas":8826},"totalSizeInBytes":128,"silentlySkippedCount":0,"silentlySkippedDurationMs":0}
[02:36:54.066] INFO: txe:top_level_context Created block 10 with timestamp 1789439811
[billboard_test] Testing c02::c02_included_young_dummy_advances_without_publication_or_penalty ... [0m[32mok[0m
[02:36:54.640] INFO: simulator:public-processor Processed 1 successful txs and 0 failed txs (0 silently skipped, 0ms wasted) in 0.05398133300000336s {"blockNumber":11,"successfulCount":1,"failedCount":0,"duration":0.05398133300000336,"rate":36076674.87573674,"totalPublicGas":{"daGas":2368,"l2Gas":1947467},"totalBlockGas":{"daGas":3744,"l2Gas":2674217},"totalSizeInBytes":3744,"silentlySkippedCount":0,"silentlySkippedDurationMs":0}
[02:36:57.798] INFO: kv-store:lmdb-v2 Starting data store with maxReaders 2
[02:36:57.801] INFO: world-state:database Creating world state data store at directory /var/folders/ym/q1vh2x5n58xbsmpmvs5_6w3r0000gn/T/aztec-world-state-N5I9tU/world_state with map sizes {"archiveTreeMapSizeKb":10485760,"nullifierTreeMapSizeKb":10485760,"noteHashTreeMapSizeKb":10485760,"messageTreeMapSizeKb":10485760,"publicDataTreeMapSizeKb":10485760} and 1 threads (ephemeral=true).
[02:36:57.814] INFO: txe_node Aztec Node version: txe
[02:36:57.814] INFO: txe_node Aztec Node started on chain 0x1
[02:36:57.833] INFO: txe:top_level_context Created block 1 with timestamp 1789436217
[02:36:57.890] INFO: txe:top_level_context Created block 2 with timestamp 1789436217
[02:36:58.013] INFO: simulator:public-processor Processed 1 successful txs and 0 failed txs (0 silently skipped, 0ms wasted) in 0.07991504199999326s {"blockNumber":3,"successfulCount":1,"failedCount":0,"duration":0.07991504199999326,"rate":40494879.54971322,"totalPublicGas":{"daGas":4000,"l2Gas":3236150},"totalBlockGas":{"daGas":4000,"l2Gas":3236150},"totalSizeInBytes":4128,"silentlySkippedCount":0,"silentlySkippedDurationMs":0}
[02:36:58.193] INFO: simulator:public-processor Processed 1 successful txs and 0 failed txs (0 silently skipped, 0ms wasted) in 0.02203437500000291s {"blockNumber":4,"successfulCount":1,"failedCount":0,"duration":0.02203437500000291,"rate":51763664.728400484,"totalPublicGas":{"daGas":192,"l2Gas":1140580},"totalBlockGas":{"daGas":320,"l2Gas":1731380},"totalSizeInBytes":320,"silentlySkippedCount":0,"silentlySkippedDurationMs":0}
[02:36:58.238] INFO: txe:top_level_context Created block 5 with timestamp 1789436217
[02:36:58.465] INFO: simulator:public-processor Processed 1 successful txs and 0 failed txs (0 silently skipped, 0ms wasted) in 0.00656708300000173s {"blockNumber":6,"successfulCount":1,"failedCount":0,"duration":0.00656708300000173,"rate":0,"totalPublicGas":{"daGas":0,"l2Gas":0},"totalBlockGas":{"daGas":1984,"l2Gas":529900},"totalSizeInBytes":1984,"silentlySkippedCount":0,"silentlySkippedDurationMs":0}
[02:36:58.510] INFO: txe:top_level_context Created block 7 with timestamp 1789439818
[02:36:59.107] INFO: simulator:public-processor Processed 1 successful txs and 0 failed txs (0 silently skipped, 0ms wasted) in 0.054304083999988505s {"blockNumber":8,"successfulCount":1,"failedCount":0,"duration":0.054304083999988505,"rate":35862256.695102565,"totalPublicGas":{"daGas":2368,"l2Gas":1947467},"totalBlockGas":{"daGas":3744,"l2Gas":2674217},"totalSizeInBytes":3744,"silentlySkippedCount":0,"silentlySkippedDurationMs":0}
[02:37:00.022] INFO: txe:top_level_context Created block 10 with timestamp 1789443419
[02:37:00.607] INFO: simulator:public-processor Processed 1 successful txs and 0 failed txs (0 silently skipped, 0ms wasted) in 0.055030291999995824s {"blockNumber":11,"successfulCount":1,"failedCount":0,"duration":0.055030291999995824,"rate":35388999.934802234,"totalPublicGas":{"daGas":2368,"l2Gas":1947467},"totalBlockGas":{"daGas":3744,"l2Gas":2674217},"totalSizeInBytes":3744,"silentlySkippedCount":0,"silentlySkippedDurationMs":0}
[billboard_test] Testing c02::c02_matching_included_child_advances_exactly_one ... [0m[32mok[0m
[02:37:03.851] INFO: kv-store:lmdb-v2 Starting data store with maxReaders 2
[02:37:03.851] INFO: world-state:database Creating world state data store at directory /var/folders/ym/q1vh2x5n58xbsmpmvs5_6w3r0000gn/T/aztec-world-state-7hAsIV/world_state with map sizes {"archiveTreeMapSizeKb":10485760,"nullifierTreeMapSizeKb":10485760,"noteHashTreeMapSizeKb":10485760,"messageTreeMapSizeKb":10485760,"publicDataTreeMapSizeKb":10485760} and 1 threads (ephemeral=true).
[02:37:03.865] INFO: txe_node Aztec Node version: txe
[02:37:03.865] INFO: txe_node Aztec Node started on chain 0x1
[02:37:03.883] INFO: txe:top_level_context Created block 1 with timestamp 1789436223
[02:37:03.937] INFO: txe:top_level_context Created block 2 with timestamp 1789436223
[02:37:04.061] INFO: simulator:public-processor Processed 1 successful txs and 0 failed txs (0 silently skipped, 0ms wasted) in 0.0796481669999921s {"blockNumber":3,"successfulCount":1,"failedCount":0,"duration":0.0796481669999921,"rate":40630564.668240525,"totalPublicGas":{"daGas":4000,"l2Gas":3236150},"totalBlockGas":{"daGas":4000,"l2Gas":3236150},"totalSizeInBytes":4128,"silentlySkippedCount":0,"silentlySkippedDurationMs":0}
[02:37:04.236] INFO: simulator:public-processor Processed 1 successful txs and 0 failed txs (0 silently skipped, 0ms wasted) in 0.021207125000000816s {"blockNumber":4,"successfulCount":1,"failedCount":0,"duration":0.021207125000000816,"rate":53782867.78617828,"totalPublicGas":{"daGas":192,"l2Gas":1140580},"totalBlockGas":{"daGas":320,"l2Gas":1731380},"totalSizeInBytes":320,"silentlySkippedCount":0,"silentlySkippedDurationMs":0}
[02:37:04.281] INFO: txe:top_level_context Created block 5 with timestamp 1789436223
[02:37:04.511] INFO: simulator:public-processor Processed 1 successful txs and 0 failed txs (0 silently skipped, 0ms wasted) in 0.007565499999996973s {"blockNumber":6,"successfulCount":1,"failedCount":0,"duration":0.007565499999996973,"rate":0,"totalPublicGas":{"daGas":0,"l2Gas":0},"totalBlockGas":{"daGas":1984,"l2Gas":529900},"totalSizeInBytes":1984,"silentlySkippedCount":0,"silentlySkippedDurationMs":0}
[02:37:04.556] INFO: txe:top_level_context Created block 7 with timestamp 1789439824
[02:37:05.150] INFO: simulator:public-processor Processed 1 successful txs and 0 failed txs (0 silently skipped, 0ms wasted) in 0.05449762499998906s {"blockNumber":8,"successfulCount":1,"failedCount":0,"duration":0.05449762499998906,"rate":35734896.704221345,"totalPublicGas":{"daGas":2368,"l2Gas":1947467},"totalBlockGas":{"daGas":3744,"l2Gas":2674217},"totalSizeInBytes":3744,"silentlySkippedCount":0,"silentlySkippedDurationMs":0}
[02:37:05.625] INFO: txe:top_level_context Created block 9 with timestamp 1789443425
[02:37:06.165] INFO: simulator:public-processor Processed 1 successful txs and 0 failed txs (0 silently skipped, 0ms wasted) in 0.00639679199999955s {"blockNumber":10,"successfulCount":1,"failedCount":0,"duration":0.00639679199999955,"rate":0,"totalPublicGas":{"daGas":0,"l2Gas":0},"totalBlockGas":{"daGas":1440,"l2Gas":527400},"totalSizeInBytes":1440,"silentlySkippedCount":0,"silentlySkippedDurationMs":0}
[02:37:06.641] INFO: txe:top_level_context Created block 11 with timestamp 1789447024
[02:37:06.851] INFO: simulator:public-processor Processed 1 successful txs and 0 failed txs (0 silently skipped, 0ms wasted) in 0.007108041999992565s {"blockNumber":12,"successfulCount":1,"failedCount":0,"duration":0.007108041999992565,"rate":0,"totalPublicGas":{"daGas":0,"l2Gas":0},"totalBlockGas":{"daGas":256,"l2Gas":477200},"totalSizeInBytes":256,"silentlySkippedCount":0,"silentlySkippedDurationMs":0}
[02:37:07.381] INFO: txe:top_level_context Created block 14 with timestamp 1789447024
[02:37:07.643] INFO: simulator:public-processor Processed 1 successful txs and 0 failed txs (0 silently skipped, 0ms wasted) in 0.006246749999991153s {"blockNumber":15,"successfulCount":1,"failedCount":0,"duration":0.006246749999991153,"rate":0,"totalPublicGas":{"daGas":0,"l2Gas":0},"totalBlockGas":{"daGas":832,"l2Gas":499700},"totalSizeInBytes":832,"silentlySkippedCount":0,"silentlySkippedDurationMs":0}
[02:37:08.090] INFO: txe:top_level_context Created block 16 with timestamp 1789450625
[02:37:08.672] INFO: simulator:public-processor Processed 1 successful txs and 0 failed txs (0 silently skipped, 0ms wasted) in 0.05746962500001246s {"blockNumber":17,"successfulCount":1,"failedCount":0,"duration":0.05746962500001246,"rate":33886892.423599035,"totalPublicGas":{"daGas":2368,"l2Gas":1947467},"totalBlockGas":{"daGas":3744,"l2Gas":2674217},"totalSizeInBytes":3744,"silentlySkippedCount":0,"silentlySkippedDurationMs":0}
[02:37:09.622] INFO: txe:top_level_context Created block 20 with timestamp 1789454226
[02:37:10.215] INFO: simulator:public-processor Processed 1 successful txs and 0 failed txs (0 silently skipped, 0ms wasted) in 0.056306750000003375s {"blockNumber":21,"successfulCount":1,"failedCount":0,"duration":0.056306750000003375,"rate":34586741.37647588,"totalPublicGas":{"daGas":2368,"l2Gas":1947467},"totalBlockGas":{"daGas":3744,"l2Gas":2674217},"totalSizeInBytes":3744,"silentlySkippedCount":0,"silentlySkippedDurationMs":0}
[billboard_test] Testing c02::c02_new_cycle_screens_new_history_after_old_right_burn ... [0m[32mok[0m
[02:37:13.518] INFO: kv-store:lmdb-v2 Starting data store with maxReaders 2
[02:37:13.519] INFO: world-state:database Creating world state data store at directory /var/folders/ym/q1vh2x5n58xbsmpmvs5_6w3r0000gn/T/aztec-world-state-Boi5bO/world_state with map sizes {"archiveTreeMapSizeKb":10485760,"nullifierTreeMapSizeKb":10485760,"noteHashTreeMapSizeKb":10485760,"messageTreeMapSizeKb":10485760,"publicDataTreeMapSizeKb":10485760} and 1 threads (ephemeral=true).
[02:37:13.538] INFO: txe_node Aztec Node version: txe
[02:37:13.538] INFO: txe_node Aztec Node started on chain 0x1
[02:37:13.556] INFO: txe:top_level_context Created block 1 with timestamp 1789436233
[02:37:13.613] INFO: txe:top_level_context Created block 2 with timestamp 1789436233
[02:37:13.739] INFO: simulator:public-processor Processed 1 successful txs and 0 failed txs (0 silently skipped, 0ms wasted) in 0.08194750000000932s {"blockNumber":3,"successfulCount":1,"failedCount":0,"duration":0.08194750000000932,"rate":39490527.47185249,"totalPublicGas":{"daGas":4000,"l2Gas":3236150},"totalBlockGas":{"daGas":4000,"l2Gas":3236150},"totalSizeInBytes":4128,"silentlySkippedCount":0,"silentlySkippedDurationMs":0}
[02:37:13.936] INFO: simulator:public-processor Processed 1 successful txs and 0 failed txs (0 silently skipped, 0ms wasted) in 0.021444499999997788s {"blockNumber":4,"successfulCount":1,"failedCount":0,"duration":0.021444499999997788,"rate":53187530.60225781,"totalPublicGas":{"daGas":192,"l2Gas":1140580},"totalBlockGas":{"daGas":320,"l2Gas":1731380},"totalSizeInBytes":320,"silentlySkippedCount":0,"silentlySkippedDurationMs":0}
[02:37:13.980] INFO: txe:top_level_context Created block 5 with timestamp 1789436233
[02:37:14.202] INFO: simulator:public-processor Processed 1 successful txs and 0 failed txs (0 silently skipped, 0ms wasted) in 0.00687537500000326s {"blockNumber":6,"successfulCount":1,"failedCount":0,"duration":0.00687537500000326,"rate":0,"totalPublicGas":{"daGas":0,"l2Gas":0},"totalBlockGas":{"daGas":1984,"l2Gas":529900},"totalSizeInBytes":1984,"silentlySkippedCount":0,"silentlySkippedDurationMs":0}
[02:37:14.337] INFO: txe:top_level_context Created block 9 with timestamp 1789439834
[billboard_test] Testing c02::c02_no_history_rejects_included_unused_hint ... [0m[32mok[0m
[02:37:17.485] INFO: kv-store:lmdb-v2 Starting data store with maxReaders 2
[02:37:17.486] INFO: world-state:database Creating world state data store at directory /var/folders/ym/q1vh2x5n58xbsmpmvs5_6w3r0000gn/T/aztec-world-state-s2pgMf/world_state with map sizes {"archiveTreeMapSizeKb":10485760,"nullifierTreeMapSizeKb":10485760,"noteHashTreeMapSizeKb":10485760,"messageTreeMapSizeKb":10485760,"publicDataTreeMapSizeKb":10485760} and 1 threads (ephemeral=true).
[02:37:17.500] INFO: txe_node Aztec Node version: txe
[02:37:17.501] INFO: txe_node Aztec Node started on chain 0x1
[02:37:17.519] INFO: txe:top_level_context Created block 1 with timestamp 1789436237
[02:37:17.578] INFO: txe:top_level_context Created block 2 with timestamp 1789436237
[02:37:17.709] INFO: simulator:public-processor Processed 1 successful txs and 0 failed txs (0 silently skipped, 0ms wasted) in 0.08563716600000043s {"blockNumber":3,"successfulCount":1,"failedCount":0,"duration":0.08563716600000043,"rate":37789083.30525538,"totalPublicGas":{"daGas":4000,"l2Gas":3236150},"totalBlockGas":{"daGas":4000,"l2Gas":3236150},"totalSizeInBytes":4128,"silentlySkippedCount":0,"silentlySkippedDurationMs":0}
[02:37:17.895] INFO: simulator:public-processor Processed 1 successful txs and 0 failed txs (0 silently skipped, 0ms wasted) in 0.027961874999993596s {"blockNumber":4,"successfulCount":1,"failedCount":0,"duration":0.027961874999993596,"rate":40790540.69157598,"totalPublicGas":{"daGas":192,"l2Gas":1140580},"totalBlockGas":{"daGas":320,"l2Gas":1731380},"totalSizeInBytes":320,"silentlySkippedCount":0,"silentlySkippedDurationMs":0}
[02:37:17.940] INFO: txe:top_level_context Created block 5 with timestamp 1789436237
[02:37:18.179] INFO: simulator:public-processor Processed 1 successful txs and 0 failed txs (0 silently skipped, 0ms wasted) in 0.006931334000008065s {"blockNumber":6,"successfulCount":1,"failedCount":0,"duration":0.006931334000008065,"rate":0,"totalPublicGas":{"daGas":0,"l2Gas":0},"totalBlockGas":{"daGas":1984,"l2Gas":529900},"totalSizeInBytes":1984,"silentlySkippedCount":0,"silentlySkippedDurationMs":0}
[02:37:18.225] INFO: txe:top_level_context Created block 7 with timestamp 1789439838
[02:37:18.838] INFO: simulator:public-processor Processed 1 successful txs and 0 failed txs (0 silently skipped, 0ms wasted) in 0.05562229200000002s {"blockNumber":8,"successfulCount":1,"failedCount":0,"duration":0.05562229200000002,"rate":35012347.207842484,"totalPublicGas":{"daGas":2368,"l2Gas":1947467},"totalBlockGas":{"daGas":3744,"l2Gas":2674217},"totalSizeInBytes":3744,"silentlySkippedCount":0,"silentlySkippedDurationMs":0}
[02:37:19.344] INFO: txe:top_level_context Created block 9 with timestamp 1789439838
[02:37:19.565] INFO: simulator:public-processor Processed 1 successful txs and 0 failed txs (0 silently skipped, 0ms wasted) in 0.005894791999991867s {"blockNumber":10,"successfulCount":1,"failedCount":0,"duration":0.005894791999991867,"rate":0,"totalPublicGas":{"daGas":0,"l2Gas":0},"totalBlockGas":{"daGas":832,"l2Gas":499700},"totalSizeInBytes":832,"silentlySkippedCount":0,"silentlySkippedDurationMs":0}
[02:37:20.031] INFO: txe:top_level_context Created block 11 with timestamp 1789443439
[02:37:20.619] INFO: simulator:public-processor Processed 1 successful txs and 0 failed txs (0 silently skipped, 0ms wasted) in 0.053752874999991034s {"blockNumber":12,"successfulCount":1,"failedCount":0,"duration":0.053752874999991034,"rate":36230006.30199454,"totalPublicGas":{"daGas":2368,"l2Gas":1947467},"totalBlockGas":{"daGas":3744,"l2Gas":2674217},"totalSizeInBytes":3744,"silentlySkippedCount":0,"silentlySkippedDurationMs":0}
[02:37:21.600] INFO: txe:top_level_context Created block 15 with timestamp 1789447040
[billboard_test] Testing c02::c02_second_receipt_rejects_first_receipt_history ... [0m[32mok[0m
[02:37:24.711] INFO: kv-store:lmdb-v2 Starting data store with maxReaders 2
[02:37:24.712] INFO: world-state:database Creating world state data store at directory /var/folders/ym/q1vh2x5n58xbsmpmvs5_6w3r0000gn/T/aztec-world-state-Tan9Jq/world_state with map sizes {"archiveTreeMapSizeKb":10485760,"nullifierTreeMapSizeKb":10485760,"noteHashTreeMapSizeKb":10485760,"messageTreeMapSizeKb":10485760,"publicDataTreeMapSizeKb":10485760} and 1 threads (ephemeral=true).
[02:37:24.725] INFO: txe_node Aztec Node version: txe
[02:37:24.725] INFO: txe_node Aztec Node started on chain 0x1
[02:37:24.743] INFO: txe:top_level_context Created block 1 with timestamp 1789436244
[02:37:24.797] INFO: txe:top_level_context Created block 2 with timestamp 1789436244
[02:37:24.918] INFO: simulator:public-processor Processed 1 successful txs and 0 failed txs (0 silently skipped, 0ms wasted) in 0.07833829200000036s {"blockNumber":3,"successfulCount":1,"failedCount":0,"duration":0.07833829200000036,"rate":41309938.18450861,"totalPublicGas":{"daGas":4000,"l2Gas":3236150},"totalBlockGas":{"daGas":4000,"l2Gas":3236150},"totalSizeInBytes":4128,"silentlySkippedCount":0,"silentlySkippedDurationMs":0}
[02:37:25.088] INFO: simulator:public-processor Processed 1 successful txs and 0 failed txs (0 silently skipped, 0ms wasted) in 0.02094258400000399s {"blockNumber":4,"successfulCount":1,"failedCount":0,"duration":0.02094258400000399,"rate":54462238.27965941,"totalPublicGas":{"daGas":192,"l2Gas":1140580},"totalBlockGas":{"daGas":320,"l2Gas":1731380},"totalSizeInBytes":320,"silentlySkippedCount":0,"silentlySkippedDurationMs":0}
[02:37:25.133] INFO: txe:top_level_context Created block 5 with timestamp 1789436244
[02:37:25.361] INFO: simulator:public-processor Processed 1 successful txs and 0 failed txs (0 silently skipped, 0ms wasted) in 0.006660457999998471s {"blockNumber":6,"successfulCount":1,"failedCount":0,"duration":0.006660457999998471,"rate":0,"totalPublicGas":{"daGas":0,"l2Gas":0},"totalBlockGas":{"daGas":1984,"l2Gas":529900},"totalSizeInBytes":1984,"silentlySkippedCount":0,"silentlySkippedDurationMs":0}
[02:37:25.407] INFO: txe:top_level_context Created block 7 with timestamp 1789439845
[02:37:26.002] INFO: simulator:public-processor Processed 1 successful txs and 0 failed txs (0 silently skipped, 0ms wasted) in 0.05399858300000778s {"blockNumber":8,"successfulCount":1,"failedCount":0,"duration":0.05399858300000778,"rate":36065150.07995153,"totalPublicGas":{"daGas":2368,"l2Gas":1947467},"totalBlockGas":{"daGas":3744,"l2Gas":2674217},"totalSizeInBytes":3744,"silentlySkippedCount":0,"silentlySkippedDurationMs":0}
[02:37:26.460] INFO: txe:top_level_context Created block 9 with timestamp 1789439845
[02:37:26.673] INFO: simulator:public-processor Processed 1 successful txs and 0 failed txs (0 silently skipped, 0ms wasted) in 0.005766499999997904s {"blockNumber":10,"successfulCount":1,"failedCount":0,"duration":0.005766499999997904,"rate":0,"totalPublicGas":{"daGas":0,"l2Gas":0},"totalBlockGas":{"daGas":832,"l2Gas":499700},"totalSizeInBytes":832,"silentlySkippedCount":0,"silentlySkippedDurationMs":0}
[02:37:27.119] INFO: txe:top_level_context Created block 11 with timestamp 1789443446
[02:37:27.702] INFO: simulator:public-processor Processed 1 successful txs and 0 failed txs (0 silently skipped, 0ms wasted) in 0.05559637500000827s {"blockNumber":12,"successfulCount":1,"failedCount":0,"duration":0.05559637500000827,"rate":35028668.68567798,"totalPublicGas":{"daGas":2368,"l2Gas":1947467},"totalBlockGas":{"daGas":3744,"l2Gas":2674217},"totalSizeInBytes":3744,"silentlySkippedCount":0,"silentlySkippedDurationMs":0}
[02:37:29.143] INFO: simulator:public-processor Processed 1 successful txs and 0 failed txs (0 silently skipped, 0ms wasted) in 0.05568670800000836s {"blockNumber":15,"successfulCount":1,"failedCount":0,"duration":0.05568670800000836,"rate":34971846.42338181,"totalPublicGas":{"daGas":2368,"l2Gas":1947467},"totalBlockGas":{"daGas":3744,"l2Gas":2674217},"totalSizeInBytes":3744,"silentlySkippedCount":0,"silentlySkippedDurationMs":0}
[02:37:29.625] INFO: txe:top_level_context Created block 16 with timestamp 1789447047
[02:37:30.257] INFO: simulator:public-processor Processed 1 successful txs and 0 failed txs (0 silently skipped, 0ms wasted) in 0.0564673749999929s {"blockNumber":17,"successfulCount":1,"failedCount":0,"duration":0.0564673749999929,"rate":34488357.21512192,"totalPublicGas":{"daGas":2368,"l2Gas":1947467},"totalBlockGas":{"daGas":3744,"l2Gas":2674217},"totalSizeInBytes":3744,"silentlySkippedCount":0,"silentlySkippedDurationMs":0}
[billboard_test] Testing c02::c02_two_authentic_receipts_screen_only_their_own_history ... [0m[32mok[0m
[02:37:33.616] INFO: kv-store:lmdb-v2 Starting data store with maxReaders 2
[02:37:33.618] INFO: world-state:database Creating world state data store at directory /var/folders/ym/q1vh2x5n58xbsmpmvs5_6w3r0000gn/T/aztec-world-state-gRLxYQ/world_state with map sizes {"archiveTreeMapSizeKb":10485760,"nullifierTreeMapSizeKb":10485760,"noteHashTreeMapSizeKb":10485760,"messageTreeMapSizeKb":10485760,"publicDataTreeMapSizeKb":10485760} and 1 threads (ephemeral=true).
[02:37:33.632] INFO: txe_node Aztec Node version: txe
[02:37:33.632] INFO: txe_node Aztec Node started on chain 0x1
[02:37:33.666] INFO: txe:top_level_context Created block 1 with timestamp 1789436253
[02:37:33.735] INFO: txe:top_level_context Created block 2 with timestamp 1789436253
[02:37:33.873] INFO: simulator:public-processor Processed 1 successful txs and 0 failed txs (0 silently skipped, 0ms wasted) in 0.08960562499999651s {"blockNumber":3,"successfulCount":1,"failedCount":0,"duration":0.08960562499999651,"rate":36115478.24146225,"totalPublicGas":{"daGas":4000,"l2Gas":3236150},"totalBlockGas":{"daGas":4000,"l2Gas":3236150},"totalSizeInBytes":4128,"silentlySkippedCount":0,"silentlySkippedDurationMs":0}
[02:37:34.089] INFO: simulator:public-processor Processed 1 successful txs and 0 failed txs (0 silently skipped, 0ms wasted) in 0.02219825000000128s {"blockNumber":4,"successfulCount":1,"failedCount":0,"duration":0.02219825000000128,"rate":51381527.82313625,"totalPublicGas":{"daGas":192,"l2Gas":1140580},"totalBlockGas":{"daGas":320,"l2Gas":1731380},"totalSizeInBytes":320,"silentlySkippedCount":0,"silentlySkippedDurationMs":0}
[02:37:34.136] INFO: txe:top_level_context Created block 5 with timestamp 1789436253
[02:37:34.363] INFO: simulator:public-processor Processed 1 successful txs and 0 failed txs (0 silently skipped, 0ms wasted) in 0.006569791999994777s {"blockNumber":6,"successfulCount":1,"failedCount":0,"duration":0.006569791999994777,"rate":0,"totalPublicGas":{"daGas":0,"l2Gas":0},"totalBlockGas":{"daGas":1984,"l2Gas":529900},"totalSizeInBytes":1984,"silentlySkippedCount":0,"silentlySkippedDurationMs":0}
[02:37:34.407] INFO: txe:top_level_context Created block 7 with timestamp 1789438054
[02:37:35.019] INFO: simulator:public-processor Processed 1 successful txs and 0 failed txs (0 silently skipped, 0ms wasted) in 0.056417082999993s {"blockNumber":8,"successfulCount":1,"failedCount":0,"duration":0.056417082999993,"rate":34519101.24456881,"totalPublicGas":{"daGas":2368,"l2Gas":1947467},"totalBlockGas":{"daGas":3744,"l2Gas":2674217},"totalSizeInBytes":3744,"silentlySkippedCount":0,"silentlySkippedDurationMs":0}
[02:37:35.476] INFO: txe:top_level_context Created block 9 with timestamp 1789439853
[02:37:36.058] INFO: simulator:public-processor Processed 1 successful txs and 0 failed txs (0 silently skipped, 0ms wasted) in 0.05414262499999313s {"blockNumber":10,"successfulCount":1,"failedCount":0,"duration":0.05414262499999313,"rate":35969201.71491957,"totalPublicGas":{"daGas":2368,"l2Gas":1947467},"totalBlockGas":{"daGas":3744,"l2Gas":2674217},"totalSizeInBytes":3744,"silentlySkippedCount":0,"silentlySkippedDurationMs":0}
[02:37:36.624] INFO: txe:top_level_context Created block 13 with timestamp 1789441653
[02:37:37.216] INFO: simulator:public-processor Processed 1 successful txs and 0 failed txs (0 silently skipped, 0ms wasted) in 0.0551943750000064s {"blockNumber":14,"successfulCount":1,"failedCount":0,"duration":0.0551943750000064,"rate":35283794.77074927,"totalPublicGas":{"daGas":2368,"l2Gas":1947467},"totalBlockGas":{"daGas":3744,"l2Gas":2674217},"totalSizeInBytes":3744,"silentlySkippedCount":0,"silentlySkippedDurationMs":0}
[billboard_test] Testing c02::c02_valid_young_pair_remains_unscreened ... [0m[32mok[0m
[02:37:40.465] INFO: kv-store:lmdb-v2 Starting data store with maxReaders 2
[02:37:40.466] INFO: world-state:database Creating world state data store at directory /var/folders/ym/q1vh2x5n58xbsmpmvs5_6w3r0000gn/T/aztec-world-state-mDHUYB/world_state with map sizes {"archiveTreeMapSizeKb":10485760,"nullifierTreeMapSizeKb":10485760,"noteHashTreeMapSizeKb":10485760,"messageTreeMapSizeKb":10485760,"publicDataTreeMapSizeKb":10485760} and 1 threads (ephemeral=true).
[02:37:40.479] INFO: txe_node Aztec Node version: txe
[02:37:40.479] INFO: txe_node Aztec Node started on chain 0x1
[02:37:40.497] INFO: txe:top_level_context Created block 1 with timestamp 1789436260
[02:37:40.552] INFO: txe:top_level_context Created block 2 with timestamp 1789436260
[02:37:40.673] INFO: simulator:public-processor Processed 1 successful txs and 0 failed txs (0 silently skipped, 0ms wasted) in 0.07867295799999556s {"blockNumber":3,"successfulCount":1,"failedCount":0,"duration":0.07867295799999556,"rate":41134210.30896261,"totalPublicGas":{"daGas":4000,"l2Gas":3236150},"totalBlockGas":{"daGas":4000,"l2Gas":3236150},"totalSizeInBytes":4128,"silentlySkippedCount":0,"silentlySkippedDurationMs":0}
[02:37:40.848] INFO: simulator:public-processor Processed 1 successful txs and 0 failed txs (0 silently skipped, 0ms wasted) in 0.021913915999990423s {"blockNumber":4,"successfulCount":1,"failedCount":0,"duration":0.021913915999990423,"rate":52048205.35044939,"totalPublicGas":{"daGas":192,"l2Gas":1140580},"totalBlockGas":{"daGas":320,"l2Gas":1731380},"totalSizeInBytes":320,"silentlySkippedCount":0,"silentlySkippedDurationMs":0}
[02:37:40.893] INFO: txe:top_level_context Created block 5 with timestamp 1789436260
[02:37:41.127] INFO: simulator:public-processor Processed 1 successful txs and 0 failed txs (0 silently skipped, 0ms wasted) in 0.006883541000002879s {"blockNumber":6,"successfulCount":1,"failedCount":0,"duration":0.006883541000002879,"rate":0,"totalPublicGas":{"daGas":0,"l2Gas":0},"totalBlockGas":{"daGas":1984,"l2Gas":529900},"totalSizeInBytes":1984,"silentlySkippedCount":0,"silentlySkippedDurationMs":0}
[02:37:41.174] INFO: txe:top_level_context Created block 7 with timestamp 1789439861
[02:37:41.790] INFO: simulator:public-processor Processed 1 successful txs and 0 failed txs (0 silently skipped, 0ms wasted) in 0.05739458399999421s {"blockNumber":8,"successfulCount":1,"failedCount":0,"duration":0.05739458399999421,"rate":33931198.10747642,"totalPublicGas":{"daGas":2368,"l2Gas":1947467},"totalBlockGas":{"daGas":3744,"l2Gas":2674217},"totalSizeInBytes":3744,"silentlySkippedCount":0,"silentlySkippedDurationMs":0}
[02:37:42.327] INFO: txe:top_level_context Created block 9 with timestamp 1789443462
[02:37:42.868] INFO: simulator:public-processor Processed 1 successful txs and 0 failed txs (0 silently skipped, 0ms wasted) in 0.00625845800001116s {"blockNumber":10,"successfulCount":1,"failedCount":0,"duration":0.00625845800001116,"rate":0,"totalPublicGas":{"daGas":0,"l2Gas":0},"totalBlockGas":{"daGas":1440,"l2Gas":527400},"totalSizeInBytes":1440,"silentlySkippedCount":0,"silentlySkippedDurationMs":0}
[02:37:43.332] INFO: txe:top_level_context Created block 11 with timestamp 1789447061
[02:37:43.517] INFO: simulator:public-processor Processed 1 successful txs and 0 failed txs (0 silently skipped, 0ms wasted) in 0.005460832999990089s {"blockNumber":12,"successfulCount":1,"failedCount":0,"duration":0.005460832999990089,"rate":0,"totalPublicGas":{"daGas":0,"l2Gas":0},"totalBlockGas":{"daGas":256,"l2Gas":477200},"totalSizeInBytes":256,"silentlySkippedCount":0,"silentlySkippedDurationMs":0}
[02:37:44.002] INFO: txe:top_level_context Created block 14 with timestamp 1789447061
[02:37:44.225] INFO: simulator:public-processor Processed 1 successful txs and 0 failed txs (0 silently skipped, 0ms wasted) in 0.0062051669999927984s {"blockNumber":15,"successfulCount":1,"failedCount":0,"duration":0.0062051669999927984,"rate":0,"totalPublicGas":{"daGas":0,"l2Gas":0},"totalBlockGas":{"daGas":832,"l2Gas":499700},"totalSizeInBytes":832,"silentlySkippedCount":0,"silentlySkippedDurationMs":0}
[02:37:44.684] INFO: txe:top_level_context Created block 16 with timestamp 1789450662
[02:37:45.261] INFO: simulator:public-processor Processed 1 successful txs and 0 failed txs (0 silently skipped, 0ms wasted) in 0.05462849999999162s {"blockNumber":17,"successfulCount":1,"failedCount":0,"duration":0.05462849999999162,"rate":35649285.62930153,"totalPublicGas":{"daGas":2368,"l2Gas":1947467},"totalBlockGas":{"daGas":3744,"l2Gas":2674217},"totalSizeInBytes":3744,"silentlySkippedCount":0,"silentlySkippedDurationMs":0}
[02:37:46.201] INFO: txe:top_level_context Created block 20 with timestamp 1789454263
[billboard_test] Testing c02::c02_withdrawn_cycle_included_history_cannot_screen_new_receipt ... [0m[32mok[0m
[02:37:49.374] INFO: kv-store:lmdb-v2 Starting data store with maxReaders 2
[02:37:49.375] INFO: world-state:database Creating world state data store at directory /var/folders/ym/q1vh2x5n58xbsmpmvs5_6w3r0000gn/T/aztec-world-state-PUBXXM/world_state with map sizes {"archiveTreeMapSizeKb":10485760,"nullifierTreeMapSizeKb":10485760,"noteHashTreeMapSizeKb":10485760,"messageTreeMapSizeKb":10485760,"publicDataTreeMapSizeKb":10485760} and 1 threads (ephemeral=true).
[02:37:49.388] INFO: txe_node Aztec Node version: txe
[02:37:49.388] INFO: txe_node Aztec Node started on chain 0x1
[02:37:49.407] INFO: txe:top_level_context Created block 1 with timestamp 1789436269
[02:37:49.463] INFO: txe:top_level_context Created block 2 with timestamp 1789436269
[02:37:49.588] INFO: simulator:public-processor Processed 1 successful txs and 0 failed txs (0 silently skipped, 0ms wasted) in 0.08158866599999601s {"blockNumber":3,"successfulCount":1,"failedCount":0,"duration":0.08158866599999601,"rate":39664210.22253457,"totalPublicGas":{"daGas":4000,"l2Gas":3236150},"totalBlockGas":{"daGas":4000,"l2Gas":3236150},"totalSizeInBytes":4128,"silentlySkippedCount":0,"silentlySkippedDurationMs":0}
[02:37:49.770] INFO: simulator:public-processor Processed 1 successful txs and 0 failed txs (0 silently skipped, 0ms wasted) in 0.02205745900000329s {"blockNumber":4,"successfulCount":1,"failedCount":0,"duration":0.02205745900000329,"rate":51709492.01355559,"totalPublicGas":{"daGas":192,"l2Gas":1140580},"totalBlockGas":{"daGas":320,"l2Gas":1731380},"totalSizeInBytes":320,"silentlySkippedCount":0,"silentlySkippedDurationMs":0}
[02:37:49.815] INFO: txe:top_level_context Created block 5 with timestamp 1789436269
[02:37:50.042] INFO: simulator:public-processor Processed 1 successful txs and 0 failed txs (0 silently skipped, 0ms wasted) in 0.0064476250000006985s {"blockNumber":6,"successfulCount":1,"failedCount":0,"duration":0.0064476250000006985,"rate":0,"totalPublicGas":{"daGas":0,"l2Gas":0},"totalBlockGas":{"daGas":1984,"l2Gas":529900},"totalSizeInBytes":1984,"silentlySkippedCount":0,"silentlySkippedDurationMs":0}
[02:37:50.086] INFO: txe:top_level_context Created block 7 with timestamp 1789438070
[02:37:50.688] INFO: simulator:public-processor Processed 1 successful txs and 0 failed txs (0 silently skipped, 0ms wasted) in 0.05274654200000805s {"blockNumber":8,"successfulCount":1,"failedCount":0,"duration":0.05274654200000805,"rate":36921226.03979807,"totalPublicGas":{"daGas":2368,"l2Gas":1947467},"totalBlockGas":{"daGas":3744,"l2Gas":2674217},"totalSizeInBytes":3744,"silentlySkippedCount":0,"silentlySkippedDurationMs":0}
[02:37:51.145] INFO: txe:top_level_context Created block 9 with timestamp 1789439869
[02:37:51.732] INFO: simulator:public-processor Processed 1 successful txs and 0 failed txs (0 silently skipped, 0ms wasted) in 0.055318124999990684s {"blockNumber":10,"successfulCount":1,"failedCount":0,"duration":0.055318124999990684,"rate":35204862.78232185,"totalPublicGas":{"daGas":2368,"l2Gas":1947467},"totalBlockGas":{"daGas":3744,"l2Gas":2674217},"totalSizeInBytes":3744,"silentlySkippedCount":0,"silentlySkippedDurationMs":0}
[02:37:52.338] INFO: txe:top_level_context Created block 14 with timestamp 1789441669
[billboard_test] Testing c02::c02_young_child_does_not_hide_wrong_owner_second_hint ... [0m[32mok[0m
[02:37:55.704] INFO: kv-store:lmdb-v2 Starting data store with maxReaders 2
[02:37:55.706] INFO: world-state:database Creating world state data store at directory /var/folders/ym/q1vh2x5n58xbsmpmvs5_6w3r0000gn/T/aztec-world-state-tUXuXF/world_state with map sizes {"archiveTreeMapSizeKb":10485760,"nullifierTreeMapSizeKb":10485760,"noteHashTreeMapSizeKb":10485760,"messageTreeMapSizeKb":10485760,"publicDataTreeMapSizeKb":10485760} and 1 threads (ephemeral=true).
[02:37:55.719] INFO: txe_node Aztec Node version: txe
[02:37:55.719] INFO: txe_node Aztec Node started on chain 0x1
[02:37:55.737] INFO: txe:top_level_context Created block 1 with timestamp 1789436275
[02:37:55.794] INFO: txe:top_level_context Created block 2 with timestamp 1789436275
[02:37:55.921] INFO: simulator:public-processor Processed 1 successful txs and 0 failed txs (0 silently skipped, 0ms wasted) in 0.08330412499999511s {"blockNumber":3,"successfulCount":1,"failedCount":0,"duration":0.08330412499999511,"rate":38847416.01931705,"totalPublicGas":{"daGas":4000,"l2Gas":3236150},"totalBlockGas":{"daGas":4000,"l2Gas":3236150},"totalSizeInBytes":4128,"silentlySkippedCount":0,"silentlySkippedDurationMs":0}
[02:37:56.101] INFO: simulator:public-processor Processed 1 successful txs and 0 failed txs (0 silently skipped, 0ms wasted) in 0.02215645800001221s {"blockNumber":4,"successfulCount":1,"failedCount":0,"duration":0.02215645800001221,"rate":51478444.794712745,"totalPublicGas":{"daGas":192,"l2Gas":1140580},"totalBlockGas":{"daGas":320,"l2Gas":1731380},"totalSizeInBytes":320,"silentlySkippedCount":0,"silentlySkippedDurationMs":0}
[02:37:56.146] INFO: txe:top_level_context Created block 5 with timestamp 1789436275
[02:37:56.380] INFO: simulator:public-processor Processed 1 successful txs and 0 failed txs (0 silently skipped, 0ms wasted) in 0.006845957999990787s {"blockNumber":6,"successfulCount":1,"failedCount":0,"duration":0.006845957999990787,"rate":0,"totalPublicGas":{"daGas":0,"l2Gas":0},"totalBlockGas":{"daGas":1984,"l2Gas":529900},"totalSizeInBytes":1984,"silentlySkippedCount":0,"silentlySkippedDurationMs":0}
[02:37:56.426] INFO: txe:top_level_context Created block 7 with timestamp 1789438076
[02:37:57.046] INFO: simulator:public-processor Processed 1 successful txs and 0 failed txs (0 silently skipped, 0ms wasted) in 0.05628741600000649s {"blockNumber":8,"successfulCount":1,"failedCount":0,"duration":0.05628741600000649,"rate":34598621.475176185,"totalPublicGas":{"daGas":2368,"l2Gas":1947467},"totalBlockGas":{"daGas":3744,"l2Gas":2674217},"totalSizeInBytes":3744,"silentlySkippedCount":0,"silentlySkippedDurationMs":0}
[02:37:57.556] INFO: txe:top_level_context Created block 9 with timestamp 1789439875
[02:37:58.093] INFO: simulator:public-processor Processed 1 successful txs and 0 failed txs (0 silently skipped, 0ms wasted) in 0.0062949169999919835s {"blockNumber":10,"successfulCount":1,"failedCount":0,"duration":0.0062949169999919835,"rate":0,"totalPublicGas":{"daGas":0,"l2Gas":0},"totalBlockGas":{"daGas":1440,"l2Gas":527400},"totalSizeInBytes":1440,"silentlySkippedCount":0,"silentlySkippedDurationMs":0}
[02:37:58.645] INFO: txe:top_level_context Created block 13 with timestamp 1789441675
[02:37:59.233] INFO: simulator:public-processor Processed 1 successful txs and 0 failed txs (0 silently skipped, 0ms wasted) in 0.056213125000009315s {"blockNumber":14,"successfulCount":1,"failedCount":0,"duration":0.056213125000009315,"rate":34644346.849595666,"totalPublicGas":{"daGas":2368,"l2Gas":1947467},"totalBlockGas":{"daGas":3744,"l2Gas":2674217},"totalSizeInBytes":3744,"silentlySkippedCount":0,"silentlySkippedDurationMs":0}
[billboard_test] Testing c02::c02_young_real_child_blocks_mature_dummy_grandchild ... [0m[32mok[0m
[billboard_test] [0m[32m22 tests passed[0m
