✔ matching synthetic artifacts and recorded sources pass (6.84725ms)
✔ stale deploy Noir copy is rejected (4.997542ms)
✔ stale censor Noir copy is rejected (4.846916ms)
✔ missing verification key is rejected even when all consumer copies agree (4.656666ms)
✔ empty private function set is rejected even when all consumer copies agree (5.313292ms)
✔ only public functions is rejected even when all consumer copies agree (4.629459ms)
✔ untranspiled artifact is rejected even when all consumer copies agree (4.337208ms)
✔ truthy non-boolean transpilation marker is rejected even when all consumer copies agree (5.002208ms)
✔ stale portal bytecode is rejected: apps/src/billboard/portal_bytecode.txt (4.194958ms)
✔ stale portal bytecode is rejected: apps/src/billboard/deploy/portal_bytecode.txt (4.317458ms)
✔ portal source drift is rejected by embedded compiler provenance (5.005834ms)
✔ missing Solidity source provenance is rejected (4.557916ms)
✔ string-encoded Solidity metadata remains supported (4.748791ms)
✔ Noir source drift requires a rebuild (4.581833ms)
✔ Noir dependency declaration drift requires a rebuild (4.477625ms)
✔ root dependency lock drift requires a rebuild (4.688583ms)
✔ portal dependency lock drift requires a rebuild (5.471667ms)
✔ compiler configuration drift requires a rebuild (4.931166ms)
✔ toolchain pins drift requires a rebuild (4.462333ms)
✔ contract builder drift requires a rebuild (4.460375ms)
✔ Noir debug-path normalizer drift requires a rebuild (4.732708ms)
✔ Noir dependency verifier drift requires a rebuild (4.883333ms)
✔ Noir dependency pins drift requires a rebuild (5.425208ms)
✔ new Noir source omitted from the old manifest requires a rebuild (5.1385ms)
✔ contract manifest input hash tampering is rejected (4.572ms)
✔ contract manifest noir hash tampering is rejected (4.479542ms)
✔ contract manifest portal hash tampering is rejected (4.485584ms)
✔ synchronized altered Noir artifacts still fail the recorded build hash (4.884166ms)
✔ synchronized altered portal bytecode still fails the recorded build hash (5.557ms)
✔ privateFee key, extra route and stale content fail closed (5.293583ms)
✔ build provenance rejects changed frontend sources paired with old HTML (14.956167ms)
✔ build provenance rejects output changes and removed output (16.550459ms)
✔ source removal and newly discovered app invalidate previous build (16.838167ms)
✔ partial or interrupted builds cannot preserve a valid aggregate manifest (15.710792ms)
✔ mid-build drift and private RPC overrides cannot be certified (16.13175ms)
✔ internal symlinks hash the actual source while escapes and cycles reject (13.220708ms)
✔ obsolete template cannot leave a served HTML page in certified output (13.690291ms)
✔ unexpected top-level and nested HTML reject certification without deletion (14.955ms)
✔ output symlink escapes and cycles cannot bypass the served HTML inventory (11.661167ms)
ℹ tests 39
ℹ suites 0
ℹ pass 39
ℹ fail 0
ℹ cancelled 0
ℹ skipped 0
ℹ todo 0
ℹ duration_ms 409.181792
