✔ canonical finalized receipt and matching scoped flag are required to confirm (1.242417ms)
✔ checkpointed success remains submitted (0.118833ms)
✔ proven success remains submitted (0.089083ms)
✔ pending never confirms (0.057042ms)
✔ proposed never confirms (0.076584ms)
✔ dropped never confirms (0.062084ms)
✔ unknown never confirms (0.054416ms)
✔ canonical revert remains reverted even with a matching event (0.255125ms)
✔ unknown execution outcome remains unknown: undefined (0.112541ms)
✔ unknown execution outcome remains unknown: unknown (0.101209ms)
✔ unknown execution outcome remains unknown: null (0.533666ms)
✔ canonical successful receipt without event awaits event (0.07325ms)
✔ wrong transaction receipt fails closed (0.045042ms)
✔ missing hash receipt fails closed (0.036583ms)
✔ invalid height receipt fails closed (0.035333ms)
✔ wrong post event cannot confirm (0.089792ms)
✔ wrong policy event cannot confirm (0.052375ms)
✔ wrong transaction event cannot confirm (0.043167ms)
✔ wrong block event cannot confirm (0.039208ms)
✔ wrong height event cannot confirm (0.222333ms)
✔ wrong scope event cannot confirm (0.063708ms)
✔ malformed event event cannot confirm (0.042542ms)
✔ different event type event cannot confirm (0.062125ms)
✔ reorg or missing canonical block remains unknown (0.071208ms)
✔ reorg or missing canonical block remains unknown (0.018875ms)
✔ reorg or missing canonical block remains unknown (0.016042ms)
✔ getTxReceipt RPC failure stays unknown (0.058416ms)
✔ getBlockData RPC failure stays unknown (0.023333ms)
✔ malformed transaction hash does not call RPC (0.032792ms)
✔ snapshot ingestion persists jobs, exact policy and checkpoint across reopen (4.845709ms)
✔ invalid snapshot is atomic and preserves prior checkpoint and jobs (2.3545ms)
✔ failed evaluation remains retryable despite complete snapshot ingestion (3.745167ms)
✔ competing SQLite connections cannot acquire overlapping leases (8.007625ms)
✔ a distinct worker process observes the existing lease (31.469417ms)
✔ expired evaluation lease retries but rejects stale worker writes (3.107041ms)
✔ expired submit-intent lease must reconcile, never resign (2.728458ms)
✔ expired submitted lease must reconcile, never resign (3.055792ms)
✔ released signing lease can reconcile immediately without waiting for expiration (2.921792ms)
✔ submission requires actual hash and cannot silently replace prior hash (2.362584ms)
✔ finalized successful receipt plus matching canonical flag completes job (2.839584ms)
✔ cannot confirm with pending evidence (2.248208ms)
✔ cannot confirm with reverted evidence (2.227208ms)
✔ cannot confirm with wrong-post evidence (2.125042ms)
✔ cannot confirm with wrong-hash evidence (2.083917ms)
✔ cannot confirm with wrong-reason evidence (2.401167ms)
✔ known finalized revert becomes retryable without losing job (2.514583ms)
✔ unknown submitted outcome cannot become ordinary retry (2.2665ms)
✔ deadline priority, expiry and exhausted attempts are explicit (2.803209ms)
✔ orphaned submitted post remains reconciling; unsubmitted post becomes manual review (2.525ms)
✔ historical policy is bound separately from current policy and empty board checkpoint persists (1.918042ms)
✔ reconciliation exhaustion cannot permit unrelated signing (2.980625ms)
✔ included successful submission waits for finality without blocking unrelated jobs (2.682334ms)
✔ expired lease of known included submission preserves submitted state (2.131833ms)
✔ authenticated journal replacement records predecessor plus new canonical receipt (2.637916ms)
✔ replacement rejects wrong-source (2.075042ms)
✔ replacement rejects missing-predecessor (2.0255ms)
✔ replacement rejects no-receipt (2.018125ms)
✔ replacement rejects wrong-receipt (2.474125ms)
✔ visible flag does not turn known included submission back into a blocking unknown (2.872292ms)
✔ database capacity exhaustion rolls back snapshot and checkpoint atomically (2.122959ms)
✔ reorg reinclusion with changed time resets unsigned evaluation and archives prior decision (2.485583ms)
✔ reorg-altered signed post preserves old intent and cannot be automatically reevaluated (2.583917ms)
✔ known successful submission finality polling does not exhaust unknown-outcome retries (3.23725ms)
✔ missing historical policy cannot commit jobs or advance feed checkpoint (1.807333ms)
✔ already flagged public post is observational manual review, never invented model success (1.838416ms)
✔ expiry during inference prevents creation of a signing intent (1.833084ms)
✔ model identity is the exact six-word transcript, without Field truncation (0.773917ms)
✔ configuration whitespace and exact prompt bytes change model version (0.197625ms)
✔ labels, shortened hashes, mutable tags and oversized digests are rejected (0.162583ms)
✔ empty journal returns read-only absent outcome without fee configuration (3.6505ms)
✔ matching exact saved intent returns transaction and predecessors without submission (0.659333ms)
✔ different saved operation fails closed (0.730833ms)
✔ different saved operation fails closed (0.558917ms)
✔ different saved operation fails closed (0.483167ms)
✔ different saved operation fails closed (0.425666ms)
✔ inspection requires exact original postId (0.479417ms)
✔ inspection requires exact original expectedPolicyVersion (0.656583ms)
✔ inspection requires exact original censorResponse (0.478042ms)
✔ CLI inspection branches before PXE cache creation and bypasses fee input reads (3.192042ms)
ℹ tests 79
ℹ suites 0
ℹ pass 79
ℹ fail 0
ℹ cancelled 0
ℹ skipped 0
ℹ todo 0
ℹ duration_ms 454.881833
