✔ simple VIOLATION with rule number and reason (1.19675ms)
✔ simple OK (0.10875ms)
✔ VIOLATION at end after thinking reasoning (0.090792ms)
✔ OK at end after thinking reasoning (0.03975ms)
✔ NOT A VIOLATION prose is explicitly unresolved, never a flag (0.159458ms)
✔ NO VIOLATION prose is explicitly unresolved, never a flag (0.045917ms)
✔ VIOLATION without reason is explicitly unresolved (0.038792ms)
✔ empty text is explicitly unresolved (0.031459ms)
✔ random text is explicitly unresolved instead of defaulting to OK (0.047667ms)
✔ VIOLATION with extra whitespace (0.077292ms)
✔ multiple lines, valid standalone VIOLATION is last (0.043166ms)
✔ earlier VIOLATION cannot make ambiguous final prose a verdict (0.036834ms)
✔ embedded VIOLATION after prose is not a standalone verdict (0.03075ms)
✔ oversized reason is rejected rather than silently truncated (0.035208ms)
✔ case insensitive VIOLATION (0.022208ms)
✔ case insensitive OK (0.021333ms)
✔ buildSystemPrompt mentions rules and billboard (0.045542ms)
✔ buildUserPrompt includes policy, post and clear output formats (0.065792ms)
✔ buildUserPrompt handles empty post (0.028958ms)
✔ buildUserPrompt quotes post data without corrupting its envelope (0.036375ms)
✔ thinking model output with reasoning then standalone legacy final verdict (0.03ms)
✔ thinking model output that concludes OK (0.025792ms)
✔ legacy markdown bold wrapper remains supported (0.028917ms)
✔ strict JSON verdict true (0.051417ms)
✔ strict JSON verdict false (0.025166ms)
✔ JSON key order is irrelevant (0.033542ms)
✔ model cannot add command to verdict (0.038584ms)
✔ model cannot add operation to verdict (0.027834ms)
✔ model cannot add wallet to verdict (0.022292ms)
✔ model cannot add destination to verdict (0.021167ms)
✔ model cannot add postIndex to verdict (0.019708ms)
✔ model cannot add postId to verdict (0.019292ms)
✔ malformed or untyped verdict rejected: {"isViolation":true,"reason": (0.034416ms)
✔ malformed or untyped verdict rejected: [] (0.019375ms)
✔ malformed or untyped verdict rejected: null (0.025875ms)
✔ malformed or untyped verdict rejected: {"isViolation":"true","reason":"spam"} (0.020875ms)
✔ malformed or untyped verdict rejected: {"isViolation":true,"reason":null} (0.02175ms)
✔ malformed or untyped verdict rejected: {"isViolation":true,"reason":{"command":"list"}} (0.021125ms)
✔ malformed or untyped verdict rejected: {"isViolation":true,"isViolation":false,"reason":"spam" (0.028417ms)
✔ malformed or untyped verdict rejected: {"isViolation":true,"reason":"spam","reason":"other"} (0.02075ms)
✔ malformed or untyped verdict rejected: "VIOLATION - 1 - Spam" (0.02825ms)
✔ non-string model text rejected: null (0.02275ms)
✔ non-string model text rejected: undefined (0.017166ms)
✔ non-string model text rejected: false (0.018667ms)
✔ non-string model text rejected: 123 (0.016916ms)
✔ non-string model text rejected: [object Object] (0.016542ms)
✔ non-string model text rejected: OK (0.016334ms)
✔ shell-looking JSON reason remains inert text: Quotes ' and " remain text (0.024167ms)
✔ shell-looking JSON reason remains inert text: `echo harmless` (0.016792ms)
✔ shell-looking JSON reason remains inert text: $(echo harmless) (0.01575ms)
✔ shell-looking JSON reason remains inert text: ${HOME}; true (0.015458ms)
✔ shell-looking JSON reason remains inert text: Reason: colons and "reason": stay inside one value (0.015667ms)
✔ control or option-like reason rejected: "line\nbreak" (0.025375ms)
✔ control or option-like reason rejected: "line\rbreak" (0.018084ms)
✔ control or option-like reason rejected: "tab\tdata" (0.017083ms)
✔ control or option-like reason rejected: "nul\u0000data" (0.018375ms)
✔ control or option-like reason rejected: "\u001b[31mtext" (0.018125ms)
✔ control or option-like reason rejected: "badtext" (0.01675ms)
✔ control or option-like reason rejected: "bad‮text" (0.029041ms)
✔ control or option-like reason rejected: "--node-url" (0.017333ms)
✔ control or option-like reason rejected: "\ud800" (0.014958ms)
✔ reason byte limit accounts for multibyte UTF-8 (0.041542ms)
✔ oversized full verdict is rejected (0.021791ms)
✔ oversized post and policy are rejected before network access (0.16625ms)
✔ valid HTTP final verdict uses structured request and trusted local endpoint (9.244167ms)
✔ incomplete or malformed HTTP choice is observable unresolved failure: {"choices":[{"finish_reason":"length","message":{"content":"VIOLATION - 1 - Spam"}}]} (0.146ms)
✔ incomplete or malformed HTTP choice is observable unresolved failure: {"choices":[{"finish_reason":"stop","message":{"content":"","reasoning_content":"VIOLATION - 1  (0.096208ms)
✔ incomplete or malformed HTTP choice is observable unresolved failure: {"choices":[{"finish_reason":"stop","message":{"content":{"isViolation":true,"reason":"1 - Adve (0.326291ms)
✔ incomplete or malformed HTTP choice is observable unresolved failure: {"choices":[]} (0.110208ms)
✔ incomplete or malformed HTTP choice is observable unresolved failure: {"choices":[{"finish_reason":"stop","message":{"content":"OK"}},{"finish_reason":"stop","messag (0.087583ms)
✔ HTTP error remains unresolved without reflecting untrusted server body (0.149416ms)
✔ unavailable model produces explicit error (0.071166ms)
✔ timeout is bounded even if fetch adapter ignores cancellation (22.586417ms)
✔ malformed response JSON is explicit failure (0.15125ms)
✔ oversized HTTP response is stopped and cancelled (0.344ms)
✔ slow response body is bounded by the whole-request timeout (22.299583ms)
ℹ tests 76
ℹ suites 0
ℹ pass 76
ℹ fail 0
ℹ cancelled 0
ℹ skipped 0
ℹ todo 0
ℹ duration_ms 62.168208
✔ real argv-echo process preserves one inert reason argument: Quotes ' and " stay data (25.663375ms)
✔ real argv-echo process preserves one inert reason argument: `echo harmless` (22.303334ms)
✔ real argv-echo process preserves one inert reason argument: $(echo harmless) (23.09225ms)
✔ real argv-echo process preserves one inert reason argument: ${HOME}; true (21.910542ms)
✔ real argv-echo process preserves one inert reason argument: safe; # command-looking comment (23.023875ms)
✔ executable, operation, argv and execution limits are chosen by signer (0.97925ms)
✔ startup config mutation cannot redirect later flags (1.000792ms)
✔ host loader environment is not passed to the actual child (23.425ms)
✔ flag rejects model-controlled operation without invoking a process (0.930125ms)
✔ flag rejects model-controlled command without invoking a process (0.658333ms)
✔ flag rejects model-controlled wallet without invoking a process (0.552042ms)
✔ flag rejects model-controlled destination without invoking a process (0.808042ms)
✔ flag rejects model-controlled cliPath without invoking a process (0.55525ms)
✔ flag rejects model-controlled nodeExecutable without invoking a process (0.659916ms)
✔ flag rejects model-controlled censorWallet without invoking a process (0.593875ms)
✔ flag rejects model-controlled privateFeeConfig without invoking a process (0.549583ms)
✔ flag rejects model-controlled ethRpcUrl without invoking a process (0.523041ms)
✔ flag rejects model-controlled privateFeeClaim without invoking a process (0.5465ms)
✔ flag rejects model-controlled private-fee-claim-file without invoking a process (0.505833ms)
✔ flag rejects model-controlled reconcilePrevious without invoking a process (0.510917ms)
✔ flag rejects model-controlled acknowledgeTx without invoking a process (0.571375ms)
✔ invalid or incorrectly typed post id rejected: -1 (0.571417ms)
✔ invalid or incorrectly typed post id rejected: 4294967296 (0.522917ms)
✔ invalid or incorrectly typed post id rejected: 1.5 (0.576875ms)
✔ invalid or incorrectly typed post id rejected: NaN (0.514083ms)
✔ invalid or incorrectly typed post id rejected: Infinity (0.513791ms)
✔ invalid or incorrectly typed post id rejected: 1 (0.503791ms)
✔ invalid or incorrectly typed post id rejected: 1 --node-url (0.496666ms)
✔ invalid or incorrectly typed post id rejected: null (0.46925ms)
✔ invalid or incorrectly typed post id rejected: undefined (0.570792ms)
✔ invalid or incorrectly typed post id rejected: [object Object] (0.531125ms)
✔ invalid or incorrectly typed post id rejected: 1 (0.510167ms)
✔ invalid or incorrectly typed post id rejected: 0x0000000000000000000000000000000000000000000000000000000000000000 (0.521792ms)
✔ invalid or incorrectly typed post id rejected: 0x30644e72e131a029b85045b68181585d2833e84879b9709143e1f593f0000001 (0.681833ms)
✔ full Field identity stays exact in signer argv (21.808959ms)
✔ unsafe or oversized reason rejected before process call: "line\nbreak" (0.721375ms)
✔ unsafe or oversized reason rejected before process call: "tab\tdata" (0.551ms)
✔ unsafe or oversized reason rejected before process call: "nul\u0000data" (0.51325ms)
✔ unsafe or oversized reason rejected before process call: "\u001b[31mtext" (0.545042ms)
✔ unsafe or oversized reason rejected before process call: "--node-url" (0.514708ms)
✔ unsafe or oversized reason rejected before process call: " --censor-wallet" (0.508791ms)
✔ unsafe or oversized reason rejected before process call: "ééééééééééééééééééééééééééééééééééééééééééééééééééééééééééééééééééééééééééééééééééééééééééééééééééééé" (0.502542ms)
✔ unsafe or oversized reason rejected before process call: "" (0.473208ms)
✔ unsafe or oversized reason rejected before process call: null (0.550292ms)
✔ unsafe or oversized reason rejected before process call: {} (0.511ms)
✔ unsafe or oversized reason rejected before process call: 123 (0.5135ms)
✔ JSON model output cannot override host-selected post index (0.603083ms)
✔ list validates data and projects away untrusted extra fields (0.856167ms)
✔ invalid list response rejected: malformed JSON (0.517959ms)
✔ invalid list response rejected: multiple candidate JSON records (0.597292ms)
✔ invalid list response rejected: missing identity (0.653ms)
✔ invalid list response rejected: zero identity (0.604583ms)
✔ invalid list response rejected: duplicate identities (0.623667ms)
✔ invalid list response rejected: string index (0.48725ms)
✔ invalid list response rejected: index outside count (0.492375ms)
✔ invalid list response rejected: duplicate indices (0.505459ms)
✔ invalid list response rejected: string flag (0.4855ms)
✔ invalid list response rejected: nonstring post (0.721542ms)
✔ invalid list response rejected: negative timestamp (0.678625ms)
✔ invalid list response rejected: oversize post text (0.885791ms)
✔ invalid or oversized process output rejected: object (0.614875ms)
✔ invalid or oversized process output rejected: object (0.478583ms)
✔ invalid or oversized process output rejected: string (2.242084ms)
✔ process timeout is observable without reflecting child diagnostics (0.517041ms)
✔ invalid policy version rejected before signing: undefined (0.499833ms)
✔ invalid policy version rejected before signing: null (0.569458ms)
✔ invalid policy version rejected before signing: 1 (0.564083ms)
✔ invalid policy version rejected before signing: 0x0000000000000000000000000000000000000000000000000000000000000000 (0.571ms)
✔ invalid policy version rejected before signing: 0x30644e72e131a029b85045b68181585d2833e84879b9709143e1f593f0000001 (1.116208ms)
✔ missing policy or invalid deadline fails closed: {} (0.644792ms)
✔ missing policy or invalid deadline fails closed: {"policy":""} (0.528083ms)
✔ missing policy or invalid deadline fails closed: {"posts":[{"index":0,"postId":"0x0000000000000000000000000000000000000000000000000000000000000001","flagDeadline":"3601","text":"post","flagged":false,"timestamp":1,"flagEvent":null}]} (0.533875ms)
✔ missing policy or invalid deadline fails closed: {"posts":[{"index":0,"postId":"0x0000000000000000000000000000000000000000000000000000000000000001","policyVersion":"0x0000000000000000000000000000000000000000000000000000000000000009","flagDeadline":"01","text":"post","flagged":false,"timestamp":1,"flagEvent":null}]} (0.525459ms)
✔ missing policy or invalid deadline fails closed: {"posts":[{"index":0,"postId":"0x0000000000000000000000000000000000000000000000000000000000000001","policyVersion":"0x0000000000000000000000000000000000000000000000000000000000000009","flagDeadline":"-1","text":"post","flagged":false,"timestamp":1,"flagEvent":null}]} (0.537875ms)
✔ missing policy or invalid deadline fails closed: {"posts":[{"index":0,"postId":"0x0000000000000000000000000000000000000000000000000000000000000001","policyVersion":"0x0000000000000000000000000000000000000000000000000000000000000009","flagDeadline":"18446744073709551616","text":"post","flagged":false,"timestamp":1,"flagEvent":null}]} (0.495708ms)
✔ missing policy or invalid deadline fails closed: {"posts":[{"index":0,"postId":"0x0000000000000000000000000000000000000000000000000000000000000001","policyVersion":"0x0000000000000000000000000000000000000000000000000000000000000009","flagDeadline":100,"text":"post","flagged":false,"timestamp":1,"flagEvent":null}]} (0.495584ms)
✔ missing or invalid fee configuration rejected at signer startup: undefined (0.5425ms)
✔ missing or invalid fee configuration rejected at signer startup: /nonexistent/billboard-fee-config (0.533167ms)
✔ missing or invalid fee configuration rejected at signer startup: . (0.539875ms)
✔ invalid Ethereum RPC rejected at signer startup (0.503834ms)
✔ invalid Ethereum RPC rejected at signer startup (0.51925ms)
✔ invalid Ethereum RPC rejected at signer startup (0.4935ms)
✔ invalid Ethereum RPC rejected at signer startup (0.533541ms)
✔ raw flag preserves stdout while submitFlag requests and validates structured outcome (0.647083ms)
✔ structured flag outcome rejects wrong post (0.032166ms)
✔ structured flag outcome rejects wrong policy (0.035292ms)
✔ structured flag outcome rejects missing predecessors (0.025542ms)
✔ structured flag outcome rejects bad predecessor (0.028833ms)
✔ structured flag outcome rejects too many predecessors (0.024ms)
✔ structured flag outcome rejects duplicate predecessor (0.021458ms)
✔ structured flag outcome rejects current hash predecessor (0.021125ms)
✔ structured flag outcome rejects {"status":"pending"} (0.020167ms)
✔ structured flag outcome rejects {"status":"dropped"} (0.019375ms)
✔ structured flag outcome rejects {"status":"unknown"} (0.019542ms)
✔ structured flag outcome rejects {"executionResult":"reverted"} (0.018917ms)
✔ structured flag outcome rejects {} (0.019833ms)
✔ structured flag outcome rejects {"txHash":"bad"} (0.018708ms)
✔ structured flag outcome rejects {"blockHash":"bad"} (0.019291ms)
✔ structured flag outcome rejects {"blockNumber":0} (0.0195ms)
✔ structured flag outcome rejects {"blockNumber":"10"} (0.027208ms)
✔ structured flag outcome rejects malformed or ambiguous envelope:  (0.030667ms)
✔ structured flag outcome rejects malformed or ambiguous envelope: not JSON (0.017292ms)
✔ structured flag outcome rejects malformed or ambiguous envelope: {"type":"billboard-moderation-submi (0.025875ms)
✔ structured flag outcome rejects malformed or ambiguous envelope: {"type":"billboard-moderation-submi (0.020625ms)
✔ structured successful inclusion accepts checkpointed (0.039458ms)
✔ structured successful inclusion accepts proven (0.016083ms)
✔ structured successful inclusion accepts finalized (0.017458ms)
✔ list rejects incomplete trusted snapshot missing scope (0.487875ms)
✔ list rejects incomplete trusted snapshot missing checkpoint (0.512292ms)
✔ list rejects incomplete trusted snapshot missing policies (0.51775ms)
✔ list rejects incomplete trusted snapshot duplicate policies (0.500208ms)
✔ list rejects incomplete trusted snapshot missing timestamp (0.536583ms)
✔ list rejects incomplete trusted snapshot incomplete snapshot (0.793541ms)
✔ list rejects incomplete trusted snapshot wrong current policy (0.528375ms)
✔ historical policy is retained for posts from earlier policy version (0.671083ms)
✔ inspectFlag uses read-only CLI branch without reconciliation (0.569958ms)
✔ inspectFlag accepts empty authenticated journal (0.485375ms)
✔ inspectFlag rejects malformed/mismatched journal {"postId":"0x0000000000000000000000000000000000000000000000000000000000000002"} (0.50525ms)
✔ inspectFlag rejects malformed/mismatched journal {"policyVersion":"0x0000000000000000000000000000000000000000000000000000000000000002"} (0.474333ms)
✔ inspectFlag rejects malformed/mismatched journal {"txHash":"bad"} (0.493667ms)
✔ inspectFlag rejects malformed/mismatched journal {} (0.516959ms)
✔ inspectFlag rejects malformed/mismatched journal {"txHash":null} (0.515625ms)
✔ inspectFlag rejects malformed/mismatched journal {"predecessorTxHashes":["0x0000000000000000000000000000000000000000000000000000000000000028"]} (0.502416ms)
✔ inspectFlag rejects malformed/mismatched journal {"predecessorTxHashes":["0x0000000000000000000000000000000000000000000000000000000000000027","0x0000000000000000000000000000000000000000000000000000000000000027"]} (0.517875ms)
✔ inspectFlag rejects malformed/mismatched journal {"predecessorTxHashes":["bad"]} (0.514833ms)
✔ inspectFlag rejects malformed/mismatched journal {"predecessorTxHashes":["0x0000000000000000000000000000000000000000000000000000000000000032","0x0000000000000000000000000000000000000000000000000000000000000033","0x0000000000000000000000000000000000000000000000000000000000000034","0x0000000000000000000000000000000000000000000000000000000000000035","0x0000000000000000000000000000000000000000000000000000000000000036","0x0000000000000000000000000000000000000000000000000000000000000037","0x0000000000000000000000000000000000000000000000000000000000000038","0x0000000000000000000000000000000000000000000000000000000000000039","0x000000000000000000000000000000000000000000000000000000000000003a"]} (0.462125ms)
✔ inspectFlag rejects ambiguous or malformed output (0.432791ms)
✔ inspectFlag rejects ambiguous or malformed output (0.429ms)
✔ inspectFlag rejects ambiguous or malformed output (0.422791ms)
ℹ tests 129
ℹ suites 0
ℹ pass 129
ℹ fail 0
ℹ cancelled 0
ℹ skipped 0
ℹ todo 0
ℹ duration_ms 226.631666
=== Daemon Integration Tests (with mock infra) ===

  ✓ dry-run flags violation in output but does not call declare-immoral
  ✓ dry-run with OK verdict does not flag
  ✓ skips already-flagged posts
  ✓ empty public text fails input validation before model evaluation
  ✓ reasoning-only model output is an observable failure and cannot flag
  ✓ processes multiple posts with mixed verdicts
  ✓ missing --portal-address exits with error
  ✓ --from cannot bypass durable moderation jobs
  ✓ non-dry-run calls declare-immoral via CLI
  ✓ reads policy from contract output
  ✓ rejects a local policy override instead of signing with fallback text
  ✓ warns on posts past the censor window
  ✓ warns on posts about to expire in censor window
  ✓ processes oldest unflagged posts first (censor window urgency)
  ✓ model cannot add a destination, operation or post index to a verdict
  ✓ failed signing is not reported as a completed successful job
  ✓ production CLI cannot bypass model isolation with skip-bootstrap
  ✓ old post policy fails closed without model or signer action
  ✓ empty contract policy fails closed without model or signer action
  ✓ restart retains completed decisions without re-evaluating or resubmitting
  ✓ submitted receipt without finality remains durable and restart does not resend
  ✓ historical policy bytes are used for an older post after policy update
  ✓ private fee configuration is mandatory at daemon startup
  ✓ Ethereum endpoint is mandatory at daemon startup

=== Results ===
  Passed: 24
  Failed: 0
✔ canonical finalized receipt and matching scoped flag are required to confirm (0.95425ms)
✔ checkpointed success remains submitted (0.098875ms)
✔ proven success remains submitted (0.073417ms)
✔ pending never confirms (0.050208ms)
✔ proposed never confirms (0.038416ms)
✔ dropped never confirms (0.0325ms)
✔ unknown never confirms (0.040041ms)
✔ canonical revert remains reverted even with a matching event (0.0445ms)
✔ unknown execution outcome remains unknown: undefined (0.067583ms)
✔ unknown execution outcome remains unknown: unknown (0.088583ms)
✔ unknown execution outcome remains unknown: null (0.056875ms)
✔ canonical successful receipt without event awaits event (0.045833ms)
✔ wrong transaction receipt fails closed (0.039166ms)
✔ missing hash receipt fails closed (0.030583ms)
✔ invalid height receipt fails closed (0.024333ms)
✔ wrong post event cannot confirm (0.06575ms)
✔ wrong policy event cannot confirm (0.048125ms)
✔ wrong transaction event cannot confirm (0.044375ms)
✔ wrong block event cannot confirm (0.032834ms)
✔ wrong height event cannot confirm (0.032042ms)
✔ wrong scope event cannot confirm (0.027375ms)
✔ malformed event event cannot confirm (0.083875ms)
✔ different event type event cannot confirm (0.0665ms)
✔ reorg or missing canonical block remains unknown (0.042958ms)
✔ reorg or missing canonical block remains unknown (0.023125ms)
✔ reorg or missing canonical block remains unknown (0.022208ms)
✔ getTxReceipt RPC failure stays unknown (0.046875ms)
✔ getBlockData RPC failure stays unknown (0.031834ms)
✔ malformed transaction hash does not call RPC (0.037083ms)
✔ snapshot ingestion persists jobs, exact policy and checkpoint across reopen (3.642ms)
✔ invalid snapshot is atomic and preserves prior checkpoint and jobs (1.68575ms)
✔ failed evaluation remains retryable despite complete snapshot ingestion (2.338125ms)
✔ competing SQLite connections cannot acquire overlapping leases (6.865958ms)
✔ a distinct worker process observes the existing lease (27.64875ms)
✔ expired evaluation lease retries but rejects stale worker writes (2.298708ms)
✔ expired submit-intent lease must reconcile, never resign (2.2485ms)
✔ expired submitted lease must reconcile, never resign (2.257542ms)
✔ released signing lease can reconcile immediately without waiting for expiration (2.328084ms)
✔ submission requires actual hash and cannot silently replace prior hash (2.26025ms)
✔ finalized successful receipt plus matching canonical flag completes job (1.980917ms)
✔ cannot confirm with pending evidence (2.011542ms)
✔ cannot confirm with reverted evidence (1.9165ms)
✔ cannot confirm with wrong-post evidence (1.755542ms)
✔ cannot confirm with wrong-hash evidence (1.984291ms)
✔ cannot confirm with wrong-reason evidence (1.703709ms)
✔ known finalized revert becomes retryable without losing job (1.950667ms)
✔ unknown submitted outcome cannot become ordinary retry (1.692292ms)
✔ deadline priority, expiry and exhausted attempts are explicit (2.117333ms)
✔ orphaned submitted post remains reconciling; unsubmitted post becomes manual review (2.265959ms)
✔ historical policy is bound separately from current policy and empty board checkpoint persists (1.629792ms)
✔ reconciliation exhaustion cannot permit unrelated signing (2.089334ms)
✔ included successful submission waits for finality without blocking unrelated jobs (2.078375ms)
✔ expired lease of known included submission preserves submitted state (2.077292ms)
✔ authenticated journal replacement records predecessor plus new canonical receipt (1.940083ms)
✔ replacement rejects wrong-source (1.758041ms)
✔ replacement rejects missing-predecessor (1.968792ms)
✔ replacement rejects no-receipt (1.754042ms)
✔ replacement rejects wrong-receipt (1.959583ms)
✔ visible flag does not turn known included submission back into a blocking unknown (2.288708ms)
✔ database capacity exhaustion rolls back snapshot and checkpoint atomically (1.553875ms)
✔ reorg reinclusion with changed time resets unsigned evaluation and archives prior decision (1.864583ms)
✔ reorg-altered signed post preserves old intent and cannot be automatically reevaluated (2.172958ms)
✔ known successful submission finality polling does not exhaust unknown-outcome retries (2.622ms)
✔ missing historical policy cannot commit jobs or advance feed checkpoint (1.212583ms)
✔ already flagged public post is observational manual review, never invented model success (1.414416ms)
✔ expiry during inference prevents creation of a signing intent (1.48475ms)
✔ reorged successful receipt cannot bypass uncertainty fence through manual review (2.308042ms)
✔ snapshot missing clears successful inclusion and retains recovery fence (2.564166ms)
✔ snapshot changed clears successful inclusion and retains recovery fence (2.526958ms)
✔ model rollover keeps included prior-model transactions eligible for finality reconciliation (2.633375ms)
✔ model rollover backoff blocks only the already-signed post while unrelated jobs proceed (2.671541ms)
✔ finalized old-model revert permits evaluation by the new model without reviving stale evaluation (2.276792ms)
✔ model upgrade explicitly supersedes unsigned queued work and revokes stale evaluation (1.83ms)
✔ model upgrade explicitly supersedes unsigned leased work and revokes stale evaluation (2.04625ms)
✔ model upgrade explicitly supersedes unsigned retryable-error work and revokes stale evaluation (1.946958ms)
✔ model upgrade preserves terminal failures and durable unresolved signing intents (2.499959ms)
✔ returning to an earlier model requeues only its explicitly superseded unsigned work (2.09325ms)
✔ model identity is the exact six-word transcript, without Field truncation (0.497375ms)
✔ configuration whitespace and exact prompt bytes change model version (0.14725ms)
✔ labels, shortened hashes, mutable tags and oversized digests are rejected (0.132709ms)
✔ declare-immoral reads only the explicit censor private file (1.632958ms)
✔ declare-immoral cannot fall back to other available wallets (0.718625ms)
✔ transfer-censor reads only the explicit censor private file (0.66075ms)
✔ transfer-censor cannot fall back to other available wallets (0.595042ms)
✔ set-moderation-policy reads only the explicit censor private file (0.590042ms)
✔ set-moderation-policy cannot fall back to other available wallets (0.546584ms)
✔ list reads only the explicit censor private file (0.5495ms)
✔ list cannot fall back to other available wallets (0.566542ms)
✔ malformed censor diagnostics exclude file content (0.965958ms)
✔ user action loads explicitly chosen valid user and Ethereum private files (0.622541ms)
✔ censor refuses public-readable key files (0.577958ms)
✔ OK decision survives database reopen without reevaluation (14.319333ms)
✔ evaluation uses historical policy A even when current policy is B (2.095791ms)
✔ empty board with policy A then B persists cursor without evaluation (1.808666ms)
✔ checkpointed signer response is durable progress, never completion (2.855417ms)
✔ lost signer response recovers saved hash read-only after deadline (3.22925ms)
✔ dropped transaction after deadline never signs again (3.128667ms)
✔ finalized revert clears old intent and permits bounded fresh attempt (4.124875ms)
✔ unknown submission blocks unrelated signing (7.988959ms)
✔ known included success awaiting finality lets another job run (3.485167ms)
✔ deadline passing during inference prevents any signing (2.045084ms)
✔ post missing during inference prevents old decision signing (1.871542ms)
✔ post changed during inference prevents old decision signing (1.97ms)
✔ expired evaluation lease prevents stale worker signing (2.042167ms)
✔ matching finalized receipt and canonical flag completes without resigning (2.609042ms)
✔ snapshot missing scope fails before database ingestion or model (1.420666ms)
✔ snapshot other-board scope fails before database ingestion or model (1.5445ms)
✔ scope changing after inference fails before signing (1.919042ms)
✔ canonical receipt mismatch never completes or signs a replacement (2.593625ms)
✔ lost response with empty journal after deadline remains explicit manual review (2.416167ms)
✔ lost replacement response reconciles finalized journal state after deadline (3.9385ms)
✔ lost replacement response reconciles reverted journal state after deadline (3.79125ms)
✔ lost replacement response reconciles pending journal state after deadline (3.457792ms)
✔ lost replacement response reconciles unrelated journal state after deadline (3.25375ms)
✔ new model completes after retiring unsigned old-model retry without false attention (2.552666ms)
ℹ tests 115
ℹ suites 0
ℹ pass 115
ℹ fail 0
ℹ cancelled 0
ℹ skipped 0
ℹ todo 0
ℹ duration_ms 385.740041
