✔ simple VIOLATION with rule number and reason (1.849333ms)
✔ simple OK (0.1045ms)
✔ VIOLATION at end after thinking reasoning (0.103916ms)
✔ OK at end after thinking reasoning (0.041791ms)
✔ NOT A VIOLATION prose is explicitly unresolved, never a flag (0.154375ms)
✔ NO VIOLATION prose is explicitly unresolved, never a flag (0.039416ms)
✔ VIOLATION without reason is explicitly unresolved (0.034958ms)
✔ empty text is explicitly unresolved (0.031458ms)
✔ random text is explicitly unresolved instead of defaulting to OK (0.049208ms)
✔ VIOLATION with extra whitespace (0.078375ms)
✔ multiple lines, valid standalone VIOLATION is last (0.04ms)
✔ earlier VIOLATION cannot make ambiguous final prose a verdict (0.033458ms)
✔ embedded VIOLATION after prose is not a standalone verdict (0.027292ms)
✔ oversized reason is rejected rather than silently truncated (0.043375ms)
✔ case insensitive VIOLATION (0.022833ms)
✔ case insensitive OK (0.02ms)
✔ buildSystemPrompt mentions rules and billboard (0.056625ms)
✔ buildUserPrompt includes policy, post and clear output formats (0.063042ms)
✔ buildUserPrompt handles empty post (0.0235ms)
✔ buildUserPrompt quotes post data without corrupting its envelope (0.042ms)
✔ thinking model output with reasoning then standalone legacy final verdict (0.028458ms)
✔ thinking model output that concludes OK (0.027792ms)
✔ legacy markdown bold wrapper remains supported (0.025917ms)
✔ strict JSON verdict true (0.06925ms)
✔ strict JSON verdict false (0.022666ms)
✔ JSON key order is irrelevant (0.034416ms)
✔ model cannot add command to verdict (0.039709ms)
✔ model cannot add operation to verdict (0.027834ms)
✔ model cannot add wallet to verdict (0.025ms)
✔ model cannot add destination to verdict (0.021125ms)
✔ model cannot add postIndex to verdict (0.021959ms)
✔ model cannot add postId to verdict (0.019208ms)
✔ malformed or untyped verdict rejected: {"isViolation":true,"reason": (0.04475ms)
✔ malformed or untyped verdict rejected: [] (0.019583ms)
✔ malformed or untyped verdict rejected: null (0.026209ms)
✔ malformed or untyped verdict rejected: {"isViolation":"true","reason":"spam"} (0.023292ms)
✔ malformed or untyped verdict rejected: {"isViolation":true,"reason":null} (0.02125ms)
✔ malformed or untyped verdict rejected: {"isViolation":true,"reason":{"command":"list"}} (0.021209ms)
✔ malformed or untyped verdict rejected: {"isViolation":true,"isViolation":false,"reason":"spam" (0.027417ms)
✔ malformed or untyped verdict rejected: {"isViolation":true,"reason":"spam","reason":"other"} (0.022417ms)
✔ malformed or untyped verdict rejected: "VIOLATION - 1 - Spam" (0.020917ms)
✔ non-string model text rejected: null (0.031041ms)
✔ non-string model text rejected: undefined (0.018875ms)
✔ non-string model text rejected: false (0.017958ms)
✔ non-string model text rejected: 123 (0.015208ms)
✔ non-string model text rejected: [object Object] (0.016584ms)
✔ non-string model text rejected: OK (0.016542ms)
✔ shell-looking JSON reason remains inert text: Quotes ' and " remain text (0.024166ms)
✔ shell-looking JSON reason remains inert text: `echo harmless` (0.016583ms)
✔ shell-looking JSON reason remains inert text: $(echo harmless) (0.015958ms)
✔ shell-looking JSON reason remains inert text: ${HOME}; true (0.015375ms)
✔ shell-looking JSON reason remains inert text: Reason: colons and "reason": stay inside one value (0.015708ms)
✔ control or option-like reason rejected: "line\nbreak" (0.026875ms)
✔ control or option-like reason rejected: "line\rbreak" (0.014833ms)
✔ control or option-like reason rejected: "tab\tdata" (0.015791ms)
✔ control or option-like reason rejected: "nul\u0000data" (0.016167ms)
✔ control or option-like reason rejected: "\u001b[31mtext" (0.014875ms)
✔ control or option-like reason rejected: "badtext" (0.015959ms)
✔ control or option-like reason rejected: "bad‮text" (0.023334ms)
✔ control or option-like reason rejected: "--node-url" (0.022333ms)
✔ control or option-like reason rejected: "\ud800" (0.015125ms)
✔ reason byte limit accounts for multibyte UTF-8 (0.040042ms)
✔ oversized full verdict is rejected (0.02025ms)
✔ oversized post and policy are rejected before network access (0.16725ms)
✔ valid HTTP final verdict uses structured request and trusted local endpoint (18.075125ms)
✔ incomplete or malformed HTTP choice is observable unresolved failure: {"choices":[{"finish_reason":"length","message":{"content":"VIOLATION - 1 - Spam"}}]} (0.15425ms)
✔ incomplete or malformed HTTP choice is observable unresolved failure: {"choices":[{"finish_reason":"stop","message":{"content":"","reasoning_content":"VIOLATION - 1  (0.103291ms)
✔ incomplete or malformed HTTP choice is observable unresolved failure: {"choices":[{"finish_reason":"stop","message":{"content":{"isViolation":true,"reason":"1 - Adve (0.357542ms)
✔ incomplete or malformed HTTP choice is observable unresolved failure: {"choices":[]} (0.113208ms)
✔ incomplete or malformed HTTP choice is observable unresolved failure: {"choices":[{"finish_reason":"stop","message":{"content":"OK"}},{"finish_reason":"stop","messag (0.090417ms)
✔ HTTP error remains unresolved without reflecting untrusted server body (0.15875ms)
✔ unavailable model produces explicit error (0.077542ms)
✔ timeout is bounded even if fetch adapter ignores cancellation (22.564167ms)
✔ malformed response JSON is explicit failure (0.144708ms)
✔ oversized HTTP response is stopped and cancelled (0.330791ms)
✔ slow response body is bounded by the whole-request timeout (22.314ms)
ℹ tests 76
ℹ suites 0
ℹ pass 76
ℹ fail 0
ℹ cancelled 0
ℹ skipped 0
ℹ todo 0
ℹ duration_ms 72.553333
✔ real argv-echo process preserves one inert reason argument: Quotes ' and " stay data (25.871625ms)
✔ real argv-echo process preserves one inert reason argument: `echo harmless` (22.434458ms)
✔ real argv-echo process preserves one inert reason argument: $(echo harmless) (22.643833ms)
✔ real argv-echo process preserves one inert reason argument: ${HOME}; true (21.728291ms)
✔ real argv-echo process preserves one inert reason argument: safe; # command-looking comment (22.262375ms)
✔ executable, operation, argv and execution limits are chosen by signer (0.897792ms)
✔ startup config mutation cannot redirect later flags (2.807292ms)
✔ host loader environment is not passed to the actual child (24.325083ms)
✔ flag rejects model-controlled operation without invoking a process (1.063417ms)
✔ flag rejects model-controlled command without invoking a process (0.66825ms)
✔ flag rejects model-controlled wallet without invoking a process (0.703333ms)
✔ flag rejects model-controlled destination without invoking a process (0.977167ms)
✔ flag rejects model-controlled cliPath without invoking a process (0.742625ms)
✔ flag rejects model-controlled nodeExecutable without invoking a process (0.724042ms)
✔ flag rejects model-controlled censorWallet without invoking a process (0.740834ms)
✔ flag rejects model-controlled privateFeeConfig without invoking a process (0.644084ms)
✔ flag rejects model-controlled ethRpcUrl without invoking a process (0.570417ms)
✔ flag rejects model-controlled privateFeeClaim without invoking a process (0.693958ms)
✔ flag rejects model-controlled private-fee-claim-file without invoking a process (0.683458ms)
✔ flag rejects model-controlled reconcilePrevious without invoking a process (0.737333ms)
✔ flag rejects model-controlled acknowledgeTx without invoking a process (0.531125ms)
✔ invalid or incorrectly typed post id rejected: -1 (0.56075ms)
✔ invalid or incorrectly typed post id rejected: 4294967296 (0.611375ms)
✔ invalid or incorrectly typed post id rejected: 1.5 (0.577375ms)
✔ invalid or incorrectly typed post id rejected: NaN (0.509167ms)
✔ invalid or incorrectly typed post id rejected: Infinity (0.51475ms)
✔ invalid or incorrectly typed post id rejected: 1 (0.642417ms)
✔ invalid or incorrectly typed post id rejected: 1 --node-url (0.6555ms)
✔ invalid or incorrectly typed post id rejected: null (0.600292ms)
✔ invalid or incorrectly typed post id rejected: undefined (0.5485ms)
✔ invalid or incorrectly typed post id rejected: [object Object] (0.545ms)
✔ invalid or incorrectly typed post id rejected: 1 (0.516666ms)
✔ invalid or incorrectly typed post id rejected: 0x0000000000000000000000000000000000000000000000000000000000000000 (0.549125ms)
✔ invalid or incorrectly typed post id rejected: 0x30644e72e131a029b85045b68181585d2833e84879b9709143e1f593f0000001 (0.869958ms)
✔ full Field identity stays exact in signer argv (21.461292ms)
✔ unsafe or oversized reason rejected before process call: "line\nbreak" (0.899125ms)
✔ unsafe or oversized reason rejected before process call: "tab\tdata" (0.532417ms)
✔ unsafe or oversized reason rejected before process call: "nul\u0000data" (0.515625ms)
✔ unsafe or oversized reason rejected before process call: "\u001b[31mtext" (0.60375ms)
✔ unsafe or oversized reason rejected before process call: "--node-url" (0.572459ms)
✔ unsafe or oversized reason rejected before process call: " --censor-wallet" (0.562042ms)
✔ unsafe or oversized reason rejected before process call: "ééééééééééééééééééééééééééééééééééééééééééééééééééééééééééééééééééééééééééééééééééééééééééééééééééééé" (0.534875ms)
✔ unsafe or oversized reason rejected before process call: "" (0.499167ms)
✔ unsafe or oversized reason rejected before process call: null (0.494334ms)
✔ unsafe or oversized reason rejected before process call: {} (0.499375ms)
✔ unsafe or oversized reason rejected before process call: 123 (0.56025ms)
✔ JSON model output cannot override host-selected post index (0.580708ms)
✔ list validates data and projects away untrusted extra fields (0.813833ms)
✔ invalid list response rejected: malformed JSON (0.518792ms)
✔ invalid list response rejected: multiple candidate JSON records (0.49775ms)
✔ invalid list response rejected: missing identity (0.508542ms)
✔ invalid list response rejected: zero identity (0.479041ms)
✔ invalid list response rejected: duplicate identities (0.511125ms)
✔ invalid list response rejected: string index (0.509084ms)
✔ invalid list response rejected: index outside count (0.469875ms)
✔ invalid list response rejected: duplicate indices (0.497708ms)
✔ invalid list response rejected: string flag (0.68ms)
✔ invalid list response rejected: nonstring post (0.662166ms)
✔ invalid list response rejected: negative timestamp (0.942167ms)
✔ invalid list response rejected: oversize post text (0.842083ms)
✔ invalid or oversized process output rejected: object (0.626292ms)
✔ invalid or oversized process output rejected: object (0.824708ms)
✔ invalid or oversized process output rejected: string (2.382167ms)
✔ process timeout is observable without reflecting child diagnostics (0.625834ms)
✔ invalid policy version rejected before signing: undefined (0.503042ms)
✔ invalid policy version rejected before signing: null (0.701459ms)
✔ invalid policy version rejected before signing: 1 (1.256166ms)
✔ invalid policy version rejected before signing: 0x0000000000000000000000000000000000000000000000000000000000000000 (0.652584ms)
✔ invalid policy version rejected before signing: 0x30644e72e131a029b85045b68181585d2833e84879b9709143e1f593f0000001 (1.22575ms)
✔ missing policy or invalid deadline fails closed: {} (0.776417ms)
✔ missing policy or invalid deadline fails closed: {"policy":""} (0.5975ms)
✔ missing policy or invalid deadline fails closed: {"posts":[{"index":0,"postId":"0x0000000000000000000000000000000000000000000000000000000000000001","flagDeadline":"3601","text":"post","flagged":false,"timestamp":1,"flagEvent":null}]} (0.60125ms)
✔ missing policy or invalid deadline fails closed: {"posts":[{"index":0,"postId":"0x0000000000000000000000000000000000000000000000000000000000000001","policyVersion":"0x0000000000000000000000000000000000000000000000000000000000000009","flagDeadline":"01","text":"post","flagged":false,"timestamp":1,"flagEvent":null}]} (0.4935ms)
✔ missing policy or invalid deadline fails closed: {"posts":[{"index":0,"postId":"0x0000000000000000000000000000000000000000000000000000000000000001","policyVersion":"0x0000000000000000000000000000000000000000000000000000000000000009","flagDeadline":"-1","text":"post","flagged":false,"timestamp":1,"flagEvent":null}]} (0.570916ms)
✔ missing policy or invalid deadline fails closed: {"posts":[{"index":0,"postId":"0x0000000000000000000000000000000000000000000000000000000000000001","policyVersion":"0x0000000000000000000000000000000000000000000000000000000000000009","flagDeadline":"18446744073709551616","text":"post","flagged":false,"timestamp":1,"flagEvent":null}]} (0.633334ms)
✔ missing policy or invalid deadline fails closed: {"posts":[{"index":0,"postId":"0x0000000000000000000000000000000000000000000000000000000000000001","policyVersion":"0x0000000000000000000000000000000000000000000000000000000000000009","flagDeadline":100,"text":"post","flagged":false,"timestamp":1,"flagEvent":null}]} (0.494833ms)
✔ missing or invalid fee configuration rejected at signer startup: undefined (0.54825ms)
✔ missing or invalid fee configuration rejected at signer startup: /nonexistent/billboard-fee-config (0.5595ms)
✔ missing or invalid fee configuration rejected at signer startup: . (0.626792ms)
✔ invalid Ethereum RPC rejected at signer startup (0.5095ms)
✔ invalid Ethereum RPC rejected at signer startup (0.504541ms)
✔ invalid Ethereum RPC rejected at signer startup (0.550792ms)
✔ invalid Ethereum RPC rejected at signer startup (0.627833ms)
✔ raw flag preserves stdout while submitFlag requests and validates structured outcome (0.620167ms)
✔ structured flag outcome rejects wrong post (0.032875ms)
✔ structured flag outcome rejects wrong policy (0.034ms)
✔ structured flag outcome rejects missing predecessors (0.026292ms)
✔ structured flag outcome rejects bad predecessor (0.028833ms)
✔ structured flag outcome rejects too many predecessors (0.0265ms)
✔ structured flag outcome rejects duplicate predecessor (0.022333ms)
✔ structured flag outcome rejects current hash predecessor (0.021708ms)
✔ structured flag outcome rejects {"status":"pending"} (0.02075ms)
✔ structured flag outcome rejects {"status":"dropped"} (0.0195ms)
✔ structured flag outcome rejects {"status":"unknown"} (0.019625ms)
✔ structured flag outcome rejects {"executionResult":"reverted"} (0.019166ms)
✔ structured flag outcome rejects {} (0.021ms)
✔ structured flag outcome rejects {"txHash":"bad"} (0.019ms)
✔ structured flag outcome rejects {"blockHash":"bad"} (0.01875ms)
✔ structured flag outcome rejects {"blockNumber":0} (0.1995ms)
✔ structured flag outcome rejects {"blockNumber":"10"} (0.020792ms)
✔ structured flag outcome rejects malformed or ambiguous envelope:  (0.029833ms)
✔ structured flag outcome rejects malformed or ambiguous envelope: not JSON (0.017ms)
✔ structured flag outcome rejects malformed or ambiguous envelope: {"type":"billboard-moderation-submi (0.021959ms)
✔ structured flag outcome rejects malformed or ambiguous envelope: {"type":"billboard-moderation-submi (0.01925ms)
✔ structured successful inclusion accepts checkpointed (0.038875ms)
✔ structured successful inclusion accepts proven (0.016375ms)
✔ structured successful inclusion accepts finalized (0.018167ms)
✔ list rejects incomplete trusted snapshot missing scope (0.55825ms)
✔ list rejects incomplete trusted snapshot missing checkpoint (0.494708ms)
✔ list rejects incomplete trusted snapshot missing policies (0.492292ms)
✔ list rejects incomplete trusted snapshot duplicate policies (0.480375ms)
✔ list rejects incomplete trusted snapshot missing timestamp (0.557167ms)
✔ list rejects incomplete trusted snapshot incomplete snapshot (1.007166ms)
✔ list rejects incomplete trusted snapshot wrong current policy (0.61475ms)
✔ historical policy is retained for posts from earlier policy version (0.865958ms)
✔ inspectFlag uses read-only CLI branch without reconciliation (0.64775ms)
✔ inspectFlag accepts empty authenticated journal (0.520625ms)
✔ inspectFlag rejects malformed/mismatched journal {"postId":"0x0000000000000000000000000000000000000000000000000000000000000002"} (0.470083ms)
✔ inspectFlag rejects malformed/mismatched journal {"policyVersion":"0x0000000000000000000000000000000000000000000000000000000000000002"} (0.455625ms)
✔ inspectFlag rejects malformed/mismatched journal {"txHash":"bad"} (0.472333ms)
✔ inspectFlag rejects malformed/mismatched journal {} (0.460458ms)
✔ inspectFlag rejects malformed/mismatched journal {"txHash":null} (0.583792ms)
✔ inspectFlag rejects malformed/mismatched journal {"predecessorTxHashes":["0x0000000000000000000000000000000000000000000000000000000000000028"]} (0.502167ms)
✔ inspectFlag rejects malformed/mismatched journal {"predecessorTxHashes":["0x0000000000000000000000000000000000000000000000000000000000000027","0x0000000000000000000000000000000000000000000000000000000000000027"]} (0.515792ms)
✔ inspectFlag rejects malformed/mismatched journal {"predecessorTxHashes":["bad"]} (0.528292ms)
✔ inspectFlag rejects malformed/mismatched journal {"predecessorTxHashes":["0x0000000000000000000000000000000000000000000000000000000000000032","0x0000000000000000000000000000000000000000000000000000000000000033","0x0000000000000000000000000000000000000000000000000000000000000034","0x0000000000000000000000000000000000000000000000000000000000000035","0x0000000000000000000000000000000000000000000000000000000000000036","0x0000000000000000000000000000000000000000000000000000000000000037","0x0000000000000000000000000000000000000000000000000000000000000038","0x0000000000000000000000000000000000000000000000000000000000000039","0x000000000000000000000000000000000000000000000000000000000000003a"]} (0.516166ms)
✔ inspectFlag rejects ambiguous or malformed output (0.501708ms)
✔ inspectFlag rejects ambiguous or malformed output (0.494584ms)
✔ inspectFlag rejects ambiguous or malformed output (0.500791ms)
ℹ tests 129
ℹ suites 0
ℹ pass 129
ℹ fail 0
ℹ cancelled 0
ℹ skipped 0
ℹ todo 0
ℹ duration_ms 233.471625
=== Daemon Integration Tests (with mock infra) ===

  ✓ dry-run flags violation in output but does not call declare-immoral
  ✓ dry-run with OK verdict does not flag
  ✓ skips already-flagged posts
  ✓ empty public text fails input validation before model evaluation
  ✓ reasoning-only model output is an observable failure and cannot flag
  ✓ processes multiple posts with mixed verdicts
  ✓ missing --portal-address exits with error
  ✓ --from cannot bypass durable moderation jobs
  ✓ non-dry-run calls declare-immoral via CLI
  ✓ reads policy from contract output
  ✓ rejects a local policy override instead of signing with fallback text
  ✓ warns on posts past the censor window
  ✓ warns on posts about to expire in censor window
  ✓ processes oldest unflagged posts first (censor window urgency)
  ✓ model cannot add a destination, operation or post index to a verdict
  ✓ failed signing is not reported as a completed successful job
  ✓ production CLI cannot bypass model isolation with skip-bootstrap
  ✓ old post policy fails closed without model or signer action
  ✓ empty contract policy fails closed without model or signer action
  ✓ restart retains completed decisions without re-evaluating or resubmitting
  ✓ submitted receipt without finality remains durable and restart does not resend
  ✓ historical policy bytes are used for an older post after policy update
  ✓ private fee configuration is mandatory at daemon startup
  ✓ Ethereum endpoint is mandatory at daemon startup

=== Results ===
  Passed: 24
  Failed: 0
✔ canonical finalized receipt and matching scoped flag are required to confirm (0.919833ms)
✔ checkpointed success remains submitted (0.095292ms)
✔ proven success remains submitted (0.087542ms)
✔ pending never confirms (0.049375ms)
✔ proposed never confirms (0.037791ms)
✔ dropped never confirms (0.033292ms)
✔ unknown never confirms (0.038625ms)
✔ canonical revert remains reverted even with a matching event (0.044375ms)
✔ unknown execution outcome remains unknown: undefined (0.069416ms)
✔ unknown execution outcome remains unknown: unknown (0.0925ms)
✔ unknown execution outcome remains unknown: null (0.142916ms)
✔ canonical successful receipt without event awaits event (0.089958ms)
✔ wrong transaction receipt fails closed (0.056625ms)
✔ missing hash receipt fails closed (0.0465ms)
✔ invalid height receipt fails closed (0.028ms)
✔ wrong post event cannot confirm (0.082041ms)
✔ wrong policy event cannot confirm (0.059083ms)
✔ wrong transaction event cannot confirm (0.041542ms)
✔ wrong block event cannot confirm (0.0385ms)
✔ wrong height event cannot confirm (0.032667ms)
✔ wrong scope event cannot confirm (0.029166ms)
✔ malformed event event cannot confirm (0.031ms)
✔ different event type event cannot confirm (0.054375ms)
✔ reorg or missing canonical block remains unknown (0.042459ms)
✔ reorg or missing canonical block remains unknown (0.020792ms)
✔ reorg or missing canonical block remains unknown (0.01725ms)
✔ getTxReceipt RPC failure stays unknown (0.047458ms)
✔ getBlockData RPC failure stays unknown (0.022625ms)
✔ malformed transaction hash does not call RPC (0.028125ms)
✔ snapshot ingestion persists jobs, exact policy and checkpoint across reopen (3.586209ms)
✔ invalid snapshot is atomic and preserves prior checkpoint and jobs (1.980125ms)
✔ failed evaluation remains retryable despite complete snapshot ingestion (2.419166ms)
✔ competing SQLite connections cannot acquire overlapping leases (6.75825ms)
✔ a distinct worker process observes the existing lease (27.005792ms)
✔ expired evaluation lease retries but rejects stale worker writes (2.689333ms)
✔ expired submit-intent lease must reconcile, never resign (2.346333ms)
✔ expired submitted lease must reconcile, never resign (2.191375ms)
✔ released signing lease can reconcile immediately without waiting for expiration (2.426625ms)
✔ submission requires actual hash and cannot silently replace prior hash (2.213625ms)
✔ finalized successful receipt plus matching canonical flag completes job (2.098292ms)
✔ cannot confirm with pending evidence (1.85425ms)
✔ cannot confirm with reverted evidence (1.815792ms)
✔ cannot confirm with wrong-post evidence (1.954792ms)
✔ cannot confirm with wrong-hash evidence (1.8195ms)
✔ cannot confirm with wrong-reason evidence (1.891583ms)
✔ known finalized revert becomes retryable without losing job (2.0615ms)
✔ unknown submitted outcome cannot become ordinary retry (1.747791ms)
✔ deadline priority, expiry and exhausted attempts are explicit (2.086ms)
✔ orphaned submitted post remains reconciling; unsubmitted post becomes manual review (2.174959ms)
✔ historical policy is bound separately from current policy and empty board checkpoint persists (1.761541ms)
✔ reconciliation exhaustion cannot permit unrelated signing (2.331917ms)
✔ included successful submission waits for finality without blocking unrelated jobs (1.966167ms)
✔ expired lease of known included submission preserves submitted state (1.937625ms)
✔ authenticated journal replacement records predecessor plus new canonical receipt (2.153458ms)
✔ replacement rejects wrong-source (2.108125ms)
✔ replacement rejects missing-predecessor (1.795292ms)
✔ replacement rejects no-receipt (1.892708ms)
✔ replacement rejects wrong-receipt (1.82025ms)
✔ visible flag does not turn known included submission back into a blocking unknown (3.044166ms)
✔ database capacity exhaustion rolls back snapshot and checkpoint atomically (1.8135ms)
✔ reorg reinclusion with changed time resets unsigned evaluation and archives prior decision (1.846333ms)
✔ reorg-altered signed post preserves old intent and cannot be automatically reevaluated (2.159209ms)
✔ known successful submission finality polling does not exhaust unknown-outcome retries (2.912833ms)
✔ missing historical policy cannot commit jobs or advance feed checkpoint (1.330666ms)
✔ already flagged public post is observational manual review, never invented model success (1.431167ms)
✔ expiry during inference prevents creation of a signing intent (1.624542ms)
✔ reorged successful receipt cannot bypass uncertainty fence through manual review (2.067834ms)
✔ snapshot missing clears successful inclusion and retains recovery fence (2.513667ms)
✔ snapshot changed clears successful inclusion and retains recovery fence (2.448916ms)
✔ model rollover keeps included prior-model transactions eligible for finality reconciliation (2.701125ms)
✔ model rollover backoff blocks only the already-signed post while unrelated jobs proceed (2.611959ms)
✔ finalized old-model revert permits evaluation by the new model without reviving stale evaluation (2.343875ms)
✔ model identity is the exact six-word transcript, without Field truncation (0.492916ms)
✔ configuration whitespace and exact prompt bytes change model version (0.148292ms)
✔ labels, shortened hashes, mutable tags and oversized digests are rejected (0.122041ms)
✔ declare-immoral reads only the explicit censor private file (1.538333ms)
✔ declare-immoral cannot fall back to other available wallets (0.767375ms)
✔ transfer-censor reads only the explicit censor private file (0.653708ms)
✔ transfer-censor cannot fall back to other available wallets (0.649625ms)
✔ set-moderation-policy reads only the explicit censor private file (0.785042ms)
✔ set-moderation-policy cannot fall back to other available wallets (0.573417ms)
✔ list reads only the explicit censor private file (0.519125ms)
✔ list cannot fall back to other available wallets (0.653167ms)
✔ malformed censor diagnostics exclude file content (1.051834ms)
✔ user action loads explicitly chosen valid user and Ethereum private files (0.612625ms)
✔ censor refuses public-readable key files (0.612541ms)
✔ OK decision survives database reopen without reevaluation (4.521042ms)
✔ evaluation uses historical policy A even when current policy is B (2.189375ms)
✔ empty board with policy A then B persists cursor without evaluation (1.840042ms)
✔ checkpointed signer response is durable progress, never completion (3.358791ms)
✔ lost signer response recovers saved hash read-only after deadline (3.706875ms)
✔ dropped transaction after deadline never signs again (3.299292ms)
✔ finalized revert clears old intent and permits bounded fresh attempt (4.011667ms)
✔ unknown submission blocks unrelated signing (8.171417ms)
✔ known included success awaiting finality lets another job run (3.234833ms)
✔ deadline passing during inference prevents any signing (2.081125ms)
✔ post missing during inference prevents old decision signing (1.7955ms)
✔ post changed during inference prevents old decision signing (1.76625ms)
✔ expired evaluation lease prevents stale worker signing (1.922ms)
✔ matching finalized receipt and canonical flag completes without resigning (2.699208ms)
✔ snapshot missing scope fails before database ingestion or model (1.328583ms)
✔ snapshot other-board scope fails before database ingestion or model (1.341625ms)
✔ scope changing after inference fails before signing (1.789209ms)
✔ canonical receipt mismatch never completes or signs a replacement (2.711708ms)
✔ lost response with empty journal after deadline remains explicit manual review (2.836041ms)
ℹ tests 105
ℹ suites 0
ℹ pass 105
ℹ fail 0
ℹ cancelled 0
ℹ skipped 0
ℹ todo 0
ℹ duration_ms 355.121416
