✔ simple VIOLATION with rule number and reason (1.234625ms)
✔ simple OK (0.106042ms)
✔ VIOLATION at end after thinking reasoning (0.093708ms)
✔ OK at end after thinking reasoning (0.040125ms)
✔ NOT A VIOLATION prose is explicitly unresolved, never a flag (0.146583ms)
✔ NO VIOLATION prose is explicitly unresolved, never a flag (0.04625ms)
✔ VIOLATION without reason is explicitly unresolved (0.040584ms)
✔ empty text is explicitly unresolved (0.03475ms)
✔ random text is explicitly unresolved instead of defaulting to OK (0.059ms)
✔ VIOLATION with extra whitespace (0.07825ms)
✔ multiple lines, valid standalone VIOLATION is last (0.044042ms)
✔ earlier VIOLATION cannot make ambiguous final prose a verdict (0.033875ms)
✔ embedded VIOLATION after prose is not a standalone verdict (0.027167ms)
✔ oversized reason is rejected rather than silently truncated (0.033375ms)
✔ case insensitive VIOLATION (0.022417ms)
✔ case insensitive OK (0.019833ms)
✔ buildSystemPrompt mentions rules and billboard (0.056ms)
✔ buildUserPrompt includes policy, post and clear output formats (0.063209ms)
✔ buildUserPrompt handles empty post (0.024833ms)
✔ buildUserPrompt quotes post data without corrupting its envelope (0.032875ms)
✔ thinking model output with reasoning then standalone legacy final verdict (0.025709ms)
✔ thinking model output that concludes OK (0.022291ms)
✔ legacy markdown bold wrapper remains supported (0.023ms)
✔ strict JSON verdict true (0.049541ms)
✔ strict JSON verdict false (0.023792ms)
✔ JSON key order is irrelevant (0.035958ms)
✔ model cannot add command to verdict (0.038416ms)
✔ model cannot add operation to verdict (0.030708ms)
✔ model cannot add wallet to verdict (0.021958ms)
✔ model cannot add destination to verdict (0.023667ms)
✔ model cannot add postIndex to verdict (0.019584ms)
✔ model cannot add postId to verdict (0.01925ms)
✔ malformed or untyped verdict rejected: {"isViolation":true,"reason": (0.03425ms)
✔ malformed or untyped verdict rejected: [] (0.02ms)
✔ malformed or untyped verdict rejected: null (0.026292ms)
✔ malformed or untyped verdict rejected: {"isViolation":"true","reason":"spam"} (0.022833ms)
✔ malformed or untyped verdict rejected: {"isViolation":true,"reason":null} (0.02175ms)
✔ malformed or untyped verdict rejected: {"isViolation":true,"reason":{"command":"list"}} (0.021125ms)
✔ malformed or untyped verdict rejected: {"isViolation":true,"isViolation":false,"reason":"spam" (0.028209ms)
✔ malformed or untyped verdict rejected: {"isViolation":true,"reason":"spam","reason":"other"} (0.020792ms)
✔ malformed or untyped verdict rejected: "VIOLATION - 1 - Spam" (0.022042ms)
✔ non-string model text rejected: null (0.026459ms)
✔ non-string model text rejected: undefined (0.020167ms)
✔ non-string model text rejected: false (0.01825ms)
✔ non-string model text rejected: 123 (0.016375ms)
✔ non-string model text rejected: [object Object] (0.016875ms)
✔ non-string model text rejected: OK (0.01625ms)
✔ shell-looking JSON reason remains inert text: Quotes ' and " remain text (0.023834ms)
✔ shell-looking JSON reason remains inert text: `echo harmless` (0.017125ms)
✔ shell-looking JSON reason remains inert text: $(echo harmless) (0.016333ms)
✔ shell-looking JSON reason remains inert text: ${HOME}; true (0.015416ms)
✔ shell-looking JSON reason remains inert text: Reason: colons and "reason": stay inside one value (0.016ms)
✔ control or option-like reason rejected: "line\nbreak" (0.025833ms)
✔ control or option-like reason rejected: "line\rbreak" (0.018292ms)
✔ control or option-like reason rejected: "tab\tdata" (0.018834ms)
✔ control or option-like reason rejected: "nul\u0000data" (0.018667ms)
✔ control or option-like reason rejected: "\u001b[31mtext" (0.015333ms)
✔ control or option-like reason rejected: "badtext" (0.015042ms)
✔ control or option-like reason rejected: "bad‮text" (0.025625ms)
✔ control or option-like reason rejected: "--node-url" (0.016041ms)
✔ control or option-like reason rejected: "\ud800" (0.016209ms)
✔ reason byte limit accounts for multibyte UTF-8 (0.042958ms)
✔ oversized full verdict is rejected (0.023166ms)
✔ oversized post and policy are rejected before network access (0.170959ms)
✔ valid HTTP final verdict uses structured request and trusted local endpoint (9.251292ms)
✔ incomplete or malformed HTTP choice is observable unresolved failure: {"choices":[{"finish_reason":"length","message":{"content":"VIOLATION - 1 - Spam"}}]} (0.144083ms)
✔ incomplete or malformed HTTP choice is observable unresolved failure: {"choices":[{"finish_reason":"stop","message":{"content":"","reasoning_content":"VIOLATION - 1  (0.095666ms)
✔ incomplete or malformed HTTP choice is observable unresolved failure: {"choices":[{"finish_reason":"stop","message":{"content":{"isViolation":true,"reason":"1 - Adve (0.091041ms)
✔ incomplete or malformed HTTP choice is observable unresolved failure: {"choices":[]} (0.114333ms)
✔ incomplete or malformed HTTP choice is observable unresolved failure: {"choices":[{"finish_reason":"stop","message":{"content":"OK"}},{"finish_reason":"stop","messag (0.087791ms)
✔ HTTP error remains unresolved without reflecting untrusted server body (0.149625ms)
✔ unavailable model produces explicit error (0.070041ms)
✔ timeout is bounded even if fetch adapter ignores cancellation (22.611042ms)
✔ malformed response JSON is explicit failure (0.142708ms)
✔ oversized HTTP response is stopped and cancelled (0.3315ms)
✔ slow response body is bounded by the whole-request timeout (22.299084ms)
ℹ tests 76
ℹ suites 0
ℹ pass 76
ℹ fail 0
ℹ cancelled 0
ℹ skipped 0
ℹ todo 0
ℹ duration_ms 62.168916
✔ real argv-echo process preserves one inert reason argument: Quotes ' and " stay data (24.30525ms)
✔ real argv-echo process preserves one inert reason argument: `echo harmless` (22.407ms)
✔ real argv-echo process preserves one inert reason argument: $(echo harmless) (22.105542ms)
✔ real argv-echo process preserves one inert reason argument: ${HOME}; true (21.116292ms)
✔ real argv-echo process preserves one inert reason argument: safe; # command-looking comment (23.010834ms)
✔ executable, operation, argv and execution limits are chosen by signer (0.937208ms)
✔ startup config mutation cannot redirect later flags (0.877125ms)
✔ host loader environment is not passed to the actual child (21.905666ms)
✔ flag rejects model-controlled operation without invoking a process (0.951291ms)
✔ flag rejects model-controlled command without invoking a process (0.680041ms)
✔ flag rejects model-controlled wallet without invoking a process (0.60425ms)
✔ flag rejects model-controlled destination without invoking a process (0.821083ms)
✔ flag rejects model-controlled cliPath without invoking a process (0.594125ms)
✔ flag rejects model-controlled nodeExecutable without invoking a process (0.5315ms)
✔ flag rejects model-controlled censorWallet without invoking a process (0.552458ms)
✔ flag rejects model-controlled privateFeeConfig without invoking a process (0.537917ms)
✔ flag rejects model-controlled ethRpcUrl without invoking a process (0.554708ms)
✔ flag rejects model-controlled privateFeeClaim without invoking a process (0.557ms)
✔ flag rejects model-controlled private-fee-claim-file without invoking a process (0.507167ms)
✔ flag rejects model-controlled reconcilePrevious without invoking a process (0.565667ms)
✔ flag rejects model-controlled acknowledgeTx without invoking a process (0.530375ms)
✔ invalid or incorrectly typed post id rejected: -1 (0.576ms)
✔ invalid or incorrectly typed post id rejected: 4294967296 (0.509208ms)
✔ invalid or incorrectly typed post id rejected: 1.5 (0.514042ms)
✔ invalid or incorrectly typed post id rejected: NaN (0.510833ms)
✔ invalid or incorrectly typed post id rejected: Infinity (0.531291ms)
✔ invalid or incorrectly typed post id rejected: 1 (0.496167ms)
✔ invalid or incorrectly typed post id rejected: 1 --node-url (0.551375ms)
✔ invalid or incorrectly typed post id rejected: null (0.578375ms)
✔ invalid or incorrectly typed post id rejected: undefined (0.556792ms)
✔ invalid or incorrectly typed post id rejected: [object Object] (0.551667ms)
✔ invalid or incorrectly typed post id rejected: 1 (0.494417ms)
✔ invalid or incorrectly typed post id rejected: 0x0000000000000000000000000000000000000000000000000000000000000000 (0.54825ms)
✔ invalid or incorrectly typed post id rejected: 0x30644e72e131a029b85045b68181585d2833e84879b9709143e1f593f0000001 (0.497417ms)
✔ full Field identity stays exact in signer argv (21.807959ms)
✔ unsafe or oversized reason rejected before process call: "line\nbreak" (0.723875ms)
✔ unsafe or oversized reason rejected before process call: "tab\tdata" (0.562459ms)
✔ unsafe or oversized reason rejected before process call: "nul\u0000data" (0.536584ms)
✔ unsafe or oversized reason rejected before process call: "\u001b[31mtext" (0.542083ms)
✔ unsafe or oversized reason rejected before process call: "--node-url" (0.495542ms)
✔ unsafe or oversized reason rejected before process call: " --censor-wallet" (0.51ms)
✔ unsafe or oversized reason rejected before process call: "ééééééééééééééééééééééééééééééééééééééééééééééééééééééééééééééééééééééééééééééééééééééééééééééééééééé" (0.551125ms)
✔ unsafe or oversized reason rejected before process call: "" (0.521875ms)
✔ unsafe or oversized reason rejected before process call: null (0.504875ms)
✔ unsafe or oversized reason rejected before process call: {} (0.483209ms)
✔ unsafe or oversized reason rejected before process call: 123 (0.5495ms)
✔ JSON model output cannot override host-selected post index (0.594084ms)
✔ list validates data and projects away untrusted extra fields (0.830167ms)
✔ invalid list response rejected: malformed JSON (0.523333ms)
✔ invalid list response rejected: multiple candidate JSON records (0.533583ms)
✔ invalid list response rejected: missing identity (0.528291ms)
✔ invalid list response rejected: zero identity (0.502292ms)
✔ invalid list response rejected: duplicate identities (0.495958ms)
✔ invalid list response rejected: string index (0.528208ms)
✔ invalid list response rejected: index outside count (0.517416ms)
✔ invalid list response rejected: duplicate indices (0.535959ms)
✔ invalid list response rejected: string flag (0.604959ms)
✔ invalid list response rejected: nonstring post (0.742958ms)
✔ invalid list response rejected: negative timestamp (0.68ms)
✔ invalid list response rejected: oversize post text (0.887667ms)
✔ invalid or oversized process output rejected: object (0.62075ms)
✔ invalid or oversized process output rejected: object (0.605375ms)
✔ invalid or oversized process output rejected: string (2.388ms)
✔ process timeout is observable without reflecting child diagnostics (0.5275ms)
✔ invalid policy version rejected before signing: undefined (0.487583ms)
✔ invalid policy version rejected before signing: null (0.578375ms)
✔ invalid policy version rejected before signing: 1 (0.786875ms)
✔ invalid policy version rejected before signing: 0x0000000000000000000000000000000000000000000000000000000000000000 (0.667667ms)
✔ invalid policy version rejected before signing: 0x30644e72e131a029b85045b68181585d2833e84879b9709143e1f593f0000001 (1.14625ms)
✔ missing policy or invalid deadline fails closed: {} (0.65ms)
✔ missing policy or invalid deadline fails closed: {"policy":""} (0.535584ms)
✔ missing policy or invalid deadline fails closed: {"posts":[{"index":0,"postId":"0x0000000000000000000000000000000000000000000000000000000000000001","flagDeadline":"3601","text":"post","flagged":false,"timestamp":1,"flagEvent":null}]} (0.527ms)
✔ missing policy or invalid deadline fails closed: {"posts":[{"index":0,"postId":"0x0000000000000000000000000000000000000000000000000000000000000001","policyVersion":"0x0000000000000000000000000000000000000000000000000000000000000009","flagDeadline":"01","text":"post","flagged":false,"timestamp":1,"flagEvent":null}]} (0.528417ms)
✔ missing policy or invalid deadline fails closed: {"posts":[{"index":0,"postId":"0x0000000000000000000000000000000000000000000000000000000000000001","policyVersion":"0x0000000000000000000000000000000000000000000000000000000000000009","flagDeadline":"-1","text":"post","flagged":false,"timestamp":1,"flagEvent":null}]} (0.547167ms)
✔ missing policy or invalid deadline fails closed: {"posts":[{"index":0,"postId":"0x0000000000000000000000000000000000000000000000000000000000000001","policyVersion":"0x0000000000000000000000000000000000000000000000000000000000000009","flagDeadline":"18446744073709551616","text":"post","flagged":false,"timestamp":1,"flagEvent":null}]} (0.533792ms)
✔ missing policy or invalid deadline fails closed: {"posts":[{"index":0,"postId":"0x0000000000000000000000000000000000000000000000000000000000000001","policyVersion":"0x0000000000000000000000000000000000000000000000000000000000000009","flagDeadline":100,"text":"post","flagged":false,"timestamp":1,"flagEvent":null}]} (0.506042ms)
✔ missing or invalid fee configuration rejected at signer startup: undefined (0.553333ms)
✔ missing or invalid fee configuration rejected at signer startup: /nonexistent/billboard-fee-config (0.571708ms)
✔ missing or invalid fee configuration rejected at signer startup: . (0.545334ms)
✔ invalid Ethereum RPC rejected at signer startup (0.508084ms)
✔ invalid Ethereum RPC rejected at signer startup (0.522042ms)
✔ invalid Ethereum RPC rejected at signer startup (0.541ms)
✔ invalid Ethereum RPC rejected at signer startup (0.520416ms)
✔ raw flag preserves stdout while submitFlag requests and validates structured outcome (0.657958ms)
✔ structured flag outcome rejects wrong post (0.035583ms)
✔ structured flag outcome rejects wrong policy (0.033084ms)
✔ structured flag outcome rejects missing predecessors (0.024166ms)
✔ structured flag outcome rejects bad predecessor (0.029583ms)
✔ structured flag outcome rejects too many predecessors (0.026375ms)
✔ structured flag outcome rejects duplicate predecessor (0.022125ms)
✔ structured flag outcome rejects current hash predecessor (0.02125ms)
✔ structured flag outcome rejects {"status":"pending"} (0.020625ms)
✔ structured flag outcome rejects {"status":"dropped"} (0.019709ms)
✔ structured flag outcome rejects {"status":"unknown"} (0.0195ms)
✔ structured flag outcome rejects {"executionResult":"reverted"} (0.019ms)
✔ structured flag outcome rejects {} (0.020417ms)
✔ structured flag outcome rejects {"txHash":"bad"} (0.019042ms)
✔ structured flag outcome rejects {"blockHash":"bad"} (0.019375ms)
✔ structured flag outcome rejects {"blockNumber":0} (0.021375ms)
✔ structured flag outcome rejects {"blockNumber":"10"} (0.025041ms)
✔ structured flag outcome rejects malformed or ambiguous envelope:  (0.262667ms)
✔ structured flag outcome rejects malformed or ambiguous envelope: not JSON (0.017708ms)
✔ structured flag outcome rejects malformed or ambiguous envelope: {"type":"billboard-moderation-submi (0.025583ms)
✔ structured flag outcome rejects malformed or ambiguous envelope: {"type":"billboard-moderation-submi (0.019709ms)
✔ structured successful inclusion accepts checkpointed (0.03825ms)
✔ structured successful inclusion accepts proven (0.016292ms)
✔ structured successful inclusion accepts finalized (0.017916ms)
✔ list rejects incomplete trusted snapshot missing scope (0.445375ms)
✔ list rejects incomplete trusted snapshot missing checkpoint (0.524167ms)
✔ list rejects incomplete trusted snapshot missing policies (0.4895ms)
✔ list rejects incomplete trusted snapshot duplicate policies (0.527708ms)
✔ list rejects incomplete trusted snapshot missing timestamp (0.511875ms)
✔ list rejects incomplete trusted snapshot incomplete snapshot (0.794125ms)
✔ list rejects incomplete trusted snapshot wrong current policy (0.536542ms)
✔ historical policy is retained for posts from earlier policy version (0.626417ms)
✔ inspectFlag uses read-only CLI branch without reconciliation (0.589333ms)
✔ inspectFlag accepts empty authenticated journal (0.486375ms)
✔ inspectFlag rejects malformed/mismatched journal {"postId":"0x0000000000000000000000000000000000000000000000000000000000000002"} (0.507458ms)
✔ inspectFlag rejects malformed/mismatched journal {"policyVersion":"0x0000000000000000000000000000000000000000000000000000000000000002"} (0.480958ms)
✔ inspectFlag rejects malformed/mismatched journal {"txHash":"bad"} (0.493208ms)
✔ inspectFlag rejects malformed/mismatched journal {} (0.488958ms)
✔ inspectFlag rejects malformed/mismatched journal {"txHash":null} (0.467458ms)
✔ inspectFlag rejects malformed/mismatched journal {"predecessorTxHashes":["0x0000000000000000000000000000000000000000000000000000000000000028"]} (0.473417ms)
✔ inspectFlag rejects malformed/mismatched journal {"predecessorTxHashes":["0x0000000000000000000000000000000000000000000000000000000000000027","0x0000000000000000000000000000000000000000000000000000000000000027"]} (0.513416ms)
✔ inspectFlag rejects malformed/mismatched journal {"predecessorTxHashes":["bad"]} (0.519583ms)
✔ inspectFlag rejects malformed/mismatched journal {"predecessorTxHashes":["0x0000000000000000000000000000000000000000000000000000000000000032","0x0000000000000000000000000000000000000000000000000000000000000033","0x0000000000000000000000000000000000000000000000000000000000000034","0x0000000000000000000000000000000000000000000000000000000000000035","0x0000000000000000000000000000000000000000000000000000000000000036","0x0000000000000000000000000000000000000000000000000000000000000037","0x0000000000000000000000000000000000000000000000000000000000000038","0x0000000000000000000000000000000000000000000000000000000000000039","0x000000000000000000000000000000000000000000000000000000000000003a"]} (0.548125ms)
✔ inspectFlag rejects ambiguous or malformed output (0.494917ms)
✔ inspectFlag rejects ambiguous or malformed output (0.427792ms)
✔ inspectFlag rejects ambiguous or malformed output (0.524125ms)
ℹ tests 129
ℹ suites 0
ℹ pass 129
ℹ fail 0
ℹ cancelled 0
ℹ skipped 0
ℹ todo 0
ℹ duration_ms 222.596959
=== Daemon Integration Tests (with mock infra) ===

  ✓ dry-run flags violation in output but does not call declare-immoral
  ✓ dry-run with OK verdict does not flag
  ✓ skips already-flagged posts
  ✓ empty public text fails input validation before model evaluation
  ✓ reasoning-only model output is an observable failure and cannot flag
  ✓ processes multiple posts with mixed verdicts
  ✓ missing --portal-address exits with error
  ✓ --from cannot bypass durable moderation jobs
  ✓ non-dry-run calls declare-immoral via CLI
  ✓ reads policy from contract output
  ✓ rejects a local policy override instead of signing with fallback text
  ✓ warns on posts past the censor window
  ✓ warns on posts about to expire in censor window
  ✓ processes oldest unflagged posts first (censor window urgency)
  ✓ model cannot add a destination, operation or post index to a verdict
  ✓ failed signing is not reported as a completed successful job
  ✓ production CLI cannot bypass model isolation with skip-bootstrap
  ✓ old post policy fails closed without model or signer action
  ✓ empty contract policy fails closed without model or signer action
  ✓ restart retains completed decisions without re-evaluating or resubmitting
  ✓ submitted receipt without finality remains durable and restart does not resend
  ✓ historical policy bytes are used for an older post after policy update
  ✓ private fee configuration is mandatory at daemon startup
  ✓ Ethereum endpoint is mandatory at daemon startup

=== Results ===
  Passed: 24
  Failed: 0
✔ canonical finalized receipt and matching scoped flag are required to confirm (0.915291ms)
✔ checkpointed success remains submitted (0.08975ms)
✔ proven success remains submitted (0.082958ms)
✔ pending never confirms (0.048125ms)
✔ proposed never confirms (0.038542ms)
✔ dropped never confirms (0.032416ms)
✔ unknown never confirms (0.038375ms)
✔ canonical revert remains reverted even with a matching event (0.043958ms)
✔ unknown execution outcome remains unknown: undefined (0.072958ms)
✔ unknown execution outcome remains unknown: unknown (0.089959ms)
✔ unknown execution outcome remains unknown: null (0.473042ms)
✔ canonical successful receipt without event awaits event (0.045958ms)
✔ wrong transaction receipt fails closed (0.038417ms)
✔ missing hash receipt fails closed (0.151875ms)
✔ invalid height receipt fails closed (0.023959ms)
✔ wrong post event cannot confirm (0.064125ms)
✔ wrong policy event cannot confirm (0.052ms)
✔ wrong transaction event cannot confirm (0.039083ms)
✔ wrong block event cannot confirm (0.033292ms)
✔ wrong height event cannot confirm (0.031792ms)
✔ wrong scope event cannot confirm (0.028375ms)
✔ malformed event event cannot confirm (0.030625ms)
✔ different event type event cannot confirm (0.05125ms)
✔ reorg or missing canonical block remains unknown (0.038166ms)
✔ reorg or missing canonical block remains unknown (0.021833ms)
✔ reorg or missing canonical block remains unknown (0.01675ms)
✔ getTxReceipt RPC failure stays unknown (0.047125ms)
✔ getBlockData RPC failure stays unknown (0.02225ms)
✔ malformed transaction hash does not call RPC (0.026042ms)
✔ snapshot ingestion persists jobs, exact policy and checkpoint across reopen (3.362875ms)
✔ invalid snapshot is atomic and preserves prior checkpoint and jobs (1.801417ms)
✔ failed evaluation remains retryable despite complete snapshot ingestion (2.794375ms)
✔ competing SQLite connections cannot acquire overlapping leases (6.963291ms)
✔ a distinct worker process observes the existing lease (27.059917ms)
✔ expired evaluation lease retries but rejects stale worker writes (2.743709ms)
✔ expired submit-intent lease must reconcile, never resign (2.325667ms)
✔ expired submitted lease must reconcile, never resign (2.337666ms)
✔ released signing lease can reconcile immediately without waiting for expiration (2.358708ms)
✔ submission requires actual hash and cannot silently replace prior hash (2.229208ms)
✔ finalized successful receipt plus matching canonical flag completes job (2.33025ms)
✔ cannot confirm with pending evidence (1.9445ms)
✔ cannot confirm with reverted evidence (1.706667ms)
✔ cannot confirm with wrong-post evidence (1.791458ms)
✔ cannot confirm with wrong-hash evidence (1.719042ms)
✔ cannot confirm with wrong-reason evidence (2.0105ms)
✔ known finalized revert becomes retryable without losing job (2.177208ms)
✔ unknown submitted outcome cannot become ordinary retry (1.863166ms)
✔ deadline priority, expiry and exhausted attempts are explicit (2.140292ms)
✔ orphaned submitted post remains reconciling; unsubmitted post becomes manual review (2.177917ms)
✔ historical policy is bound separately from current policy and empty board checkpoint persists (1.67175ms)
✔ reconciliation exhaustion cannot permit unrelated signing (2.183917ms)
✔ included successful submission waits for finality without blocking unrelated jobs (1.971334ms)
✔ expired lease of known included submission preserves submitted state (1.903416ms)
✔ authenticated journal replacement records predecessor plus new canonical receipt (1.991375ms)
✔ replacement rejects wrong-source (2.083875ms)
✔ replacement rejects missing-predecessor (1.900958ms)
✔ replacement rejects no-receipt (1.680042ms)
✔ replacement rejects wrong-receipt (1.848166ms)
✔ visible flag does not turn known included submission back into a blocking unknown (2.230125ms)
✔ database capacity exhaustion rolls back snapshot and checkpoint atomically (1.464291ms)
✔ reorg reinclusion with changed time resets unsigned evaluation and archives prior decision (1.684458ms)
✔ reorg-altered signed post preserves old intent and cannot be automatically reevaluated (1.959375ms)
✔ known successful submission finality polling does not exhaust unknown-outcome retries (2.943417ms)
✔ missing historical policy cannot commit jobs or advance feed checkpoint (1.331041ms)
✔ already flagged public post is observational manual review, never invented model success (1.422083ms)
✔ expiry during inference prevents creation of a signing intent (1.510458ms)
✔ reorged successful receipt cannot bypass uncertainty fence through manual review (2.138959ms)
✔ snapshot missing clears successful inclusion and retains recovery fence (2.538958ms)
✔ snapshot changed clears successful inclusion and retains recovery fence (2.544541ms)
✔ model rollover keeps included prior-model transactions eligible for finality reconciliation (2.567083ms)
✔ model rollover backoff blocks only the already-signed post while unrelated jobs proceed (2.660917ms)
✔ finalized old-model revert permits evaluation by the new model without reviving stale evaluation (2.277375ms)
✔ model identity is the exact six-word transcript, without Field truncation (0.522625ms)
✔ configuration whitespace and exact prompt bytes change model version (0.165167ms)
✔ labels, shortened hashes, mutable tags and oversized digests are rejected (0.120375ms)
✔ declare-immoral reads only the explicit censor private file (1.592708ms)
✔ declare-immoral cannot fall back to other available wallets (0.828625ms)
✔ transfer-censor reads only the explicit censor private file (0.800083ms)
✔ transfer-censor cannot fall back to other available wallets (0.695292ms)
✔ set-moderation-policy reads only the explicit censor private file (0.76025ms)
✔ set-moderation-policy cannot fall back to other available wallets (0.728667ms)
✔ list reads only the explicit censor private file (0.661959ms)
✔ list cannot fall back to other available wallets (0.699083ms)
✔ malformed censor diagnostics exclude file content (1.049083ms)
✔ user action loads explicitly chosen valid user and Ethereum private files (0.686833ms)
✔ censor refuses public-readable key files (0.634833ms)
✔ OK decision survives database reopen without reevaluation (4.969042ms)
✔ evaluation uses historical policy A even when current policy is B (2.371125ms)
✔ empty board with policy A then B persists cursor without evaluation (1.998959ms)
✔ checkpointed signer response is durable progress, never completion (2.9955ms)
✔ lost signer response recovers saved hash read-only after deadline (3.336417ms)
✔ dropped transaction after deadline never signs again (3.228584ms)
✔ finalized revert clears old intent and permits bounded fresh attempt (3.814208ms)
✔ unknown submission blocks unrelated signing (8.043334ms)
✔ known included success awaiting finality lets another job run (3.38925ms)
✔ deadline passing during inference prevents any signing (2.144875ms)
✔ post missing during inference prevents old decision signing (1.884958ms)
✔ post changed during inference prevents old decision signing (1.864667ms)
✔ expired evaluation lease prevents stale worker signing (1.9935ms)
✔ matching finalized receipt and canonical flag completes without resigning (3.101791ms)
✔ snapshot missing scope fails before database ingestion or model (1.505083ms)
✔ snapshot other-board scope fails before database ingestion or model (1.48925ms)
✔ scope changing after inference fails before signing (1.982458ms)
✔ canonical receipt mismatch never completes or signs a replacement (2.949875ms)
✔ lost response with empty journal after deadline remains explicit manual review (2.537209ms)
✔ lost replacement response reconciles finalized journal state after deadline (4.084625ms)
✔ lost replacement response reconciles pending journal state after deadline (5.266542ms)
✔ lost replacement response reconciles unrelated journal state after deadline (19.403792ms)
ℹ tests 108
ℹ suites 0
ℹ pass 108
ℹ fail 0
ℹ cancelled 0
ℹ skipped 0
ℹ todo 0
ℹ duration_ms 379.094083
