✔ matching synthetic artifacts and recorded sources pass (6.57225ms)
✔ stale deploy Noir copy is rejected (5.279916ms)
✔ stale censor Noir copy is rejected (4.908709ms)
✔ missing verification key is rejected even when all consumer copies agree (4.511208ms)
✔ empty private function set is rejected even when all consumer copies agree (4.54775ms)
✔ only public functions is rejected even when all consumer copies agree (4.637709ms)
✔ untranspiled artifact is rejected even when all consumer copies agree (4.765459ms)
✔ truthy non-boolean transpilation marker is rejected even when all consumer copies agree (5.127875ms)
✔ stale portal bytecode is rejected: apps/src/billboard/portal_bytecode.txt (4.306333ms)
✔ stale portal bytecode is rejected: apps/src/billboard/deploy/portal_bytecode.txt (4.374542ms)
✔ portal source drift is rejected by embedded compiler provenance (4.257166ms)
✔ missing Solidity source provenance is rejected (4.205ms)
✔ string-encoded Solidity metadata remains supported (5.760334ms)
✔ Noir source drift requires a rebuild (4.46325ms)
✔ Noir dependency declaration drift requires a rebuild (4.539583ms)
✔ root dependency lock drift requires a rebuild (4.718875ms)
✔ portal dependency lock drift requires a rebuild (4.430834ms)
✔ compiler configuration drift requires a rebuild (4.467875ms)
✔ toolchain pins drift requires a rebuild (5.63575ms)
✔ contract builder drift requires a rebuild (4.398917ms)
✔ Noir debug-path normalizer drift requires a rebuild (4.441875ms)
✔ Noir dependency verifier drift requires a rebuild (4.515833ms)
✔ Noir dependency pins drift requires a rebuild (4.35875ms)
✔ new Noir source omitted from the old manifest requires a rebuild (4.553334ms)
✔ contract manifest input hash tampering is rejected (5.5455ms)
✔ contract manifest noir hash tampering is rejected (4.824ms)
✔ contract manifest portal hash tampering is rejected (4.502625ms)
✔ synchronized altered Noir artifacts still fail the recorded build hash (4.617583ms)
✔ synchronized altered portal bytecode still fails the recorded build hash (4.52125ms)
✔ privateFee key, extra route and stale content fail closed (4.714167ms)
✔ normal author calls carry only private payment method and bootstrap claim is consumed once (2.336125ms)
✔ unknown submission is preserved without retry and private errors are redacted (1.683875ms)
✔ missing private fee configuration fails before account work for every private action (1.4605ms)
✔ actual wallet keeps configured gas and normal account scope/tag through simulation and proof (23.747416ms)
✔ actual main claim uses standard author call with private fee payment (13.20425ms)
✔ actual main post uses standard author call with private fee payment (1.490834ms)
✔ actual main post dummy uses standard author call with private fee payment (0.819125ms)
✔ actual main withdraw uses standard author call with private fee payment (0.771792ms)
✔ moderator calls use their normal account with private fee payment (0.8675ms)
✔ inherited object names never select an application method (0.256458ms)
✔ actual main private post works with no Ethereum signer (0.74125ms)
✔ actual main fails before PXE when RPC identity changed after CLI preflight (0.456541ms)
✔ settlement pending returns after one witness lookup, without ninety-minute polling (0.989667ms)
✔ witness RPC failure remains unknown, never a false unclaimed or paid result (0.843417ms)
✔ consumed/error text is not evidence of a refund: false (1.447375ms)
✔ consumed/error text is not evidence of a refund: true (0.782166ms)
✔ actual main refuses a private send when durable journal is unavailable (0.546458ms)
✔ actual main recovery avoids proving and Ethereum signing and reports revert distinctly (0.968167ms)
✔ Ethereum recovery handles already refunded receipts before checking active deposit (1.120042ms)
✔ actual moderator declare-immoral uses the active wallet's durable journal (0.857833ms)
✔ actual moderator declare-immoral refuses an unresolved previous transaction before preparing a fee (0.438209ms)
✔ actual moderator set-moderation-policy uses the active wallet's durable journal (0.781833ms)
✔ actual moderator set-moderation-policy refuses an unresolved previous transaction before preparing a fee (0.459459ms)
✔ actual moderator transfer-censor uses the active wallet's durable journal (0.540459ms)
✔ actual moderator transfer-censor refuses an unresolved previous transaction before preparing a fee (0.435167ms)
✔ moderator wallet cannot bypass journal ownership by supplying a second key (0.462542ms)
✔ moderator recovery success distinguishes an already completed identical transfer from a failed one (0.570042ms)
✔ moderator recovery reverted distinguishes an already completed identical transfer from a failed one (0.582959ms)
✔ moderator recovery with unknown outcome cannot prepare another private fee payment (0.42475ms)
✔ actual recovery dispatcher restores the saved message and nonce before requesting a fresh post proof (1.17ms)
✔ already published stable identity blocks a replacement before fee preparation (0.604542ms)
✔ recovery cannot silently regenerate a dummy operation (0.397625ms)
✔ recovery cannot silently regenerate a withdraw operation (0.389375ms)
✔ recovery cannot silently regenerate a claim operation (0.367084ms)
✔ claim  records its own operation rather than stale real-post metadata (5.250625ms)
✔ post dummy records its own operation rather than stale real-post metadata (1.058166ms)
✔ withdraw  records its own operation rather than stale real-post metadata (0.853958ms)
✔ missing withdrawal note never proves success when history contains no exit (7.889875ms)
✔ missing withdrawal note never proves success when history is unavailable (1.286208ms)
✔ missing withdrawal note can recover an exact successful canonical exit without paying again (2.179833ms)
✔ missing withdrawal note cannot recover a reverted exit (1.034292ms)
✔ an exit for another selected deposit cannot complete withdrawal (1.568375ms)
✔ withdrawal recovery without original claim custody cannot guess deposit ownership (1.370709ms)
✔ withdrawal absence reconciliation has a deadline even if its receipt read stalls (23.575417ms)
✔ saved dummy requires the same source screening sequence (unchanged) (0.870666ms)
✔ saved dummy requires the same source screening sequence (changed) (0.589875ms)
✔ saved withdraw requires the same source screening sequence (unchanged) (0.695417ms)
✔ saved withdraw requires the same source screening sequence (changed) (0.542416ms)
✔ actual wallet passes attributed application spend to the durable journal before submission (0.510791ms)
✔ successful retried screening releases its step guard before the following withdrawal (3.262667ms)
✔ stale claim restores exact original receipt and claim identity without depositing again (3.314791ms)
✔ stale claim rejects changed amount before another fee payment (1.941166ms)
✔ stale claim rejects changed depositNonce before another fee payment (1.855416ms)
✔ stale claim rejects changed leafIndex before another fee payment (1.850042ms)
✔ stale claim rejects changed depositChain before another fee payment (1.695375ms)
✔ stale claim rejects changed secretHash before another fee payment (1.758042ms)
✔ stale claim rejects changed depositor before another fee payment (1.897834ms)
✔ an existing note is not confirmation of an unresolved saved claim transaction (2.61275ms)
✔ failed claim does not enter the former thirty-attempt loop (3.316291ms)
✔ saved claim rejects a receipt returned for another transaction (1.249792ms)
✔ saved claim rejects a reorged Ethereum receipt (1.343917ms)
✔ saved claim receipt reads time out before any proof or fee preparation (22.595917ms)
✔ explicit recovery restores exact saved transfer-censor arguments (1.708125ms)
✔ explicit recovery restores exact saved set-moderation-policy arguments (1.906917ms)
✔ explicit recovery restores exact saved declare-immoral arguments (1.437583ms)
✔ daemon stale transaction reconciliation regenerates the same job (1.486ms)
✔ daemon stale transaction reconciliation rejects another job (1.242083ms)
✔ saved moderator request cannot spend fees after authority transfers away (1.251875ms)
✔ build provenance rejects changed frontend sources paired with old HTML (18.269584ms)
✔ build provenance rejects output changes and removed output (17.510375ms)
✔ source removal and newly discovered app invalidate previous build (15.108333ms)
✔ partial or interrupted builds cannot preserve a valid aggregate manifest (14.771583ms)
✔ mid-build drift and private RPC overrides cannot be certified (17.150625ms)
✔ internal symlinks hash the actual source while escapes and cycles reject (12.788375ms)
✔ obsolete template cannot leave a served HTML page in certified output (12.278291ms)
✔ unexpected top-level and nested HTML reject certification without deletion (17.587292ms)
✔ output symlink escapes and cycles cannot bypass the served HTML inventory (11.917958ms)
✔ empty journal returns read-only absent outcome without fee configuration (2.717792ms)
✔ matching exact saved intent returns transaction and predecessors without submission (0.521041ms)
✔ different saved operation fails closed (0.578458ms)
✔ different saved operation fails closed (0.46975ms)
✔ different saved operation fails closed (0.468ms)
✔ different saved operation fails closed (0.404791ms)
✔ inspection requires exact original postId (0.339834ms)
✔ inspection requires exact original expectedPolicyVersion (0.360625ms)
✔ inspection requires exact original censorResponse (0.364541ms)
✔ CLI inspection branches before PXE cache creation and bypasses fee input reads (2.326125ms)
✔ full-history index refuses to checkpoint an omitted publication order (2.757458ms)
✔ an index starting from genesis refuses a nonzero first publication order (0.325292ms)
✔ orphaned flag disappears when its page is rolled back (0.700875ms)
✔ different payloads at one canonical event position never commit (0.181125ms)
✔ unavailable historical checkpoint preserves all cached events (0.258ms)
✔ identical policy can be published repeatedly under the same content version (0.226583ms)
✔ conflicting text cannot reuse a policy content version (0.226542ms)
✔ post without its preceding policy publication cannot enter full-history cache (0.23475ms)
✔ sync deadline covers the aggregate RPC sequence, not each read independently (32.212708ms)
✔ connection reads pinned immutable slots at one block and matches both contract class IDs (19.086834ms)
✔ matching public slots cannot bypass a wrong currentContractClassId (5.04975ms)
✔ matching public slots cannot bypass a wrong originalContractClassId (6.630458ms)
✔ connection rejects conflicting immutable slot 1 (4.85225ms)
✔ connection rejects conflicting immutable slot 3 (5.616ms)
✔ connection rejects conflicting immutable slot 4 (4.177708ms)
✔ connection rejects conflicting immutable slot 5 (6.004625ms)
✔ restored public cache rejects additional private payload fields (0.835875ms)
✔ policy A then B then A identifies A as the current restored policy (0.338583ms)
✔ SDK serialization decodes PolicyPublished to strict public schema (2.705291ms)
✔ SDK serialization decodes PostPublished to strict public schema (0.399167ms)
✔ SDK serialization decodes PostFlagged to strict public schema (0.236917ms)
✔ wallet-free source verifies network, reads checkpointed head and atomically drains cursor pages (2.523958ms)
✔ same-tag pagination retains every event without duplicates (2.165334ms)
✔ decoder rejects wrong tag (0.307083ms)
✔ decoder rejects extra field (0.149167ms)
✔ decoder rejects wrong schema (0.157166ms)
✔ decoder rejects nonzero message padding (0.197208ms)
✔ decoder rejects oversized message length (0.200833ms)
✔ decoder rejects invalid UTF-8 (0.175416ms)
✔ decoder rejects zero post identity (0.205792ms)
✔ decoder rejects negative position (0.171041ms)
✔ wrong network refuses before reading events (0.298334ms)
✔ incomplete atomic range rejects {"maxPages":2} (0.560375ms)
✔ incomplete atomic range rejects {"maxEvents":2} (0.575166ms)
✔ nonadvancing server cursor rejects rather than skipping records (0.498333ms)
✔ reorg anchor rejection leaves range incomplete (0.3505ms)
✔ stalled RPC is bounded (4.547292ms)
✔ range bounds fail before RPC (0.459292ms)
✔ precomputed metadata loads raw JSON block data without hashing (0.961125ms)
✔ duplicated or missing precomputed tags fail closed (0.657042ms)
✔ decoder supports raw JSON RPC strings without SDK objects (0.1975ms)
✔ runtime source imports only local modules without SDK or proving assets (0.146875ms)
✔ wallet-free cache resumes bounded pages without rescanning completed history (3.992584ms)
✔ snapshot pagination neither duplicates nor misses posts when newer ones arrive (0.862083ms)
✔ same-height reorg rolls back affected pages and invalidates pagination (0.859667ms)
✔ flag-only block updates a cached post without scanning its publication (0.416625ms)
✔ failed atomic persistence retains prior checkpoint and retries same page (0.631917ms)
✔ chain change during fetch never commits fetched events (0.192667ms)
✔ identical event duplicates deduplicate; conflicting payloads fail (0.353291ms)
✔ unexpected private fields, wrong scope and out-of-range results cannot enter cache (0.274333ms)
✔ bounded rollback can discard cache and rebuild after deep reorg (0.443292ms)
✔ capacity failure is explicit and does not advance past missing events (0.278167ms)
✔ RPC failure preserves cached data and cursor (0.253083ms)
✔ malformed restored cache and concurrent sync are rejected (2.438333ms)
✔ file: operation metadata survives restart and canonical recovery alone permits the next operation (192.353416ms)
✔ file: crash before broadcast recovers identical actual SDK transaction without a new proof (138.059375ms)
✔ file: crash after broadcast recovers receipt without resending; acknowledgement is explicit (143.119584ms)
✔ file: canonical recheck rejects previously acknowledged receipt after reorg (88.433959ms)
✔ file: concurrent prepare permits exactly one durable transaction (72.514458ms)
✔ file: wrong key and full-salt mismatch fail authentication (60.400166ms)
✔ file: scope separation never recovers another board or chain (60.629583ms)
✔ file: failed execution, uncertain drop, RPC error and foreign receipt never permit replacement (205.033166ms)
✔ file: wallet context change prevents recovery broadcast (83.366791ms)
✔ file: persisted envelope excludes transaction and wallet plaintext and tampering fails closed (89.120458ms)
✔ indexeddb: operation metadata survives restart and canonical recovery alone permits the next operation (153.695125ms)
✔ indexeddb: crash before broadcast recovers identical actual SDK transaction without a new proof (98.822584ms)
✔ indexeddb: crash after broadcast recovers receipt without resending; acknowledgement is explicit (125.486ms)
✔ indexeddb: canonical recheck rejects previously acknowledged receipt after reorg (64.633333ms)
✔ indexeddb: concurrent prepare permits exactly one durable transaction (62.290375ms)
✔ indexeddb: wrong key and full-salt mismatch fail authentication (49.188333ms)
✔ indexeddb: scope separation never recovers another board or chain (40.987209ms)
✔ indexeddb: failed execution, uncertain drop, RPC error and foreign receipt never permit replacement (196.067ms)
✔ indexeddb: wallet context change prevents recovery broadcast (64.630625ms)
✔ indexeddb: persisted envelope excludes transaction and wallet plaintext and tampering fails closed (71.155834ms)
✔ file adapter rejects symlinks, unsafe modes and stale locks without replacing data (0.805375ms)
✔ abrupt worker death after durable prepare preserves exact recovery transaction (226.730625ms)
✔ stale proof replacement retains exact post intent and original proof through portable recovery (493.929ms)
✔ uncertain or live original cannot authorize another proof: {"status":"pending"} (78.537792ms)
✔ uncertain or live original cannot authorize another proof: {"status":"proposed"} (75.419834ms)
✔ uncertain or live original cannot authorize another proof: {"status":"checkpointed"} (77.485625ms)
✔ uncertain or live original cannot authorize another proof: {"validation":{"result":"valid"}} (70.260417ms)
✔ uncertain or live original cannot authorize another proof: {"validation":{"result":"invalid","reason":["bad signature"]}} (69.925125ms)
✔ uncertain or live original cannot authorize another proof: {"validation":{"result":"invalid","reason":["Existing nullifier","unrecognized"]}} (73.007917ms)
✔ original becoming live during proving prevents saving replacement and preserves the original request (162.140125ms)
✔ different logical operation cannot consume a stale-proof authorization (147.204334ms)
✔ concurrent replacement authorizations still allow only one durable new proof (330.706041ms)
✔ replacement chain is bounded and preserves its last record when the limit is reached (5557.772084ms)
✔ stalled transaction reads and canonical receipt requests respect bounded deadlines (16.784167ms)
✔ stalled replacement reconciliation remains unknown and leaves the original record intact (103.064375ms)
✔ replacement RPC exceptions expose only the bounded recovery classification (73.944709ms)
✔ replacement must retain the exact bound application spend even when fee nullifiers change (323.822334ms)
ℹ tests 208
ℹ suites 0
ℹ pass 208
ℹ fail 0
ℹ cancelled 0
ℹ skipped 0
ℹ todo 0
ℹ duration_ms 13194.791166
