✔ strict valid manifest preserves explicit zero salt and clones input (3.126375ms)
✔ exact contract integer boundary kMultiplier (0.536041ms)
✔ exact contract integer boundary maxSaveUp (0.264209ms)
✔ exact contract integer boundary baseCooldown (0.262875ms)
✔ exact contract integer boundary censorWindow (0.231875ms)
✔ exact contract integer boundary minDeposit (0.19725ms)
✔ exact contract integer boundary maxDeposit (0.2175ms)
✔ reject malformed or implicit intent m=>m.extra=1 (0.110042ms)
✔ reject malformed or implicit intent m=>m.board.extra=1 (0.109ms)
✔ reject malformed or implicit intent m=>m.network.nodeUrl='http://x/?key=secret' (0.162042ms)
✔ reject malformed or implicit intent m=>m.network.nodeUrl=' http://x/' (0.094041ms)
✔ reject malformed or implicit intent m=>m.network.nodeUrl={toString:()=> 'http://x/'} (0.08525ms)
✔ reject malformed or implicit intent m=>m.network.ethRpcUrl='http://a:b@x/' (0.072542ms)
✔ reject malformed or implicit intent m=>m.board.policy=' ' (0.089ms)
✔ reject malformed or implicit intent m=>m.board.policy='x'.repeat(1489) (0.10725ms)
✔ reject malformed or implicit intent m=>m.board.policy='\ud800' (0.097209ms)
✔ reject malformed or implicit intent m=>m.board.minDeposit='1001' (0.084917ms)
✔ reject malformed or implicit intent m=>m.actors.ethereumDeployer=addr(0) (0.062667ms)
✔ reject malformed or implicit intent m=>m.board.censor=field(0) (0.062292ms)
✔ artifact and config identity checks bind reviewable intent (4.263459ms)
✔ matching independent network and bridge passes (0.66225ms)
✔ preflight fails closed node-chain (0.267375ms)
✔ preflight fails closed l1-chain (0.147542ms)
✔ preflight fails closed version (0.107208ms)
✔ preflight fails closed rollup (0.104ms)
✔ preflight fails closed node-inbox (0.093541ms)
✔ preflight fails closed bridge-inbox (0.183708ms)
✔ preflight fails closed bridge-outbox (0.175917ms)
✔ preflight fails closed missing-code (0.158334ms)
✔ preflight fails closed unreadable (0.183084ms)
✔ one aggregate preflight deadline covers both read stages (41.1425ms)
✔ invalid time budget rejected (0.825167ms)
✔ real shell rejects both preload mechanisms before any Node execution (34.470125ms)
✔ module search overrides and unsupported telemetry reject before entrypoint (95.394167ms)
✔ all routes are fixed and receive only cleaned environment, literal arguments (1584.880708ms)
✔ unknown routes and execution overrides never reach an application (182.879833ms)
✔ wrong packaged Node pin fails before application (56.923916ms)
✔ environment helper rejects unsupported propagation and drops arbitrary values (0.482458ms)
✔ runtime package excludes developer signing dependencies, TXE and path escapes (0.479042ms)
✔ standalone recovery bundle validates real claim commitments without repository dependencies (1973.57725ms)
✔ inherited PATH cannot choose launcher Node or path helpers (96.786ms)
✔ dynamic CLI resources are explicit inventory requirements (0.227292ms)
✔ package creation fails before creating output when build provenance is missing or stale (3.993625ms)
✔ stale SDK inputs and changed public metadata are rejected despite matching saved SDK output bytes (1654.42475ms)
✔ full current compiler runtime verifies with all nine substitutions (0.995125ms)
✔ reject changed immutable MIN_DEPOSIT (0.513583ms)
✔ reject changed immutable MAX_DEPOSIT (0.307584ms)
✔ reject changed immutable L2_CONTRACT (1.080417ms)
✔ reject changed immutable ROLLUP (0.343291ms)
✔ reject changed immutable INBOX (0.360625ms)
✔ reject changed immutable OUTBOX (0.35ms)
✔ reject changed immutable VERSION (0.368625ms)
✔ reject changed immutable L1_CHAIN_ID (0.344ms)
✔ reject changed immutable CONFIG_HASH (0.342292ms)
✔ reject outside-reference runtime mutation (0.736708ms)
✔ reject metadata missing (0.505ms)
✔ reject metadata extra (0.103ms)
✔ reject metadata overlap (0.291167ms)
✔ reject metadata range (0.247583ms)
✔ reject metadata length (0.249125ms)
✔ reject metadata template (0.235916ms)
✔ reject metadata empty (0.180208ms)
✔ reject absent/malformed runtime and lossy/out-of-range immutable input (2.489ms)
✔ derive names from AST IDs rather than ordering (3.029417ms)
✔ builder rejects source drift (0.610208ms)
✔ builder rejects id drift (0.5205ms)
✔ builder rejects name drift (0.302ms)
✔ builder rejects bytecode drift (0.125834ms)
✔ builder rejects links drift (0.103458ms)
✔ lost binding response resumes from encrypted transaction without supplied hash or another binding (59.795209ms)
✔ lost board deployment response resumes original transaction and deploys the board only once (12.521ms)
✔ unresolved saved binding cannot start another transaction or falsely complete setup (30.1505ms)
✔ missing journal fails closed before any deployment signature and closes PXE (2.118ms)
✔ definitively stale deploy proof regenerates only the same deployment operation (20.242042ms)
✔ definitively stale binding proof regenerates only the same deployment operation (17.909917ms)
✔ stale binding cannot silently accept another binding that appeared meanwhile (9.509542ms)
✔ stale binding cannot redeploy a missing original Ethereum portal (9.34875ms)
✔ stale board deployment cannot silently accept a board that appeared meanwhile (5.905292ms)
✔ deployment preflight rejects missing manifest before any transaction (1.312458ms)
✔ deployment preflight rejects Aztec actor before any transaction (1.349459ms)
✔ deployment preflight rejects Ethereum actor before any transaction (1.256917ms)
✔ deployment preflight rejects chain before any transaction (1.269417ms)
✔ deployment preflight rejects bridge before any transaction (2.364666ms)
✔ deployment preflight rejects artifact before any transaction (0.861125ms)
✔ existing deployment rejects runtime mismatch before binding (5.222917ms)
✔ existing deployment rejects inbox mismatch before binding (4.398416ms)
✔ existing deployment rejects outbox mismatch before binding (4.0725ms)
✔ existing deployment rejects policy mismatch before binding (3.821667ms)
✔ existing deployment rejects censor mismatch before binding (2.367209ms)
ℹ tests 89
ℹ suites 0
ℹ pass 89
ℹ fail 0
ℹ cancelled 0
ℹ skipped 0
ℹ todo 0
ℹ duration_ms 5779.539042
