✔ real argv-echo process preserves one inert reason argument: Quotes ' and " stay data (41.827583ms)
✔ real argv-echo process preserves one inert reason argument: `echo harmless` (38.856334ms)
✔ real argv-echo process preserves one inert reason argument: $(echo harmless) (41.153416ms)
✔ real argv-echo process preserves one inert reason argument: ${HOME}; true (46.193208ms)
✔ real argv-echo process preserves one inert reason argument: safe; # command-looking comment (41.770167ms)
✔ executable, operation, argv and execution limits are chosen by signer (1.510708ms)
✔ startup config mutation cannot redirect later flags (1.550792ms)
✔ host loader environment is not passed to the actual child (36.626833ms)
✔ flag rejects model-controlled operation without invoking a process (1.5585ms)
✔ flag rejects model-controlled command without invoking a process (1.145458ms)
✔ flag rejects model-controlled wallet without invoking a process (1.458084ms)
✔ flag rejects model-controlled destination without invoking a process (1.253875ms)
✔ flag rejects model-controlled cliPath without invoking a process (0.975541ms)
✔ flag rejects model-controlled nodeExecutable without invoking a process (0.941125ms)
✔ flag rejects model-controlled censorWallet without invoking a process (0.900375ms)
✔ flag rejects model-controlled privateFeeConfig without invoking a process (0.937667ms)
✔ flag rejects model-controlled ethRpcUrl without invoking a process (1.293ms)
✔ flag rejects model-controlled privateFeeClaim without invoking a process (1.073291ms)
✔ flag rejects model-controlled private-fee-claim-file without invoking a process (0.876584ms)
✔ flag rejects model-controlled reconcilePrevious without invoking a process (0.843375ms)
✔ flag rejects model-controlled acknowledgeTx without invoking a process (0.851ms)
✔ invalid or incorrectly typed post id rejected: -1 (1.233417ms)
✔ invalid or incorrectly typed post id rejected: 4294967296 (1.11725ms)
✔ invalid or incorrectly typed post id rejected: 1.5 (0.931084ms)
✔ invalid or incorrectly typed post id rejected: NaN (0.912333ms)
✔ invalid or incorrectly typed post id rejected: Infinity (1.06775ms)
✔ invalid or incorrectly typed post id rejected: 1 (0.981167ms)
✔ invalid or incorrectly typed post id rejected: 1 --node-url (1.005875ms)
✔ invalid or incorrectly typed post id rejected: null (0.826625ms)
✔ invalid or incorrectly typed post id rejected: undefined (1.207834ms)
✔ invalid or incorrectly typed post id rejected: [object Object] (0.918167ms)
✔ invalid or incorrectly typed post id rejected: 1 (0.892792ms)
✔ invalid or incorrectly typed post id rejected: 0x0000000000000000000000000000000000000000000000000000000000000000 (1.378459ms)
✔ invalid or incorrectly typed post id rejected: 0x30644e72e131a029b85045b68181585d2833e84879b9709143e1f593f0000001 (0.884542ms)
✔ full Field identity stays exact in signer argv (38.489ms)
✔ unsafe or oversized reason rejected before process call: "line\nbreak" (1.221583ms)
✔ unsafe or oversized reason rejected before process call: "tab\tdata" (0.888ms)
✔ unsafe or oversized reason rejected before process call: "nul\u0000data" (0.877625ms)
✔ unsafe or oversized reason rejected before process call: "\u001b[31mtext" (1.135333ms)
✔ unsafe or oversized reason rejected before process call: "--node-url" (0.942833ms)
✔ unsafe or oversized reason rejected before process call: " --censor-wallet" (0.866375ms)
✔ unsafe or oversized reason rejected before process call: "ééééééééééééééééééééééééééééééééééééééééééééééééééééééééééééééééééééééééééééééééééééééééééééééééééééé" (1.111958ms)
✔ unsafe or oversized reason rejected before process call: "" (0.906833ms)
✔ unsafe or oversized reason rejected before process call: null (0.846417ms)
✔ unsafe or oversized reason rejected before process call: {} (0.892458ms)
✔ unsafe or oversized reason rejected before process call: 123 (0.844875ms)
✔ JSON model output cannot override host-selected post index (0.979ms)
✔ list validates data and projects away untrusted extra fields (1.628167ms)
✔ invalid list response rejected: malformed JSON (1.104583ms)
✔ invalid list response rejected: multiple candidate JSON records (0.869375ms)
✔ invalid list response rejected: missing identity (0.870708ms)
✔ invalid list response rejected: zero identity (0.856792ms)
✔ invalid list response rejected: duplicate identities (0.8965ms)
✔ invalid list response rejected: string index (0.824375ms)
✔ invalid list response rejected: index outside count (0.84325ms)
✔ invalid list response rejected: duplicate indices (1.069291ms)
✔ invalid list response rejected: string flag (1.127083ms)
✔ invalid list response rejected: nonstring post (1.862166ms)
✔ invalid list response rejected: negative timestamp (1.130209ms)
✔ invalid list response rejected: oversize post text (0.869125ms)
✔ invalid or oversized process output rejected: object (1.093208ms)
✔ invalid or oversized process output rejected: object (0.983834ms)
✔ invalid or oversized process output rejected: string (4.117834ms)
✔ process timeout is observable without reflecting child diagnostics (0.946375ms)
✔ invalid policy version rejected before signing: undefined (0.845666ms)
✔ invalid policy version rejected before signing: null (1.51075ms)
✔ invalid policy version rejected before signing: 1 (1.1005ms)
✔ invalid policy version rejected before signing: 0x0000000000000000000000000000000000000000000000000000000000000000 (0.962625ms)
✔ invalid policy version rejected before signing: 0x30644e72e131a029b85045b68181585d2833e84879b9709143e1f593f0000001 (2.108459ms)
✔ missing policy or invalid deadline fails closed: {} (1.143541ms)
✔ missing policy or invalid deadline fails closed: {"policy":""} (0.889334ms)
✔ missing policy or invalid deadline fails closed: {"posts":[{"index":0,"postId":"0x0000000000000000000000000000000000000000000000000000000000000001","flagDeadline":"3601","text":"post","flagged":false,"timestamp":1,"flagEvent":null}]} (0.8625ms)
✔ missing policy or invalid deadline fails closed: {"posts":[{"index":0,"postId":"0x0000000000000000000000000000000000000000000000000000000000000001","policyVersion":"0x0000000000000000000000000000000000000000000000000000000000000009","flagDeadline":"01","text":"post","flagged":false,"timestamp":1,"flagEvent":null}]} (0.821917ms)
✔ missing policy or invalid deadline fails closed: {"posts":[{"index":0,"postId":"0x0000000000000000000000000000000000000000000000000000000000000001","policyVersion":"0x0000000000000000000000000000000000000000000000000000000000000009","flagDeadline":"-1","text":"post","flagged":false,"timestamp":1,"flagEvent":null}]} (0.836917ms)
✔ missing policy or invalid deadline fails closed: {"posts":[{"index":0,"postId":"0x0000000000000000000000000000000000000000000000000000000000000001","policyVersion":"0x0000000000000000000000000000000000000000000000000000000000000009","flagDeadline":"18446744073709551616","text":"post","flagged":false,"timestamp":1,"flagEvent":null}]} (0.854875ms)
✔ missing policy or invalid deadline fails closed: {"posts":[{"index":0,"postId":"0x0000000000000000000000000000000000000000000000000000000000000001","policyVersion":"0x0000000000000000000000000000000000000000000000000000000000000009","flagDeadline":100,"text":"post","flagged":false,"timestamp":1,"flagEvent":null}]} (0.977125ms)
✔ missing or invalid fee configuration rejected at signer startup: undefined (0.93525ms)
✔ missing or invalid fee configuration rejected at signer startup: /nonexistent/billboard-fee-config (0.864375ms)
✔ missing or invalid fee configuration rejected at signer startup: . (0.967125ms)
✔ invalid Ethereum RPC rejected at signer startup (0.92575ms)
✔ invalid Ethereum RPC rejected at signer startup (0.818084ms)
✔ invalid Ethereum RPC rejected at signer startup (0.758708ms)
✔ invalid Ethereum RPC rejected at signer startup (1.140416ms)
✔ raw flag preserves stdout while submitFlag requests and validates structured outcome (0.99875ms)
✔ structured flag outcome rejects wrong post (0.055041ms)
✔ structured flag outcome rejects wrong policy (0.053583ms)
✔ structured flag outcome rejects missing predecessors (0.037833ms)
✔ structured flag outcome rejects bad predecessor (0.050792ms)
✔ structured flag outcome rejects too many predecessors (0.044833ms)
✔ structured flag outcome rejects duplicate predecessor (0.033416ms)
✔ structured flag outcome rejects current hash predecessor (0.035166ms)
✔ structured flag outcome rejects {"status":"pending"} (0.032041ms)
✔ structured flag outcome rejects {"status":"dropped"} (0.031875ms)
✔ structured flag outcome rejects {"status":"unknown"} (0.033625ms)
✔ structured flag outcome rejects {"executionResult":"reverted"} (0.029333ms)
✔ structured flag outcome rejects {} (0.033583ms)
✔ structured flag outcome rejects {"txHash":"bad"} (0.029167ms)
✔ structured flag outcome rejects {"blockHash":"bad"} (0.029666ms)
✔ structured flag outcome rejects {"blockNumber":0} (0.029208ms)
✔ structured flag outcome rejects {"blockNumber":"10"} (0.029542ms)
✔ structured flag outcome rejects malformed or ambiguous envelope:  (0.045166ms)
✔ structured flag outcome rejects malformed or ambiguous envelope: not JSON (0.026583ms)
✔ structured flag outcome rejects malformed or ambiguous envelope: {"type":"billboard-moderation-submi (0.038375ms)
✔ structured flag outcome rejects malformed or ambiguous envelope: {"type":"billboard-moderation-submi (0.077041ms)
✔ structured successful inclusion accepts checkpointed (0.059833ms)
✔ structured successful inclusion accepts proven (0.025333ms)
✔ structured successful inclusion accepts finalized (0.023791ms)
✔ list rejects incomplete trusted snapshot missing scope (0.807375ms)
✔ list rejects incomplete trusted snapshot missing checkpoint (0.859334ms)
✔ list rejects incomplete trusted snapshot missing policies (1.296959ms)
✔ list rejects incomplete trusted snapshot duplicate policies (0.943416ms)
✔ list rejects incomplete trusted snapshot missing timestamp (0.853042ms)
✔ list rejects incomplete trusted snapshot incomplete snapshot (1.2465ms)
✔ list rejects incomplete trusted snapshot wrong current policy (0.854167ms)
✔ historical policy is retained for posts from earlier policy version (1.1685ms)
✔ inspectFlag uses read-only CLI branch without reconciliation (0.982625ms)
✔ inspectFlag accepts empty authenticated journal (0.850541ms)
✔ inspectFlag rejects malformed/mismatched journal {"postId":"0x0000000000000000000000000000000000000000000000000000000000000002"} (0.801375ms)
✔ inspectFlag rejects malformed/mismatched journal {"policyVersion":"0x0000000000000000000000000000000000000000000000000000000000000002"} (0.769ms)
✔ inspectFlag rejects malformed/mismatched journal {"txHash":"bad"} (1.142333ms)
✔ inspectFlag rejects malformed/mismatched journal {} (0.926542ms)
✔ inspectFlag rejects malformed/mismatched journal {"txHash":null} (0.805417ms)
✔ inspectFlag rejects malformed/mismatched journal {"predecessorTxHashes":["0x0000000000000000000000000000000000000000000000000000000000000028"]} (0.768334ms)
✔ inspectFlag rejects malformed/mismatched journal {"predecessorTxHashes":["0x0000000000000000000000000000000000000000000000000000000000000027","0x0000000000000000000000000000000000000000000000000000000000000027"]} (0.972333ms)
✔ inspectFlag rejects malformed/mismatched journal {"predecessorTxHashes":["bad"]} (0.901625ms)
✔ inspectFlag rejects malformed/mismatched journal {"predecessorTxHashes":["0x0000000000000000000000000000000000000000000000000000000000000032","0x0000000000000000000000000000000000000000000000000000000000000033","0x0000000000000000000000000000000000000000000000000000000000000034","0x0000000000000000000000000000000000000000000000000000000000000035","0x0000000000000000000000000000000000000000000000000000000000000036","0x0000000000000000000000000000000000000000000000000000000000000037","0x0000000000000000000000000000000000000000000000000000000000000038","0x0000000000000000000000000000000000000000000000000000000000000039","0x000000000000000000000000000000000000000000000000000000000000003a"]} (1.024792ms)
✔ inspectFlag rejects ambiguous or malformed output (0.884459ms)
✔ inspectFlag rejects ambiguous or malformed output (0.783375ms)
✔ inspectFlag rejects ambiguous or malformed output (0.793792ms)
✔ operator signer retains clean profile in actual child and rejects alternate executable (38.58575ms)
ℹ tests 130
ℹ suites 0
ℹ pass 130
ℹ fail 0
ℹ cancelled 0
ℹ skipped 0
ℹ todo 0
ℹ duration_ms 503.157666
