{"browserSmoke":{"elapsedMs":4,"stage":"http-server","state":"listening"}}
{"browserSmoke":{"elapsedMs":5,"consumer":"shared-library","stage":"browser-launch","state":"started"}}
{"browserSmoke":{"elapsedMs":620,"consumer":"shared-library","stage":"browser-launch","state":"completed"}}
{"browserSmoke":{"elapsedMs":620,"consumer":"shared-library","stage":"page-create","state":"started"}}
{"browserSmoke":{"elapsedMs":1908,"consumer":"shared-library","stage":"page-create","state":"completed"}}
{"browserSmoke":{"elapsedMs":1909,"consumer":"shared-library","stage":"expose-function","state":"started"}}
{"browserSmoke":{"elapsedMs":1920,"consumer":"shared-library","stage":"expose-function","state":"completed"}}
{"browserSmoke":{"elapsedMs":1920,"consumer":"shared-library","stage":"install-readiness-markers","state":"started"}}
{"browserSmoke":{"elapsedMs":1920,"consumer":"shared-library","stage":"install-readiness-markers","state":"completed"}}
{"browserSmoke":{"elapsedMs":1921,"consumer":"shared-library","stage":"navigation","state":"started"}}
{"browserSmoke":{"elapsedMs":1924,"consumer":"shared-library","stage":"http","requestId":1,"path":"/","state":"request-received"}}
{"browserSmoke":{"elapsedMs":1927,"consumer":"shared-library","stage":"http","requestId":1,"path":"/","state":"response-finished","status":200,"bodyBytes":3384,"durationMs":2}}
{"browserSmoke":{"elapsedMs":1927,"consumer":"shared-library","stage":"browser-request","state":"started","path":"/"}}
{"browserSmoke":{"elapsedMs":1930,"consumer":"shared-library","stage":"browser-response","state":"headers","path":"/","status":200}}
{"browserSmoke":{"elapsedMs":1939,"consumer":"shared-library","stage":"http","requestId":2,"path":"/aztec_bundle.js","state":"request-received"}}
{"browserSmoke":{"elapsedMs":1939,"consumer":"shared-library","stage":"http","requestId":3,"path":"/crs-client.js","state":"request-received"}}
{"browserSmoke":{"elapsedMs":1939,"consumer":"shared-library","stage":"http","requestId":4,"path":"/aztec-lib.js","state":"request-received"}}
{"browserSmoke":{"elapsedMs":1940,"consumer":"shared-library","stage":"http","requestId":5,"path":"/app-env.js","state":"request-received"}}
{"browserSmoke":{"elapsedMs":1944,"consumer":"shared-library","stage":"browser-request","state":"started","path":"/aztec_bundle.js"}}
{"browserSmoke":{"elapsedMs":1944,"consumer":"shared-library","stage":"browser-request","state":"started","path":"/crs-client.js"}}
{"browserSmoke":{"elapsedMs":1944,"consumer":"shared-library","stage":"browser-request","state":"started","path":"/aztec-lib.js"}}
{"browserSmoke":{"elapsedMs":1944,"consumer":"shared-library","stage":"browser-request","state":"started","path":"/app-env.js"}}
{"browserSmoke":{"elapsedMs":1945,"consumer":"shared-library","stage":"http","requestId":3,"path":"/crs-client.js","state":"file-read-completed","bodyBytes":7428,"durationMs":6}}
{"browserSmoke":{"elapsedMs":1945,"consumer":"shared-library","stage":"http","requestId":3,"path":"/crs-client.js","state":"response-finished","status":200,"bodyBytes":7428,"durationMs":6}}
{"browserSmoke":{"elapsedMs":1945,"consumer":"shared-library","stage":"script.sdk","state":"before-script","browserElapsedMs":18}}
{"browserSmoke":{"elapsedMs":1947,"consumer":"shared-library","stage":"browser-request","state":"finished","path":"/"}}
{"browserSmoke":{"elapsedMs":1947,"consumer":"shared-library","stage":"http","requestId":4,"path":"/aztec-lib.js","state":"file-read-completed","bodyBytes":38208,"durationMs":8}}
{"browserSmoke":{"elapsedMs":1948,"consumer":"shared-library","stage":"http","requestId":4,"path":"/aztec-lib.js","state":"response-finished","status":200,"bodyBytes":38208,"durationMs":8}}
{"browserSmoke":{"elapsedMs":1949,"consumer":"shared-library","stage":"http","requestId":5,"path":"/app-env.js","state":"file-read-completed","bodyBytes":6553,"durationMs":9}}
{"browserSmoke":{"elapsedMs":1949,"consumer":"shared-library","stage":"http","requestId":5,"path":"/app-env.js","state":"response-finished","status":200,"bodyBytes":6553,"durationMs":9}}
{"browserSmoke":{"elapsedMs":1953,"consumer":"shared-library","stage":"browser-response","state":"headers","path":"/crs-client.js","status":200}}
{"browserSmoke":{"elapsedMs":1953,"consumer":"shared-library","stage":"browser-request","state":"finished","path":"/crs-client.js"}}
{"browserSmoke":{"elapsedMs":1953,"consumer":"shared-library","stage":"browser-response","state":"headers","path":"/aztec-lib.js","status":200}}
{"browserSmoke":{"elapsedMs":1953,"consumer":"shared-library","stage":"browser-request","state":"finished","path":"/aztec-lib.js"}}
{"browserSmoke":{"elapsedMs":1953,"consumer":"shared-library","stage":"browser-response","state":"headers","path":"/app-env.js","status":200}}
{"browserSmoke":{"elapsedMs":1953,"consumer":"shared-library","stage":"browser-request","state":"finished","path":"/app-env.js"}}
{"browserSmoke":{"elapsedMs":1968,"consumer":"shared-library","stage":"http","requestId":2,"path":"/aztec_bundle.js","state":"file-read-completed","bodyBytes":50130889,"durationMs":29}}
{"browserSmoke":{"elapsedMs":2090,"consumer":"shared-library","stage":"http","requestId":2,"path":"/aztec_bundle.js","state":"response-finished","status":200,"bodyBytes":50130889,"durationMs":151}}
{"browserSmoke":{"elapsedMs":2159,"consumer":"shared-library","stage":"browser-response","state":"headers","path":"/aztec_bundle.js","status":200}}
{"browserSmoke":{"elapsedMs":2159,"consumer":"shared-library","stage":"browser-request","state":"finished","path":"/aztec_bundle.js"}}
{"browserSmoke":{"elapsedMs":2432,"consumer":"shared-library","stage":"script.sdk","state":"script-load","browserElapsedMs":509}}
{"browserSmoke":{"elapsedMs":2433,"consumer":"shared-library","stage":"script.sdk","state":"after-script","browserElapsedMs":509}}
{"browserSmoke":{"elapsedMs":2433,"consumer":"shared-library","stage":"script.crs-client","state":"before-script","browserElapsedMs":509}}
{"browserSmoke":{"elapsedMs":2433,"consumer":"shared-library","stage":"script.crs-client","state":"script-load","browserElapsedMs":510}}
{"browserSmoke":{"elapsedMs":2433,"consumer":"shared-library","stage":"script.crs-client","state":"after-script","browserElapsedMs":510}}
{"browserSmoke":{"elapsedMs":2434,"consumer":"shared-library","stage":"script.shared-library","state":"before-script","browserElapsedMs":510}}
{"browserSmoke":{"elapsedMs":2434,"consumer":"shared-library","stage":"script.shared-library","state":"script-load","browserElapsedMs":510}}
{"browserSmoke":{"elapsedMs":2434,"consumer":"shared-library","stage":"script.shared-library","state":"after-script","browserElapsedMs":510}}
{"browserSmoke":{"elapsedMs":2434,"consumer":"shared-library","stage":"script.engine-adapter","state":"before-script","browserElapsedMs":510}}
{"browserSmoke":{"elapsedMs":2434,"consumer":"shared-library","stage":"script.engine-adapter","state":"script-load","browserElapsedMs":510}}
{"browserSmoke":{"elapsedMs":2434,"consumer":"shared-library","stage":"script.engine-adapter","state":"after-script","browserElapsedMs":510}}
{"browserSmoke":{"elapsedMs":2435,"consumer":"shared-library","stage":"script.document","state":"dom-content-loaded","browserElapsedMs":511}}
{"browserSmoke":{"elapsedMs":2436,"consumer":"shared-library","stage":"script.document","state":"load","browserElapsedMs":511}}
{"browserSmoke":{"elapsedMs":2436,"consumer":"shared-library","stage":"navigation","state":"completed"}}
{"browserSmoke":{"elapsedMs":2436,"consumer":"shared-library","stage":"http","requestId":6,"path":"/favicon.ico","state":"request-received"}}
{"browserSmoke":{"elapsedMs":2437,"consumer":"shared-library","stage":"http","requestId":6,"path":"/favicon.ico","state":"file-read-failed"}}
{"browserSmoke":{"elapsedMs":2437,"consumer":"shared-library","stage":"http","requestId":6,"path":"/favicon.ico","state":"response-finished","status":404,"bodyBytes":9,"durationMs":1}}
{"browserSmoke":{"elapsedMs":2437,"consumer":"shared-library","stage":"sync-prover-init","state":"started"}}
{"browserSmoke":{"elapsedMs":2622,"consumer":"shared-library","stage":"sync-prover-init","state":"completed","durationMs":185}}
{"browserSmoke":{"elapsedMs":2624,"consumer":"shared-library","stage":"shared-crs-adapter","state":"started"}}
{"browserSmoke":{"elapsedMs":2625,"consumer":"shared-library","stage":"crs-1.load.g1_uncompressed.dat","state":"started"}}
{"browserSmoke":{"elapsedMs":2626,"consumer":"shared-library","stage":"http","requestId":7,"path":"/crs/g1_uncompressed.dat","state":"request-received"}}
{"browserSmoke":{"elapsedMs":2627,"consumer":"shared-library","stage":"browser-request","state":"started","path":"/crs/g1_uncompressed.dat"}}
{"browserSmoke":{"elapsedMs":2653,"consumer":"shared-library","stage":"http","requestId":7,"path":"/crs/g1_uncompressed.dat","state":"file-read-completed","bodyBytes":75497472,"durationMs":26}}
{"browserSmoke":{"elapsedMs":2659,"consumer":"shared-library","stage":"browser-response","state":"headers","path":"/crs/g1_uncompressed.dat","status":200}}
{"browserSmoke":{"elapsedMs":2702,"consumer":"shared-library","stage":"http","requestId":7,"path":"/crs/g1_uncompressed.dat","state":"response-finished","status":200,"bodyBytes":75497472,"durationMs":76}}
{"browserSmoke":{"elapsedMs":2707,"consumer":"shared-library","stage":"browser-request","state":"finished","path":"/crs/g1_uncompressed.dat"}}
{"browserSmoke":{"elapsedMs":2707,"consumer":"shared-library","stage":"crs-1.load.g1_uncompressed.dat","state":"completed","durationMs":82}}
{"browserSmoke":{"elapsedMs":2708,"consumer":"shared-library","stage":"crs-1.sha256.75497472","state":"started"}}
{"browserSmoke":{"elapsedMs":2768,"consumer":"shared-library","stage":"crs-1.sha256.75497472","state":"completed","durationMs":60}}
{"browserSmoke":{"elapsedMs":2769,"consumer":"shared-library","stage":"crs-1.load.g2.dat","state":"started"}}
{"browserSmoke":{"elapsedMs":2770,"consumer":"shared-library","stage":"http","requestId":8,"path":"/crs/g2.dat","state":"request-received"}}
{"browserSmoke":{"elapsedMs":2770,"consumer":"shared-library","stage":"browser-request","state":"started","path":"/crs/g2.dat"}}
{"browserSmoke":{"elapsedMs":2771,"consumer":"shared-library","stage":"http","requestId":8,"path":"/crs/g2.dat","state":"file-read-completed","bodyBytes":128,"durationMs":1}}
{"browserSmoke":{"elapsedMs":2771,"consumer":"shared-library","stage":"http","requestId":8,"path":"/crs/g2.dat","state":"response-finished","status":200,"bodyBytes":128,"durationMs":1}}
{"browserSmoke":{"elapsedMs":2772,"consumer":"shared-library","stage":"browser-response","state":"headers","path":"/crs/g2.dat","status":200}}
{"browserSmoke":{"elapsedMs":2772,"consumer":"shared-library","stage":"browser-request","state":"finished","path":"/crs/g2.dat"}}
{"browserSmoke":{"elapsedMs":2772,"consumer":"shared-library","stage":"crs-1.load.g2.dat","state":"completed","durationMs":3}}
{"browserSmoke":{"elapsedMs":2773,"consumer":"shared-library","stage":"crs-1.sha256.128","state":"started"}}
{"browserSmoke":{"elapsedMs":2773,"consumer":"shared-library","stage":"crs-1.sha256.128","state":"completed","durationMs":1}}
{"browserSmoke":{"elapsedMs":2774,"consumer":"shared-library","stage":"crs-1.load.grumpkin_g1.dat","state":"started"}}
{"browserSmoke":{"elapsedMs":2775,"consumer":"shared-library","stage":"browser-request","state":"started","path":"/crs/grumpkin_g1.dat"}}
{"browserSmoke":{"elapsedMs":2775,"consumer":"shared-library","stage":"http","requestId":9,"path":"/crs/grumpkin_g1.dat","state":"request-received"}}
{"browserSmoke":{"elapsedMs":2777,"consumer":"shared-library","stage":"http","requestId":9,"path":"/crs/grumpkin_g1.dat","state":"file-read-completed","bodyBytes":4194368,"durationMs":3}}
{"browserSmoke":{"elapsedMs":2778,"consumer":"shared-library","stage":"http","requestId":9,"path":"/crs/grumpkin_g1.dat","state":"response-finished","status":200,"bodyBytes":4194368,"durationMs":3}}
{"browserSmoke":{"elapsedMs":2779,"consumer":"shared-library","stage":"browser-response","state":"headers","path":"/crs/grumpkin_g1.dat","status":200}}
{"browserSmoke":{"elapsedMs":2818,"consumer":"shared-library","stage":"browser-request","state":"finished","path":"/crs/grumpkin_g1.dat"}}
{"browserSmoke":{"elapsedMs":2818,"consumer":"shared-library","stage":"crs-1.load.grumpkin_g1.dat","state":"completed","durationMs":44}}
{"browserSmoke":{"elapsedMs":2819,"consumer":"shared-library","stage":"crs-1.sha256.4194368","state":"started"}}
{"browserSmoke":{"elapsedMs":2827,"consumer":"shared-library","stage":"crs-1.sha256.4194368","state":"completed","durationMs":7}}
{"browserSmoke":{"elapsedMs":2828,"consumer":"shared-library","stage":"crs-1.srsInitSrs","state":"started"}}
{"browserSmoke":{"elapsedMs":3225,"consumer":"shared-library","stage":"crs-1.srsInitSrs","state":"completed","durationMs":396}}
{"browserSmoke":{"elapsedMs":3226,"consumer":"shared-library","stage":"crs-1.srsInitGrumpkinSrs","state":"started"}}
{"browserSmoke":{"elapsedMs":3243,"consumer":"shared-library","stage":"crs-1.srsInitGrumpkinSrs","state":"completed","durationMs":16}}
{"browserSmoke":{"elapsedMs":3244,"consumer":"shared-library","stage":"shared-crs-adapter","state":"completed","durationMs":621}}
{"browserSmoke":{"elapsedMs":3244,"consumer":"shared-library","stage":"poseidon","state":"started"}}
{"browserSmoke":{"elapsedMs":3246,"consumer":"shared-library","stage":"poseidon","state":"completed","durationMs":1}}
{"browserSmoke":{"elapsedMs":3246,"consumer":"shared-library","stage":"async-prover-init","state":"started"}}
{"browserSmoke":{"elapsedMs":3248,"consumer":"shared-library","stage":"browser-request","state":"started","path":"/bb-main.worker.js"}}
{"browserSmoke":{"elapsedMs":3248,"consumer":"shared-library","stage":"http","requestId":10,"path":"/bb-main.worker.js","state":"request-received"}}
{"browserSmoke":{"elapsedMs":3248,"consumer":"shared-library","stage":"http","requestId":10,"path":"/bb-main.worker.js","state":"file-read-completed","bodyBytes":22772,"durationMs":1}}
{"browserSmoke":{"elapsedMs":3249,"consumer":"shared-library","stage":"http","requestId":10,"path":"/bb-main.worker.js","state":"response-finished","status":200,"bodyBytes":22772,"durationMs":1}}
{"browserSmoke":{"elapsedMs":3251,"consumer":"shared-library","stage":"browser-response","state":"headers","path":"/bb-main.worker.js","status":200}}
{"browserSmoke":{"elapsedMs":3252,"consumer":"shared-library","stage":"browser-request","state":"finished","path":"/bb-main.worker.js"}}
{"browserSmoke":{"elapsedMs":3393,"consumer":"shared-library","stage":"browser-request","state":"started","path":"/bb-thread.worker.js"}}
{"browserSmoke":{"elapsedMs":3393,"consumer":"shared-library","stage":"http","requestId":11,"path":"/bb-thread.worker.js","state":"request-received"}}
{"browserSmoke":{"elapsedMs":3394,"consumer":"shared-library","stage":"http","requestId":11,"path":"/bb-thread.worker.js","state":"file-read-completed","bodyBytes":15377,"durationMs":0}}
{"browserSmoke":{"elapsedMs":3394,"consumer":"shared-library","stage":"http","requestId":11,"path":"/bb-thread.worker.js","state":"response-finished","status":200,"bodyBytes":15377,"durationMs":1}}
{"browserSmoke":{"elapsedMs":3396,"consumer":"shared-library","stage":"browser-response","state":"headers","path":"/bb-thread.worker.js","status":200}}
{"browserSmoke":{"elapsedMs":3397,"consumer":"shared-library","stage":"browser-request","state":"finished","path":"/bb-thread.worker.js"}}
{"browserSmoke":{"elapsedMs":3398,"consumer":"shared-library","stage":"async-prover-init","state":"completed","durationMs":152}}
{"browserSmoke":{"elapsedMs":3399,"consumer":"shared-library","stage":"async-prover-destroy","state":"started"}}
{"browserSmoke":{"elapsedMs":3400,"consumer":"shared-library","stage":"async-prover-destroy","state":"completed","durationMs":1}}
{"browserSmoke":{"elapsedMs":3400,"consumer":"shared-library","stage":"sqlite-open","state":"started"}}
{"browserSmoke":{"elapsedMs":3401,"consumer":"shared-library","stage":"browser-request","state":"started","path":"/sqlite.worker.js"}}
{"browserSmoke":{"elapsedMs":3401,"consumer":"shared-library","stage":"http","requestId":12,"path":"/sqlite.worker.js","state":"request-received"}}
{"browserSmoke":{"elapsedMs":3402,"consumer":"shared-library","stage":"http","requestId":12,"path":"/sqlite.worker.js","state":"file-read-completed","bodyBytes":476347,"durationMs":1}}
{"browserSmoke":{"elapsedMs":3402,"consumer":"shared-library","stage":"http","requestId":12,"path":"/sqlite.worker.js","state":"response-finished","status":200,"bodyBytes":476347,"durationMs":1}}
{"browserSmoke":{"elapsedMs":3404,"consumer":"shared-library","stage":"browser-response","state":"headers","path":"/sqlite.worker.js","status":200}}
{"browserSmoke":{"elapsedMs":3408,"consumer":"shared-library","stage":"browser-request","state":"finished","path":"/sqlite.worker.js"}}
{"browserSmoke":{"elapsedMs":3415,"consumer":"shared-library","stage":"http","requestId":13,"path":"/sqlite3.wasm","state":"request-received"}}
{"browserSmoke":{"elapsedMs":3415,"consumer":"shared-library","stage":"browser-request","state":"started","path":"/sqlite3.wasm"}}
{"browserSmoke":{"elapsedMs":3416,"consumer":"shared-library","stage":"http","requestId":13,"path":"/sqlite3.wasm","state":"file-read-completed","bodyBytes":1058719,"durationMs":1}}
{"browserSmoke":{"elapsedMs":3417,"consumer":"shared-library","stage":"http","requestId":13,"path":"/sqlite3.wasm","state":"response-finished","status":200,"bodyBytes":1058719,"durationMs":1}}
{"browserSmoke":{"elapsedMs":3417,"consumer":"shared-library","stage":"browser-response","state":"headers","path":"/sqlite3.wasm","status":200}}
{"browserSmoke":{"elapsedMs":3435,"consumer":"shared-library","stage":"browser-request","state":"started","path":"/sqlite3-opfs-async-proxy.js"}}
{"browserSmoke":{"elapsedMs":3435,"consumer":"shared-library","stage":"http","requestId":14,"path":"/sqlite3-opfs-async-proxy.js","state":"request-received"}}
{"browserSmoke":{"elapsedMs":3435,"consumer":"shared-library","stage":"browser-request","state":"finished","path":"/sqlite3.wasm"}}
{"browserSmoke":{"elapsedMs":3435,"consumer":"shared-library","stage":"http","requestId":14,"path":"/sqlite3-opfs-async-proxy.js","state":"file-read-completed","bodyBytes":24541,"durationMs":0}}
{"browserSmoke":{"elapsedMs":3436,"consumer":"shared-library","stage":"http","requestId":14,"path":"/sqlite3-opfs-async-proxy.js","state":"response-finished","status":200,"bodyBytes":24541,"durationMs":0}}
{"browserSmoke":{"elapsedMs":3438,"consumer":"shared-library","stage":"browser-response","state":"headers","path":"/sqlite3-opfs-async-proxy.js","status":200}}
{"browserSmoke":{"elapsedMs":3439,"consumer":"shared-library","stage":"browser-request","state":"finished","path":"/sqlite3-opfs-async-proxy.js"}}
{"browserSmoke":{"elapsedMs":3444,"consumer":"shared-library","stage":"browser-request","state":"started","path":"/sqlite3-opfs-async-proxy.js"}}
{"browserSmoke":{"elapsedMs":3444,"consumer":"shared-library","stage":"http","requestId":15,"path":"/sqlite3-opfs-async-proxy.js","state":"request-received"}}
{"browserSmoke":{"elapsedMs":3444,"consumer":"shared-library","stage":"http","requestId":15,"path":"/sqlite3-opfs-async-proxy.js","state":"file-read-completed","bodyBytes":24541,"durationMs":0}}
{"browserSmoke":{"elapsedMs":3444,"consumer":"shared-library","stage":"http","requestId":15,"path":"/sqlite3-opfs-async-proxy.js","state":"response-finished","status":200,"bodyBytes":24541,"durationMs":0}}
{"browserSmoke":{"elapsedMs":3446,"consumer":"shared-library","stage":"browser-response","state":"headers","path":"/sqlite3-opfs-async-proxy.js","status":200}}
{"browserSmoke":{"elapsedMs":3447,"consumer":"shared-library","stage":"browser-request","state":"finished","path":"/sqlite3-opfs-async-proxy.js"}}
{"browserSmoke":{"elapsedMs":3459,"consumer":"shared-library","stage":"sqlite-open","state":"completed","durationMs":59}}
{"browserSmoke":{"elapsedMs":3460,"consumer":"shared-library","stage":"sqlite-write","state":"started"}}
{"browserSmoke":{"elapsedMs":3462,"consumer":"shared-library","stage":"sqlite-write","state":"completed","durationMs":2}}
{"browserSmoke":{"elapsedMs":3463,"consumer":"shared-library","stage":"sqlite-read","state":"started"}}
{"browserSmoke":{"elapsedMs":3464,"consumer":"shared-library","stage":"sqlite-read","state":"completed","durationMs":1}}
{"browserSmoke":{"elapsedMs":3464,"consumer":"shared-library","stage":"sqlite-close","state":"started"}}
{"browserSmoke":{"elapsedMs":3466,"consumer":"shared-library","stage":"sqlite-close","state":"completed","durationMs":1}}
{"browserSmoke":{"elapsedMs":3501,"consumer":"shared-library","stage":"browser","state":"disconnected","deadlineExceeded":false}}
{"browserSmoke":{"elapsedMs":3539,"consumer":"engine-adapter","stage":"browser-launch","state":"started"}}
{"browserSmoke":{"elapsedMs":3762,"consumer":"engine-adapter","stage":"browser-launch","state":"completed"}}
{"browserSmoke":{"elapsedMs":3762,"consumer":"engine-adapter","stage":"page-create","state":"started"}}
{"browserSmoke":{"elapsedMs":3961,"consumer":"engine-adapter","stage":"page-create","state":"completed"}}
{"browserSmoke":{"elapsedMs":3961,"consumer":"engine-adapter","stage":"expose-function","state":"started"}}
{"browserSmoke":{"elapsedMs":3968,"consumer":"engine-adapter","stage":"expose-function","state":"completed"}}
{"browserSmoke":{"elapsedMs":3968,"consumer":"engine-adapter","stage":"install-readiness-markers","state":"started"}}
{"browserSmoke":{"elapsedMs":3969,"consumer":"engine-adapter","stage":"install-readiness-markers","state":"completed"}}
{"browserSmoke":{"elapsedMs":3969,"consumer":"engine-adapter","stage":"navigation","state":"started"}}
{"browserSmoke":{"elapsedMs":3970,"consumer":"engine-adapter","stage":"browser-request","state":"started","path":"/"}}
{"browserSmoke":{"elapsedMs":3971,"consumer":"engine-adapter","stage":"http","requestId":16,"path":"/","state":"request-received"}}
{"browserSmoke":{"elapsedMs":3971,"consumer":"engine-adapter","stage":"http","requestId":16,"path":"/","state":"response-finished","status":200,"bodyBytes":3384,"durationMs":0}}
{"browserSmoke":{"elapsedMs":3973,"consumer":"engine-adapter","stage":"browser-response","state":"headers","path":"/","status":200}}
{"browserSmoke":{"elapsedMs":3980,"consumer":"engine-adapter","stage":"http","requestId":17,"path":"/aztec_bundle.js","state":"request-received"}}
{"browserSmoke":{"elapsedMs":3980,"consumer":"engine-adapter","stage":"http","requestId":18,"path":"/crs-client.js","state":"request-received"}}
{"browserSmoke":{"elapsedMs":3980,"consumer":"engine-adapter","stage":"http","requestId":19,"path":"/aztec-lib.js","state":"request-received"}}
{"browserSmoke":{"elapsedMs":3980,"consumer":"engine-adapter","stage":"http","requestId":20,"path":"/app-env.js","state":"request-received"}}
{"browserSmoke":{"elapsedMs":3981,"consumer":"engine-adapter","stage":"browser-request","state":"started","path":"/aztec_bundle.js"}}
{"browserSmoke":{"elapsedMs":3981,"consumer":"engine-adapter","stage":"browser-request","state":"started","path":"/crs-client.js"}}
{"browserSmoke":{"elapsedMs":3981,"consumer":"engine-adapter","stage":"browser-request","state":"started","path":"/aztec-lib.js"}}
{"browserSmoke":{"elapsedMs":3981,"consumer":"engine-adapter","stage":"browser-request","state":"started","path":"/app-env.js"}}
{"browserSmoke":{"elapsedMs":3981,"consumer":"engine-adapter","stage":"http","requestId":18,"path":"/crs-client.js","state":"file-read-completed","bodyBytes":7428,"durationMs":1}}
{"browserSmoke":{"elapsedMs":3982,"consumer":"engine-adapter","stage":"http","requestId":18,"path":"/crs-client.js","state":"response-finished","status":200,"bodyBytes":7428,"durationMs":1}}
{"browserSmoke":{"elapsedMs":3982,"consumer":"engine-adapter","stage":"http","requestId":19,"path":"/aztec-lib.js","state":"file-read-completed","bodyBytes":38208,"durationMs":1}}
{"browserSmoke":{"elapsedMs":3982,"consumer":"engine-adapter","stage":"http","requestId":19,"path":"/aztec-lib.js","state":"response-finished","status":200,"bodyBytes":38208,"durationMs":1}}
{"browserSmoke":{"elapsedMs":3982,"consumer":"engine-adapter","stage":"http","requestId":20,"path":"/app-env.js","state":"file-read-completed","bodyBytes":6553,"durationMs":1}}
{"browserSmoke":{"elapsedMs":3982,"consumer":"engine-adapter","stage":"http","requestId":20,"path":"/app-env.js","state":"response-finished","status":200,"bodyBytes":6553,"durationMs":1}}
{"browserSmoke":{"elapsedMs":3983,"consumer":"engine-adapter","stage":"script.sdk","state":"before-script","browserElapsedMs":10}}
{"browserSmoke":{"elapsedMs":3983,"consumer":"engine-adapter","stage":"browser-request","state":"finished","path":"/"}}
{"browserSmoke":{"elapsedMs":3984,"consumer":"engine-adapter","stage":"browser-response","state":"headers","path":"/crs-client.js","status":200}}
{"browserSmoke":{"elapsedMs":3984,"consumer":"engine-adapter","stage":"browser-request","state":"finished","path":"/crs-client.js"}}
{"browserSmoke":{"elapsedMs":3984,"consumer":"engine-adapter","stage":"browser-response","state":"headers","path":"/app-env.js","status":200}}
{"browserSmoke":{"elapsedMs":3984,"consumer":"engine-adapter","stage":"browser-request","state":"finished","path":"/app-env.js"}}
{"browserSmoke":{"elapsedMs":3984,"consumer":"engine-adapter","stage":"browser-response","state":"headers","path":"/aztec-lib.js","status":200}}
{"browserSmoke":{"elapsedMs":3984,"consumer":"engine-adapter","stage":"browser-request","state":"finished","path":"/aztec-lib.js"}}
{"browserSmoke":{"elapsedMs":3997,"consumer":"engine-adapter","stage":"http","requestId":17,"path":"/aztec_bundle.js","state":"file-read-completed","bodyBytes":50130889,"durationMs":16}}
{"browserSmoke":{"elapsedMs":4097,"consumer":"engine-adapter","stage":"http","requestId":17,"path":"/aztec_bundle.js","state":"response-finished","status":200,"bodyBytes":50130889,"durationMs":117}}
{"browserSmoke":{"elapsedMs":4163,"consumer":"engine-adapter","stage":"browser-response","state":"headers","path":"/aztec_bundle.js","status":200}}
{"browserSmoke":{"elapsedMs":4164,"consumer":"engine-adapter","stage":"browser-request","state":"finished","path":"/aztec_bundle.js"}}
{"browserSmoke":{"elapsedMs":4436,"consumer":"engine-adapter","stage":"script.sdk","state":"script-load","browserElapsedMs":466}}
{"browserSmoke":{"elapsedMs":4437,"consumer":"engine-adapter","stage":"script.sdk","state":"after-script","browserElapsedMs":466}}
{"browserSmoke":{"elapsedMs":4437,"consumer":"engine-adapter","stage":"script.crs-client","state":"before-script","browserElapsedMs":466}}
{"browserSmoke":{"elapsedMs":4438,"consumer":"engine-adapter","stage":"script.crs-client","state":"script-load","browserElapsedMs":466}}
{"browserSmoke":{"elapsedMs":4438,"consumer":"engine-adapter","stage":"script.crs-client","state":"after-script","browserElapsedMs":466}}
{"browserSmoke":{"elapsedMs":4438,"consumer":"engine-adapter","stage":"script.shared-library","state":"before-script","browserElapsedMs":466}}
{"browserSmoke":{"elapsedMs":4438,"consumer":"engine-adapter","stage":"script.shared-library","state":"script-load","browserElapsedMs":466}}
{"browserSmoke":{"elapsedMs":4438,"consumer":"engine-adapter","stage":"script.shared-library","state":"after-script","browserElapsedMs":466}}
{"browserSmoke":{"elapsedMs":4438,"consumer":"engine-adapter","stage":"script.engine-adapter","state":"before-script","browserElapsedMs":467}}
{"browserSmoke":{"elapsedMs":4438,"consumer":"engine-adapter","stage":"script.engine-adapter","state":"script-load","browserElapsedMs":467}}
{"browserSmoke":{"elapsedMs":4438,"consumer":"engine-adapter","stage":"script.engine-adapter","state":"after-script","browserElapsedMs":467}}
{"browserSmoke":{"elapsedMs":4439,"consumer":"engine-adapter","stage":"script.document","state":"dom-content-loaded","browserElapsedMs":468}}
{"browserSmoke":{"elapsedMs":4439,"consumer":"engine-adapter","stage":"script.document","state":"load","browserElapsedMs":468}}
{"browserSmoke":{"elapsedMs":4440,"consumer":"engine-adapter","stage":"navigation","state":"completed"}}
{"browserSmoke":{"elapsedMs":4440,"consumer":"engine-adapter","stage":"http","requestId":21,"path":"/favicon.ico","state":"request-received"}}
{"browserSmoke":{"elapsedMs":4440,"consumer":"engine-adapter","stage":"http","requestId":21,"path":"/favicon.ico","state":"file-read-failed"}}
{"browserSmoke":{"elapsedMs":4440,"consumer":"engine-adapter","stage":"http","requestId":21,"path":"/favicon.ico","state":"response-finished","status":404,"bodyBytes":9,"durationMs":1}}
{"browserSmoke":{"elapsedMs":4441,"consumer":"engine-adapter","stage":"sync-prover-init","state":"started"}}
{"browserSmoke":{"elapsedMs":4620,"consumer":"engine-adapter","stage":"sync-prover-init","state":"completed","durationMs":179}}
{"browserSmoke":{"elapsedMs":4621,"consumer":"engine-adapter","stage":"engine-crs-adapter","state":"started"}}
{"browserSmoke":{"elapsedMs":4622,"consumer":"engine-adapter","stage":"crs-1.load.g1_uncompressed.dat","state":"started"}}
{"browserSmoke":{"elapsedMs":4623,"consumer":"engine-adapter","stage":"browser-request","state":"started","path":"/crs/g1_uncompressed.dat"}}
{"browserSmoke":{"elapsedMs":4623,"consumer":"engine-adapter","stage":"http","requestId":22,"path":"/crs/g1_uncompressed.dat","state":"request-received"}}
{"browserSmoke":{"elapsedMs":4635,"consumer":"engine-adapter","stage":"http","requestId":22,"path":"/crs/g1_uncompressed.dat","state":"file-read-completed","bodyBytes":75497472,"durationMs":11}}
{"browserSmoke":{"elapsedMs":4638,"consumer":"engine-adapter","stage":"browser-response","state":"headers","path":"/crs/g1_uncompressed.dat","status":200}}
{"browserSmoke":{"elapsedMs":4662,"consumer":"engine-adapter","stage":"http","requestId":22,"path":"/crs/g1_uncompressed.dat","state":"response-finished","status":200,"bodyBytes":75497472,"durationMs":39}}
{"browserSmoke":{"elapsedMs":4665,"consumer":"engine-adapter","stage":"browser-request","state":"finished","path":"/crs/g1_uncompressed.dat"}}
{"browserSmoke":{"elapsedMs":4666,"consumer":"engine-adapter","stage":"crs-1.load.g1_uncompressed.dat","state":"completed","durationMs":43}}
{"browserSmoke":{"elapsedMs":4666,"consumer":"engine-adapter","stage":"crs-1.sha256.75497472","state":"started"}}
{"browserSmoke":{"elapsedMs":4716,"consumer":"engine-adapter","stage":"crs-1.sha256.75497472","state":"completed","durationMs":50}}
{"browserSmoke":{"elapsedMs":4717,"consumer":"engine-adapter","stage":"crs-1.load.g2.dat","state":"started"}}
{"browserSmoke":{"elapsedMs":4718,"consumer":"engine-adapter","stage":"browser-request","state":"started","path":"/crs/g2.dat"}}
{"browserSmoke":{"elapsedMs":4718,"consumer":"engine-adapter","stage":"http","requestId":23,"path":"/crs/g2.dat","state":"request-received"}}
{"browserSmoke":{"elapsedMs":4718,"consumer":"engine-adapter","stage":"http","requestId":23,"path":"/crs/g2.dat","state":"file-read-completed","bodyBytes":128,"durationMs":0}}
{"browserSmoke":{"elapsedMs":4719,"consumer":"engine-adapter","stage":"http","requestId":23,"path":"/crs/g2.dat","state":"response-finished","status":200,"bodyBytes":128,"durationMs":0}}
{"browserSmoke":{"elapsedMs":4720,"consumer":"engine-adapter","stage":"browser-response","state":"headers","path":"/crs/g2.dat","status":200}}
{"browserSmoke":{"elapsedMs":4720,"consumer":"engine-adapter","stage":"browser-request","state":"finished","path":"/crs/g2.dat"}}
{"browserSmoke":{"elapsedMs":4720,"consumer":"engine-adapter","stage":"crs-1.load.g2.dat","state":"completed","durationMs":3}}
{"browserSmoke":{"elapsedMs":4720,"consumer":"engine-adapter","stage":"crs-1.sha256.128","state":"started"}}
{"browserSmoke":{"elapsedMs":4721,"consumer":"engine-adapter","stage":"crs-1.sha256.128","state":"completed","durationMs":1}}
{"browserSmoke":{"elapsedMs":4722,"consumer":"engine-adapter","stage":"crs-1.load.grumpkin_g1.dat","state":"started"}}
{"browserSmoke":{"elapsedMs":4722,"consumer":"engine-adapter","stage":"browser-request","state":"started","path":"/crs/grumpkin_g1.dat"}}
{"browserSmoke":{"elapsedMs":4722,"consumer":"engine-adapter","stage":"http","requestId":24,"path":"/crs/grumpkin_g1.dat","state":"request-received"}}
{"browserSmoke":{"elapsedMs":4723,"consumer":"engine-adapter","stage":"http","requestId":24,"path":"/crs/grumpkin_g1.dat","state":"file-read-completed","bodyBytes":4194368,"durationMs":1}}
{"browserSmoke":{"elapsedMs":4724,"consumer":"engine-adapter","stage":"http","requestId":24,"path":"/crs/grumpkin_g1.dat","state":"response-finished","status":200,"bodyBytes":4194368,"durationMs":2}}
{"browserSmoke":{"elapsedMs":4725,"consumer":"engine-adapter","stage":"browser-response","state":"headers","path":"/crs/grumpkin_g1.dat","status":200}}
{"browserSmoke":{"elapsedMs":4763,"consumer":"engine-adapter","stage":"browser-request","state":"finished","path":"/crs/grumpkin_g1.dat"}}
{"browserSmoke":{"elapsedMs":4764,"consumer":"engine-adapter","stage":"crs-1.load.grumpkin_g1.dat","state":"completed","durationMs":41}}
{"browserSmoke":{"elapsedMs":4764,"consumer":"engine-adapter","stage":"crs-1.sha256.4194368","state":"started"}}
{"browserSmoke":{"elapsedMs":4768,"consumer":"engine-adapter","stage":"crs-1.sha256.4194368","state":"completed","durationMs":3}}
{"browserSmoke":{"elapsedMs":4768,"consumer":"engine-adapter","stage":"crs-1.srsInitSrs","state":"started"}}
{"browserSmoke":{"elapsedMs":5164,"consumer":"engine-adapter","stage":"crs-1.srsInitSrs","state":"completed","durationMs":395}}
{"browserSmoke":{"elapsedMs":5169,"consumer":"engine-adapter","stage":"crs-1.srsInitGrumpkinSrs","state":"started"}}
{"browserSmoke":{"elapsedMs":5186,"consumer":"engine-adapter","stage":"crs-1.srsInitGrumpkinSrs","state":"completed","durationMs":17}}
{"browserSmoke":{"elapsedMs":5187,"consumer":"engine-adapter","stage":"engine-crs-adapter","state":"completed","durationMs":566}}
{"browserSmoke":{"elapsedMs":5187,"consumer":"engine-adapter","stage":"poseidon","state":"started"}}
{"browserSmoke":{"elapsedMs":5189,"consumer":"engine-adapter","stage":"poseidon","state":"completed","durationMs":2}}
{"browserSmoke":{"elapsedMs":5190,"consumer":"engine-adapter","stage":"async-prover-init","state":"started"}}
{"browserSmoke":{"elapsedMs":5191,"consumer":"engine-adapter","stage":"browser-request","state":"started","path":"/bb-main.worker.js"}}
{"browserSmoke":{"elapsedMs":5191,"consumer":"engine-adapter","stage":"http","requestId":25,"path":"/bb-main.worker.js","state":"request-received"}}
{"browserSmoke":{"elapsedMs":5192,"consumer":"engine-adapter","stage":"http","requestId":25,"path":"/bb-main.worker.js","state":"file-read-completed","bodyBytes":22772,"durationMs":0}}
{"browserSmoke":{"elapsedMs":5192,"consumer":"engine-adapter","stage":"http","requestId":25,"path":"/bb-main.worker.js","state":"response-finished","status":200,"bodyBytes":22772,"durationMs":0}}
{"browserSmoke":{"elapsedMs":5194,"consumer":"engine-adapter","stage":"browser-response","state":"headers","path":"/bb-main.worker.js","status":200}}
{"browserSmoke":{"elapsedMs":5195,"consumer":"engine-adapter","stage":"browser-request","state":"finished","path":"/bb-main.worker.js"}}
{"browserSmoke":{"elapsedMs":5336,"consumer":"engine-adapter","stage":"browser-request","state":"started","path":"/bb-thread.worker.js"}}
{"browserSmoke":{"elapsedMs":5336,"consumer":"engine-adapter","stage":"http","requestId":26,"path":"/bb-thread.worker.js","state":"request-received"}}
{"browserSmoke":{"elapsedMs":5336,"consumer":"engine-adapter","stage":"http","requestId":26,"path":"/bb-thread.worker.js","state":"file-read-completed","bodyBytes":15377,"durationMs":0}}
{"browserSmoke":{"elapsedMs":5336,"consumer":"engine-adapter","stage":"http","requestId":26,"path":"/bb-thread.worker.js","state":"response-finished","status":200,"bodyBytes":15377,"durationMs":0}}
{"browserSmoke":{"elapsedMs":5339,"consumer":"engine-adapter","stage":"browser-response","state":"headers","path":"/bb-thread.worker.js","status":200}}
{"browserSmoke":{"elapsedMs":5339,"consumer":"engine-adapter","stage":"browser-request","state":"finished","path":"/bb-thread.worker.js"}}
{"browserSmoke":{"elapsedMs":5340,"consumer":"engine-adapter","stage":"async-prover-init","state":"completed","durationMs":151}}
{"browserSmoke":{"elapsedMs":5341,"consumer":"engine-adapter","stage":"async-prover-destroy","state":"started"}}
{"browserSmoke":{"elapsedMs":5342,"consumer":"engine-adapter","stage":"async-prover-destroy","state":"completed","durationMs":1}}
{"browserSmoke":{"elapsedMs":5343,"consumer":"engine-adapter","stage":"sqlite-open","state":"started"}}
{"browserSmoke":{"elapsedMs":5344,"consumer":"engine-adapter","stage":"browser-request","state":"started","path":"/sqlite.worker.js"}}
{"browserSmoke":{"elapsedMs":5344,"consumer":"engine-adapter","stage":"http","requestId":27,"path":"/sqlite.worker.js","state":"request-received"}}
{"browserSmoke":{"elapsedMs":5346,"consumer":"engine-adapter","stage":"http","requestId":27,"path":"/sqlite.worker.js","state":"file-read-completed","bodyBytes":476347,"durationMs":2}}
{"browserSmoke":{"elapsedMs":5347,"consumer":"engine-adapter","stage":"http","requestId":27,"path":"/sqlite.worker.js","state":"response-finished","status":200,"bodyBytes":476347,"durationMs":3}}
{"browserSmoke":{"elapsedMs":5349,"consumer":"engine-adapter","stage":"browser-response","state":"headers","path":"/sqlite.worker.js","status":200}}
{"browserSmoke":{"elapsedMs":5353,"consumer":"engine-adapter","stage":"browser-request","state":"finished","path":"/sqlite.worker.js"}}
{"browserSmoke":{"elapsedMs":5361,"consumer":"engine-adapter","stage":"browser-request","state":"started","path":"/sqlite3.wasm"}}
{"browserSmoke":{"elapsedMs":5361,"consumer":"engine-adapter","stage":"http","requestId":28,"path":"/sqlite3.wasm","state":"request-received"}}
{"browserSmoke":{"elapsedMs":5361,"consumer":"engine-adapter","stage":"http","requestId":28,"path":"/sqlite3.wasm","state":"file-read-completed","bodyBytes":1058719,"durationMs":0}}
{"browserSmoke":{"elapsedMs":5362,"consumer":"engine-adapter","stage":"http","requestId":28,"path":"/sqlite3.wasm","state":"response-finished","status":200,"bodyBytes":1058719,"durationMs":1}}
{"browserSmoke":{"elapsedMs":5362,"consumer":"engine-adapter","stage":"browser-response","state":"headers","path":"/sqlite3.wasm","status":200}}
{"browserSmoke":{"elapsedMs":5380,"consumer":"engine-adapter","stage":"browser-request","state":"started","path":"/sqlite3-opfs-async-proxy.js"}}
{"browserSmoke":{"elapsedMs":5380,"consumer":"engine-adapter","stage":"http","requestId":29,"path":"/sqlite3-opfs-async-proxy.js","state":"request-received"}}
{"browserSmoke":{"elapsedMs":5380,"consumer":"engine-adapter","stage":"browser-request","state":"finished","path":"/sqlite3.wasm"}}
{"browserSmoke":{"elapsedMs":5381,"consumer":"engine-adapter","stage":"http","requestId":29,"path":"/sqlite3-opfs-async-proxy.js","state":"file-read-completed","bodyBytes":24541,"durationMs":0}}
{"browserSmoke":{"elapsedMs":5381,"consumer":"engine-adapter","stage":"http","requestId":29,"path":"/sqlite3-opfs-async-proxy.js","state":"response-finished","status":200,"bodyBytes":24541,"durationMs":0}}
{"browserSmoke":{"elapsedMs":5383,"consumer":"engine-adapter","stage":"browser-response","state":"headers","path":"/sqlite3-opfs-async-proxy.js","status":200}}
{"browserSmoke":{"elapsedMs":5384,"consumer":"engine-adapter","stage":"browser-request","state":"finished","path":"/sqlite3-opfs-async-proxy.js"}}
{"browserSmoke":{"elapsedMs":5387,"consumer":"engine-adapter","stage":"browser-request","state":"started","path":"/sqlite3-opfs-async-proxy.js"}}
{"browserSmoke":{"elapsedMs":5387,"consumer":"engine-adapter","stage":"http","requestId":30,"path":"/sqlite3-opfs-async-proxy.js","state":"request-received"}}
{"browserSmoke":{"elapsedMs":5388,"consumer":"engine-adapter","stage":"http","requestId":30,"path":"/sqlite3-opfs-async-proxy.js","state":"file-read-completed","bodyBytes":24541,"durationMs":0}}
{"browserSmoke":{"elapsedMs":5388,"consumer":"engine-adapter","stage":"http","requestId":30,"path":"/sqlite3-opfs-async-proxy.js","state":"response-finished","status":200,"bodyBytes":24541,"durationMs":0}}
{"browserSmoke":{"elapsedMs":5390,"consumer":"engine-adapter","stage":"browser-response","state":"headers","path":"/sqlite3-opfs-async-proxy.js","status":200}}
{"browserSmoke":{"elapsedMs":5391,"consumer":"engine-adapter","stage":"browser-request","state":"finished","path":"/sqlite3-opfs-async-proxy.js"}}
{"browserSmoke":{"elapsedMs":5404,"consumer":"engine-adapter","stage":"sqlite-open","state":"completed","durationMs":61}}
{"browserSmoke":{"elapsedMs":5405,"consumer":"engine-adapter","stage":"sqlite-write","state":"started"}}
{"browserSmoke":{"elapsedMs":5407,"consumer":"engine-adapter","stage":"sqlite-write","state":"completed","durationMs":3}}
{"browserSmoke":{"elapsedMs":5408,"consumer":"engine-adapter","stage":"sqlite-read","state":"started"}}
{"browserSmoke":{"elapsedMs":5409,"consumer":"engine-adapter","stage":"sqlite-read","state":"completed","durationMs":1}}
{"browserSmoke":{"elapsedMs":5410,"consumer":"engine-adapter","stage":"sqlite-close","state":"started"}}
{"browserSmoke":{"elapsedMs":5411,"consumer":"engine-adapter","stage":"sqlite-close","state":"completed","durationMs":1}}
{"browserSmoke":{"elapsedMs":5447,"consumer":"engine-adapter","stage":"browser","state":"disconnected","deadlineExceeded":false}}
