START fresh-environment
END fresh-environment {'step': 'fresh-environment', 'command': ['bash', '-ceu', 'node --version\nuname -a\ntest "$(node --version)" = \'v24.15.0\'\ntest "$(uname -m)" = \'aarch64\'\nfor absent in /root/nargo /root/.svm /root/.npm /work/node_modules /work/billboard/portal/node_modules /work/shared/rpc-config.json /work/billboard/target /work/apps/dist /work/.build/crs-cache /work/.build/toolchain; do test ! -e "$absent"; done\nprintf \'Fresh dependency caches and generated outputs confirmed absent.\\n\'\n'], 'timeoutSeconds': 30, 'startedAt': '2026-09-12T09:46:21.406709+00:00', 'exitCode': 0, 'durationSeconds': 0.24, 'completedAt': '2026-09-12T09:46:21.648156+00:00'}
START source-permissions
END source-permissions {'step': 'source-permissions', 'command': ['python3', '-c', "import os,json,pathlib,hashlib,uuid\nroot=pathlib.Path('/work');inv=json.loads((root/'clean-source-inventory.json').read_text())\nassert os.getuid()==0 and os.getgid()==0\nfor name,expected in inv['sourceInputs'].items():assert hashlib.sha256((root/name).read_bytes()).hexdigest()==expected,name\nfor name,target in inv['sourceSymlinks'].items():assert str((root/name).readlink())==target,name\npaths={root}\nfor name in inv['sourceInputs']:\n for p in (root/name).parents:\n  if p==root:break\n  paths.add(p)\ncreated=[]\nfor name in ['.build/toolchain','.build/crs-cache','billboard/target','billboard/portal/cache']:\n p=root/name;missing=[];current=p\n while not current.exists():missing.append(current);current=current.parent\n p.mkdir(parents=True,exist_ok=True);created.extend(reversed(missing));paths.add(p)\nresults=[]\ntry:\n for p in sorted(paths):\n  s=p.stat();assert s.st_uid==0 and s.st_gid==0,str(p)\n  probe=p/('ownership-write-probe-'+uuid.uuid4().hex)\n  try:\n   with probe.open('xb') as stream:stream.write(b'probe')\n  finally:probe.unlink(missing_ok=True)\n  results.append({'path':str(p),'uid':s.st_uid,'gid':s.st_gid,'mode':oct(s.st_mode & 0o777),'write':'pass'})\nfinally:\n for p in sorted(set(created),key=lambda x:len(x.parts),reverse=True):p.rmdir()\nassert all(not p.exists() for p in created)\nprint(json.dumps({'effectiveUid':os.getuid(),'effectiveGid':os.getgid(),'verifiedSourceFiles':len(inv['sourceInputs']),'verifiedSymlinks':len(inv['sourceSymlinks']),'directoryChecks':results,'createdProbeDirectoriesRemoved':all(not p.exists() for p in created)}))\n"], 'timeoutSeconds': 60, 'startedAt': '2026-09-12T09:46:21.648513+00:00', 'exitCode': 0, 'durationSeconds': 0.37, 'completedAt': '2026-09-12T09:46:22.033401+00:00'}
START foundry
END foundry {'step': 'foundry', 'command': ['bash', '-ceu', "curl --fail --location --show-error --max-time 180 https://github.com/foundry-rs/foundry/releases/download/v1.4.1/foundry_v1.4.1_linux_arm64.tar.gz --output /tmp/foundry.tar.gz\nprintf 'e0128a2e8168f9852175dfdc7eef5bfbbd864931c231ad1a428d30340614622e  /tmp/foundry.tar.gz\\n' | sha256sum --check -\nmkdir -p /opt/foundry\ntar -xzf /tmp/foundry.tar.gz -C /opt/foundry\nforge --version\n"], 'timeoutSeconds': 240, 'startedAt': '2026-09-12T09:46:22.033963+00:00', 'exitCode': 0, 'durationSeconds': 24.86, 'completedAt': '2026-09-12T09:46:46.896634+00:00'}
START npm-root
END npm-root {'step': 'npm-root', 'command': ['npm', 'ci', '--ignore-scripts', '--no-audit', '--no-fund', '--timing'], 'timeoutSeconds': 900, 'startedAt': '2026-09-12T09:46:46.901397+00:00', 'exitCode': 0, 'durationSeconds': 330.44, 'completedAt': '2026-09-12T09:52:17.328675+00:00'}
START npm-portal
END npm-portal {'step': 'npm-portal', 'command': ['npm', 'ci', '--prefix', 'billboard/portal', '--ignore-scripts', '--no-audit', '--no-fund'], 'timeoutSeconds': 180, 'startedAt': '2026-09-12T09:52:17.333101+00:00', 'exitCode': 0, 'durationSeconds': 28.81, 'completedAt': '2026-09-12T09:52:46.147391+00:00'}
START noir-bootstrap
END noir-bootstrap {'step': 'noir-bootstrap', 'command': ['npm', 'run', 'bootstrap:noir'], 'timeoutSeconds': 240, 'startedAt': '2026-09-12T09:52:46.152867+00:00', 'exitCode': 0, 'durationSeconds': 8.42, 'completedAt': '2026-09-12T09:52:54.578125+00:00'}
START build
END build {'step': 'build', 'command': ['npm', 'run', 'build'], 'timeoutSeconds': 900, 'startedAt': '2026-09-12T09:52:54.582436+00:00', 'exitCode': 0, 'durationSeconds': 479.81, 'completedAt': '2026-09-12T10:00:54.384622+00:00'}
START artifacts
END artifacts {'step': 'artifacts', 'command': ['npm', 'run', 'check:artifacts'], 'timeoutSeconds': 90, 'startedAt': '2026-09-12T10:00:54.392915+00:00', 'exitCode': 0, 'durationSeconds': 2.35, 'completedAt': '2026-09-12T10:00:56.744315+00:00'}
START output-snapshot
END output-snapshot {'step': 'output-snapshot', 'command': ['node', 'scripts/check-reproducibility.mjs', 'snapshot', '.build/linux-retry-evidence/output-snapshot.json'], 'timeoutSeconds': 90, 'startedAt': '2026-09-12T10:00:56.749741+00:00', 'exitCode': 0, 'durationSeconds': 1.64, 'completedAt': '2026-09-12T10:00:58.398657+00:00'}
START build-tests
END build-tests {'step': 'build-tests', 'command': ['npm', 'run', 'test:build'], 'timeoutSeconds': 180, 'startedAt': '2026-09-12T10:00:58.401367+00:00', 'exitCode': 0, 'durationSeconds': 10.34, 'completedAt': '2026-09-12T10:01:08.748622+00:00'}
START interface-tests
END interface-tests {'step': 'interface-tests', 'command': ['node', '--test', 'scripts/test-shell-baseline.mjs', 'scripts/test-receipt-baseline.mjs', 'scripts/test-sdk-storage.mjs', 'scripts/test-protocol-schema.mjs', 'scripts/test-protocol-commitments.mjs'], 'timeoutSeconds': 180, 'startedAt': '2026-09-12T10:01:08.753451+00:00', 'exitCode': 0, 'durationSeconds': 10.7, 'completedAt': '2026-09-12T10:01:19.459258+00:00'}
START noir-interface
END noir-interface {'step': 'noir-interface', 'command': ['node', 'scripts/fixtures/noir-interface-v1/run.mjs'], 'timeoutSeconds': 180, 'startedAt': '2026-09-12T10:01:19.464615+00:00', 'exitCode': 1, 'durationSeconds': 120.4, 'completedAt': '2026-09-12T10:03:19.832967+00:00'}
