{
  "mode": "uncompressed",
  "startedAt": "2026-09-12T09:09:41.317Z",
  "node": "24.15.0",
  "platform": "darwin",
  "arch": "arm64",
  "packageVersion": "5.2.0",
  "backend": "explicit BackendType.Wasm / fresh child process",
  "proofGenerated": false,
  "manifestSha256": "485de34aa39dde1a5683921ce6c4f614774f64bc453568300020a36d776c3891",
  "wasmGzipSha256": "9106f6164e4714a87ce1cf13ceac4d22109767a16e6fb997f1af7e7fcc81ae45",
  "wasmSha256": "393343a62aabf19e21c33b445f7d61188a62a81cd8562f68cb0616329336365e",
  "scriptSha256": "cd116756992b84f5dfbc39bacfa21266aba76731621a8990423b251171e37f4e",
  "input": {
    "bytes": 75497472,
    "sha256": "2aefa0bc53704a61d887ff316d56b6f8bed968859b8b894c3677f11797779dac",
    "numPoints": 1179648
  },
  "g2": {
    "name": "g2.dat",
    "url": "https://crs.aztec-cdn.foundation/g2.dat",
    "fallbackUrl": "https://crs.aztec-labs.com/g2.dat",
    "bytes": 128,
    "numPoints": 1,
    "format": "bn254-g2-uncompressed-128-byte",
    "range": {
      "start": 0,
      "end": 127
    },
    "sha256": "01797bfc4de5a96f0e516a9ea4537d18786dc30cb991aca4274c95822b69c32f"
  },
  "grumpkin": {
    "name": "grumpkin_g1.dat",
    "url": "https://crs.aztec-cdn.foundation/grumpkin_g1_v2.dat",
    "fallbackUrl": "https://crs.aztec-labs.com/grumpkin_g1_v2.dat",
    "bytes": 4194368,
    "numPoints": 65537,
    "format": "grumpkin-g1-v2-uncompressed-64-byte",
    "range": {
      "start": 0,
      "end": 4194367
    },
    "sha256": "b4988c0ae3dd058b781045aeb70000d7b7fb5ffe557ed4f81c64b437c39a61c9"
  },
  "timingsMs": {
    "wasm-instance": 403,
    "bn254-initialize": 1873,
    "grumpkin-initialize": 115
  },
  "returnedBytes": 0,
  "outcome": "pass",
  "finishedAt": "2026-09-12T09:09:43.890Z",
  "resourceUsage": {
    "userCPUTime": 1640669,
    "systemCPUTime": 248381,
    "maxRSS": 654176,
    "sharedMemorySize": 0,
    "unsharedDataSize": 0,
    "unsharedStackSize": 0,
    "minorPageFault": 41011,
    "majorPageFault": 135,
    "swappedOut": 0,
    "fsRead": 0,
    "fsWrite": 0,
    "ipcSent": 0,
    "ipcReceived": 0,
    "signalsCount": 0,
    "voluntaryContextSwitches": 158,
    "involuntaryContextSwitches": 11612
  }
}
