npm warn ERESOLVE overriding peer dependency
npm warn While resolving: abitype@0.8.11
npm warn Found: zod@4.6.2
npm warn node_modules/zod
npm warn   peerOptional zod@"^3.22.0 || ^4.0.0" from abitype@1.1.0
npm warn   node_modules/abitype
npm warn     abitype@"^1.0.9" from ox@0.9.6
npm warn     node_modules/ox
npm warn     1 more (viem)
npm warn   16 more (@aztec/aztec, @aztec/aztec.js, @aztec/entrypoints, ...)
npm warn
npm warn Could not resolve dependency:
npm warn peerOptional zod@"^3 >=3.19.1" from abitype@0.8.11
npm warn node_modules/@aztec/aztec/node_modules/abitype
npm warn   abitype@"^0.8.11" from @aztec/aztec@5.2.0
npm warn   node_modules/@aztec/aztec
npm warn
npm warn Conflicting peer dependency: zod@3.25.76
npm warn node_modules/zod
npm warn   peerOptional zod@"^3 >=3.19.1" from abitype@0.8.11
npm warn   node_modules/@aztec/aztec/node_modules/abitype
npm warn     abitype@"^0.8.11" from @aztec/aztec@5.2.0
npm warn     node_modules/@aztec/aztec

added 5 packages, removed 6 packages, changed 57 packages, and audited 1001 packages in 48s

159 packages are looking for funding
  run `npm fund` for details

84 vulnerabilities (14 low, 62 moderate, 8 high)

To address issues that do not require attention, run:
  npm audit fix

To address all issues (including breaking changes), run:
  npm audit fix --force

Run `npm audit` for details.
