No files changed, compilation skipped

Ran 3 tests for test/PortalArtifactRegression.t.sol:PortalSourceControlTest
[PASS] testConfiguredMinimumRejectsBelowAndAcceptsExact() (gas: 1464702)
[PASS] testRedepositDoesNotDoubleCountWithdrawnFunds() (gas: 1507557)
[PASS] testWithdrawalClearsIndividualAndReducesAggregateLiabilities() (gas: 1536209)
Suite result: ok. 3 passed; 0 failed; 0 skipped; finished in 5.67ms (3.52ms CPU time)

Ran 4 tests for test/PortalCodecVectors.t.sol:PortalCodecVectorsTest
[PASS] test_claim() (gas: 1639)
[PASS] test_claim_boundary() (gas: 1617)
[PASS] test_exit() (gas: 1586)
[PASS] test_ready() (gas: 1548)
Suite result: ok. 4 passed; 0 failed; 0 skipped; finished in 6.24ms (6.60ms CPU time)

Ran 16 tests for test/PortalV1.t.sol:PortalV1Test
[PASS] testBridgeActorsArePinnedDespiteRollupGetterChanges() (gas: 405002)
[PASS] testCanonicalExitRefundAndRedepositRejectOldProof() (gas: 550597)
[PASS] testCanonicalInboxMessageMatchesScopedReceiptAndEnvelope() (gas: 253630)
[PASS] testConstructorAcceptsMaximumSupportedScalarBounds() (gas: 1083462)
[PASS] testConstructorRejectsInvalidScopeAndEconomicBounds() (gas: 657942)
[PASS] testDisabledUntilCanonicalReadyAndActivationCannotRepeat() (gas: 289900)
[PASS] testEachExitReceiptWordIsAuthenticatedAndFailureRollsBack() (gas: 468805)
[PASS] testEveryReadyWordIsAuthenticatedByCanonicalOutbox() (gas: 284438)
[PASS] testInboxFailureRollsBackNonceReceiptValueAndTotal() (gas: 1457603)
[PASS] testInvalidBridgeAndChangedChainReject() (gas: 254188)
[PASS] testMinMaxSecretAndActiveReceiptBounds() (gas: 404732)
[PASS] testNonceOverflowFailsClosed() (gas: 1243179)
[PASS] testRefundReentrancyBlockedAndEffectsPrecedeCallback() (gas: 709077)
[PASS] testRejectUnsolicitedEtherAndKeepForcedSurplusSeparate() (gas: 352332)
[PASS] testRejectedRefundRollsBackCanonicalConsumptionThenRetrySucceeds() (gas: 746831)
[PASS] testWrongReadyEnvelopeAndMerkleProofReject() (gas: 261062)
Suite result: ok. 16 passed; 0 failed; 0 skipped; finished in 7.00ms (6.14ms CPU time)

Ran 6 tests for test/PortalReentrancy.t.sol:PortalReentrancyTest
[PASS] testInboxDepositRejectsAllReentrantEntrypointsAfterEffects() (gas: 315139)
[PASS] testOutboxActivationRejectsAllReentrantEntrypoints() (gas: 122513)
[PASS] testOutboxWithdrawalRejectsAllReentrantEntrypointsAfterReceiptCleared() (gas: 332660)
[PASS] testRejectingInboxRollsBackReceiptNonceValueAndCanRetry() (gas: 459274)
[PASS] testRejectingOutboxRollsBackActivationAndCanRetry() (gas: 205665)
[PASS] testRejectingOutboxRollsBackWithdrawalAndCanRetry() (gas: 340396)
Suite result: ok. 6 passed; 0 failed; 0 skipped; finished in 6.99ms (3.30ms CPU time)

Ran 3 tests for test/PortalArtifactRegression.t.sol:PortalKnownBadFixtureTest
[PASS] testKnownBadFixtureAcceptsDepositBelowConfiguredMinimum() (gas: 2103324)
[PASS] testKnownBadFixtureLeavesAggregateAfterRefund() (gas: 2181674)
[PASS] testKnownBadFixtureRejectedByProductionArtifactGuard() (gas: 1191837)
Suite result: ok. 3 passed; 0 failed; 0 skipped; finished in 9.41ms (15.71ms CPU time)

Ran 3 tests for test/PortalArtifactRegression.t.sol:PortalGeneratedArtifactTest
[PASS] testConfiguredMinimumRejectsBelowAndAcceptsExact() (gas: 6199505)
[PASS] testRedepositDoesNotDoubleCountWithdrawnFunds() (gas: 6237943)
[PASS] testWithdrawalClearsIndividualAndReducesAggregateLiabilities() (gas: 6266750)
Suite result: ok. 3 passed; 0 failed; 0 skipped; finished in 14.89ms (31.68ms CPU time)

Ran 2 tests for test/PortalConservation.t.sol:PortalConservationTest
[PASS] testFuzzBoundedMultiuserConservation(uint256) (runs: 32, μ: 1741013, ~: 1765103)
[PASS] testOriginalStaleAggregateRegressionAcrossRedeposit() (gas: 738277)
Suite result: ok. 2 passed; 0 failed; 0 skipped; finished in 58.55ms (55.04ms CPU time)

Ran 7 test suites in 65.53ms (108.74ms CPU time): 37 tests passed, 0 failed, 0 skipped (37 total tests)
