Compiling 2 files with Solc 0.8.27
Solc 0.8.27 finished in 2.21s
Compiler run successful with warnings:
Warning (5159): "selfdestruct" has been deprecated. Note that, starting from the Cancun hard fork, the underlying opcode no longer deletes the code and data associated with an account and only transfers its Ether to the beneficiary, unless executed in the same transaction in which the contract was created (see EIP-6780). Any use in newly deployed contracts is strongly discouraged even if the new behavior is taken into account. Future changes to the EVM might further reduce the functionality of the opcode.
  --> test/PortalV1.t.sol:71:76:
   |
71 | contract ForceSurplus { constructor(address payable destination) payable { selfdestruct(destination); } }
   |                                                                            ^^^^^^^^^^^^


Ran 3 tests for test/PortalArtifactRegression.t.sol:PortalSourceControlTest
[PASS] testConfiguredMinimumRejectsBelowAndAcceptsExact() (gas: 1464702)
[PASS] testRedepositDoesNotDoubleCountWithdrawnFunds() (gas: 1507557)
[PASS] testWithdrawalClearsIndividualAndReducesAggregateLiabilities() (gas: 1536209)
Suite result: ok. 3 passed; 0 failed; 0 skipped; finished in 9.25ms (9.23ms CPU time)

Ran 16 tests for test/PortalV1.t.sol:PortalV1Test
[PASS] testBridgeActorsArePinnedDespiteRollupGetterChanges() (gas: 405002)
[PASS] testCanonicalExitRefundAndRedepositRejectOldProof() (gas: 550597)
[PASS] testCanonicalInboxMessageMatchesScopedReceiptAndEnvelope() (gas: 253630)
[PASS] testConstructorAcceptsMaximumSupportedScalarBounds() (gas: 1083462)
[PASS] testConstructorRejectsInvalidScopeAndEconomicBounds() (gas: 657942)
[PASS] testDisabledUntilCanonicalReadyAndActivationCannotRepeat() (gas: 289900)
[PASS] testEachExitReceiptWordIsAuthenticatedAndFailureRollsBack() (gas: 468805)
[PASS] testEveryReadyWordIsAuthenticatedByCanonicalOutbox() (gas: 284438)
[PASS] testInboxFailureRollsBackNonceReceiptValueAndTotal() (gas: 1457603)
[PASS] testInvalidBridgeAndChangedChainReject() (gas: 254188)
[PASS] testMinMaxSecretAndActiveReceiptBounds() (gas: 404732)
[PASS] testNonceOverflowFailsClosed() (gas: 1243179)
[PASS] testRefundReentrancyBlockedAndEffectsPrecedeCallback() (gas: 709077)
[PASS] testRejectUnsolicitedEtherAndKeepForcedSurplusSeparate() (gas: 352332)
[PASS] testRejectedRefundRollsBackCanonicalConsumptionThenRetrySucceeds() (gas: 746831)
[PASS] testWrongReadyEnvelopeAndMerkleProofReject() (gas: 261062)
Suite result: ok. 16 passed; 0 failed; 0 skipped; finished in 10.37ms (10.69ms CPU time)

Ran 4 tests for test/PortalCodecVectors.t.sol:PortalCodecVectorsTest
[PASS] test_claim() (gas: 1639)
[PASS] test_claim_boundary() (gas: 1617)
[PASS] test_exit() (gas: 1586)
[PASS] test_ready() (gas: 1548)
Suite result: ok. 4 passed; 0 failed; 0 skipped; finished in 12.29ms (6.92ms CPU time)

Ran 3 tests for test/PortalArtifactRegression.t.sol:PortalKnownBadFixtureTest
[PASS] testKnownBadFixtureAcceptsDepositBelowConfiguredMinimum() (gas: 2103324)
[PASS] testKnownBadFixtureLeavesAggregateAfterRefund() (gas: 2181674)
[PASS] testKnownBadFixtureRejectedByProductionArtifactGuard() (gas: 1191837)
Suite result: ok. 3 passed; 0 failed; 0 skipped; finished in 12.28ms (20.75ms CPU time)

Ran 6 tests for test/PortalReentrancy.t.sol:PortalReentrancyTest
[PASS] testInboxDepositRejectsAllReentrantEntrypointsAfterEffects() (gas: 315139)
[PASS] testOutboxActivationRejectsAllReentrantEntrypoints() (gas: 122513)
[PASS] testOutboxWithdrawalRejectsAllReentrantEntrypointsAfterReceiptCleared() (gas: 332660)
[PASS] testRejectingInboxRollsBackReceiptNonceValueAndCanRetry() (gas: 459274)
[PASS] testRejectingOutboxRollsBackActivationAndCanRetry() (gas: 205665)
[PASS] testRejectingOutboxRollsBackWithdrawalAndCanRetry() (gas: 340396)
Suite result: ok. 6 passed; 0 failed; 0 skipped; finished in 20.61ms (6.22ms CPU time)

Ran 3 tests for test/PortalArtifactRegression.t.sol:PortalGeneratedArtifactTest
[PASS] testConfiguredMinimumRejectsBelowAndAcceptsExact() (gas: 6199505)
[PASS] testRedepositDoesNotDoubleCountWithdrawnFunds() (gas: 6237943)
[PASS] testWithdrawalClearsIndividualAndReducesAggregateLiabilities() (gas: 6266750)
Suite result: ok. 3 passed; 0 failed; 0 skipped; finished in 24.48ms (57.89ms CPU time)

Ran 2 tests for test/PortalConservation.t.sol:PortalConservationTest
[PASS] testFuzzBoundedMultiuserConservation(uint256) (runs: 32, μ: 1763509, ~: 1755905)
[PASS] testOriginalStaleAggregateRegressionAcrossRedeposit() (gas: 738277)
Suite result: ok. 2 passed; 0 failed; 0 skipped; finished in 73.72ms (70.15ms CPU time)

Ran 7 test suites in 79.65ms (163.01ms CPU time): 37 tests passed, 0 failed, 0 skipped (37 total tests)
