✔ interface hides SDK objects and owns acknowledgements and withdrawal state (11.70275ms)
✔ failed operations do not acknowledge a new transaction (1.7025ms)
✔ public feed remains readable after wallet disconnect (0.847542ms)
✔ reads expose deposit values and chain time without a node or contract (0.852084ms)
✔ account and application modules do not read DOM; transaction pages do not use private handles (2.753791ms)
✔ public JSDoc interfaces typecheck with the lockfile compiler (1198.882292ms)
✔ an operation completed after a configuration change cannot acknowledge its result (1.693959ms)
✔ deployment settings export uses the captured manifest, never a later edited one (1.362542ms)
✔ funding completes zero_balance_need_deposit without a second UI action (1.487708ms)
✔ funding completes deposited_l1_not_claimed_l2 without a second UI action (0.942125ms)
✔ funding completes postable without a second UI action (0.795542ms)
✔ duplicate funding requests share one operation and a failed claim never sends another deposit (1.040416ms)
✔ configuration change after payment stops automatic continuation (0.740084ms)
✔ progress callback cannot switch the board before claim starts (0.785584ms)
✔ progress subscribers cannot interrupt transactions or receive private inputs (1.128833ms)
✔ a proving preference change only affects a future operation (1.558583ms)
✔ another workflow cannot break ownership of an active onboarding operation (1.335916ms)
✔ message validation rejects oversized UTF-8 before reaching the engine (0.735584ms)
✔ a board without a remote endpoint reports the actual local mode (0.8955ms)
✔ operation receipts whitelist public results and preserve the failed phase (1.119709ms)
✔ fee funding application sequence: fresh (1.348458ms)
✔ fee funding application sequence: consumed (0.926375ms)
✔ fee funding application sequence: pending (1.021125ms)
✔ fee funding application sequence: resume-missing (0.971583ms)
✔ Activity acknowledges only canonical outcomes from its journal interface (2.034625ms)
✔ explicit onboarding Resume recovers its fee scope and original reviewed deposit amount (1.09ms)
✔ guided deployment prepares a validated, scoped manifest without sending transactions (3.436166ms)
✔ moderator recovery review is invalidated by a newer review or configuration change (1.389666ms)
✔ withdrawal keeps one owner across settlement and passes the reviewed fee budget (1.758667ms)
✔ pausing settlement preserves the withdrawal and never requests another refund (1.343709ms)
✔ gas quote estimates the selected deposit without signing and disposes stale reads (5.866792ms)
✔ standalone fee balance uses a read operation without replacing completed progress (0.887166ms)
✔ Ethereum refund recovery returns its verified receipt without restarting onboarding (0.873792ms)
✔ top-up retains ownership through balance refresh and cannot start a second payment (0.908708ms)
✔ balance unavailability does not reclassify a confirmed top-up as failed (0.689375ms)
✔ author balance read normalizes the raw contract ABI at the SDK boundary (20.64625ms)
✔ resuming an already confirmed post preserves its public identity and actual fee (1.021291ms)
✔ failure before a new proof cannot silently recover an older confirmed post instead (1.060833ms)
✔ deployment records survive continuation without crossing manifests: active (0.966583ms)
✔ deployment records survive continuation without crossing manifests: pending-settlement (0.612125ms)
✔ a freshly reviewed deployment can replace damaged public deployment settings (0.582167ms)
✔ restored settlement gives priority to an uncertain Ethereum refund (0.832084ms)
✔ portable error observer preserves formatter behavior and exports only bounded safe fields (17.8215ms)
✔ common formatter captures fee-page coordinates and preserves its result (2.392792ms)
✔ plain RPC cause exports only numeric code (0.271292ms)
✔ diagnostic observer never exports raw messages, RPC data or unknown codes (2.882417ms)
✔ diagnostic observer only retains approved same-origin source locations and fixed categories (1.307708ms)
▶ local Ethereum receipt accounting and controlled mining
  ✔ capped EIP-1559 receipt fee equals actual balance debit (213.028458ms)
✔ local Ethereum receipt accounting and controlled mining (6999.837375ms)
✔ mined-clock synchronization prevents accumulated drift across a long proof batch (21.17ms)
✔ normal author calls carry only private payment method and bootstrap claim is consumed once (5.555042ms)
✔ unknown submission is preserved without retry and private errors are redacted (5.1935ms)
✔ missing private fee configuration fails before account work for every private action (3.012833ms)
✔ actual wallet preserves a fixed fee budget and account scope/tag (102.432583ms)
✔ actual main claim uses standard author call with private fee payment (27.272042ms)
✔ actual main post uses standard author call with private fee payment (7.62075ms)
✔ actual main post dummy uses standard author call with private fee payment (11.990958ms)
✔ actual main withdraw uses standard author call with private fee payment (3.381541ms)
✔ moderator calls use their normal account with private fee payment (2.535375ms)
✔ inherited object names never select an application method (0.746959ms)
✔ actual main private post works with no Ethereum signer (2.254917ms)
✔ actual main fails before PXE when RPC identity changed after CLI preflight (1.648166ms)
✔ settlement pending returns after one witness lookup, without ninety-minute polling (3.279375ms)
✔ witness RPC failure remains unknown, never a false unclaimed or paid result (1.949458ms)
✔ consumed/error text is not evidence of a refund: false (4.776666ms)
✔ consumed/error text is not evidence of a refund: true (1.91ms)
✔ actual main refuses a private send when durable journal is unavailable (1.259958ms)
✔ actual main recovery avoids proving and Ethereum signing and reports revert distinctly (3.677709ms)
✔ Ethereum recovery handles already refunded receipts before checking active deposit (5.442166ms)
✔ actual moderator declare-immoral uses the active wallet's durable journal (3.950209ms)
✔ actual moderator declare-immoral refuses an unresolved previous transaction before preparing a fee (1.350417ms)
✔ actual moderator set-moderation-policy uses the active wallet's durable journal (6.262667ms)
✔ actual moderator set-moderation-policy refuses an unresolved previous transaction before preparing a fee (2.11ms)
✔ actual moderator transfer-censor uses the active wallet's durable journal (1.9345ms)
✔ actual moderator transfer-censor refuses an unresolved previous transaction before preparing a fee (2.971666ms)
✔ moderator wallet cannot bypass journal ownership by supplying a second key (2.128791ms)
✔ moderator recovery success distinguishes an already completed identical transfer from a failed one (1.924417ms)
✔ moderator recovery reverted distinguishes an already completed identical transfer from a failed one (3.250292ms)
✔ moderator recovery with unknown outcome cannot prepare another private fee payment (2.747958ms)
✔ actual recovery dispatcher restores the saved message and nonce before requesting a fresh post proof (4.14075ms)
✔ already published stable identity blocks a replacement before fee preparation (2.110042ms)
✔ recovery cannot silently regenerate a dummy operation (1.336875ms)
✔ recovery cannot silently regenerate a withdraw operation (1.423792ms)
✔ recovery cannot silently regenerate a claim operation (2.668709ms)
✔ claim  records its own operation rather than stale real-post metadata (19.225292ms)
✔ post dummy records its own operation rather than stale real-post metadata (2.500167ms)
✔ withdraw  records its own operation rather than stale real-post metadata (1.70725ms)
✔ missing withdrawal note never proves success when history contains no exit (1.402166ms)
✔ missing withdrawal note never proves success when history is unavailable (1.282875ms)
✔ missing withdrawal note requires saved transaction recovery even if matching exit content exists (2.43375ms)
✔ missing withdrawal note cannot recover a reverted exit (1.561875ms)
✔ an exit for another selected deposit cannot complete withdrawal (4.36775ms)
✔ withdrawal recovery without original claim custody cannot guess deposit ownership (2.933084ms)
✔ missing withdrawal note rejects without scanning history or looking up a claim secret (1.876375ms)
✔ saved dummy requires the same source screening sequence (unchanged) (2.29875ms)
✔ saved dummy requires the same source screening sequence (changed) (1.858917ms)
✔ saved withdraw requires the same source screening sequence (unchanged) (1.924167ms)
✔ saved withdraw requires the same source screening sequence (changed) (1.538875ms)
✔ actual wallet passes attributed application spend to the durable journal before submission (253.409709ms)
✔ successful retried screening releases its step guard before the following withdrawal (4.383333ms)
✔ stale claim restores exact original receipt and claim identity without depositing again (3.27025ms)
✔ stale claim rejects changed messageKey before another fee payment (1.427708ms)
✔ stale claim rejects changed amount before another fee payment (1.125167ms)
✔ stale claim rejects changed leafIndex before another fee payment (1.7875ms)
✔ stale claim rejects changed depositChain before another fee payment (1.614667ms)
✔ stale claim rejects changed secretHash before another fee payment (1.38225ms)
✔ stale claim rejects changed depositor before another fee payment (1.142084ms)
✔ an existing note is not confirmation of an unresolved saved claim transaction (2.119125ms)
✔ failed claim does not enter the former thirty-attempt loop (3.29975ms)
✔ saved claim rejects a replaced active deposit before proving (1.61425ms)
✔ saved claim rejects a block changed during metadata retrieval (1.152208ms)
✔ saved claim metadata timeout cannot prepare fees or proofs (22.709917ms)
✔ explicit recovery restores exact saved transfer-censor arguments (2.614875ms)
✔ explicit recovery restores exact saved set-moderation-policy arguments (2.621792ms)
✔ explicit recovery restores exact saved declare-immoral arguments (2.859834ms)
✔ daemon stale transaction reconciliation regenerates the same job (2.669042ms)
✔ daemon stale transaction reconciliation rejects another job (2.224541ms)
✔ saved moderator request cannot spend fees after authority transfers away (2.226791ms)
✔ real preparer failures stop every routed action before proof/send/funding and preserve bootstrap input (220.511042ms)
✔ actual claim readiness rejects absent, failed and wrong-index membership before fees or submission (10.844042ms)
✔ actual claim waits for delayed exact receipt key then prepares fees and submits once (5.033042ms)
✔ node failures are surfaced after one request, before private fee work (0.952916ms)
✔ contract registration failures are surfaced after one attempt (1.237458ms)
✔ cached wallet sync failure stops the next operation before fee preparation (1.854208ms)
✔ simulation failure is not retried and cannot start proving (0.481584ms)
✔ list rejects failed get_censor instead of inventing configuration (1.223417ms)
✔ list rejects failed get_k_multiplier instead of inventing configuration (0.966333ms)
✔ list rejects failed get_censor_window instead of inventing configuration (0.991916ms)
✔ list rejects failed get_max_save_up instead of inventing configuration (0.818417ms)
✔ failed board lookup is not classified as an absent deployment (0.678083ms)
✔ failed portal binding read prevents application actions (0.909ms)
✔ automatic screening propagates a failed state refresh without another attempt (2.155208ms)
✔ list cannot report an unreadable flag as an unflagged post (2.047791ms)
✔ bare reuse cannot turn recovery into a new deposit (0.844375ms)
✔ confirmed claim with failed sync reports confirmation and prevents further actions (3.651ms)
✔ post reads time from the pinned RPC BlockResponse schema (4.125792ms)
✔ automatic screening rechecks chain cooldown (advancing=true) (4.3005ms)
✔ automatic screening rechecks chain cooldown (advancing=false) (26.135ms)
✔ accepted claim survives engine restart and changed UI intent through the real encrypted journal (372.654417ms)
✔ accepted dummy survives engine restart and changed UI intent through the real encrypted journal (358.377834ms)
✔ confirmed claim with missing delivered note reports synchronization pending without resubmission (3.319166ms)
✔ actual wallet rejects total-da before proving or submitting (0.753375ms)
✔ actual wallet rejects total-l2 before proving or submitting (0.411625ms)
✔ actual wallet rejects teardown-da before proving or submitting (0.359ms)
✔ actual wallet rejects teardown-l2 before proving or submitting (0.331417ms)
✔ actual wallet rejects missing-public before proving or submitting (0.327833ms)
✔ actual wallet rejects revert before proving or submitting (0.340917ms)
✔ entirely private simulation needs no public output and still checks gas before proof (0.558041ms)
✔ recovered withdrawal survives status without Ethereum signer and after reconnect (1.858ms)
✔ zero portal balance preserves the exact withdrawal until verified refund recovery (1.334583ms)
✔ Ethereum refund recovery binds the saved L2 withdrawal: matching (2.11025ms)
✔ Ethereum refund recovery binds the saved L2 withdrawal: older-refund (2.215375ms)
✔ Ethereum refund recovery binds the saved L2 withdrawal: missing-witness (1.253708ms)
✔ Ethereum refund recovery binds the saved L2 withdrawal: rpc-error (1.185875ms)
✔ fee preparation preserves only the recognized low-cap diagnostic (0.572375ms)
✔ fixed fee reservation is revalidated: revert stops before proof (0.622791ms)
✔ fixed fee reservation is revalidated: gas-change stops before proof (0.40075ms)
✔ claim retrieves active metadata after reload without receipts or log scans (2.931584ms)
✔ fee readiness preserves only safe classification: PRIVATE_FEE_BALANCE_INSUFFICIENT (0.742916ms)
✔ fee readiness preserves only safe classification: PRIVATE_FEE_CLAIM_INSUFFICIENT (0.413375ms)
✔ fee readiness preserves only safe classification: UNTRUSTED (0.394042ms)
✔ public claim failures keep useful safe classifications across repeated formatting (1.076333ms)
✔ new Ethereum deposit checks fee readiness before secret storage or payment: false (1.487916ms)
✔ new Ethereum deposit checks fee readiness before secret storage or payment: true (1.382833ms)
✔ automatic fee funding reaches board claim with recovered=false (3.523458ms)
✔ automatic fee funding reaches board claim with recovered=true (2.883083ms)
✔ withdrawal preparation cannot start a proof beyond the reviewed step budget (1.326875ms)
✔ withdrawal stops spending when screening does not advance (1.145ms)
✔ withdrawal waits through the actual moderation deadline before any proof (2.5125ms)
✔ reviewed moderator recovery: confirmed (2.209458ms)
✔ reviewed moderator recovery: stale (1.552875ms)
✔ reviewed moderator recovery: approved (2.2185ms)
✔ reviewed moderator recovery: changed (1.596459ms)
✔ post returns its public message identity and actual fee to the application (1.18675ms)
✔ read-only startup withdrawal reconciliation: current (1.172083ms)
✔ read-only startup withdrawal reconciliation: old-cycle (1.276041ms)
✔ read-only startup withdrawal reconciliation: pending (0.918583ms)
✔ read-only startup withdrawal reconciliation: reverted (0.927791ms)
✔ read-only startup withdrawal reconciliation: malformed (0.698042ms)
✔ explicit invalid board link: garbage (7.77225ms)
✔ explicit invalid board link: https://board.test/user.html (2.273333ms)
✔ explicit invalid board link: javascript:alert(1) (0.731625ms)
✔ explicit invalid board link: https://board.test/#bad (0.78475ms)
✔ unsupported network is different from an invalid link (2.349125ms)
✔ canonical explicit link and ordinary default both resolve the hosted board (0.710208ms)
✔ permanent incompatibility and temporary connectivity expose different next actions (0.434916ms)
✔ invalid explicit moderator link never inherits saved board or initializes wallet (3.68175ms)
✔ moderator without incoming link retains custom-network saved configuration (0.7475ms)
✔ late moderator resolution cannot replace explicitly selected board: false (2.503834ms)
✔ late moderator resolution cannot replace explicitly selected board: true (3.501334ms)
✔ explicit moderator reload preserves selected custom network without hosted fallback (1.903625ms)
✔ navigation config from a different board never overrides an explicit incoming link (0.698916ms)
✔ changing board during session termination cannot reload an obsolete selection (0.567333ms)
✔ explicitly clearing selected board removes its navigation state before reload (0.876ms)
✔ credit below board ceiling funds a real-priced measured reservation (70.663459ms)
✔ allocation respects both priced dimensions [object Object] (3.099875ms)
✔ allocation respects both priced dimensions [object Object] (3.577ms)
✔ allocation respects both priced dimensions [object Object] (2.237042ms)
✔ only exact expected refund OOG is accepted as the zero-teardown probe (1.69425ms)
✔ an application shortage grows the probe and never returns its incomplete gas as a quote (2.076833ms)
✔ search exhaustion is distinct from insufficient balance and cannot send (2.577542ms)
✔ fragmentation cannot silently trigger another funding payment (1.521792ms)
✔ setup throws and final failures stop before any proof or submission (3.847833ms)
✔ context changes stop measurement before simulation (1.647333ms)
✔ cold claim retains bridge witness and application payload (5.644ms)
✔ SDK adapter sends zero-priced private measurement only to local PXE, with account scopes (0.470458ms)
✔ SDK adapter retains native public revert gas while strict wallet validation still rejects it (0.413791ms)
✔ native refund out-of-gas spelling is measured, never accepted as a final result (2.840292ms)
✔ refund probe cannot accept wrong-selector native out-of-gas (1.557042ms)
✔ refund probe cannot accept nested native out-of-gas (1.453875ms)
✔ operator ceilings above node limits do not reject a small measured transaction (1.397375ms)
✔ reverted final simulation without optional reason cannot be accepted (3.8105ms)
✔ cold setup out-of-gas fails closed rather than disguising rejection as funding shortage (0.861042ms)
✔ actual wallet preserves the measured proof budget and refuses late reasonless reverts: false (23.458708ms)
✔ actual wallet preserves the measured proof budget and refuses late reasonless reverts: true (4.419375ms)
✔ full Field salt reaches derivation without placing keys in DOM (14.439208ms)
✔ failed derivation does not activate or overwrite secret fields (1.199166ms)
✔ malformed import event emits bounded diagnostics and clears selection (3.494541ms)
✔ signature generation and silent wallet replacement are unavailable (1.163208ms)
✔ final network mismatch prevents activating a signer (1.09425ms)
✔ callback failure invalidates activated session without logging callback diagnostics (0.668959ms)
✔ initial account authorization event permits the matching browser signer (22.76025ms)
✔ preactivation notification does not override final account: different account (1.253167ms)
✔ preactivation notification does not override final account: empty authorization (1.136542ms)
✔ preactivation notification does not override final account: malformed authorization (1.355125ms)
✔ final account read rejects a replacement even without an event (1.015833ms)
✔ same-account notification after connection is not a replacement (1.737125ms)
✔ disconnect during authorization prevents activating a signer (0.932209ms)
✔ transient selection events before activation are reconciled with final provider reads (0.714375ms)
✔ repeated matching authorization notifications permit connection (0.624959ms)
✔ new account requires explicit passkey creation and saves no secret (1.581875ms)
✔ saved metadata unlocks the exact passkey instead of creating (14.742083ms)
✔ cancelled passkey or changed Ethereum context never activates an account (16.108583ms)
✔ invalid saved account null cannot create a replacement (11.708166ms)
✔ invalid saved account false cannot create a replacement (8.945834ms)
✔ invalid saved account 0 cannot create a replacement (4.820083ms)
✔ invalid saved account "" cannot create a replacement (0.769ms)
✔ invalid saved account [] cannot create a replacement (0.653ms)
✔ invalid saved account {} cannot create a replacement (0.58ms)
✔ corrupt metadata fails closed, explicit import repairs it (2.414042ms)
✔ absent browser wallet returns an actionable code without opening an account (1.947708ms)
✔ the selected provider owns signing and event invalidation, not the global (9.17675ms)
✔ requested network switch is accepted but unexpected network changes still invalidate (2.495666ms)
✔ rejecting a network switch leaves the session disconnected (0.698375ms)
✔ events from a previously rejected wallet cannot invalidate the newly selected wallet (4.333625ms)
✔ selected wallet identity is shown with its exact authorized account (10.985917ms)
✔ disconnect immediately clears connected status and shows reconnect guidance (1.29175ms)
✔ accountsChanged immediately clears connected status and shows reconnect guidance (0.68275ms)
✔ chainChanged immediately clears connected status and shows reconnect guidance (1.013875ms)
✔ explicit invalidation notifies consumers, including outside wallet events (1.697875ms)
✔ explicit account selection requests fresh permission before activating a signer (1.138208ms)
✔ rejected account selection cannot silently reuse a previously authorized account (3.370875ms)
✔ after passkey cancellation a new connection still requests account selection (2.205042ms)
✔ permission selection can replace an older origin grant before signer activation (1.211709ms)
✔ permission dialog may clear and replace accounts and announce its network before activation (2.173791ms)
✔ disconnect while choosing an account still prevents activating a signer (1.296583ms)
✔ final account validation reads the transport rather than a cached provider result (1.141833ms)
✔ preactivation disconnect followed by reconnect permits a validated session (1.209917ms)
✔ same-chain announcements after activation preserve the session; a changed chain invalidates it (1.571417ms)
✔ existing account choice authenticates instead of creating when browser metadata is missing (1.228708ms)
✔ active application work prevents lock and passkey replacement (2.230042ms)
✔ a throwing rendering listener cannot leave custody busy (2.539333ms)
✔ damaged metadata is typed and the public formatter gives an explicit recovery action (3.679209ms)
✔ invalid raw wallet fields and mismatched address have actionable import errors (1.668333ms)
✔ explicit passkey import cannot replace an active wallet or its saved metadata (0.910917ms)
✔ passkey UI safely reports BB_PASSKEY_UNSUPPORTED (1.90675ms)
✔ passkey UI safely reports BB_PASSKEY_PRF_UNSUPPORTED (1.683959ms)
✔ passkey UI safely reports UNRECOGNIZED (1.012584ms)
✔ lost binding response resumes from encrypted transaction without supplied hash or another binding (143.95125ms)
✔ lost board deployment response resumes original transaction and deploys the board only once (46.02125ms)
✔ unresolved saved binding cannot start another transaction or falsely complete setup (51.9445ms)
✔ missing journal fails closed before any deployment signature and closes PXE (3.791459ms)
✔ definitively stale deploy proof regenerates only the same deployment operation (133.981333ms)
✔ definitively stale binding proof regenerates only the same deployment operation (74.841083ms)
✔ stale binding cannot silently accept another binding that appeared meanwhile (33.582125ms)
✔ stale binding cannot redeploy a missing original Ethereum portal (49.180959ms)
✔ stale board deployment cannot silently accept a board that appeared meanwhile (28.497417ms)
✔ deployment preflight rejects missing manifest before any transaction (2.743417ms)
✔ deployment preflight rejects Aztec actor before any transaction (3.833792ms)
✔ deployment preflight rejects Ethereum actor before any transaction (3.783125ms)
✔ deployment preflight rejects chain before any transaction (5.563958ms)
✔ deployment preflight rejects bridge before any transaction (2.634166ms)
✔ deployment preflight rejects artifact before any transaction (1.5805ms)
✔ existing deployment rejects runtime mismatch before binding (30.980916ms)
✔ existing deployment rejects inbox mismatch before binding (35.410875ms)
✔ existing deployment rejects outbox mismatch before binding (44.465542ms)
✔ existing deployment rejects policy mismatch before binding (7.123292ms)
✔ existing deployment rejects censor mismatch before binding (7.6575ms)
✔ owned preflight provider is disposed even before wallet/PXE startup (2.620208ms)
✔ external browser provider is not disposed (20.39525ms)
✔ deployed originalContractClassId mismatch blocks binding (16.50575ms)
✔ deployed currentContractClassId mismatch blocks binding (5.493458ms)
✔ critical is_portal_set read is bounded (24.497708ms)
✔ critical get_config_hash read is bounded (27.839ms)
✔ critical get_portal read is bounded (31.717959ms)
✔ malformed portal binding boolean null fails closed (12.183ms)
✔ malformed portal binding boolean undefined fails closed (15.273084ms)
✔ malformed portal binding boolean 0 fails closed (19.722375ms)
✔ malformed portal binding boolean "false" fails closed (9.4455ms)
✔ malformed portal binding boolean {} fails closed (4.726375ms)
✔ preactivation deposit state is bounded and malformed value fails (65.145541ms)
✔ deployment initialization exposes typed preparation and synchronization progress (24.625792ms)
✔ password encryption roundtrips full salt and scoped claims without exposing plaintext (408.853917ms)
✔ wrong passwords, ciphertext edits and parameter edits fail closed (392.885041ms)
✔ optional wallet/network isolation rejects mismatch while all-network backup preserves scopes (2.912459ms)
✔ wallet parsing preserves large salt and rejects unsafe numeric or field overflow (0.878875ms)
✔ claim export selects this wallet and roundtrips all original network scopes offline (32.716541ms)
✔ bulk restore is idempotent and conflicting records cannot partially restore (9.981416ms)
✔ different wallet accounts can hold the same scope independently (26.422459ms)
✔ a concurrent custody change aborts the entire write transaction (16.313667ms)
✔ pinned Aztec commitment validation rejects poisoning before custody writes (381.89625ms)
ℹ tests 311
ℹ suites 0
ℹ pass 311
ℹ fail 0
ℹ cancelled 0
ℹ skipped 0
ℹ todo 0
ℹ duration_ms 8294.943958
