✔ large stable Field identity is preserved without Number conversion (0.798542ms)
✔ order parsing rejects truncation and unsafe integer aliases (0.163917ms)
✔ message byte length and canonical padding round trip multi-byte text (1.480834ms)
✔ moderation resolves displayed order once and thereafter carries only identity (0.465042ms)
✔ unknown identity and unsafe order stop before signing (0.155292ms)
✔ state conflict causes refresh and a new attempt, never resubmission of old proof (0.216541ms)
✔ uncertain submission never triggers automatic new proof or resend (0.162708ms)
✔ exact already-known transaction is reconciled without resending (0.078791ms)
✔ failed, proposed, dropped and mismatched receipts never report success (0.108792ms)
✔ queued drop requires structured pinned conflict validation before fresh proof (0.283917ms)
✔ state refresh has a bounded retry budget (0.097084ms)
✔ receipt becoming included during revalidation prevents fresh proof (0.065375ms)
✔ dummy retries reject ambiguous spent-right conflicts and allow only invalid anchor refresh (0.115125ms)
✔ outer post retry cannot override an inner dummy spent-right refusal (0.105ms)
✔ auto screening propagates unresolved transaction outcomes and retains a timing wait control (0.106416ms)
✔ nested dummy anchor recovery retains one two-refresh budget (0.093459ms)
✔ seven-field reasons enforce byte length, UTF-8 and exact padding (1.865083ms)
✔ flag carries immutable post policy and rejects a mismatched reviewed version (0.344042ms)
ℹ tests 18
ℹ suites 0
ℹ pass 18
ℹ fail 0
ℹ cancelled 0
ℹ skipped 0
ℹ todo 0
ℹ duration_ms 222.270459
