✔ large stable Field identity is preserved without Number conversion (0.572458ms)
✔ order parsing rejects truncation and unsafe integer aliases (0.181833ms)
✔ message byte length and canonical padding round trip multi-byte text (1.621333ms)
✔ moderation resolves displayed order once and thereafter carries only identity (0.514958ms)
✔ unknown identity and unsafe order stop before signing (0.176375ms)
✔ state conflict causes refresh and a new attempt, never resubmission of old proof (0.264875ms)
✔ uncertain submission never triggers automatic new proof or resend (0.4165ms)
✔ exact already-known transaction is reconciled without resending (0.155834ms)
✔ failed, proposed, dropped and mismatched receipts never report success (0.176541ms)
✔ queued drop requires structured pinned conflict validation before fresh proof (0.362625ms)
✔ state refresh has a bounded retry budget (0.1275ms)
✔ receipt becoming included during revalidation prevents fresh proof (0.080791ms)
✔ dummy retries reject ambiguous spent-right conflicts and allow only invalid anchor refresh (0.1595ms)
✔ outer post retry cannot override an inner dummy spent-right refusal (0.107375ms)
✔ auto screening propagates unresolved transaction outcomes and retains a timing wait control (0.134417ms)
✔ nested dummy anchor recovery retains one two-refresh budget (0.1105ms)
✔ seven-field reasons enforce byte length, UTF-8 and exact padding (1.931584ms)
✔ flag carries immutable post policy and rejects a mismatched reviewed version (0.413292ms)
ℹ tests 18
ℹ suites 0
ℹ pass 18
ℹ fail 0
ℹ cancelled 0
ℹ skipped 0
ℹ todo 0
ℹ duration_ms 212.281709
