✔ large stable Field identity is preserved without Number conversion (0.612375ms)
✔ order parsing rejects truncation and unsafe integer aliases (0.1495ms)
✔ message byte length and canonical padding round trip multi-byte text (1.458792ms)
✔ moderation resolves displayed order once and thereafter carries only identity (0.861625ms)
✔ unknown identity and unsafe order stop before signing (0.195959ms)
✔ state conflict causes refresh and a new attempt, never resubmission of old proof (0.252292ms)
✔ uncertain submission never triggers automatic new proof or resend (0.40375ms)
✔ exact already-known transaction is reconciled without resending (0.156792ms)
✔ failed, proposed, dropped and mismatched receipts never report success (0.162125ms)
✔ queued drop requires structured pinned conflict validation before fresh proof (0.316292ms)
✔ state refresh has a bounded retry budget (0.1275ms)
✔ receipt becoming included during revalidation prevents fresh proof (0.075875ms)
✔ dummy retries reject ambiguous spent-right conflicts and allow only invalid anchor refresh (0.133584ms)
✔ outer post retry cannot override an inner dummy spent-right refusal (0.111458ms)
✔ auto screening propagates unresolved transaction outcomes and retains a timing wait control (0.114625ms)
✔ nested dummy anchor recovery retains one two-refresh budget (0.095125ms)
✔ seven-field reasons enforce byte length, UTF-8 and exact padding (1.731625ms)
✔ flag carries immutable post policy and rejects a mismatched reviewed version (0.405375ms)
✔ policy content and version are read atomically without independent latest-state reads (0.126834ms)
✔ config: independent ABI encoding and actual SDK hash agree (4.740833ms)
✔ ready: independent ABI encoding and actual SDK hash agree (0.998792ms)
✔ claim: independent ABI encoding and actual SDK hash agree (0.456417ms)
✔ exit: independent ABI encoding and actual SDK hash agree (0.427958ms)
✔ claim-boundary: independent ABI encoding and actual SDK hash agree (0.358583ms)
✔ policy: independent ABI encoding and actual SDK hash agree (0.393583ms)
✔ policy-unicode: independent ABI encoding and actual SDK hash agree (0.340584ms)
✔ claim and exit domains prevent interchangeable commitments (0.688542ms)
✔ configuration computes before the portal exists and keeps the known commitment (2.587833ms)
✔ configuration rejects full portal scope and any extra or missing scope field (0.34825ms)
✔ pre-portal scope still validates canonical network integers and nonzero addresses (0.277834ms)
✔ service policy identity commits its exact content and deployed board (0.813041ms)
✔ encoding rejects ambiguous or out-of-range collateral/policy inputs (0.197583ms)
✔ feed positions retain actual SDK transaction and within-transaction log indexes (0.820125ms)
✔ feed cursors reject absent, ambiguous or out-of-range transaction ordering (0.231375ms)
✔ one fixture set agrees on post, historical policy, deadline and deployment scope (0.216708ms)
✔ cross-consumer envelope rejects changed l1ChainId (0.095833ms)
✔ cross-consumer envelope rejects changed rollupAddress (0.0535ms)
✔ cross-consumer envelope rejects changed rollupVersion (0.050625ms)
✔ cross-consumer envelope rejects changed boardAddress (0.055458ms)
✔ cross-consumer envelope rejects changed portalAddress (0.048167ms)
✔ public post cannot acquire private linking field depositChainId (0.060125ms)
✔ public post cannot acquire private linking field depositNonce (0.076708ms)
✔ public post cannot acquire private linking field depositor (0.062167ms)
✔ public post cannot acquire private linking field owner (0.034417ms)
✔ public post cannot acquire private linking field accountAddress (0.029959ms)
✔ publication order and independent post identity are separate (0.092792ms)
✔ wire numbers and identities are lossless and canonical (0.160917ms)
✔ UTF-8 limits reject excess bytes and malformed surrogate data (0.085625ms)
✔ job identity changes with policy/model revisions; a submitted job needs transaction evidence (0.120709ms)
✔ fixture dispositions preserve separate inclusion and execution outcomes (0.069834ms)
✔ actual SDK receipt classes cannot confirm dropped or reverted execution (0.109083ms)
✔ reviewed actor, policy and time bounds agree with the contract specification (0.164167ms)
ℹ tests 52
ℹ suites 0
ℹ pass 52
ℹ fail 0
ℹ cancelled 0
ℹ skipped 0
ℹ todo 0
ℹ duration_ms 368.056875
