✔ matching synthetic artifacts and recorded sources pass (9.017042ms)
✔ stale deploy Noir copy is rejected (6.527167ms)
✔ stale censor Noir copy is rejected (6.423208ms)
✔ missing verification key is rejected even when all consumer copies agree (6.957292ms)
✔ empty private function set is rejected even when all consumer copies agree (10.792792ms)
✔ only public functions is rejected even when all consumer copies agree (9.105791ms)
✔ untranspiled artifact is rejected even when all consumer copies agree (7.578875ms)
✔ truthy non-boolean transpilation marker is rejected even when all consumer copies agree (7.519791ms)
✔ stale portal bytecode is rejected: apps/src/billboard/portal_bytecode.txt (4.915333ms)
✔ stale portal bytecode is rejected: apps/src/billboard/deploy/portal_bytecode.txt (6.079584ms)
✔ portal source drift is rejected by embedded compiler provenance (5.88225ms)
✔ missing Solidity source provenance is rejected (6.093334ms)
✔ string-encoded Solidity metadata remains supported (6.258167ms)
✔ Noir source drift requires a rebuild (5.814084ms)
✔ Noir dependency declaration drift requires a rebuild (5.9885ms)
✔ root dependency lock drift requires a rebuild (5.531833ms)
✔ portal dependency lock drift requires a rebuild (5.762375ms)
✔ compiler configuration drift requires a rebuild (6.222083ms)
✔ toolchain pins drift requires a rebuild (6.224667ms)
✔ contract builder drift requires a rebuild (5.414167ms)
✔ Noir debug-path normalizer drift requires a rebuild (6.328917ms)
✔ Noir dependency verifier drift requires a rebuild (6.142292ms)
✔ Noir dependency pins drift requires a rebuild (5.918083ms)
✔ new Noir source omitted from the old manifest requires a rebuild (6.318125ms)
✔ contract manifest input hash tampering is rejected (6.198583ms)
✔ contract manifest noir hash tampering is rejected (5.451417ms)
✔ contract manifest portal hash tampering is rejected (5.803917ms)
✔ synchronized altered Noir artifacts still fail the recorded build hash (5.862125ms)
✔ synchronized altered portal bytecode still fails the recorded build hash (5.762042ms)
✔ privateFee key, extra route and stale content fail closed (7.057583ms)
✔ user generated page binds the canonical privateFee and isolated RPC credential (68.294916ms)
✔ censor generated page binds the canonical privateFee and isolated RPC credential (22.849833ms)
✔ deploy generated page binds the canonical privateFee and isolated RPC credential (25.345875ms)
✔ fee-juice generated page binds the canonical privateFee and isolated RPC credential (20.440417ms)
✔ large stable Field identity is preserved without Number conversion (0.627917ms)
✔ order parsing rejects truncation and unsafe integer aliases (0.157375ms)
✔ message byte length and canonical padding round trip multi-byte text (1.487542ms)
✔ moderation resolves displayed order once and thereafter carries only identity (0.493916ms)
✔ unknown identity and unsafe order stop before signing (0.161875ms)
✔ state conflict causes refresh and a new attempt, never resubmission of old proof (0.242875ms)
✔ uncertain submission never triggers automatic new proof or resend (0.155208ms)
✔ exact already-known transaction is reconciled without resending (0.080625ms)
✔ failed, proposed, dropped and mismatched receipts never report success (0.114875ms)
✔ queued drop requires structured pinned conflict validation before fresh proof (0.280167ms)
✔ state refresh has a bounded retry budget (0.0985ms)
✔ receipt becoming included during revalidation prevents fresh proof (0.073875ms)
✔ dummy retries reject ambiguous spent-right conflicts and allow only invalid anchor refresh (0.111791ms)
✔ outer post retry cannot override an inner dummy spent-right refusal (0.098042ms)
✔ auto screening propagates unresolved transaction outcomes and retains a timing wait control (0.099834ms)
✔ nested dummy anchor recovery retains one two-refresh budget (0.083333ms)
✔ user feed resolves large stable IDs and decodes seven-field reasons with explicit length (3.86925ms)
✔ censor feed resolves large stable IDs and decodes seven-field reasons with explicit length (1.331625ms)
✔ user countdown does not announce withdrawal eligibility while screened debt remains (0.572542ms)
✔ seven-field reasons enforce byte length, UTF-8 and exact padding (1.4775ms)
✔ flag carries immutable post policy and rejects a mismatched reviewed version (0.491583ms)
✔ policy content and version are read atomically without independent latest-state reads (0.123ms)
✔ normal author calls carry only private payment method and bootstrap claim is consumed once (2.053167ms)
✔ unknown submission is preserved without retry and private errors are redacted (1.237125ms)
✔ missing private fee configuration fails before account work for every private action (1.257375ms)
✔ actual wallet keeps configured gas and normal account scope/tag through simulation and proof (26.113458ms)
✔ actual main claim uses standard author call with private fee payment (12.818167ms)
✔ actual main post uses standard author call with private fee payment (2.407709ms)
✔ actual main post dummy uses standard author call with private fee payment (1.051792ms)
✔ actual main withdraw uses standard author call with private fee payment (0.9085ms)
✔ moderator calls use their normal account with private fee payment (1.131541ms)
✔ inherited object names never select an application method (0.322583ms)
ℹ tests 66
ℹ suites 0
ℹ pass 66
ℹ fail 0
ℹ cancelled 0
ℹ skipped 0
ℹ todo 0
ℹ duration_ms 369.144541
