{"profile":"C01 consistent-scope TXE","chain":1,"version":1,"originalPublicVersion":2,"realProofs":false,"port":62938}
[18:38:49.459] INFO: kv-store:lmdb-v2 Starting data store with maxReaders 2
[billboard_contract] Running 0 test functions
[billboard_contract] [0m[32m0 tests passed[0m
[billboard_test] Running 17 test functions
[billboard_test] Testing c05::c05_exact_executable_horizon_is_finite ... [0m[32mok[0m
[18:38:55.646] INFO: kv-store:lmdb-v2 Starting data store with maxReaders 2
[18:38:55.648] INFO: kv-store:lmdb-v2 Starting data store with maxReaders 2
[18:38:55.651] INFO: world-state:database Creating world state data store at directory /var/folders/ym/q1vh2x5n58xbsmpmvs5_6w3r0000gn/T/aztec-world-state-lPI5Mp/world_state with map sizes {"archiveTreeMapSizeKb":10485760,"nullifierTreeMapSizeKb":10485760,"noteHashTreeMapSizeKb":10485760,"messageTreeMapSizeKb":10485760,"publicDataTreeMapSizeKb":10485760} and 2 threads (ephemeral=true).
[18:38:55.671] INFO: txe_node Aztec Node version: txe
[18:38:55.671] INFO: txe_node Aztec Node started on chain 0x1
[18:38:55.688] INFO: txe:top_level_context Created block 1 with timestamp 1789493935
[18:38:55.856] INFO: txe:top_level_context Created block 2 with timestamp 1789493935
[18:38:56.000] INFO: simulator:public-processor Processed 1 successful txs and 0 failed txs (0 silently skipped, 0ms wasted) in 0.0653023749999993s {"blockNumber":3,"successfulCount":1,"failedCount":0,"duration":0.0653023749999993,"rate":88461101.1467816,"totalPublicGas":{"daGas":5792,"l2Gas":5776720},"totalBlockGas":{"daGas":5792,"l2Gas":5776720},"totalSizeInBytes":5920,"silentlySkippedCount":0,"silentlySkippedDurationMs":0}
[18:38:56.198] INFO: simulator:public-processor Processed 1 successful txs and 0 failed txs (0 silently skipped, 0ms wasted) in 0.01519774999999936s {"blockNumber":4,"successfulCount":1,"failedCount":0,"duration":0.01519774999999936,"rate":75054991.69285244,"totalPublicGas":{"daGas":192,"l2Gas":1140667},"totalBlockGas":{"daGas":320,"l2Gas":1731467},"totalSizeInBytes":320,"silentlySkippedCount":0,"silentlySkippedDurationMs":0}
[18:38:56.236] INFO: txe:top_level_context Created block 5 with timestamp 1789493935
[18:38:56.479] INFO: simulator:public-processor Processed 1 successful txs and 0 failed txs (0 silently skipped, 0ms wasted) in 0.004825208999998722s {"blockNumber":6,"successfulCount":1,"failedCount":0,"duration":0.004825208999998722,"rate":0,"totalPublicGas":{"daGas":0,"l2Gas":0},"totalBlockGas":{"daGas":1984,"l2Gas":529900},"totalSizeInBytes":1984,"silentlySkippedCount":0,"silentlySkippedDurationMs":0}
[18:38:56.510] INFO: txe:top_level_context Created block 7 with timestamp 1789497536
[18:38:56.978] INFO: simulator:public-processor Processed 1 successful txs and 0 failed txs (0 silently skipped, 0ms wasted) in 0.030100083999999697s {"blockNumber":8,"successfulCount":1,"failedCount":0,"duration":0.030100083999999697,"rate":68442267.47008483,"totalPublicGas":{"daGas":3840,"l2Gas":2060118},"totalBlockGas":{"daGas":5216,"l2Gas":2786868},"totalSizeInBytes":5216,"silentlySkippedCount":0,"silentlySkippedDurationMs":0}
[18:38:57.012] INFO: simulator:public-processor Processed 1 successful txs and 0 failed txs (0 silently skipped, 0ms wasted) in 0.004700290999999197s {"blockNumber":9,"successfulCount":1,"failedCount":0,"duration":0.004700290999999197,"rate":2586222.8530110316,"totalPublicGas":{"daGas":0,"l2Gas":12156},"totalBlockGas":{"daGas":0,"l2Gas":12156},"totalSizeInBytes":128,"silentlySkippedCount":0,"silentlySkippedDurationMs":0}
[18:38:57.027] INFO: simulator:public-processor Processed 1 successful txs and 0 failed txs (0 silently skipped, 0ms wasted) in 0.0044400000000005095s {"blockNumber":9,"successfulCount":1,"failedCount":0,"duration":0.0044400000000005095,"rate":3030405.4054050576,"totalPublicGas":{"daGas":0,"l2Gas":13455},"totalBlockGas":{"daGas":0,"l2Gas":13455},"totalSizeInBytes":128,"silentlySkippedCount":0,"silentlySkippedDurationMs":0}
[18:38:57.043] INFO: simulator:public-processor Processed 1 successful txs and 0 failed txs (0 silently skipped, 0ms wasted) in 0.004979459000000134s {"blockNumber":9,"successfulCount":1,"failedCount":0,"duration":0.004979459000000134,"rate":2783434.907286038,"totalPublicGas":{"daGas":0,"l2Gas":13860},"totalBlockGas":{"daGas":0,"l2Gas":13860},"totalSizeInBytes":128,"silentlySkippedCount":0,"silentlySkippedDurationMs":0}
[18:38:57.369] INFO: txe:top_level_context Created block 9 with timestamp 1789504737
[18:38:57.670] INFO: kv-store:lmdb-v2 Starting data store with maxReaders 2
[18:38:57.671] INFO: world-state:database Creating world state data store at directory /var/folders/ym/q1vh2x5n58xbsmpmvs5_6w3r0000gn/T/aztec-world-state-3xydx3/world_state with map sizes {"archiveTreeMapSizeKb":10485760,"nullifierTreeMapSizeKb":10485760,"noteHashTreeMapSizeKb":10485760,"messageTreeMapSizeKb":10485760,"publicDataTreeMapSizeKb":10485760} and 2 threads (ephemeral=true).
[18:38:57.681] INFO: txe_node Aztec Node version: txe
[18:38:57.681] INFO: txe_node Aztec Node started on chain 0x1
[18:38:57.697] INFO: txe:top_level_context Created block 1 with timestamp 1789493937
[18:38:57.787] INFO: txe:top_level_context Created block 2 with timestamp 1789493937
[18:38:57.795] INFO: simulator:public-processor Processed 1 successful txs and 0 failed txs (0 silently skipped, 0ms wasted) in 0.032874041999999465s {"blockNumber":10,"successfulCount":1,"failedCount":0,"duration":0.032874041999999465,"rate":62667012.47142148,"totalPublicGas":{"daGas":3840,"l2Gas":2060118},"totalBlockGas":{"daGas":5216,"l2Gas":2786868},"totalSizeInBytes":5216,"silentlySkippedCount":0,"silentlySkippedDurationMs":0}
[18:38:57.933] INFO: simulator:public-processor Processed 1 successful txs and 0 failed txs (0 silently skipped, 0ms wasted) in 0.10461254100000042s {"blockNumber":3,"successfulCount":1,"failedCount":0,"duration":0.10461254100000042,"rate":55220148.03177352,"totalPublicGas":{"daGas":5792,"l2Gas":5776720},"totalBlockGas":{"daGas":5792,"l2Gas":5776720},"totalSizeInBytes":5920,"silentlySkippedCount":0,"silentlySkippedDurationMs":0}
[18:38:58.117] INFO: simulator:public-processor Processed 1 successful txs and 0 failed txs (0 silently skipped, 0ms wasted) in 0.01485191599999962s {"blockNumber":4,"successfulCount":1,"failedCount":0,"duration":0.01485191599999962,"rate":76802683.23629282,"totalPublicGas":{"daGas":192,"l2Gas":1140667},"totalBlockGas":{"daGas":320,"l2Gas":1731467},"totalSizeInBytes":320,"silentlySkippedCount":0,"silentlySkippedDurationMs":0}
[18:38:58.150] INFO: txe:top_level_context Created block 5 with timestamp 1789493937
[18:38:58.248] INFO: txe:top_level_context Created block 11 with timestamp 1789508336
[18:38:58.454] INFO: simulator:public-processor Processed 1 successful txs and 0 failed txs (0 silently skipped, 0ms wasted) in 0.004437208000001192s {"blockNumber":6,"successfulCount":1,"failedCount":0,"duration":0.004437208000001192,"rate":0,"totalPublicGas":{"daGas":0,"l2Gas":0},"totalBlockGas":{"daGas":1984,"l2Gas":529900},"totalSizeInBytes":1984,"silentlySkippedCount":0,"silentlySkippedDurationMs":0}
[18:38:58.487] INFO: txe:top_level_context Created block 7 with timestamp 1789497538
[18:38:59.145] INFO: simulator:public-processor Processed 1 successful txs and 0 failed txs (0 silently skipped, 0ms wasted) in 0.20877800000000024s {"blockNumber":8,"successfulCount":1,"failedCount":0,"duration":0.20877800000000024,"rate":9867505.196907708,"totalPublicGas":{"daGas":3840,"l2Gas":2060118},"totalBlockGas":{"daGas":5216,"l2Gas":2786868},"totalSizeInBytes":5216,"silentlySkippedCount":0,"silentlySkippedDurationMs":0}
[18:38:59.193] INFO: simulator:public-processor Processed 1 successful txs and 0 failed txs (0 silently skipped, 0ms wasted) in 0.005489333000001352s {"blockNumber":9,"successfulCount":1,"failedCount":0,"duration":0.005489333000001352,"rate":2214476.695073337,"totalPublicGas":{"daGas":0,"l2Gas":12156},"totalBlockGas":{"daGas":0,"l2Gas":12156},"totalSizeInBytes":128,"silentlySkippedCount":0,"silentlySkippedDurationMs":0}
[18:38:59.269] INFO: simulator:public-processor Processed 1 successful txs and 0 failed txs (0 silently skipped, 0ms wasted) in 0.0584163750000007s {"blockNumber":9,"successfulCount":1,"failedCount":0,"duration":0.0584163750000007,"rate":234643.11162751602,"totalPublicGas":{"daGas":0,"l2Gas":13707},"totalBlockGas":{"daGas":0,"l2Gas":13707},"totalSizeInBytes":128,"silentlySkippedCount":0,"silentlySkippedDurationMs":0}
[18:38:59.289] INFO: simulator:public-processor Processed 1 successful txs and 0 failed txs (0 silently skipped, 0ms wasted) in 0.010871000000001005s {"blockNumber":12,"successfulCount":1,"failedCount":0,"duration":0.010871000000001005,"rate":0,"totalPublicGas":{"daGas":0,"l2Gas":0},"totalBlockGas":{"daGas":1440,"l2Gas":527400},"totalSizeInBytes":1440,"silentlySkippedCount":0,"silentlySkippedDurationMs":0}
[18:38:59.290] INFO: simulator:public-processor Processed 1 successful txs and 0 failed txs (0 silently skipped, 0ms wasted) in 0.0052635000000009315s {"blockNumber":9,"successfulCount":1,"failedCount":0,"duration":0.0052635000000009315,"rate":2633228.840124926,"totalPublicGas":{"daGas":0,"l2Gas":13860},"totalBlockGas":{"daGas":0,"l2Gas":13860},"totalSizeInBytes":128,"silentlySkippedCount":0,"silentlySkippedDurationMs":0}
[18:38:59.303] INFO: txe:top_level_context Created block 9 with timestamp 1789501137
[18:38:59.378] INFO: simulator:public-processor Processed 1 successful txs and 0 failed txs (0 silently skipped, 0ms wasted) in 0.021824791999999434s {"blockNumber":10,"successfulCount":1,"failedCount":0,"duration":0.021824791999999434,"rate":23227666.957834613,"totalPublicGas":{"daGas":1152,"l2Gas":506939},"totalBlockGas":{"daGas":1152,"l2Gas":506939},"totalSizeInBytes":1280,"silentlySkippedCount":0,"silentlySkippedDurationMs":0}
[18:38:59.418] INFO: txe:top_level_context Created block 11 with timestamp 1789501138
[billboard_test] Testing c05::c05_delayed_public_inclusion_gets_full_moderation_window ... [0m[32mok[0m
[18:39:00.087] INFO: simulator:public-processor Processed 1 successful txs and 0 failed txs (0 silently skipped, 0ms wasted) in 0.005295832999998311s {"blockNumber":12,"successfulCount":1,"failedCount":0,"duration":0.005295832999998311,"rate":0,"totalPublicGas":{"daGas":0,"l2Gas":0},"totalBlockGas":{"daGas":1440,"l2Gas":527400},"totalSizeInBytes":1440,"silentlySkippedCount":0,"silentlySkippedDurationMs":0}
[18:39:00.457] INFO: txe:top_level_context Created block 13 with timestamp 1789515537
[billboard_test] Testing c05::c05_flag_before_deadline_screens_at_deadline_once ... [0m[32mok[0m
[18:39:01.115] INFO: simulator:public-processor Processed 1 successful txs and 0 failed txs (0 silently skipped, 0ms wasted) in 0.00782458299999962s {"blockNumber":14,"successfulCount":1,"failedCount":0,"duration":0.00782458299999962,"rate":0,"totalPublicGas":{"daGas":0,"l2Gas":0},"totalBlockGas":{"daGas":1440,"l2Gas":527400},"totalSizeInBytes":1440,"silentlySkippedCount":0,"silentlySkippedDurationMs":0}
[18:39:01.995] INFO: kv-store:lmdb-v2 Starting data store with maxReaders 2
[18:39:01.996] INFO: world-state:database Creating world state data store at directory /var/folders/ym/q1vh2x5n58xbsmpmvs5_6w3r0000gn/T/aztec-world-state-fqQmgS/world_state with map sizes {"archiveTreeMapSizeKb":10485760,"nullifierTreeMapSizeKb":10485760,"noteHashTreeMapSizeKb":10485760,"messageTreeMapSizeKb":10485760,"publicDataTreeMapSizeKb":10485760} and 2 threads (ephemeral=true).
[18:39:02.006] INFO: txe_node Aztec Node version: txe
[18:39:02.006] INFO: txe_node Aztec Node started on chain 0x1
[18:39:02.018] INFO: txe:top_level_context Created block 1 with timestamp 1789493942
[18:39:02.057] INFO: txe:top_level_context Created block 2 with timestamp 1789493942
[18:39:02.158] INFO: simulator:public-processor Processed 1 successful txs and 0 failed txs (0 silently skipped, 0ms wasted) in 0.07242008399999941s {"blockNumber":3,"successfulCount":1,"failedCount":0,"duration":0.07242008399999941,"rate":79766822.69520769,"totalPublicGas":{"daGas":5792,"l2Gas":5776720},"totalBlockGas":{"daGas":5792,"l2Gas":5776720},"totalSizeInBytes":5920,"silentlySkippedCount":0,"silentlySkippedDurationMs":0}
[18:39:02.285] INFO: simulator:public-processor Processed 1 successful txs and 0 failed txs (0 silently skipped, 0ms wasted) in 0.013671624999999039s {"blockNumber":4,"successfulCount":1,"failedCount":0,"duration":0.013671624999999039,"rate":83433169.06366874,"totalPublicGas":{"daGas":192,"l2Gas":1140667},"totalBlockGas":{"daGas":320,"l2Gas":1731467},"totalSizeInBytes":320,"silentlySkippedCount":0,"silentlySkippedDurationMs":0}
[18:39:02.313] INFO: txe:top_level_context Created block 5 with timestamp 1789493942
[18:39:02.475] INFO: simulator:public-processor Processed 1 successful txs and 0 failed txs (0 silently skipped, 0ms wasted) in 0.00391595899999993s {"blockNumber":6,"successfulCount":1,"failedCount":0,"duration":0.00391595899999993,"rate":0,"totalPublicGas":{"daGas":0,"l2Gas":0},"totalBlockGas":{"daGas":1984,"l2Gas":529900},"totalSizeInBytes":1984,"silentlySkippedCount":0,"silentlySkippedDurationMs":0}
[18:39:02.504] INFO: txe:top_level_context Created block 7 with timestamp 1789497543
[18:39:02.940] INFO: simulator:public-processor Processed 1 successful txs and 0 failed txs (0 silently skipped, 0ms wasted) in 0.029864166999999726s {"blockNumber":8,"successfulCount":1,"failedCount":0,"duration":0.029864166999999726,"rate":68982938.65018967,"totalPublicGas":{"daGas":3840,"l2Gas":2060118},"totalBlockGas":{"daGas":5216,"l2Gas":2786868},"totalSizeInBytes":5216,"silentlySkippedCount":0,"silentlySkippedDurationMs":0}
[18:39:02.972] INFO: simulator:public-processor Processed 1 successful txs and 0 failed txs (0 silently skipped, 0ms wasted) in 0.004927208000000974s {"blockNumber":9,"successfulCount":1,"failedCount":0,"duration":0.004927208000000974,"rate":2467117.280211754,"totalPublicGas":{"daGas":0,"l2Gas":12156},"totalBlockGas":{"daGas":0,"l2Gas":12156},"totalSizeInBytes":128,"silentlySkippedCount":0,"silentlySkippedDurationMs":0}
[18:39:03.042] INFO: simulator:public-processor Processed 1 successful txs and 0 failed txs (0 silently skipped, 0ms wasted) in 0.058292584000000716s {"blockNumber":9,"successfulCount":1,"failedCount":0,"duration":0.058292584000000716,"rate":89028134.35067376,"totalPublicGas":{"daGas":4928,"l2Gas":5189680},"totalBlockGas":{"daGas":4928,"l2Gas":5189680},"totalSizeInBytes":5056,"silentlySkippedCount":0,"silentlySkippedDurationMs":0}
[18:39:03.074] INFO: simulator:public-processor Processed 1 successful txs and 0 failed txs (0 silently skipped, 0ms wasted) in 0.004380875000000742s {"blockNumber":10,"successfulCount":1,"failedCount":0,"duration":0.004380875000000742,"rate":2279681.5704621356,"totalPublicGas":{"daGas":0,"l2Gas":9987},"totalBlockGas":{"daGas":0,"l2Gas":9987},"totalSizeInBytes":128,"silentlySkippedCount":0,"silentlySkippedDurationMs":0}
[18:39:03.091] INFO: simulator:public-processor Processed 1 successful txs and 0 failed txs (0 silently skipped, 0ms wasted) in 0.007514916000000085s {"blockNumber":10,"successfulCount":1,"failedCount":0,"duration":0.007514916000000085,"rate":2271482.4756523967,"totalPublicGas":{"daGas":0,"l2Gas":17070},"totalBlockGas":{"daGas":0,"l2Gas":17070},"totalSizeInBytes":128,"silentlySkippedCount":0,"silentlySkippedDurationMs":0}
[18:39:03.097] WARN: txe:top_level_context Could not find function artifact in contract Billboard for function '0x2c552290' when enriching error callstack
[billboard_test] Testing c05::c05_flag_cannot_apply_new_policy_to_old_post ... [0m[32mok[0m
[18:39:03.462] INFO: kv-store:lmdb-v2 Starting data store with maxReaders 2
[18:39:03.463] INFO: world-state:database Creating world state data store at directory /var/folders/ym/q1vh2x5n58xbsmpmvs5_6w3r0000gn/T/aztec-world-state-5xaPm6/world_state with map sizes {"archiveTreeMapSizeKb":10485760,"nullifierTreeMapSizeKb":10485760,"noteHashTreeMapSizeKb":10485760,"messageTreeMapSizeKb":10485760,"publicDataTreeMapSizeKb":10485760} and 2 threads (ephemeral=true).
[18:39:03.472] INFO: txe_node Aztec Node version: txe
[18:39:03.472] INFO: txe_node Aztec Node started on chain 0x1
[18:39:03.484] INFO: txe:top_level_context Created block 1 with timestamp 1789493943
[18:39:03.523] INFO: txe:top_level_context Created block 2 with timestamp 1789493943
[18:39:03.613] INFO: simulator:public-processor Processed 1 successful txs and 0 failed txs (0 silently skipped, 0ms wasted) in 0.06208758300000045s {"blockNumber":3,"successfulCount":1,"failedCount":0,"duration":0.06208758300000045,"rate":93041470.14387657,"totalPublicGas":{"daGas":5792,"l2Gas":5776720},"totalBlockGas":{"daGas":5792,"l2Gas":5776720},"totalSizeInBytes":5920,"silentlySkippedCount":0,"silentlySkippedDurationMs":0}
[18:39:03.731] INFO: simulator:public-processor Processed 1 successful txs and 0 failed txs (0 silently skipped, 0ms wasted) in 0.014062666000001627s {"blockNumber":4,"successfulCount":1,"failedCount":0,"duration":0.014062666000001627,"rate":81113140.28221022,"totalPublicGas":{"daGas":192,"l2Gas":1140667},"totalBlockGas":{"daGas":320,"l2Gas":1731467},"totalSizeInBytes":320,"silentlySkippedCount":0,"silentlySkippedDurationMs":0}
[18:39:03.759] INFO: txe:top_level_context Created block 5 with timestamp 1789493943
[18:39:03.911] INFO: simulator:public-processor Processed 1 successful txs and 0 failed txs (0 silently skipped, 0ms wasted) in 0.004053625000000466s {"blockNumber":6,"successfulCount":1,"failedCount":0,"duration":0.004053625000000466,"rate":0,"totalPublicGas":{"daGas":0,"l2Gas":0},"totalBlockGas":{"daGas":1984,"l2Gas":529900},"totalSizeInBytes":1984,"silentlySkippedCount":0,"silentlySkippedDurationMs":0}
[18:39:03.940] INFO: txe:top_level_context Created block 7 with timestamp 1789497544
[billboard_test] Testing c05::c05_flag_exact_deadline_rejected ... [0m[32mok[0m
[18:39:04.356] INFO: simulator:public-processor Processed 1 successful txs and 0 failed txs (0 silently skipped, 0ms wasted) in 0.03438175000000047s {"blockNumber":8,"successfulCount":1,"failedCount":0,"duration":0.03438175000000047,"rate":59918939.55368683,"totalPublicGas":{"daGas":3840,"l2Gas":2060118},"totalBlockGas":{"daGas":5216,"l2Gas":2786868},"totalSizeInBytes":5216,"silentlySkippedCount":0,"silentlySkippedDurationMs":0}
[18:39:04.388] INFO: simulator:public-processor Processed 1 successful txs and 0 failed txs (0 silently skipped, 0ms wasted) in 0.004607458000002225s {"blockNumber":9,"successfulCount":1,"failedCount":0,"duration":0.004607458000002225,"rate":2638331.1578736324,"totalPublicGas":{"daGas":0,"l2Gas":12156},"totalBlockGas":{"daGas":0,"l2Gas":12156},"totalSizeInBytes":128,"silentlySkippedCount":0,"silentlySkippedDurationMs":0}
[18:39:04.403] INFO: simulator:public-processor Processed 1 successful txs and 0 failed txs (0 silently skipped, 0ms wasted) in 0.004484249999997701s {"blockNumber":9,"successfulCount":1,"failedCount":0,"duration":0.004484249999997701,"rate":3056698.444557513,"totalPublicGas":{"daGas":0,"l2Gas":13707},"totalBlockGas":{"daGas":0,"l2Gas":13707},"totalSizeInBytes":128,"silentlySkippedCount":0,"silentlySkippedDurationMs":0}
[18:39:04.418] INFO: simulator:public-processor Processed 1 successful txs and 0 failed txs (0 silently skipped, 0ms wasted) in 0.0044680420000004235s {"blockNumber":9,"successfulCount":1,"failedCount":0,"duration":0.0044680420000004235,"rate":3102029.927202718,"totalPublicGas":{"daGas":0,"l2Gas":13860},"totalBlockGas":{"daGas":0,"l2Gas":13860},"totalSizeInBytes":128,"silentlySkippedCount":0,"silentlySkippedDurationMs":0}
[18:39:04.431] INFO: txe:top_level_context Created block 9 with timestamp 1789501144
[18:39:04.454] INFO: simulator:public-processor Processed 1 successful txs and 0 failed txs (0 silently skipped, 0ms wasted) in 0.005016125000001921s {"blockNumber":10,"successfulCount":1,"failedCount":0,"duration":0.005016125000001921,"rate":3889855.216923926,"totalPublicGas":{"daGas":0,"l2Gas":19512},"totalBlockGas":{"daGas":0,"l2Gas":19512},"totalSizeInBytes":128,"silentlySkippedCount":0,"silentlySkippedDurationMs":0}
[18:39:04.456] WARN: txe:top_level_context Could not find function artifact in contract Billboard for function '0x2c552290' when enriching error callstack
[billboard_test] Testing c05::c05_generated_economic_boundaries_match_independent_integer_model ... [0m[32mok[0m
[billboard_test] Testing c05::c05_more_than_two_screened_flags_rejected ... [0m[32mok[0m
[18:39:07.046] INFO: kv-store:lmdb-v2 Starting data store with maxReaders 2
[18:39:07.053] INFO: world-state:database Creating world state data store at directory /var/folders/ym/q1vh2x5n58xbsmpmvs5_6w3r0000gn/T/aztec-world-state-xDPun5/world_state with map sizes {"archiveTreeMapSizeKb":10485760,"nullifierTreeMapSizeKb":10485760,"noteHashTreeMapSizeKb":10485760,"messageTreeMapSizeKb":10485760,"publicDataTreeMapSizeKb":10485760} and 2 threads (ephemeral=true).
[18:39:07.063] INFO: txe_node Aztec Node version: txe
[18:39:07.063] INFO: txe_node Aztec Node started on chain 0x1
[18:39:07.077] INFO: txe:top_level_context Created block 1 with timestamp 1789493947
[18:39:07.121] INFO: txe:top_level_context Created block 2 with timestamp 1789493947
[18:39:07.216] INFO: simulator:public-processor Processed 1 successful txs and 0 failed txs (0 silently skipped, 0ms wasted) in 0.06173845900000015s {"blockNumber":3,"successfulCount":1,"failedCount":0,"duration":0.06173845900000015,"rate":93567609.12999117,"totalPublicGas":{"daGas":5792,"l2Gas":5776720},"totalBlockGas":{"daGas":5792,"l2Gas":5776720},"totalSizeInBytes":5920,"silentlySkippedCount":0,"silentlySkippedDurationMs":0}
[18:39:07.396] INFO: simulator:public-processor Processed 1 successful txs and 0 failed txs (0 silently skipped, 0ms wasted) in 0.014278999999998631s {"blockNumber":4,"successfulCount":1,"failedCount":0,"duration":0.014278999999998631,"rate":79884235.5907353,"totalPublicGas":{"daGas":192,"l2Gas":1140667},"totalBlockGas":{"daGas":320,"l2Gas":1731467},"totalSizeInBytes":320,"silentlySkippedCount":0,"silentlySkippedDurationMs":0}
[18:39:07.425] INFO: txe:top_level_context Created block 5 with timestamp 1789493947
[18:39:07.594] INFO: simulator:public-processor Processed 1 successful txs and 0 failed txs (0 silently skipped, 0ms wasted) in 0.005205708000001323s {"blockNumber":6,"successfulCount":1,"failedCount":0,"duration":0.005205708000001323,"rate":0,"totalPublicGas":{"daGas":0,"l2Gas":0},"totalBlockGas":{"daGas":1984,"l2Gas":529900},"totalSizeInBytes":1984,"silentlySkippedCount":0,"silentlySkippedDurationMs":0}
[18:39:07.624] INFO: txe:top_level_context Created block 7 with timestamp 9223372036854675807
[18:39:08.067] INFO: simulator:public-processor Processed 1 successful txs and 0 failed txs (0 silently skipped, 0ms wasted) in 0.0037798750000001746s {"blockNumber":8,"successfulCount":1,"failedCount":0,"duration":0.0037798750000001746,"rate":0,"totalPublicGas":{"daGas":0,"l2Gas":0},"totalBlockGas":{"daGas":1440,"l2Gas":527400},"totalSizeInBytes":1440,"silentlySkippedCount":0,"silentlySkippedDurationMs":0}
[18:39:08.394] INFO: simulator:public-processor Processed 1 successful txs and 0 failed txs (0 silently skipped, 0ms wasted) in 0.003833415999997669s {"blockNumber":9,"successfulCount":1,"failedCount":0,"duration":0.003833415999997669,"rate":0,"totalPublicGas":{"daGas":0,"l2Gas":0},"totalBlockGas":{"daGas":256,"l2Gas":477200},"totalSizeInBytes":256,"silentlySkippedCount":0,"silentlySkippedDurationMs":0}
[billboard_test] Testing c05::c05_new_penalty_cannot_cross_executable_horizon ... [0m[32mok[0m
[billboard_test] Testing c05::c05_near_horizon_does_not_block_existing_eligible_exit ... [0m[32mok[0m
[18:39:10.440] INFO: kv-store:lmdb-v2 Starting data store with maxReaders 2
[18:39:10.441] INFO: world-state:database Creating world state data store at directory /var/folders/ym/q1vh2x5n58xbsmpmvs5_6w3r0000gn/T/aztec-world-state-d0BfkQ/world_state with map sizes {"archiveTreeMapSizeKb":10485760,"nullifierTreeMapSizeKb":10485760,"noteHashTreeMapSizeKb":10485760,"messageTreeMapSizeKb":10485760,"publicDataTreeMapSizeKb":10485760} and 2 threads (ephemeral=true).
[18:39:10.450] INFO: txe_node Aztec Node version: txe
[18:39:10.450] INFO: txe_node Aztec Node started on chain 0x1
[18:39:10.463] INFO: txe:top_level_context Created block 1 with timestamp 1789493950
[18:39:10.500] INFO: txe:top_level_context Created block 2 with timestamp 1789493950
[18:39:10.592] INFO: simulator:public-processor Processed 1 successful txs and 0 failed txs (0 silently skipped, 0ms wasted) in 0.06288429099999848s {"blockNumber":3,"successfulCount":1,"failedCount":0,"duration":0.06288429099999848,"rate":91862687.9326689,"totalPublicGas":{"daGas":5792,"l2Gas":5776720},"totalBlockGas":{"daGas":5792,"l2Gas":5776720},"totalSizeInBytes":5920,"silentlySkippedCount":0,"silentlySkippedDurationMs":0}
[18:39:10.659] INFO: kv-store:lmdb-v2 Starting data store with maxReaders 2
[18:39:10.659] INFO: world-state:database Creating world state data store at directory /var/folders/ym/q1vh2x5n58xbsmpmvs5_6w3r0000gn/T/aztec-world-state-aBl1oi/world_state with map sizes {"archiveTreeMapSizeKb":10485760,"nullifierTreeMapSizeKb":10485760,"noteHashTreeMapSizeKb":10485760,"messageTreeMapSizeKb":10485760,"publicDataTreeMapSizeKb":10485760} and 2 threads (ephemeral=true).
[18:39:10.669] INFO: txe_node Aztec Node version: txe
[18:39:10.669] INFO: txe_node Aztec Node started on chain 0x1
[18:39:10.684] INFO: txe:top_level_context Created block 1 with timestamp 1789493950
[18:39:10.728] INFO: txe:top_level_context Created block 2 with timestamp 1789493950
[18:39:10.753] INFO: simulator:public-processor Processed 1 successful txs and 0 failed txs (0 silently skipped, 0ms wasted) in 0.014358000000000174s {"blockNumber":4,"successfulCount":1,"failedCount":0,"duration":0.014358000000000174,"rate":79444699.81891532,"totalPublicGas":{"daGas":192,"l2Gas":1140667},"totalBlockGas":{"daGas":320,"l2Gas":1731467},"totalSizeInBytes":320,"silentlySkippedCount":0,"silentlySkippedDurationMs":0}
[18:39:10.782] INFO: txe:top_level_context Created block 5 with timestamp 1789493950
[18:39:10.822] INFO: simulator:public-processor Processed 1 successful txs and 0 failed txs (0 silently skipped, 0ms wasted) in 0.062160834000002066s {"blockNumber":3,"successfulCount":1,"failedCount":0,"duration":0.062160834000002066,"rate":92931829.06779867,"totalPublicGas":{"daGas":5792,"l2Gas":5776720},"totalBlockGas":{"daGas":5792,"l2Gas":5776720},"totalSizeInBytes":5920,"silentlySkippedCount":0,"silentlySkippedDurationMs":0}
[18:39:10.982] INFO: simulator:public-processor Processed 1 successful txs and 0 failed txs (0 silently skipped, 0ms wasted) in 0.004118999999998777s {"blockNumber":6,"successfulCount":1,"failedCount":0,"duration":0.004118999999998777,"rate":0,"totalPublicGas":{"daGas":0,"l2Gas":0},"totalBlockGas":{"daGas":1984,"l2Gas":529900},"totalSizeInBytes":1984,"silentlySkippedCount":0,"silentlySkippedDurationMs":0}
[18:39:11.014] INFO: txe:top_level_context Created block 7 with timestamp 1789497551
[18:39:11.016] INFO: simulator:public-processor Processed 1 successful txs and 0 failed txs (0 silently skipped, 0ms wasted) in 0.013701750000000174s {"blockNumber":4,"successfulCount":1,"failedCount":0,"duration":0.013701750000000174,"rate":83249730.87379244,"totalPublicGas":{"daGas":192,"l2Gas":1140667},"totalBlockGas":{"daGas":320,"l2Gas":1731467},"totalSizeInBytes":320,"silentlySkippedCount":0,"silentlySkippedDurationMs":0}
[18:39:11.051] INFO: txe:top_level_context Created block 5 with timestamp 1789493950
[18:39:11.520] INFO: simulator:public-processor Processed 1 successful txs and 0 failed txs (0 silently skipped, 0ms wasted) in 0.004490874999999505s {"blockNumber":6,"successfulCount":1,"failedCount":0,"duration":0.004490874999999505,"rate":0,"totalPublicGas":{"daGas":0,"l2Gas":0},"totalBlockGas":{"daGas":1984,"l2Gas":529900},"totalSizeInBytes":1984,"silentlySkippedCount":0,"silentlySkippedDurationMs":0}
[18:39:11.527] INFO: simulator:public-processor Processed 1 successful txs and 0 failed txs (0 silently skipped, 0ms wasted) in 0.031105917000000774s {"blockNumber":8,"successfulCount":1,"failedCount":0,"duration":0.031105917000000774,"rate":66229135.762175046,"totalPublicGas":{"daGas":3840,"l2Gas":2060118},"totalBlockGas":{"daGas":5216,"l2Gas":2786868},"totalSizeInBytes":5216,"silentlySkippedCount":0,"silentlySkippedDurationMs":0}
[18:39:11.572] INFO: simulator:public-processor Processed 1 successful txs and 0 failed txs (0 silently skipped, 0ms wasted) in 0.007272000000000844s {"blockNumber":9,"successfulCount":1,"failedCount":0,"duration":0.007272000000000844,"rate":1671617.1617159776,"totalPublicGas":{"daGas":0,"l2Gas":12156},"totalBlockGas":{"daGas":0,"l2Gas":12156},"totalSizeInBytes":128,"silentlySkippedCount":0,"silentlySkippedDurationMs":0}
[18:39:11.592] INFO: simulator:public-processor Processed 1 successful txs and 0 failed txs (0 silently skipped, 0ms wasted) in 0.005245042000002286s {"blockNumber":9,"successfulCount":1,"failedCount":0,"duration":0.005245042000002286,"rate":2613325.11731918,"totalPublicGas":{"daGas":0,"l2Gas":13707},"totalBlockGas":{"daGas":0,"l2Gas":13707},"totalSizeInBytes":128,"silentlySkippedCount":0,"silentlySkippedDurationMs":0}
[18:39:11.620] INFO: simulator:public-processor Processed 1 successful txs and 0 failed txs (0 silently skipped, 0ms wasted) in 0.012285916999997426s {"blockNumber":9,"successfulCount":1,"failedCount":0,"duration":0.012285916999997426,"rate":41261795.92456193,"totalPublicGas":{"daGas":1152,"l2Gas":506939},"totalBlockGas":{"daGas":1152,"l2Gas":506939},"totalSizeInBytes":1280,"silentlySkippedCount":0,"silentlySkippedDurationMs":0}
[18:39:11.654] INFO: simulator:public-processor Processed 1 successful txs and 0 failed txs (0 silently skipped, 0ms wasted) in 0.008185709000001224s {"blockNumber":10,"successfulCount":1,"failedCount":0,"duration":0.008185709000001224,"rate":1693194.810614197,"totalPublicGas":{"daGas":0,"l2Gas":13860},"totalBlockGas":{"daGas":0,"l2Gas":13860},"totalSizeInBytes":128,"silentlySkippedCount":0,"silentlySkippedDurationMs":0}
[18:39:11.675] INFO: txe:top_level_context Created block 10 with timestamp 1789501151
[billboard_test] Testing c05::c05_no_real_posts_still_owe_initial_cooldown ... [0m[32mok[0m
[billboard_test] Testing c05::c05_newly_screened_flag_debt_blocks_withdraw_reset ... [0m[32mok[0m
[18:39:12.263] INFO: simulator:public-processor Processed 1 successful txs and 0 failed txs (0 silently skipped, 0ms wasted) in 0.003975666999998793s {"blockNumber":11,"successfulCount":1,"failedCount":0,"duration":0.003975666999998793,"rate":0,"totalPublicGas":{"daGas":0,"l2Gas":0},"totalBlockGas":{"daGas":1440,"l2Gas":527400},"totalSizeInBytes":1440,"silentlySkippedCount":0,"silentlySkippedDurationMs":0}
[18:39:13.906] INFO: kv-store:lmdb-v2 Starting data store with maxReaders 2
[18:39:13.909] INFO: world-state:database Creating world state data store at directory /var/folders/ym/q1vh2x5n58xbsmpmvs5_6w3r0000gn/T/aztec-world-state-COfxcX/world_state with map sizes {"archiveTreeMapSizeKb":10485760,"nullifierTreeMapSizeKb":10485760,"noteHashTreeMapSizeKb":10485760,"messageTreeMapSizeKb":10485760,"publicDataTreeMapSizeKb":10485760} and 2 threads (ephemeral=true).
[18:39:13.926] INFO: txe_node Aztec Node version: txe
[18:39:13.926] INFO: txe_node Aztec Node started on chain 0x1
[18:39:13.940] INFO: txe:top_level_context Created block 1 with timestamp 1789493953
[18:39:13.986] INFO: txe:top_level_context Created block 2 with timestamp 1789493953
[18:39:14.084] INFO: simulator:public-processor Processed 1 successful txs and 0 failed txs (0 silently skipped, 0ms wasted) in 0.06598170799999935s {"blockNumber":3,"successfulCount":1,"failedCount":0,"duration":0.06598170799999935,"rate":87550325.31137353,"totalPublicGas":{"daGas":5792,"l2Gas":5776720},"totalBlockGas":{"daGas":5792,"l2Gas":5776720},"totalSizeInBytes":5920,"silentlySkippedCount":0,"silentlySkippedDurationMs":0}
[18:39:14.216] INFO: simulator:public-processor Processed 1 successful txs and 0 failed txs (0 silently skipped, 0ms wasted) in 0.013814957999999024s {"blockNumber":4,"successfulCount":1,"failedCount":0,"duration":0.013814957999999024,"rate":82567532.9595704,"totalPublicGas":{"daGas":192,"l2Gas":1140667},"totalBlockGas":{"daGas":320,"l2Gas":1731467},"totalSizeInBytes":320,"silentlySkippedCount":0,"silentlySkippedDurationMs":0}
[18:39:14.246] INFO: txe:top_level_context Created block 5 with timestamp 1789493953
[18:39:14.454] INFO: simulator:public-processor Processed 1 successful txs and 0 failed txs (0 silently skipped, 0ms wasted) in 0.00413470800000141s {"blockNumber":6,"successfulCount":1,"failedCount":0,"duration":0.00413470800000141,"rate":0,"totalPublicGas":{"daGas":0,"l2Gas":0},"totalBlockGas":{"daGas":1984,"l2Gas":529900},"totalSizeInBytes":1984,"silentlySkippedCount":0,"silentlySkippedDurationMs":0}
[18:39:14.483] INFO: txe:top_level_context Created block 7 with timestamp 1789497554
[18:39:14.956] INFO: simulator:public-processor Processed 1 successful txs and 0 failed txs (0 silently skipped, 0ms wasted) in 0.03222599999999875s {"blockNumber":8,"successfulCount":1,"failedCount":0,"duration":0.03222599999999875,"rate":63927201.63843108,"totalPublicGas":{"daGas":3840,"l2Gas":2060118},"totalBlockGas":{"daGas":5216,"l2Gas":2786868},"totalSizeInBytes":5216,"silentlySkippedCount":0,"silentlySkippedDurationMs":0}
[18:39:14.998] INFO: simulator:public-processor Processed 1 successful txs and 0 failed txs (0 silently skipped, 0ms wasted) in 0.008179500000002008s {"blockNumber":9,"successfulCount":1,"failedCount":0,"duration":0.008179500000002008,"rate":1486154.4104159197,"totalPublicGas":{"daGas":0,"l2Gas":12156},"totalBlockGas":{"daGas":0,"l2Gas":12156},"totalSizeInBytes":128,"silentlySkippedCount":0,"silentlySkippedDurationMs":0}
[18:39:15.017] INFO: simulator:public-processor Processed 1 successful txs and 0 failed txs (0 silently skipped, 0ms wasted) in 0.0071389999999992146s {"blockNumber":9,"successfulCount":1,"failedCount":0,"duration":0.0071389999999992146,"rate":1920016.8090771127,"totalPublicGas":{"daGas":0,"l2Gas":13707},"totalBlockGas":{"daGas":0,"l2Gas":13707},"totalSizeInBytes":128,"silentlySkippedCount":0,"silentlySkippedDurationMs":0}
[18:39:15.040] INFO: simulator:public-processor Processed 1 successful txs and 0 failed txs (0 silently skipped, 0ms wasted) in 0.012029833000000508s {"blockNumber":9,"successfulCount":1,"failedCount":0,"duration":0.012029833000000508,"rate":42140152.735285565,"totalPublicGas":{"daGas":1152,"l2Gas":506939},"totalBlockGas":{"daGas":1152,"l2Gas":506939},"totalSizeInBytes":1280,"silentlySkippedCount":0,"silentlySkippedDurationMs":0}
[18:39:15.076] INFO: simulator:public-processor Processed 1 successful txs and 0 failed txs (0 silently skipped, 0ms wasted) in 0.0062518750000017465s {"blockNumber":10,"successfulCount":1,"failedCount":0,"duration":0.0062518750000017465,"rate":2216934.9195235237,"totalPublicGas":{"daGas":0,"l2Gas":13860},"totalBlockGas":{"daGas":0,"l2Gas":13860},"totalSizeInBytes":128,"silentlySkippedCount":0,"silentlySkippedDurationMs":0}
[18:39:15.091] INFO: txe:top_level_context Created block 10 with timestamp 1789501154
[billboard_test] Testing c05::c05_policy_hash_matches_independent_python_vector ... [0m[32mok[0m
[18:39:15.755] INFO: simulator:public-processor Processed 1 successful txs and 0 failed txs (0 silently skipped, 0ms wasted) in 0.014581041000001278s {"blockNumber":11,"successfulCount":1,"failedCount":0,"duration":0.014581041000001278,"rate":0,"totalPublicGas":{"daGas":0,"l2Gas":0},"totalBlockGas":{"daGas":1440,"l2Gas":527400},"totalSizeInBytes":1440,"silentlySkippedCount":0,"silentlySkippedDurationMs":0}
[18:39:16.343] INFO: txe:top_level_context Created block 12 with timestamp 1789515553
[18:39:16.553] INFO: simulator:public-processor Processed 1 successful txs and 0 failed txs (0 silently skipped, 0ms wasted) in 0.007033833999998023s {"blockNumber":13,"successfulCount":1,"failedCount":0,"duration":0.007033833999998023,"rate":0,"totalPublicGas":{"daGas":0,"l2Gas":0},"totalBlockGas":{"daGas":256,"l2Gas":477200},"totalSizeInBytes":256,"silentlySkippedCount":0,"silentlySkippedDurationMs":0}
[18:39:17.120] INFO: txe:top_level_context Created block 14 with timestamp 1789515553
[18:39:17.297] INFO: simulator:public-processor Processed 1 successful txs and 0 failed txs (0 silently skipped, 0ms wasted) in 0.004324958000001061s {"blockNumber":15,"successfulCount":1,"failedCount":0,"duration":0.004324958000001061,"rate":0,"totalPublicGas":{"daGas":0,"l2Gas":0},"totalBlockGas":{"daGas":832,"l2Gas":499700},"totalSizeInBytes":832,"silentlySkippedCount":0,"silentlySkippedDurationMs":0}
[billboard_test] Testing c05::c05_penalty_expiry_allows_exit_and_distinct_redeposit ... [0m[32mok[0m
[18:39:18.441] INFO: kv-store:lmdb-v2 Starting data store with maxReaders 2
[18:39:18.444] INFO: world-state:database Creating world state data store at directory /var/folders/ym/q1vh2x5n58xbsmpmvs5_6w3r0000gn/T/aztec-world-state-aWh7NZ/world_state with map sizes {"archiveTreeMapSizeKb":10485760,"nullifierTreeMapSizeKb":10485760,"noteHashTreeMapSizeKb":10485760,"messageTreeMapSizeKb":10485760,"publicDataTreeMapSizeKb":10485760} and 2 threads (ephemeral=true).
[18:39:18.454] INFO: txe_node Aztec Node version: txe
[18:39:18.454] INFO: txe_node Aztec Node started on chain 0x1
[18:39:18.468] INFO: txe:top_level_context Created block 1 with timestamp 1789493958
[18:39:18.510] INFO: txe:top_level_context Created block 2 with timestamp 1789493958
[18:39:18.606] INFO: simulator:public-processor Processed 1 successful txs and 0 failed txs (0 silently skipped, 0ms wasted) in 0.06578108300000167s {"blockNumber":3,"successfulCount":1,"failedCount":0,"duration":0.06578108300000167,"rate":87817344.08355443,"totalPublicGas":{"daGas":5792,"l2Gas":5776720},"totalBlockGas":{"daGas":5792,"l2Gas":5776720},"totalSizeInBytes":5920,"silentlySkippedCount":0,"silentlySkippedDurationMs":0}
[18:39:18.760] INFO: simulator:public-processor Processed 1 successful txs and 0 failed txs (0 silently skipped, 0ms wasted) in 0.014762875000000349s {"blockNumber":4,"successfulCount":1,"failedCount":0,"duration":0.014762875000000349,"rate":77265911.95820415,"totalPublicGas":{"daGas":192,"l2Gas":1140667},"totalBlockGas":{"daGas":320,"l2Gas":1731467},"totalSizeInBytes":320,"silentlySkippedCount":0,"silentlySkippedDurationMs":0}
[18:39:18.789] INFO: txe:top_level_context Created block 5 with timestamp 1789493958
[18:39:18.949] INFO: simulator:public-processor Processed 1 successful txs and 0 failed txs (0 silently skipped, 0ms wasted) in 0.0038675829999992857s {"blockNumber":6,"successfulCount":1,"failedCount":0,"duration":0.0038675829999992857,"rate":0,"totalPublicGas":{"daGas":0,"l2Gas":0},"totalBlockGas":{"daGas":1984,"l2Gas":529900},"totalSizeInBytes":1984,"silentlySkippedCount":0,"silentlySkippedDurationMs":0}
[18:39:18.978] INFO: txe:top_level_context Created block 7 with timestamp 1789497559
[18:39:19.401] INFO: simulator:public-processor Processed 1 successful txs and 0 failed txs (0 silently skipped, 0ms wasted) in 0.029545209000003524s {"blockNumber":8,"successfulCount":1,"failedCount":0,"duration":0.029545209000003524,"rate":69727650.25963277,"totalPublicGas":{"daGas":3840,"l2Gas":2060118},"totalBlockGas":{"daGas":5216,"l2Gas":2786868},"totalSizeInBytes":5216,"silentlySkippedCount":0,"silentlySkippedDurationMs":0}
[18:39:19.432] INFO: simulator:public-processor Processed 1 successful txs and 0 failed txs (0 silently skipped, 0ms wasted) in 0.004516708999999537s {"blockNumber":9,"successfulCount":1,"failedCount":0,"duration":0.004516708999999537,"rate":2691340.0885470477,"totalPublicGas":{"daGas":0,"l2Gas":12156},"totalBlockGas":{"daGas":0,"l2Gas":12156},"totalSizeInBytes":128,"silentlySkippedCount":0,"silentlySkippedDurationMs":0}
[18:39:19.447] INFO: simulator:public-processor Processed 1 successful txs and 0 failed txs (0 silently skipped, 0ms wasted) in 0.004412542000001849s {"blockNumber":9,"successfulCount":1,"failedCount":0,"duration":0.004412542000001849,"rate":3106372.6985475165,"totalPublicGas":{"daGas":0,"l2Gas":13707},"totalBlockGas":{"daGas":0,"l2Gas":13707},"totalSizeInBytes":128,"silentlySkippedCount":0,"silentlySkippedDurationMs":0}
[18:39:19.462] INFO: simulator:public-processor Processed 1 successful txs and 0 failed txs (0 silently skipped, 0ms wasted) in 0.0043659159999988335s {"blockNumber":9,"successfulCount":1,"failedCount":0,"duration":0.0043659159999988335,"rate":2287492.4758063755,"totalPublicGas":{"daGas":0,"l2Gas":9987},"totalBlockGas":{"daGas":0,"l2Gas":9987},"totalSizeInBytes":128,"silentlySkippedCount":0,"silentlySkippedDurationMs":0}
[18:39:19.526] INFO: simulator:public-processor Processed 1 successful txs and 0 failed txs (0 silently skipped, 0ms wasted) in 0.0539576249999991s {"blockNumber":9,"successfulCount":1,"failedCount":0,"duration":0.0539576249999991,"rate":96180660.28666174,"totalPublicGas":{"daGas":4928,"l2Gas":5189680},"totalBlockGas":{"daGas":4928,"l2Gas":5189680},"totalSizeInBytes":5056,"silentlySkippedCount":0,"silentlySkippedDurationMs":0}
[18:39:19.556] INFO: simulator:public-processor Processed 1 successful txs and 0 failed txs (0 silently skipped, 0ms wasted) in 0.004622292000000016s {"blockNumber":10,"successfulCount":1,"failedCount":0,"duration":0.004622292000000016,"rate":2160616.42146363,"totalPublicGas":{"daGas":0,"l2Gas":9987},"totalBlockGas":{"daGas":0,"l2Gas":9987},"totalSizeInBytes":128,"silentlySkippedCount":0,"silentlySkippedDurationMs":0}
[18:39:19.571] INFO: simulator:public-processor Processed 1 successful txs and 0 failed txs (0 silently skipped, 0ms wasted) in 0.004519458000002487s {"blockNumber":10,"successfulCount":1,"failedCount":0,"duration":0.004519458000002487,"rate":3032885.801791378,"totalPublicGas":{"daGas":0,"l2Gas":13707},"totalBlockGas":{"daGas":0,"l2Gas":13707},"totalSizeInBytes":128,"silentlySkippedCount":0,"silentlySkippedDurationMs":0}
[18:39:19.592] INFO: simulator:public-processor Processed 1 successful txs and 0 failed txs (0 silently skipped, 0ms wasted) in 0.010360875000002125s {"blockNumber":10,"successfulCount":1,"failedCount":0,"duration":0.010360875000002125,"rate":48928203.457709506,"totalPublicGas":{"daGas":1152,"l2Gas":506939},"totalBlockGas":{"daGas":1152,"l2Gas":506939},"totalSizeInBytes":1280,"silentlySkippedCount":0,"silentlySkippedDurationMs":0}
[18:39:19.622] INFO: simulator:public-processor Processed 1 successful txs and 0 failed txs (0 silently skipped, 0ms wasted) in 0.004905958999999712s {"blockNumber":11,"successfulCount":1,"failedCount":0,"duration":0.004905958999999712,"rate":2771935.109934836,"totalPublicGas":{"daGas":0,"l2Gas":13599},"totalBlockGas":{"daGas":0,"l2Gas":13599},"totalSizeInBytes":128,"silentlySkippedCount":0,"silentlySkippedDurationMs":0}
[18:39:19.638] INFO: simulator:public-processor Processed 1 successful txs and 0 failed txs (0 silently skipped, 0ms wasted) in 0.005311374999997497s {"blockNumber":11,"successfulCount":1,"failedCount":0,"duration":0.005311374999997497,"rate":7085170.977386785,"totalPublicGas":{"daGas":0,"l2Gas":37632},"totalBlockGas":{"daGas":0,"l2Gas":37632},"totalSizeInBytes":128,"silentlySkippedCount":0,"silentlySkippedDurationMs":0}
[18:39:19.652] INFO: simulator:public-processor Processed 1 successful txs and 0 failed txs (0 silently skipped, 0ms wasted) in 0.004387791000001016s {"blockNumber":11,"successfulCount":1,"failedCount":0,"duration":0.004387791000001016,"rate":3177225.168654745,"totalPublicGas":{"daGas":0,"l2Gas":13941},"totalBlockGas":{"daGas":0,"l2Gas":13941},"totalSizeInBytes":128,"silentlySkippedCount":0,"silentlySkippedDurationMs":0}
[billboard_test] Testing c05::c05_policy_snapshot_survives_policy_change ... [0m[32mok[0m
[18:39:20.009] INFO: kv-store:lmdb-v2 Starting data store with maxReaders 2
[18:39:20.015] INFO: world-state:database Creating world state data store at directory /var/folders/ym/q1vh2x5n58xbsmpmvs5_6w3r0000gn/T/aztec-world-state-wVYa8I/world_state with map sizes {"archiveTreeMapSizeKb":10485760,"nullifierTreeMapSizeKb":10485760,"noteHashTreeMapSizeKb":10485760,"messageTreeMapSizeKb":10485760,"publicDataTreeMapSizeKb":10485760} and 2 threads (ephemeral=true).
[18:39:20.026] INFO: txe_node Aztec Node version: txe
[18:39:20.026] INFO: txe_node Aztec Node started on chain 0x1
[18:39:20.039] INFO: txe:top_level_context Created block 1 with timestamp 1789493960
[18:39:20.080] INFO: txe:top_level_context Created block 2 with timestamp 1789493960
[18:39:20.201] INFO: simulator:public-processor Processed 1 successful txs and 0 failed txs (0 silently skipped, 0ms wasted) in 0.07170049999999902s {"blockNumber":3,"successfulCount":1,"failedCount":0,"duration":0.07170049999999902,"rate":80567360.06025173,"totalPublicGas":{"daGas":5792,"l2Gas":5776720},"totalBlockGas":{"daGas":5792,"l2Gas":5776720},"totalSizeInBytes":5920,"silentlySkippedCount":0,"silentlySkippedDurationMs":0}
[18:39:20.332] INFO: simulator:public-processor Processed 1 successful txs and 0 failed txs (0 silently skipped, 0ms wasted) in 0.01903062499999942s {"blockNumber":4,"successfulCount":1,"failedCount":0,"duration":0.01903062499999942,"rate":59938493.87500593,"totalPublicGas":{"daGas":192,"l2Gas":1140667},"totalBlockGas":{"daGas":320,"l2Gas":1731467},"totalSizeInBytes":320,"silentlySkippedCount":0,"silentlySkippedDurationMs":0}
[18:39:20.367] INFO: txe:top_level_context Created block 5 with timestamp 1789493960
[18:39:20.611] INFO: simulator:public-processor Processed 1 successful txs and 0 failed txs (0 silently skipped, 0ms wasted) in 0.004289416999999958s {"blockNumber":6,"successfulCount":1,"failedCount":0,"duration":0.004289416999999958,"rate":0,"totalPublicGas":{"daGas":0,"l2Gas":0},"totalBlockGas":{"daGas":1984,"l2Gas":529900},"totalSizeInBytes":1984,"silentlySkippedCount":0,"silentlySkippedDurationMs":0}
[18:39:20.641] INFO: txe:top_level_context Created block 7 with timestamp 9223372036854675807
[billboard_test] Testing c05::c05_real_post_near_horizon_rejects_new_recovery_obligation ... [0m[32mok[0m
[billboard_test] Testing c05::c05_saved_cap_allows_exactly_m_immediate_posts ... [0m[32mok[0m
[billboard_test] Testing c05::c05_zero_save_cap_rejected ... [0m[32mok[0m
[billboard_test] [0m[32m17 tests passed[0m
[private_fee_contract] Running 0 test functions
[private_fee_contract] [0m[32m0 tests passed[0m
[private_fee_test] Running 0 test functions
[private_fee_test] [0m[32m0 tests passed[0m
