[18:48:57.527] INFO: kv-store:lmdb-v2 Starting data store with maxReaders 2
{"profile":"C01 consistent-scope TXE","chain":1,"version":1,"originalPublicVersion":2,"realProofs":false,"port":65382}
[billboard_contract] Running 0 test functions
[billboard_contract] [0m[32m0 tests passed[0m
[billboard_test] Running 21 test functions
[billboard_test] Testing c05::c05_exact_executable_horizon_is_finite ... [0m[32mok[0m
[18:49:03.709] INFO: kv-store:lmdb-v2 Starting data store with maxReaders 2
[18:49:03.711] INFO: kv-store:lmdb-v2 Starting data store with maxReaders 2
[18:49:03.713] INFO: world-state:database Creating world state data store at directory /var/folders/ym/q1vh2x5n58xbsmpmvs5_6w3r0000gn/T/aztec-world-state-eOUbxs/world_state with map sizes {"archiveTreeMapSizeKb":10485760,"nullifierTreeMapSizeKb":10485760,"noteHashTreeMapSizeKb":10485760,"messageTreeMapSizeKb":10485760,"publicDataTreeMapSizeKb":10485760} and 2 threads (ephemeral=true).
[18:49:03.730] INFO: txe_node Aztec Node version: txe
[18:49:03.731] INFO: txe_node Aztec Node started on chain 0x1
[18:49:03.748] INFO: txe:top_level_context Created block 1 with timestamp 1789494543
[18:49:03.872] INFO: txe:top_level_context Created block 2 with timestamp 1789494543
[18:49:04.011] INFO: simulator:public-processor Processed 1 successful txs and 0 failed txs (0 silently skipped, 0ms wasted) in 0.0650913330000003s {"blockNumber":3,"successfulCount":1,"failedCount":0,"duration":0.0650913330000003,"rate":88747913.64312623,"totalPublicGas":{"daGas":5792,"l2Gas":5776720},"totalBlockGas":{"daGas":5792,"l2Gas":5776720},"totalSizeInBytes":5920,"silentlySkippedCount":0,"silentlySkippedDurationMs":0}
[18:49:04.182] INFO: simulator:public-processor Processed 1 successful txs and 0 failed txs (0 silently skipped, 0ms wasted) in 0.01388604099999975s {"blockNumber":4,"successfulCount":1,"failedCount":0,"duration":0.01388604099999975,"rate":82144867.64082149,"totalPublicGas":{"daGas":192,"l2Gas":1140667},"totalBlockGas":{"daGas":320,"l2Gas":1731467},"totalSizeInBytes":320,"silentlySkippedCount":0,"silentlySkippedDurationMs":0}
[18:49:04.212] INFO: txe:top_level_context Created block 5 with timestamp 1789494543
[18:49:04.392] INFO: simulator:public-processor Processed 1 successful txs and 0 failed txs (0 silently skipped, 0ms wasted) in 0.004838333000001512s {"blockNumber":6,"successfulCount":1,"failedCount":0,"duration":0.004838333000001512,"rate":0,"totalPublicGas":{"daGas":0,"l2Gas":0},"totalBlockGas":{"daGas":1984,"l2Gas":529900},"totalSizeInBytes":1984,"silentlySkippedCount":0,"silentlySkippedDurationMs":0}
[18:49:04.422] INFO: txe:top_level_context Created block 7 with timestamp 1789498144
[18:49:04.856] INFO: simulator:public-processor Processed 1 successful txs and 0 failed txs (0 silently skipped, 0ms wasted) in 0.029129499999999097s {"blockNumber":8,"successfulCount":1,"failedCount":0,"duration":0.029129499999999097,"rate":70722738.1177179,"totalPublicGas":{"daGas":3840,"l2Gas":2060118},"totalBlockGas":{"daGas":5216,"l2Gas":2786868},"totalSizeInBytes":5216,"silentlySkippedCount":0,"silentlySkippedDurationMs":0}
[18:49:04.888] INFO: simulator:public-processor Processed 1 successful txs and 0 failed txs (0 silently skipped, 0ms wasted) in 0.004511624999999185s {"blockNumber":9,"successfulCount":1,"failedCount":0,"duration":0.004511624999999185,"rate":2694372.870086099,"totalPublicGas":{"daGas":0,"l2Gas":12156},"totalBlockGas":{"daGas":0,"l2Gas":12156},"totalSizeInBytes":128,"silentlySkippedCount":0,"silentlySkippedDurationMs":0}
[18:49:04.903] INFO: simulator:public-processor Processed 1 successful txs and 0 failed txs (0 silently skipped, 0ms wasted) in 0.004427374999999302s {"blockNumber":9,"successfulCount":1,"failedCount":0,"duration":0.004427374999999302,"rate":3039046.8392675393,"totalPublicGas":{"daGas":0,"l2Gas":13455},"totalBlockGas":{"daGas":0,"l2Gas":13455},"totalSizeInBytes":128,"silentlySkippedCount":0,"silentlySkippedDurationMs":0}
[18:49:04.918] INFO: simulator:public-processor Processed 1 successful txs and 0 failed txs (0 silently skipped, 0ms wasted) in 0.004401584000001094s {"blockNumber":9,"successfulCount":1,"failedCount":0,"duration":0.004401584000001094,"rate":3148866.408092304,"totalPublicGas":{"daGas":0,"l2Gas":13860},"totalBlockGas":{"daGas":0,"l2Gas":13860},"totalSizeInBytes":128,"silentlySkippedCount":0,"silentlySkippedDurationMs":0}
[18:49:05.218] INFO: txe:top_level_context Created block 9 with timestamp 1789505345
[18:49:05.521] INFO: kv-store:lmdb-v2 Starting data store with maxReaders 2
[18:49:05.522] INFO: world-state:database Creating world state data store at directory /var/folders/ym/q1vh2x5n58xbsmpmvs5_6w3r0000gn/T/aztec-world-state-NXRpw5/world_state with map sizes {"archiveTreeMapSizeKb":10485760,"nullifierTreeMapSizeKb":10485760,"noteHashTreeMapSizeKb":10485760,"messageTreeMapSizeKb":10485760,"publicDataTreeMapSizeKb":10485760} and 2 threads (ephemeral=true).
[18:49:05.532] INFO: txe_node Aztec Node version: txe
[18:49:05.532] INFO: txe_node Aztec Node started on chain 0x1
[18:49:05.587] INFO: txe:top_level_context Created block 1 with timestamp 1789494545
[18:49:05.615] INFO: simulator:public-processor Processed 1 successful txs and 0 failed txs (0 silently skipped, 0ms wasted) in 0.02845720799999981s {"blockNumber":10,"successfulCount":1,"failedCount":0,"duration":0.02845720799999981,"rate":72393539.09912784,"totalPublicGas":{"daGas":3840,"l2Gas":2060118},"totalBlockGas":{"daGas":5216,"l2Gas":2786868},"totalSizeInBytes":5216,"silentlySkippedCount":0,"silentlySkippedDurationMs":0}
[18:49:05.625] INFO: txe:top_level_context Created block 2 with timestamp 1789494545
[18:49:05.762] INFO: simulator:public-processor Processed 1 successful txs and 0 failed txs (0 silently skipped, 0ms wasted) in 0.06218104199999834s {"blockNumber":3,"successfulCount":1,"failedCount":0,"duration":0.06218104199999834,"rate":92901627.47675014,"totalPublicGas":{"daGas":5792,"l2Gas":5776720},"totalBlockGas":{"daGas":5792,"l2Gas":5776720},"totalSizeInBytes":5920,"silentlySkippedCount":0,"silentlySkippedDurationMs":0}
[18:49:05.905] INFO: simulator:public-processor Processed 1 successful txs and 0 failed txs (0 silently skipped, 0ms wasted) in 0.015096332999999504s {"blockNumber":4,"successfulCount":1,"failedCount":0,"duration":0.015096332999999504,"rate":75559210.30624042,"totalPublicGas":{"daGas":192,"l2Gas":1140667},"totalBlockGas":{"daGas":320,"l2Gas":1731467},"totalSizeInBytes":320,"silentlySkippedCount":0,"silentlySkippedDurationMs":0}
[18:49:05.933] INFO: txe:top_level_context Created block 5 with timestamp 1789494545
[18:49:06.029] INFO: txe:top_level_context Created block 11 with timestamp 1789508944
[18:49:06.223] INFO: simulator:public-processor Processed 1 successful txs and 0 failed txs (0 silently skipped, 0ms wasted) in 0.003965292000000772s {"blockNumber":6,"successfulCount":1,"failedCount":0,"duration":0.003965292000000772,"rate":0,"totalPublicGas":{"daGas":0,"l2Gas":0},"totalBlockGas":{"daGas":1984,"l2Gas":529900},"totalSizeInBytes":1984,"silentlySkippedCount":0,"silentlySkippedDurationMs":0}
[18:49:06.254] INFO: txe:top_level_context Created block 7 with timestamp 1789498146
[18:49:06.867] INFO: simulator:public-processor Processed 1 successful txs and 0 failed txs (0 silently skipped, 0ms wasted) in 0.17959458399999859s {"blockNumber":8,"successfulCount":1,"failedCount":0,"duration":0.17959458399999859,"rate":11470936.116870964,"totalPublicGas":{"daGas":3840,"l2Gas":2060118},"totalBlockGas":{"daGas":5216,"l2Gas":2786868},"totalSizeInBytes":5216,"silentlySkippedCount":0,"silentlySkippedDurationMs":0}
[18:49:06.917] INFO: simulator:public-processor Processed 1 successful txs and 0 failed txs (0 silently skipped, 0ms wasted) in 0.0052606250000008s {"blockNumber":9,"successfulCount":1,"failedCount":0,"duration":0.0052606250000008,"rate":2310752.049423434,"totalPublicGas":{"daGas":0,"l2Gas":12156},"totalBlockGas":{"daGas":0,"l2Gas":12156},"totalSizeInBytes":128,"silentlySkippedCount":0,"silentlySkippedDurationMs":0}
[18:49:06.983] INFO: simulator:public-processor Processed 1 successful txs and 0 failed txs (0 silently skipped, 0ms wasted) in 0.04983070800000132s {"blockNumber":9,"successfulCount":1,"failedCount":0,"duration":0.04983070800000132,"rate":275071.34757145407,"totalPublicGas":{"daGas":0,"l2Gas":13707},"totalBlockGas":{"daGas":0,"l2Gas":13707},"totalSizeInBytes":128,"silentlySkippedCount":0,"silentlySkippedDurationMs":0}
[18:49:07.002] INFO: simulator:public-processor Processed 1 successful txs and 0 failed txs (0 silently skipped, 0ms wasted) in 0.010090458000000581s {"blockNumber":12,"successfulCount":1,"failedCount":0,"duration":0.010090458000000581,"rate":0,"totalPublicGas":{"daGas":0,"l2Gas":0},"totalBlockGas":{"daGas":1440,"l2Gas":527400},"totalSizeInBytes":1440,"silentlySkippedCount":0,"silentlySkippedDurationMs":0}
[18:49:07.002] INFO: simulator:public-processor Processed 1 successful txs and 0 failed txs (0 silently skipped, 0ms wasted) in 0.0046124999999992726s {"blockNumber":9,"successfulCount":1,"failedCount":0,"duration":0.0046124999999992726,"rate":3004878.048780962,"totalPublicGas":{"daGas":0,"l2Gas":13860},"totalBlockGas":{"daGas":0,"l2Gas":13860},"totalSizeInBytes":128,"silentlySkippedCount":0,"silentlySkippedDurationMs":0}
[18:49:07.015] INFO: txe:top_level_context Created block 9 with timestamp 1789501745
[18:49:07.083] INFO: simulator:public-processor Processed 1 successful txs and 0 failed txs (0 silently skipped, 0ms wasted) in 0.022121917000000393s {"blockNumber":10,"successfulCount":1,"failedCount":0,"duration":0.022121917000000393,"rate":22915690.35359779,"totalPublicGas":{"daGas":1152,"l2Gas":506939},"totalBlockGas":{"daGas":1152,"l2Gas":506939},"totalSizeInBytes":1280,"silentlySkippedCount":0,"silentlySkippedDurationMs":0}
[18:49:07.126] INFO: txe:top_level_context Created block 11 with timestamp 1789501746
[billboard_test] Testing c05::c05_delayed_public_inclusion_gets_full_moderation_window ... [0m[32mok[0m
[18:49:07.781] INFO: simulator:public-processor Processed 1 successful txs and 0 failed txs (0 silently skipped, 0ms wasted) in 0.00393695900000057s {"blockNumber":12,"successfulCount":1,"failedCount":0,"duration":0.00393695900000057,"rate":0,"totalPublicGas":{"daGas":0,"l2Gas":0},"totalBlockGas":{"daGas":1440,"l2Gas":527400},"totalSizeInBytes":1440,"silentlySkippedCount":0,"silentlySkippedDurationMs":0}
[18:49:08.088] INFO: txe:top_level_context Created block 13 with timestamp 1789516145
[billboard_test] Testing c05::c05_flag_before_deadline_screens_at_deadline_once ... [0m[32mok[0m
[18:49:08.651] INFO: simulator:public-processor Processed 1 successful txs and 0 failed txs (0 silently skipped, 0ms wasted) in 0.0039238330000007406s {"blockNumber":14,"successfulCount":1,"failedCount":0,"duration":0.0039238330000007406,"rate":0,"totalPublicGas":{"daGas":0,"l2Gas":0},"totalBlockGas":{"daGas":1440,"l2Gas":527400},"totalSizeInBytes":1440,"silentlySkippedCount":0,"silentlySkippedDurationMs":0}
[18:49:09.371] INFO: kv-store:lmdb-v2 Starting data store with maxReaders 2
[18:49:09.372] INFO: world-state:database Creating world state data store at directory /var/folders/ym/q1vh2x5n58xbsmpmvs5_6w3r0000gn/T/aztec-world-state-xRRxjJ/world_state with map sizes {"archiveTreeMapSizeKb":10485760,"nullifierTreeMapSizeKb":10485760,"noteHashTreeMapSizeKb":10485760,"messageTreeMapSizeKb":10485760,"publicDataTreeMapSizeKb":10485760} and 2 threads (ephemeral=true).
[18:49:09.381] INFO: txe_node Aztec Node version: txe
[18:49:09.381] INFO: txe_node Aztec Node started on chain 0x1
[18:49:09.394] INFO: txe:top_level_context Created block 1 with timestamp 1789494549
[18:49:09.432] INFO: txe:top_level_context Created block 2 with timestamp 1789494549
[18:49:09.522] INFO: simulator:public-processor Processed 1 successful txs and 0 failed txs (0 silently skipped, 0ms wasted) in 0.06075133300000016s {"blockNumber":3,"successfulCount":1,"failedCount":0,"duration":0.06075133300000016,"rate":95087954.6955782,"totalPublicGas":{"daGas":5792,"l2Gas":5776720},"totalBlockGas":{"daGas":5792,"l2Gas":5776720},"totalSizeInBytes":5920,"silentlySkippedCount":0,"silentlySkippedDurationMs":0}
[18:49:09.636] INFO: simulator:public-processor Processed 1 successful txs and 0 failed txs (0 silently skipped, 0ms wasted) in 0.01311370799999895s {"blockNumber":4,"successfulCount":1,"failedCount":0,"duration":0.01311370799999895,"rate":86982796.9328043,"totalPublicGas":{"daGas":192,"l2Gas":1140667},"totalBlockGas":{"daGas":320,"l2Gas":1731467},"totalSizeInBytes":320,"silentlySkippedCount":0,"silentlySkippedDurationMs":0}
[18:49:09.663] INFO: txe:top_level_context Created block 5 with timestamp 1789494549
[18:49:09.816] INFO: simulator:public-processor Processed 1 successful txs and 0 failed txs (0 silently skipped, 0ms wasted) in 0.0039042909999989204s {"blockNumber":6,"successfulCount":1,"failedCount":0,"duration":0.0039042909999989204,"rate":0,"totalPublicGas":{"daGas":0,"l2Gas":0},"totalBlockGas":{"daGas":1984,"l2Gas":529900},"totalSizeInBytes":1984,"silentlySkippedCount":0,"silentlySkippedDurationMs":0}
[18:49:09.845] INFO: txe:top_level_context Created block 7 with timestamp 1789498150
[billboard_test] Testing c05::c05_flag_cannot_apply_new_policy_to_old_post ... [0m[32mok[0m
[18:49:10.246] INFO: simulator:public-processor Processed 1 successful txs and 0 failed txs (0 silently skipped, 0ms wasted) in 0.02819629200000054s {"blockNumber":8,"successfulCount":1,"failedCount":0,"duration":0.02819629200000054,"rate":73063436.85190807,"totalPublicGas":{"daGas":3840,"l2Gas":2060118},"totalBlockGas":{"daGas":5216,"l2Gas":2786868},"totalSizeInBytes":5216,"silentlySkippedCount":0,"silentlySkippedDurationMs":0}
[18:49:10.277] INFO: simulator:public-processor Processed 1 successful txs and 0 failed txs (0 silently skipped, 0ms wasted) in 0.00455475000000115s {"blockNumber":9,"successfulCount":1,"failedCount":0,"duration":0.00455475000000115,"rate":2668862.176847671,"totalPublicGas":{"daGas":0,"l2Gas":12156},"totalBlockGas":{"daGas":0,"l2Gas":12156},"totalSizeInBytes":128,"silentlySkippedCount":0,"silentlySkippedDurationMs":0}
[18:49:10.341] INFO: simulator:public-processor Processed 1 successful txs and 0 failed txs (0 silently skipped, 0ms wasted) in 0.05310616699999991s {"blockNumber":9,"successfulCount":1,"failedCount":0,"duration":0.05310616699999991,"rate":97722737.17287879,"totalPublicGas":{"daGas":4928,"l2Gas":5189680},"totalBlockGas":{"daGas":4928,"l2Gas":5189680},"totalSizeInBytes":5056,"silentlySkippedCount":0,"silentlySkippedDurationMs":0}
[18:49:10.371] INFO: simulator:public-processor Processed 1 successful txs and 0 failed txs (0 silently skipped, 0ms wasted) in 0.004388166999999157s {"blockNumber":10,"successfulCount":1,"failedCount":0,"duration":0.004388166999999157,"rate":2275893.3285815963,"totalPublicGas":{"daGas":0,"l2Gas":9987},"totalBlockGas":{"daGas":0,"l2Gas":9987},"totalSizeInBytes":128,"silentlySkippedCount":0,"silentlySkippedDurationMs":0}
[18:49:10.387] INFO: simulator:public-processor Processed 1 successful txs and 0 failed txs (0 silently skipped, 0ms wasted) in 0.006050749999998516s {"blockNumber":10,"successfulCount":1,"failedCount":0,"duration":0.006050749999998516,"rate":2821137.875470675,"totalPublicGas":{"daGas":0,"l2Gas":17070},"totalBlockGas":{"daGas":0,"l2Gas":17070},"totalSizeInBytes":128,"silentlySkippedCount":0,"silentlySkippedDurationMs":0}
[18:49:10.392] WARN: txe:top_level_context Could not find function artifact in contract Billboard for function '0x2c552290' when enriching error callstack
[18:49:10.893] INFO: kv-store:lmdb-v2 Starting data store with maxReaders 2
[18:49:10.895] INFO: world-state:database Creating world state data store at directory /var/folders/ym/q1vh2x5n58xbsmpmvs5_6w3r0000gn/T/aztec-world-state-KiWELe/world_state with map sizes {"archiveTreeMapSizeKb":10485760,"nullifierTreeMapSizeKb":10485760,"noteHashTreeMapSizeKb":10485760,"messageTreeMapSizeKb":10485760,"publicDataTreeMapSizeKb":10485760} and 2 threads (ephemeral=true).
[18:49:10.914] INFO: txe_node Aztec Node version: txe
[18:49:10.914] INFO: txe_node Aztec Node started on chain 0x1
[18:49:10.927] INFO: txe:top_level_context Created block 1 with timestamp 1789494550
[18:49:10.985] INFO: txe:top_level_context Created block 2 with timestamp 1789494550
[18:49:11.078] INFO: simulator:public-processor Processed 1 successful txs and 0 failed txs (0 silently skipped, 0ms wasted) in 0.06187554100000125s {"blockNumber":3,"successfulCount":1,"failedCount":0,"duration":0.06187554100000125,"rate":93360315.02334474,"totalPublicGas":{"daGas":5792,"l2Gas":5776720},"totalBlockGas":{"daGas":5792,"l2Gas":5776720},"totalSizeInBytes":5920,"silentlySkippedCount":0,"silentlySkippedDurationMs":0}
[18:49:11.199] INFO: simulator:public-processor Processed 1 successful txs and 0 failed txs (0 silently skipped, 0ms wasted) in 0.013230541000000812s {"blockNumber":4,"successfulCount":1,"failedCount":0,"duration":0.013230541000000812,"rate":86214690.69178124,"totalPublicGas":{"daGas":192,"l2Gas":1140667},"totalBlockGas":{"daGas":320,"l2Gas":1731467},"totalSizeInBytes":320,"silentlySkippedCount":0,"silentlySkippedDurationMs":0}
[18:49:11.228] INFO: txe:top_level_context Created block 5 with timestamp 1789494550
[18:49:11.392] INFO: simulator:public-processor Processed 1 successful txs and 0 failed txs (0 silently skipped, 0ms wasted) in 0.003968917000000147s {"blockNumber":6,"successfulCount":1,"failedCount":0,"duration":0.003968917000000147,"rate":0,"totalPublicGas":{"daGas":0,"l2Gas":0},"totalBlockGas":{"daGas":1984,"l2Gas":529900},"totalSizeInBytes":1984,"silentlySkippedCount":0,"silentlySkippedDurationMs":0}
[18:49:11.420] INFO: txe:top_level_context Created block 7 with timestamp 1789498151
[billboard_test] Testing c05::c05_flag_exact_deadline_rejected ... [0m[32mok[0m
[18:49:11.824] INFO: simulator:public-processor Processed 1 successful txs and 0 failed txs (0 silently skipped, 0ms wasted) in 0.02895400000000154s {"blockNumber":8,"successfulCount":1,"failedCount":0,"duration":0.02895400000000154,"rate":71151412.58547664,"totalPublicGas":{"daGas":3840,"l2Gas":2060118},"totalBlockGas":{"daGas":5216,"l2Gas":2786868},"totalSizeInBytes":5216,"silentlySkippedCount":0,"silentlySkippedDurationMs":0}
[18:49:11.856] INFO: simulator:public-processor Processed 1 successful txs and 0 failed txs (0 silently skipped, 0ms wasted) in 0.004557042000000365s {"blockNumber":9,"successfulCount":1,"failedCount":0,"duration":0.004557042000000365,"rate":2667519.8516930556,"totalPublicGas":{"daGas":0,"l2Gas":12156},"totalBlockGas":{"daGas":0,"l2Gas":12156},"totalSizeInBytes":128,"silentlySkippedCount":0,"silentlySkippedDurationMs":0}
[18:49:11.871] INFO: simulator:public-processor Processed 1 successful txs and 0 failed txs (0 silently skipped, 0ms wasted) in 0.004556291000000783s {"blockNumber":9,"successfulCount":1,"failedCount":0,"duration":0.004556291000000783,"rate":3008367.9905426684,"totalPublicGas":{"daGas":0,"l2Gas":13707},"totalBlockGas":{"daGas":0,"l2Gas":13707},"totalSizeInBytes":128,"silentlySkippedCount":0,"silentlySkippedDurationMs":0}
[18:49:11.886] INFO: simulator:public-processor Processed 1 successful txs and 0 failed txs (0 silently skipped, 0ms wasted) in 0.004703042000001005s {"blockNumber":9,"successfulCount":1,"failedCount":0,"duration":0.004703042000001005,"rate":2947028.7528788894,"totalPublicGas":{"daGas":0,"l2Gas":13860},"totalBlockGas":{"daGas":0,"l2Gas":13860},"totalSizeInBytes":128,"silentlySkippedCount":0,"silentlySkippedDurationMs":0}
[18:49:11.900] INFO: txe:top_level_context Created block 9 with timestamp 1789501751
[18:49:11.922] INFO: simulator:public-processor Processed 1 successful txs and 0 failed txs (0 silently skipped, 0ms wasted) in 0.004739417000000685s {"blockNumber":10,"successfulCount":1,"failedCount":0,"duration":0.004739417000000685,"rate":4116962.0651648035,"totalPublicGas":{"daGas":0,"l2Gas":19512},"totalBlockGas":{"daGas":0,"l2Gas":19512},"totalSizeInBytes":128,"silentlySkippedCount":0,"silentlySkippedDurationMs":0}
[18:49:11.925] WARN: txe:top_level_context Could not find function artifact in contract Billboard for function '0x2c552290' when enriching error callstack
[billboard_test] Testing c05::c05_generated_economic_boundaries_match_independent_integer_model ... [0m[32mok[0m
[billboard_test] Testing c05::c05_more_than_two_screened_flags_rejected ... [0m[32mok[0m
[18:49:14.321] INFO: kv-store:lmdb-v2 Starting data store with maxReaders 2
[18:49:14.322] INFO: world-state:database Creating world state data store at directory /var/folders/ym/q1vh2x5n58xbsmpmvs5_6w3r0000gn/T/aztec-world-state-NjU9jj/world_state with map sizes {"archiveTreeMapSizeKb":10485760,"nullifierTreeMapSizeKb":10485760,"noteHashTreeMapSizeKb":10485760,"messageTreeMapSizeKb":10485760,"publicDataTreeMapSizeKb":10485760} and 2 threads (ephemeral=true).
[18:49:14.332] INFO: txe_node Aztec Node version: txe
[18:49:14.332] INFO: txe_node Aztec Node started on chain 0x1
[18:49:14.344] INFO: txe:top_level_context Created block 1 with timestamp 1789494554
[18:49:14.423] INFO: txe:top_level_context Created block 2 with timestamp 1789494554
[18:49:14.515] INFO: simulator:public-processor Processed 1 successful txs and 0 failed txs (0 silently skipped, 0ms wasted) in 0.06090875000000233s {"blockNumber":3,"successfulCount":1,"failedCount":0,"duration":0.06090875000000233,"rate":94842202.47501023,"totalPublicGas":{"daGas":5792,"l2Gas":5776720},"totalBlockGas":{"daGas":5792,"l2Gas":5776720},"totalSizeInBytes":5920,"silentlySkippedCount":0,"silentlySkippedDurationMs":0}
[18:49:14.638] INFO: simulator:public-processor Processed 1 successful txs and 0 failed txs (0 silently skipped, 0ms wasted) in 0.01363679200000115s {"blockNumber":4,"successfulCount":1,"failedCount":0,"duration":0.01363679200000115,"rate":83646285.72467071,"totalPublicGas":{"daGas":192,"l2Gas":1140667},"totalBlockGas":{"daGas":320,"l2Gas":1731467},"totalSizeInBytes":320,"silentlySkippedCount":0,"silentlySkippedDurationMs":0}
[18:49:14.667] INFO: txe:top_level_context Created block 5 with timestamp 1789494554
[18:49:14.823] INFO: simulator:public-processor Processed 1 successful txs and 0 failed txs (0 silently skipped, 0ms wasted) in 0.004167084000000614s {"blockNumber":6,"successfulCount":1,"failedCount":0,"duration":0.004167084000000614,"rate":0,"totalPublicGas":{"daGas":0,"l2Gas":0},"totalBlockGas":{"daGas":1984,"l2Gas":529900},"totalSizeInBytes":1984,"silentlySkippedCount":0,"silentlySkippedDurationMs":0}
[18:49:14.851] INFO: txe:top_level_context Created block 7 with timestamp 9223372036854675807
[18:49:15.227] INFO: simulator:public-processor Processed 1 successful txs and 0 failed txs (0 silently skipped, 0ms wasted) in 0.00510649999999805s {"blockNumber":8,"successfulCount":1,"failedCount":0,"duration":0.00510649999999805,"rate":0,"totalPublicGas":{"daGas":0,"l2Gas":0},"totalBlockGas":{"daGas":1440,"l2Gas":527400},"totalSizeInBytes":1440,"silentlySkippedCount":0,"silentlySkippedDurationMs":0}
[18:49:15.576] INFO: simulator:public-processor Processed 1 successful txs and 0 failed txs (0 silently skipped, 0ms wasted) in 0.0040522090000013125s {"blockNumber":9,"successfulCount":1,"failedCount":0,"duration":0.0040522090000013125,"rate":0,"totalPublicGas":{"daGas":0,"l2Gas":0},"totalBlockGas":{"daGas":256,"l2Gas":477200},"totalSizeInBytes":256,"silentlySkippedCount":0,"silentlySkippedDurationMs":0}
[billboard_test] Testing c05::c05_new_penalty_cannot_cross_executable_horizon ... [0m[32mok[0m
[billboard_test] Testing c05::c05_near_horizon_does_not_block_existing_eligible_exit ... [0m[32mok[0m
[18:49:18.009] INFO: kv-store:lmdb-v2 Starting data store with maxReaders 2
[18:49:18.028] INFO: world-state:database Creating world state data store at directory /var/folders/ym/q1vh2x5n58xbsmpmvs5_6w3r0000gn/T/aztec-world-state-e1QLBY/world_state with map sizes {"archiveTreeMapSizeKb":10485760,"nullifierTreeMapSizeKb":10485760,"noteHashTreeMapSizeKb":10485760,"messageTreeMapSizeKb":10485760,"publicDataTreeMapSizeKb":10485760} and 2 threads (ephemeral=true).
[18:49:18.043] INFO: txe_node Aztec Node version: txe
[18:49:18.043] INFO: txe_node Aztec Node started on chain 0x1
[18:49:18.062] INFO: txe:top_level_context Created block 1 with timestamp 1789494558
[18:49:18.108] INFO: txe:top_level_context Created block 2 with timestamp 1789494558
[18:49:18.161] INFO: kv-store:lmdb-v2 Starting data store with maxReaders 2
[18:49:18.163] INFO: world-state:database Creating world state data store at directory /var/folders/ym/q1vh2x5n58xbsmpmvs5_6w3r0000gn/T/aztec-world-state-9l0Utm/world_state with map sizes {"archiveTreeMapSizeKb":10485760,"nullifierTreeMapSizeKb":10485760,"noteHashTreeMapSizeKb":10485760,"messageTreeMapSizeKb":10485760,"publicDataTreeMapSizeKb":10485760} and 2 threads (ephemeral=true).
[18:49:18.172] INFO: txe_node Aztec Node version: txe
[18:49:18.172] INFO: txe_node Aztec Node started on chain 0x1
[18:49:18.188] INFO: txe:top_level_context Created block 1 with timestamp 1789494558
[18:49:18.211] INFO: simulator:public-processor Processed 1 successful txs and 0 failed txs (0 silently skipped, 0ms wasted) in 0.06523308299999916s {"blockNumber":3,"successfulCount":1,"failedCount":0,"duration":0.06523308299999916,"rate":88555066.45301548,"totalPublicGas":{"daGas":5792,"l2Gas":5776720},"totalBlockGas":{"daGas":5792,"l2Gas":5776720},"totalSizeInBytes":5920,"silentlySkippedCount":0,"silentlySkippedDurationMs":0}
[18:49:18.229] INFO: txe:top_level_context Created block 2 with timestamp 1789494558
[18:49:18.347] INFO: simulator:public-processor Processed 1 successful txs and 0 failed txs (0 silently skipped, 0ms wasted) in 0.07095616599999995s {"blockNumber":3,"successfulCount":1,"failedCount":0,"duration":0.07095616599999995,"rate":81412516.00318998,"totalPublicGas":{"daGas":5792,"l2Gas":5776720},"totalBlockGas":{"daGas":5792,"l2Gas":5776720},"totalSizeInBytes":5920,"silentlySkippedCount":0,"silentlySkippedDurationMs":0}
[18:49:18.431] INFO: simulator:public-processor Processed 1 successful txs and 0 failed txs (0 silently skipped, 0ms wasted) in 0.017126000000000204s {"blockNumber":4,"successfulCount":1,"failedCount":0,"duration":0.017126000000000204,"rate":66604402.66261745,"totalPublicGas":{"daGas":192,"l2Gas":1140667},"totalBlockGas":{"daGas":320,"l2Gas":1731467},"totalSizeInBytes":320,"silentlySkippedCount":0,"silentlySkippedDurationMs":0}
[18:49:18.462] INFO: txe:top_level_context Created block 5 with timestamp 1789494558
[18:49:18.488] INFO: simulator:public-processor Processed 1 successful txs and 0 failed txs (0 silently skipped, 0ms wasted) in 0.01718174999999974s {"blockNumber":4,"successfulCount":1,"failedCount":0,"duration":0.01718174999999974,"rate":66388289.90062231,"totalPublicGas":{"daGas":192,"l2Gas":1140667},"totalBlockGas":{"daGas":320,"l2Gas":1731467},"totalSizeInBytes":320,"silentlySkippedCount":0,"silentlySkippedDurationMs":0}
[18:49:18.524] INFO: txe:top_level_context Created block 5 with timestamp 1789494558
[18:49:18.670] INFO: simulator:public-processor Processed 1 successful txs and 0 failed txs (0 silently skipped, 0ms wasted) in 0.00395270900000105s {"blockNumber":6,"successfulCount":1,"failedCount":0,"duration":0.00395270900000105,"rate":0,"totalPublicGas":{"daGas":0,"l2Gas":0},"totalBlockGas":{"daGas":1984,"l2Gas":529900},"totalSizeInBytes":1984,"silentlySkippedCount":0,"silentlySkippedDurationMs":0}
[18:49:18.724] INFO: txe:top_level_context Created block 7 with timestamp 1789498159
[18:49:18.785] INFO: simulator:public-processor Processed 1 successful txs and 0 failed txs (0 silently skipped, 0ms wasted) in 0.003855166999997891s {"blockNumber":6,"successfulCount":1,"failedCount":0,"duration":0.003855166999997891,"rate":0,"totalPublicGas":{"daGas":0,"l2Gas":0},"totalBlockGas":{"daGas":1984,"l2Gas":529900},"totalSizeInBytes":1984,"silentlySkippedCount":0,"silentlySkippedDurationMs":0}
[billboard_test] Testing c05::c05_no_real_posts_still_owe_initial_cooldown ... [0m[32mok[0m
[18:49:19.211] INFO: simulator:public-processor Processed 1 successful txs and 0 failed txs (0 silently skipped, 0ms wasted) in 0.028595915999998396s {"blockNumber":8,"successfulCount":1,"failedCount":0,"duration":0.028595915999998396,"rate":72042385.35321322,"totalPublicGas":{"daGas":3840,"l2Gas":2060118},"totalBlockGas":{"daGas":5216,"l2Gas":2786868},"totalSizeInBytes":5216,"silentlySkippedCount":0,"silentlySkippedDurationMs":0}
[18:49:19.244] INFO: simulator:public-processor Processed 1 successful txs and 0 failed txs (0 silently skipped, 0ms wasted) in 0.004691624999999476s {"blockNumber":9,"successfulCount":1,"failedCount":0,"duration":0.004691624999999476,"rate":2590999.9200706277,"totalPublicGas":{"daGas":0,"l2Gas":12156},"totalBlockGas":{"daGas":0,"l2Gas":12156},"totalSizeInBytes":128,"silentlySkippedCount":0,"silentlySkippedDurationMs":0}
[18:49:19.259] INFO: simulator:public-processor Processed 1 successful txs and 0 failed txs (0 silently skipped, 0ms wasted) in 0.004358875000001717s {"blockNumber":9,"successfulCount":1,"failedCount":0,"duration":0.004358875000001717,"rate":3144618.737631751,"totalPublicGas":{"daGas":0,"l2Gas":13707},"totalBlockGas":{"daGas":0,"l2Gas":13707},"totalSizeInBytes":128,"silentlySkippedCount":0,"silentlySkippedDurationMs":0}
[18:49:19.279] INFO: simulator:public-processor Processed 1 successful txs and 0 failed txs (0 silently skipped, 0ms wasted) in 0.009824375000000145s {"blockNumber":9,"successfulCount":1,"failedCount":0,"duration":0.009824375000000145,"rate":51600127.23455614,"totalPublicGas":{"daGas":1152,"l2Gas":506939},"totalBlockGas":{"daGas":1152,"l2Gas":506939},"totalSizeInBytes":1280,"silentlySkippedCount":0,"silentlySkippedDurationMs":0}
[18:49:19.309] INFO: simulator:public-processor Processed 1 successful txs and 0 failed txs (0 silently skipped, 0ms wasted) in 0.004538292000001093s {"blockNumber":10,"successfulCount":1,"failedCount":0,"duration":0.004538292000001093,"rate":3054012.3905638205,"totalPublicGas":{"daGas":0,"l2Gas":13860},"totalBlockGas":{"daGas":0,"l2Gas":13860},"totalSizeInBytes":128,"silentlySkippedCount":0,"silentlySkippedDurationMs":0}
[18:49:19.323] INFO: txe:top_level_context Created block 10 with timestamp 1789501759
[billboard_test] Testing c05::c05_newly_screened_flag_debt_blocks_withdraw_reset ... [0m[32mok[0m
[18:49:19.894] INFO: simulator:public-processor Processed 1 successful txs and 0 failed txs (0 silently skipped, 0ms wasted) in 0.004024790999999823s {"blockNumber":11,"successfulCount":1,"failedCount":0,"duration":0.004024790999999823,"rate":0,"totalPublicGas":{"daGas":0,"l2Gas":0},"totalBlockGas":{"daGas":1440,"l2Gas":527400},"totalSizeInBytes":1440,"silentlySkippedCount":0,"silentlySkippedDurationMs":0}
[18:49:21.227] INFO: kv-store:lmdb-v2 Starting data store with maxReaders 2
[18:49:21.228] INFO: world-state:database Creating world state data store at directory /var/folders/ym/q1vh2x5n58xbsmpmvs5_6w3r0000gn/T/aztec-world-state-gD8YTw/world_state with map sizes {"archiveTreeMapSizeKb":10485760,"nullifierTreeMapSizeKb":10485760,"noteHashTreeMapSizeKb":10485760,"messageTreeMapSizeKb":10485760,"publicDataTreeMapSizeKb":10485760} and 2 threads (ephemeral=true).
[18:49:21.237] INFO: txe_node Aztec Node version: txe
[18:49:21.237] INFO: txe_node Aztec Node started on chain 0x1
[18:49:21.249] INFO: txe:top_level_context Created block 1 with timestamp 1789494561
[18:49:21.288] INFO: txe:top_level_context Created block 2 with timestamp 1789494561
[18:49:21.376] INFO: simulator:public-processor Processed 1 successful txs and 0 failed txs (0 silently skipped, 0ms wasted) in 0.06011145899999974s {"blockNumber":3,"successfulCount":1,"failedCount":0,"duration":0.06011145899999974,"rate":96100146.23002288,"totalPublicGas":{"daGas":5792,"l2Gas":5776720},"totalBlockGas":{"daGas":5792,"l2Gas":5776720},"totalSizeInBytes":5920,"silentlySkippedCount":0,"silentlySkippedDurationMs":0}
[18:49:21.502] INFO: simulator:public-processor Processed 1 successful txs and 0 failed txs (0 silently skipped, 0ms wasted) in 0.013829417000000831s {"blockNumber":4,"successfulCount":1,"failedCount":0,"duration":0.013829417000000831,"rate":82481206.54687984,"totalPublicGas":{"daGas":192,"l2Gas":1140667},"totalBlockGas":{"daGas":320,"l2Gas":1731467},"totalSizeInBytes":320,"silentlySkippedCount":0,"silentlySkippedDurationMs":0}
[18:49:21.531] INFO: txe:top_level_context Created block 5 with timestamp 1789494561
[18:49:21.698] INFO: simulator:public-processor Processed 1 successful txs and 0 failed txs (0 silently skipped, 0ms wasted) in 0.004770000000000436s {"blockNumber":6,"successfulCount":1,"failedCount":0,"duration":0.004770000000000436,"rate":0,"totalPublicGas":{"daGas":0,"l2Gas":0},"totalBlockGas":{"daGas":1984,"l2Gas":529900},"totalSizeInBytes":1984,"silentlySkippedCount":0,"silentlySkippedDurationMs":0}
[18:49:21.728] INFO: txe:top_level_context Created block 7 with timestamp 1789498162
[18:49:22.392] INFO: simulator:public-processor Processed 1 successful txs and 0 failed txs (0 silently skipped, 0ms wasted) in 0.030163416999999755s {"blockNumber":8,"successfulCount":1,"failedCount":0,"duration":0.030163416999999755,"rate":68298561.79755817,"totalPublicGas":{"daGas":3840,"l2Gas":2060118},"totalBlockGas":{"daGas":5216,"l2Gas":2786868},"totalSizeInBytes":5216,"silentlySkippedCount":0,"silentlySkippedDurationMs":0}
[18:49:22.425] INFO: simulator:public-processor Processed 1 successful txs and 0 failed txs (0 silently skipped, 0ms wasted) in 0.005598291999998764s {"blockNumber":9,"successfulCount":1,"failedCount":0,"duration":0.005598291999998764,"rate":2171376.5555642117,"totalPublicGas":{"daGas":0,"l2Gas":12156},"totalBlockGas":{"daGas":0,"l2Gas":12156},"totalSizeInBytes":128,"silentlySkippedCount":0,"silentlySkippedDurationMs":0}
[18:49:22.441] INFO: simulator:public-processor Processed 1 successful txs and 0 failed txs (0 silently skipped, 0ms wasted) in 0.004992500000000291s {"blockNumber":9,"successfulCount":1,"failedCount":0,"duration":0.004992500000000291,"rate":2745518.2774159643,"totalPublicGas":{"daGas":0,"l2Gas":13707},"totalBlockGas":{"daGas":0,"l2Gas":13707},"totalSizeInBytes":128,"silentlySkippedCount":0,"silentlySkippedDurationMs":0}
[18:49:22.462] INFO: simulator:public-processor Processed 1 successful txs and 0 failed txs (0 silently skipped, 0ms wasted) in 0.01026324999999997s {"blockNumber":9,"successfulCount":1,"failedCount":0,"duration":0.01026324999999997,"rate":49393613.134241246,"totalPublicGas":{"daGas":1152,"l2Gas":506939},"totalBlockGas":{"daGas":1152,"l2Gas":506939},"totalSizeInBytes":1280,"silentlySkippedCount":0,"silentlySkippedDurationMs":0}
[18:49:22.492] INFO: simulator:public-processor Processed 1 successful txs and 0 failed txs (0 silently skipped, 0ms wasted) in 0.004598042000001442s {"blockNumber":10,"successfulCount":1,"failedCount":0,"duration":0.004598042000001442,"rate":3014326.532901538,"totalPublicGas":{"daGas":0,"l2Gas":13860},"totalBlockGas":{"daGas":0,"l2Gas":13860},"totalSizeInBytes":128,"silentlySkippedCount":0,"silentlySkippedDurationMs":0}
[18:49:22.505] INFO: txe:top_level_context Created block 10 with timestamp 1789501762
[billboard_test] Testing c05::c05_policy_hash_matches_independent_python_vector ... [0m[32mok[0m
[18:49:23.095] INFO: simulator:public-processor Processed 1 successful txs and 0 failed txs (0 silently skipped, 0ms wasted) in 0.0047607500000012805s {"blockNumber":11,"successfulCount":1,"failedCount":0,"duration":0.0047607500000012805,"rate":0,"totalPublicGas":{"daGas":0,"l2Gas":0},"totalBlockGas":{"daGas":1440,"l2Gas":527400},"totalSizeInBytes":1440,"silentlySkippedCount":0,"silentlySkippedDurationMs":0}
[18:49:23.414] INFO: txe:top_level_context Created block 12 with timestamp 1789516161
[18:49:23.542] INFO: simulator:public-processor Processed 1 successful txs and 0 failed txs (0 silently skipped, 0ms wasted) in 0.0036754159999982223s {"blockNumber":13,"successfulCount":1,"failedCount":0,"duration":0.0036754159999982223,"rate":0,"totalPublicGas":{"daGas":0,"l2Gas":0},"totalBlockGas":{"daGas":256,"l2Gas":477200},"totalSizeInBytes":256,"silentlySkippedCount":0,"silentlySkippedDurationMs":0}
[18:49:23.837] INFO: txe:top_level_context Created block 14 with timestamp 1789516161
[18:49:23.982] INFO: simulator:public-processor Processed 1 successful txs and 0 failed txs (0 silently skipped, 0ms wasted) in 0.0037321659999979603s {"blockNumber":15,"successfulCount":1,"failedCount":0,"duration":0.0037321659999979603,"rate":0,"totalPublicGas":{"daGas":0,"l2Gas":0},"totalBlockGas":{"daGas":832,"l2Gas":499700},"totalSizeInBytes":832,"silentlySkippedCount":0,"silentlySkippedDurationMs":0}
[billboard_test] Testing c05::c05_penalty_expiry_allows_exit_and_distinct_redeposit ... [0m[32mok[0m
[18:49:25.063] INFO: kv-store:lmdb-v2 Starting data store with maxReaders 2
[18:49:25.065] INFO: world-state:database Creating world state data store at directory /var/folders/ym/q1vh2x5n58xbsmpmvs5_6w3r0000gn/T/aztec-world-state-Fdlb2f/world_state with map sizes {"archiveTreeMapSizeKb":10485760,"nullifierTreeMapSizeKb":10485760,"noteHashTreeMapSizeKb":10485760,"messageTreeMapSizeKb":10485760,"publicDataTreeMapSizeKb":10485760} and 2 threads (ephemeral=true).
[18:49:25.076] INFO: txe_node Aztec Node version: txe
[18:49:25.076] INFO: txe_node Aztec Node started on chain 0x1
[18:49:25.089] INFO: txe:top_level_context Created block 1 with timestamp 1789494565
[18:49:25.128] INFO: txe:top_level_context Created block 2 with timestamp 1789494565
[18:49:25.221] INFO: simulator:public-processor Processed 1 successful txs and 0 failed txs (0 silently skipped, 0ms wasted) in 0.06078954199999862s {"blockNumber":3,"successfulCount":1,"failedCount":0,"duration":0.06078954199999862,"rate":95028187.5787143,"totalPublicGas":{"daGas":5792,"l2Gas":5776720},"totalBlockGas":{"daGas":5792,"l2Gas":5776720},"totalSizeInBytes":5920,"silentlySkippedCount":0,"silentlySkippedDurationMs":0}
[18:49:25.345] INFO: simulator:public-processor Processed 1 successful txs and 0 failed txs (0 silently skipped, 0ms wasted) in 0.014787709000000177s {"blockNumber":4,"successfulCount":1,"failedCount":0,"duration":0.014787709000000177,"rate":77136154.085801,"totalPublicGas":{"daGas":192,"l2Gas":1140667},"totalBlockGas":{"daGas":320,"l2Gas":1731467},"totalSizeInBytes":320,"silentlySkippedCount":0,"silentlySkippedDurationMs":0}
[18:49:25.376] INFO: txe:top_level_context Created block 5 with timestamp 1789494565
[18:49:25.559] INFO: simulator:public-processor Processed 1 successful txs and 0 failed txs (0 silently skipped, 0ms wasted) in 0.004385125000000698s {"blockNumber":6,"successfulCount":1,"failedCount":0,"duration":0.004385125000000698,"rate":0,"totalPublicGas":{"daGas":0,"l2Gas":0},"totalBlockGas":{"daGas":1984,"l2Gas":529900},"totalSizeInBytes":1984,"silentlySkippedCount":0,"silentlySkippedDurationMs":0}
[18:49:25.593] INFO: txe:top_level_context Created block 7 with timestamp 1789498166
[18:49:26.210] INFO: simulator:public-processor Processed 1 successful txs and 0 failed txs (0 silently skipped, 0ms wasted) in 0.029696749999999154s {"blockNumber":8,"successfulCount":1,"failedCount":0,"duration":0.029696749999999154,"rate":69371833.61815885,"totalPublicGas":{"daGas":3840,"l2Gas":2060118},"totalBlockGas":{"daGas":5216,"l2Gas":2786868},"totalSizeInBytes":5216,"silentlySkippedCount":0,"silentlySkippedDurationMs":0}
[18:49:26.242] INFO: simulator:public-processor Processed 1 successful txs and 0 failed txs (0 silently skipped, 0ms wasted) in 0.004456291000002238s {"blockNumber":9,"successfulCount":1,"failedCount":0,"duration":0.004456291000002238,"rate":2727829.0398885296,"totalPublicGas":{"daGas":0,"l2Gas":12156},"totalBlockGas":{"daGas":0,"l2Gas":12156},"totalSizeInBytes":128,"silentlySkippedCount":0,"silentlySkippedDurationMs":0}
[18:49:26.258] INFO: simulator:public-processor Processed 1 successful txs and 0 failed txs (0 silently skipped, 0ms wasted) in 0.004907415999998193s {"blockNumber":9,"successfulCount":1,"failedCount":0,"duration":0.004907415999998193,"rate":2793119.6377085308,"totalPublicGas":{"daGas":0,"l2Gas":13707},"totalBlockGas":{"daGas":0,"l2Gas":13707},"totalSizeInBytes":128,"silentlySkippedCount":0,"silentlySkippedDurationMs":0}
[18:49:26.273] INFO: simulator:public-processor Processed 1 successful txs and 0 failed txs (0 silently skipped, 0ms wasted) in 0.004528999999998632s {"blockNumber":9,"successfulCount":1,"failedCount":0,"duration":0.004528999999998632,"rate":2205122.5436085262,"totalPublicGas":{"daGas":0,"l2Gas":9987},"totalBlockGas":{"daGas":0,"l2Gas":9987},"totalSizeInBytes":128,"silentlySkippedCount":0,"silentlySkippedDurationMs":0}
[18:49:26.291] INFO: simulator:public-processor Processed 1 successful txs and 0 failed txs (0 silently skipped, 0ms wasted) in 0.00688604199999827s {"blockNumber":9,"successfulCount":1,"failedCount":0,"duration":0.00688604199999827,"rate":17447032.70761784,"totalPublicGas":{"daGas":0,"l2Gas":120141},"totalBlockGas":{"daGas":0,"l2Gas":120141},"totalSizeInBytes":128,"silentlySkippedCount":0,"silentlySkippedDurationMs":0}
[18:49:26.356] INFO: simulator:public-processor Processed 1 successful txs and 0 failed txs (0 silently skipped, 0ms wasted) in 0.05298983299999963s {"blockNumber":9,"successfulCount":1,"failedCount":0,"duration":0.05298983299999963,"rate":97937277.89253527,"totalPublicGas":{"daGas":4928,"l2Gas":5189680},"totalBlockGas":{"daGas":4928,"l2Gas":5189680},"totalSizeInBytes":5056,"silentlySkippedCount":0,"silentlySkippedDurationMs":0}
[18:49:26.387] INFO: simulator:public-processor Processed 1 successful txs and 0 failed txs (0 silently skipped, 0ms wasted) in 0.004416875000002619s {"blockNumber":10,"successfulCount":1,"failedCount":0,"duration":0.004416875000002619,"rate":2261100.891466043,"totalPublicGas":{"daGas":0,"l2Gas":9987},"totalBlockGas":{"daGas":0,"l2Gas":9987},"totalSizeInBytes":128,"silentlySkippedCount":0,"silentlySkippedDurationMs":0}
[18:49:26.405] INFO: kv-store:lmdb-v2 Starting data store with maxReaders 2
[18:49:26.405] INFO: simulator:public-processor Processed 1 successful txs and 0 failed txs (0 silently skipped, 0ms wasted) in 0.007693500000001222s {"blockNumber":10,"successfulCount":1,"failedCount":0,"duration":0.007693500000001222,"rate":15615909.534019746,"totalPublicGas":{"daGas":0,"l2Gas":120141},"totalBlockGas":{"daGas":0,"l2Gas":120141},"totalSizeInBytes":128,"silentlySkippedCount":0,"silentlySkippedDurationMs":0}
[18:49:26.406] INFO: world-state:database Creating world state data store at directory /var/folders/ym/q1vh2x5n58xbsmpmvs5_6w3r0000gn/T/aztec-world-state-sy6d5u/world_state with map sizes {"archiveTreeMapSizeKb":10485760,"nullifierTreeMapSizeKb":10485760,"noteHashTreeMapSizeKb":10485760,"messageTreeMapSizeKb":10485760,"publicDataTreeMapSizeKb":10485760} and 2 threads (ephemeral=true).
[18:49:26.415] INFO: txe_node Aztec Node version: txe
[18:49:26.415] INFO: txe_node Aztec Node started on chain 0x1
[18:49:26.427] INFO: txe:top_level_context Created block 1 with timestamp 1789494566
[18:49:26.431] INFO: simulator:public-processor Processed 1 successful txs and 0 failed txs (0 silently skipped, 0ms wasted) in 0.0046835840000021564s {"blockNumber":10,"successfulCount":1,"failedCount":0,"duration":0.0046835840000021564,"rate":2926604.924774209,"totalPublicGas":{"daGas":0,"l2Gas":13707},"totalBlockGas":{"daGas":0,"l2Gas":13707},"totalSizeInBytes":128,"silentlySkippedCount":0,"silentlySkippedDurationMs":0}
[18:49:26.454] INFO: simulator:public-processor Processed 1 successful txs and 0 failed txs (0 silently skipped, 0ms wasted) in 0.012149249999998574s {"blockNumber":10,"successfulCount":1,"failedCount":0,"duration":0.012149249999998574,"rate":41725950.1615375,"totalPublicGas":{"daGas":1152,"l2Gas":506939},"totalBlockGas":{"daGas":1152,"l2Gas":506939},"totalSizeInBytes":1280,"silentlySkippedCount":0,"silentlySkippedDurationMs":0}
[18:49:26.471] INFO: txe:top_level_context Created block 2 with timestamp 1789494566
[18:49:26.484] INFO: simulator:public-processor Processed 1 successful txs and 0 failed txs (0 silently skipped, 0ms wasted) in 0.004719915999998193s {"blockNumber":11,"successfulCount":1,"failedCount":0,"duration":0.004719915999998193,"rate":2881195.3433080604,"totalPublicGas":{"daGas":0,"l2Gas":13599},"totalBlockGas":{"daGas":0,"l2Gas":13599},"totalSizeInBytes":128,"silentlySkippedCount":0,"silentlySkippedDurationMs":0}
[18:49:26.504] INFO: simulator:public-processor Processed 1 successful txs and 0 failed txs (0 silently skipped, 0ms wasted) in 0.005163958000001002s {"blockNumber":11,"successfulCount":1,"failedCount":0,"duration":0.005163958000001002,"rate":7287433.398953418,"totalPublicGas":{"daGas":0,"l2Gas":37632},"totalBlockGas":{"daGas":0,"l2Gas":37632},"totalSizeInBytes":128,"silentlySkippedCount":0,"silentlySkippedDurationMs":0}
[18:49:26.523] INFO: simulator:public-processor Processed 1 successful txs and 0 failed txs (0 silently skipped, 0ms wasted) in 0.004856166000001394s {"blockNumber":11,"successfulCount":1,"failedCount":0,"duration":0.004856166000001394,"rate":2870783.247524075,"totalPublicGas":{"daGas":0,"l2Gas":13941},"totalBlockGas":{"daGas":0,"l2Gas":13941},"totalSizeInBytes":128,"silentlySkippedCount":0,"silentlySkippedDurationMs":0}
[billboard_test] Testing c05::c05_policy_snapshot_survives_policy_change ... [0m[32mok[0m
[18:49:26.570] INFO: simulator:public-processor Processed 1 successful txs and 0 failed txs (0 silently skipped, 0ms wasted) in 0.0609945000000007s {"blockNumber":3,"successfulCount":1,"failedCount":0,"duration":0.0609945000000007,"rate":94708867.19294254,"totalPublicGas":{"daGas":5792,"l2Gas":5776720},"totalBlockGas":{"daGas":5792,"l2Gas":5776720},"totalSizeInBytes":5920,"silentlySkippedCount":0,"silentlySkippedDurationMs":0}
[18:49:26.689] INFO: simulator:public-processor Processed 1 successful txs and 0 failed txs (0 silently skipped, 0ms wasted) in 0.014877374999996392s {"blockNumber":4,"successfulCount":1,"failedCount":0,"duration":0.014877374999996392,"rate":76671254.16952094,"totalPublicGas":{"daGas":192,"l2Gas":1140667},"totalBlockGas":{"daGas":320,"l2Gas":1731467},"totalSizeInBytes":320,"silentlySkippedCount":0,"silentlySkippedDurationMs":0}
[18:49:26.718] INFO: txe:top_level_context Created block 5 with timestamp 1789494566
[18:49:26.874] INFO: simulator:public-processor Processed 1 successful txs and 0 failed txs (0 silently skipped, 0ms wasted) in 0.003928166999998211s {"blockNumber":6,"successfulCount":1,"failedCount":0,"duration":0.003928166999998211,"rate":0,"totalPublicGas":{"daGas":0,"l2Gas":0},"totalBlockGas":{"daGas":1984,"l2Gas":529900},"totalSizeInBytes":1984,"silentlySkippedCount":0,"silentlySkippedDurationMs":0}
[18:49:26.902] INFO: txe:top_level_context Created block 7 with timestamp 9223372036854675807
[billboard_test] Testing c05::c05_real_post_near_horizon_rejects_new_recovery_obligation ... [0m[32mok[0m
[billboard_test] Testing c05::c05_reason_accepts_exact_200_canonical_bytes_and_empty ... [0m[32mok[0m
[billboard_test] Testing c05::c05_reason_cannot_hide_201st_byte_by_declaring_200 ... [0m[32mok[0m
[billboard_test] Testing c05::c05_reason_rejects_201_canonical_bytes ... [0m[32mok[0m
[billboard_test] Testing c05::c05_save_floor_saturates_without_erasing_existing_debt ... [0m[32mok[0m
[billboard_test] Testing c05::c05_saved_cap_allows_exactly_m_immediate_posts ... [0m[32mok[0m
[billboard_test] Testing c05::c05_zero_save_cap_rejected ... [0m[32mok[0m
[billboard_test] [0m[32m21 tests passed[0m
[private_fee_contract] Running 0 test functions
[private_fee_contract] [0m[32m0 tests passed[0m
[private_fee_test] Running 0 test functions
[private_fee_test] [0m[32m0 tests passed[0m
