✔ real argv-echo process preserves one inert reason argument: Quotes ' and " stay data (35.263833ms)
✔ real argv-echo process preserves one inert reason argument: `echo harmless` (28.898125ms)
✔ real argv-echo process preserves one inert reason argument: $(echo harmless) (27.118875ms)
✔ real argv-echo process preserves one inert reason argument: ${HOME}; true (29.125792ms)
✔ real argv-echo process preserves one inert reason argument: safe; # command-looking comment (28.993375ms)
✔ executable, operation, argv and execution limits are chosen by signer (1.158417ms)
✔ startup config mutation cannot redirect later flags (0.892208ms)
✔ host loader environment is not passed to the actual child (28.490334ms)
✔ flag rejects model-controlled operation without invoking a process (0.96125ms)
✔ flag rejects model-controlled command without invoking a process (0.651917ms)
✔ flag rejects model-controlled wallet without invoking a process (0.984208ms)
✔ flag rejects model-controlled destination without invoking a process (0.662625ms)
✔ flag rejects model-controlled cliPath without invoking a process (0.50625ms)
✔ flag rejects model-controlled nodeExecutable without invoking a process (0.497625ms)
✔ flag rejects model-controlled censorWallet without invoking a process (0.577208ms)
✔ invalid or incorrectly typed post id rejected: -1 (0.529459ms)
✔ invalid or incorrectly typed post id rejected: 4294967296 (0.858875ms)
✔ invalid or incorrectly typed post id rejected: 1.5 (0.53975ms)
✔ invalid or incorrectly typed post id rejected: NaN (0.765209ms)
✔ invalid or incorrectly typed post id rejected: Infinity (0.674333ms)
✔ invalid or incorrectly typed post id rejected: 1 (0.54625ms)
✔ invalid or incorrectly typed post id rejected: 1 --node-url (0.907ms)
✔ invalid or incorrectly typed post id rejected: null (0.610625ms)
✔ invalid or incorrectly typed post id rejected: undefined (0.638958ms)
✔ invalid or incorrectly typed post id rejected: [object Object] (0.747584ms)
✔ invalid or incorrectly typed post id rejected: 1 (0.527875ms)
✔ invalid or incorrectly typed post id rejected: 0x0000000000000000000000000000000000000000000000000000000000000000 (0.478917ms)
✔ invalid or incorrectly typed post id rejected: 0x30644e72e131a029b85045b68181585d2833e84879b9709143e1f593f0000001 (0.431584ms)
✔ full Field identity stays exact in signer argv (29.920667ms)
✔ unsafe or oversized reason rejected before process call: "line\nbreak" (0.663708ms)
✔ unsafe or oversized reason rejected before process call: "tab\tdata" (0.68175ms)
✔ unsafe or oversized reason rejected before process call: "nul\u0000data" (0.623834ms)
✔ unsafe or oversized reason rejected before process call: "\u001b[31mtext" (1.014083ms)
✔ unsafe or oversized reason rejected before process call: "--node-url" (1.546042ms)
✔ unsafe or oversized reason rejected before process call: " --censor-wallet" (0.90075ms)
✔ unsafe or oversized reason rejected before process call: "ééééééééééééééééééééééééééééééééééééééééééééééééééééééééééééééééééééééééééééééééééééééééééééééééééééé" (1.465459ms)
✔ unsafe or oversized reason rejected before process call: "" (1.670583ms)
✔ unsafe or oversized reason rejected before process call: null (0.75725ms)
✔ unsafe or oversized reason rejected before process call: {} (0.488333ms)
✔ unsafe or oversized reason rejected before process call: 123 (0.523375ms)
✔ JSON model output cannot override host-selected post index (0.830583ms)
✔ list validates data and projects away untrusted extra fields (1.058875ms)
✔ invalid list response rejected: malformed JSON (0.685333ms)
✔ invalid list response rejected: multiple candidate JSON records (0.473ms)
✔ invalid list response rejected: missing identity (0.47375ms)
✔ invalid list response rejected: zero identity (0.447875ms)
✔ invalid list response rejected: duplicate identities (0.605416ms)
✔ invalid list response rejected: string index (0.783709ms)
✔ invalid list response rejected: index outside count (0.614625ms)
✔ invalid list response rejected: duplicate indices (0.972875ms)
✔ invalid list response rejected: string flag (0.485416ms)
✔ invalid list response rejected: nonstring post (0.618208ms)
✔ invalid list response rejected: negative timestamp (0.616583ms)
✔ invalid list response rejected: oversize post text (0.456375ms)
✔ invalid or oversized process output rejected: object (0.545541ms)
✔ invalid or oversized process output rejected: object (0.545292ms)
✔ invalid or oversized process output rejected: string (2.859917ms)
✔ process timeout is observable without reflecting child diagnostics (0.63575ms)
✔ invalid policy version rejected before signing: undefined (0.507792ms)
✔ invalid policy version rejected before signing: null (0.462458ms)
✔ invalid policy version rejected before signing: 1 (0.449417ms)
✔ invalid policy version rejected before signing: 0x0000000000000000000000000000000000000000000000000000000000000000 (0.475625ms)
✔ invalid policy version rejected before signing: 0x30644e72e131a029b85045b68181585d2833e84879b9709143e1f593f0000001 (0.424625ms)
✔ missing policy or invalid deadline fails closed: {} (0.871708ms)
✔ missing policy or invalid deadline fails closed: {"policy":""} (0.385791ms)
✔ missing policy or invalid deadline fails closed: {"posts":[{"index":0,"postId":"0x0000000000000000000000000000000000000000000000000000000000000001","flagDeadline":"3601","text":"post","flagged":false,"timestamp":1}]} (0.465125ms)
✔ missing policy or invalid deadline fails closed: {"posts":[{"index":0,"postId":"0x0000000000000000000000000000000000000000000000000000000000000001","policyVersion":"0x0000000000000000000000000000000000000000000000000000000000000009","flagDeadline":"01","text":"post","flagged":false,"timestamp":1}]} (0.758417ms)
✔ missing policy or invalid deadline fails closed: {"posts":[{"index":0,"postId":"0x0000000000000000000000000000000000000000000000000000000000000001","policyVersion":"0x0000000000000000000000000000000000000000000000000000000000000009","flagDeadline":"-1","text":"post","flagged":false,"timestamp":1}]} (0.543417ms)
✔ missing policy or invalid deadline fails closed: {"posts":[{"index":0,"postId":"0x0000000000000000000000000000000000000000000000000000000000000001","policyVersion":"0x0000000000000000000000000000000000000000000000000000000000000009","flagDeadline":"9223372036854775808","text":"post","flagged":false,"timestamp":1}]} (0.601041ms)
✔ missing policy or invalid deadline fails closed: {"posts":[{"index":0,"postId":"0x0000000000000000000000000000000000000000000000000000000000000001","policyVersion":"0x0000000000000000000000000000000000000000000000000000000000000009","flagDeadline":100,"text":"post","flagged":false,"timestamp":1}]} (0.433625ms)
ℹ tests 70
ℹ suites 0
ℹ pass 70
ℹ fail 0
ℹ cancelled 0
ℹ skipped 0
ℹ todo 0
ℹ duration_ms 317.364958
