✔ simple VIOLATION with rule number and reason (6.459125ms)
✔ simple OK (0.757041ms)
✔ VIOLATION at end after thinking reasoning (0.337583ms)
✔ OK at end after thinking reasoning (0.120792ms)
✔ NOT A VIOLATION prose is explicitly unresolved, never a flag (0.449416ms)
✔ NO VIOLATION prose is explicitly unresolved, never a flag (0.114084ms)
✔ VIOLATION without reason is explicitly unresolved (0.103542ms)
✔ empty text is explicitly unresolved (0.08425ms)
✔ random text is explicitly unresolved instead of defaulting to OK (0.09725ms)
✔ VIOLATION with extra whitespace (0.18375ms)
✔ multiple lines, valid standalone VIOLATION is last (0.104333ms)
✔ earlier VIOLATION cannot make ambiguous final prose a verdict (0.085375ms)
✔ embedded VIOLATION after prose is not a standalone verdict (0.070584ms)
✔ oversized reason is rejected rather than silently truncated (0.080291ms)
✔ case insensitive VIOLATION (0.055166ms)
✔ case insensitive OK (0.053125ms)
✔ buildSystemPrompt mentions rules and billboard (0.129208ms)
✔ buildUserPrompt includes policy, post and clear output formats (0.164709ms)
✔ buildUserPrompt handles empty post (0.063417ms)
✔ buildUserPrompt quotes post data without corrupting its envelope (0.090875ms)
✔ thinking model output with reasoning then standalone legacy final verdict (0.057625ms)
✔ thinking model output that concludes OK (0.058708ms)
✔ legacy markdown bold wrapper remains supported (0.059208ms)
✔ strict JSON verdict true (0.162666ms)
✔ strict JSON verdict false (0.083666ms)
✔ JSON key order is irrelevant (0.082708ms)
✔ model cannot add command to verdict (0.09225ms)
✔ model cannot add operation to verdict (0.074083ms)
✔ model cannot add wallet to verdict (0.049583ms)
✔ model cannot add destination to verdict (0.310958ms)
✔ model cannot add postIndex to verdict (0.105709ms)
✔ model cannot add postId to verdict (0.061416ms)
✔ malformed or untyped verdict rejected: {"isViolation":true,"reason": (0.28425ms)
✔ malformed or untyped verdict rejected: [] (0.05275ms)
✔ malformed or untyped verdict rejected: null (0.069292ms)
✔ malformed or untyped verdict rejected: {"isViolation":"true","reason":"spam"} (0.04825ms)
✔ malformed or untyped verdict rejected: {"isViolation":true,"reason":null} (0.053334ms)
✔ malformed or untyped verdict rejected: {"isViolation":true,"reason":{"command":"list"}} (0.049875ms)
✔ malformed or untyped verdict rejected: {"isViolation":true,"isViolation":false,"reason":"spam" (0.065708ms)
✔ malformed or untyped verdict rejected: {"isViolation":true,"reason":"spam","reason":"other"} (0.051916ms)
✔ malformed or untyped verdict rejected: "VIOLATION - 1 - Spam" (0.05125ms)
✔ non-string model text rejected: null (0.062708ms)
✔ non-string model text rejected: undefined (0.041166ms)
✔ non-string model text rejected: false (0.045ms)
✔ non-string model text rejected: 123 (0.040709ms)
✔ non-string model text rejected: [object Object] (0.039708ms)
✔ non-string model text rejected: OK (0.054458ms)
✔ shell-looking JSON reason remains inert text: Quotes ' and " remain text (0.065875ms)
✔ shell-looking JSON reason remains inert text: `echo harmless` (0.045459ms)
✔ shell-looking JSON reason remains inert text: $(echo harmless) (0.036958ms)
✔ shell-looking JSON reason remains inert text: ${HOME}; true (0.039584ms)
✔ shell-looking JSON reason remains inert text: Reason: colons and "reason": stay inside one value (0.035375ms)
✔ control or option-like reason rejected: "line\nbreak" (0.060417ms)
✔ control or option-like reason rejected: "line\rbreak" (0.039541ms)
✔ control or option-like reason rejected: "tab\tdata" (0.038791ms)
✔ control or option-like reason rejected: "nul\u0000data" (0.038958ms)
✔ control or option-like reason rejected: "\u001b[31mtext" (0.037584ms)
✔ control or option-like reason rejected: "badtext" (0.038458ms)
✔ control or option-like reason rejected: "bad‮text" (0.077542ms)
✔ control or option-like reason rejected: "--node-url" (0.041667ms)
✔ control or option-like reason rejected: "\ud800" (0.035292ms)
✔ reason byte limit accounts for multibyte UTF-8 (0.107666ms)
✔ oversized full verdict is rejected (0.058917ms)
✔ oversized post and policy are rejected before network access (0.434291ms)
✔ valid HTTP final verdict uses structured request and trusted local endpoint (54.482541ms)
✔ incomplete or malformed HTTP choice is observable unresolved failure: {"choices":[{"finish_reason":"length","message":{"content":"VIOLATION - 1 - Spam"}}]} (0.45125ms)
✔ incomplete or malformed HTTP choice is observable unresolved failure: {"choices":[{"finish_reason":"stop","message":{"content":"","reasoning_content":"VIOLATION - 1  (0.612042ms)
✔ incomplete or malformed HTTP choice is observable unresolved failure: {"choices":[{"finish_reason":"stop","message":{"content":{"isViolation":true,"reason":"1 - Adve (1.4685ms)
✔ incomplete or malformed HTTP choice is observable unresolved failure: {"choices":[]} (0.576125ms)
✔ incomplete or malformed HTTP choice is observable unresolved failure: {"choices":[{"finish_reason":"stop","message":{"content":"OK"}},{"finish_reason":"stop","messag (0.654917ms)
✔ HTTP error remains unresolved without reflecting untrusted server body (0.665208ms)
✔ unavailable model produces explicit error (0.434667ms)
✔ timeout is bounded even if fetch adapter ignores cancellation (21.727458ms)
✔ malformed response JSON is explicit failure (0.942542ms)
✔ oversized HTTP response is stopped and cancelled (1.605625ms)
✔ slow response body is bounded by the whole-request timeout (22.391875ms)
ℹ tests 76
ℹ suites 0
ℹ pass 76
ℹ fail 0
ℹ cancelled 0
ℹ skipped 0
ℹ todo 0
ℹ duration_ms 131.033708
✔ real argv-echo process preserves one inert reason argument: Quotes ' and " stay data (74.580291ms)
✔ real argv-echo process preserves one inert reason argument: `echo harmless` (62.891583ms)
✔ real argv-echo process preserves one inert reason argument: $(echo harmless) (67.326ms)
✔ real argv-echo process preserves one inert reason argument: ${HOME}; true (63.929917ms)
✔ real argv-echo process preserves one inert reason argument: safe; # command-looking comment (62.388083ms)
✔ executable, operation, argv and execution limits are chosen by signer (2.631583ms)
✔ startup config mutation cannot redirect later flags (3.91225ms)
✔ host loader environment is not passed to the actual child (74.329125ms)
✔ flag rejects model-controlled operation without invoking a process (3.553458ms)
✔ flag rejects model-controlled command without invoking a process (2.4635ms)
✔ flag rejects model-controlled wallet without invoking a process (2.488875ms)
✔ flag rejects model-controlled destination without invoking a process (3.918917ms)
✔ flag rejects model-controlled cliPath without invoking a process (3.61825ms)
✔ flag rejects model-controlled nodeExecutable without invoking a process (3.877458ms)
✔ flag rejects model-controlled censorWallet without invoking a process (1.439084ms)
✔ flag rejects model-controlled privateFeeConfig without invoking a process (2.140625ms)
✔ flag rejects model-controlled ethRpcUrl without invoking a process (1.126875ms)
✔ flag rejects model-controlled privateFeeClaim without invoking a process (1.101334ms)
✔ flag rejects model-controlled private-fee-claim-file without invoking a process (3.231583ms)
✔ flag rejects model-controlled reconcilePrevious without invoking a process (1.116666ms)
✔ flag rejects model-controlled acknowledgeTx without invoking a process (2.195792ms)
✔ invalid or incorrectly typed post id rejected: -1 (1.668666ms)
✔ invalid or incorrectly typed post id rejected: 4294967296 (3.052291ms)
✔ invalid or incorrectly typed post id rejected: 1.5 (2.152833ms)
✔ invalid or incorrectly typed post id rejected: NaN (1.62475ms)
✔ invalid or incorrectly typed post id rejected: Infinity (1.489291ms)
✔ invalid or incorrectly typed post id rejected: 1 (2.190083ms)
✔ invalid or incorrectly typed post id rejected: 1 --node-url (1.713417ms)
✔ invalid or incorrectly typed post id rejected: null (1.648209ms)
✔ invalid or incorrectly typed post id rejected: undefined (1.543416ms)
✔ invalid or incorrectly typed post id rejected: [object Object] (1.507833ms)
✔ invalid or incorrectly typed post id rejected: 1 (2.223375ms)
✔ invalid or incorrectly typed post id rejected: 0x0000000000000000000000000000000000000000000000000000000000000000 (1.717416ms)
✔ invalid or incorrectly typed post id rejected: 0x30644e72e131a029b85045b68181585d2833e84879b9709143e1f593f0000001 (3.315417ms)
✔ full Field identity stays exact in signer argv (59.345666ms)
✔ unsafe or oversized reason rejected before process call: "line\nbreak" (1.770709ms)
✔ unsafe or oversized reason rejected before process call: "tab\tdata" (1.614541ms)
✔ unsafe or oversized reason rejected before process call: "nul\u0000data" (1.501375ms)
✔ unsafe or oversized reason rejected before process call: "\u001b[31mtext" (1.571958ms)
✔ unsafe or oversized reason rejected before process call: "--node-url" (2.249791ms)
✔ unsafe or oversized reason rejected before process call: " --censor-wallet" (1.772125ms)
✔ unsafe or oversized reason rejected before process call: "ééééééééééééééééééééééééééééééééééééééééééééééééééééééééééééééééééééééééééééééééééééééééééééééééééééé" (1.994583ms)
✔ unsafe or oversized reason rejected before process call: "" (1.870208ms)
✔ unsafe or oversized reason rejected before process call: null (1.412ms)
✔ unsafe or oversized reason rejected before process call: {} (2.219083ms)
✔ unsafe or oversized reason rejected before process call: 123 (1.820166ms)
✔ JSON model output cannot override host-selected post index (2.36775ms)
✔ list validates data and projects away untrusted extra fields (3.000375ms)
✔ invalid list response rejected: malformed JSON (1.408291ms)
✔ invalid list response rejected: multiple candidate JSON records (1.839667ms)
✔ invalid list response rejected: missing identity (1.667333ms)
✔ invalid list response rejected: zero identity (1.50875ms)
✔ invalid list response rejected: duplicate identities (1.930958ms)
✔ invalid list response rejected: string index (1.80625ms)
✔ invalid list response rejected: index outside count (1.683958ms)
✔ invalid list response rejected: duplicate indices (2.301209ms)
✔ invalid list response rejected: string flag (2.434ms)
✔ invalid list response rejected: nonstring post (2.74325ms)
✔ invalid list response rejected: negative timestamp (2.050541ms)
✔ invalid list response rejected: oversize post text (1.933833ms)
✔ invalid or oversized process output rejected: object (1.500167ms)
✔ invalid or oversized process output rejected: object (4.527834ms)
✔ invalid or oversized process output rejected: string (7.172833ms)
✔ process timeout is observable without reflecting child diagnostics (2.022959ms)
✔ invalid policy version rejected before signing: undefined (1.345916ms)
✔ invalid policy version rejected before signing: null (2.428083ms)
✔ invalid policy version rejected before signing: 1 (1.980042ms)
✔ invalid policy version rejected before signing: 0x0000000000000000000000000000000000000000000000000000000000000000 (1.463208ms)
✔ invalid policy version rejected before signing: 0x30644e72e131a029b85045b68181585d2833e84879b9709143e1f593f0000001 (3.455958ms)
✔ missing policy or invalid deadline fails closed: {} (1.94275ms)
✔ missing policy or invalid deadline fails closed: {"policy":""} (1.348333ms)
✔ missing policy or invalid deadline fails closed: {"posts":[{"index":0,"postId":"0x0000000000000000000000000000000000000000000000000000000000000001","flagDeadline":"3601","text":"post","flagged":false,"timestamp":1,"flagEvent":null}]} (1.572291ms)
✔ missing policy or invalid deadline fails closed: {"posts":[{"index":0,"postId":"0x0000000000000000000000000000000000000000000000000000000000000001","policyVersion":"0x0000000000000000000000000000000000000000000000000000000000000009","flagDeadline":"01","text":"post","flagged":false,"timestamp":1,"flagEvent":null}]} (1.496959ms)
✔ missing policy or invalid deadline fails closed: {"posts":[{"index":0,"postId":"0x0000000000000000000000000000000000000000000000000000000000000001","policyVersion":"0x0000000000000000000000000000000000000000000000000000000000000009","flagDeadline":"-1","text":"post","flagged":false,"timestamp":1,"flagEvent":null}]} (1.222125ms)
✔ missing policy or invalid deadline fails closed: {"posts":[{"index":0,"postId":"0x0000000000000000000000000000000000000000000000000000000000000001","policyVersion":"0x0000000000000000000000000000000000000000000000000000000000000009","flagDeadline":"18446744073709551616","text":"post","flagged":false,"timestamp":1,"flagEvent":null}]} (1.26025ms)
✔ missing policy or invalid deadline fails closed: {"posts":[{"index":0,"postId":"0x0000000000000000000000000000000000000000000000000000000000000001","policyVersion":"0x0000000000000000000000000000000000000000000000000000000000000009","flagDeadline":100,"text":"post","flagged":false,"timestamp":1,"flagEvent":null}]} (1.440041ms)
✔ missing or invalid fee configuration rejected at signer startup: undefined (1.890917ms)
✔ missing or invalid fee configuration rejected at signer startup: /nonexistent/billboard-fee-config (1.506792ms)
✔ missing or invalid fee configuration rejected at signer startup: . (1.740625ms)
✔ invalid Ethereum RPC rejected at signer startup (2.411708ms)
✔ invalid Ethereum RPC rejected at signer startup (1.542458ms)
✔ invalid Ethereum RPC rejected at signer startup (2.280209ms)
✔ invalid Ethereum RPC rejected at signer startup (2.304208ms)
✔ raw flag preserves stdout while submitFlag requests and validates structured outcome (1.676125ms)
✔ structured flag outcome rejects wrong post (0.098666ms)
✔ structured flag outcome rejects wrong policy (0.079959ms)
✔ structured flag outcome rejects missing predecessors (0.056ms)
✔ structured flag outcome rejects bad predecessor (0.061958ms)
✔ structured flag outcome rejects too many predecessors (0.052416ms)
✔ structured flag outcome rejects duplicate predecessor (0.058208ms)
✔ structured flag outcome rejects current hash predecessor (0.055167ms)
✔ structured flag outcome rejects {"status":"pending"} (0.055917ms)
✔ structured flag outcome rejects {"status":"dropped"} (0.044709ms)
✔ structured flag outcome rejects {"status":"unknown"} (0.045458ms)
✔ structured flag outcome rejects {"executionResult":"reverted"} (0.044542ms)
✔ structured flag outcome rejects {} (0.04625ms)
✔ structured flag outcome rejects {"txHash":"bad"} (0.043917ms)
✔ structured flag outcome rejects {"blockHash":"bad"} (0.042792ms)
✔ structured flag outcome rejects {"blockNumber":0} (0.041459ms)
✔ structured flag outcome rejects {"blockNumber":"10"} (0.041292ms)
✔ structured flag outcome rejects malformed or ambiguous envelope:  (0.077417ms)
✔ structured flag outcome rejects malformed or ambiguous envelope: not JSON (0.039417ms)
✔ structured flag outcome rejects malformed or ambiguous envelope: {"type":"billboard-moderation-submi (0.048708ms)
✔ structured flag outcome rejects malformed or ambiguous envelope: {"type":"billboard-moderation-submi (0.054125ms)
✔ structured successful inclusion accepts checkpointed (0.097208ms)
✔ structured successful inclusion accepts proven (0.040333ms)
✔ structured successful inclusion accepts finalized (0.040291ms)
✔ list rejects incomplete trusted snapshot missing scope (2.595625ms)
✔ list rejects incomplete trusted snapshot missing checkpoint (1.4875ms)
✔ list rejects incomplete trusted snapshot missing policies (3.022292ms)
✔ list rejects incomplete trusted snapshot duplicate policies (2.805333ms)
✔ list rejects incomplete trusted snapshot missing timestamp (2.069334ms)
✔ list rejects incomplete trusted snapshot incomplete snapshot (3.623ms)
✔ list rejects incomplete trusted snapshot wrong current policy (1.34125ms)
✔ historical policy is retained for posts from earlier policy version (2.677375ms)
✔ inspectFlag uses read-only CLI branch without reconciliation (2.196042ms)
✔ inspectFlag accepts empty authenticated journal (2.989583ms)
✔ inspectFlag rejects malformed/mismatched journal {"postId":"0x0000000000000000000000000000000000000000000000000000000000000002"} (2.859375ms)
✔ inspectFlag rejects malformed/mismatched journal {"policyVersion":"0x0000000000000000000000000000000000000000000000000000000000000002"} (1.760666ms)
✔ inspectFlag rejects malformed/mismatched journal {"txHash":"bad"} (1.287291ms)
✔ inspectFlag rejects malformed/mismatched journal {} (1.114625ms)
✔ inspectFlag rejects malformed/mismatched journal {"txHash":null} (2.661ms)
✔ inspectFlag rejects malformed/mismatched journal {"predecessorTxHashes":["0x0000000000000000000000000000000000000000000000000000000000000028"]} (1.068666ms)
✔ inspectFlag rejects malformed/mismatched journal {"predecessorTxHashes":["0x0000000000000000000000000000000000000000000000000000000000000027","0x0000000000000000000000000000000000000000000000000000000000000027"]} (1.214666ms)
✔ inspectFlag rejects malformed/mismatched journal {"predecessorTxHashes":["bad"]} (1.416625ms)
✔ inspectFlag rejects malformed/mismatched journal {"predecessorTxHashes":["0x0000000000000000000000000000000000000000000000000000000000000032","0x0000000000000000000000000000000000000000000000000000000000000033","0x0000000000000000000000000000000000000000000000000000000000000034","0x0000000000000000000000000000000000000000000000000000000000000035","0x0000000000000000000000000000000000000000000000000000000000000036","0x0000000000000000000000000000000000000000000000000000000000000037","0x0000000000000000000000000000000000000000000000000000000000000038","0x0000000000000000000000000000000000000000000000000000000000000039","0x000000000000000000000000000000000000000000000000000000000000003a"]} (1.214333ms)
✔ inspectFlag rejects ambiguous or malformed output (1.21275ms)
✔ inspectFlag rejects ambiguous or malformed output (1.132125ms)
✔ inspectFlag rejects ambiguous or malformed output (1.498833ms)
ℹ tests 129
ℹ suites 0
ℹ pass 129
ℹ fail 0
ℹ cancelled 0
ℹ skipped 0
ℹ todo 0
ℹ duration_ms 696.094958
=== Daemon Integration Tests (with mock infra) ===

  ✓ dry-run flags violation in output but does not call declare-immoral
  ✓ dry-run with OK verdict does not flag
  ✓ skips already-flagged posts
  ✓ empty public text fails input validation before model evaluation
  ✓ reasoning-only model output is an observable failure and cannot flag
  ✓ processes multiple posts with mixed verdicts
  ✓ missing --portal-address exits with error
  ✓ --from cannot bypass durable moderation jobs
  ✓ non-dry-run calls declare-immoral via CLI
  ✓ reads policy from contract output
  ✓ rejects a local policy override instead of signing with fallback text
  ✓ warns on posts past the censor window
  ✓ warns on posts about to expire in censor window
  ✓ processes oldest unflagged posts first (censor window urgency)
  ✓ model cannot add a destination, operation or post index to a verdict
  ✓ failed signing is not reported as a completed successful job
  ✓ production CLI cannot bypass model isolation with skip-bootstrap
  ✓ old post policy fails closed without model or signer action
  ✓ empty contract policy fails closed without model or signer action
  ✓ restart retains completed decisions without re-evaluating or resubmitting
  ✓ submitted receipt without finality remains durable and restart does not resend
  ✓ historical policy bytes are used for an older post after policy update
  ✓ private fee configuration is mandatory at daemon startup
  ✓ Ethereum endpoint is mandatory at daemon startup

=== Results ===
  Passed: 24
  Failed: 0
✔ perfect complete corpus reports distinct denominators and ambiguous decisions (8.806708ms)
✔ FP and FN budgets use their own denominators (5.25525ms)
✔ errors cannot improve pass even with zero FP/FN (3.9435ms)
✔ ambiguous errors are separate but still prevent qualification (2.428667ms)
✔ partial perfect subset is incomplete, never pass (3.380791ms)
✔ coverage counts scored non-English and injection examples only (2.475834ms)
✔ latency uses nearest-rank percentiles and includes errors (3.566083ms)
✔ capacity is unresolved without measured flag evidence, even with supplied number (2.129875ms)
✔ analytical capacity rejects unstable arrival rate and preserves window margin (5.880417ms)
✔ duplicate/mismatched results and unknown policies are rejected (4.490542ms)
✔ atomic resume continues remaining cases, retains identities and stops owned runtime (67.976375ms)
✔ corpus/model binding mismatch cannot alter saved results (28.984167ms)
✔ failed inference is durable and not retried to cherry-pick results (55.656583ms)
✔ existing lock prevents concurrent runtime creation (2.510833ms)
✔ cleanup failure is explicit and cannot pass (24.02425ms)
✔ flag capacity evidence must retain distinct actual measured transaction samples (2.620333ms)
✔ partial rate reports total, attempted and evaluated denominators explicitly (1.916ms)
✔ multilingual and injection slices retain independent errors, latency and FP/FN counts (3.075208ms)
✔ post-run runtime verification is saved and precedes owned cleanup (29.298458ms)
✔ post-run identity change is explicit failure and still cleans up (25.192208ms)
✔ expected input rejection is separately reported and cannot dilute semantic accuracy or latency (2.932167ms)
✔ unexpected boundary acceptance or different rejection prevents qualification (8.508292ms)
✔ unattempted boundary case keeps the complete gate closed (2.862083ms)
✔ boundary exemptions require actual input rejection and cannot hide model errors (2.1885ms)
✔ checked-in corpus correction preserves original inputs and all other labels (11.785459ms)
✔ runner durably records expected boundary rejection without counting model failure (27.626125ms)
✔ canonical finalized receipt and matching scoped flag are required to confirm (3.908667ms)
✔ checkpointed success remains submitted (0.36625ms)
✔ proven success remains submitted (0.20275ms)
✔ pending never confirms (0.127875ms)
✔ proposed never confirms (0.098583ms)
✔ dropped never confirms (0.086709ms)
✔ unknown never confirms (0.094208ms)
✔ canonical revert remains reverted even with a matching event (0.113834ms)
✔ unknown execution outcome remains unknown: undefined (0.157709ms)
✔ unknown execution outcome remains unknown: unknown (0.20425ms)
✔ unknown execution outcome remains unknown: null (1.449542ms)
✔ canonical successful receipt without event awaits event (0.12675ms)
✔ wrong transaction receipt fails closed (0.23475ms)
✔ missing hash receipt fails closed (0.091667ms)
✔ invalid height receipt fails closed (0.198ms)
✔ wrong post event cannot confirm (0.254666ms)
✔ wrong policy event cannot confirm (0.133459ms)
✔ wrong transaction event cannot confirm (0.109125ms)
✔ wrong block event cannot confirm (0.08275ms)
✔ wrong height event cannot confirm (0.08125ms)
✔ wrong scope event cannot confirm (0.07275ms)
✔ malformed event event cannot confirm (0.124292ms)
✔ different event type event cannot confirm (0.245292ms)
✔ reorg or missing canonical block remains unknown (0.151375ms)
✔ reorg or missing canonical block remains unknown (0.067125ms)
✔ reorg or missing canonical block remains unknown (0.044917ms)
✔ getTxReceipt RPC failure stays unknown (0.165958ms)
✔ getBlockData RPC failure stays unknown (0.179417ms)
✔ malformed transaction hash does not call RPC (0.156292ms)
✔ snapshot ingestion persists jobs, exact policy and checkpoint across reopen (11.503667ms)
✔ invalid snapshot is atomic and preserves prior checkpoint and jobs (8.620875ms)
✔ failed evaluation remains retryable despite complete snapshot ingestion (13.670041ms)
✔ competing SQLite connections cannot acquire overlapping leases (24.261167ms)
✔ a distinct worker process observes the existing lease (104.536709ms)
✔ expired evaluation lease retries but rejects stale worker writes (13.52875ms)
✔ expired submit-intent lease must reconcile, never resign (9.861042ms)
✔ expired submitted lease must reconcile, never resign (10.474042ms)
✔ released signing lease can reconcile immediately without waiting for expiration (9.110791ms)
✔ submission requires actual hash and cannot silently replace prior hash (10.233208ms)
✔ finalized successful receipt plus matching canonical flag completes job (6.194084ms)
✔ cannot confirm with pending evidence (7.327875ms)
✔ cannot confirm with reverted evidence (5.679542ms)
✔ cannot confirm with wrong-post evidence (5.092875ms)
✔ cannot confirm with wrong-hash evidence (8.038ms)
✔ cannot confirm with wrong-reason evidence (7.203459ms)
✔ known finalized revert becomes retryable without losing job (7.078209ms)
✔ unknown submitted outcome cannot become ordinary retry (6.779125ms)
✔ deadline priority, expiry and exhausted attempts are explicit (6.679209ms)
✔ orphaned submitted post remains reconciling; unsubmitted post becomes manual review (8.382833ms)
✔ historical policy is bound separately from current policy and empty board checkpoint persists (4.572875ms)
✔ reconciliation exhaustion cannot permit unrelated signing (7.739667ms)
✔ included successful submission waits for finality without blocking unrelated jobs (11.777042ms)
✔ expired lease of known included submission preserves submitted state (9.561333ms)
✔ authenticated journal replacement records predecessor plus new canonical receipt (6.723583ms)
✔ replacement rejects wrong-source (7.533209ms)
✔ replacement rejects missing-predecessor (6.30775ms)
✔ replacement rejects no-receipt (9.005417ms)
✔ replacement rejects wrong-receipt (9.865958ms)
✔ visible flag does not turn known included submission back into a blocking unknown (7.411375ms)
✔ database capacity exhaustion rolls back snapshot and checkpoint atomically (7.112542ms)
✔ reorg reinclusion with changed time resets unsigned evaluation and archives prior decision (6.300041ms)
✔ reorg-altered signed post preserves old intent and cannot be automatically reevaluated (9.308417ms)
✔ known successful submission finality polling does not exhaust unknown-outcome retries (13.341ms)
✔ missing historical policy cannot commit jobs or advance feed checkpoint (3.5065ms)
✔ already flagged public post is observational manual review, never invented model success (4.97ms)
✔ expiry during inference prevents creation of a signing intent (5.183167ms)
✔ reorged successful receipt cannot bypass uncertainty fence through manual review (10.7115ms)
✔ snapshot missing clears successful inclusion and retains recovery fence (11.292875ms)
✔ snapshot changed clears successful inclusion and retains recovery fence (16.063541ms)
✔ model rollover keeps included prior-model transactions eligible for finality reconciliation (12.6565ms)
✔ model rollover backoff blocks only the already-signed post while unrelated jobs proceed (9.949ms)
✔ finalized old-model revert permits evaluation by the new model without reviving stale evaluation (11.736791ms)
✔ model upgrade explicitly supersedes unsigned queued work and revokes stale evaluation (6.57425ms)
✔ model upgrade explicitly supersedes unsigned leased work and revokes stale evaluation (7.627584ms)
✔ model upgrade explicitly supersedes unsigned retryable-error work and revokes stale evaluation (6.95225ms)
✔ model upgrade preserves terminal failures and durable unresolved signing intents (12.530458ms)
✔ returning to an earlier model requeues only its explicitly superseded unsigned work (6.67525ms)
✔ model identity is the exact six-word transcript, without Field truncation (3.635667ms)
✔ configuration whitespace and exact prompt bytes change model version (0.597875ms)
✔ labels, shortened hashes, mutable tags and oversized digests are rejected (0.325833ms)
✔ resolved platform manifest binds configured and running image config (3.142875ms)
✔ different manifest bytes, local config, running config or requested image rejected (1.005042ms)
✔ multi-platform index cannot impersonate platform manifest (0.467417ms)
✔ startup requires explicit offline platform manifest (0.266708ms)
✔ model hashing respects an already aborted budget (9.713916ms)
✔ containerd manifest-addressed image requires the matching platform descriptor (2.555584ms)
✔ declare-immoral reads only the explicit censor private file (16.325ms)
✔ declare-immoral cannot fall back to other available wallets (4.519917ms)
✔ transfer-censor reads only the explicit censor private file (2.742958ms)
✔ transfer-censor cannot fall back to other available wallets (5.103791ms)
✔ set-moderation-policy reads only the explicit censor private file (2.887958ms)
✔ set-moderation-policy cannot fall back to other available wallets (3.85725ms)
✔ list reads only the explicit censor private file (1.980292ms)
✔ list cannot fall back to other available wallets (1.465292ms)
✔ malformed censor diagnostics exclude file content (2.707958ms)
✔ user action loads explicitly chosen valid user and Ethereum private files (2.063834ms)
✔ censor refuses public-readable key files (1.489041ms)
✔ OK decision survives database reopen without reevaluation (15.456417ms)
✔ evaluation uses historical policy A even when current policy is B (8.157042ms)
✔ empty board with policy A then B persists cursor without evaluation (5.091333ms)
✔ checkpointed signer response is durable progress, never completion (8.610166ms)
✔ lost signer response recovers saved hash read-only after deadline (10.534ms)
✔ dropped transaction after deadline never signs again (18.898125ms)
✔ finalized revert clears old intent and permits bounded fresh attempt (15.353709ms)
✔ unknown submission blocks unrelated signing (22.129333ms)
✔ known included success awaiting finality lets another job run (10.73225ms)
✔ deadline passing during inference prevents any signing (5.838083ms)
✔ post missing during inference prevents old decision signing (5.655083ms)
✔ post changed during inference prevents old decision signing (5.98425ms)
✔ expired evaluation lease prevents stale worker signing (6.245958ms)
✔ matching finalized receipt and canonical flag completes without resigning (8.858875ms)
✔ snapshot missing scope fails before database ingestion or model (4.997708ms)
✔ snapshot other-board scope fails before database ingestion or model (4.360708ms)
✔ scope changing after inference fails before signing (8.971625ms)
✔ canonical receipt mismatch never completes or signs a replacement (10.195084ms)
✔ lost response with empty journal after deadline remains explicit manual review (8.258416ms)
✔ lost replacement response reconciles finalized journal state after deadline (15.235833ms)
✔ lost replacement response reconciles reverted journal state after deadline (11.177708ms)
✔ lost replacement response reconciles pending journal state after deadline (12.5295ms)
✔ lost replacement response reconciles unrelated journal state after deadline (14.233458ms)
✔ new model completes after retiring unsigned old-model retry without false attention (8.347167ms)
ℹ tests 147
ℹ suites 0
ℹ pass 147
ℹ fail 0
ℹ cancelled 0
ℹ skipped 0
ℹ todo 0
ℹ duration_ms 1978.531375
