✔ simple VIOLATION with rule number and reason (3.118334ms)
✔ simple OK (0.206375ms)
✔ VIOLATION at end after thinking reasoning (0.0905ms)
✔ OK at end after thinking reasoning (0.038083ms)
✔ NOT A VIOLATION prose is explicitly unresolved, never a flag (0.163292ms)
✔ NO VIOLATION prose is explicitly unresolved, never a flag (0.050583ms)
✔ VIOLATION without reason is explicitly unresolved (0.041583ms)
✔ empty text is explicitly unresolved (0.033167ms)
✔ random text is explicitly unresolved instead of defaulting to OK (0.050542ms)
✔ VIOLATION with extra whitespace (0.076625ms)
✔ multiple lines, valid standalone VIOLATION is last (0.043709ms)
✔ earlier VIOLATION cannot make ambiguous final prose a verdict (0.033208ms)
✔ embedded VIOLATION after prose is not a standalone verdict (0.027208ms)
✔ oversized reason is rejected rather than silently truncated (0.22625ms)
✔ case insensitive VIOLATION (0.030875ms)
✔ case insensitive OK (0.023833ms)
✔ buildSystemPrompt mentions rules and billboard (0.05175ms)
✔ buildUserPrompt includes policy, post and clear output formats (0.063417ms)
✔ buildUserPrompt handles empty post (0.022875ms)
✔ buildUserPrompt quotes post data without corrupting its envelope (0.048833ms)
✔ thinking model output with reasoning then standalone legacy final verdict (0.0255ms)
✔ thinking model output that concludes OK (0.022667ms)
✔ legacy markdown bold wrapper remains supported (0.022416ms)
✔ strict JSON verdict true (0.437667ms)
✔ strict JSON verdict false (0.033083ms)
✔ JSON key order is irrelevant (0.035125ms)
✔ model cannot add command to verdict (0.036625ms)
✔ model cannot add operation to verdict (0.029167ms)
✔ model cannot add wallet to verdict (0.022167ms)
✔ model cannot add destination to verdict (0.021042ms)
✔ model cannot add postIndex to verdict (0.021375ms)
✔ model cannot add postId to verdict (0.019792ms)
✔ malformed or untyped verdict rejected: {"isViolation":true,"reason": (0.043667ms)
✔ malformed or untyped verdict rejected: [] (0.01975ms)
✔ malformed or untyped verdict rejected: null (0.026667ms)
✔ malformed or untyped verdict rejected: {"isViolation":"true","reason":"spam"} (0.023167ms)
✔ malformed or untyped verdict rejected: {"isViolation":true,"reason":null} (0.022ms)
✔ malformed or untyped verdict rejected: {"isViolation":true,"reason":{"command":"list"}} (0.021666ms)
✔ malformed or untyped verdict rejected: {"isViolation":true,"isViolation":false,"reason":"spam" (0.02975ms)
✔ malformed or untyped verdict rejected: {"isViolation":true,"reason":"spam","reason":"other"} (0.022ms)
✔ malformed or untyped verdict rejected: "VIOLATION - 1 - Spam" (0.02275ms)
✔ non-string model text rejected: null (0.029666ms)
✔ non-string model text rejected: undefined (0.024833ms)
✔ non-string model text rejected: false (0.01875ms)
✔ non-string model text rejected: 123 (0.015625ms)
✔ non-string model text rejected: [object Object] (0.016916ms)
✔ non-string model text rejected: OK (0.016375ms)
✔ shell-looking JSON reason remains inert text: Quotes ' and " remain text (0.025125ms)
✔ shell-looking JSON reason remains inert text: `echo harmless` (0.016959ms)
✔ shell-looking JSON reason remains inert text: $(echo harmless) (0.014625ms)
✔ shell-looking JSON reason remains inert text: ${HOME}; true (0.015916ms)
✔ shell-looking JSON reason remains inert text: Reason: colons and "reason": stay inside one value (0.015875ms)
✔ control or option-like reason rejected: "line\nbreak" (0.025625ms)
✔ control or option-like reason rejected: "line\rbreak" (0.018208ms)
✔ control or option-like reason rejected: "tab\tdata" (0.016ms)
✔ control or option-like reason rejected: "nul\u0000data" (0.018791ms)
✔ control or option-like reason rejected: "\u001b[31mtext" (0.016958ms)
✔ control or option-like reason rejected: "badtext" (0.015083ms)
✔ control or option-like reason rejected: "bad‮text" (0.029041ms)
✔ control or option-like reason rejected: "--node-url" (0.018333ms)
✔ control or option-like reason rejected: "\ud800" (0.015167ms)
✔ reason byte limit accounts for multibyte UTF-8 (0.041583ms)
✔ oversized full verdict is rejected (0.021042ms)
✔ oversized post and policy are rejected before network access (0.169959ms)
✔ valid HTTP final verdict uses structured request and trusted local endpoint (22.30175ms)
✔ incomplete or malformed HTTP choice is observable unresolved failure: {"choices":[{"finish_reason":"length","message":{"content":"VIOLATION - 1 - Spam"}}]} (0.164541ms)
✔ incomplete or malformed HTTP choice is observable unresolved failure: {"choices":[{"finish_reason":"stop","message":{"content":"","reasoning_content":"VIOLATION - 1  (0.109708ms)
✔ incomplete or malformed HTTP choice is observable unresolved failure: {"choices":[{"finish_reason":"stop","message":{"content":{"isViolation":true,"reason":"1 - Adve (0.371875ms)
✔ incomplete or malformed HTTP choice is observable unresolved failure: {"choices":[]} (0.115875ms)
✔ incomplete or malformed HTTP choice is observable unresolved failure: {"choices":[{"finish_reason":"stop","message":{"content":"OK"}},{"finish_reason":"stop","messag (0.090875ms)
✔ HTTP error remains unresolved without reflecting untrusted server body (0.157458ms)
✔ unavailable model produces explicit error (0.074708ms)
✔ timeout is bounded even if fetch adapter ignores cancellation (22.757208ms)
✔ malformed response JSON is explicit failure (0.164458ms)
✔ oversized HTTP response is stopped and cancelled (0.343375ms)
✔ slow response body is bounded by the whole-request timeout (20.709125ms)
ℹ tests 76
ℹ suites 0
ℹ pass 76
ℹ fail 0
ℹ cancelled 0
ℹ skipped 0
ℹ todo 0
ℹ duration_ms 78.965791
✔ real argv-echo process preserves one inert reason argument: Quotes ' and " stay data (28.851791ms)
✔ real argv-echo process preserves one inert reason argument: `echo harmless` (23.3315ms)
✔ real argv-echo process preserves one inert reason argument: $(echo harmless) (23.018833ms)
✔ real argv-echo process preserves one inert reason argument: ${HOME}; true (22.657208ms)
✔ real argv-echo process preserves one inert reason argument: safe; # command-looking comment (26.872458ms)
✔ executable, operation, argv and execution limits are chosen by signer (1.000916ms)
✔ startup config mutation cannot redirect later flags (2.803042ms)
✔ host loader environment is not passed to the actual child (28.867958ms)
✔ flag rejects model-controlled operation without invoking a process (1.1035ms)
✔ flag rejects model-controlled command without invoking a process (0.873834ms)
✔ flag rejects model-controlled wallet without invoking a process (0.792792ms)
✔ flag rejects model-controlled destination without invoking a process (0.929042ms)
✔ flag rejects model-controlled cliPath without invoking a process (0.790708ms)
✔ flag rejects model-controlled nodeExecutable without invoking a process (0.736291ms)
✔ flag rejects model-controlled censorWallet without invoking a process (0.594375ms)
✔ flag rejects model-controlled privateFeeConfig without invoking a process (0.779583ms)
✔ flag rejects model-controlled ethRpcUrl without invoking a process (0.783208ms)
✔ flag rejects model-controlled privateFeeClaim without invoking a process (0.751791ms)
✔ flag rejects model-controlled private-fee-claim-file without invoking a process (0.624417ms)
✔ flag rejects model-controlled reconcilePrevious without invoking a process (0.581916ms)
✔ flag rejects model-controlled acknowledgeTx without invoking a process (0.591083ms)
✔ invalid or incorrectly typed post id rejected: -1 (0.730375ms)
✔ invalid or incorrectly typed post id rejected: 4294967296 (0.608958ms)
✔ invalid or incorrectly typed post id rejected: 1.5 (0.489042ms)
✔ invalid or incorrectly typed post id rejected: NaN (0.658833ms)
✔ invalid or incorrectly typed post id rejected: Infinity (0.608833ms)
✔ invalid or incorrectly typed post id rejected: 1 (0.589959ms)
✔ invalid or incorrectly typed post id rejected: 1 --node-url (0.479417ms)
✔ invalid or incorrectly typed post id rejected: null (0.680791ms)
✔ invalid or incorrectly typed post id rejected: undefined (0.698041ms)
✔ invalid or incorrectly typed post id rejected: [object Object] (0.652417ms)
✔ invalid or incorrectly typed post id rejected: 1 (0.695167ms)
✔ invalid or incorrectly typed post id rejected: 0x0000000000000000000000000000000000000000000000000000000000000000 (0.60975ms)
✔ invalid or incorrectly typed post id rejected: 0x30644e72e131a029b85045b68181585d2833e84879b9709143e1f593f0000001 (0.779459ms)
✔ full Field identity stays exact in signer argv (23.319ms)
✔ unsafe or oversized reason rejected before process call: "line\nbreak" (0.817834ms)
✔ unsafe or oversized reason rejected before process call: "tab\tdata" (0.560958ms)
✔ unsafe or oversized reason rejected before process call: "nul\u0000data" (0.703792ms)
✔ unsafe or oversized reason rejected before process call: "\u001b[31mtext" (0.71975ms)
✔ unsafe or oversized reason rejected before process call: "--node-url" (0.625875ms)
✔ unsafe or oversized reason rejected before process call: " --censor-wallet" (0.478333ms)
✔ unsafe or oversized reason rejected before process call: "ééééééééééééééééééééééééééééééééééééééééééééééééééééééééééééééééééééééééééééééééééééééééééééééééééééé" (0.512416ms)
✔ unsafe or oversized reason rejected before process call: "" (0.637209ms)
✔ unsafe or oversized reason rejected before process call: null (0.568375ms)
✔ unsafe or oversized reason rejected before process call: {} (0.600792ms)
✔ unsafe or oversized reason rejected before process call: 123 (0.79475ms)
✔ JSON model output cannot override host-selected post index (0.66125ms)
✔ list validates data and projects away untrusted extra fields (1.018375ms)
✔ invalid list response rejected: malformed JSON (0.656084ms)
✔ invalid list response rejected: multiple candidate JSON records (0.6155ms)
✔ invalid list response rejected: missing identity (0.516708ms)
✔ invalid list response rejected: zero identity (0.492375ms)
✔ invalid list response rejected: duplicate identities (0.491416ms)
✔ invalid list response rejected: string index (0.563459ms)
✔ invalid list response rejected: index outside count (0.496083ms)
✔ invalid list response rejected: duplicate indices (0.778208ms)
✔ invalid list response rejected: string flag (0.647ms)
✔ invalid list response rejected: nonstring post (0.703791ms)
✔ invalid list response rejected: negative timestamp (1.007833ms)
✔ invalid list response rejected: oversize post text (0.807208ms)
✔ invalid or oversized process output rejected: object (0.815875ms)
✔ invalid or oversized process output rejected: object (0.692291ms)
✔ invalid or oversized process output rejected: string (2.47225ms)
✔ process timeout is observable without reflecting child diagnostics (0.523125ms)
✔ invalid policy version rejected before signing: undefined (0.524875ms)
✔ invalid policy version rejected before signing: null (0.986958ms)
✔ invalid policy version rejected before signing: 1 (1.145083ms)
✔ invalid policy version rejected before signing: 0x0000000000000000000000000000000000000000000000000000000000000000 (0.679041ms)
✔ invalid policy version rejected before signing: 0x30644e72e131a029b85045b68181585d2833e84879b9709143e1f593f0000001 (1.489ms)
✔ missing policy or invalid deadline fails closed: {} (0.602583ms)
✔ missing policy or invalid deadline fails closed: {"policy":""} (0.518333ms)
✔ missing policy or invalid deadline fails closed: {"posts":[{"index":0,"postId":"0x0000000000000000000000000000000000000000000000000000000000000001","flagDeadline":"3601","text":"post","flagged":false,"timestamp":1,"flagEvent":null}]} (0.638209ms)
✔ missing policy or invalid deadline fails closed: {"posts":[{"index":0,"postId":"0x0000000000000000000000000000000000000000000000000000000000000001","policyVersion":"0x0000000000000000000000000000000000000000000000000000000000000009","flagDeadline":"01","text":"post","flagged":false,"timestamp":1,"flagEvent":null}]} (0.523083ms)
✔ missing policy or invalid deadline fails closed: {"posts":[{"index":0,"postId":"0x0000000000000000000000000000000000000000000000000000000000000001","policyVersion":"0x0000000000000000000000000000000000000000000000000000000000000009","flagDeadline":"-1","text":"post","flagged":false,"timestamp":1,"flagEvent":null}]} (0.532625ms)
✔ missing policy or invalid deadline fails closed: {"posts":[{"index":0,"postId":"0x0000000000000000000000000000000000000000000000000000000000000001","policyVersion":"0x0000000000000000000000000000000000000000000000000000000000000009","flagDeadline":"18446744073709551616","text":"post","flagged":false,"timestamp":1,"flagEvent":null}]} (0.596083ms)
✔ missing policy or invalid deadline fails closed: {"posts":[{"index":0,"postId":"0x0000000000000000000000000000000000000000000000000000000000000001","policyVersion":"0x0000000000000000000000000000000000000000000000000000000000000009","flagDeadline":100,"text":"post","flagged":false,"timestamp":1,"flagEvent":null}]} (0.606708ms)
✔ missing or invalid fee configuration rejected at signer startup: undefined (0.545333ms)
✔ missing or invalid fee configuration rejected at signer startup: /nonexistent/billboard-fee-config (0.59025ms)
✔ missing or invalid fee configuration rejected at signer startup: . (0.652ms)
✔ invalid Ethereum RPC rejected at signer startup (0.512041ms)
✔ invalid Ethereum RPC rejected at signer startup (0.650625ms)
✔ invalid Ethereum RPC rejected at signer startup (0.542292ms)
✔ invalid Ethereum RPC rejected at signer startup (0.542375ms)
✔ raw flag preserves stdout while submitFlag requests and validates structured outcome (0.848708ms)
✔ structured flag outcome rejects wrong post (0.032042ms)
✔ structured flag outcome rejects wrong policy (0.03175ms)
✔ structured flag outcome rejects missing predecessors (0.028792ms)
✔ structured flag outcome rejects bad predecessor (0.028916ms)
✔ structured flag outcome rejects too many predecessors (0.023625ms)
✔ structured flag outcome rejects duplicate predecessor (0.022083ms)
✔ structured flag outcome rejects current hash predecessor (0.021292ms)
✔ structured flag outcome rejects {"status":"pending"} (0.020917ms)
✔ structured flag outcome rejects {"status":"dropped"} (0.01975ms)
✔ structured flag outcome rejects {"status":"unknown"} (0.019625ms)
✔ structured flag outcome rejects {"executionResult":"reverted"} (0.018916ms)
✔ structured flag outcome rejects {} (0.050417ms)
✔ structured flag outcome rejects {"txHash":"bad"} (0.019375ms)
✔ structured flag outcome rejects {"blockHash":"bad"} (0.019959ms)
✔ structured flag outcome rejects {"blockNumber":0} (0.021584ms)
✔ structured flag outcome rejects {"blockNumber":"10"} (0.024583ms)
✔ structured flag outcome rejects malformed or ambiguous envelope:  (0.026208ms)
✔ structured flag outcome rejects malformed or ambiguous envelope: not JSON (0.017417ms)
✔ structured flag outcome rejects malformed or ambiguous envelope: {"type":"billboard-moderation-submi (0.025916ms)
✔ structured flag outcome rejects malformed or ambiguous envelope: {"type":"billboard-moderation-submi (0.02125ms)
✔ structured successful inclusion accepts checkpointed (0.038709ms)
✔ structured successful inclusion accepts proven (0.0165ms)
✔ structured successful inclusion accepts finalized (0.01825ms)
✔ list rejects incomplete trusted snapshot missing scope (0.454167ms)
✔ list rejects incomplete trusted snapshot missing checkpoint (0.596583ms)
✔ list rejects incomplete trusted snapshot missing policies (0.476792ms)
✔ list rejects incomplete trusted snapshot duplicate policies (0.516667ms)
✔ list rejects incomplete trusted snapshot missing timestamp (0.548125ms)
✔ list rejects incomplete trusted snapshot incomplete snapshot (0.782584ms)
✔ list rejects incomplete trusted snapshot wrong current policy (0.555666ms)
✔ historical policy is retained for posts from earlier policy version (0.747625ms)
✔ inspectFlag uses read-only CLI branch without reconciliation (0.558875ms)
✔ inspectFlag accepts empty authenticated journal (0.512333ms)
✔ inspectFlag rejects malformed/mismatched journal {"postId":"0x0000000000000000000000000000000000000000000000000000000000000002"} (0.485041ms)
✔ inspectFlag rejects malformed/mismatched journal {"policyVersion":"0x0000000000000000000000000000000000000000000000000000000000000002"} (0.50625ms)
✔ inspectFlag rejects malformed/mismatched journal {"txHash":"bad"} (0.482833ms)
✔ inspectFlag rejects malformed/mismatched journal {} (0.6045ms)
✔ inspectFlag rejects malformed/mismatched journal {"txHash":null} (0.495667ms)
✔ inspectFlag rejects malformed/mismatched journal {"predecessorTxHashes":["0x0000000000000000000000000000000000000000000000000000000000000028"]} (0.508584ms)
✔ inspectFlag rejects malformed/mismatched journal {"predecessorTxHashes":["0x0000000000000000000000000000000000000000000000000000000000000027","0x0000000000000000000000000000000000000000000000000000000000000027"]} (0.529875ms)
✔ inspectFlag rejects malformed/mismatched journal {"predecessorTxHashes":["bad"]} (0.468125ms)
✔ inspectFlag rejects malformed/mismatched journal {"predecessorTxHashes":["0x0000000000000000000000000000000000000000000000000000000000000032","0x0000000000000000000000000000000000000000000000000000000000000033","0x0000000000000000000000000000000000000000000000000000000000000034","0x0000000000000000000000000000000000000000000000000000000000000035","0x0000000000000000000000000000000000000000000000000000000000000036","0x0000000000000000000000000000000000000000000000000000000000000037","0x0000000000000000000000000000000000000000000000000000000000000038","0x0000000000000000000000000000000000000000000000000000000000000039","0x000000000000000000000000000000000000000000000000000000000000003a"]} (0.530125ms)
✔ inspectFlag rejects ambiguous or malformed output (0.442667ms)
✔ inspectFlag rejects ambiguous or malformed output (0.426041ms)
✔ inspectFlag rejects ambiguous or malformed output (0.422333ms)
ℹ tests 129
ℹ suites 0
ℹ pass 129
ℹ fail 0
ℹ cancelled 0
ℹ skipped 0
ℹ todo 0
ℹ duration_ms 252.418333
=== Daemon Integration Tests (with mock infra) ===

  ✓ dry-run flags violation in output but does not call declare-immoral
  ✓ dry-run with OK verdict does not flag
  ✓ skips already-flagged posts
  ✓ empty public text fails input validation before model evaluation
  ✓ reasoning-only model output is an observable failure and cannot flag
  ✓ processes multiple posts with mixed verdicts
  ✓ missing --portal-address exits with error
  ✓ --from cannot bypass durable moderation jobs
  ✓ non-dry-run calls declare-immoral via CLI
  ✓ reads policy from contract output
  ✓ rejects a local policy override instead of signing with fallback text
  ✓ warns on posts past the censor window
  ✓ warns on posts about to expire in censor window
  ✓ processes oldest unflagged posts first (censor window urgency)
  ✓ model cannot add a destination, operation or post index to a verdict
  ✓ failed signing is not reported as a completed successful job
  ✓ production CLI cannot bypass model isolation with skip-bootstrap
  ✓ old post policy fails closed without model or signer action
  ✓ empty contract policy fails closed without model or signer action
  ✓ restart retains completed decisions without re-evaluating or resubmitting
  ✓ submitted receipt without finality remains durable and restart does not resend
  ✓ historical policy bytes are used for an older post after policy update
  ✓ private fee configuration is mandatory at daemon startup
  ✓ Ethereum endpoint is mandatory at daemon startup

=== Results ===
  Passed: 24
  Failed: 0
✔ perfect complete corpus reports distinct denominators and ambiguous decisions (2.61975ms)
✔ FP and FN budgets use their own denominators (2.088333ms)
✔ errors cannot improve pass even with zero FP/FN (1.206375ms)
✔ ambiguous errors are separate but still prevent qualification (0.855458ms)
✔ partial perfect subset is incomplete, never pass (0.967ms)
✔ coverage counts scored non-English and injection examples only (0.88675ms)
✔ latency uses nearest-rank percentiles and includes errors (1.164208ms)
✔ capacity is unresolved without measured flag evidence, even with supplied number (0.786541ms)
✔ analytical capacity rejects unstable arrival rate and preserves window margin (1.712625ms)
✔ duplicate/mismatched results and unknown policies are rejected (0.57525ms)
✔ atomic resume continues remaining cases, retains identities and stops owned runtime (62.245542ms)
✔ corpus/model binding mismatch cannot alter saved results (29.061875ms)
✔ failed inference is durable and not retried to cherry-pick results (55.927125ms)
✔ existing lock prevents concurrent runtime creation (1.086667ms)
✔ cleanup failure is explicit and cannot pass (24.885ms)
✔ flag capacity evidence must retain distinct actual measured transaction samples (1.4385ms)
✔ partial rate reports total, attempted and evaluated denominators explicitly (1.197084ms)
✔ multilingual and injection slices retain independent errors, latency and FP/FN counts (1.800791ms)
✔ post-run runtime verification is saved and precedes owned cleanup (24.633667ms)
✔ post-run identity change is explicit failure and still cleans up (23.650292ms)
✔ canonical finalized receipt and matching scoped flag are required to confirm (1.176791ms)
✔ checkpointed success remains submitted (0.119459ms)
✔ proven success remains submitted (0.090542ms)
✔ pending never confirms (0.060292ms)
✔ proposed never confirms (0.04975ms)
✔ dropped never confirms (0.04125ms)
✔ unknown never confirms (0.045458ms)
✔ canonical revert remains reverted even with a matching event (0.054125ms)
✔ unknown execution outcome remains unknown: undefined (0.07825ms)
✔ unknown execution outcome remains unknown: unknown (0.104125ms)
✔ unknown execution outcome remains unknown: null (0.086084ms)
✔ canonical successful receipt without event awaits event (0.068333ms)
✔ wrong transaction receipt fails closed (0.051125ms)
✔ missing hash receipt fails closed (0.036625ms)
✔ invalid height receipt fails closed (0.03325ms)
✔ wrong post event cannot confirm (0.091167ms)
✔ wrong policy event cannot confirm (0.057958ms)
✔ wrong transaction event cannot confirm (0.048542ms)
✔ wrong block event cannot confirm (0.045583ms)
✔ wrong height event cannot confirm (0.041667ms)
✔ wrong scope event cannot confirm (0.036833ms)
✔ malformed event event cannot confirm (0.055875ms)
✔ different event type event cannot confirm (0.062166ms)
✔ reorg or missing canonical block remains unknown (0.046583ms)
✔ reorg or missing canonical block remains unknown (0.02575ms)
✔ reorg or missing canonical block remains unknown (0.020625ms)
✔ getTxReceipt RPC failure stays unknown (0.058791ms)
✔ getBlockData RPC failure stays unknown (0.029291ms)
✔ malformed transaction hash does not call RPC (0.039917ms)
✔ snapshot ingestion persists jobs, exact policy and checkpoint across reopen (3.831083ms)
✔ invalid snapshot is atomic and preserves prior checkpoint and jobs (1.787875ms)
✔ failed evaluation remains retryable despite complete snapshot ingestion (2.438417ms)
✔ competing SQLite connections cannot acquire overlapping leases (6.889ms)
✔ a distinct worker process observes the existing lease (27.722667ms)
✔ expired evaluation lease retries but rejects stale worker writes (2.614833ms)
✔ expired submit-intent lease must reconcile, never resign (2.311292ms)
✔ expired submitted lease must reconcile, never resign (2.560084ms)
✔ released signing lease can reconcile immediately without waiting for expiration (2.575166ms)
✔ submission requires actual hash and cannot silently replace prior hash (2.61175ms)
✔ finalized successful receipt plus matching canonical flag completes job (2.09275ms)
✔ cannot confirm with pending evidence (1.764542ms)
✔ cannot confirm with reverted evidence (1.759458ms)
✔ cannot confirm with wrong-post evidence (2.159958ms)
✔ cannot confirm with wrong-hash evidence (2.183333ms)
✔ cannot confirm with wrong-reason evidence (2.043833ms)
✔ known finalized revert becomes retryable without losing job (2.368625ms)
✔ unknown submitted outcome cannot become ordinary retry (1.933916ms)
✔ deadline priority, expiry and exhausted attempts are explicit (2.483292ms)
✔ orphaned submitted post remains reconciling; unsubmitted post becomes manual review (2.518833ms)
✔ historical policy is bound separately from current policy and empty board checkpoint persists (1.598417ms)
✔ reconciliation exhaustion cannot permit unrelated signing (2.448291ms)
✔ included successful submission waits for finality without blocking unrelated jobs (2.415791ms)
✔ expired lease of known included submission preserves submitted state (2.177875ms)
✔ authenticated journal replacement records predecessor plus new canonical receipt (2.171208ms)
✔ replacement rejects wrong-source (1.931209ms)
✔ replacement rejects missing-predecessor (1.897167ms)
✔ replacement rejects no-receipt (2.070583ms)
✔ replacement rejects wrong-receipt (1.975625ms)
✔ visible flag does not turn known included submission back into a blocking unknown (2.355208ms)
✔ database capacity exhaustion rolls back snapshot and checkpoint atomically (1.873083ms)
✔ reorg reinclusion with changed time resets unsigned evaluation and archives prior decision (1.890958ms)
✔ reorg-altered signed post preserves old intent and cannot be automatically reevaluated (2.37325ms)
✔ known successful submission finality polling does not exhaust unknown-outcome retries (2.90225ms)
✔ missing historical policy cannot commit jobs or advance feed checkpoint (1.295125ms)
✔ already flagged public post is observational manual review, never invented model success (1.530125ms)
✔ expiry during inference prevents creation of a signing intent (1.632541ms)
✔ reorged successful receipt cannot bypass uncertainty fence through manual review (2.368292ms)
✔ snapshot missing clears successful inclusion and retains recovery fence (2.336166ms)
✔ snapshot changed clears successful inclusion and retains recovery fence (2.449625ms)
✔ model rollover keeps included prior-model transactions eligible for finality reconciliation (2.533834ms)
✔ model rollover backoff blocks only the already-signed post while unrelated jobs proceed (2.80475ms)
✔ finalized old-model revert permits evaluation by the new model without reviving stale evaluation (2.308166ms)
✔ model upgrade explicitly supersedes unsigned queued work and revokes stale evaluation (1.833583ms)
✔ model upgrade explicitly supersedes unsigned leased work and revokes stale evaluation (2.126666ms)
✔ model upgrade explicitly supersedes unsigned retryable-error work and revokes stale evaluation (2.421958ms)
✔ model upgrade preserves terminal failures and durable unresolved signing intents (2.970209ms)
✔ returning to an earlier model requeues only its explicitly superseded unsigned work (2.27525ms)
✔ model identity is the exact six-word transcript, without Field truncation (0.526292ms)
✔ configuration whitespace and exact prompt bytes change model version (0.146042ms)
✔ labels, shortened hashes, mutable tags and oversized digests are rejected (0.13375ms)
✔ resolved platform manifest binds configured and running image config (0.853ms)
✔ different manifest bytes, local config, running config or requested image rejected (0.205917ms)
✔ multi-platform index cannot impersonate platform manifest (0.12525ms)
✔ startup requires explicit offline platform manifest (0.082083ms)
✔ model hashing respects an already aborted budget (1.615667ms)
✔ declare-immoral reads only the explicit censor private file (1.520834ms)
✔ declare-immoral cannot fall back to other available wallets (0.717416ms)
✔ transfer-censor reads only the explicit censor private file (0.638667ms)
✔ transfer-censor cannot fall back to other available wallets (0.615542ms)
✔ set-moderation-policy reads only the explicit censor private file (0.66275ms)
✔ set-moderation-policy cannot fall back to other available wallets (0.516459ms)
✔ list reads only the explicit censor private file (0.70625ms)
✔ list cannot fall back to other available wallets (0.541208ms)
✔ malformed censor diagnostics exclude file content (0.981458ms)
✔ user action loads explicitly chosen valid user and Ethereum private files (0.642417ms)
✔ censor refuses public-readable key files (0.568833ms)
✔ OK decision survives database reopen without reevaluation (4.951458ms)
✔ evaluation uses historical policy A even when current policy is B (2.787625ms)
✔ empty board with policy A then B persists cursor without evaluation (1.974417ms)
✔ checkpointed signer response is durable progress, never completion (3.211416ms)
✔ lost signer response recovers saved hash read-only after deadline (3.347959ms)
✔ dropped transaction after deadline never signs again (3.163708ms)
✔ finalized revert clears old intent and permits bounded fresh attempt (4.058916ms)
✔ unknown submission blocks unrelated signing (8.097292ms)
✔ known included success awaiting finality lets another job run (3.560417ms)
✔ deadline passing during inference prevents any signing (2.4135ms)
✔ post missing during inference prevents old decision signing (1.965709ms)
✔ post changed during inference prevents old decision signing (2.059542ms)
✔ expired evaluation lease prevents stale worker signing (2.2485ms)
✔ matching finalized receipt and canonical flag completes without resigning (3.051167ms)
✔ snapshot missing scope fails before database ingestion or model (1.4845ms)
✔ snapshot other-board scope fails before database ingestion or model (1.437792ms)
✔ scope changing after inference fails before signing (2.371583ms)
✔ canonical receipt mismatch never completes or signs a replacement (2.84325ms)
✔ lost response with empty journal after deadline remains explicit manual review (2.72675ms)
✔ lost replacement response reconciles finalized journal state after deadline (4.127625ms)
✔ lost replacement response reconciles reverted journal state after deadline (4.02925ms)
✔ lost replacement response reconciles pending journal state after deadline (3.711125ms)
✔ lost replacement response reconciles unrelated journal state after deadline (3.813791ms)
✔ new model completes after retiring unsigned old-model retry without false attention (2.757625ms)
ℹ tests 140
ℹ suites 0
ℹ pass 140
ℹ fail 0
ℹ cancelled 0
ℹ skipped 0
ℹ todo 0
ℹ duration_ms 715.896416
