✔ simple VIOLATION with rule number and reason (4.555667ms)
✔ simple OK (0.261292ms)
✔ VIOLATION at end after thinking reasoning (0.160541ms)
✔ OK at end after thinking reasoning (0.066375ms)
✔ NOT A VIOLATION prose is explicitly unresolved, never a flag (0.332625ms)
✔ NO VIOLATION prose is explicitly unresolved, never a flag (0.143875ms)
✔ VIOLATION without reason is explicitly unresolved (0.090917ms)
✔ empty text is explicitly unresolved (0.065167ms)
✔ random text is explicitly unresolved instead of defaulting to OK (0.092041ms)
✔ VIOLATION with extra whitespace (0.13475ms)
✔ multiple lines, valid standalone VIOLATION is last (0.078375ms)
✔ earlier VIOLATION cannot make ambiguous final prose a verdict (0.060416ms)
✔ embedded VIOLATION after prose is not a standalone verdict (0.048125ms)
✔ oversized reason is rejected rather than silently truncated (0.147041ms)
✔ case insensitive VIOLATION (0.067375ms)
✔ case insensitive OK (0.059792ms)
✔ buildSystemPrompt mentions rules and billboard (0.102458ms)
✔ buildUserPrompt includes policy, post and clear output formats (0.167667ms)
✔ buildUserPrompt handles empty post (0.06275ms)
✔ buildUserPrompt quotes post data without corrupting its envelope (0.122125ms)
✔ thinking model output with reasoning then standalone legacy final verdict (0.056125ms)
✔ thinking model output that concludes OK (0.047417ms)
✔ legacy markdown bold wrapper remains supported (0.046ms)
✔ strict JSON verdict true (0.4505ms)
✔ strict JSON verdict false (0.054875ms)
✔ JSON key order is irrelevant (0.056917ms)
✔ model cannot add command to verdict (0.085167ms)
✔ model cannot add operation to verdict (0.052125ms)
✔ model cannot add wallet to verdict (0.033375ms)
✔ model cannot add destination to verdict (0.039834ms)
✔ model cannot add postIndex to verdict (0.030458ms)
✔ model cannot add postId to verdict (0.033375ms)
✔ malformed or untyped verdict rejected: {"isViolation":true,"reason": (0.076083ms)
✔ malformed or untyped verdict rejected: [] (0.030292ms)
✔ malformed or untyped verdict rejected: null (0.040417ms)
✔ malformed or untyped verdict rejected: {"isViolation":"true","reason":"spam"} (0.034583ms)
✔ malformed or untyped verdict rejected: {"isViolation":true,"reason":null} (0.030292ms)
✔ malformed or untyped verdict rejected: {"isViolation":true,"reason":{"command":"list"}} (0.033ms)
✔ malformed or untyped verdict rejected: {"isViolation":true,"isViolation":false,"reason":"spam" (0.042916ms)
✔ malformed or untyped verdict rejected: {"isViolation":true,"reason":"spam","reason":"other"} (0.034583ms)
✔ malformed or untyped verdict rejected: "VIOLATION - 1 - Spam" (0.036042ms)
✔ non-string model text rejected: null (0.047958ms)
✔ non-string model text rejected: undefined (0.026167ms)
✔ non-string model text rejected: false (0.026458ms)
✔ non-string model text rejected: 123 (0.025875ms)
✔ non-string model text rejected: [object Object] (0.025041ms)
✔ non-string model text rejected: OK (0.0255ms)
✔ shell-looking JSON reason remains inert text: Quotes ' and " remain text (0.03725ms)
✔ shell-looking JSON reason remains inert text: `echo harmless` (0.025125ms)
✔ shell-looking JSON reason remains inert text: $(echo harmless) (0.024417ms)
✔ shell-looking JSON reason remains inert text: ${HOME}; true (0.023209ms)
✔ shell-looking JSON reason remains inert text: Reason: colons and "reason": stay inside one value (0.022ms)
✔ control or option-like reason rejected: "line\nbreak" (0.039542ms)
✔ control or option-like reason rejected: "line\rbreak" (0.026292ms)
✔ control or option-like reason rejected: "tab\tdata" (0.026125ms)
✔ control or option-like reason rejected: "nul\u0000data" (0.028458ms)
✔ control or option-like reason rejected: "\u001b[31mtext" (0.023291ms)
✔ control or option-like reason rejected: "badtext" (0.024791ms)
✔ control or option-like reason rejected: "bad‮text" (0.045792ms)
✔ control or option-like reason rejected: "--node-url" (0.028917ms)
✔ control or option-like reason rejected: "\ud800" (0.025292ms)
✔ reason byte limit accounts for multibyte UTF-8 (0.070125ms)
✔ oversized full verdict is rejected (0.04875ms)
✔ oversized post and policy are rejected before network access (0.326875ms)
✔ valid HTTP final verdict uses structured request and trusted local endpoint (34.950625ms)
✔ incomplete or malformed HTTP choice is observable unresolved failure: {"choices":[{"finish_reason":"length","message":{"content":"VIOLATION - 1 - Spam"}}]} (0.396833ms)
✔ incomplete or malformed HTTP choice is observable unresolved failure: {"choices":[{"finish_reason":"stop","message":{"content":"","reasoning_content":"VIOLATION - 1  (0.181416ms)
✔ incomplete or malformed HTTP choice is observable unresolved failure: {"choices":[{"finish_reason":"stop","message":{"content":{"isViolation":true,"reason":"1 - Adve (0.794625ms)
✔ incomplete or malformed HTTP choice is observable unresolved failure: {"choices":[]} (0.284625ms)
✔ incomplete or malformed HTTP choice is observable unresolved failure: {"choices":[{"finish_reason":"stop","message":{"content":"OK"}},{"finish_reason":"stop","messag (0.176666ms)
✔ HTTP error remains unresolved without reflecting untrusted server body (0.288041ms)
✔ unavailable model produces explicit error (0.155959ms)
✔ timeout is bounded even if fetch adapter ignores cancellation (20.850416ms)
✔ malformed response JSON is explicit failure (0.397625ms)
✔ oversized HTTP response is stopped and cancelled (0.646709ms)
✔ slow response body is bounded by the whole-request timeout (21.675416ms)
ℹ tests 76
ℹ suites 0
ℹ pass 76
ℹ fail 0
ℹ cancelled 0
ℹ skipped 0
ℹ todo 0
ℹ duration_ms 99.003292
