✔ hosted posting uses the explicit board, preserves fee settings and links, and ignores saved settings (3.018ms)
✔ unavailable or mismatched hosted settings prevent wallet initialization {"fee":false} (0.846542ms)
✔ unavailable or mismatched hosted settings prevent wallet initialization {"fetchFailure":true} (0.560334ms)
✔ unavailable or mismatched hosted settings prevent wallet initialization {"hash":"#network=2:0x1111111111111111111111111111111111111111:5&board=0x0444444444444444444444444444444444444444444444444444444444444444"} (0.607625ms)
✔ unavailable or mismatched hosted settings prevent wallet initialization {"hash":"#board=invalid"} (0.571917ms)
✔ a board change during verification reloads before installing settings or initializing wallets (0.617917ms)
✔ full-history index refuses to checkpoint an omitted publication order (4.861083ms)
✔ an index starting from genesis refuses a nonzero first publication order (0.5725ms)
✔ orphaned flag disappears when its page is rolled back (1.522584ms)
✔ different payloads at one canonical event position never commit (0.352166ms)
✔ unavailable historical checkpoint preserves all cached events (0.50625ms)
✔ identical policy can be published repeatedly under the same content version (0.472125ms)
✔ conflicting text cannot reuse a policy content version (0.357375ms)
✔ post without its preceding policy publication cannot enter full-history cache (0.429625ms)
✔ sync deadline covers the aggregate RPC sequence, not each read independently (30.806125ms)
✔ connection reads pinned immutable slots at one block and matches both contract class IDs (26.328166ms)
✔ matching public slots cannot bypass a wrong currentContractClassId (8.643708ms)
✔ matching public slots cannot bypass a wrong originalContractClassId (8.735708ms)
✔ connection rejects conflicting immutable slot 1 (10.258166ms)
✔ connection rejects conflicting immutable slot 3 (6.482625ms)
✔ connection rejects conflicting immutable slot 4 (6.7455ms)
✔ connection rejects conflicting immutable slot 5 (11.259084ms)
✔ restored public cache rejects additional private payload fields (0.779333ms)
✔ policy A then B then A identifies A as the current restored policy (0.450041ms)
✔ restored range rejects duplicate identity disguised by transaction index (0.402083ms)
✔ board link resolves portal and verifies network without visitor configuration (7.9025ms)
✔ board link rejects malformed address before RPC (22.358583ms)
✔ board link rejects unsupported class before reading portal (9.179541ms)
✔ board link rejects unbound portal and mismatched deployment network (12.126417ms)
✔ board link rejects a portal that names another board (6.380375ms)
✔ sqlite atomic ranges, competing writers and snapshot rollback (14.024833ms)
✔ indexeddb atomic ranges, competing writers and snapshot rollback (5.23425ms)
✔ competing native cache writers recover by reopening without losing committed ranges (11.2955ms)
✔ browser reader discards only conflicted connections and does not retry the failed request (1.81675ms)
✔ standalone reader preserves stale messages and requires explicit reopening after conflict (1.226667ms)
✔ validated store supplies authoritative connection and fee settings; extra cannot override (2.265041ms)
✔ private engine errors remain bounded and recognized outcomes actionable (1.3425ms)
✔ readiness and pre-proof hook configuration changes stop continuation (1.591917ms)
✔ signer proxy stops a stale operation and preserves normal signer methods (1.0075ms)
✔ config change during provider identity read prevents signing (0.898875ms)
✔ deployment manifest connection takes authority over stored author board (0.570084ms)
✔ live board verification rejection blocks engine and forwards exact selected scope (0.617459ms)
✔ live board verification repeats before proof and prevents rejected proof continuation (0.624166ms)
✔ live board verification rejection blocks every external signing method (2.323167ms)
✔ config switch while board verification is pending blocks engine and signing (1.34175ms)
✔ missing private fee settings block new transactions before readiness, engine or signing (4.983625ms)
✔ missing private fee settings retain status and recovery access (2.052792ms)
✔ readiness failures retain fixed public guidance and never raw browser details (4.579416ms)
✔ runtime and fee helper receives correct authority and fee mode for writes versus recovery (3.290417ms)
✔ runtime helper rejection blocks entry, pre-proof and external signing (1.97925ms)
✔ config switch while runtime helper is pending blocks entry, proof and signing (1.8865ms)
✔ bundle load failure is bounded and offers public reader without raw errors (0.656917ms)
✔ browser proof failure has fixed reload/recovery guidance without provider details (0.452958ms)
ℹ tests 53
ℹ suites 0
ℹ pass 53
ℹ fail 0
ℹ cancelled 0
ℹ skipped 0
ℹ todo 0
ℹ duration_ms 238.292708
