{"profile":"C01 consistent-scope TXE","chain":1,"version":1,"originalPublicVersion":2,"realProofs":false,"port":56528}
[18:09:39.903] INFO: kv-store:lmdb-v2 Starting data store with maxReaders 2
[billboard_contract] Running 0 test functions
[billboard_contract] [0m[32m0 tests passed[0m
[billboard_test] Running 5 test functions
[18:09:45.873] INFO: kv-store:lmdb-v2 Starting data store with maxReaders 2
[18:09:45.873] INFO: kv-store:lmdb-v2 Starting data store with maxReaders 2
[18:09:45.875] INFO: kv-store:lmdb-v2 Starting data store with maxReaders 2
[18:09:45.875] INFO: kv-store:lmdb-v2 Starting data store with maxReaders 2
[18:09:45.877] INFO: world-state:database Creating world state data store at directory /var/folders/ym/q1vh2x5n58xbsmpmvs5_6w3r0000gn/T/aztec-world-state-nxFRXM/world_state with map sizes {"archiveTreeMapSizeKb":10485760,"nullifierTreeMapSizeKb":10485760,"noteHashTreeMapSizeKb":10485760,"messageTreeMapSizeKb":10485760,"publicDataTreeMapSizeKb":10485760} and 2 threads (ephemeral=true).
[18:09:45.888] INFO: world-state:database Creating world state data store at directory /var/folders/ym/q1vh2x5n58xbsmpmvs5_6w3r0000gn/T/aztec-world-state-1bsg7p/world_state with map sizes {"archiveTreeMapSizeKb":10485760,"nullifierTreeMapSizeKb":10485760,"noteHashTreeMapSizeKb":10485760,"messageTreeMapSizeKb":10485760,"publicDataTreeMapSizeKb":10485760} and 2 threads (ephemeral=true).
[18:09:45.898] INFO: txe_node Aztec Node version: txe
[18:09:45.898] INFO: txe_node Aztec Node started on chain 0x1
[18:09:45.898] INFO: txe_node Aztec Node version: txe
[18:09:45.898] INFO: txe_node Aztec Node started on chain 0x1
[18:09:45.913] INFO: txe:top_level_context Created block 1 with timestamp 1789492185
[18:09:45.917] INFO: txe:top_level_context Created block 1 with timestamp 1789492185
[18:09:46.112] INFO: txe:top_level_context Created block 2 with timestamp 1789492185
[18:09:46.114] INFO: txe:top_level_context Created block 2 with timestamp 1789492185
[18:09:46.242] INFO: simulator:public-processor Processed 1 successful txs and 0 failed txs (0 silently skipped, 0ms wasted) in 0.048164209000000485s {"blockNumber":3,"successfulCount":1,"failedCount":0,"duration":0.048164209000000485,"rate":67189933.5043573,"totalPublicGas":{"daGas":4000,"l2Gas":3236150},"totalBlockGas":{"daGas":4000,"l2Gas":3236150},"totalSizeInBytes":4128,"silentlySkippedCount":0,"silentlySkippedDurationMs":0}
[18:09:46.246] INFO: simulator:public-processor Processed 1 successful txs and 0 failed txs (0 silently skipped, 0ms wasted) in 0.04535212499999943s {"blockNumber":3,"successfulCount":1,"failedCount":0,"duration":0.04535212499999943,"rate":71356083.09423298,"totalPublicGas":{"daGas":4000,"l2Gas":3236150},"totalBlockGas":{"daGas":4000,"l2Gas":3236150},"totalSizeInBytes":4128,"silentlySkippedCount":0,"silentlySkippedDurationMs":0}
[18:09:46.468] INFO: simulator:public-processor Processed 1 successful txs and 0 failed txs (0 silently skipped, 0ms wasted) in 0.01713904199999888s {"blockNumber":4,"successfulCount":1,"failedCount":0,"duration":0.01713904199999888,"rate":66548643.73400068,"totalPublicGas":{"daGas":192,"l2Gas":1140580},"totalBlockGas":{"daGas":320,"l2Gas":1731380},"totalSizeInBytes":320,"silentlySkippedCount":0,"silentlySkippedDurationMs":0}
[18:09:46.484] INFO: simulator:public-processor Processed 1 successful txs and 0 failed txs (0 silently skipped, 0ms wasted) in 0.014101666999998997s {"blockNumber":4,"successfulCount":1,"failedCount":0,"duration":0.014101666999998997,"rate":80882636.07416634,"totalPublicGas":{"daGas":192,"l2Gas":1140580},"totalBlockGas":{"daGas":320,"l2Gas":1731380},"totalSizeInBytes":320,"silentlySkippedCount":0,"silentlySkippedDurationMs":0}
[18:09:46.498] INFO: txe:top_level_context Created block 5 with timestamp 1789492185
[18:09:46.519] INFO: txe:top_level_context Created block 5 with timestamp 1789492185
[18:09:46.768] INFO: simulator:public-processor Processed 1 successful txs and 0 failed txs (0 silently skipped, 0ms wasted) in 0.01225300000000061s {"blockNumber":6,"successfulCount":1,"failedCount":0,"duration":0.01225300000000061,"rate":0,"totalPublicGas":{"daGas":0,"l2Gas":0},"totalBlockGas":{"daGas":1984,"l2Gas":529900},"totalSizeInBytes":1984,"silentlySkippedCount":0,"silentlySkippedDurationMs":0}
[18:09:46.780] INFO: simulator:public-processor Processed 1 successful txs and 0 failed txs (0 silently skipped, 0ms wasted) in 0.0058533329999991114s {"blockNumber":6,"successfulCount":1,"failedCount":0,"duration":0.0058533329999991114,"rate":0,"totalPublicGas":{"daGas":0,"l2Gas":0},"totalBlockGas":{"daGas":1984,"l2Gas":529900},"totalSizeInBytes":1984,"silentlySkippedCount":0,"silentlySkippedDurationMs":0}
[18:09:46.796] INFO: txe:top_level_context Created block 7 with timestamp 1789499386
[18:09:46.835] INFO: txe:top_level_context Created block 7 with timestamp 1789499386
[18:09:47.821] INFO: simulator:public-processor Processed 1 successful txs and 0 failed txs (0 silently skipped, 0ms wasted) in 0.06900695799999994s {"blockNumber":8,"successfulCount":1,"failedCount":0,"duration":0.06900695799999994,"rate":28221313.566669635,"totalPublicGas":{"daGas":2368,"l2Gas":1947467},"totalBlockGas":{"daGas":3744,"l2Gas":2674217},"totalSizeInBytes":3744,"silentlySkippedCount":0,"silentlySkippedDurationMs":0}
[18:09:47.853] INFO: txe:top_level_context Created block 9 with timestamp 1789506587
[18:09:47.857] INFO: simulator:public-processor Processed 1 successful txs and 0 failed txs (0 silently skipped, 0ms wasted) in 0.029812833999998473s {"blockNumber":8,"successfulCount":1,"failedCount":0,"duration":0.029812833999998473,"rate":65323108.8329308,"totalPublicGas":{"daGas":2368,"l2Gas":1947467},"totalBlockGas":{"daGas":3744,"l2Gas":2674217},"totalSizeInBytes":3744,"silentlySkippedCount":0,"silentlySkippedDurationMs":0}
[18:09:47.926] INFO: txe:top_level_context Created block 9 with timestamp 1789506587
[18:09:48.705] INFO: simulator:public-processor Processed 1 successful txs and 0 failed txs (0 silently skipped, 0ms wasted) in 0.13905133299999944s {"blockNumber":10,"successfulCount":1,"failedCount":0,"duration":0.13905133299999944,"rate":14005381.739130884,"totalPublicGas":{"daGas":2368,"l2Gas":1947467},"totalBlockGas":{"daGas":3744,"l2Gas":2674217},"totalSizeInBytes":3744,"silentlySkippedCount":0,"silentlySkippedDurationMs":0}
[18:09:48.798] INFO: txe:top_level_context Created block 11 with timestamp 1789513788
[18:09:48.918] INFO: simulator:public-processor Processed 1 successful txs and 0 failed txs (0 silently skipped, 0ms wasted) in 0.049028957999998964s {"blockNumber":10,"successfulCount":1,"failedCount":0,"duration":0.049028957999998964,"rate":39720750.336975165,"totalPublicGas":{"daGas":2368,"l2Gas":1947467},"totalBlockGas":{"daGas":3744,"l2Gas":2674217},"totalSizeInBytes":3744,"silentlySkippedCount":0,"silentlySkippedDurationMs":0}
[18:09:48.958] INFO: txe:top_level_context Created block 11 with timestamp 1789513788
[18:09:49.585] INFO: simulator:public-processor Processed 1 successful txs and 0 failed txs (0 silently skipped, 0ms wasted) in 0.028742624999998953s {"blockNumber":12,"successfulCount":1,"failedCount":0,"duration":0.028742624999998953,"rate":67755363.33233555,"totalPublicGas":{"daGas":2368,"l2Gas":1947467},"totalBlockGas":{"daGas":3744,"l2Gas":2674217},"totalSizeInBytes":3744,"silentlySkippedCount":0,"silentlySkippedDurationMs":0}
[18:09:49.797] INFO: txe:top_level_context Created block 13 with timestamp 1789520989
[18:09:49.923] INFO: simulator:public-processor Processed 1 successful txs and 0 failed txs (0 silently skipped, 0ms wasted) in 0.05171929100000125s {"blockNumber":12,"successfulCount":1,"failedCount":0,"duration":0.05171929100000125,"rate":37654557.17480645,"totalPublicGas":{"daGas":2368,"l2Gas":1947467},"totalBlockGas":{"daGas":3744,"l2Gas":2674217},"totalSizeInBytes":3744,"silentlySkippedCount":0,"silentlySkippedDurationMs":0}
[18:09:49.968] INFO: txe:top_level_context Created block 13 with timestamp 1789520989
[18:09:50.566] INFO: simulator:public-processor Processed 1 successful txs and 0 failed txs (0 silently skipped, 0ms wasted) in 0.02944904200000019s {"blockNumber":14,"successfulCount":1,"failedCount":0,"duration":0.02944904200000019,"rate":66130062.90662995,"totalPublicGas":{"daGas":2368,"l2Gas":1947467},"totalBlockGas":{"daGas":3744,"l2Gas":2674217},"totalSizeInBytes":3744,"silentlySkippedCount":0,"silentlySkippedDurationMs":0}
[18:09:50.762] INFO: txe:top_level_context Created block 15 with timestamp 1789528190
[18:09:50.969] INFO: simulator:public-processor Processed 1 successful txs and 0 failed txs (0 silently skipped, 0ms wasted) in 0.02788554099999965s {"blockNumber":14,"successfulCount":1,"failedCount":0,"duration":0.02788554099999965,"rate":69837877.62984496,"totalPublicGas":{"daGas":2368,"l2Gas":1947467},"totalBlockGas":{"daGas":3744,"l2Gas":2674217},"totalSizeInBytes":3744,"silentlySkippedCount":0,"silentlySkippedDurationMs":0}
[18:09:51.015] INFO: txe:top_level_context Created block 15 with timestamp 1789528190
[18:09:51.552] INFO: simulator:public-processor Processed 1 successful txs and 0 failed txs (0 silently skipped, 0ms wasted) in 0.02868816700000025s {"blockNumber":16,"successfulCount":1,"failedCount":0,"duration":0.02868816700000025,"rate":67883981.573308,"totalPublicGas":{"daGas":2368,"l2Gas":1947467},"totalBlockGas":{"daGas":3744,"l2Gas":2674217},"totalSizeInBytes":3744,"silentlySkippedCount":0,"silentlySkippedDurationMs":0}
[18:09:51.582] INFO: txe:top_level_context Created block 17 with timestamp 1789535391
[18:09:52.005] INFO: simulator:public-processor Processed 1 successful txs and 0 failed txs (0 silently skipped, 0ms wasted) in 0.028222999999999956s {"blockNumber":16,"successfulCount":1,"failedCount":0,"duration":0.028222999999999956,"rate":69002834.56755139,"totalPublicGas":{"daGas":2368,"l2Gas":1947467},"totalBlockGas":{"daGas":3744,"l2Gas":2674217},"totalSizeInBytes":3744,"silentlySkippedCount":0,"silentlySkippedDurationMs":0}
[18:09:52.046] INFO: txe:top_level_context Created block 17 with timestamp 1789535391
[18:09:52.573] INFO: simulator:public-processor Processed 1 successful txs and 0 failed txs (0 silently skipped, 0ms wasted) in 0.02941883400000006s {"blockNumber":18,"successfulCount":1,"failedCount":0,"duration":0.02941883400000006,"rate":66197966.92146249,"totalPublicGas":{"daGas":2368,"l2Gas":1947467},"totalBlockGas":{"daGas":3744,"l2Gas":2674217},"totalSizeInBytes":3744,"silentlySkippedCount":0,"silentlySkippedDurationMs":0}
[18:09:52.606] INFO: txe:top_level_context Created block 19 with timestamp 1789542592
[18:09:53.049] INFO: simulator:public-processor Processed 1 successful txs and 0 failed txs (0 silently skipped, 0ms wasted) in 0.030996166999999332s {"blockNumber":18,"successfulCount":1,"failedCount":0,"duration":0.030996166999999332,"rate":62829284.6660699,"totalPublicGas":{"daGas":2368,"l2Gas":1947467},"totalBlockGas":{"daGas":3744,"l2Gas":2674217},"totalSizeInBytes":3744,"silentlySkippedCount":0,"silentlySkippedDurationMs":0}
[18:09:53.090] INFO: txe:top_level_context Created block 19 with timestamp 1789542592
[18:09:53.670] INFO: simulator:public-processor Processed 1 successful txs and 0 failed txs (0 silently skipped, 0ms wasted) in 0.028880041999998867s {"blockNumber":20,"successfulCount":1,"failedCount":0,"duration":0.028880041999998867,"rate":67432969.7997003,"totalPublicGas":{"daGas":2368,"l2Gas":1947467},"totalBlockGas":{"daGas":3744,"l2Gas":2674217},"totalSizeInBytes":3744,"silentlySkippedCount":0,"silentlySkippedDurationMs":0}
[18:09:53.703] INFO: txe:top_level_context Created block 21 with timestamp 1789549793
[18:09:54.142] INFO: simulator:public-processor Processed 1 successful txs and 0 failed txs (0 silently skipped, 0ms wasted) in 0.030995167000000948s {"blockNumber":20,"successfulCount":1,"failedCount":0,"duration":0.030995167000000948,"rate":62831311.7332112,"totalPublicGas":{"daGas":2368,"l2Gas":1947467},"totalBlockGas":{"daGas":3744,"l2Gas":2674217},"totalSizeInBytes":3744,"silentlySkippedCount":0,"silentlySkippedDurationMs":0}
[18:09:54.182] INFO: txe:top_level_context Created block 21 with timestamp 1789549793
[18:09:54.755] INFO: simulator:public-processor Processed 1 successful txs and 0 failed txs (0 silently skipped, 0ms wasted) in 0.030127042000000073s {"blockNumber":22,"successfulCount":1,"failedCount":0,"duration":0.030127042000000073,"rate":64641825.77234085,"totalPublicGas":{"daGas":2368,"l2Gas":1947467},"totalBlockGas":{"daGas":3744,"l2Gas":2674217},"totalSizeInBytes":3744,"silentlySkippedCount":0,"silentlySkippedDurationMs":0}
[18:09:54.785] INFO: txe:top_level_context Created block 23 with timestamp 1789556994
[18:09:55.268] INFO: simulator:public-processor Processed 1 successful txs and 0 failed txs (0 silently skipped, 0ms wasted) in 0.029942707999998673s {"blockNumber":22,"successfulCount":1,"failedCount":0,"duration":0.029942707999998673,"rate":65039775.29354013,"totalPublicGas":{"daGas":2368,"l2Gas":1947467},"totalBlockGas":{"daGas":3744,"l2Gas":2674217},"totalSizeInBytes":3744,"silentlySkippedCount":0,"silentlySkippedDurationMs":0}
[18:09:55.308] INFO: txe:top_level_context Created block 23 with timestamp 1789556994
[18:09:55.849] INFO: simulator:public-processor Processed 1 successful txs and 0 failed txs (0 silently skipped, 0ms wasted) in 0.029696332999999867s {"blockNumber":24,"successfulCount":1,"failedCount":0,"duration":0.029696332999999867,"rate":65579376.41661038,"totalPublicGas":{"daGas":2368,"l2Gas":1947467},"totalBlockGas":{"daGas":3744,"l2Gas":2674217},"totalSizeInBytes":3744,"silentlySkippedCount":0,"silentlySkippedDurationMs":0}
[18:09:55.888] INFO: txe:top_level_context Created block 25 with timestamp 1789564195
[18:09:56.294] INFO: simulator:public-processor Processed 1 successful txs and 0 failed txs (0 silently skipped, 0ms wasted) in 0.028591499999998632s {"blockNumber":24,"successfulCount":1,"failedCount":0,"duration":0.028591499999998632,"rate":68113495.26957639,"totalPublicGas":{"daGas":2368,"l2Gas":1947467},"totalBlockGas":{"daGas":3744,"l2Gas":2674217},"totalSizeInBytes":3744,"silentlySkippedCount":0,"silentlySkippedDurationMs":0}
[18:09:56.338] INFO: txe:top_level_context Created block 25 with timestamp 1789564195
[18:09:56.859] INFO: simulator:public-processor Processed 1 successful txs and 0 failed txs (0 silently skipped, 0ms wasted) in 0.028407959000000118s {"blockNumber":26,"successfulCount":1,"failedCount":0,"duration":0.028407959000000118,"rate":68553569.79359172,"totalPublicGas":{"daGas":2368,"l2Gas":1947467},"totalBlockGas":{"daGas":3744,"l2Gas":2674217},"totalSizeInBytes":3744,"silentlySkippedCount":0,"silentlySkippedDurationMs":0}
[18:09:56.893] INFO: txe:top_level_context Created block 27 with timestamp 1789571396
[18:09:57.301] INFO: simulator:public-processor Processed 1 successful txs and 0 failed txs (0 silently skipped, 0ms wasted) in 0.028150499999999738s {"blockNumber":26,"successfulCount":1,"failedCount":0,"duration":0.028150499999999738,"rate":69180547.414789,"totalPublicGas":{"daGas":2368,"l2Gas":1947467},"totalBlockGas":{"daGas":3744,"l2Gas":2674217},"totalSizeInBytes":3744,"silentlySkippedCount":0,"silentlySkippedDurationMs":0}
[18:09:57.339] INFO: txe:top_level_context Created block 27 with timestamp 1789571396
[18:09:57.875] INFO: simulator:public-processor Processed 1 successful txs and 0 failed txs (0 silently skipped, 0ms wasted) in 0.028592834000002766s {"blockNumber":28,"successfulCount":1,"failedCount":0,"duration":0.028592834000002766,"rate":68110317.43127707,"totalPublicGas":{"daGas":2368,"l2Gas":1947467},"totalBlockGas":{"daGas":3744,"l2Gas":2674217},"totalSizeInBytes":3744,"silentlySkippedCount":0,"silentlySkippedDurationMs":0}
[18:09:57.908] INFO: txe:top_level_context Created block 29 with timestamp 1789578597
[18:09:58.333] INFO: simulator:public-processor Processed 1 successful txs and 0 failed txs (0 silently skipped, 0ms wasted) in 0.031032375000002502s {"blockNumber":28,"successfulCount":1,"failedCount":0,"duration":0.031032375000002502,"rate":62755976.62118491,"totalPublicGas":{"daGas":2368,"l2Gas":1947467},"totalBlockGas":{"daGas":3744,"l2Gas":2674217},"totalSizeInBytes":3744,"silentlySkippedCount":0,"silentlySkippedDurationMs":0}
[18:09:58.382] INFO: txe:top_level_context Created block 29 with timestamp 1789578597
[18:09:58.977] INFO: simulator:public-processor Processed 1 successful txs and 0 failed txs (0 silently skipped, 0ms wasted) in 0.02955058300000019s {"blockNumber":30,"successfulCount":1,"failedCount":0,"duration":0.02955058300000019,"rate":65902828.38074591,"totalPublicGas":{"daGas":2368,"l2Gas":1947467},"totalBlockGas":{"daGas":3744,"l2Gas":2674217},"totalSizeInBytes":3744,"silentlySkippedCount":0,"silentlySkippedDurationMs":0}
[18:09:59.014] INFO: txe:top_level_context Created block 31 with timestamp 1789585798
[18:09:59.455] INFO: simulator:public-processor Processed 1 successful txs and 0 failed txs (0 silently skipped, 0ms wasted) in 0.03379308300000048s {"blockNumber":30,"successfulCount":1,"failedCount":0,"duration":0.03379308300000048,"rate":57629160.38172582,"totalPublicGas":{"daGas":2368,"l2Gas":1947467},"totalBlockGas":{"daGas":3744,"l2Gas":2674217},"totalSizeInBytes":3744,"silentlySkippedCount":0,"silentlySkippedDurationMs":0}
[18:09:59.489] INFO: txe:top_level_context Created block 31 with timestamp 1789585798
[18:10:00.044] INFO: simulator:public-processor Processed 1 successful txs and 0 failed txs (0 silently skipped, 0ms wasted) in 0.033695457999998325s {"blockNumber":32,"successfulCount":1,"failedCount":0,"duration":0.033695457999998325,"rate":57796127.893560514,"totalPublicGas":{"daGas":2368,"l2Gas":1947467},"totalBlockGas":{"daGas":3744,"l2Gas":2674217},"totalSizeInBytes":3744,"silentlySkippedCount":0,"silentlySkippedDurationMs":0}
[18:10:00.086] INFO: txe:top_level_context Created block 33 with timestamp 1789592999
[18:10:00.495] INFO: simulator:public-processor Processed 1 successful txs and 0 failed txs (0 silently skipped, 0ms wasted) in 0.029074165999998514s {"blockNumber":32,"successfulCount":1,"failedCount":0,"duration":0.029074165999998514,"rate":66982729.616392076,"totalPublicGas":{"daGas":2368,"l2Gas":1947467},"totalBlockGas":{"daGas":3744,"l2Gas":2674217},"totalSizeInBytes":3744,"silentlySkippedCount":0,"silentlySkippedDurationMs":0}
[18:10:00.540] INFO: txe:top_level_context Created block 33 with timestamp 1789592999
[18:10:01.053] INFO: simulator:public-processor Processed 1 successful txs and 0 failed txs (0 silently skipped, 0ms wasted) in 0.02810437500000262s {"blockNumber":34,"successfulCount":1,"failedCount":0,"duration":0.02810437500000262,"rate":69294086.77473946,"totalPublicGas":{"daGas":2368,"l2Gas":1947467},"totalBlockGas":{"daGas":3744,"l2Gas":2674217},"totalSizeInBytes":3744,"silentlySkippedCount":0,"silentlySkippedDurationMs":0}
[18:10:01.085] INFO: txe:top_level_context Created block 35 with timestamp 1789600200
[18:10:01.496] INFO: simulator:public-processor Processed 1 successful txs and 0 failed txs (0 silently skipped, 0ms wasted) in 0.02926945799999885s {"blockNumber":34,"successfulCount":1,"failedCount":0,"duration":0.02926945799999885,"rate":66535806.71019178,"totalPublicGas":{"daGas":2368,"l2Gas":1947467},"totalBlockGas":{"daGas":3744,"l2Gas":2674217},"totalSizeInBytes":3744,"silentlySkippedCount":0,"silentlySkippedDurationMs":0}
[18:10:01.539] INFO: txe:top_level_context Created block 35 with timestamp 1789600200
[18:10:02.062] INFO: simulator:public-processor Processed 1 successful txs and 0 failed txs (0 silently skipped, 0ms wasted) in 0.030144374999999855s {"blockNumber":36,"successfulCount":1,"failedCount":0,"duration":0.030144374999999855,"rate":64604656.75602859,"totalPublicGas":{"daGas":2368,"l2Gas":1947467},"totalBlockGas":{"daGas":3744,"l2Gas":2674217},"totalSizeInBytes":3744,"silentlySkippedCount":0,"silentlySkippedDurationMs":0}
[18:10:02.095] INFO: txe:top_level_context Created block 37 with timestamp 1789607401
[18:10:02.500] INFO: simulator:public-processor Processed 1 successful txs and 0 failed txs (0 silently skipped, 0ms wasted) in 0.028018708999999944s {"blockNumber":36,"successfulCount":1,"failedCount":0,"duration":0.028018708999999944,"rate":69505950.47045186,"totalPublicGas":{"daGas":2368,"l2Gas":1947467},"totalBlockGas":{"daGas":3744,"l2Gas":2674217},"totalSizeInBytes":3744,"silentlySkippedCount":0,"silentlySkippedDurationMs":0}
[18:10:02.539] INFO: txe:top_level_context Created block 37 with timestamp 1789607401
[18:10:03.029] INFO: simulator:public-processor Processed 1 successful txs and 0 failed txs (0 silently skipped, 0ms wasted) in 0.02769933300000048s {"blockNumber":38,"successfulCount":1,"failedCount":0,"duration":0.02769933300000048,"rate":70307360.83067293,"totalPublicGas":{"daGas":2368,"l2Gas":1947467},"totalBlockGas":{"daGas":3744,"l2Gas":2674217},"totalSizeInBytes":3744,"silentlySkippedCount":0,"silentlySkippedDurationMs":0}
[18:10:03.065] INFO: txe:top_level_context Created block 39 with timestamp 1789614602
[18:10:03.504] INFO: simulator:public-processor Processed 1 successful txs and 0 failed txs (0 silently skipped, 0ms wasted) in 0.02854175000000032s {"blockNumber":38,"successfulCount":1,"failedCount":0,"duration":0.02854175000000032,"rate":68232221.2197913,"totalPublicGas":{"daGas":2368,"l2Gas":1947467},"totalBlockGas":{"daGas":3744,"l2Gas":2674217},"totalSizeInBytes":3744,"silentlySkippedCount":0,"silentlySkippedDurationMs":0}
[18:10:03.544] INFO: txe:top_level_context Created block 39 with timestamp 1789614602
[18:10:04.061] INFO: simulator:public-processor Processed 1 successful txs and 0 failed txs (0 silently skipped, 0ms wasted) in 0.02817895899999712s {"blockNumber":40,"successfulCount":1,"failedCount":0,"duration":0.02817895899999712,"rate":69110679.3547696,"totalPublicGas":{"daGas":2368,"l2Gas":1947467},"totalBlockGas":{"daGas":3744,"l2Gas":2674217},"totalSizeInBytes":3744,"silentlySkippedCount":0,"silentlySkippedDurationMs":0}
[18:10:04.097] INFO: txe:top_level_context Created block 41 with timestamp 1789621803
[18:10:04.510] INFO: simulator:public-processor Processed 1 successful txs and 0 failed txs (0 silently skipped, 0ms wasted) in 0.028664332999996985s {"blockNumber":40,"successfulCount":1,"failedCount":0,"duration":0.028664332999996985,"rate":67940426.17353785,"totalPublicGas":{"daGas":2368,"l2Gas":1947467},"totalBlockGas":{"daGas":3744,"l2Gas":2674217},"totalSizeInBytes":3744,"silentlySkippedCount":0,"silentlySkippedDurationMs":0}
[18:10:04.563] INFO: simulator:public-processor Processed 1 successful txs and 0 failed txs (0 silently skipped, 0ms wasted) in 0.004251124999998865s {"blockNumber":41,"successfulCount":1,"failedCount":0,"duration":0.004251124999998865,"rate":2076156.31156514,"totalPublicGas":{"daGas":0,"l2Gas":8826},"totalBlockGas":{"daGas":0,"l2Gas":8826},"totalSizeInBytes":128,"silentlySkippedCount":0,"silentlySkippedDurationMs":0}
[18:10:05.010] INFO: simulator:public-processor Processed 1 successful txs and 0 failed txs (0 silently skipped, 0ms wasted) in 0.02963366699999824s {"blockNumber":42,"successfulCount":1,"failedCount":0,"duration":0.02963366699999824,"rate":65718056.425487794,"totalPublicGas":{"daGas":2368,"l2Gas":1947467},"totalBlockGas":{"daGas":3744,"l2Gas":2674217},"totalSizeInBytes":3744,"silentlySkippedCount":0,"silentlySkippedDurationMs":0}
[18:10:05.044] INFO: txe:top_level_context Created block 43 with timestamp 1789629004
[18:10:05.216] INFO: simulator:public-processor Processed 1 successful txs and 0 failed txs (0 silently skipped, 0ms wasted) in 0.004671791000000667s {"blockNumber":41,"successfulCount":1,"failedCount":0,"duration":0.004671791000000667,"rate":2476780.318297276,"totalPublicGas":{"daGas":0,"l2Gas":11571},"totalBlockGas":{"daGas":0,"l2Gas":11571},"totalSizeInBytes":128,"silentlySkippedCount":0,"silentlySkippedDurationMs":0}
[18:10:05.229] INFO: txe:top_level_context Created block 41 with timestamp 1789621803
[18:10:05.638] INFO: simulator:public-processor Processed 1 successful txs and 0 failed txs (0 silently skipped, 0ms wasted) in 0.0049016670000019075s {"blockNumber":42,"successfulCount":1,"failedCount":0,"duration":0.0049016670000019075,"rate":0,"totalPublicGas":{"daGas":0,"l2Gas":0},"totalBlockGas":{"daGas":1440,"l2Gas":527400},"totalSizeInBytes":1440,"silentlySkippedCount":0,"silentlySkippedDurationMs":0}
[18:10:06.060] INFO: simulator:public-processor Processed 1 successful txs and 0 failed txs (0 silently skipped, 0ms wasted) in 0.02842887499999779s {"blockNumber":44,"successfulCount":1,"failedCount":0,"duration":0.02842887499999779,"rate":68503132.81831066,"totalPublicGas":{"daGas":2368,"l2Gas":1947467},"totalBlockGas":{"daGas":3744,"l2Gas":2674217},"totalSizeInBytes":3744,"silentlySkippedCount":0,"silentlySkippedDurationMs":0}
[18:10:06.098] INFO: txe:top_level_context Created block 45 with timestamp 1789636205
[18:10:06.291] INFO: simulator:public-processor Processed 1 successful txs and 0 failed txs (0 silently skipped, 0ms wasted) in 0.0057817079999986165s {"blockNumber":43,"successfulCount":1,"failedCount":0,"duration":0.0057817079999986165,"rate":1526538.5246024379,"totalPublicGas":{"daGas":0,"l2Gas":8826},"totalBlockGas":{"daGas":0,"l2Gas":8826},"totalSizeInBytes":128,"silentlySkippedCount":0,"silentlySkippedDurationMs":0}
[18:10:06.315] INFO: txe:top_level_context Created block 43 with timestamp 1789621804
[18:10:06.452] INFO: simulator:public-processor Processed 1 successful txs and 0 failed txs (0 silently skipped, 0ms wasted) in 0.0037879999999968278s {"blockNumber":44,"successfulCount":1,"failedCount":0,"duration":0.0037879999999968278,"rate":0,"totalPublicGas":{"daGas":0,"l2Gas":0},"totalBlockGas":{"daGas":256,"l2Gas":477200},"totalSizeInBytes":256,"silentlySkippedCount":0,"silentlySkippedDurationMs":0}
[18:10:06.860] INFO: simulator:public-processor Processed 1 successful txs and 0 failed txs (0 silently skipped, 0ms wasted) in 0.027929833000001965s {"blockNumber":46,"successfulCount":1,"failedCount":0,"duration":0.027929833000001965,"rate":69727126.54600774,"totalPublicGas":{"daGas":2368,"l2Gas":1947467},"totalBlockGas":{"daGas":3744,"l2Gas":2674217},"totalSizeInBytes":3744,"silentlySkippedCount":0,"silentlySkippedDurationMs":0}
[18:10:06.902] INFO: txe:top_level_context Created block 47 with timestamp 1789643406
[billboard_test] Testing test_history_17_progress_and_exit ... [0m[32mok[0m
[18:10:07.522] INFO: simulator:public-processor Processed 1 successful txs and 0 failed txs (0 silently skipped, 0ms wasted) in 0.02844183400000111s {"blockNumber":48,"successfulCount":1,"failedCount":0,"duration":0.02844183400000111,"rate":68471920.62227507,"totalPublicGas":{"daGas":2368,"l2Gas":1947467},"totalBlockGas":{"daGas":3744,"l2Gas":2674217},"totalSizeInBytes":3744,"silentlySkippedCount":0,"silentlySkippedDurationMs":0}
[18:10:07.551] INFO: txe:top_level_context Created block 49 with timestamp 1789650607
[18:10:08.121] INFO: simulator:public-processor Processed 1 successful txs and 0 failed txs (0 silently skipped, 0ms wasted) in 0.027296875s {"blockNumber":50,"successfulCount":1,"failedCount":0,"duration":0.027296875,"rate":71343954.20721236,"totalPublicGas":{"daGas":2368,"l2Gas":1947467},"totalBlockGas":{"daGas":3744,"l2Gas":2674217},"totalSizeInBytes":3744,"silentlySkippedCount":0,"silentlySkippedDurationMs":0}
[18:10:08.150] INFO: txe:top_level_context Created block 51 with timestamp 1789657808
[18:10:08.715] INFO: simulator:public-processor Processed 1 successful txs and 0 failed txs (0 silently skipped, 0ms wasted) in 0.027224874999999885s {"blockNumber":52,"successfulCount":1,"failedCount":0,"duration":0.027224874999999885,"rate":71532633.2995104,"totalPublicGas":{"daGas":2368,"l2Gas":1947467},"totalBlockGas":{"daGas":3744,"l2Gas":2674217},"totalSizeInBytes":3744,"silentlySkippedCount":0,"silentlySkippedDurationMs":0}
[18:10:08.744] INFO: txe:top_level_context Created block 53 with timestamp 1789665009
[18:10:09.183] INFO: kv-store:lmdb-v2 Starting data store with maxReaders 2
[18:10:09.185] INFO: world-state:database Creating world state data store at directory /var/folders/ym/q1vh2x5n58xbsmpmvs5_6w3r0000gn/T/aztec-world-state-e9fkpu/world_state with map sizes {"archiveTreeMapSizeKb":10485760,"nullifierTreeMapSizeKb":10485760,"noteHashTreeMapSizeKb":10485760,"messageTreeMapSizeKb":10485760,"publicDataTreeMapSizeKb":10485760} and 2 threads (ephemeral=true).
[18:10:09.195] INFO: txe_node Aztec Node version: txe
[18:10:09.195] INFO: txe_node Aztec Node started on chain 0x1
[18:10:09.214] INFO: txe:top_level_context Created block 1 with timestamp 1789492209
[18:10:09.317] INFO: txe:top_level_context Created block 2 with timestamp 1789492209
[18:10:09.334] INFO: simulator:public-processor Processed 1 successful txs and 0 failed txs (0 silently skipped, 0ms wasted) in 0.028639707999998792s {"blockNumber":54,"successfulCount":1,"failedCount":0,"duration":0.028639707999998792,"rate":67998842.72563401,"totalPublicGas":{"daGas":2368,"l2Gas":1947467},"totalBlockGas":{"daGas":3744,"l2Gas":2674217},"totalSizeInBytes":3744,"silentlySkippedCount":0,"silentlySkippedDurationMs":0}
[18:10:09.367] INFO: txe:top_level_context Created block 55 with timestamp 1789672210
[18:10:09.409] INFO: simulator:public-processor Processed 1 successful txs and 0 failed txs (0 silently skipped, 0ms wasted) in 0.06355629199999749s {"blockNumber":3,"successfulCount":1,"failedCount":0,"duration":0.06355629199999749,"rate":50917854.04976313,"totalPublicGas":{"daGas":4000,"l2Gas":3236150},"totalBlockGas":{"daGas":4000,"l2Gas":3236150},"totalSizeInBytes":4128,"silentlySkippedCount":0,"silentlySkippedDurationMs":0}
[18:10:09.595] INFO: simulator:public-processor Processed 1 successful txs and 0 failed txs (0 silently skipped, 0ms wasted) in 0.015746917000000395s {"blockNumber":4,"successfulCount":1,"failedCount":0,"duration":0.015746917000000395,"rate":72431956.04574353,"totalPublicGas":{"daGas":192,"l2Gas":1140580},"totalBlockGas":{"daGas":320,"l2Gas":1731380},"totalSizeInBytes":320,"silentlySkippedCount":0,"silentlySkippedDurationMs":0}
[18:10:09.634] INFO: txe:top_level_context Created block 5 with timestamp 1789492209
[18:10:10.119] INFO: simulator:public-processor Processed 1 successful txs and 0 failed txs (0 silently skipped, 0ms wasted) in 0.004474583999999595s {"blockNumber":6,"successfulCount":1,"failedCount":0,"duration":0.004474583999999595,"rate":0,"totalPublicGas":{"daGas":0,"l2Gas":0},"totalBlockGas":{"daGas":1984,"l2Gas":529900},"totalSizeInBytes":1984,"silentlySkippedCount":0,"silentlySkippedDurationMs":0}
[18:10:10.125] INFO: simulator:public-processor Processed 1 successful txs and 0 failed txs (0 silently skipped, 0ms wasted) in 0.029776166999999985s {"blockNumber":56,"successfulCount":1,"failedCount":0,"duration":0.029776166999999985,"rate":65403549.086757906,"totalPublicGas":{"daGas":2368,"l2Gas":1947467},"totalBlockGas":{"daGas":3744,"l2Gas":2674217},"totalSizeInBytes":3744,"silentlySkippedCount":0,"silentlySkippedDurationMs":0}
[18:10:10.148] INFO: txe:top_level_context Created block 7 with timestamp 1789499410
[18:10:10.154] INFO: txe:top_level_context Created block 57 with timestamp 1789679411
[18:10:11.079] INFO: simulator:public-processor Processed 1 successful txs and 0 failed txs (0 silently skipped, 0ms wasted) in 0.19744095899999956s {"blockNumber":8,"successfulCount":1,"failedCount":0,"duration":0.19744095899999956,"rate":9863541.029498365,"totalPublicGas":{"daGas":2368,"l2Gas":1947467},"totalBlockGas":{"daGas":3744,"l2Gas":2674217},"totalSizeInBytes":3744,"silentlySkippedCount":0,"silentlySkippedDurationMs":0}
[18:10:11.154] INFO: txe:top_level_context Created block 9 with timestamp 1789506611
[18:10:11.192] INFO: simulator:public-processor Processed 1 successful txs and 0 failed txs (0 silently skipped, 0ms wasted) in 0.0423184590000019s {"blockNumber":58,"successfulCount":1,"failedCount":0,"duration":0.0423184590000019,"rate":46019326.93248383,"totalPublicGas":{"daGas":2368,"l2Gas":1947467},"totalBlockGas":{"daGas":3744,"l2Gas":2674217},"totalSizeInBytes":3744,"silentlySkippedCount":0,"silentlySkippedDurationMs":0}
[18:10:11.256] INFO: txe:top_level_context Created block 59 with timestamp 1789686612
[18:10:11.905] INFO: simulator:public-processor Processed 1 successful txs and 0 failed txs (0 silently skipped, 0ms wasted) in 0.030843583000001673s {"blockNumber":10,"successfulCount":1,"failedCount":0,"duration":0.030843583000001673,"rate":63140102.75654078,"totalPublicGas":{"daGas":2368,"l2Gas":1947467},"totalBlockGas":{"daGas":3744,"l2Gas":2674217},"totalSizeInBytes":3744,"silentlySkippedCount":0,"silentlySkippedDurationMs":0}
[18:10:12.110] INFO: txe:top_level_context Created block 11 with timestamp 1789513812
[18:10:12.262] INFO: simulator:public-processor Processed 1 successful txs and 0 failed txs (0 silently skipped, 0ms wasted) in 0.04468149999999878s {"blockNumber":60,"successfulCount":1,"failedCount":0,"duration":0.04468149999999878,"rate":43585533.16249574,"totalPublicGas":{"daGas":2368,"l2Gas":1947467},"totalBlockGas":{"daGas":3744,"l2Gas":2674217},"totalSizeInBytes":3744,"silentlySkippedCount":0,"silentlySkippedDurationMs":0}
[18:10:12.300] INFO: txe:top_level_context Created block 61 with timestamp 1789693813
[18:10:13.020] INFO: simulator:public-processor Processed 1 successful txs and 0 failed txs (0 silently skipped, 0ms wasted) in 0.046969292000001585s {"blockNumber":12,"successfulCount":1,"failedCount":0,"duration":0.046969292000001585,"rate":41462558.132661104,"totalPublicGas":{"daGas":2368,"l2Gas":1947467},"totalBlockGas":{"daGas":3744,"l2Gas":2674217},"totalSizeInBytes":3744,"silentlySkippedCount":0,"silentlySkippedDurationMs":0}
[18:10:13.237] INFO: txe:top_level_context Created block 13 with timestamp 1789521013
[18:10:13.403] INFO: simulator:public-processor Processed 1 successful txs and 0 failed txs (0 silently skipped, 0ms wasted) in 0.0465647919999974s {"blockNumber":62,"successfulCount":1,"failedCount":0,"duration":0.0465647919999974,"rate":41822735.94178427,"totalPublicGas":{"daGas":2368,"l2Gas":1947467},"totalBlockGas":{"daGas":3744,"l2Gas":2674217},"totalSizeInBytes":3744,"silentlySkippedCount":0,"silentlySkippedDurationMs":0}
[18:10:13.442] INFO: txe:top_level_context Created block 63 with timestamp 1789701014
[18:10:14.131] INFO: simulator:public-processor Processed 1 successful txs and 0 failed txs (0 silently skipped, 0ms wasted) in 0.03304400000000169s {"blockNumber":14,"successfulCount":1,"failedCount":0,"duration":0.03304400000000169,"rate":58935570.75414297,"totalPublicGas":{"daGas":2368,"l2Gas":1947467},"totalBlockGas":{"daGas":3744,"l2Gas":2674217},"totalSizeInBytes":3744,"silentlySkippedCount":0,"silentlySkippedDurationMs":0}
[18:10:14.347] INFO: txe:top_level_context Created block 15 with timestamp 1789528214
[18:10:14.503] INFO: simulator:public-processor Processed 1 successful txs and 0 failed txs (0 silently skipped, 0ms wasted) in 0.062080000000001745s {"blockNumber":64,"successfulCount":1,"failedCount":0,"duration":0.062080000000001745,"rate":31370280.283504274,"totalPublicGas":{"daGas":2368,"l2Gas":1947467},"totalBlockGas":{"daGas":3744,"l2Gas":2674217},"totalSizeInBytes":3744,"silentlySkippedCount":0,"silentlySkippedDurationMs":0}
[18:10:14.549] INFO: txe:top_level_context Created block 65 with timestamp 1789708215
[18:10:15.382] INFO: simulator:public-processor Processed 1 successful txs and 0 failed txs (0 silently skipped, 0ms wasted) in 0.20379395799999475s {"blockNumber":16,"successfulCount":1,"failedCount":0,"duration":0.20379395799999475,"rate":9556058.575593542,"totalPublicGas":{"daGas":2368,"l2Gas":1947467},"totalBlockGas":{"daGas":3744,"l2Gas":2674217},"totalSizeInBytes":3744,"silentlySkippedCount":0,"silentlySkippedDurationMs":0}
[18:10:15.426] INFO: txe:top_level_context Created block 17 with timestamp 1789535415
[18:10:15.574] INFO: simulator:public-processor Processed 1 successful txs and 0 failed txs (0 silently skipped, 0ms wasted) in 0.06510258299999987s {"blockNumber":66,"successfulCount":1,"failedCount":0,"duration":0.06510258299999987,"rate":29913820.777280126,"totalPublicGas":{"daGas":2368,"l2Gas":1947467},"totalBlockGas":{"daGas":3744,"l2Gas":2674217},"totalSizeInBytes":3744,"silentlySkippedCount":0,"silentlySkippedDurationMs":0}
[18:10:15.615] INFO: txe:top_level_context Created block 67 with timestamp 1789715416
[18:10:16.229] INFO: simulator:public-processor Processed 1 successful txs and 0 failed txs (0 silently skipped, 0ms wasted) in 0.029305666000000202s {"blockNumber":18,"successfulCount":1,"failedCount":0,"duration":0.029305666000000202,"rate":66453599.791930564,"totalPublicGas":{"daGas":2368,"l2Gas":1947467},"totalBlockGas":{"daGas":3744,"l2Gas":2674217},"totalSizeInBytes":3744,"silentlySkippedCount":0,"silentlySkippedDurationMs":0}
[18:10:16.432] INFO: txe:top_level_context Created block 19 with timestamp 1789542616
[18:10:16.597] INFO: simulator:public-processor Processed 1 successful txs and 0 failed txs (0 silently skipped, 0ms wasted) in 0.032751208000001496s {"blockNumber":68,"successfulCount":1,"failedCount":0,"duration":0.032751208000001496,"rate":59462447.919475555,"totalPublicGas":{"daGas":2368,"l2Gas":1947467},"totalBlockGas":{"daGas":3744,"l2Gas":2674217},"totalSizeInBytes":3744,"silentlySkippedCount":0,"silentlySkippedDurationMs":0}
[18:10:16.633] INFO: txe:top_level_context Created block 69 with timestamp 1789722617
[18:10:17.279] INFO: simulator:public-processor Processed 1 successful txs and 0 failed txs (0 silently skipped, 0ms wasted) in 0.03420337499999732s {"blockNumber":20,"successfulCount":1,"failedCount":0,"duration":0.03420337499999732,"rate":56937860.66433948,"totalPublicGas":{"daGas":2368,"l2Gas":1947467},"totalBlockGas":{"daGas":3744,"l2Gas":2674217},"totalSizeInBytes":3744,"silentlySkippedCount":0,"silentlySkippedDurationMs":0}
[18:10:17.487] INFO: txe:top_level_context Created block 21 with timestamp 1789549817
[18:10:17.674] INFO: simulator:public-processor Processed 1 successful txs and 0 failed txs (0 silently skipped, 0ms wasted) in 0.03579174999999668s {"blockNumber":70,"successfulCount":1,"failedCount":0,"duration":0.03579174999999668,"rate":54411058.41430443,"totalPublicGas":{"daGas":2368,"l2Gas":1947467},"totalBlockGas":{"daGas":3744,"l2Gas":2674217},"totalSizeInBytes":3744,"silentlySkippedCount":0,"silentlySkippedDurationMs":0}
[18:10:17.709] INFO: txe:top_level_context Created block 71 with timestamp 1789729818
[18:10:18.454] INFO: simulator:public-processor Processed 1 successful txs and 0 failed txs (0 silently skipped, 0ms wasted) in 0.031397000000004484s {"blockNumber":22,"successfulCount":1,"failedCount":0,"duration":0.031397000000004484,"rate":62027168.200774655,"totalPublicGas":{"daGas":2368,"l2Gas":1947467},"totalBlockGas":{"daGas":3744,"l2Gas":2674217},"totalSizeInBytes":3744,"silentlySkippedCount":0,"silentlySkippedDurationMs":0}
[18:10:18.668] INFO: txe:top_level_context Created block 23 with timestamp 1789557018
[18:10:18.897] INFO: simulator:public-processor Processed 1 successful txs and 0 failed txs (0 silently skipped, 0ms wasted) in 0.029548082999994223s {"blockNumber":72,"successfulCount":1,"failedCount":0,"duration":0.029548082999994223,"rate":65908404.27788093,"totalPublicGas":{"daGas":2368,"l2Gas":1947467},"totalBlockGas":{"daGas":3744,"l2Gas":2674217},"totalSizeInBytes":3744,"silentlySkippedCount":0,"silentlySkippedDurationMs":0}
[18:10:18.937] INFO: simulator:public-processor Processed 1 successful txs and 0 failed txs (0 silently skipped, 0ms wasted) in 0.008917625000001863s {"blockNumber":73,"successfulCount":1,"failedCount":0,"duration":0.008917625000001863,"rate":989725.4033442936,"totalPublicGas":{"daGas":0,"l2Gas":8826},"totalBlockGas":{"daGas":0,"l2Gas":8826},"totalSizeInBytes":128,"silentlySkippedCount":0,"silentlySkippedDurationMs":0}
[18:10:19.507] INFO: simulator:public-processor Processed 1 successful txs and 0 failed txs (0 silently skipped, 0ms wasted) in 0.02892670899999939s {"blockNumber":24,"successfulCount":1,"failedCount":0,"duration":0.02892670899999939,"rate":67324181.2609945,"totalPublicGas":{"daGas":2368,"l2Gas":1947467},"totalBlockGas":{"daGas":3744,"l2Gas":2674217},"totalSizeInBytes":3744,"silentlySkippedCount":0,"silentlySkippedDurationMs":0}
[18:10:19.541] INFO: txe:top_level_context Created block 25 with timestamp 1789564219
[18:10:19.670] INFO: simulator:public-processor Processed 1 successful txs and 0 failed txs (0 silently skipped, 0ms wasted) in 0.004992208999996365s {"blockNumber":73,"successfulCount":1,"failedCount":0,"duration":0.004992208999996365,"rate":2317811.6140587116,"totalPublicGas":{"daGas":0,"l2Gas":11571},"totalBlockGas":{"daGas":0,"l2Gas":11571},"totalSizeInBytes":128,"silentlySkippedCount":0,"silentlySkippedDurationMs":0}
[18:10:19.694] INFO: txe:top_level_context Created block 73 with timestamp 1789737019
[18:10:20.104] INFO: simulator:public-processor Processed 1 successful txs and 0 failed txs (0 silently skipped, 0ms wasted) in 0.004337916999997106s {"blockNumber":74,"successfulCount":1,"failedCount":0,"duration":0.004337916999997106,"rate":0,"totalPublicGas":{"daGas":0,"l2Gas":0},"totalBlockGas":{"daGas":1440,"l2Gas":527400},"totalSizeInBytes":1440,"silentlySkippedCount":0,"silentlySkippedDurationMs":0}
[18:10:20.602] INFO: simulator:public-processor Processed 1 successful txs and 0 failed txs (0 silently skipped, 0ms wasted) in 0.029661957999996956s {"blockNumber":26,"successfulCount":1,"failedCount":0,"duration":0.029661957999996956,"rate":65655375.81842034,"totalPublicGas":{"daGas":2368,"l2Gas":1947467},"totalBlockGas":{"daGas":3744,"l2Gas":2674217},"totalSizeInBytes":3744,"silentlySkippedCount":0,"silentlySkippedDurationMs":0}
[18:10:20.640] INFO: txe:top_level_context Created block 27 with timestamp 1789571420
[18:10:20.842] INFO: simulator:public-processor Processed 1 successful txs and 0 failed txs (0 silently skipped, 0ms wasted) in 0.004671624999995402s {"blockNumber":75,"successfulCount":1,"failedCount":0,"duration":0.004671624999995402,"rate":1889278.3560342893,"totalPublicGas":{"daGas":0,"l2Gas":8826},"totalBlockGas":{"daGas":0,"l2Gas":8826},"totalSizeInBytes":128,"silentlySkippedCount":0,"silentlySkippedDurationMs":0}
[18:10:20.855] INFO: txe:top_level_context Created block 75 with timestamp 1789737020
[18:10:21.051] INFO: simulator:public-processor Processed 1 successful txs and 0 failed txs (0 silently skipped, 0ms wasted) in 0.004025915999998688s {"blockNumber":76,"successfulCount":1,"failedCount":0,"duration":0.004025915999998688,"rate":0,"totalPublicGas":{"daGas":0,"l2Gas":0},"totalBlockGas":{"daGas":256,"l2Gas":477200},"totalSizeInBytes":256,"silentlySkippedCount":0,"silentlySkippedDurationMs":0}
[18:10:21.465] INFO: simulator:public-processor Processed 1 successful txs and 0 failed txs (0 silently skipped, 0ms wasted) in 0.02857979200000409s {"blockNumber":28,"successfulCount":1,"failedCount":0,"duration":0.02857979200000409,"rate":68141398.64977749,"totalPublicGas":{"daGas":2368,"l2Gas":1947467},"totalBlockGas":{"daGas":3744,"l2Gas":2674217},"totalSizeInBytes":3744,"silentlySkippedCount":0,"silentlySkippedDurationMs":0}
[18:10:21.496] INFO: txe:top_level_context Created block 29 with timestamp 1789578621
[billboard_test] Testing test_history_33_progress_and_exit ... [0m[32mok[0m <38.059s>
[18:10:22.160] INFO: simulator:public-processor Processed 1 successful txs and 0 failed txs (0 silently skipped, 0ms wasted) in 0.027175250000000234s {"blockNumber":30,"successfulCount":1,"failedCount":0,"duration":0.027175250000000234,"rate":71663259.76761882,"totalPublicGas":{"daGas":2368,"l2Gas":1947467},"totalBlockGas":{"daGas":3744,"l2Gas":2674217},"totalSizeInBytes":3744,"silentlySkippedCount":0,"silentlySkippedDurationMs":0}
[18:10:22.188] INFO: txe:top_level_context Created block 31 with timestamp 1789585822
[18:10:22.751] INFO: simulator:public-processor Processed 1 successful txs and 0 failed txs (0 silently skipped, 0ms wasted) in 0.027152833000000102s {"blockNumber":32,"successfulCount":1,"failedCount":0,"duration":0.027152833000000102,"rate":71722423.954804,"totalPublicGas":{"daGas":2368,"l2Gas":1947467},"totalBlockGas":{"daGas":3744,"l2Gas":2674217},"totalSizeInBytes":3744,"silentlySkippedCount":0,"silentlySkippedDurationMs":0}
[18:10:22.780] INFO: txe:top_level_context Created block 33 with timestamp 1789593023
[18:10:23.341] INFO: simulator:public-processor Processed 1 successful txs and 0 failed txs (0 silently skipped, 0ms wasted) in 0.027878292000001238s {"blockNumber":34,"successfulCount":1,"failedCount":0,"duration":0.027878292000001238,"rate":69856037.09150882,"totalPublicGas":{"daGas":2368,"l2Gas":1947467},"totalBlockGas":{"daGas":3744,"l2Gas":2674217},"totalSizeInBytes":3744,"silentlySkippedCount":0,"silentlySkippedDurationMs":0}
[18:10:23.370] INFO: txe:top_level_context Created block 35 with timestamp 1789600224
[18:10:23.836] INFO: kv-store:lmdb-v2 Starting data store with maxReaders 2
[18:10:23.839] INFO: world-state:database Creating world state data store at directory /var/folders/ym/q1vh2x5n58xbsmpmvs5_6w3r0000gn/T/aztec-world-state-3YToBk/world_state with map sizes {"archiveTreeMapSizeKb":10485760,"nullifierTreeMapSizeKb":10485760,"noteHashTreeMapSizeKb":10485760,"messageTreeMapSizeKb":10485760,"publicDataTreeMapSizeKb":10485760} and 2 threads (ephemeral=true).
[18:10:23.849] INFO: txe_node Aztec Node version: txe
[18:10:23.849] INFO: txe_node Aztec Node started on chain 0x1
[18:10:23.863] INFO: txe:top_level_context Created block 1 with timestamp 1789492223
[18:10:23.948] INFO: txe:top_level_context Created block 2 with timestamp 1789492223
[18:10:23.953] INFO: simulator:public-processor Processed 1 successful txs and 0 failed txs (0 silently skipped, 0ms wasted) in 0.029193790999997873s {"blockNumber":36,"successfulCount":1,"failedCount":0,"duration":0.029193790999997873,"rate":66708259.98583541,"totalPublicGas":{"daGas":2368,"l2Gas":1947467},"totalBlockGas":{"daGas":3744,"l2Gas":2674217},"totalSizeInBytes":3744,"silentlySkippedCount":0,"silentlySkippedDurationMs":0}
[18:10:23.984] INFO: txe:top_level_context Created block 37 with timestamp 1789607425
[18:10:24.030] INFO: simulator:public-processor Processed 1 successful txs and 0 failed txs (0 silently skipped, 0ms wasted) in 0.05423816700000316s {"blockNumber":3,"successfulCount":1,"failedCount":0,"duration":0.05423816700000316,"rate":59665548.80071466,"totalPublicGas":{"daGas":4000,"l2Gas":3236150},"totalBlockGas":{"daGas":4000,"l2Gas":3236150},"totalSizeInBytes":4128,"silentlySkippedCount":0,"silentlySkippedDurationMs":0}
[18:10:24.205] INFO: simulator:public-processor Processed 1 successful txs and 0 failed txs (0 silently skipped, 0ms wasted) in 0.01438395799999853s {"blockNumber":4,"successfulCount":1,"failedCount":0,"duration":0.01438395799999853,"rate":79295281.59079139,"totalPublicGas":{"daGas":192,"l2Gas":1140580},"totalBlockGas":{"daGas":320,"l2Gas":1731380},"totalSizeInBytes":320,"silentlySkippedCount":0,"silentlySkippedDurationMs":0}
[18:10:24.243] INFO: txe:top_level_context Created block 5 with timestamp 1789492223
[18:10:24.686] INFO: simulator:public-processor Processed 1 successful txs and 0 failed txs (0 silently skipped, 0ms wasted) in 0.004109082999995735s {"blockNumber":6,"successfulCount":1,"failedCount":0,"duration":0.004109082999995735,"rate":0,"totalPublicGas":{"daGas":0,"l2Gas":0},"totalBlockGas":{"daGas":1984,"l2Gas":529900},"totalSizeInBytes":1984,"silentlySkippedCount":0,"silentlySkippedDurationMs":0}
[18:10:24.692] INFO: simulator:public-processor Processed 1 successful txs and 0 failed txs (0 silently skipped, 0ms wasted) in 0.028594709000004513s {"blockNumber":38,"successfulCount":1,"failedCount":0,"duration":0.028594709000004513,"rate":68105851.33073719,"totalPublicGas":{"daGas":2368,"l2Gas":1947467},"totalBlockGas":{"daGas":3744,"l2Gas":2674217},"totalSizeInBytes":3744,"silentlySkippedCount":0,"silentlySkippedDurationMs":0}
[18:10:24.719] INFO: txe:top_level_context Created block 7 with timestamp 1789499424
[18:10:24.723] INFO: simulator:public-processor Processed 1 successful txs and 0 failed txs (0 silently skipped, 0ms wasted) in 0.004367292000002635s {"blockNumber":39,"successfulCount":1,"failedCount":0,"duration":0.004367292000002635,"rate":2020931.9642457326,"totalPublicGas":{"daGas":0,"l2Gas":8826},"totalBlockGas":{"daGas":0,"l2Gas":8826},"totalSizeInBytes":128,"silentlySkippedCount":0,"silentlySkippedDurationMs":0}
[18:10:25.294] INFO: simulator:public-processor Processed 1 successful txs and 0 failed txs (0 silently skipped, 0ms wasted) in 0.11728075000000536s {"blockNumber":39,"successfulCount":1,"failedCount":0,"duration":0.11728075000000536,"rate":98660.69239836436,"totalPublicGas":{"daGas":0,"l2Gas":11571},"totalBlockGas":{"daGas":0,"l2Gas":11571},"totalSizeInBytes":128,"silentlySkippedCount":0,"silentlySkippedDurationMs":0}
[billboard_test] Testing test_history_first_page_control ... [0m[32mok[0m
[18:10:25.475] INFO: simulator:public-processor Processed 1 successful txs and 0 failed txs (0 silently skipped, 0ms wasted) in 0.027431124999995518s {"blockNumber":8,"successfulCount":1,"failedCount":0,"duration":0.027431124999995518,"rate":70994791.50054248,"totalPublicGas":{"daGas":2368,"l2Gas":1947467},"totalBlockGas":{"daGas":3744,"l2Gas":2674217},"totalSizeInBytes":3744,"silentlySkippedCount":0,"silentlySkippedDurationMs":0}
[18:10:25.504] INFO: txe:top_level_context Created block 9 with timestamp 1789506625
[18:10:26.086] INFO: simulator:public-processor Processed 1 successful txs and 0 failed txs (0 silently skipped, 0ms wasted) in 0.027297124999997324s {"blockNumber":10,"successfulCount":1,"failedCount":0,"duration":0.027297124999997324,"rate":71343300.80549476,"totalPublicGas":{"daGas":2368,"l2Gas":1947467},"totalBlockGas":{"daGas":3744,"l2Gas":2674217},"totalSizeInBytes":3744,"silentlySkippedCount":0,"silentlySkippedDurationMs":0}
[18:10:26.115] INFO: txe:top_level_context Created block 11 with timestamp 1789513826
[18:10:26.681] INFO: simulator:public-processor Processed 1 successful txs and 0 failed txs (0 silently skipped, 0ms wasted) in 0.02666945900000428s {"blockNumber":12,"successfulCount":1,"failedCount":0,"duration":0.02666945900000428,"rate":73022366.14547327,"totalPublicGas":{"daGas":2368,"l2Gas":1947467},"totalBlockGas":{"daGas":3744,"l2Gas":2674217},"totalSizeInBytes":3744,"silentlySkippedCount":0,"silentlySkippedDurationMs":0}
[18:10:26.709] INFO: txe:top_level_context Created block 13 with timestamp 1789521027
[18:10:27.283] INFO: simulator:public-processor Processed 1 successful txs and 0 failed txs (0 silently skipped, 0ms wasted) in 0.027172916999996233s {"blockNumber":14,"successfulCount":1,"failedCount":0,"duration":0.027172916999996233,"rate":71669412.59932712,"totalPublicGas":{"daGas":2368,"l2Gas":1947467},"totalBlockGas":{"daGas":3744,"l2Gas":2674217},"totalSizeInBytes":3744,"silentlySkippedCount":0,"silentlySkippedDurationMs":0}
[18:10:27.312] INFO: txe:top_level_context Created block 15 with timestamp 1789528228
[18:10:27.538] INFO: kv-store:lmdb-v2 Starting data store with maxReaders 2
[18:10:27.539] INFO: world-state:database Creating world state data store at directory /var/folders/ym/q1vh2x5n58xbsmpmvs5_6w3r0000gn/T/aztec-world-state-fFO9BS/world_state with map sizes {"archiveTreeMapSizeKb":10485760,"nullifierTreeMapSizeKb":10485760,"noteHashTreeMapSizeKb":10485760,"messageTreeMapSizeKb":10485760,"publicDataTreeMapSizeKb":10485760} and 2 threads (ephemeral=true).
[18:10:27.549] INFO: txe_node Aztec Node version: txe
[18:10:27.549] INFO: txe_node Aztec Node started on chain 0x1
[18:10:27.561] INFO: txe:top_level_context Created block 1 with timestamp 1789492227
[18:10:27.606] INFO: txe:top_level_context Created block 2 with timestamp 1789492227
[18:10:27.824] INFO: simulator:public-processor Processed 1 successful txs and 0 failed txs (0 silently skipped, 0ms wasted) in 0.18181124999999884s {"blockNumber":3,"successfulCount":1,"failedCount":0,"duration":0.18181124999999884,"rate":17799503.606075093,"totalPublicGas":{"daGas":4000,"l2Gas":3236150},"totalBlockGas":{"daGas":4000,"l2Gas":3236150},"totalSizeInBytes":4128,"silentlySkippedCount":0,"silentlySkippedDurationMs":0}
[18:10:27.957] INFO: simulator:public-processor Processed 1 successful txs and 0 failed txs (0 silently skipped, 0ms wasted) in 0.02843129100000078s {"blockNumber":16,"successfulCount":1,"failedCount":0,"duration":0.02843129100000078,"rate":68497311.64159751,"totalPublicGas":{"daGas":2368,"l2Gas":1947467},"totalBlockGas":{"daGas":3744,"l2Gas":2674217},"totalSizeInBytes":3744,"silentlySkippedCount":0,"silentlySkippedDurationMs":0}
[18:10:27.988] INFO: txe:top_level_context Created block 17 with timestamp 1789535429
[18:10:28.027] INFO: simulator:public-processor Processed 1 successful txs and 0 failed txs (0 silently skipped, 0ms wasted) in 0.029942667000002983s {"blockNumber":4,"successfulCount":1,"failedCount":0,"duration":0.029942667000002983,"rate":38092131.205275945,"totalPublicGas":{"daGas":192,"l2Gas":1140580},"totalBlockGas":{"daGas":320,"l2Gas":1731380},"totalSizeInBytes":320,"silentlySkippedCount":0,"silentlySkippedDurationMs":0}
[18:10:28.084] INFO: txe:top_level_context Created block 5 with timestamp 1789492227
[18:10:28.296] INFO: simulator:public-processor Processed 1 successful txs and 0 failed txs (0 silently skipped, 0ms wasted) in 0.003899582999998529s {"blockNumber":6,"successfulCount":1,"failedCount":0,"duration":0.003899582999998529,"rate":0,"totalPublicGas":{"daGas":0,"l2Gas":0},"totalBlockGas":{"daGas":1984,"l2Gas":529900},"totalSizeInBytes":1984,"silentlySkippedCount":0,"silentlySkippedDurationMs":0}
[18:10:28.325] INFO: txe:top_level_context Created block 7 with timestamp 1789499428
[18:10:28.770] INFO: simulator:public-processor Processed 1 successful txs and 0 failed txs (0 silently skipped, 0ms wasted) in 0.027361250000001745s {"blockNumber":18,"successfulCount":1,"failedCount":0,"duration":0.027361250000001745,"rate":71176097.58325645,"totalPublicGas":{"daGas":2368,"l2Gas":1947467},"totalBlockGas":{"daGas":3744,"l2Gas":2674217},"totalSizeInBytes":3744,"silentlySkippedCount":0,"silentlySkippedDurationMs":0}
[18:10:28.813] INFO: txe:top_level_context Created block 19 with timestamp 1789542630
[18:10:29.343] INFO: simulator:public-processor Processed 1 successful txs and 0 failed txs (0 silently skipped, 0ms wasted) in 0.028363542000006417s {"blockNumber":8,"successfulCount":1,"failedCount":0,"duration":0.028363542000006417,"rate":68660923.94241732,"totalPublicGas":{"daGas":2368,"l2Gas":1947467},"totalBlockGas":{"daGas":3744,"l2Gas":2674217},"totalSizeInBytes":3744,"silentlySkippedCount":0,"silentlySkippedDurationMs":0}
[18:10:29.379] INFO: simulator:public-processor Processed 1 successful txs and 0 failed txs (0 silently skipped, 0ms wasted) in 0.004404042000001936s {"blockNumber":9,"successfulCount":1,"failedCount":0,"duration":0.004404042000001936,"rate":2004068.0810937134,"totalPublicGas":{"daGas":0,"l2Gas":8826},"totalBlockGas":{"daGas":0,"l2Gas":8826},"totalSizeInBytes":128,"silentlySkippedCount":0,"silentlySkippedDurationMs":0}
[18:10:29.807] INFO: simulator:public-processor Processed 1 successful txs and 0 failed txs (0 silently skipped, 0ms wasted) in 0.028398084000000382s {"blockNumber":20,"successfulCount":1,"failedCount":0,"duration":0.028398084000000382,"rate":68577408.25049935,"totalPublicGas":{"daGas":2368,"l2Gas":1947467},"totalBlockGas":{"daGas":3744,"l2Gas":2674217},"totalSizeInBytes":3744,"silentlySkippedCount":0,"silentlySkippedDurationMs":0}
[18:10:29.852] INFO: txe:top_level_context Created block 21 with timestamp 1789549831
[18:10:30.518] INFO: simulator:public-processor Processed 1 successful txs and 0 failed txs (0 silently skipped, 0ms wasted) in 0.02746879099999933s {"blockNumber":22,"successfulCount":1,"failedCount":0,"duration":0.02746879099999933,"rate":70897441.39085144,"totalPublicGas":{"daGas":2368,"l2Gas":1947467},"totalBlockGas":{"daGas":3744,"l2Gas":2674217},"totalSizeInBytes":3744,"silentlySkippedCount":0,"silentlySkippedDurationMs":0}
[18:10:30.546] INFO: txe:top_level_context Created block 23 with timestamp 1789557032
[18:10:31.224] INFO: simulator:public-processor Processed 1 successful txs and 0 failed txs (0 silently skipped, 0ms wasted) in 0.029856667000000017s {"blockNumber":24,"successfulCount":1,"failedCount":0,"duration":0.029856667000000017,"rate":65227207.042232774,"totalPublicGas":{"daGas":2368,"l2Gas":1947467},"totalBlockGas":{"daGas":3744,"l2Gas":2674217},"totalSizeInBytes":3744,"silentlySkippedCount":0,"silentlySkippedDurationMs":0}
[18:10:31.253] INFO: txe:top_level_context Created block 25 with timestamp 1789564233
[18:10:31.935] INFO: simulator:public-processor Processed 1 successful txs and 0 failed txs (0 silently skipped, 0ms wasted) in 0.029580125000000408s {"blockNumber":26,"successfulCount":1,"failedCount":0,"duration":0.029580125000000408,"rate":65837010.492686324,"totalPublicGas":{"daGas":2368,"l2Gas":1947467},"totalBlockGas":{"daGas":3744,"l2Gas":2674217},"totalSizeInBytes":3744,"silentlySkippedCount":0,"silentlySkippedDurationMs":0}
[18:10:31.964] INFO: txe:top_level_context Created block 27 with timestamp 1789571434
[18:10:32.662] INFO: simulator:public-processor Processed 1 successful txs and 0 failed txs (0 silently skipped, 0ms wasted) in 0.030519583000001148s {"blockNumber":28,"successfulCount":1,"failedCount":0,"duration":0.030519583000001148,"rate":63810406.58386213,"totalPublicGas":{"daGas":2368,"l2Gas":1947467},"totalBlockGas":{"daGas":3744,"l2Gas":2674217},"totalSizeInBytes":3744,"silentlySkippedCount":0,"silentlySkippedDurationMs":0}
[18:10:32.693] INFO: txe:top_level_context Created block 29 with timestamp 1789578635
[18:10:33.452] INFO: simulator:public-processor Processed 1 successful txs and 0 failed txs (0 silently skipped, 0ms wasted) in 0.030549958000003243s {"blockNumber":30,"successfulCount":1,"failedCount":0,"duration":0.030549958000003243,"rate":63746961.616110675,"totalPublicGas":{"daGas":2368,"l2Gas":1947467},"totalBlockGas":{"daGas":3744,"l2Gas":2674217},"totalSizeInBytes":3744,"silentlySkippedCount":0,"silentlySkippedDurationMs":0}
[18:10:33.482] INFO: txe:top_level_context Created block 31 with timestamp 1789585836
[18:10:34.185] INFO: simulator:public-processor Processed 1 successful txs and 0 failed txs (0 silently skipped, 0ms wasted) in 0.029275583999995435s {"blockNumber":32,"successfulCount":1,"failedCount":0,"duration":0.029275583999995435,"rate":66521883.90162614,"totalPublicGas":{"daGas":2368,"l2Gas":1947467},"totalBlockGas":{"daGas":3744,"l2Gas":2674217},"totalSizeInBytes":3744,"silentlySkippedCount":0,"silentlySkippedDurationMs":0}
[18:10:34.213] INFO: txe:top_level_context Created block 33 with timestamp 1789593037
[18:10:34.894] INFO: simulator:public-processor Processed 1 successful txs and 0 failed txs (0 silently skipped, 0ms wasted) in 0.030908292000000073s {"blockNumber":34,"successfulCount":1,"failedCount":0,"duration":0.030908292000000073,"rate":63007913.86337347,"totalPublicGas":{"daGas":2368,"l2Gas":1947467},"totalBlockGas":{"daGas":3744,"l2Gas":2674217},"totalSizeInBytes":3744,"silentlySkippedCount":0,"silentlySkippedDurationMs":0}
[18:10:34.924] INFO: txe:top_level_context Created block 35 with timestamp 1789600238
[18:10:35.638] INFO: simulator:public-processor Processed 1 successful txs and 0 failed txs (0 silently skipped, 0ms wasted) in 0.031879208000005745s {"blockNumber":36,"successfulCount":1,"failedCount":0,"duration":0.031879208000005745,"rate":61088939.22332227,"totalPublicGas":{"daGas":2368,"l2Gas":1947467},"totalBlockGas":{"daGas":3744,"l2Gas":2674217},"totalSizeInBytes":3744,"silentlySkippedCount":0,"silentlySkippedDurationMs":0}
[18:10:35.666] INFO: txe:top_level_context Created block 37 with timestamp 1789607439
[18:10:36.390] INFO: simulator:public-processor Processed 1 successful txs and 0 failed txs (0 silently skipped, 0ms wasted) in 0.030552167000001646s {"blockNumber":38,"successfulCount":1,"failedCount":0,"duration":0.030552167000001646,"rate":63742352.54736252,"totalPublicGas":{"daGas":2368,"l2Gas":1947467},"totalBlockGas":{"daGas":3744,"l2Gas":2674217},"totalSizeInBytes":3744,"silentlySkippedCount":0,"silentlySkippedDurationMs":0}
[18:10:36.422] INFO: txe:top_level_context Created block 39 with timestamp 1789614640
[18:10:37.139] INFO: simulator:public-processor Processed 1 successful txs and 0 failed txs (0 silently skipped, 0ms wasted) in 0.03504599999999482s {"blockNumber":40,"successfulCount":1,"failedCount":0,"duration":0.03504599999999482,"rate":55568880.89939759,"totalPublicGas":{"daGas":2368,"l2Gas":1947467},"totalBlockGas":{"daGas":3744,"l2Gas":2674217},"totalSizeInBytes":3744,"silentlySkippedCount":0,"silentlySkippedDurationMs":0}
[18:10:37.175] INFO: simulator:public-processor Processed 1 successful txs and 0 failed txs (0 silently skipped, 0ms wasted) in 0.008391874999993889s {"blockNumber":41,"successfulCount":1,"failedCount":0,"duration":0.008391874999993889,"rate":1051731.5856118482,"totalPublicGas":{"daGas":0,"l2Gas":8826},"totalBlockGas":{"daGas":0,"l2Gas":8826},"totalSizeInBytes":128,"silentlySkippedCount":0,"silentlySkippedDurationMs":0}
[18:10:37.190] INFO: txe:top_level_context Created block 41 with timestamp 1789614640
[18:10:37.426] INFO: simulator:public-processor Processed 1 successful txs and 0 failed txs (0 silently skipped, 0ms wasted) in 0.004659916999997222s {"blockNumber":42,"successfulCount":1,"failedCount":0,"duration":0.004659916999997222,"rate":0,"totalPublicGas":{"daGas":0,"l2Gas":0},"totalBlockGas":{"daGas":832,"l2Gas":499700},"totalSizeInBytes":832,"silentlySkippedCount":0,"silentlySkippedDurationMs":0}
[18:10:37.948] INFO: txe:top_level_context Created block 43 with timestamp 1789621841
[18:10:38.418] INFO: simulator:public-processor Processed 1 successful txs and 0 failed txs (0 silently skipped, 0ms wasted) in 0.030271999999997207s {"blockNumber":44,"successfulCount":1,"failedCount":0,"duration":0.030271999999997207,"rate":64332287.26216238,"totalPublicGas":{"daGas":2368,"l2Gas":1947467},"totalBlockGas":{"daGas":3744,"l2Gas":2674217},"totalSizeInBytes":3744,"silentlySkippedCount":0,"silentlySkippedDurationMs":0}
[18:10:38.904] INFO: txe:top_level_context Created block 45 with timestamp 1789629042
[18:10:39.336] INFO: simulator:public-processor Processed 1 successful txs and 0 failed txs (0 silently skipped, 0ms wasted) in 0.004483833999998751s {"blockNumber":46,"successfulCount":1,"failedCount":0,"duration":0.004483833999998751,"rate":0,"totalPublicGas":{"daGas":0,"l2Gas":0},"totalBlockGas":{"daGas":1440,"l2Gas":527400},"totalSizeInBytes":1440,"silentlySkippedCount":0,"silentlySkippedDurationMs":0}
[18:10:39.797] INFO: simulator:public-processor Processed 1 successful txs and 0 failed txs (0 silently skipped, 0ms wasted) in 0.009491249999999127s {"blockNumber":47,"successfulCount":1,"failedCount":0,"duration":0.009491249999999127,"rate":0,"totalPublicGas":{"daGas":0,"l2Gas":0},"totalBlockGas":{"daGas":1440,"l2Gas":527400},"totalSizeInBytes":1440,"silentlySkippedCount":0,"silentlySkippedDurationMs":0}
[18:10:39.832] INFO: txe:top_level_context Created block 48 with timestamp 1789636243
[18:10:40.039] INFO: simulator:public-processor Processed 1 successful txs and 0 failed txs (0 silently skipped, 0ms wasted) in 0.0073629999999975555s {"blockNumber":49,"successfulCount":1,"failedCount":0,"duration":0.0073629999999975555,"rate":0,"totalPublicGas":{"daGas":0,"l2Gas":0},"totalBlockGas":{"daGas":256,"l2Gas":477200},"totalSizeInBytes":256,"silentlySkippedCount":0,"silentlySkippedDurationMs":0}
[18:10:40.522] INFO: simulator:public-processor Processed 1 successful txs and 0 failed txs (0 silently skipped, 0ms wasted) in 0.003819167000001471s {"blockNumber":50,"successfulCount":1,"failedCount":0,"duration":0.003819167000001471,"rate":0,"totalPublicGas":{"daGas":0,"l2Gas":0},"totalBlockGas":{"daGas":256,"l2Gas":477200},"totalSizeInBytes":256,"silentlySkippedCount":0,"silentlySkippedDurationMs":0}
[billboard_test] Testing test_history_two_deposits_select_independent_children_and_exit ... [0m[32mok[0m
[18:10:56.503] INFO: txe:top_level_context Created block 73 with timestamp 1789506629
[18:10:56.917] INFO: simulator:public-processor Processed 1 successful txs and 0 failed txs (0 silently skipped, 0ms wasted) in 0.027463208000001033s {"blockNumber":74,"successfulCount":1,"failedCount":0,"duration":0.027463208000001033,"rate":70911854.1431841,"totalPublicGas":{"daGas":2368,"l2Gas":1947467},"totalBlockGas":{"daGas":3744,"l2Gas":2674217},"totalSizeInBytes":3744,"silentlySkippedCount":0,"silentlySkippedDurationMs":0}
[18:10:57.267] INFO: simulator:public-processor Processed 1 successful txs and 0 failed txs (0 silently skipped, 0ms wasted) in 0.004557583000001614s {"blockNumber":75,"successfulCount":1,"failedCount":0,"duration":0.004557583000001614,"rate":1936552.773695372,"totalPublicGas":{"daGas":0,"l2Gas":8826},"totalBlockGas":{"daGas":0,"l2Gas":8826},"totalSizeInBytes":128,"silentlySkippedCount":0,"silentlySkippedDurationMs":0}
[18:10:57.280] INFO: txe:top_level_context Created block 75 with timestamp 1789513830
[18:10:57.884] INFO: simulator:public-processor Processed 1 successful txs and 0 failed txs (0 silently skipped, 0ms wasted) in 0.003741374999997788s {"blockNumber":76,"successfulCount":1,"failedCount":0,"duration":0.003741374999997788,"rate":0,"totalPublicGas":{"daGas":0,"l2Gas":0},"totalBlockGas":{"daGas":1440,"l2Gas":527400},"totalSizeInBytes":1440,"silentlySkippedCount":0,"silentlySkippedDurationMs":0}
[18:10:57.913] INFO: txe:top_level_context Created block 77 with timestamp 1789521031
[18:10:58.087] INFO: simulator:public-processor Processed 1 successful txs and 0 failed txs (0 silently skipped, 0ms wasted) in 0.00377179199999955s {"blockNumber":78,"successfulCount":1,"failedCount":0,"duration":0.00377179199999955,"rate":0,"totalPublicGas":{"daGas":0,"l2Gas":0},"totalBlockGas":{"daGas":256,"l2Gas":477200},"totalSizeInBytes":256,"silentlySkippedCount":0,"silentlySkippedDurationMs":0}
[billboard_test] Testing c04_seeded::test_history_seeded_1002_tail_authentication_and_exit ... [0m[32mok[0m <33.100s>
[billboard_test] [0m[32m5 tests passed[0m
[private_fee_contract] Running 0 test functions
[private_fee_contract] [0m[32m0 tests passed[0m
[private_fee_test] Running 0 test functions
[private_fee_test] [0m[32m0 tests passed[0m
