✔ matching synthetic artifacts and recorded sources pass (10.406416ms)
✔ stale deploy Noir copy is rejected (6.150166ms)
✔ stale censor Noir copy is rejected (6.200458ms)
✔ missing verification key is rejected even when all consumer copies agree (5.964083ms)
✔ empty private function set is rejected even when all consumer copies agree (5.878208ms)
✔ only public functions is rejected even when all consumer copies agree (6.063333ms)
✔ untranspiled artifact is rejected even when all consumer copies agree (5.6035ms)
✔ truthy non-boolean transpilation marker is rejected even when all consumer copies agree (6.595458ms)
✔ stale portal bytecode is rejected: apps/src/billboard/portal_bytecode.txt (5.560375ms)
✔ stale portal bytecode is rejected: apps/src/billboard/deploy/portal_bytecode.txt (5.394708ms)
✔ portal source drift is rejected by embedded compiler provenance (5.302875ms)
✔ missing Solidity source provenance is rejected (5.929333ms)
✔ string-encoded Solidity metadata remains supported (6.671708ms)
✔ Noir source drift requires a rebuild (5.393792ms)
✔ Noir dependency declaration drift requires a rebuild (6.11ms)
✔ root dependency lock drift requires a rebuild (5.920625ms)
✔ portal dependency lock drift requires a rebuild (5.296792ms)
✔ compiler configuration drift requires a rebuild (6.284375ms)
✔ toolchain pins drift requires a rebuild (5.993125ms)
✔ contract builder drift requires a rebuild (5.644042ms)
✔ Noir debug-path normalizer drift requires a rebuild (5.22225ms)
✔ Noir dependency verifier drift requires a rebuild (5.611959ms)
✔ Noir dependency pins drift requires a rebuild (4.977583ms)
✔ new Noir source omitted from the old manifest requires a rebuild (5.901792ms)
✔ contract manifest input hash tampering is rejected (6.113458ms)
✔ contract manifest noir hash tampering is rejected (5.516167ms)
✔ contract manifest portal hash tampering is rejected (5.628792ms)
✔ synchronized altered Noir artifacts still fail the recorded build hash (6.248833ms)
✔ synchronized altered portal bytecode still fails the recorded build hash (5.418625ms)
✔ privateFee key, extra route and stale content fail closed (6.180208ms)
✔ user generated page binds the canonical privateFee and isolated RPC credential (67.885583ms)
✔ censor generated page binds the canonical privateFee and isolated RPC credential (20.0975ms)
✔ deploy generated page binds the canonical privateFee and isolated RPC credential (21.524958ms)
✔ fee-juice generated page binds the canonical privateFee and isolated RPC credential (18.653959ms)
✔ normal author calls carry only private payment method and bootstrap claim is consumed once (2.170917ms)
✔ unknown submission is preserved without retry and private errors are redacted (1.266042ms)
✔ missing private fee configuration fails before account work for every private action (1.337084ms)
✔ actual wallet keeps configured gas and normal account scope/tag through simulation and proof (23.067583ms)
✔ actual main claim uses standard author call with private fee payment (12.201625ms)
✔ actual main post uses standard author call with private fee payment (2.060333ms)
✔ actual main post dummy uses standard author call with private fee payment (1.047584ms)
✔ actual main withdraw uses standard author call with private fee payment (0.896333ms)
✔ moderator calls use their normal account with private fee payment (1.1915ms)
✔ inherited object names never select an application method (0.326792ms)
✔ valid no-screening and linked hints survive SDK result wrappers (0.983334ms)
✔ malformed result never silently becomes empty hints (0.606125ms)
✔ missing, conflicting, stale and transport errors are explicit and redact raw data (0.192625ms)
ℹ tests 47
ℹ suites 0
ℹ pass 47
ℹ fail 0
ℹ cancelled 0
ℹ skipped 0
ℹ todo 0
ℹ duration_ms 760.864667
