Noir batch: plugin_adapter, 18 exact tests
{"profile":"C01 consistent-scope TXE","chain":1,"version":1,"originalPublicVersion":2,"realProofs":false,"port":52760}
[21:46:25.274] INFO: kv-store:lmdb-v2 Starting data store with maxReaders 2
[plugin_adapter] Running 18 test functions
[21:46:30.492] INFO: kv-store:lmdb-v2 Starting data store with maxReaders 2
[21:46:30.495] INFO: kv-store:lmdb-v2 Starting data store with maxReaders 2
[21:46:30.496] INFO: kv-store:lmdb-v2 Starting data store with maxReaders 2
[21:46:30.497] INFO: kv-store:lmdb-v2 Starting data store with maxReaders 2
[21:46:30.500] INFO: world-state:database Creating world state data store at directory /var/folders/ym/q1vh2x5n58xbsmpmvs5_6w3r0000gn/T/aztec-world-state-4fghkZ/world_state with map sizes {"archiveTreeMapSizeKb":10485760,"nullifierTreeMapSizeKb":10485760,"noteHashTreeMapSizeKb":10485760,"messageTreeMapSizeKb":10485760,"publicDataTreeMapSizeKb":10485760} and 2 threads (ephemeral=true).
[21:46:30.528] INFO: world-state:database Creating world state data store at directory /var/folders/ym/q1vh2x5n58xbsmpmvs5_6w3r0000gn/T/aztec-world-state-B7ISRe/world_state with map sizes {"archiveTreeMapSizeKb":10485760,"nullifierTreeMapSizeKb":10485760,"noteHashTreeMapSizeKb":10485760,"messageTreeMapSizeKb":10485760,"publicDataTreeMapSizeKb":10485760} and 2 threads (ephemeral=true).
[21:46:30.547] INFO: txe_node Aztec Node version: txe
[21:46:30.547] INFO: txe_node Aztec Node started on chain 0x1
[21:46:30.547] INFO: txe_node Aztec Node version: txe
[21:46:30.547] INFO: txe_node Aztec Node started on chain 0x1
[21:46:30.570] INFO: txe:top_level_context Created block 1 with timestamp 1791492390
[21:46:30.576] INFO: txe:top_level_context Created block 1 with timestamp 1791492390
[21:46:30.731] INFO: txe:top_level_context Created block 2 with timestamp 1791492390
[21:46:30.739] INFO: txe:top_level_context Created block 2 with timestamp 1791492390
[21:46:30.834] INFO: simulator:public-processor Processed 1 successful txs and 0 failed txs (0 silently skipped, 0ms wasted) in 0.019894749999999475s {"blockNumber":3,"successfulCount":1,"failedCount":0,"duration":0.019894749999999475,"rate":25872855.904196512,"totalPublicGas":{"daGas":768,"l2Gas":514734},"totalBlockGas":{"daGas":768,"l2Gas":514734},"totalSizeInBytes":896,"silentlySkippedCount":0,"silentlySkippedDurationMs":0}
[21:46:30.840] INFO: simulator:public-processor Processed 1 successful txs and 0 failed txs (0 silently skipped, 0ms wasted) in 0.014494040999999925s {"blockNumber":3,"successfulCount":1,"failedCount":0,"duration":0.014494040999999925,"rate":35513491.372075096,"totalPublicGas":{"daGas":768,"l2Gas":514734},"totalBlockGas":{"daGas":768,"l2Gas":514734},"totalSizeInBytes":896,"silentlySkippedCount":0,"silentlySkippedDurationMs":0}
[21:46:30.902] INFO: simulator:public-processor Processed 1 successful txs and 0 failed txs (0 silently skipped, 0ms wasted) in 0.01302270800000042s {"blockNumber":4,"successfulCount":1,"failedCount":0,"duration":0.01302270800000042,"rate":29713712.38608648,"totalPublicGas":{"daGas":192,"l2Gas":386953},"totalBlockGas":{"daGas":192,"l2Gas":386953},"totalSizeInBytes":320,"silentlySkippedCount":0,"silentlySkippedDurationMs":0}
[21:46:30.915] INFO: simulator:public-processor Processed 1 successful txs and 0 failed txs (0 silently skipped, 0ms wasted) in 0.01129437499999949s {"blockNumber":4,"successfulCount":1,"failedCount":0,"duration":0.01129437499999949,"rate":34260682.862045705,"totalPublicGas":{"daGas":192,"l2Gas":386953},"totalBlockGas":{"daGas":192,"l2Gas":386953},"totalSizeInBytes":320,"silentlySkippedCount":0,"silentlySkippedDurationMs":0}
[21:46:30.947] INFO: txe:top_level_context Created block 5 with timestamp 1791492390
[21:46:30.963] INFO: txe:top_level_context Created block 5 with timestamp 1791492390
[21:46:31.273] INFO: simulator:public-processor Processed 1 successful txs and 0 failed txs (0 silently skipped, 0ms wasted) in 0.01988016599999901s {"blockNumber":6,"successfulCount":1,"failedCount":0,"duration":0.01988016599999901,"rate":1989470.309252044,"totalPublicGas":{"daGas":64,"l2Gas":39551},"totalBlockGas":{"daGas":224,"l2Gas":661151},"totalSizeInBytes":224,"silentlySkippedCount":0,"silentlySkippedDurationMs":0}
[21:46:31.318] INFO: simulator:public-processor Processed 1 successful txs and 0 failed txs (0 silently skipped, 0ms wasted) in 0.0070748339999991s {"blockNumber":6,"successfulCount":1,"failedCount":0,"duration":0.0070748339999991,"rate":5590378.516302295,"totalPublicGas":{"daGas":64,"l2Gas":39551},"totalBlockGas":{"daGas":224,"l2Gas":661151},"totalSizeInBytes":224,"silentlySkippedCount":0,"silentlySkippedDurationMs":0}
[21:46:31.334] INFO: simulator:public-processor Processed 1 successful txs and 0 failed txs (0 silently skipped, 0ms wasted) in 0.008983374999999797s {"blockNumber":7,"successfulCount":1,"failedCount":0,"duration":0.008983374999999797,"rate":16794244.924652863,"totalPublicGas":{"daGas":256,"l2Gas":150869},"totalBlockGas":{"daGas":256,"l2Gas":150869},"totalSizeInBytes":384,"silentlySkippedCount":0,"silentlySkippedDurationMs":0}
[21:46:31.365] INFO: simulator:public-processor Processed 1 successful txs and 0 failed txs (0 silently skipped, 0ms wasted) in 0.008841082999999344s {"blockNumber":7,"successfulCount":1,"failedCount":0,"duration":0.008841082999999344,"rate":17064538.360290386,"totalPublicGas":{"daGas":256,"l2Gas":150869},"totalBlockGas":{"daGas":256,"l2Gas":150869},"totalSizeInBytes":384,"silentlySkippedCount":0,"silentlySkippedDurationMs":0}
[21:46:31.378] INFO: simulator:public-processor Processed 1 successful txs and 0 failed txs (0 silently skipped, 0ms wasted) in 0.00723083299999962s {"blockNumber":8,"successfulCount":1,"failedCount":0,"duration":0.00723083299999962,"rate":10812170.603304503,"totalPublicGas":{"daGas":128,"l2Gas":78181},"totalBlockGas":{"daGas":128,"l2Gas":78181},"totalSizeInBytes":256,"silentlySkippedCount":0,"silentlySkippedDurationMs":0}
[21:46:31.409] INFO: simulator:public-processor Processed 1 successful txs and 0 failed txs (0 silently skipped, 0ms wasted) in 0.007629542000000583s {"blockNumber":8,"successfulCount":1,"failedCount":0,"duration":0.007629542000000583,"rate":10247141.964746248,"totalPublicGas":{"daGas":128,"l2Gas":78181},"totalBlockGas":{"daGas":128,"l2Gas":78181},"totalSizeInBytes":256,"silentlySkippedCount":0,"silentlySkippedDurationMs":0}
[21:46:31.423] INFO: simulator:public-processor Processed 1 successful txs and 0 failed txs (0 silently skipped, 0ms wasted) in 0.007658666999999696s {"blockNumber":9,"successfulCount":1,"failedCount":0,"duration":0.007658666999999696,"rate":6447074.928313499,"totalPublicGas":{"daGas":64,"l2Gas":49376},"totalBlockGas":{"daGas":64,"l2Gas":49376},"totalSizeInBytes":192,"silentlySkippedCount":0,"silentlySkippedDurationMs":0}
[21:46:31.456] INFO: simulator:public-processor Processed 1 successful txs and 0 failed txs (0 silently skipped, 0ms wasted) in 0.009587374999999156s {"blockNumber":9,"successfulCount":1,"failedCount":0,"duration":0.009587374999999156,"rate":15736215.596032625,"totalPublicGas":{"daGas":256,"l2Gas":150869},"totalBlockGas":{"daGas":256,"l2Gas":150869},"totalSizeInBytes":384,"silentlySkippedCount":0,"silentlySkippedDurationMs":0}
[21:46:31.468] INFO: simulator:public-processor Processed 1 successful txs and 0 failed txs (0 silently skipped, 0ms wasted) in 0.007726875000000291s {"blockNumber":10,"successfulCount":1,"failedCount":0,"duration":0.007726875000000291,"rate":1399272.0213539875,"totalPublicGas":{"daGas":0,"l2Gas":10812},"totalBlockGas":{"daGas":0,"l2Gas":10812},"totalSizeInBytes":128,"silentlySkippedCount":0,"silentlySkippedDurationMs":0}
[21:46:31.474] WARN: txe:top_level_context Could not find function artifact in contract PluginAdapter for function '0x2c580cbc' when enriching error callstack
[21:46:31.504] INFO: simulator:public-processor Processed 1 successful txs and 0 failed txs (0 silently skipped, 0ms wasted) in 0.007855208000000858s {"blockNumber":10,"successfulCount":1,"failedCount":0,"duration":0.007855208000000858,"rate":9952760.003298635,"totalPublicGas":{"daGas":128,"l2Gas":78181},"totalBlockGas":{"daGas":128,"l2Gas":78181},"totalSizeInBytes":256,"silentlySkippedCount":0,"silentlySkippedDurationMs":0}
[plugin_adapter] Testing tests::escrow_cancel_prevents_reservation ... [0m[32mok[0m
[21:46:31.550] INFO: simulator:public-processor Processed 1 successful txs and 0 failed txs (0 silently skipped, 0ms wasted) in 0.008860500000000684s {"blockNumber":11,"successfulCount":1,"failedCount":0,"duration":0.008860500000000684,"rate":13990181.14101805,"totalPublicGas":{"daGas":192,"l2Gas":123960},"totalBlockGas":{"daGas":192,"l2Gas":123960},"totalSizeInBytes":320,"silentlySkippedCount":0,"silentlySkippedDurationMs":0}
[21:46:31.594] INFO: simulator:public-processor Processed 1 successful txs and 0 failed txs (0 silently skipped, 0ms wasted) in 0.006822125000000597s {"blockNumber":12,"successfulCount":1,"failedCount":0,"duration":0.006822125000000597,"rate":3352621.0674823457,"totalPublicGas":{"daGas":0,"l2Gas":22872},"totalBlockGas":{"daGas":0,"l2Gas":22872},"totalSizeInBytes":128,"silentlySkippedCount":0,"silentlySkippedDurationMs":0}
[21:46:31.597] WARN: txe:top_level_context Could not find function artifact in contract PluginAdapter for function '0x2c580cbc' when enriching error callstack
[plugin_adapter] Testing tests::escrow_concurrent_reservations_cannot_overspend ... [0m[32mok[0m
[21:46:33.891] INFO: kv-store:lmdb-v2 Starting data store with maxReaders 2
[21:46:33.893] INFO: world-state:database Creating world state data store at directory /var/folders/ym/q1vh2x5n58xbsmpmvs5_6w3r0000gn/T/aztec-world-state-sPv6K8/world_state with map sizes {"archiveTreeMapSizeKb":10485760,"nullifierTreeMapSizeKb":10485760,"noteHashTreeMapSizeKb":10485760,"messageTreeMapSizeKb":10485760,"publicDataTreeMapSizeKb":10485760} and 2 threads (ephemeral=true).
[21:46:33.907] INFO: txe_node Aztec Node version: txe
[21:46:33.907] INFO: txe_node Aztec Node started on chain 0x1
[21:46:33.925] INFO: txe:top_level_context Created block 1 with timestamp 1791492393
[21:46:33.976] INFO: txe:top_level_context Created block 2 with timestamp 1791492393
[21:46:33.978] INFO: kv-store:lmdb-v2 Starting data store with maxReaders 2
[21:46:33.979] INFO: world-state:database Creating world state data store at directory /var/folders/ym/q1vh2x5n58xbsmpmvs5_6w3r0000gn/T/aztec-world-state-pttoyG/world_state with map sizes {"archiveTreeMapSizeKb":10485760,"nullifierTreeMapSizeKb":10485760,"noteHashTreeMapSizeKb":10485760,"messageTreeMapSizeKb":10485760,"publicDataTreeMapSizeKb":10485760} and 2 threads (ephemeral=true).
[21:46:33.992] INFO: txe_node Aztec Node version: txe
[21:46:33.992] INFO: txe_node Aztec Node started on chain 0x1
[21:46:34.020] INFO: txe:top_level_context Created block 1 with timestamp 1791492393
[21:46:34.035] INFO: simulator:public-processor Processed 1 successful txs and 0 failed txs (0 silently skipped, 0ms wasted) in 0.01609570899999926s {"blockNumber":3,"successfulCount":1,"failedCount":0,"duration":0.01609570899999926,"rate":31979579.153675284,"totalPublicGas":{"daGas":768,"l2Gas":514734},"totalBlockGas":{"daGas":768,"l2Gas":514734},"totalSizeInBytes":896,"silentlySkippedCount":0,"silentlySkippedDurationMs":0}
[21:46:34.075] INFO: txe:top_level_context Created block 2 with timestamp 1791492393
[21:46:34.086] INFO: simulator:public-processor Processed 1 successful txs and 0 failed txs (0 silently skipped, 0ms wasted) in 0.011245082999999795s {"blockNumber":4,"successfulCount":1,"failedCount":0,"duration":0.011245082999999795,"rate":34410862.063001856,"totalPublicGas":{"daGas":192,"l2Gas":386953},"totalBlockGas":{"daGas":192,"l2Gas":386953},"totalSizeInBytes":320,"silentlySkippedCount":0,"silentlySkippedDurationMs":0}
[21:46:34.128] INFO: simulator:public-processor Processed 1 successful txs and 0 failed txs (0 silently skipped, 0ms wasted) in 0.013801582999998573s {"blockNumber":3,"successfulCount":1,"failedCount":0,"duration":0.013801582999998573,"rate":37295287.06961029,"totalPublicGas":{"daGas":768,"l2Gas":514734},"totalBlockGas":{"daGas":768,"l2Gas":514734},"totalSizeInBytes":896,"silentlySkippedCount":0,"silentlySkippedDurationMs":0}
[21:46:34.128] INFO: txe:top_level_context Created block 5 with timestamp 1791492393
[21:46:34.186] INFO: simulator:public-processor Processed 1 successful txs and 0 failed txs (0 silently skipped, 0ms wasted) in 0.01266491700000006s {"blockNumber":4,"successfulCount":1,"failedCount":0,"duration":0.01266491700000006,"rate":30553141.406295687,"totalPublicGas":{"daGas":192,"l2Gas":386953},"totalBlockGas":{"daGas":192,"l2Gas":386953},"totalSizeInBytes":320,"silentlySkippedCount":0,"silentlySkippedDurationMs":0}
[21:46:34.232] INFO: txe:top_level_context Created block 5 with timestamp 1791492393
[21:46:34.347] INFO: simulator:public-processor Processed 1 successful txs and 0 failed txs (0 silently skipped, 0ms wasted) in 0.009192166000000725s {"blockNumber":6,"successfulCount":1,"failedCount":0,"duration":0.009192166000000725,"rate":4302685.569429107,"totalPublicGas":{"daGas":64,"l2Gas":39551},"totalBlockGas":{"daGas":224,"l2Gas":661151},"totalSizeInBytes":224,"silentlySkippedCount":0,"silentlySkippedDurationMs":0}
[21:46:34.410] INFO: simulator:public-processor Processed 1 successful txs and 0 failed txs (0 silently skipped, 0ms wasted) in 0.02179766699999891s {"blockNumber":7,"successfulCount":1,"failedCount":0,"duration":0.02179766699999891,"rate":6921337.040335901,"totalPublicGas":{"daGas":256,"l2Gas":150869},"totalBlockGas":{"daGas":256,"l2Gas":150869},"totalSizeInBytes":384,"silentlySkippedCount":0,"silentlySkippedDurationMs":0}
[21:46:34.451] INFO: simulator:public-processor Processed 1 successful txs and 0 failed txs (0 silently skipped, 0ms wasted) in 0.006780833999999231s {"blockNumber":6,"successfulCount":1,"failedCount":0,"duration":0.006780833999999231,"rate":5832763.344450622,"totalPublicGas":{"daGas":64,"l2Gas":39551},"totalBlockGas":{"daGas":224,"l2Gas":661151},"totalSizeInBytes":224,"silentlySkippedCount":0,"silentlySkippedDurationMs":0}
[21:46:34.465] INFO: simulator:public-processor Processed 1 successful txs and 0 failed txs (0 silently skipped, 0ms wasted) in 0.007253125000001091s {"blockNumber":8,"successfulCount":1,"failedCount":0,"duration":0.007253125000001091,"rate":10778940.112019058,"totalPublicGas":{"daGas":128,"l2Gas":78181},"totalBlockGas":{"daGas":128,"l2Gas":78181},"totalSizeInBytes":256,"silentlySkippedCount":0,"silentlySkippedDurationMs":0}
[21:46:34.497] INFO: simulator:public-processor Processed 1 successful txs and 0 failed txs (0 silently skipped, 0ms wasted) in 0.009381334000001516s {"blockNumber":7,"successfulCount":1,"failedCount":0,"duration":0.009381334000001516,"rate":16081828.02147068,"totalPublicGas":{"daGas":256,"l2Gas":150869},"totalBlockGas":{"daGas":256,"l2Gas":150869},"totalSizeInBytes":384,"silentlySkippedCount":0,"silentlySkippedDurationMs":0}
[21:46:34.510] INFO: simulator:public-processor Processed 1 successful txs and 0 failed txs (0 silently skipped, 0ms wasted) in 0.008095832999999402s {"blockNumber":9,"successfulCount":1,"failedCount":0,"duration":0.008095832999999402,"rate":15311580.66131171,"totalPublicGas":{"daGas":192,"l2Gas":123960},"totalBlockGas":{"daGas":192,"l2Gas":123960},"totalSizeInBytes":320,"silentlySkippedCount":0,"silentlySkippedDurationMs":0}
[21:46:34.543] INFO: simulator:public-processor Processed 1 successful txs and 0 failed txs (0 silently skipped, 0ms wasted) in 0.007607541999999739s {"blockNumber":8,"successfulCount":1,"failedCount":0,"duration":0.007607541999999739,"rate":10276775.336896291,"totalPublicGas":{"daGas":128,"l2Gas":78181},"totalBlockGas":{"daGas":128,"l2Gas":78181},"totalSizeInBytes":256,"silentlySkippedCount":0,"silentlySkippedDurationMs":0}
[21:46:34.555] INFO: simulator:public-processor Processed 1 successful txs and 0 failed txs (0 silently skipped, 0ms wasted) in 0.006179959000000963s {"blockNumber":10,"successfulCount":1,"failedCount":0,"duration":0.006179959000000963,"rate":1632049.662465144,"totalPublicGas":{"daGas":0,"l2Gas":10086},"totalBlockGas":{"daGas":0,"l2Gas":10086},"totalSizeInBytes":128,"silentlySkippedCount":0,"silentlySkippedDurationMs":0}
[21:46:34.580] INFO: simulator:public-processor Processed 1 successful txs and 0 failed txs (0 silently skipped, 0ms wasted) in 0.010275542000001223s {"blockNumber":10,"successfulCount":1,"failedCount":0,"duration":0.010275542000001223,"rate":22553554.839245696,"totalPublicGas":{"daGas":384,"l2Gas":231750},"totalBlockGas":{"daGas":384,"l2Gas":231750},"totalSizeInBytes":512,"silentlySkippedCount":0,"silentlySkippedDurationMs":0}
[21:46:34.592] INFO: simulator:public-processor Processed 1 successful txs and 0 failed txs (0 silently skipped, 0ms wasted) in 0.008483707999999751s {"blockNumber":9,"successfulCount":1,"failedCount":0,"duration":0.008483707999999751,"rate":14611535.427669555,"totalPublicGas":{"daGas":192,"l2Gas":123960},"totalBlockGas":{"daGas":192,"l2Gas":123960},"totalSizeInBytes":320,"silentlySkippedCount":0,"silentlySkippedDurationMs":0}
[21:46:34.624] INFO: simulator:public-processor Processed 1 successful txs and 0 failed txs (0 silently skipped, 0ms wasted) in 0.006191125000001193s {"blockNumber":11,"successfulCount":1,"failedCount":0,"duration":0.006191125000001193,"rate":1629106.1802173364,"totalPublicGas":{"daGas":0,"l2Gas":10086},"totalBlockGas":{"daGas":0,"l2Gas":10086},"totalSizeInBytes":128,"silentlySkippedCount":0,"silentlySkippedDurationMs":0}
[21:46:34.642] INFO: simulator:public-processor Processed 1 successful txs and 0 failed txs (0 silently skipped, 0ms wasted) in 0.01002100000000064s {"blockNumber":10,"successfulCount":1,"failedCount":0,"duration":0.01002100000000064,"rate":23126434.48757461,"totalPublicGas":{"daGas":384,"l2Gas":231750},"totalBlockGas":{"daGas":384,"l2Gas":231750},"totalSizeInBytes":512,"silentlySkippedCount":0,"silentlySkippedDurationMs":0}
[21:46:34.651] INFO: simulator:public-processor Processed 1 successful txs and 0 failed txs (0 silently skipped, 0ms wasted) in 0.0058628330000010465s {"blockNumber":11,"successfulCount":1,"failedCount":0,"duration":0.0058628330000010465,"rate":1734144.5679926728,"totalPublicGas":{"daGas":0,"l2Gas":10167},"totalBlockGas":{"daGas":0,"l2Gas":10167},"totalSizeInBytes":128,"silentlySkippedCount":0,"silentlySkippedDurationMs":0}
[plugin_adapter] Testing tests::escrow_conserves_and_releases ... [0m[32mok[0m
[21:46:34.685] INFO: simulator:public-processor Processed 1 successful txs and 0 failed txs (0 silently skipped, 0ms wasted) in 0.006759249999999156s {"blockNumber":11,"successfulCount":1,"failedCount":0,"duration":0.006759249999999156,"rate":2545400.747124629,"totalPublicGas":{"daGas":0,"l2Gas":17205},"totalBlockGas":{"daGas":0,"l2Gas":17205},"totalSizeInBytes":128,"silentlySkippedCount":0,"silentlySkippedDurationMs":0}
[21:46:34.688] WARN: txe:top_level_context Could not find function artifact in contract PluginAdapter for function '0x515b0e67' when enriching error callstack
[plugin_adapter] Testing tests::escrow_duplicate_settlement_rejected ... [0m[32mok[0m
[21:46:37.079] INFO: kv-store:lmdb-v2 Starting data store with maxReaders 2
[21:46:37.080] INFO: world-state:database Creating world state data store at directory /var/folders/ym/q1vh2x5n58xbsmpmvs5_6w3r0000gn/T/aztec-world-state-f3Fo3L/world_state with map sizes {"archiveTreeMapSizeKb":10485760,"nullifierTreeMapSizeKb":10485760,"noteHashTreeMapSizeKb":10485760,"messageTreeMapSizeKb":10485760,"publicDataTreeMapSizeKb":10485760} and 2 threads (ephemeral=true).
[21:46:37.093] INFO: txe_node Aztec Node version: txe
[21:46:37.093] INFO: txe_node Aztec Node started on chain 0x1
[21:46:37.102] INFO: kv-store:lmdb-v2 Starting data store with maxReaders 2
[21:46:37.103] INFO: world-state:database Creating world state data store at directory /var/folders/ym/q1vh2x5n58xbsmpmvs5_6w3r0000gn/T/aztec-world-state-P7tfPb/world_state with map sizes {"archiveTreeMapSizeKb":10485760,"nullifierTreeMapSizeKb":10485760,"noteHashTreeMapSizeKb":10485760,"messageTreeMapSizeKb":10485760,"publicDataTreeMapSizeKb":10485760} and 2 threads (ephemeral=true).
[21:46:37.116] INFO: txe_node Aztec Node version: txe
[21:46:37.116] INFO: txe_node Aztec Node started on chain 0x1
[21:46:37.116] INFO: txe:top_level_context Created block 1 with timestamp 1791492397
[21:46:37.139] INFO: txe:top_level_context Created block 1 with timestamp 1791492397
[21:46:37.183] INFO: txe:top_level_context Created block 2 with timestamp 1791492397
[21:46:37.192] INFO: txe:top_level_context Created block 2 with timestamp 1791492397
[21:46:37.242] INFO: simulator:public-processor Processed 1 successful txs and 0 failed txs (0 silently skipped, 0ms wasted) in 0.01449712499999987s {"blockNumber":3,"successfulCount":1,"failedCount":0,"duration":0.01449712499999987,"rate":35505936.521896906,"totalPublicGas":{"daGas":768,"l2Gas":514734},"totalBlockGas":{"daGas":768,"l2Gas":514734},"totalSizeInBytes":896,"silentlySkippedCount":0,"silentlySkippedDurationMs":0}
[21:46:37.251] INFO: simulator:public-processor Processed 1 successful txs and 0 failed txs (0 silently skipped, 0ms wasted) in 0.014262791999999535s {"blockNumber":3,"successfulCount":1,"failedCount":0,"duration":0.014262791999999535,"rate":36089287.4270351,"totalPublicGas":{"daGas":768,"l2Gas":514734},"totalBlockGas":{"daGas":768,"l2Gas":514734},"totalSizeInBytes":896,"silentlySkippedCount":0,"silentlySkippedDurationMs":0}
[21:46:37.290] INFO: simulator:public-processor Processed 1 successful txs and 0 failed txs (0 silently skipped, 0ms wasted) in 0.01093987500000003s {"blockNumber":4,"successfulCount":1,"failedCount":0,"duration":0.01093987500000003,"rate":35370879.46617296,"totalPublicGas":{"daGas":192,"l2Gas":386953},"totalBlockGas":{"daGas":192,"l2Gas":386953},"totalSizeInBytes":320,"silentlySkippedCount":0,"silentlySkippedDurationMs":0}
[21:46:37.303] INFO: simulator:public-processor Processed 1 successful txs and 0 failed txs (0 silently skipped, 0ms wasted) in 0.01070404100000087s {"blockNumber":4,"successfulCount":1,"failedCount":0,"duration":0.01070404100000087,"rate":36150179.1706486,"totalPublicGas":{"daGas":192,"l2Gas":386953},"totalBlockGas":{"daGas":192,"l2Gas":386953},"totalSizeInBytes":320,"silentlySkippedCount":0,"silentlySkippedDurationMs":0}
[21:46:37.331] INFO: txe:top_level_context Created block 5 with timestamp 1791492397
[21:46:37.344] INFO: txe:top_level_context Created block 5 with timestamp 1791492397
[21:46:37.558] INFO: simulator:public-processor Processed 1 successful txs and 0 failed txs (0 silently skipped, 0ms wasted) in 0.021067332999999053s {"blockNumber":6,"successfulCount":1,"failedCount":0,"duration":0.021067332999999053,"rate":1877361.5056068928,"totalPublicGas":{"daGas":64,"l2Gas":39551},"totalBlockGas":{"daGas":224,"l2Gas":661151},"totalSizeInBytes":224,"silentlySkippedCount":0,"silentlySkippedDurationMs":0}
[21:46:37.598] INFO: simulator:public-processor Processed 1 successful txs and 0 failed txs (0 silently skipped, 0ms wasted) in 0.00695379099999991s {"blockNumber":6,"successfulCount":1,"failedCount":0,"duration":0.00695379099999991,"rate":5687688.916736283,"totalPublicGas":{"daGas":64,"l2Gas":39551},"totalBlockGas":{"daGas":224,"l2Gas":661151},"totalSizeInBytes":224,"silentlySkippedCount":0,"silentlySkippedDurationMs":0}
[21:46:37.614] INFO: simulator:public-processor Processed 1 successful txs and 0 failed txs (0 silently skipped, 0ms wasted) in 0.009330334000000221s {"blockNumber":7,"successfulCount":1,"failedCount":0,"duration":0.009330334000000221,"rate":16169731.97315299,"totalPublicGas":{"daGas":256,"l2Gas":150869},"totalBlockGas":{"daGas":256,"l2Gas":150869},"totalSizeInBytes":384,"silentlySkippedCount":0,"silentlySkippedDurationMs":0}
[21:46:37.645] INFO: simulator:public-processor Processed 1 successful txs and 0 failed txs (0 silently skipped, 0ms wasted) in 0.00938379200000054s {"blockNumber":7,"successfulCount":1,"failedCount":0,"duration":0.00938379200000054,"rate":16077615.531119118,"totalPublicGas":{"daGas":256,"l2Gas":150869},"totalBlockGas":{"daGas":256,"l2Gas":150869},"totalSizeInBytes":384,"silentlySkippedCount":0,"silentlySkippedDurationMs":0}
[21:46:37.659] INFO: simulator:public-processor Processed 1 successful txs and 0 failed txs (0 silently skipped, 0ms wasted) in 0.007509707999999591s {"blockNumber":8,"successfulCount":1,"failedCount":0,"duration":0.007509707999999591,"rate":10410657.77790618,"totalPublicGas":{"daGas":128,"l2Gas":78181},"totalBlockGas":{"daGas":128,"l2Gas":78181},"totalSizeInBytes":256,"silentlySkippedCount":0,"silentlySkippedDurationMs":0}
[21:46:37.689] INFO: simulator:public-processor Processed 1 successful txs and 0 failed txs (0 silently skipped, 0ms wasted) in 0.007169083000000682s {"blockNumber":8,"successfulCount":1,"failedCount":0,"duration":0.007169083000000682,"rate":10905299.882843114,"totalPublicGas":{"daGas":128,"l2Gas":78181},"totalBlockGas":{"daGas":128,"l2Gas":78181},"totalSizeInBytes":256,"silentlySkippedCount":0,"silentlySkippedDurationMs":0}
[21:46:37.705] INFO: simulator:public-processor Processed 1 successful txs and 0 failed txs (0 silently skipped, 0ms wasted) in 0.008265457999999852s {"blockNumber":9,"successfulCount":1,"failedCount":0,"duration":0.008265457999999852,"rate":14997354.048620442,"totalPublicGas":{"daGas":192,"l2Gas":123960},"totalBlockGas":{"daGas":192,"l2Gas":123960},"totalSizeInBytes":320,"silentlySkippedCount":0,"silentlySkippedDurationMs":0}
[21:46:37.734] INFO: simulator:public-processor Processed 1 successful txs and 0 failed txs (0 silently skipped, 0ms wasted) in 0.007112374999998792s {"blockNumber":9,"successfulCount":1,"failedCount":0,"duration":0.007112374999998792,"rate":1360305.1020231135,"totalPublicGas":{"daGas":0,"l2Gas":9675},"totalBlockGas":{"daGas":0,"l2Gas":9675},"totalSizeInBytes":128,"silentlySkippedCount":0,"silentlySkippedDurationMs":0}
[21:46:37.739] WARN: txe:top_level_context Could not find function artifact in contract PluginAdapter for function '0x5cc5d527' when enriching error callstack
[21:46:37.748] INFO: txe:top_level_context Created block 10 with timestamp 1791578798
[plugin_adapter] Testing tests::escrow_fake_post_cannot_authorize ... [0m[32mok[0m
[21:46:37.782] INFO: simulator:public-processor Processed 1 successful txs and 0 failed txs (0 silently skipped, 0ms wasted) in 0.008493583000001309s {"blockNumber":11,"successfulCount":1,"failedCount":0,"duration":0.008493583000001309,"rate":14217321.476693805,"totalPublicGas":{"daGas":192,"l2Gas":120756},"totalBlockGas":{"daGas":192,"l2Gas":120756},"totalSizeInBytes":320,"silentlySkippedCount":0,"silentlySkippedDurationMs":0}
[21:46:37.825] INFO: simulator:public-processor Processed 1 successful txs and 0 failed txs (0 silently skipped, 0ms wasted) in 0.0062972910000007685s {"blockNumber":12,"successfulCount":1,"failedCount":0,"duration":0.0062972910000007685,"rate":1601641.0866194319,"totalPublicGas":{"daGas":0,"l2Gas":10086},"totalBlockGas":{"daGas":0,"l2Gas":10086},"totalSizeInBytes":128,"silentlySkippedCount":0,"silentlySkippedDurationMs":0}
[21:46:37.846] INFO: simulator:public-processor Processed 1 successful txs and 0 failed txs (0 silently skipped, 0ms wasted) in 0.006045040999999401s {"blockNumber":12,"successfulCount":1,"failedCount":0,"duration":0.006045040999999401,"rate":1681874.448825245,"totalPublicGas":{"daGas":0,"l2Gas":10167},"totalBlockGas":{"daGas":0,"l2Gas":10167},"totalSizeInBytes":128,"silentlySkippedCount":0,"silentlySkippedDurationMs":0}
[plugin_adapter] Testing tests::escrow_expiry_returns_reserve ... [0m[32mok[0m
[plugin_adapter] Testing tests::escrow_invocation_replay_rejected ... [0m[32mok[0m
[21:46:40.069] INFO: kv-store:lmdb-v2 Starting data store with maxReaders 2
[21:46:40.070] INFO: world-state:database Creating world state data store at directory /var/folders/ym/q1vh2x5n58xbsmpmvs5_6w3r0000gn/T/aztec-world-state-m1CSBq/world_state with map sizes {"archiveTreeMapSizeKb":10485760,"nullifierTreeMapSizeKb":10485760,"noteHashTreeMapSizeKb":10485760,"messageTreeMapSizeKb":10485760,"publicDataTreeMapSizeKb":10485760} and 2 threads (ephemeral=true).
[21:46:40.083] INFO: txe_node Aztec Node version: txe
[21:46:40.083] INFO: txe_node Aztec Node started on chain 0x1
[21:46:40.100] INFO: txe:top_level_context Created block 1 with timestamp 1791492400
[21:46:40.149] INFO: txe:top_level_context Created block 2 with timestamp 1791492400
[21:46:40.187] INFO: kv-store:lmdb-v2 Starting data store with maxReaders 2
[21:46:40.188] INFO: world-state:database Creating world state data store at directory /var/folders/ym/q1vh2x5n58xbsmpmvs5_6w3r0000gn/T/aztec-world-state-ej5JgA/world_state with map sizes {"archiveTreeMapSizeKb":10485760,"nullifierTreeMapSizeKb":10485760,"noteHashTreeMapSizeKb":10485760,"messageTreeMapSizeKb":10485760,"publicDataTreeMapSizeKb":10485760} and 2 threads (ephemeral=true).
[21:46:40.201] INFO: txe_node Aztec Node version: txe
[21:46:40.201] INFO: txe_node Aztec Node started on chain 0x1
[21:46:40.213] INFO: simulator:public-processor Processed 1 successful txs and 0 failed txs (0 silently skipped, 0ms wasted) in 0.02698166599999968s {"blockNumber":3,"successfulCount":1,"failedCount":0,"duration":0.02698166599999968,"rate":19077176.331513632,"totalPublicGas":{"daGas":768,"l2Gas":514734},"totalBlockGas":{"daGas":768,"l2Gas":514734},"totalSizeInBytes":896,"silentlySkippedCount":0,"silentlySkippedDurationMs":0}
[21:46:40.218] INFO: txe:top_level_context Created block 1 with timestamp 1791492400
[21:46:40.265] INFO: simulator:public-processor Processed 1 successful txs and 0 failed txs (0 silently skipped, 0ms wasted) in 0.011813125000000582s {"blockNumber":4,"successfulCount":1,"failedCount":0,"duration":0.011813125000000582,"rate":32756192.79403045,"totalPublicGas":{"daGas":192,"l2Gas":386953},"totalBlockGas":{"daGas":192,"l2Gas":386953},"totalSizeInBytes":320,"silentlySkippedCount":0,"silentlySkippedDurationMs":0}
[21:46:40.278] INFO: txe:top_level_context Created block 2 with timestamp 1791492400
[21:46:40.316] INFO: txe:top_level_context Created block 5 with timestamp 1791492400
[21:46:40.329] INFO: simulator:public-processor Processed 1 successful txs and 0 failed txs (0 silently skipped, 0ms wasted) in 0.014329750000000786s {"blockNumber":3,"successfulCount":1,"failedCount":0,"duration":0.014329750000000786,"rate":35920654.58224824,"totalPublicGas":{"daGas":768,"l2Gas":514734},"totalBlockGas":{"daGas":768,"l2Gas":514734},"totalSizeInBytes":896,"silentlySkippedCount":0,"silentlySkippedDurationMs":0}
[21:46:40.403] INFO: simulator:public-processor Processed 1 successful txs and 0 failed txs (0 silently skipped, 0ms wasted) in 0.013161416999999346s {"blockNumber":4,"successfulCount":1,"failedCount":0,"duration":0.013161416999999346,"rate":29400557.705908053,"totalPublicGas":{"daGas":192,"l2Gas":386953},"totalBlockGas":{"daGas":192,"l2Gas":386953},"totalSizeInBytes":320,"silentlySkippedCount":0,"silentlySkippedDurationMs":0}
[21:46:40.453] INFO: txe:top_level_context Created block 5 with timestamp 1791492400
[21:46:40.512] INFO: simulator:public-processor Processed 1 successful txs and 0 failed txs (0 silently skipped, 0ms wasted) in 0.014109707999999955s {"blockNumber":6,"successfulCount":1,"failedCount":0,"duration":0.014109707999999955,"rate":2803105.493040687,"totalPublicGas":{"daGas":64,"l2Gas":39551},"totalBlockGas":{"daGas":224,"l2Gas":661151},"totalSizeInBytes":224,"silentlySkippedCount":0,"silentlySkippedDurationMs":0}
[21:46:40.565] INFO: simulator:public-processor Processed 1 successful txs and 0 failed txs (0 silently skipped, 0ms wasted) in 0.011684708000000682s {"blockNumber":7,"successfulCount":1,"failedCount":0,"duration":0.011684708000000682,"rate":12911661.97734605,"totalPublicGas":{"daGas":256,"l2Gas":150869},"totalBlockGas":{"daGas":256,"l2Gas":150869},"totalSizeInBytes":384,"silentlySkippedCount":0,"silentlySkippedDurationMs":0}
[21:46:40.623] INFO: simulator:public-processor Processed 1 successful txs and 0 failed txs (0 silently skipped, 0ms wasted) in 0.020186499999999795s {"blockNumber":8,"successfulCount":1,"failedCount":0,"duration":0.020186499999999795,"rate":3872934.882223307,"totalPublicGas":{"daGas":128,"l2Gas":78181},"totalBlockGas":{"daGas":128,"l2Gas":78181},"totalSizeInBytes":256,"silentlySkippedCount":0,"silentlySkippedDurationMs":0}
[21:46:40.664] INFO: simulator:public-processor Processed 1 successful txs and 0 failed txs (0 silently skipped, 0ms wasted) in 0.0066410419999992885s {"blockNumber":6,"successfulCount":1,"failedCount":0,"duration":0.0066410419999992885,"rate":5955541.314149833,"totalPublicGas":{"daGas":64,"l2Gas":39551},"totalBlockGas":{"daGas":224,"l2Gas":661151},"totalSizeInBytes":224,"silentlySkippedCount":0,"silentlySkippedDurationMs":0}
[21:46:40.677] INFO: simulator:public-processor Processed 1 successful txs and 0 failed txs (0 silently skipped, 0ms wasted) in 0.0059684590000033495s {"blockNumber":9,"successfulCount":1,"failedCount":0,"duration":0.0059684590000033495,"rate":2040225.1234352395,"totalPublicGas":{"daGas":0,"l2Gas":12177},"totalBlockGas":{"daGas":0,"l2Gas":12177},"totalSizeInBytes":128,"silentlySkippedCount":0,"silentlySkippedDurationMs":0}
[21:46:40.680] WARN: txe:top_level_context Could not find function artifact in contract PluginAdapter for function '0x5cc5d527' when enriching error callstack
[21:46:40.722] INFO: simulator:public-processor Processed 1 successful txs and 0 failed txs (0 silently skipped, 0ms wasted) in 0.008499374999999417s {"blockNumber":7,"successfulCount":1,"failedCount":0,"duration":0.008499374999999417,"rate":17750599.30877392,"totalPublicGas":{"daGas":256,"l2Gas":150869},"totalBlockGas":{"daGas":256,"l2Gas":150869},"totalSizeInBytes":384,"silentlySkippedCount":0,"silentlySkippedDurationMs":0}
[21:46:40.766] INFO: simulator:public-processor Processed 1 successful txs and 0 failed txs (0 silently skipped, 0ms wasted) in 0.007558333000000857s {"blockNumber":8,"successfulCount":1,"failedCount":0,"duration":0.007558333000000857,"rate":10343682.925850334,"totalPublicGas":{"daGas":128,"l2Gas":78181},"totalBlockGas":{"daGas":128,"l2Gas":78181},"totalSizeInBytes":256,"silentlySkippedCount":0,"silentlySkippedDurationMs":0}
[21:46:40.813] INFO: simulator:public-processor Processed 1 successful txs and 0 failed txs (0 silently skipped, 0ms wasted) in 0.006942791999998007s {"blockNumber":9,"successfulCount":1,"failedCount":0,"duration":0.006942791999998007,"rate":6809796.40467604,"totalPublicGas":{"daGas":64,"l2Gas":47279},"totalBlockGas":{"daGas":64,"l2Gas":47279},"totalSizeInBytes":192,"silentlySkippedCount":0,"silentlySkippedDurationMs":0}
[21:46:40.856] INFO: simulator:public-processor Processed 1 successful txs and 0 failed txs (0 silently skipped, 0ms wasted) in 0.006238916999998764s {"blockNumber":10,"successfulCount":1,"failedCount":0,"duration":0.006238916999998764,"rate":3578024.8398887855,"totalPublicGas":{"daGas":0,"l2Gas":22323},"totalBlockGas":{"daGas":0,"l2Gas":22323},"totalSizeInBytes":128,"silentlySkippedCount":0,"silentlySkippedDurationMs":0}
[21:46:40.877] INFO: simulator:public-processor Processed 1 successful txs and 0 failed txs (0 silently skipped, 0ms wasted) in 0.006270125000002736s {"blockNumber":10,"successfulCount":1,"failedCount":0,"duration":0.006270125000002736,"rate":1608580.3712040188,"totalPublicGas":{"daGas":0,"l2Gas":10086},"totalBlockGas":{"daGas":0,"l2Gas":10086},"totalSizeInBytes":128,"silentlySkippedCount":0,"silentlySkippedDurationMs":0}
[plugin_adapter] Testing tests::escrow_known_failure_closes_without_locking_balance ... [0m[32mok[0m
[plugin_adapter] Testing tests::escrow_late_settlement_rejected ... [0m[32mok[0m
[21:46:44.136] INFO: kv-store:lmdb-v2 Starting data store with maxReaders 2
[21:46:44.140] INFO: world-state:database Creating world state data store at directory /var/folders/ym/q1vh2x5n58xbsmpmvs5_6w3r0000gn/T/aztec-world-state-pqvXWr/world_state with map sizes {"archiveTreeMapSizeKb":10485760,"nullifierTreeMapSizeKb":10485760,"noteHashTreeMapSizeKb":10485760,"messageTreeMapSizeKb":10485760,"publicDataTreeMapSizeKb":10485760} and 2 threads (ephemeral=true).
[21:46:44.156] INFO: txe_node Aztec Node version: txe
[21:46:44.156] INFO: txe_node Aztec Node started on chain 0x1
[21:46:44.175] INFO: txe:top_level_context Created block 1 with timestamp 1791492404
[21:46:44.231] INFO: txe:top_level_context Created block 2 with timestamp 1791492404
[21:46:44.288] INFO: simulator:public-processor Processed 1 successful txs and 0 failed txs (0 silently skipped, 0ms wasted) in 0.017571124999998574s {"blockNumber":3,"successfulCount":1,"failedCount":0,"duration":0.017571124999998574,"rate":29294310.978952218,"totalPublicGas":{"daGas":768,"l2Gas":514734},"totalBlockGas":{"daGas":768,"l2Gas":514734},"totalSizeInBytes":896,"silentlySkippedCount":0,"silentlySkippedDurationMs":0}
[21:46:44.340] INFO: simulator:public-processor Processed 1 successful txs and 0 failed txs (0 silently skipped, 0ms wasted) in 0.011509833000000072s {"blockNumber":4,"successfulCount":1,"failedCount":0,"duration":0.011509833000000072,"rate":33619340.95829172,"totalPublicGas":{"daGas":192,"l2Gas":386953},"totalBlockGas":{"daGas":192,"l2Gas":386953},"totalSizeInBytes":320,"silentlySkippedCount":0,"silentlySkippedDurationMs":0}
[21:46:44.356] INFO: kv-store:lmdb-v2 Starting data store with maxReaders 2
[21:46:44.357] INFO: world-state:database Creating world state data store at directory /var/folders/ym/q1vh2x5n58xbsmpmvs5_6w3r0000gn/T/aztec-world-state-W2SBh8/world_state with map sizes {"archiveTreeMapSizeKb":10485760,"nullifierTreeMapSizeKb":10485760,"noteHashTreeMapSizeKb":10485760,"messageTreeMapSizeKb":10485760,"publicDataTreeMapSizeKb":10485760} and 2 threads (ephemeral=true).
[21:46:44.371] INFO: txe_node Aztec Node version: txe
[21:46:44.371] INFO: txe_node Aztec Node started on chain 0x1
[21:46:44.389] INFO: txe:top_level_context Created block 1 with timestamp 1791492404
[21:46:44.391] INFO: txe:top_level_context Created block 5 with timestamp 1791492404
[21:46:44.469] INFO: txe:top_level_context Created block 2 with timestamp 1791492404
[21:46:44.530] INFO: simulator:public-processor Processed 1 successful txs and 0 failed txs (0 silently skipped, 0ms wasted) in 0.020943374999998925s {"blockNumber":3,"successfulCount":1,"failedCount":0,"duration":0.020943374999998925,"rate":24577414.098731767,"totalPublicGas":{"daGas":768,"l2Gas":514734},"totalBlockGas":{"daGas":768,"l2Gas":514734},"totalSizeInBytes":896,"silentlySkippedCount":0,"silentlySkippedDurationMs":0}
[21:46:44.602] INFO: simulator:public-processor Processed 1 successful txs and 0 failed txs (0 silently skipped, 0ms wasted) in 0.01982995799999844s {"blockNumber":4,"successfulCount":1,"failedCount":0,"duration":0.01982995799999844,"rate":19513556.206222445,"totalPublicGas":{"daGas":192,"l2Gas":386953},"totalBlockGas":{"daGas":192,"l2Gas":386953},"totalSizeInBytes":320,"silentlySkippedCount":0,"silentlySkippedDurationMs":0}
[21:46:44.634] INFO: simulator:public-processor Processed 1 successful txs and 0 failed txs (0 silently skipped, 0ms wasted) in 0.006890250000000379s {"blockNumber":6,"successfulCount":1,"failedCount":0,"duration":0.006890250000000379,"rate":5740140.052973089,"totalPublicGas":{"daGas":64,"l2Gas":39551},"totalBlockGas":{"daGas":224,"l2Gas":661151},"totalSizeInBytes":224,"silentlySkippedCount":0,"silentlySkippedDurationMs":0}
[21:46:44.645] INFO: txe:top_level_context Created block 5 with timestamp 1791492404
[21:46:44.700] INFO: simulator:public-processor Processed 1 successful txs and 0 failed txs (0 silently skipped, 0ms wasted) in 0.012726000000002386s {"blockNumber":7,"successfulCount":1,"failedCount":0,"duration":0.012726000000002386,"rate":11855178.374978133,"totalPublicGas":{"daGas":256,"l2Gas":150869},"totalBlockGas":{"daGas":256,"l2Gas":150869},"totalSizeInBytes":384,"silentlySkippedCount":0,"silentlySkippedDurationMs":0}
[21:46:44.748] INFO: simulator:public-processor Processed 1 successful txs and 0 failed txs (0 silently skipped, 0ms wasted) in 0.010553750000002764s {"blockNumber":8,"successfulCount":1,"failedCount":0,"duration":0.010553750000002764,"rate":7407888.19139922,"totalPublicGas":{"daGas":128,"l2Gas":78181},"totalBlockGas":{"daGas":128,"l2Gas":78181},"totalSizeInBytes":256,"silentlySkippedCount":0,"silentlySkippedDurationMs":0}
[21:46:44.807] INFO: simulator:public-processor Processed 1 successful txs and 0 failed txs (0 silently skipped, 0ms wasted) in 0.00944037500000195s {"blockNumber":9,"successfulCount":1,"failedCount":0,"duration":0.00944037500000195,"rate":13130834.31537141,"totalPublicGas":{"daGas":192,"l2Gas":123960},"totalBlockGas":{"daGas":192,"l2Gas":123960},"totalSizeInBytes":320,"silentlySkippedCount":0,"silentlySkippedDurationMs":0}
[21:46:44.846] INFO: simulator:public-processor Processed 1 successful txs and 0 failed txs (0 silently skipped, 0ms wasted) in 0.006711957999999868s {"blockNumber":6,"successfulCount":1,"failedCount":0,"duration":0.006711957999999868,"rate":5892617.325674681,"totalPublicGas":{"daGas":64,"l2Gas":39551},"totalBlockGas":{"daGas":224,"l2Gas":661151},"totalSizeInBytes":224,"silentlySkippedCount":0,"silentlySkippedDurationMs":0}
[21:46:44.856] INFO: txe:top_level_context Created block 10 with timestamp 1791578805
[21:46:44.891] INFO: simulator:public-processor Processed 1 successful txs and 0 failed txs (0 silently skipped, 0ms wasted) in 0.006754790999999386s {"blockNumber":11,"successfulCount":1,"failedCount":0,"duration":0.006754790999999386,"rate":2193110.0458920705,"totalPublicGas":{"daGas":0,"l2Gas":14814},"totalBlockGas":{"daGas":0,"l2Gas":14814},"totalSizeInBytes":128,"silentlySkippedCount":0,"silentlySkippedDurationMs":0}
[21:46:44.894] WARN: txe:top_level_context Could not find function artifact in contract PluginAdapter for function '0x515b0e67' when enriching error callstack
[21:46:44.902] INFO: simulator:public-processor Processed 1 successful txs and 0 failed txs (0 silently skipped, 0ms wasted) in 0.008618875000000116s {"blockNumber":7,"successfulCount":1,"failedCount":0,"duration":0.008618875000000116,"rate":17504488.694870036,"totalPublicGas":{"daGas":256,"l2Gas":150869},"totalBlockGas":{"daGas":256,"l2Gas":150869},"totalSizeInBytes":384,"silentlySkippedCount":0,"silentlySkippedDurationMs":0}
[21:46:44.948] INFO: simulator:public-processor Processed 1 successful txs and 0 failed txs (0 silently skipped, 0ms wasted) in 0.007822709000000032s {"blockNumber":8,"successfulCount":1,"failedCount":0,"duration":0.007822709000000032,"rate":9994108.17914864,"totalPublicGas":{"daGas":128,"l2Gas":78181},"totalBlockGas":{"daGas":128,"l2Gas":78181},"totalSizeInBytes":256,"silentlySkippedCount":0,"silentlySkippedDurationMs":0}
[21:46:44.995] INFO: simulator:public-processor Processed 1 successful txs and 0 failed txs (0 silently skipped, 0ms wasted) in 0.007368666999998823s {"blockNumber":9,"successfulCount":1,"failedCount":0,"duration":0.007368666999998823,"rate":1143218.9838408148,"totalPublicGas":{"daGas":0,"l2Gas":8424},"totalBlockGas":{"daGas":0,"l2Gas":8424},"totalSizeInBytes":128,"silentlySkippedCount":0,"silentlySkippedDurationMs":0}
[21:46:44.998] WARN: txe:top_level_context Could not find function artifact in contract PluginAdapter for function '0x2c580cbc' when enriching error callstack
[plugin_adapter] Testing tests::escrow_other_operator_cannot_reserve ... [0m[32mok[0m
[21:46:47.353] INFO: kv-store:lmdb-v2 Starting data store with maxReaders 2
[21:46:47.355] INFO: world-state:database Creating world state data store at directory /var/folders/ym/q1vh2x5n58xbsmpmvs5_6w3r0000gn/T/aztec-world-state-54A3ex/world_state with map sizes {"archiveTreeMapSizeKb":10485760,"nullifierTreeMapSizeKb":10485760,"noteHashTreeMapSizeKb":10485760,"messageTreeMapSizeKb":10485760,"publicDataTreeMapSizeKb":10485760} and 2 threads (ephemeral=true).
[21:46:47.369] INFO: txe_node Aztec Node version: txe
[21:46:47.369] INFO: txe_node Aztec Node started on chain 0x1
[21:46:47.387] INFO: txe:top_level_context Created block 1 with timestamp 1791492407
[21:46:47.439] INFO: txe:top_level_context Created block 2 with timestamp 1791492407
[21:46:47.461] INFO: kv-store:lmdb-v2 Starting data store with maxReaders 2
[21:46:47.467] INFO: world-state:database Creating world state data store at directory /var/folders/ym/q1vh2x5n58xbsmpmvs5_6w3r0000gn/T/aztec-world-state-0JebPy/world_state with map sizes {"archiveTreeMapSizeKb":10485760,"nullifierTreeMapSizeKb":10485760,"noteHashTreeMapSizeKb":10485760,"messageTreeMapSizeKb":10485760,"publicDataTreeMapSizeKb":10485760} and 2 threads (ephemeral=true).
[21:46:47.487] INFO: txe_node Aztec Node version: txe
[21:46:47.487] INFO: txe_node Aztec Node started on chain 0x1
[21:46:47.517] INFO: txe:top_level_context Created block 1 with timestamp 1791492407
[21:46:47.533] INFO: simulator:public-processor Processed 1 successful txs and 0 failed txs (0 silently skipped, 0ms wasted) in 0.02747804199999882s {"blockNumber":3,"successfulCount":1,"failedCount":0,"duration":0.02747804199999882,"rate":18732557.436225697,"totalPublicGas":{"daGas":768,"l2Gas":514734},"totalBlockGas":{"daGas":768,"l2Gas":514734},"totalSizeInBytes":896,"silentlySkippedCount":0,"silentlySkippedDurationMs":0}
[21:46:47.574] INFO: txe:top_level_context Created block 2 with timestamp 1791492407
[21:46:47.584] INFO: simulator:public-processor Processed 1 successful txs and 0 failed txs (0 silently skipped, 0ms wasted) in 0.011336666000002878s {"blockNumber":4,"successfulCount":1,"failedCount":0,"duration":0.011336666000002878,"rate":34132874.69172169,"totalPublicGas":{"daGas":192,"l2Gas":386953},"totalBlockGas":{"daGas":192,"l2Gas":386953},"totalSizeInBytes":320,"silentlySkippedCount":0,"silentlySkippedDurationMs":0}
[21:46:47.627] INFO: txe:top_level_context Created block 5 with timestamp 1791492407
[21:46:47.630] INFO: simulator:public-processor Processed 1 successful txs and 0 failed txs (0 silently skipped, 0ms wasted) in 0.017979291999999987s {"blockNumber":3,"successfulCount":1,"failedCount":0,"duration":0.017979291999999987,"rate":28629269.7176285,"totalPublicGas":{"daGas":768,"l2Gas":514734},"totalBlockGas":{"daGas":768,"l2Gas":514734},"totalSizeInBytes":896,"silentlySkippedCount":0,"silentlySkippedDurationMs":0}
[21:46:47.689] INFO: simulator:public-processor Processed 1 successful txs and 0 failed txs (0 silently skipped, 0ms wasted) in 0.012424915999999939s {"blockNumber":4,"successfulCount":1,"failedCount":0,"duration":0.012424915999999939,"rate":31143309.137864746,"totalPublicGas":{"daGas":192,"l2Gas":386953},"totalBlockGas":{"daGas":192,"l2Gas":386953},"totalSizeInBytes":320,"silentlySkippedCount":0,"silentlySkippedDurationMs":0}
[21:46:47.738] INFO: txe:top_level_context Created block 5 with timestamp 1791492407
[21:46:47.850] INFO: simulator:public-processor Processed 1 successful txs and 0 failed txs (0 silently skipped, 0ms wasted) in 0.007213083999999071s {"blockNumber":6,"successfulCount":1,"failedCount":0,"duration":0.007213083999999071,"rate":5483230.196682181,"totalPublicGas":{"daGas":64,"l2Gas":39551},"totalBlockGas":{"daGas":224,"l2Gas":661151},"totalSizeInBytes":224,"silentlySkippedCount":0,"silentlySkippedDurationMs":0}
[21:46:47.916] INFO: simulator:public-processor Processed 1 successful txs and 0 failed txs (0 silently skipped, 0ms wasted) in 0.02186999999999898s {"blockNumber":7,"successfulCount":1,"failedCount":0,"duration":0.02186999999999898,"rate":6898445.358939508,"totalPublicGas":{"daGas":256,"l2Gas":150869},"totalBlockGas":{"daGas":256,"l2Gas":150869},"totalSizeInBytes":384,"silentlySkippedCount":0,"silentlySkippedDurationMs":0}
[21:46:47.954] INFO: simulator:public-processor Processed 1 successful txs and 0 failed txs (0 silently skipped, 0ms wasted) in 0.006654708000001847s {"blockNumber":6,"successfulCount":1,"failedCount":0,"duration":0.006654708000001847,"rate":5943311.111470109,"totalPublicGas":{"daGas":64,"l2Gas":39551},"totalBlockGas":{"daGas":224,"l2Gas":661151},"totalSizeInBytes":224,"silentlySkippedCount":0,"silentlySkippedDurationMs":0}
[21:46:47.968] INFO: simulator:public-processor Processed 1 successful txs and 0 failed txs (0 silently skipped, 0ms wasted) in 0.007202584000002389s {"blockNumber":8,"successfulCount":1,"failedCount":0,"duration":0.007202584000002389,"rate":10854576.63527063,"totalPublicGas":{"daGas":128,"l2Gas":78181},"totalBlockGas":{"daGas":128,"l2Gas":78181},"totalSizeInBytes":256,"silentlySkippedCount":0,"silentlySkippedDurationMs":0}
[21:46:48.001] INFO: simulator:public-processor Processed 1 successful txs and 0 failed txs (0 silently skipped, 0ms wasted) in 0.009805916999997862s {"blockNumber":7,"successfulCount":1,"failedCount":0,"duration":0.009805916999997862,"rate":15385506.526318029,"totalPublicGas":{"daGas":256,"l2Gas":150869},"totalBlockGas":{"daGas":256,"l2Gas":150869},"totalSizeInBytes":384,"silentlySkippedCount":0,"silentlySkippedDurationMs":0}
[21:46:48.014] INFO: simulator:public-processor Processed 1 successful txs and 0 failed txs (0 silently skipped, 0ms wasted) in 0.008329333000001498s {"blockNumber":9,"successfulCount":1,"failedCount":0,"duration":0.008329333000001498,"rate":14882344.120468915,"totalPublicGas":{"daGas":192,"l2Gas":123960},"totalBlockGas":{"daGas":192,"l2Gas":123960},"totalSizeInBytes":320,"silentlySkippedCount":0,"silentlySkippedDurationMs":0}
[21:46:48.046] INFO: simulator:public-processor Processed 1 successful txs and 0 failed txs (0 silently skipped, 0ms wasted) in 0.007252042000000074s {"blockNumber":8,"successfulCount":1,"failedCount":0,"duration":0.007252042000000074,"rate":10780549.809281193,"totalPublicGas":{"daGas":128,"l2Gas":78181},"totalBlockGas":{"daGas":128,"l2Gas":78181},"totalSizeInBytes":256,"silentlySkippedCount":0,"silentlySkippedDurationMs":0}
[21:46:48.058] INFO: simulator:public-processor Processed 1 successful txs and 0 failed txs (0 silently skipped, 0ms wasted) in 0.0061949999999997086s {"blockNumber":10,"successfulCount":1,"failedCount":0,"duration":0.0061949999999997086,"rate":1612106.5375303421,"totalPublicGas":{"daGas":0,"l2Gas":9987},"totalBlockGas":{"daGas":0,"l2Gas":9987},"totalSizeInBytes":128,"silentlySkippedCount":0,"silentlySkippedDurationMs":0}
[21:46:48.061] WARN: txe:top_level_context Could not find function artifact in contract PluginAdapter for function '0x515b0e67' when enriching error callstack
[plugin_adapter] Testing tests::escrow_other_operator_cannot_settle ... [0m[32mok[0m
[21:46:48.103] INFO: txe:top_level_context Created block 9 with timestamp 1791492407
[21:46:48.153] INFO: simulator:public-processor Processed 1 successful txs and 0 failed txs (0 silently skipped, 0ms wasted) in 0.014135833000000275s {"blockNumber":10,"successfulCount":1,"failedCount":0,"duration":0.014135833000000275,"rate":36413418.296607636,"totalPublicGas":{"daGas":768,"l2Gas":514734},"totalBlockGas":{"daGas":768,"l2Gas":514734},"totalSizeInBytes":896,"silentlySkippedCount":0,"silentlySkippedDurationMs":0}
[21:46:48.196] INFO: simulator:public-processor Processed 1 successful txs and 0 failed txs (0 silently skipped, 0ms wasted) in 0.005919582999998965s {"blockNumber":11,"successfulCount":1,"failedCount":0,"duration":0.005919582999998965,"rate":1703836.233059282,"totalPublicGas":{"daGas":0,"l2Gas":10086},"totalBlockGas":{"daGas":0,"l2Gas":10086},"totalSizeInBytes":128,"silentlySkippedCount":0,"silentlySkippedDurationMs":0}
[21:46:48.218] INFO: simulator:public-processor Processed 1 successful txs and 0 failed txs (0 silently skipped, 0ms wasted) in 0.006157124999997905s {"blockNumber":11,"successfulCount":1,"failedCount":0,"duration":0.006157124999997905,"rate":1368171.0213781379,"totalPublicGas":{"daGas":0,"l2Gas":8424},"totalBlockGas":{"daGas":0,"l2Gas":8424},"totalSizeInBytes":128,"silentlySkippedCount":0,"silentlySkippedDurationMs":0}
[21:46:48.221] WARN: txe:top_level_context Could not find function artifact in contract PluginAdapter for function '0x2c580cbc' when enriching error callstack
[plugin_adapter] Testing tests::escrow_other_plugin_operator_isolated ... [0m[32mok[0m
[plugin_adapter] Testing tests::escrow_overcharge_rejected ... [0m[32mok[0m
[21:46:50.425] INFO: kv-store:lmdb-v2 Starting data store with maxReaders 2
[21:46:50.426] INFO: world-state:database Creating world state data store at directory /var/folders/ym/q1vh2x5n58xbsmpmvs5_6w3r0000gn/T/aztec-world-state-wYcj2g/world_state with map sizes {"archiveTreeMapSizeKb":10485760,"nullifierTreeMapSizeKb":10485760,"noteHashTreeMapSizeKb":10485760,"messageTreeMapSizeKb":10485760,"publicDataTreeMapSizeKb":10485760} and 2 threads (ephemeral=true).
[21:46:50.440] INFO: txe_node Aztec Node version: txe
[21:46:50.440] INFO: txe_node Aztec Node started on chain 0x1
[21:46:50.457] INFO: txe:top_level_context Created block 1 with timestamp 1791492410
[21:46:50.506] INFO: txe:top_level_context Created block 2 with timestamp 1791492410
[21:46:50.557] INFO: simulator:public-processor Processed 1 successful txs and 0 failed txs (0 silently skipped, 0ms wasted) in 0.013804124999998748s {"blockNumber":3,"successfulCount":1,"failedCount":0,"duration":0.013804124999998748,"rate":37288419.22251839,"totalPublicGas":{"daGas":768,"l2Gas":514734},"totalBlockGas":{"daGas":768,"l2Gas":514734},"totalSizeInBytes":896,"silentlySkippedCount":0,"silentlySkippedDurationMs":0}
[21:46:50.581] INFO: kv-store:lmdb-v2 Starting data store with maxReaders 2
[21:46:50.582] INFO: world-state:database Creating world state data store at directory /var/folders/ym/q1vh2x5n58xbsmpmvs5_6w3r0000gn/T/aztec-world-state-YJZ3pX/world_state with map sizes {"archiveTreeMapSizeKb":10485760,"nullifierTreeMapSizeKb":10485760,"noteHashTreeMapSizeKb":10485760,"messageTreeMapSizeKb":10485760,"publicDataTreeMapSizeKb":10485760} and 2 threads (ephemeral=true).
[21:46:50.594] INFO: txe_node Aztec Node version: txe
[21:46:50.594] INFO: txe_node Aztec Node started on chain 0x1
[21:46:50.612] INFO: txe:top_level_context Created block 1 with timestamp 1791492410
[plugin_adapter] Testing tests::escrow_reserve_prevents_cancel ... [0m[32mok[0m
[21:46:50.619] INFO: simulator:public-processor Processed 1 successful txs and 0 failed txs (0 silently skipped, 0ms wasted) in 0.011070417000002636s {"blockNumber":4,"successfulCount":1,"failedCount":0,"duration":0.011070417000002636,"rate":34953787.196987055,"totalPublicGas":{"daGas":192,"l2Gas":386953},"totalBlockGas":{"daGas":192,"l2Gas":386953},"totalSizeInBytes":320,"silentlySkippedCount":0,"silentlySkippedDurationMs":0}
[21:46:50.662] INFO: txe:top_level_context Created block 5 with timestamp 1791492410
[21:46:50.663] INFO: txe:top_level_context Created block 2 with timestamp 1791492410
[21:46:50.731] INFO: simulator:public-processor Processed 1 successful txs and 0 failed txs (0 silently skipped, 0ms wasted) in 0.014824666999997134s {"blockNumber":3,"successfulCount":1,"failedCount":0,"duration":0.014824666999997134,"rate":34721454.4515637,"totalPublicGas":{"daGas":768,"l2Gas":514734},"totalBlockGas":{"daGas":768,"l2Gas":514734},"totalSizeInBytes":896,"silentlySkippedCount":0,"silentlySkippedDurationMs":0}
[21:46:50.808] INFO: simulator:public-processor Processed 1 successful txs and 0 failed txs (0 silently skipped, 0ms wasted) in 0.022953709000001255s {"blockNumber":4,"successfulCount":1,"failedCount":0,"duration":0.022953709000001255,"rate":16857972.713689923,"totalPublicGas":{"daGas":192,"l2Gas":386953},"totalBlockGas":{"daGas":192,"l2Gas":386953},"totalSizeInBytes":320,"silentlySkippedCount":0,"silentlySkippedDurationMs":0}
[21:46:50.850] INFO: simulator:public-processor Processed 1 successful txs and 0 failed txs (0 silently skipped, 0ms wasted) in 0.006537333000000217s {"blockNumber":6,"successfulCount":1,"failedCount":0,"duration":0.006537333000000217,"rate":6050020.704161573,"totalPublicGas":{"daGas":64,"l2Gas":39551},"totalBlockGas":{"daGas":224,"l2Gas":661151},"totalSizeInBytes":224,"silentlySkippedCount":0,"silentlySkippedDurationMs":0}
[21:46:50.860] INFO: txe:top_level_context Created block 5 with timestamp 1791492410
[21:46:50.912] INFO: simulator:public-processor Processed 1 successful txs and 0 failed txs (0 silently skipped, 0ms wasted) in 0.01044683399999849s {"blockNumber":7,"successfulCount":1,"failedCount":0,"duration":0.01044683399999849,"rate":14441600.201555975,"totalPublicGas":{"daGas":256,"l2Gas":150869},"totalBlockGas":{"daGas":256,"l2Gas":150869},"totalSizeInBytes":384,"silentlySkippedCount":0,"silentlySkippedDurationMs":0}
[21:46:50.960] INFO: simulator:public-processor Processed 1 successful txs and 0 failed txs (0 silently skipped, 0ms wasted) in 0.01039629199999763s {"blockNumber":8,"successfulCount":1,"failedCount":0,"duration":0.01039629199999763,"rate":7520085.045708396,"totalPublicGas":{"daGas":128,"l2Gas":78181},"totalBlockGas":{"daGas":128,"l2Gas":78181},"totalSizeInBytes":256,"silentlySkippedCount":0,"silentlySkippedDurationMs":0}
[21:46:51.022] INFO: simulator:public-processor Processed 1 successful txs and 0 failed txs (0 silently skipped, 0ms wasted) in 0.02187091599999985s {"blockNumber":9,"successfulCount":1,"failedCount":0,"duration":0.02187091599999985,"rate":5667801.0193995,"totalPublicGas":{"daGas":192,"l2Gas":123960},"totalBlockGas":{"daGas":192,"l2Gas":123960},"totalSizeInBytes":320,"silentlySkippedCount":0,"silentlySkippedDurationMs":0}
[21:46:51.060] INFO: simulator:public-processor Processed 1 successful txs and 0 failed txs (0 silently skipped, 0ms wasted) in 0.006597666999998183s {"blockNumber":6,"successfulCount":1,"failedCount":0,"duration":0.006597666999998183,"rate":5994694.791357445,"totalPublicGas":{"daGas":64,"l2Gas":39551},"totalBlockGas":{"daGas":224,"l2Gas":661151},"totalSizeInBytes":224,"silentlySkippedCount":0,"silentlySkippedDurationMs":0}
[21:46:51.073] INFO: simulator:public-processor Processed 1 successful txs and 0 failed txs (0 silently skipped, 0ms wasted) in 0.006911583999997674s {"blockNumber":10,"successfulCount":1,"failedCount":0,"duration":0.006911583999997674,"rate":2852168.186049194,"totalPublicGas":{"daGas":0,"l2Gas":19713},"totalBlockGas":{"daGas":0,"l2Gas":19713},"totalSizeInBytes":128,"silentlySkippedCount":0,"silentlySkippedDurationMs":0}
[21:46:51.076] WARN: txe:top_level_context Could not find function artifact in contract PluginAdapter for function '0x515b0e67' when enriching error callstack
[21:46:51.105] INFO: simulator:public-processor Processed 1 successful txs and 0 failed txs (0 silently skipped, 0ms wasted) in 0.008690125000000989s {"blockNumber":7,"successfulCount":1,"failedCount":0,"duration":0.008690125000000989,"rate":17360970.066596605,"totalPublicGas":{"daGas":256,"l2Gas":150869},"totalBlockGas":{"daGas":256,"l2Gas":150869},"totalSizeInBytes":384,"silentlySkippedCount":0,"silentlySkippedDurationMs":0}
[21:46:51.150] INFO: simulator:public-processor Processed 1 successful txs and 0 failed txs (0 silently skipped, 0ms wasted) in 0.0074808750000011056s {"blockNumber":8,"successfulCount":1,"failedCount":0,"duration":0.0074808750000011056,"rate":10450782.829547139,"totalPublicGas":{"daGas":128,"l2Gas":78181},"totalBlockGas":{"daGas":128,"l2Gas":78181},"totalSizeInBytes":256,"silentlySkippedCount":0,"silentlySkippedDurationMs":0}
[21:46:51.195] INFO: simulator:public-processor Processed 1 successful txs and 0 failed txs (0 silently skipped, 0ms wasted) in 0.008234375s {"blockNumber":9,"successfulCount":1,"failedCount":0,"duration":0.008234375,"rate":15053965.844402276,"totalPublicGas":{"daGas":192,"l2Gas":123960},"totalBlockGas":{"daGas":192,"l2Gas":123960},"totalSizeInBytes":320,"silentlySkippedCount":0,"silentlySkippedDurationMs":0}
[21:46:51.237] INFO: simulator:public-processor Processed 1 successful txs and 0 failed txs (0 silently skipped, 0ms wasted) in 0.006360124999999243s {"blockNumber":10,"successfulCount":1,"failedCount":0,"duration":0.006360124999999243,"rate":1877793.2823649568,"totalPublicGas":{"daGas":0,"l2Gas":11943},"totalBlockGas":{"daGas":0,"l2Gas":11943},"totalSizeInBytes":128,"silentlySkippedCount":0,"silentlySkippedDurationMs":0}
[21:46:51.240] WARN: txe:top_level_context Could not find function artifact in contract PluginAdapter for function '0x52d88fde' when enriching error callstack
[plugin_adapter] Testing tests::escrow_reserved_funds_cannot_withdraw ... [0m[32mok[0m
[21:46:53.429] INFO: kv-store:lmdb-v2 Starting data store with maxReaders 2
[21:46:53.429] INFO: world-state:database Creating world state data store at directory /var/folders/ym/q1vh2x5n58xbsmpmvs5_6w3r0000gn/T/aztec-world-state-3VqGWv/world_state with map sizes {"archiveTreeMapSizeKb":10485760,"nullifierTreeMapSizeKb":10485760,"noteHashTreeMapSizeKb":10485760,"messageTreeMapSizeKb":10485760,"publicDataTreeMapSizeKb":10485760} and 2 threads (ephemeral=true).
[21:46:53.442] INFO: txe_node Aztec Node version: txe
[21:46:53.442] INFO: txe_node Aztec Node started on chain 0x1
[21:46:53.459] INFO: txe:top_level_context Created block 1 with timestamp 1791492413
[21:46:53.508] INFO: txe:top_level_context Created block 2 with timestamp 1791492413
[21:46:53.558] INFO: simulator:public-processor Processed 1 successful txs and 0 failed txs (0 silently skipped, 0ms wasted) in 0.01397950000000128s {"blockNumber":3,"successfulCount":1,"failedCount":0,"duration":0.01397950000000128,"rate":36820630.20851625,"totalPublicGas":{"daGas":768,"l2Gas":514734},"totalBlockGas":{"daGas":768,"l2Gas":514734},"totalSizeInBytes":896,"silentlySkippedCount":0,"silentlySkippedDurationMs":0}
[21:46:53.597] INFO: kv-store:lmdb-v2 Starting data store with maxReaders 2
[21:46:53.598] INFO: world-state:database Creating world state data store at directory /var/folders/ym/q1vh2x5n58xbsmpmvs5_6w3r0000gn/T/aztec-world-state-zyxbqR/world_state with map sizes {"archiveTreeMapSizeKb":10485760,"nullifierTreeMapSizeKb":10485760,"noteHashTreeMapSizeKb":10485760,"messageTreeMapSizeKb":10485760,"publicDataTreeMapSizeKb":10485760} and 2 threads (ephemeral=true).
[21:46:53.611] INFO: txe_node Aztec Node version: txe
[21:46:53.611] INFO: txe_node Aztec Node started on chain 0x1
[21:46:53.614] INFO: simulator:public-processor Processed 1 successful txs and 0 failed txs (0 silently skipped, 0ms wasted) in 0.01893549999999959s {"blockNumber":4,"successfulCount":1,"failedCount":0,"duration":0.01893549999999959,"rate":20435319.901772246,"totalPublicGas":{"daGas":192,"l2Gas":386953},"totalBlockGas":{"daGas":192,"l2Gas":386953},"totalSizeInBytes":320,"silentlySkippedCount":0,"silentlySkippedDurationMs":0}
[21:46:53.628] INFO: txe:top_level_context Created block 1 with timestamp 1791492413
[21:46:53.658] INFO: txe:top_level_context Created block 5 with timestamp 1791492413
[21:46:53.681] INFO: txe:top_level_context Created block 2 with timestamp 1791492413
[21:46:53.753] INFO: simulator:public-processor Processed 1 successful txs and 0 failed txs (0 silently skipped, 0ms wasted) in 0.01528437500000291s {"blockNumber":3,"successfulCount":1,"failedCount":0,"duration":0.01528437500000291,"rate":33677137.599666454,"totalPublicGas":{"daGas":768,"l2Gas":514734},"totalBlockGas":{"daGas":768,"l2Gas":514734},"totalSizeInBytes":896,"silentlySkippedCount":0,"silentlySkippedDurationMs":0}
[21:46:53.820] INFO: simulator:public-processor Processed 1 successful txs and 0 failed txs (0 silently skipped, 0ms wasted) in 0.017853500000001077s {"blockNumber":4,"successfulCount":1,"failedCount":0,"duration":0.017853500000001077,"rate":21673789.453047115,"totalPublicGas":{"daGas":192,"l2Gas":386953},"totalBlockGas":{"daGas":192,"l2Gas":386953},"totalSizeInBytes":320,"silentlySkippedCount":0,"silentlySkippedDurationMs":0}
[21:46:53.848] INFO: simulator:public-processor Processed 1 successful txs and 0 failed txs (0 silently skipped, 0ms wasted) in 0.006697792000002665s {"blockNumber":6,"successfulCount":1,"failedCount":0,"duration":0.006697792000002665,"rate":5905080.360809094,"totalPublicGas":{"daGas":64,"l2Gas":39551},"totalBlockGas":{"daGas":224,"l2Gas":661151},"totalSizeInBytes":224,"silentlySkippedCount":0,"silentlySkippedDurationMs":0}
[21:46:53.861] INFO: txe:top_level_context Created block 5 with timestamp 1791492413
[21:46:53.909] INFO: simulator:public-processor Processed 1 successful txs and 0 failed txs (0 silently skipped, 0ms wasted) in 0.016717124999999215s {"blockNumber":7,"successfulCount":1,"failedCount":0,"duration":0.016717124999999215,"rate":9024817.365426596,"totalPublicGas":{"daGas":256,"l2Gas":150869},"totalBlockGas":{"daGas":256,"l2Gas":150869},"totalSizeInBytes":384,"silentlySkippedCount":0,"silentlySkippedDurationMs":0}
[21:46:53.959] INFO: simulator:public-processor Processed 1 successful txs and 0 failed txs (0 silently skipped, 0ms wasted) in 0.010360207999998238s {"blockNumber":8,"successfulCount":1,"failedCount":0,"duration":0.010360207999998238,"rate":7546277.063164494,"totalPublicGas":{"daGas":128,"l2Gas":78181},"totalBlockGas":{"daGas":128,"l2Gas":78181},"totalSizeInBytes":256,"silentlySkippedCount":0,"silentlySkippedDurationMs":0}
[21:46:54.019] INFO: simulator:public-processor Processed 1 successful txs and 0 failed txs (0 silently skipped, 0ms wasted) in 0.021385665999998308s {"blockNumber":9,"successfulCount":1,"failedCount":0,"duration":0.021385665999998308,"rate":5796405.872980987,"totalPublicGas":{"daGas":192,"l2Gas":123960},"totalBlockGas":{"daGas":192,"l2Gas":123960},"totalSizeInBytes":320,"silentlySkippedCount":0,"silentlySkippedDurationMs":0}
[21:46:54.056] INFO: simulator:public-processor Processed 1 successful txs and 0 failed txs (0 silently skipped, 0ms wasted) in 0.006619500000000699s {"blockNumber":6,"successfulCount":1,"failedCount":0,"duration":0.006619500000000699,"rate":5974922.5772333,"totalPublicGas":{"daGas":64,"l2Gas":39551},"totalBlockGas":{"daGas":224,"l2Gas":661151},"totalSizeInBytes":224,"silentlySkippedCount":0,"silentlySkippedDurationMs":0}
[21:46:54.069] INFO: simulator:public-processor Processed 1 successful txs and 0 failed txs (0 silently skipped, 0ms wasted) in 0.006146583999998257s {"blockNumber":10,"successfulCount":1,"failedCount":0,"duration":0.006146583999998257,"rate":1692159.4173288692,"totalPublicGas":{"daGas":0,"l2Gas":10401},"totalBlockGas":{"daGas":0,"l2Gas":10401},"totalSizeInBytes":128,"silentlySkippedCount":0,"silentlySkippedDurationMs":0}
[21:46:54.072] WARN: txe:top_level_context Could not find function artifact in contract PluginAdapter for function '0x0acdc6f8' when enriching error callstack
[21:46:54.103] INFO: simulator:public-processor Processed 1 successful txs and 0 failed txs (0 silently skipped, 0ms wasted) in 0.008685959000002186s {"blockNumber":7,"successfulCount":1,"failedCount":0,"duration":0.008685959000002186,"rate":17369296.815695543,"totalPublicGas":{"daGas":256,"l2Gas":150869},"totalBlockGas":{"daGas":256,"l2Gas":150869},"totalSizeInBytes":384,"silentlySkippedCount":0,"silentlySkippedDurationMs":0}
[21:46:54.146] INFO: simulator:public-processor Processed 1 successful txs and 0 failed txs (0 silently skipped, 0ms wasted) in 0.007186958999998751s {"blockNumber":8,"successfulCount":1,"failedCount":0,"duration":0.007186958999998751,"rate":10878175.317267511,"totalPublicGas":{"daGas":128,"l2Gas":78181},"totalBlockGas":{"daGas":128,"l2Gas":78181},"totalSizeInBytes":256,"silentlySkippedCount":0,"silentlySkippedDurationMs":0}
[21:46:54.191] INFO: simulator:public-processor Processed 1 successful txs and 0 failed txs (0 silently skipped, 0ms wasted) in 0.00810979099999895s {"blockNumber":9,"successfulCount":1,"failedCount":0,"duration":0.00810979099999895,"rate":15285227.449143393,"totalPublicGas":{"daGas":192,"l2Gas":123960},"totalBlockGas":{"daGas":192,"l2Gas":123960},"totalSizeInBytes":320,"silentlySkippedCount":0,"silentlySkippedDurationMs":0}
[21:46:54.234] INFO: simulator:public-processor Processed 1 successful txs and 0 failed txs (0 silently skipped, 0ms wasted) in 0.006774540999998862s {"blockNumber":10,"successfulCount":1,"failedCount":0,"duration":0.006774540999998862,"rate":6978923.000098153,"totalPublicGas":{"daGas":64,"l2Gas":47279},"totalBlockGas":{"daGas":64,"l2Gas":47279},"totalSizeInBytes":192,"silentlySkippedCount":0,"silentlySkippedDurationMs":0}
[21:46:54.277] INFO: simulator:public-processor Processed 1 successful txs and 0 failed txs (0 silently skipped, 0ms wasted) in 0.0065522920000003065s {"blockNumber":11,"successfulCount":1,"failedCount":0,"duration":0.0065522920000003065,"rate":3406899.448315026,"totalPublicGas":{"daGas":0,"l2Gas":22323},"totalBlockGas":{"daGas":0,"l2Gas":22323},"totalSizeInBytes":128,"silentlySkippedCount":0,"silentlySkippedDurationMs":0}
[21:46:54.296] INFO: txe:top_level_context Created block 11 with timestamp 1791578814
[21:46:54.330] INFO: simulator:public-processor Processed 1 successful txs and 0 failed txs (0 silently skipped, 0ms wasted) in 0.00858991700000115s {"blockNumber":12,"successfulCount":1,"failedCount":0,"duration":0.00858991700000115,"rate":14057877.392759886,"totalPublicGas":{"daGas":192,"l2Gas":120756},"totalBlockGas":{"daGas":192,"l2Gas":120756},"totalSizeInBytes":320,"silentlySkippedCount":0,"silentlySkippedDurationMs":0}
[21:46:54.372] INFO: simulator:public-processor Processed 1 successful txs and 0 failed txs (0 silently skipped, 0ms wasted) in 0.0060033750000002325s {"blockNumber":13,"successfulCount":1,"failedCount":0,"duration":0.0060033750000002325,"rate":1680054.9690798274,"totalPublicGas":{"daGas":0,"l2Gas":10086},"totalBlockGas":{"daGas":0,"l2Gas":10086},"totalSizeInBytes":128,"silentlySkippedCount":0,"silentlySkippedDurationMs":0}
[plugin_adapter] Testing tests::escrow_uncertain_failure_retains_reserve_until_expiry ... [0m[32mok[0m
[21:46:56.387] INFO: kv-store:lmdb-v2 Starting data store with maxReaders 2
[21:46:56.387] INFO: world-state:database Creating world state data store at directory /var/folders/ym/q1vh2x5n58xbsmpmvs5_6w3r0000gn/T/aztec-world-state-FrlqmQ/world_state with map sizes {"archiveTreeMapSizeKb":10485760,"nullifierTreeMapSizeKb":10485760,"noteHashTreeMapSizeKb":10485760,"messageTreeMapSizeKb":10485760,"publicDataTreeMapSizeKb":10485760} and 2 threads (ephemeral=true).
[21:46:56.400] INFO: txe_node Aztec Node version: txe
[21:46:56.400] INFO: txe_node Aztec Node started on chain 0x1
[21:46:56.417] INFO: txe:top_level_context Created block 1 with timestamp 1791492416
[21:46:56.466] INFO: txe:top_level_context Created block 2 with timestamp 1791492416
[21:46:56.516] INFO: simulator:public-processor Processed 1 successful txs and 0 failed txs (0 silently skipped, 0ms wasted) in 0.01386920800000371s {"blockNumber":3,"successfulCount":1,"failedCount":0,"duration":0.01386920800000371,"rate":37113438.633255936,"totalPublicGas":{"daGas":768,"l2Gas":514734},"totalBlockGas":{"daGas":768,"l2Gas":514734},"totalSizeInBytes":896,"silentlySkippedCount":0,"silentlySkippedDurationMs":0}
[21:46:56.564] INFO: simulator:public-processor Processed 1 successful txs and 0 failed txs (0 silently skipped, 0ms wasted) in 0.011030458999994153s {"blockNumber":4,"successfulCount":1,"failedCount":0,"duration":0.011030458999994153,"rate":35080407.805351086,"totalPublicGas":{"daGas":192,"l2Gas":386953},"totalBlockGas":{"daGas":192,"l2Gas":386953},"totalSizeInBytes":320,"silentlySkippedCount":0,"silentlySkippedDurationMs":0}
[21:46:56.604] INFO: txe:top_level_context Created block 5 with timestamp 1791492416
[21:46:56.697] INFO: kv-store:lmdb-v2 Starting data store with maxReaders 2
[21:46:56.698] INFO: world-state:database Creating world state data store at directory /var/folders/ym/q1vh2x5n58xbsmpmvs5_6w3r0000gn/T/aztec-world-state-i81ZUv/world_state with map sizes {"archiveTreeMapSizeKb":10485760,"nullifierTreeMapSizeKb":10485760,"noteHashTreeMapSizeKb":10485760,"messageTreeMapSizeKb":10485760,"publicDataTreeMapSizeKb":10485760} and 2 threads (ephemeral=true).
[21:46:56.711] INFO: txe_node Aztec Node version: txe
[21:46:56.711] INFO: txe_node Aztec Node started on chain 0x1
[21:46:56.738] INFO: txe:top_level_context Created block 1 with timestamp 1791492416
[21:46:56.791] INFO: simulator:public-processor Processed 1 successful txs and 0 failed txs (0 silently skipped, 0ms wasted) in 0.010179292000000714s {"blockNumber":6,"successfulCount":1,"failedCount":0,"duration":0.010179292000000714,"rate":3885437.2190126018,"totalPublicGas":{"daGas":64,"l2Gas":39551},"totalBlockGas":{"daGas":224,"l2Gas":661151},"totalSizeInBytes":224,"silentlySkippedCount":0,"silentlySkippedDurationMs":0}
[21:46:56.811] INFO: txe:top_level_context Created block 2 with timestamp 1791492416
[21:46:56.838] INFO: simulator:public-processor Processed 1 successful txs and 0 failed txs (0 silently skipped, 0ms wasted) in 0.00956133299999783s {"blockNumber":7,"successfulCount":1,"failedCount":0,"duration":0.00956133299999783,"rate":15779075.99285939,"totalPublicGas":{"daGas":256,"l2Gas":150869},"totalBlockGas":{"daGas":256,"l2Gas":150869},"totalSizeInBytes":384,"silentlySkippedCount":0,"silentlySkippedDurationMs":0}
[21:46:56.869] INFO: simulator:public-processor Processed 1 successful txs and 0 failed txs (0 silently skipped, 0ms wasted) in 0.014138082999998004s {"blockNumber":3,"successfulCount":1,"failedCount":0,"duration":0.014138082999998004,"rate":36407623.29660058,"totalPublicGas":{"daGas":768,"l2Gas":514734},"totalBlockGas":{"daGas":768,"l2Gas":514734},"totalSizeInBytes":896,"silentlySkippedCount":0,"silentlySkippedDurationMs":0}
[21:46:56.889] INFO: simulator:public-processor Processed 1 successful txs and 0 failed txs (0 silently skipped, 0ms wasted) in 0.007636832999996841s {"blockNumber":8,"successfulCount":1,"failedCount":0,"duration":0.007636832999996841,"rate":10237358.863292197,"totalPublicGas":{"daGas":128,"l2Gas":78181},"totalBlockGas":{"daGas":128,"l2Gas":78181},"totalSizeInBytes":256,"silentlySkippedCount":0,"silentlySkippedDurationMs":0}
[21:46:56.919] INFO: simulator:public-processor Processed 1 successful txs and 0 failed txs (0 silently skipped, 0ms wasted) in 0.010982833000001847s {"blockNumber":4,"successfulCount":1,"failedCount":0,"duration":0.010982833000001847,"rate":35232530.623012744,"totalPublicGas":{"daGas":192,"l2Gas":386953},"totalBlockGas":{"daGas":192,"l2Gas":386953},"totalSizeInBytes":320,"silentlySkippedCount":0,"silentlySkippedDurationMs":0}
[21:46:56.945] INFO: simulator:public-processor Processed 1 successful txs and 0 failed txs (0 silently skipped, 0ms wasted) in 0.00649958300000435s {"blockNumber":9,"successfulCount":1,"failedCount":0,"duration":0.00649958300000435,"rate":2245528.6746842423,"totalPublicGas":{"daGas":0,"l2Gas":14595},"totalBlockGas":{"daGas":0,"l2Gas":14595},"totalSizeInBytes":128,"silentlySkippedCount":0,"silentlySkippedDurationMs":0}
[21:46:56.948] WARN: txe:top_level_context Could not find function artifact in contract PluginAdapter for function '0x5cc5d527' when enriching error callstack
[21:46:56.969] INFO: txe:top_level_context Created block 5 with timestamp 1791492416
[plugin_adapter] Testing tests::escrow_unfunded_account_cannot_authorize ... [0m[32mok[0m
[21:46:57.131] INFO: simulator:public-processor Processed 1 successful txs and 0 failed txs (0 silently skipped, 0ms wasted) in 0.0066323330000013815s {"blockNumber":6,"successfulCount":1,"failedCount":0,"duration":0.0066323330000013815,"rate":5963361.610460717,"totalPublicGas":{"daGas":64,"l2Gas":39551},"totalBlockGas":{"daGas":224,"l2Gas":661151},"totalSizeInBytes":224,"silentlySkippedCount":0,"silentlySkippedDurationMs":0}
[21:46:57.176] INFO: simulator:public-processor Processed 1 successful txs and 0 failed txs (0 silently skipped, 0ms wasted) in 0.008385041000001365s {"blockNumber":7,"successfulCount":1,"failedCount":0,"duration":0.008385041000001365,"rate":17992637.12604094,"totalPublicGas":{"daGas":256,"l2Gas":150869},"totalBlockGas":{"daGas":256,"l2Gas":150869},"totalSizeInBytes":384,"silentlySkippedCount":0,"silentlySkippedDurationMs":0}
[21:46:57.220] INFO: simulator:public-processor Processed 1 successful txs and 0 failed txs (0 silently skipped, 0ms wasted) in 0.007124041000002762s {"blockNumber":8,"successfulCount":1,"failedCount":0,"duration":0.007124041000002762,"rate":10974249.025232967,"totalPublicGas":{"daGas":128,"l2Gas":78181},"totalBlockGas":{"daGas":128,"l2Gas":78181},"totalSizeInBytes":256,"silentlySkippedCount":0,"silentlySkippedDurationMs":0}
[21:46:57.262] INFO: simulator:public-processor Processed 1 successful txs and 0 failed txs (0 silently skipped, 0ms wasted) in 0.006003708000003826s {"blockNumber":9,"successfulCount":1,"failedCount":0,"duration":0.006003708000003826,"rate":1733928.4322277775,"totalPublicGas":{"daGas":0,"l2Gas":10410},"totalBlockGas":{"daGas":0,"l2Gas":10410},"totalSizeInBytes":128,"silentlySkippedCount":0,"silentlySkippedDurationMs":0}
[21:46:57.264] WARN: txe:top_level_context Could not find function artifact in contract PluginAdapter for function '0x0acdc6f8' when enriching error callstack
[plugin_adapter] Testing tests::escrow_user_deposits_are_not_operator_earnings ... [0m[32mok[0m
[plugin_adapter] [0m[32m18 tests passed[0m
