✔ withdrawal claim is saved before a debit can be broadcast (27.060167ms)
✔ confirmed claim reconciles a lost response without claiming twice (33.239792ms)
✔ reverted withdrawal clears its intent so available funds can be withdrawn again (6.976917ms)
✔ confirmed Ethereum redemption reconciles a lost response without withdrawing twice (5.729459ms)
✔ proposed claim does not discard its deposit metadata (5.815667ms)
✔ request IDs are canonical fields usable by cancellation; results filter other accounts (3.316375ms)
✔ public redemption waits for finality without creating a submission intent (18.7415ms)
✔ failed redemption gas preflight does not poison the saved withdrawal (6.23425ms)
✔ failed deposit gas preflight leaves funding retryable after approval (11.647083ms)
✔ plugin mutations initialize the scoped wallet and send only the measured fee payload (7.113333ms)
✔ failed plugin estimation cannot prepare a journal or send a transaction (4.528125ms)
✔ pending journal blocks plugin deposit before any external payment (0.278833ms)
✔ pending journal blocks plugin withdraw before any external payment (0.173833ms)
✔ pending journal blocks plugin cancel before any external payment (0.166125ms)
✔ pending journal blocks plugin release before any external payment (0.135458ms)
✔ reconciled plugin hash crosses the application boundary for acknowledgment (0.196292ms)
✔ changed account stops plugin resolution before requesting a signer (0.178667ms)
✔ only a model option immediately after @bok selects a model (1.368458ms)
✔ invalid and ambiguous selections return a board reply without running the agent (0.300625ms)
✔ service composition keeps the chosen model through tool turns and isolates simultaneous requests (0.928708ms)
✔ unknown or incompatible models produce a reply before any provider spending (0.312167ms)
✔ unrelated provider failures remain visible (0.346375ms)
✔ authenticated reply labels and censor flags roll back with their public events (3.962292ms)
✔ PR publication preserves commit, files and complete invocation identity: 0x123 (114.307292ms)
✔ PR publication preserves commit, files and complete invocation identity: 291 (65.004542ms)
✔ PR publication preserves commit, files and complete invocation identity: 1291 (11.574792ms)
✔ failed GitHub initialization removes its fresh checkout (6.25325ms)
✔ PR reads retain changed files inside the agent budget despite large GitHub metadata (17.811916ms)
✔ prices use integer arithmetic; call fits verified balance including input (1.225375ms)
✔ no provider spending before reservation and confirmation (0.355833ms)
✔ uncertain call retains commitment and cannot be retried (1.156875ms)
✔ final measured charge and reply settle together; unused reservation stays available only after settlement (51.185ms)
✔ reservation also bounds a cached-input rate above the normal rate (0.700458ms)
✔ known charged failure settles before close, uncertain outcome closes without refunding (0.747292ms)
✔ insufficient balance reports the exact minimum without claiming it is the actual charge (0.194708ms)
✔ all model calls share one finalized reservation and spend only its remaining amount (0.395209ms)
✔ quote and readiness are refreshed after finality before provider spending (0.226083ms)
✔ an uncertain later call retains the whole reservation without replay or partial refund (0.398541ms)
✔ fresh agent uses tool output and always closes the checkout (0.996042ms)
✔ saved signed transaction is reused after interruption before broadcast (1.381916ms)
✔ public portal operations require finalized successful source even when a witness is available (2.526625ms)
✔ mention grammar and UTF8 encoding preserve paid bytes (19.8235ms)
✔ board-pinned descriptor rejects destination changes (24.791708ms)
✔ proving is disabled only by explicit local node configuration (0.341917ms)
✔ disabling invocation does not block access to an existing plugin account (61.45175ms)
✔ verified pinned descriptors remain usable offline and reject corrupted cached destinations (3.3835ms)
✔ unavailable browser storage cannot prevent a verified descriptor fetch (0.967584ms)
✔ operator preflight failure prevents quoting an executable paid request (1.601666ms)
✔ reasoning cap, disabled billable extras and measured usage are preserved (0.844917ms)
✔ concurrent low-credit quotes share one replenishment and recheck credits (24.08875ms)
✔ only unreserved active requests can cancel and expired calls can release (3.637458ms)
✔ closed failure is never reported as successful reply (0.487916ms)
✔ on-chain invocation must be finalized before starting; restart skips claimed work (185.768167ms)
✔ health reports a failed job without exposing its private error detail (72.945542ms)
✔ independent users run concurrently, while a new deposit can fund overlapping work for the same account (12.379334ms)
✔ transient start failure is reconsidered, but started executions never replay (39.419958ms)
✔ transient reads cannot lose a previously deferred invocation (12.935583ms)
✔ concurrency stays bounded and shutdown drains active work without starting queued work (58.541333ms)
✔ health clears a recovered polling failure without waiting for a new job (36.339375ms)
✔ Circle source intent and destination mint prove exact received USDC and fee (21.397459ms)
✔ source route, recipient, token, amount and forwarding hook are bound to intent (50.701833ms)
✔ unrelated mint, excessive fee, fast finality, revert and ambiguous receipts never complete treasury transfer (57.037584ms)
✔ forwarding quote obeys fixed treasury fee ceiling and rejects unknown fee schedules (0.327125ms)
✔ identical transfers cannot substitute a different received nonce (2.290083ms)
✔ destination receipt must be finalized and canonical (1.116916ms)
✔ wallet auth binds each signature to its resource with a fresh nonce; secrets never enter the body (182.199625ms)
✔ real signer authorizes exactly the quoted Base USDC amount and recipient (1141.345ms)
✔ reject payment quote: wrong chain (0.659959ms)
✔ reject payment quote: wrong token (0.29825ms)
✔ reject payment quote: over limit (0.336333ms)
✔ reject payment quote: zero amount (0.228125ms)
✔ reject payment quote: invalid recipient (0.437958ms)
✔ uncertain settlement cannot trigger another payment (5.689292ms)
✔ funding then model tool calls share the real HTTP adapter and preserve tool messages (8.704ms)
✔ missing usage stops the model; disabled funding never buys credits (0.351208ms)
✔ a model failure is not retried or followed by additional funding (0.182083ms)
✔ browser CRS requests return exact bounded ranges, with invalid ranges rejected (131.010125ms)
✔ interface hides SDK objects and owns acknowledgements and withdrawal state (5.632667ms)
✔ failed operations do not acknowledge a new transaction (23.079125ms)
✔ public feed remains readable after wallet disconnect (2.117208ms)
✔ reads expose deposit values and chain time without a node or contract (6.462209ms)
✔ account and application modules do not read DOM; transaction pages do not use private handles (7.5085ms)
✔ public JSDoc interfaces typecheck with the lockfile compiler (1675.495ms)
✔ an operation completed after a configuration change cannot acknowledge its result (3.699833ms)
✔ deployment settings export uses the captured manifest, never a later edited one (1.573291ms)
✔ funding completes zero_balance_need_deposit without a second UI action (1.652709ms)
✔ funding completes deposited_l1_not_claimed_l2 without a second UI action (1.801708ms)
✔ funding completes postable without a second UI action (1.265459ms)
✔ duplicate funding requests share one operation and a failed claim never sends another deposit (1.863667ms)
✔ configuration change after payment stops automatic continuation (1.909709ms)
✔ progress callback cannot switch the board before claim starts (3.26425ms)
✔ progress subscribers cannot interrupt transactions or receive private inputs (1.329875ms)
✔ a proving preference change only affects a future operation (0.96175ms)
✔ another workflow cannot break ownership of an active onboarding operation (0.963458ms)
✔ message validation rejects oversized UTF-8 before reaching the engine (0.843875ms)
✔ a board without a remote endpoint reports the actual local mode (0.993792ms)
✔ operation receipts whitelist public results and preserve the failed phase (0.883ms)
✔ fee funding application sequence: fresh (1.24275ms)
✔ fee funding application sequence: consumed (0.938333ms)
✔ fee funding application sequence: pending (0.725125ms)
✔ fee funding application sequence: resume-missing (0.995875ms)
✔ Activity acknowledges only canonical outcomes from its journal interface (2.107125ms)
✔ explicit onboarding Resume recovers its fee scope and original reviewed deposit amount (1.355875ms)
✔ guided deployment prepares a validated, scoped manifest without sending transactions (5.550042ms)
✔ moderator recovery review is invalidated by a newer review or configuration change (1.90125ms)
✔ withdrawal keeps one owner across settlement and passes the reviewed fee budget (1.529166ms)
✔ pausing settlement preserves the withdrawal and never requests another refund (1.040541ms)
✔ gas quote estimates the selected deposit without signing and disposes stale reads (5.58275ms)
✔ standalone fee balance uses a read operation without replacing completed progress (0.821167ms)
✔ Ethereum refund recovery returns its verified receipt without restarting onboarding (1.346417ms)
✔ top-up retains ownership through balance refresh and cannot start a second payment (1.114875ms)
✔ balance unavailability does not reclassify a confirmed top-up as failed (1.323583ms)
✔ author balance read normalizes the raw contract ABI at the SDK boundary (30.052416ms)
✔ resuming an already confirmed post preserves its public identity and actual fee (2.060292ms)
✔ failure before a new proof cannot silently recover an older confirmed post instead (1.242292ms)
✔ deployment records survive continuation without crossing manifests: active (1.127958ms)
✔ deployment records survive continuation without crossing manifests: pending-settlement (0.756958ms)
✔ a freshly reviewed deployment can replace damaged public deployment settings (0.704584ms)
✔ restored settlement gives priority to an uncertain Ethereum refund (1.035875ms)
✔ posting adapter connects portable plugin APIs without exposing private handles (1.627625ms)
✔ plugin account shares the operation lock and captures proving before asynchronous work (1.02ms)
✔ matching synthetic artifacts and recorded sources pass (32.067458ms)
✔ stale deploy Noir copy is rejected (22.897583ms)
✔ stale censor Noir copy is rejected (19.218708ms)
✔ missing verification key is rejected even when all consumer copies agree (21.350708ms)
✔ empty private function set is rejected even when all consumer copies agree (13.249958ms)
✔ only public functions is rejected even when all consumer copies agree (17.545166ms)
✔ untranspiled artifact is rejected even when all consumer copies agree (22.4045ms)
✔ truthy non-boolean transpilation marker is rejected even when all consumer copies agree (22.32825ms)
✔ stale portal bytecode is rejected: apps/src/billboard/portal_bytecode.txt (21.237584ms)
✔ stale portal bytecode is rejected: apps/src/billboard/deploy/portal_bytecode.txt (67.376583ms)
✔ portal source drift is rejected by embedded compiler provenance (29.307875ms)
✔ missing Solidity source provenance is rejected (18.922458ms)
✔ string-encoded Solidity metadata remains supported (71.231916ms)
✔ Noir source drift requires a rebuild (21.9195ms)
✔ Noir dependency declaration drift requires a rebuild (21.56025ms)
✔ root dependency lock drift requires a rebuild (23.345167ms)
✔ portal dependency lock drift requires a rebuild (22.365042ms)
✔ compiler configuration drift requires a rebuild (74.331667ms)
✔ toolchain pins drift requires a rebuild (22.990917ms)
✔ contract builder drift requires a rebuild (20.773541ms)
✔ Noir debug-path normalizer drift requires a rebuild (36.756917ms)
✔ Noir dependency verifier drift requires a rebuild (24.43175ms)
✔ Noir dependency pins drift requires a rebuild (25.717ms)
✔ new Noir source omitted from the old manifest requires a rebuild (26.154291ms)
✔ contract manifest input hash tampering is rejected (22.906292ms)
✔ contract manifest noir hash tampering is rejected (25.342125ms)
✔ contract manifest portal hash tampering is rejected (34.197125ms)
✔ contract manifest pluginAdapter hash tampering is rejected (44.229792ms)
✔ contract manifest pluginPortal hash tampering is rejected (31.330792ms)
✔ synchronized altered Noir artifacts still fail the recorded build hash (27.1565ms)
✔ synchronized altered portal bytecode still fails the recorded build hash (30.52775ms)
✔ privateFee key, extra route and stale content fail closed (28.41475ms)
✔ refund completion must remain restricted to the fee contract (27.195375ms)
✔ plugin artifact drift is rejected: plugins/adapter_artifact.json (74.588292ms)
✔ plugin artifact drift is rejected: billboard/portal/out/PluginPortal.sol/PluginPortal.json (23.738709ms)
✔ plugin claim cannot lose its verification key even with a refreshed manifest (33.010917ms)
✔ plugin portal source must match compiler provenance (18.9515ms)
▶ local Ethereum receipt accounting and controlled mining
  ✔ capped EIP-1559 receipt fee equals actual balance debit (278.006042ms)
✔ local Ethereum receipt accounting and controlled mining (7096.474792ms)
✔ mined-clock synchronization prevents accumulated drift across a long proof batch (10.06275ms)
✔ browser actual module persists ciphertext and interoperates with Node AES-GCM (55.772834ms)
✔ browser actual custody rejects wrong wallet, ciphertext corruption and moved scope (36.946ms)
✔ browser save observes transaction abort and never reports durable success (10.853ms)
✔ actual engine codec matches frozen claim, boundary and exit commitments (15.050917ms)
✔ actual public deposit flow saves and reads back before send; returns bridge message index without secret (105.501458ms)
✔ actual deposit flow fails closed for missing store, failed durability and disabled portal (28.305875ms)
✔ actual deposit flow fails closed for mismatched read-back and existing receipt (9.703292ms)
✔ actual recovery rejects inconsistent deposit metadata and requires its saved secret (18.596541ms)
✔ wiped claim storage reports missing secret and cannot send another payment (3.969916ms)
✔ normal author calls carry only private payment method and bootstrap claim is consumed once (15.462875ms)
✔ unknown submission is preserved without retry and private errors are redacted (30.557208ms)
✔ missing private fee configuration fails before account work for every private action (3.815833ms)
✔ actual wallet preserves a fixed fee budget and account scope/tag (70.37525ms)
✔ actual main claim uses standard author call with private fee payment (59.943041ms)
✔ actual main post uses standard author call with private fee payment (62.235958ms)
✔ actual main post dummy uses standard author call with private fee payment (5.393583ms)
✔ actual main withdraw uses standard author call with private fee payment (3.617417ms)
✔ moderator calls use their normal account with private fee payment (2.350458ms)
✔ inherited object names never select an application method (0.748125ms)
✔ actual main private post works with no Ethereum signer (2.218167ms)
✔ actual main fails before PXE when RPC identity changed after CLI preflight (1.202ms)
✔ settlement pending returns after one witness lookup, without ninety-minute polling (2.668125ms)
✔ witness RPC failure remains unknown, never a false unclaimed or paid result (1.870708ms)
✔ consumed/error text is not evidence of a refund: false (46.30075ms)
✔ consumed/error text is not evidence of a refund: true (7.659333ms)
✔ actual main refuses a private send when durable journal is unavailable (1.531875ms)
✔ actual main recovery avoids proving and Ethereum signing and reports revert distinctly (3.404417ms)
✔ Ethereum recovery handles already refunded receipts before checking active deposit (4.714375ms)
✔ actual moderator declare-immoral uses the active wallet's durable journal (2.9025ms)
✔ actual moderator declare-immoral refuses an unresolved previous transaction before preparing a fee (1.367709ms)
✔ actual moderator set-moderation-policy uses the active wallet's durable journal (3.926167ms)
✔ actual moderator set-moderation-policy refuses an unresolved previous transaction before preparing a fee (1.347833ms)
✔ actual moderator transfer-censor uses the active wallet's durable journal (6.5815ms)
✔ actual moderator transfer-censor refuses an unresolved previous transaction before preparing a fee (2.448458ms)
✔ moderator wallet cannot bypass journal ownership by supplying a second key (1.579792ms)
✔ moderator recovery success distinguishes an already completed identical transfer from a failed one (21.334209ms)
✔ moderator recovery reverted distinguishes an already completed identical transfer from a failed one (1.813958ms)
✔ moderator recovery with unknown outcome cannot prepare another private fee payment (1.258917ms)
✔ actual recovery dispatcher restores saved message, nonce and plugin: false (11.18725ms)
✔ actual recovery dispatcher restores saved message, nonce and plugin: true (3.185334ms)
✔ already published stable identity blocks a replacement before fee preparation (1.779667ms)
✔ recovery cannot silently regenerate a dummy operation (1.172375ms)
✔ recovery cannot silently regenerate a withdraw operation (5.088209ms)
✔ recovery cannot silently regenerate a claim operation (2.160583ms)
✔ claim  records its own operation rather than stale real-post metadata (12.587ms)
✔ post dummy records its own operation rather than stale real-post metadata (6.352042ms)
✔ withdraw  records its own operation rather than stale real-post metadata (16.255625ms)
✔ missing withdrawal note never proves success when history contains no exit (13.432041ms)
✔ missing withdrawal note never proves success when history is unavailable (1.64ms)
✔ missing withdrawal note requires saved transaction recovery even if matching exit content exists (1.825875ms)
✔ missing withdrawal note cannot recover a reverted exit (1.570417ms)
✔ an exit for another selected deposit cannot complete withdrawal (1.828792ms)
✔ withdrawal recovery without original claim custody cannot guess deposit ownership (1.61425ms)
✔ missing withdrawal note rejects without scanning history or looking up a claim secret (1.193917ms)
✔ saved dummy requires the same source screening sequence (unchanged) (4.286ms)
✔ saved dummy requires the same source screening sequence (changed) (1.868167ms)
✔ saved withdraw requires the same source screening sequence (unchanged) (1.808291ms)
✔ saved withdraw requires the same source screening sequence (changed) (1.489ms)
✔ actual wallet passes attributed application spend to the durable journal before submission (396.6875ms)
✔ successful retried screening releases its step guard before the following withdrawal (5.493833ms)
✔ stale claim restores exact original receipt and claim identity without depositing again (4.463708ms)
✔ stale claim rejects changed messageKey before another fee payment (2.313458ms)
✔ stale claim rejects changed amount before another fee payment (2.211875ms)
✔ stale claim rejects changed leafIndex before another fee payment (2.098125ms)
✔ stale claim rejects changed depositChain before another fee payment (2.421292ms)
✔ stale claim rejects changed secretHash before another fee payment (2.016084ms)
✔ stale claim rejects changed depositor before another fee payment (2.127083ms)
✔ an existing note is not confirmation of an unresolved saved claim transaction (3.9285ms)
✔ failed claim does not enter the former thirty-attempt loop (2.761584ms)
✔ saved claim rejects a replaced active deposit before proving (2.473625ms)
✔ saved claim rejects a block changed during metadata retrieval (1.769042ms)
✔ saved claim metadata timeout cannot prepare fees or proofs (23.621291ms)
✔ explicit recovery restores exact saved transfer-censor arguments (5.265666ms)
✔ explicit recovery restores exact saved set-moderation-policy arguments (5.201ms)
✔ explicit recovery restores exact saved declare-immoral arguments (4.321375ms)
✔ daemon stale transaction reconciliation regenerates the same job (3.188458ms)
✔ daemon stale transaction reconciliation rejects another job (2.766416ms)
✔ saved moderator request cannot spend fees after authority transfers away (2.761833ms)
✔ real preparer failures stop every routed action before proof/send/funding and preserve bootstrap input (228.1665ms)
✔ actual claim readiness rejects absent, failed and wrong-index membership before fees or submission (11.751792ms)
✔ actual claim waits for delayed exact receipt key then prepares fees and submits once (4.633166ms)
✔ node failures are surfaced after one request, before private fee work (1.23975ms)
✔ contract registration failures are surfaced after one attempt (1.292958ms)
✔ cached wallet sync failure stops the next operation before fee preparation (1.726458ms)
✔ simulation failure is not retried and cannot start proving (0.547084ms)
✔ list rejects failed get_censor instead of inventing configuration (1.593ms)
✔ list rejects failed get_k_multiplier instead of inventing configuration (1.252708ms)
✔ list rejects failed get_censor_window instead of inventing configuration (0.97275ms)
✔ list rejects failed get_max_save_up instead of inventing configuration (1.153416ms)
✔ failed board lookup is not classified as an absent deployment (0.777167ms)
✔ failed portal binding read prevents application actions (0.767209ms)
✔ automatic screening propagates a failed state refresh without another attempt (1.52175ms)
✔ list cannot report an unreadable flag as an unflagged post (1.884333ms)
✔ bare reuse cannot turn recovery into a new deposit (0.731791ms)
✔ confirmed claim with failed sync reports confirmation and prevents further actions (3.403583ms)
✔ post reads time from the pinned RPC BlockResponse schema (4.412666ms)
✔ automatic screening rechecks chain cooldown (advancing=true) (4.1565ms)
✔ automatic screening rechecks chain cooldown (advancing=false) (26.146708ms)
✔ accepted claim survives engine restart and changed UI intent through the real encrypted journal (371.283333ms)
✔ accepted dummy survives engine restart and changed UI intent through the real encrypted journal (350.974292ms)
✔ confirmed claim with missing delivered note reports synchronization pending without resubmission (1.870125ms)
✔ actual wallet rejects total-da before proving or submitting (0.583709ms)
✔ actual wallet rejects total-l2 before proving or submitting (0.3525ms)
✔ actual wallet rejects teardown-da before proving or submitting (0.332709ms)
✔ actual wallet rejects teardown-l2 before proving or submitting (0.350416ms)
✔ actual wallet rejects missing-public before proving or submitting (0.319292ms)
✔ actual wallet rejects revert before proving or submitting (0.314667ms)
✔ entirely private simulation needs no public output and still checks gas before proof (0.772666ms)
✔ recovered withdrawal survives status without Ethereum signer and after reconnect (1.773875ms)
✔ zero portal balance preserves the exact withdrawal until verified refund recovery (1.133292ms)
✔ Ethereum refund recovery binds the saved L2 withdrawal: matching (1.846292ms)
✔ Ethereum refund recovery binds the saved L2 withdrawal: older-refund (1.608375ms)
✔ Ethereum refund recovery binds the saved L2 withdrawal: missing-witness (1.18325ms)
✔ Ethereum refund recovery binds the saved L2 withdrawal: rpc-error (1.045583ms)
✔ fee preparation preserves only the recognized low-cap diagnostic (0.426875ms)
✔ fixed fee reservation is revalidated: revert stops before proof (0.586667ms)
✔ fixed fee reservation is revalidated: gas-change stops before proof (0.46525ms)
✔ claim retrieves active metadata after reload without receipts or log scans (2.847ms)
✔ fee readiness preserves only safe classification: PRIVATE_FEE_BALANCE_INSUFFICIENT (0.499834ms)
✔ fee readiness preserves only safe classification: PRIVATE_FEE_CLAIM_INSUFFICIENT (0.371708ms)
✔ fee readiness preserves only safe classification: UNTRUSTED (0.336667ms)
✔ public claim failures keep useful safe classifications across repeated formatting (1.022458ms)
✔ new Ethereum deposit checks fee readiness before secret storage or payment: false (1.2355ms)
✔ new Ethereum deposit checks fee readiness before secret storage or payment: true (1.223709ms)
✔ automatic fee funding reaches board claim with recovered=false (3.168334ms)
✔ automatic fee funding reaches board claim with recovered=true (2.79025ms)
✔ withdrawal preparation cannot start a proof beyond the reviewed step budget (1.122875ms)
✔ withdrawal stops spending when screening does not advance (0.991833ms)
✔ withdrawal waits through the actual moderation deadline before any proof (2.453333ms)
✔ reviewed moderator recovery: confirmed (2.096792ms)
✔ reviewed moderator recovery: stale (1.566708ms)
✔ reviewed moderator recovery: approved (2.261667ms)
✔ reviewed moderator recovery: changed (1.612458ms)
✔ post returns its public message identity and actual fee to the application (1.127791ms)
✔ read-only startup withdrawal reconciliation: current (1.3085ms)
✔ read-only startup withdrawal reconciliation: old-cycle (1.39725ms)
✔ read-only startup withdrawal reconciliation: pending (0.962ms)
✔ read-only startup withdrawal reconciliation: reverted (0.925917ms)
✔ read-only startup withdrawal reconciliation: malformed (0.85925ms)
✔ plugin posting preserves private fee routing and leaves dummy posts unchanged (0.533375ms)
✔ plugin metadata persists after the proof journal and context changes stop broadcast (0.9435ms)
✔ build provenance rejects changed frontend sources paired with old HTML (108.912541ms)
✔ build provenance rejects output changes and removed output (208.479458ms)
✔ source removal and newly discovered app invalidate previous build (156.675417ms)
✔ partial or interrupted builds cannot preserve a valid aggregate manifest (161.3035ms)
✔ mid-build drift and private RPC overrides cannot be certified (198.60775ms)
✔ internal symlinks hash the actual source while escapes and cycles reject (119.040625ms)
✔ obsolete template cannot leave a served HTML page in certified output (105.251458ms)
✔ unexpected top-level and nested HTML reject certification without deletion (147.164291ms)
✔ output symlink escapes and cycles cannot bypass the served HTML inventory (127.049625ms)
✔ plugin source and distributed bundle are bound to frontend provenance (200.506292ms)
✔ explicit invalid board link: garbage (7.187708ms)
✔ explicit invalid board link: https://board.test/user.html (0.690917ms)
✔ explicit invalid board link: javascript:alert(1) (0.581375ms)
✔ explicit invalid board link: https://board.test/#bad (0.919042ms)
✔ unsupported network is different from an invalid link (10.148209ms)
✔ canonical explicit link and ordinary default both resolve the hosted board (0.890291ms)
✔ permanent incompatibility and temporary connectivity expose different next actions (0.588833ms)
✔ invalid explicit moderator link never inherits saved board or initializes wallet (8.6845ms)
✔ moderator without incoming link retains custom-network saved configuration (1.045583ms)
✔ late moderator resolution cannot replace explicitly selected board: false (0.932959ms)
✔ late moderator resolution cannot replace explicitly selected board: true (0.720292ms)
✔ explicit moderator reload preserves selected custom network without hosted fallback (2.17625ms)
✔ navigation config from a different board never overrides an explicit incoming link (0.809083ms)
✔ changing board during session termination cannot reload an obsolete selection (0.695125ms)
✔ explicitly clearing selected board removes its navigation state before reload (1.077208ms)
✔ every bundled native prover matches its platform checksum (209.96675ms)
✔ BB override cannot execute a version-spoofing binary before hash validation (103.328625ms)
✔ all compiler-discovered tests execute exactly once within their package (2.5765ms)
✔ missing, malformed and duplicate listings fail instead of skipping coverage (1.652958ms)
✔ credit below board ceiling funds a real-priced measured reservation (69.447583ms)
✔ allocation respects both priced dimensions [object Object] (6.169958ms)
✔ allocation respects both priced dimensions [object Object] (8.773625ms)
✔ allocation respects both priced dimensions [object Object] (1.488666ms)
✔ only exact expected refund OOG is accepted as the zero-teardown probe (1.07275ms)
✔ an application shortage grows the probe and never returns its incomplete gas as a quote (3.252667ms)
✔ search exhaustion is distinct from insufficient balance and cannot send (4.027625ms)
✔ fragmentation cannot silently trigger another funding payment (9.822542ms)
✔ setup throws and final failures stop before any proof or submission (5.337208ms)
✔ context changes stop measurement before simulation (0.592083ms)
✔ cold claim retains bridge witness and application payload (3.062875ms)
✔ SDK adapter sends zero-priced private measurement only to local PXE, with account scopes (0.416125ms)
✔ SDK adapter retains native public revert gas while strict wallet validation still rejects it (0.319875ms)
✔ native refund out-of-gas spelling is measured, never accepted as a final result (2.125833ms)
✔ refund probe cannot accept wrong-selector native out-of-gas (3.119709ms)
✔ refund probe cannot accept nested native out-of-gas (1.963917ms)
✔ operator ceilings above node limits do not reject a small measured transaction (1.420541ms)
✔ reverted final simulation without optional reason cannot be accepted (3.057416ms)
✔ cold setup out-of-gas fails closed rather than disguising rejection as funding shortage (0.922542ms)
✔ actual wallet preserves the measured proof budget and refuses late reasonless reverts: false (31.64425ms)
✔ actual wallet preserves the measured proof budget and refuses late reasonless reverts: true (3.038583ms)
✔ funding deposits to shared address and passes mandatory recovery callback (5.449583ms)
✔ standalone claim uses standard author entrypoint with only private fee payload, then stops PXE (1.807334ms)
✔ browser recovery storage preserves earlier deposits and refuses conflicting replacements or secrets (2.587666ms)
✔ deposit below claim fee is rejected before requesting L1 funding (0.801084ms)
✔ private fee claim refuses missing or unresolved recovery storage before consuming bridge information (1.483417ms)
✔ private fee success recovery requires no Ethereum signer, bridge claim file or PXE (0.664375ms)
✔ private fee reverted recovery requires no Ethereum signer, bridge claim file or PXE (0.557333ms)
✔ fee Ethereum approved recovery is explicit and does not start an L2 proof (0.618459ms)
✔ fee Ethereum funded recovery is explicit and does not start an L2 proof (0.584ms)
✔ fee Ethereum reverted recovery is explicit and does not start an L2 proof (0.683958ms)
✔ fee Ethereum replaced recovery is explicit and does not start an L2 proof (0.602625ms)
✔ claim persists exact public funding identity before preparation without duplicating secrets (0.84875ms)
✔ stale private fee claim restores saved funding record even when UI holds another deposit (1.513625ms)
✔ BB_SUBMISSION_UNKNOWN does not regenerate private fee claim (2.436541ms)
✔ BB_TRANSACTION_FAILED does not regenerate private fee claim (0.791584ms)
✔ live old claim cannot authorize replacement (0.778667ms)
✔ saved fee claim rejects owner (0.7895ms)
✔ saved fee claim rejects kind (0.645375ms)
✔ saved fee claim rejects unknown-record-key (0.677458ms)
✔ changed canonical message index blocks regenerated claim before proving (0.845292ms)
✔ canonical funding validation failure blocks regenerated claim (0.717792ms)
✔ private fee funding reconciliation has a bounded deadline (5.8345ms)
✔ deposit accepts canonical decimal-string public gas configuration with the real SDK (1.516667ms)
✔ deposit equal to maximum fee is rejected before signer or funding (0.703167ms)
✔ malformed gas is rejected before signer or funding (0.840167ms)
✔ claim failure keeps its internal cause without exposing it in the public message (1.050667ms)
✔ fee claim preserves low-cap diagnostic and displays a safe actionable message (4.570458ms)
✔ read-only fee balance owns and closes its PXE: false (73.064916ms)
✔ read-only fee balance owns and closes its PXE: true (13.826334ms)
✔ a paused fee bridge wait prevents preparation and submission (1.57875ms)
✔ browser fixes real SDK prover options and initializes matching singleton before PXE (5.931625ms)
✔ incompatible cached singleton blocks PXE without replacement (3.945292ms)
✔ browser custom prover and invalid options cannot bypass supported bound (6.392042ms)
✔ Node path preserves explicit native options and custom prover without browser singleton (1.092833ms)
✔ private logging remains silent and initialization failures are redacted (2.277042ms)
✔ async CRS verification must finish before PXE and concurrent requests share its initialization (5.86975ms)
✔ failed CRS validation blocks PXE, denies remote fallback and permits clean retry (1.037875ms)
✔ cached singleton without skipSrsInit is rejected before CRS or PXE (0.686459ms)
✔ verified loader uses only local files, rejects redirects and hashes bytes before initialization (1.063708ms)
✔ browser injects streaming prover using the same simulator and preserves verified proof fields/compression (1.309417ms)
✔ streaming proof failure cannot return a proof (1.673542ms)
✔ remote transport switches on the same PXE without reopening the wallet store (2.1575ms)
✔ devnet toggle-off uses disabled transport and non-devnet cannot disable proofs (0.99175ms)
✔ read-only PXE performs no prover initialization and cannot create a fake proof on testnet (2.066791ms)
✔ full-history index refuses to checkpoint an omitted publication order (8.487416ms)
✔ an index starting from genesis refuses a nonzero first publication order (1.238208ms)
✔ orphaned flag disappears when its page is rolled back (2.781208ms)
✔ different payloads at one canonical event position never commit (1.530416ms)
✔ unavailable historical checkpoint preserves all cached events (1.245792ms)
✔ identical policy can be published repeatedly under the same content version (0.859708ms)
✔ conflicting text cannot reuse a policy content version (0.605208ms)
✔ post without its preceding policy publication cannot enter full-history cache (0.693625ms)
✔ sync deadline covers the aggregate RPC sequence, not each read independently (30.29075ms)
✔ connection reads pinned immutable slots at one block and matches both contract class IDs (63.599125ms)
✔ matching public slots cannot bypass a wrong currentContractClassId (20.682084ms)
✔ matching public slots cannot bypass a wrong originalContractClassId (34.78875ms)
✔ connection rejects conflicting immutable slot 1 (31.009208ms)
✔ connection rejects conflicting immutable slot 3 (34.293083ms)
✔ connection rejects conflicting immutable slot 4 (37.92925ms)
✔ connection rejects conflicting immutable slot 5 (78.676791ms)
✔ restored public cache rejects additional private payload fields (6.577833ms)
✔ policy A then B then A identifies A as the current restored policy (32.596583ms)
✔ restored range rejects duplicate identity disguised by transaction index (1.291125ms)
✔ board link resolves portal and verifies network without visitor configuration (15.736125ms)
✔ board link rejects malformed address before RPC (74.417208ms)
✔ board link rejects unsupported class before reading portal (13.54875ms)
✔ board link rejects unbound portal and mismatched deployment network (63.252375ms)
✔ board link rejects a portal that names another board (16.718916ms)
✔ SDK serialization decodes PolicyPublished to strict public schema (8.202458ms)
✔ SDK serialization decodes PostPublished to strict public schema (0.943584ms)
✔ SDK serialization decodes PostFlagged to strict public schema (0.492ms)
✔ SDK serialization decodes PluginConfigured to strict public schema (0.379542ms)
✔ SDK serialization decodes PluginInvoked to strict public schema (0.257792ms)
✔ SDK serialization decodes PluginReplyLinked to strict public schema (0.264125ms)
✔ wallet-free source verifies network, reads checkpointed head and atomically drains cursor pages (6.707709ms)
✔ same-tag pagination retains every event without duplicates (3.432542ms)
✔ decoder rejects wrong tag (0.703875ms)
✔ decoder rejects extra field (0.379625ms)
✔ decoder rejects wrong schema (0.366083ms)
✔ decoder rejects nonzero message padding (0.351042ms)
✔ decoder rejects oversized message length (1.801666ms)
✔ decoder rejects invalid UTF-8 (0.461208ms)
✔ decoder rejects zero post identity (0.447166ms)
✔ decoder rejects negative position (0.357209ms)
✔ wrong network refuses before reading events (0.64ms)
✔ incomplete atomic range rejects {"maxPages":2} (1.25175ms)
✔ incomplete atomic range rejects {"maxEvents":2} (1.475625ms)
✔ nonadvancing server cursor rejects rather than skipping records (1.843ms)
✔ reorg anchor rejection leaves range incomplete (0.735042ms)
✔ stalled RPC is bounded (5.927917ms)
✔ reversed range bounds fail before RPC (0.839083ms)
✔ precomputed metadata loads raw JSON block data without hashing (1.277625ms)
✔ duplicated or missing precomputed tags fail closed (0.924125ms)
✔ decoder supports raw JSON RPC strings without SDK objects (0.373833ms)
✔ runtime source imports only local modules without SDK or proving assets (0.179542ms)
✔ independent tag queries overlap while retaining the aggregate page budget (3.210583ms)
✔ failed tag stream stops sibling pagination after already-issued reads (1.419125ms)
✔ indexed discovery skips empty history in one multi-tag RPC (3.163875ms)
✔ indexed discovery rejects malformed, oversized and out-of-range results (1.111084ms)
✔ actual raw Noir inventory survives JSON round trip including absent optional metadata (209.869917ms)
✔ missing VK, duplicate functions and malformed encoded bytecode are rejected (79.248625ms)
✔ runtime is labeled a template with immutable references and byte changes invalidate inventory (1.322667ms)
✔ removed assets, source drift and changed verification keys fail complete inventory comparison (51.320417ms)
✔ wire rejects truncation, trailing bytes and mismatched witness lengths (1.452125ms)
✔ disk FIFO executes serially, enforces per-client and byte limits and cleans payloads (66.491042ms)
✔ HTTP board/mode/origin checks and rate limits run before queue admission (47.975292ms)
✔ missing witness drains even a nullifier query whose hashing has not finished (12.136167ms)
✔ failed witness query drains its sibling and preserves the original error (2.129084ms)
✔ existing and already-nullified witness behavior stays intact (1.902375ms)
✔ unmodified SDK reproduces the abandoned query before this repair (9.0825ms)
✔ dependency drift rejects instead of silently applying a stale patch (0.343458ms)
✔ CSP hashes exact inline bodies, handlers and constrains RPC origins (3.377625ms)
✔ static route allowlist excludes private files and rejects symlinks (5.479958ms)
✔ large setup inventory hashes full contents across chunks without whole-file allocation (8.299375ms)
✔ author page plugin bundle is served by the production allowlist (548.997292ms)
✔ full Field wallet salt survives without Number narrowing (4.297208ms)
✔ invalid wallet salt fails closed 9007199254740992 (1.457375ms)
✔ invalid wallet salt fails closed -1 (1.533542ms)
✔ invalid wallet salt fails closed 0x (1.317917ms)
✔ invalid wallet salt fails closed 0001 (1.01775ms)
✔ invalid wallet salt fails closed 0x30644e72e131a029b85045b68181585d2833e84879b9709143e1f593f0000001 (0.864875ms)
✔ public wallet and symlink are rejected without modifying source files (4.916666ms)
✔ network endpoints must be explicit and do not read ambient configuration (1.858583ms)
✔ unsafe RPC endpoint rejects without echoing input (0.324458ms)
✔ unsafe RPC endpoint rejects without echoing input (2.413958ms)
✔ unsafe RPC endpoint rejects without echoing input (0.122625ms)
✔ missing user wallet never loads defaults (0.143583ms)
✔ escrow claim-secret encryption separates accounts sharing a key with different salts (25.820084ms)
✔ explicit independent signing key retains its scalar field and derived default stays absent (5.896917ms)
✔ invalid explicit signing key rejected null (0.761083ms)
✔ invalid explicit signing key rejected bad (0.633041ms)
✔ invalid explicit signing key rejected 0x0000000000000000000000000000000000000000000000000000000000000000 (0.59175ms)
✔ invalid explicit signing key rejected 0x30644e72e131a029b85045b68181585d97816a916871ca8d3c208c16d87cfd47 (0.574917ms)
✔ full Field salt reaches derivation without placing keys in DOM (5.95525ms)
✔ failed derivation does not activate or overwrite secret fields (1.581291ms)
✔ malformed import event emits bounded diagnostics and clears selection (1.4525ms)
✔ signature generation and silent wallet replacement are unavailable (0.782375ms)
✔ final network mismatch prevents activating a signer (1.387792ms)
✔ callback failure invalidates activated session without logging callback diagnostics (0.811083ms)
✔ initial account authorization event permits the matching browser signer (1.409416ms)
✔ preactivation notification does not override final account: different account (0.97225ms)
✔ preactivation notification does not override final account: empty authorization (0.882708ms)
✔ preactivation notification does not override final account: malformed authorization (24.365667ms)
✔ final account read rejects a replacement even without an event (1.09525ms)
✔ same-account notification after connection is not a replacement (0.981125ms)
✔ disconnect during authorization prevents activating a signer (1.122291ms)
✔ transient selection events before activation are reconciled with final provider reads (7.347584ms)
✔ repeated matching authorization notifications permit connection (0.865042ms)
✔ new account requires explicit passkey creation and saves no secret (1.901084ms)
✔ saved metadata unlocks the exact passkey instead of creating (0.947375ms)
✔ cancelled passkey or changed Ethereum context never activates an account (2.65225ms)
✔ invalid saved account null cannot create a replacement (0.764792ms)
✔ invalid saved account false cannot create a replacement (0.649083ms)
✔ invalid saved account 0 cannot create a replacement (0.630542ms)
✔ invalid saved account "" cannot create a replacement (0.662625ms)
✔ invalid saved account [] cannot create a replacement (0.642292ms)
✔ invalid saved account {} cannot create a replacement (0.635209ms)
✔ corrupt metadata fails closed, explicit import repairs it (0.848ms)
✔ absent browser wallet returns an actionable code without opening an account (1.687625ms)
✔ the selected provider owns signing and event invalidation, not the global (0.97725ms)
✔ requested network switch is accepted but unexpected network changes still invalidate (3.923458ms)
✔ rejecting a network switch leaves the session disconnected (1.392917ms)
✔ events from a previously rejected wallet cannot invalidate the newly selected wallet (1.27325ms)
✔ selected wallet identity is shown with its exact authorized account (1.523625ms)
✔ disconnect immediately clears connected status and shows reconnect guidance (2.02525ms)
✔ accountsChanged immediately clears connected status and shows reconnect guidance (0.930625ms)
✔ chainChanged immediately clears connected status and shows reconnect guidance (1.009375ms)
✔ explicit invalidation notifies consumers, including outside wallet events (7.855625ms)
✔ explicit account selection requests fresh permission before activating a signer (0.836708ms)
✔ rejected account selection cannot silently reuse a previously authorized account (0.816541ms)
✔ after passkey cancellation a new connection still requests account selection (0.899583ms)
✔ permission selection can replace an older origin grant before signer activation (0.77175ms)
✔ permission dialog may clear and replace accounts and announce its network before activation (0.689208ms)
✔ disconnect while choosing an account still prevents activating a signer (0.622292ms)
✔ final account validation reads the transport rather than a cached provider result (0.659708ms)
✔ preactivation disconnect followed by reconnect permits a validated session (0.618333ms)
✔ same-chain announcements after activation preserve the session; a changed chain invalidates it (0.607542ms)
✔ existing account choice authenticates instead of creating when browser metadata is missing (0.773458ms)
✔ active application work prevents lock and passkey replacement (0.762708ms)
✔ a throwing rendering listener cannot leave custody busy (0.656916ms)
✔ damaged metadata is typed and the public formatter gives an explicit recovery action (1.330209ms)
✔ invalid raw wallet fields and mismatched address have actionable import errors (1.285834ms)
✔ explicit passkey import cannot replace an active wallet or its saved metadata (0.784833ms)
✔ passkey UI safely reports BB_PASSKEY_UNSUPPORTED (1.127958ms)
✔ passkey UI safely reports BB_PASSKEY_PRF_UNSUPPORTED (0.897708ms)
✔ passkey UI safely reports UNRECOGNIZED (0.868875ms)
✔ lost binding response resumes from encrypted transaction without supplied hash or another binding (66.259083ms)
✔ lost board deployment response resumes original transaction and deploys the board only once (13.074875ms)
✔ unresolved saved binding cannot start another transaction or falsely complete setup (31.527458ms)
✔ missing journal fails closed before any deployment signature and closes PXE (2.000291ms)
✔ definitively stale deploy proof regenerates only the same deployment operation (19.222125ms)
✔ definitively stale binding proof regenerates only the same deployment operation (19.026875ms)
✔ stale binding cannot silently accept another binding that appeared meanwhile (9.60875ms)
✔ stale binding cannot redeploy a missing original Ethereum portal (10.377ms)
✔ stale board deployment cannot silently accept a board that appeared meanwhile (7.189541ms)
✔ deployment preflight rejects missing manifest before any transaction (1.418625ms)
✔ deployment preflight rejects Aztec actor before any transaction (1.567708ms)
✔ deployment preflight rejects Ethereum actor before any transaction (1.41725ms)
✔ deployment preflight rejects chain before any transaction (1.208875ms)
✔ deployment preflight rejects bridge before any transaction (1.632584ms)
✔ deployment preflight rejects artifact before any transaction (0.993542ms)
✔ existing deployment rejects runtime mismatch before binding (5.715625ms)
✔ existing deployment rejects inbox mismatch before binding (7.391916ms)
✔ existing deployment rejects outbox mismatch before binding (4.67075ms)
✔ existing deployment rejects policy mismatch before binding (2.650333ms)
✔ existing deployment rejects censor mismatch before binding (2.963084ms)
✔ owned preflight provider is disposed even before wallet/PXE startup (1.693417ms)
✔ external browser provider is not disposed (8.132708ms)
✔ deployed originalContractClassId mismatch blocks binding (2.662292ms)
✔ deployed currentContractClassId mismatch blocks binding (2.243291ms)
✔ critical is_portal_set read is bounded (22.625625ms)
✔ critical get_config_hash read is bounded (23.428459ms)
✔ critical get_portal read is bounded (23.882625ms)
✔ malformed portal binding boolean null fails closed (3.256917ms)
✔ malformed portal binding boolean undefined fails closed (2.691167ms)
✔ malformed portal binding boolean 0 fails closed (4.414875ms)
✔ malformed portal binding boolean "false" fails closed (2.492167ms)
✔ malformed portal binding boolean {} fails closed (2.249084ms)
✔ preactivation deposit state is bounded and malformed value fails (32.091792ms)
✔ deployment initialization exposes typed preparation and synchronization progress (9.222375ms)
✔ password encryption roundtrips full salt and scoped claims without exposing plaintext (335.339959ms)
✔ wrong passwords, ciphertext edits and parameter edits fail closed (227.968042ms)
✔ optional wallet/network isolation rejects mismatch while all-network backup preserves scopes (1.038416ms)
✔ wallet parsing preserves large salt and rejects unsafe numeric or field overflow (0.546375ms)
✔ claim export selects this wallet and roundtrips all original network scopes offline (11.010667ms)
✔ bulk restore is idempotent and conflicting records cannot partially restore (2.816042ms)
✔ different wallet accounts can hold the same scope independently (3.40075ms)
✔ a concurrent custody change aborts the entire write transaction (3.458333ms)
✔ pinned Aztec commitment validation rejects poisoning before custody writes (149.973209ms)
ℹ tests 581
ℹ suites 0
ℹ pass 581
ℹ fail 0
ℹ cancelled 0
ℹ skipped 0
ℹ todo 0
ℹ duration_ms 9030.041083
