✔ workflow guard accepts unchanged output and ignores unrelated evidence (316.471458ms)
✔ workflow guard fails each overwritten committed output after a rebuild (808.131959ms)
✔ workflow guard rejects staged regeneration and removed consumers (165.805166ms)
✔ workflow guard rejects newly generated uncommitted application outputs (112.826958ms)
✔ matching synthetic artifacts and recorded sources pass (22.927917ms)
✔ stale deploy Noir copy is rejected (11.272084ms)
✔ stale censor Noir copy is rejected (19.030334ms)
✔ missing verification key is rejected even when all consumer copies agree (11.032792ms)
✔ empty private function set is rejected even when all consumer copies agree (11.813417ms)
✔ only public functions is rejected even when all consumer copies agree (13.090833ms)
✔ untranspiled artifact is rejected even when all consumer copies agree (13.284833ms)
✔ truthy non-boolean transpilation marker is rejected even when all consumer copies agree (10.0355ms)
✔ stale portal bytecode is rejected: apps/src/billboard/portal_bytecode.txt (13.906958ms)
✔ stale portal bytecode is rejected: apps/src/billboard/deploy/portal_bytecode.txt (11.928792ms)
✔ portal source drift is rejected by embedded compiler provenance (11.268208ms)
✔ missing Solidity source provenance is rejected (11.884792ms)
✔ string-encoded Solidity metadata remains supported (10.224375ms)
✔ Noir source drift requires a rebuild (10.560875ms)
✔ Noir dependency declaration drift requires a rebuild (11.349209ms)
✔ root dependency lock drift requires a rebuild (14.295625ms)
✔ portal dependency lock drift requires a rebuild (12.388208ms)
✔ compiler configuration drift requires a rebuild (11.735333ms)
✔ toolchain pins drift requires a rebuild (11.568709ms)
✔ contract builder drift requires a rebuild (12.863458ms)
✔ Noir debug-path normalizer drift requires a rebuild (10.476708ms)
✔ Noir dependency verifier drift requires a rebuild (12.876917ms)
✔ Noir dependency pins drift requires a rebuild (13.246042ms)
✔ new Noir source omitted from the old manifest requires a rebuild (14.213958ms)
✔ contract manifest input hash tampering is rejected (14.614667ms)
✔ contract manifest noir hash tampering is rejected (14.763125ms)
✔ contract manifest portal hash tampering is rejected (14.9895ms)
✔ synchronized altered Noir artifacts still fail the recorded build hash (17.031292ms)
✔ synchronized altered portal bytecode still fails the recorded build hash (12.506125ms)
✔ privateFee key, extra route and stale content fail closed (9.32925ms)
✔ actual raw Noir inventory survives JSON round trip including absent optional metadata (46.344458ms)
✔ missing VK, duplicate functions and malformed encoded bytecode are rejected (31.120958ms)
✔ runtime is labeled a template with immutable references and byte changes invalidate inventory (1.533083ms)
✔ removed assets, source drift and changed verification keys fail complete inventory comparison (19.550042ms)
✔ complete synthetic SDK manifest passes (54.146625ms)
✔ stale lockfile is rejected (17.760833ms)
✔ stale build script is rejected (13.416541ms)
✔ stale SDK entry source is rejected (14.524209ms)
✔ stale storage adapter source is rejected (11.230625ms)
✔ stale PXE schema source is rejected (11.90525ms)
✔ stale imported dependency source is rejected (10.409083ms)
✔ stale toolchain helper is rejected (11.507708ms)
✔ stale runtime asset source is rejected (15.149875ms)
✔ stale bundle output is rejected (11.067458ms)
✔ stale worker output is rejected (19.463959ms)
✔ stale runtime asset output is rejected (20.311625ms)
✔ protocol version mismatch is rejected (17.956041ms)
✔ omitting required inputs entry shared/sdk-entry.mjs is rejected (13.712792ms)
✔ omitting required inputs entry shared/sdk-store.mjs is rejected (14.57825ms)
✔ omitting required inputs entry node_modules/@aztec/pxe/dest/storage/metadata.js is rejected (13.158375ms)
✔ omitting required inputs entry node_modules/@aztec/noir-acvm_js/web/acvm_js_bg.wasm is rejected (13.2905ms)
✔ omitting required outputs entry sqlite.worker.js is rejected (16.230834ms)
✔ omitting required outputs entry sqlite3.wasm is rejected (14.621167ms)
✔ runtime asset output cannot differ from its source even with a refreshed output hash (17.318625ms)
✔ manifest inputs path confinement rejects ../outside.js (15.585666ms)
✔ manifest inputs path confinement rejects /outside.js (13.370041ms)
✔ manifest inputs path confinement rejects shared/../outside.js (15.905042ms)
✔ manifest inputs path confinement rejects shared\outside.js (16.960417ms)
✔ manifest outputs path confinement rejects ../outside.js (17.081667ms)
✔ manifest outputs path confinement rejects /outside.js (15.029875ms)
✔ manifest outputs path confinement rejects nested/worker.js (15.653375ms)
✔ manifest outputs path confinement rejects ..\outside.js (18.202958ms)
✔ inputs symlink cannot escape its allowed directory (16.586ms)
✔ outputs symlink cannot escape its allowed directory (21.890083ms)
✔ invalid manifest structure is rejected (16.955833ms)
✔ malformed manifest digest is rejected (18.073375ms)
✔ missing worker file is rejected rather than silently omitted (18.029959ms)
ℹ tests 71
ℹ suites 0
ℹ pass 71
ℹ fail 0
ℹ cancelled 0
ℹ skipped 0
ℹ todo 0
ℹ duration_ms 1488.259125
