✔ normal author calls carry only private payment method and bootstrap claim is consumed once (2.989833ms)
✔ unknown submission is preserved without retry and private errors are redacted (1.833917ms)
✔ missing private fee configuration fails before account work for every private action (2.303292ms)
✔ actual wallet keeps configured gas and normal account scope/tag through simulation and proof (30.634875ms)
✔ actual main claim uses standard author call with private fee payment (16.364208ms)
✔ actual main post uses standard author call with private fee payment (3.421542ms)
✔ actual main post dummy uses standard author call with private fee payment (1.417542ms)
✔ actual main withdraw uses standard author call with private fee payment (1.260833ms)
✔ moderator calls use their normal account with private fee payment (1.489542ms)
✔ inherited object names never select an application method (0.436958ms)
✔ actual main private post works with no Ethereum signer (1.214541ms)
✔ actual main fails before PXE when RPC identity changed after CLI preflight (0.715917ms)
ℹ tests 12
ℹ suites 0
ℹ pass 12
ℹ fail 0
ℹ cancelled 0
ℹ skipped 0
ℹ todo 0
ℹ duration_ms 609.049125
