✔ declare-immoral reads only the explicit censor private file (14.2145ms)
✔ declare-immoral cannot fall back to other available wallets (5.868ms)
✔ transfer-censor reads only the explicit censor private file (6.123625ms)
✔ transfer-censor cannot fall back to other available wallets (4.325083ms)
✔ set-moderation-policy reads only the explicit censor private file (4.118792ms)
✔ set-moderation-policy cannot fall back to other available wallets (5.602125ms)
✔ list reads only the explicit censor private file (2.496625ms)
✔ list cannot fall back to other available wallets (6.574041ms)
✔ malformed censor diagnostics exclude file content (6.621167ms)
✔ user action loads explicitly chosen valid user and Ethereum private files (2.594375ms)
✔ censor refuses public-readable key files (2.132375ms)
✔ browser actual module persists ciphertext and interoperates with Node AES-GCM (18.412666ms)
✔ browser actual custody rejects wrong wallet, ciphertext corruption and moved scope (7.499625ms)
✔ browser save observes transaction abort and never reports durable success (3.325583ms)
✔ actual engine codec matches frozen claim, boundary and exit commitments (12.533083ms)
✔ actual public deposit flow saves and reads back before send; returns event receipt nonce without secret (8.718292ms)
✔ actual deposit flow fails closed for missing store, failed durability and disabled portal (4.238625ms)
✔ actual deposit flow fails closed for mismatched read-back and existing receipt (2.808292ms)
✔ actual recovery requires the current event nonce and exact saved secret hash without signing fallback (10.897375ms)
✔ user feed resolves large stable IDs and decodes seven-field reasons with explicit length (17.080792ms)
✔ censor feed resolves large stable IDs and decodes seven-field reasons with explicit length (5.141958ms)
✔ user countdown does not announce withdrawal eligibility while screened debt remains (2.273958ms)
✔ seven-field reasons enforce byte length, UTF-8 and exact padding (4.804541ms)
✔ flag carries immutable post policy and rejects a mismatched reviewed version (1.279959ms)
✔ policy content and version are read atomically without independent latest-state reads (0.276667ms)
✔ normal author calls carry only private payment method and bootstrap claim is consumed once (3.907917ms)
✔ unknown submission is preserved without retry and private errors are redacted (2.307125ms)
✔ missing private fee configuration fails before account work for every private action (3.02625ms)
✔ actual wallet keeps configured gas and normal account scope/tag through simulation and proof (32.249042ms)
✔ actual main claim uses standard author call with private fee payment (18.194583ms)
✔ actual main post uses standard author call with private fee payment (3.638125ms)
✔ actual main post dummy uses standard author call with private fee payment (1.92075ms)
✔ actual main withdraw uses standard author call with private fee payment (1.652417ms)
✔ moderator calls use their normal account with private fee payment (1.706958ms)
✔ inherited object names never select an application method (0.521542ms)
✔ build provenance rejects changed frontend sources paired with old HTML (73.832125ms)
✔ build provenance rejects output changes and removed output (92.164958ms)
✔ source removal and newly discovered app invalidate previous build (90.797417ms)
✔ partial or interrupted builds cannot preserve a valid aggregate manifest (91.775375ms)
✔ mid-build drift and private RPC overrides cannot be certified (61.3525ms)
✔ internal symlinks hash the actual source while escapes and cycles reject (35.776375ms)
✔ obsolete template cannot leave a served HTML page in certified output (27.668334ms)
✔ unexpected top-level and nested HTML reject certification without deletion (35.513625ms)
✔ output symlink escapes and cycles cannot bypass the served HTML inventory (28.674625ms)
✔ browser forwards public fee config and local claim directly with no service or store (3.640209ms)
✔ CLI reads public configuration and restricted local claim, rejecting links, extra fields, and broad permissions (3.108042ms)
✔ CLI keeps ambiguous outcomes actionable without exposing private errors (0.233208ms)
✔ valid no-screening and linked hints survive SDK result wrappers (5.617667ms)
✔ malformed result never silently becomes empty hints (4.023083ms)
✔ missing, conflicting, stale and transport errors are explicit and redact raw data (0.480583ms)
✔ historical unsafe constructor has pinned provenance and cannot execute without capture (7.823583ms)
✔ known-bad shell construction retains substitutions; repaired authority emits inert argv (15.373666ms)
✔ encrypted checkpoint retains exact IndexedDB schema, typed values and out-of-line keys after restart (58.852958ms)
✔ concurrent session fails closed and stale lock is preserved (20.512625ms)
✔ wrong wallet cannot restore or overwrite existing ciphertext (31.183667ms)
✔ authenticated scope blocks transplanted cache: account (24.607833ms)
✔ authenticated scope blocks transplanted cache: chainId (22.198ms)
✔ authenticated scope blocks transplanted cache: rollup (24.117625ms)
✔ authenticated scope blocks transplanted cache: version (34.229ms)
✔ tampered cache and noncooperating concurrent writer cannot be silently overwritten (37.7145ms)
✔ foreign scoped PXE database is not silently lost (18.870375ms)
✔ public or symlinked checkpoint paths fail closed (31.202083ms)
✔ actual pinned application PXE store reopens its persisted identity and map through encryption (62.122833ms)
✔ full Field wallet salt survives without Number narrowing (5.8165ms)
✔ invalid wallet salt fails closed 9007199254740992 (3.623125ms)
✔ invalid wallet salt fails closed -1 (2.412083ms)
✔ invalid wallet salt fails closed 0x (2.5685ms)
✔ invalid wallet salt fails closed 0001 (3.400375ms)
✔ invalid wallet salt fails closed 0x30644e72e131a029b85045b68181585d2833e84879b9709143e1f593f0000001 (7.316625ms)
✔ public wallet and symlink are rejected without modifying source files (1.706458ms)
✔ network endpoints must be explicit and do not read ambient configuration (2.379084ms)
✔ unsafe RPC endpoint rejects without echoing input (0.221458ms)
✔ unsafe RPC endpoint rejects without echoing input (0.168917ms)
✔ unsafe RPC endpoint rejects without echoing input (0.09775ms)
✔ missing user wallet never loads defaults (0.184084ms)
✔ escrow claim-secret encryption separates accounts sharing a key with different salts (25.163083ms)
✔ CLI saves checkpoint and releases lock after success (45.836375ms)
✔ CLI saves partial synced state then releases lock after action failure (28.20325ms)
✔ RPC chain mismatch prevents cache restore and action (4.745708ms)
✔ same-page overlapping calls and another-tab unavailable lock reject without invoking engine (10.286791ms)
✔ provider account and chain switches prevent engine execution (2.726125ms)
✔ portal mutation blocks signing and proof hooks during an operation (2.95525ms)
✔ engine witness errors and initial provider errors are both redacted (12.063417ms)
✔ lossless salts and public cache identity separate account/network/deployment (1.481792ms)
✔ missing Web Locks support fails closed before wallet work (0.723458ms)
✔ RPC aliases for the same account acquire the same cross-tab lock (3.514583ms)
✔ full Field salt reaches derivation and DOM without retaining old salt (9.447ms)
✔ failed derivation does not activate or overwrite secret fields (1.616709ms)
✔ malformed import event emits bounded diagnostics and clears selection (1.630833ms)
✔ signature generation and silent wallet replacement are unavailable (0.845083ms)
✔ provider change during initial connection prevents activating a stale signer (0.939291ms)
✔ callback failure invalidates activated session without logging callback diagnostics (0.763333ms)
✔ password encryption roundtrips full salt and scoped claims without exposing plaintext (353.419375ms)
✔ wrong passwords, ciphertext edits and parameter edits fail closed (258.556917ms)
✔ optional wallet/network isolation rejects mismatch while all-network backup preserves scopes (1.480292ms)
✔ wallet parsing preserves large salt and rejects unsafe numeric or field overflow (0.747833ms)
✔ claim export selects this wallet and roundtrips all original network scopes offline (12.852541ms)
✔ bulk restore is idempotent and conflicting records cannot partially restore (3.065542ms)
✔ different wallet accounts can hold the same scope independently (3.496542ms)
✔ a concurrent custody change aborts the entire write transaction (4.113875ms)
✔ pinned Aztec commitment validation rejects poisoning before custody writes (166.868042ms)
ℹ tests 101
ℹ suites 0
ℹ pass 101
ℹ fail 0
ℹ cancelled 0
ℹ skipped 0
ℹ todo 0
ℹ duration_ms 1162.378833
