✔ declare-immoral reads only the explicit censor private file (5.505209ms)
✔ declare-immoral cannot fall back to other available wallets (2.67375ms)
✔ transfer-censor reads only the explicit censor private file (2.044ms)
✔ transfer-censor cannot fall back to other available wallets (2.371ms)
✔ set-moderation-policy reads only the explicit censor private file (1.42675ms)
✔ set-moderation-policy cannot fall back to other available wallets (1.569458ms)
✔ list reads only the explicit censor private file (1.551542ms)
✔ list cannot fall back to other available wallets (1.239792ms)
✔ malformed censor diagnostics exclude file content (4.082ms)
✔ user action loads explicitly chosen valid user and Ethereum private files (1.523334ms)
✔ censor refuses public-readable key files (1.327209ms)
✔ user generated page binds the canonical privateFee and isolated RPC credential (137.713083ms)
✔ censor generated page binds the canonical privateFee and isolated RPC credential (84.908917ms)
✔ deploy generated page binds the canonical privateFee and isolated RPC credential (37.415709ms)
✔ fee-juice generated page binds the canonical privateFee and isolated RPC credential (51.39875ms)
✔ pinned internal L2Block hash method differs from public node BlockResponse hash value (6.097584ms)
✔ actual deployment helper waits for finality then forwards exact authenticated witness (2.592709ms)
✔ unfinalized receipt never requests a witness or activates (0.897833ms)
✔ missing witness never activates a finalized transaction (1.215042ms)
✔ reverted receipt fails closed before witness lookup (0.517875ms)
✔ missing success receipt fails closed before witness lookup (0.394917ms)
✔ dropped receipt fails closed before witness lookup (0.408041ms)
✔ unknown receipt fails closed before witness lookup (0.510166ms)
✔ missing block hash receipt fails closed before witness lookup (0.402584ms)
✔ pending and proposed receipts do not qualify even with a high finalized tip (0.486542ms)
✔ receipt block must still match canonical block at its height (1.116542ms)
✔ re-inclusion during witness resolution refreshes receipt and waits for the new block (0.884083ms)
✔ drop during witness resolution prevents activation (0.550916ms)
✔ malformed finalized tip cannot satisfy the finality comparison (0.354791ms)
✔ activation requires successful L1 receipt and enabled portal {"activationStatus":0} (0.944083ms)
✔ activation requires successful L1 receipt and enabled portal {"enabled":false} (2.047917ms)
✔ browser actual module persists ciphertext and interoperates with Node AES-GCM (24.012167ms)
✔ browser actual custody rejects wrong wallet, ciphertext corruption and moved scope (10.452541ms)
✔ browser save observes transaction abort and never reports durable success (3.691833ms)
✔ actual engine codec matches frozen claim, boundary and exit commitments (11.161583ms)
✔ actual public deposit flow saves and reads back before send; returns event receipt nonce without secret (10.067791ms)
✔ actual deposit flow fails closed for missing store, failed durability and disabled portal (3.640292ms)
✔ actual deposit flow fails closed for mismatched read-back and existing receipt (1.641958ms)
✔ actual recovery requires the current event nonce and exact saved secret hash without signing fallback (10.127041ms)
✔ user feed resolves large stable IDs and decodes seven-field reasons with explicit length (6.181167ms)
✔ censor feed resolves large stable IDs and decodes seven-field reasons with explicit length (1.455667ms)
✔ user countdown does not announce withdrawal eligibility while screened debt remains (0.699583ms)
✔ seven-field reasons enforce byte length, UTF-8 and exact padding (4.391709ms)
✔ flag carries immutable post policy and rejects a mismatched reviewed version (5.888208ms)
✔ policy content and version are read atomically without independent latest-state reads (0.226917ms)
✔ normal author calls carry only private payment method and bootstrap claim is consumed once (4.023333ms)
✔ unknown submission is preserved without retry and private errors are redacted (2.530083ms)
✔ missing private fee configuration fails before account work for every private action (4.201375ms)
✔ actual wallet keeps configured gas and normal account scope/tag through simulation and proof (52.284208ms)
✔ actual main claim uses standard author call with private fee payment (24.39925ms)
✔ actual main post uses standard author call with private fee payment (4.92025ms)
✔ actual main post dummy uses standard author call with private fee payment (1.917666ms)
✔ actual main withdraw uses standard author call with private fee payment (1.520583ms)
✔ moderator calls use their normal account with private fee payment (2.032ms)
✔ inherited object names never select an application method (0.712167ms)
✔ actual main private post works with no Ethereum signer (1.843208ms)
✔ actual main fails before PXE when RPC identity changed after CLI preflight (1.25275ms)
✔ build provenance rejects changed frontend sources paired with old HTML (35.321917ms)
✔ build provenance rejects output changes and removed output (47.18675ms)
✔ source removal and newly discovered app invalidate previous build (80.586958ms)
✔ partial or interrupted builds cannot preserve a valid aggregate manifest (55.955792ms)
✔ mid-build drift and private RPC overrides cannot be certified (115.580208ms)
✔ internal symlinks hash the actual source while escapes and cycles reject (66.42375ms)
✔ obsolete template cannot leave a served HTML page in certified output (46.618167ms)
✔ unexpected top-level and nested HTML reject certification without deletion (57.787625ms)
✔ output symlink escapes and cycles cannot bypass the served HTML inventory (34.857875ms)
✔ browser forwards public fee config and local claim directly with no service or store (2.854667ms)
✔ CLI reads public configuration and restricted local claim, rejecting links, extra fields, and broad permissions (3.914959ms)
✔ CLI keeps ambiguous outcomes actionable without exposing private errors (0.201792ms)
✔ valid no-screening and linked hints survive SDK result wrappers (3.132875ms)
✔ malformed result never silently becomes empty hints (0.848875ms)
✔ missing, conflicting, stale and transport errors are explicit and redact raw data (0.287959ms)
✔ historical unsafe constructor has pinned provenance and cannot execute without capture (2.681584ms)
✔ known-bad shell construction retains substitutions; repaired authority emits inert argv (4.226958ms)
✔ encrypted checkpoint retains exact IndexedDB schema, typed values and out-of-line keys after restart (65.297375ms)
✔ concurrent session fails closed and stale lock is preserved (14.006875ms)
✔ wrong wallet cannot restore or overwrite existing ciphertext (34.642375ms)
✔ authenticated scope blocks transplanted cache: account (39.157625ms)
✔ authenticated scope blocks transplanted cache: chainId (44.912875ms)
✔ authenticated scope blocks transplanted cache: rollup (31.321333ms)
✔ authenticated scope blocks transplanted cache: version (27.441042ms)
✔ tampered cache and noncooperating concurrent writer cannot be silently overwritten (30.861042ms)
✔ foreign scoped PXE database is not silently lost (7.006125ms)
✔ public or symlinked checkpoint paths fail closed (29.954792ms)
✔ actual pinned application PXE store reopens its persisted identity and map through encryption (78.244958ms)
✔ full Field wallet salt survives without Number narrowing (2.776083ms)
✔ invalid wallet salt fails closed 9007199254740992 (1.208291ms)
✔ invalid wallet salt fails closed -1 (0.663333ms)
✔ invalid wallet salt fails closed 0x (1.008542ms)
✔ invalid wallet salt fails closed 0001 (1.140959ms)
✔ invalid wallet salt fails closed 0x30644e72e131a029b85045b68181585d2833e84879b9709143e1f593f0000001 (0.753209ms)
✔ public wallet and symlink are rejected without modifying source files (1.031042ms)
✔ network endpoints must be explicit and do not read ambient configuration (0.584875ms)
✔ unsafe RPC endpoint rejects without echoing input (0.100708ms)
✔ unsafe RPC endpoint rejects without echoing input (0.099708ms)
✔ unsafe RPC endpoint rejects without echoing input (0.062708ms)
✔ missing user wallet never loads defaults (0.803042ms)
✔ escrow claim-secret encryption separates accounts sharing a key with different salts (45.995166ms)
✔ CLI saves checkpoint and releases lock after success (60.562ms)
✔ CLI saves partial synced state then releases lock after action failure (39.215541ms)
✔ RPC chain mismatch prevents cache restore and action (5.705458ms)
✔ user CLI keeps RPC credentials at the exact configured endpoint (27.160292ms)
✔ deploy CLI keeps RPC credentials at the exact configured endpoint (0.616041ms)
✔ same-page overlapping calls and another-tab unavailable lock reject without invoking engine (6.194958ms)
✔ provider account and chain switches prevent engine execution (1.328084ms)
✔ portal mutation blocks signing and proof hooks during an operation (0.71075ms)
✔ engine witness errors and initial provider errors are both redacted (3.553292ms)
✔ lossless salts and public cache identity separate account/network/deployment (5.100916ms)
✔ missing Web Locks support fails closed before wallet work (0.758042ms)
✔ RPC aliases for the same account acquire the same cross-tab lock (1.632708ms)
✔ full Field salt reaches derivation and DOM without retaining old salt (3.577959ms)
✔ failed derivation does not activate or overwrite secret fields (0.854792ms)
✔ malformed import event emits bounded diagnostics and clears selection (1.04275ms)
✔ signature generation and silent wallet replacement are unavailable (0.602125ms)
✔ provider change during initial connection prevents activating a stale signer (0.579875ms)
✔ callback failure invalidates activated session without logging callback diagnostics (0.486917ms)
✔ password encryption roundtrips full salt and scoped claims without exposing plaintext (271.251542ms)
✔ wrong passwords, ciphertext edits and parameter edits fail closed (235.111583ms)
✔ optional wallet/network isolation rejects mismatch while all-network backup preserves scopes (1.208375ms)
✔ wallet parsing preserves large salt and rejects unsafe numeric or field overflow (0.552792ms)
✔ claim export selects this wallet and roundtrips all original network scopes offline (11.001917ms)
✔ bulk restore is idempotent and conflicting records cannot partially restore (2.81825ms)
✔ different wallet accounts can hold the same scope independently (4.464541ms)
✔ a concurrent custody change aborts the entire write transaction (3.526125ms)
✔ pinned Aztec commitment validation rejects poisoning before custody writes (176.98425ms)
ℹ tests 125
ℹ suites 0
ℹ pass 125
ℹ fail 0
ℹ cancelled 0
ℹ skipped 0
ℹ todo 0
ℹ duration_ms 1033.499208
