✔ normal author calls carry only private payment method and bootstrap claim is consumed once (3.537209ms)
✔ unknown submission is preserved without retry and private errors are redacted (2.856667ms)
✔ missing private fee configuration fails before account work for every private action (3.826209ms)
✔ actual wallet keeps configured gas and normal account scope/tag through simulation and proof (34.674417ms)
✔ actual main claim uses standard author call with private fee payment (17.421417ms)
✔ actual main post uses standard author call with private fee payment (3.408167ms)
✔ actual main post dummy uses standard author call with private fee payment (1.492542ms)
✔ actual main withdraw uses standard author call with private fee payment (1.474584ms)
✔ moderator calls use their normal account with private fee payment (1.530125ms)
✔ inherited object names never select an application method (0.479042ms)
✔ actual main private post works with no Ethereum signer (1.498625ms)
✔ actual main fails before PXE when RPC identity changed after CLI preflight (1.201792ms)
✔ user CLI keeps RPC credentials at the exact configured endpoint (35.624875ms)
✔ deploy CLI keeps RPC credentials at the exact configured endpoint (1.191625ms)
ℹ tests 14
ℹ suites 0
ℹ pass 14
ℹ fail 0
ℹ cancelled 0
ℹ skipped 0
ℹ todo 0
ℹ duration_ms 617.256458
