{"browserSmoke":{"elapsedMs":4,"stage":"http-server","state":"listening"}}
{"browserSmoke":{"elapsedMs":4,"consumer":"shared-library","stage":"browser-launch","state":"started"}}
{"browserSmoke":{"elapsedMs":558,"consumer":"shared-library","stage":"browser-launch","state":"completed"}}
{"browserSmoke":{"elapsedMs":558,"consumer":"shared-library","stage":"page-create","state":"started"}}
{"browserSmoke":{"elapsedMs":638,"consumer":"shared-library","stage":"page-create","state":"completed"}}
{"browserSmoke":{"elapsedMs":638,"consumer":"shared-library","stage":"expose-function","state":"started"}}
{"browserSmoke":{"elapsedMs":644,"consumer":"shared-library","stage":"expose-function","state":"completed"}}
{"browserSmoke":{"elapsedMs":644,"consumer":"shared-library","stage":"install-readiness-markers","state":"started"}}
{"browserSmoke":{"elapsedMs":645,"consumer":"shared-library","stage":"install-readiness-markers","state":"completed"}}
{"browserSmoke":{"elapsedMs":645,"consumer":"shared-library","stage":"navigation","state":"started"}}
{"browserSmoke":{"elapsedMs":648,"consumer":"shared-library","stage":"browser-request","state":"started","path":"/"}}
{"browserSmoke":{"elapsedMs":650,"consumer":"shared-library","stage":"http","requestId":1,"path":"/","state":"request-received"}}
{"browserSmoke":{"elapsedMs":652,"consumer":"shared-library","stage":"http","requestId":1,"path":"/","state":"response-finished","status":200,"bodyBytes":3384,"durationMs":3}}
{"browserSmoke":{"elapsedMs":655,"consumer":"shared-library","stage":"browser-response","state":"headers","path":"/","status":200}}
{"browserSmoke":{"elapsedMs":690,"consumer":"shared-library","stage":"http","requestId":2,"path":"/aztec_bundle.js","state":"request-received"}}
{"browserSmoke":{"elapsedMs":690,"consumer":"shared-library","stage":"http","requestId":3,"path":"/crs-client.js","state":"request-received"}}
{"browserSmoke":{"elapsedMs":690,"consumer":"shared-library","stage":"http","requestId":4,"path":"/aztec-lib.js","state":"request-received"}}
{"browserSmoke":{"elapsedMs":690,"consumer":"shared-library","stage":"http","requestId":5,"path":"/app-env.js","state":"request-received"}}
{"browserSmoke":{"elapsedMs":691,"consumer":"shared-library","stage":"http","requestId":3,"path":"/crs-client.js","state":"file-read-completed","bodyBytes":7428,"durationMs":0}}
{"browserSmoke":{"elapsedMs":691,"consumer":"shared-library","stage":"http","requestId":3,"path":"/crs-client.js","state":"response-finished","status":200,"bodyBytes":7428,"durationMs":1}}
{"browserSmoke":{"elapsedMs":691,"consumer":"shared-library","stage":"http","requestId":5,"path":"/app-env.js","state":"file-read-completed","bodyBytes":11161,"durationMs":1}}
{"browserSmoke":{"elapsedMs":691,"consumer":"shared-library","stage":"http","requestId":5,"path":"/app-env.js","state":"response-finished","status":200,"bodyBytes":11161,"durationMs":1}}
{"browserSmoke":{"elapsedMs":691,"consumer":"shared-library","stage":"http","requestId":4,"path":"/aztec-lib.js","state":"file-read-completed","bodyBytes":37766,"durationMs":1}}
{"browserSmoke":{"elapsedMs":692,"consumer":"shared-library","stage":"http","requestId":4,"path":"/aztec-lib.js","state":"response-finished","status":200,"bodyBytes":37766,"durationMs":1}}
{"browserSmoke":{"elapsedMs":699,"consumer":"shared-library","stage":"http","requestId":2,"path":"/aztec_bundle.js","state":"file-read-completed","bodyBytes":50304646,"durationMs":9}}
{"browserSmoke":{"elapsedMs":702,"consumer":"shared-library","stage":"browser-request","state":"started","path":"/aztec_bundle.js"}}
{"browserSmoke":{"elapsedMs":703,"consumer":"shared-library","stage":"browser-request","state":"started","path":"/crs-client.js"}}
{"browserSmoke":{"elapsedMs":703,"consumer":"shared-library","stage":"browser-request","state":"started","path":"/aztec-lib.js"}}
{"browserSmoke":{"elapsedMs":703,"consumer":"shared-library","stage":"browser-request","state":"started","path":"/app-env.js"}}
{"browserSmoke":{"elapsedMs":705,"consumer":"shared-library","stage":"script.sdk","state":"before-script","browserElapsedMs":45}}
{"browserSmoke":{"elapsedMs":706,"consumer":"shared-library","stage":"browser-request","state":"finished","path":"/"}}
{"browserSmoke":{"elapsedMs":707,"consumer":"shared-library","stage":"browser-response","state":"headers","path":"/crs-client.js","status":200}}
{"browserSmoke":{"elapsedMs":707,"consumer":"shared-library","stage":"browser-request","state":"finished","path":"/crs-client.js"}}
{"browserSmoke":{"elapsedMs":707,"consumer":"shared-library","stage":"browser-response","state":"headers","path":"/app-env.js","status":200}}
{"browserSmoke":{"elapsedMs":707,"consumer":"shared-library","stage":"browser-request","state":"finished","path":"/app-env.js"}}
{"browserSmoke":{"elapsedMs":707,"consumer":"shared-library","stage":"browser-response","state":"headers","path":"/aztec-lib.js","status":200}}
{"browserSmoke":{"elapsedMs":707,"consumer":"shared-library","stage":"browser-request","state":"finished","path":"/aztec-lib.js"}}
{"browserSmoke":{"elapsedMs":967,"consumer":"shared-library","stage":"http","requestId":2,"path":"/aztec_bundle.js","state":"response-finished","status":200,"bodyBytes":50304646,"durationMs":277}}
{"browserSmoke":{"elapsedMs":1058,"consumer":"shared-library","stage":"browser-response","state":"headers","path":"/aztec_bundle.js","status":200}}
{"browserSmoke":{"elapsedMs":1058,"consumer":"shared-library","stage":"browser-request","state":"finished","path":"/aztec_bundle.js"}}
{"browserSmoke":{"elapsedMs":1631,"consumer":"shared-library","stage":"script.sdk","state":"script-load","browserElapsedMs":983}}
{"browserSmoke":{"elapsedMs":1631,"consumer":"shared-library","stage":"script.sdk","state":"after-script","browserElapsedMs":983}}
{"browserSmoke":{"elapsedMs":1631,"consumer":"shared-library","stage":"script.crs-client","state":"before-script","browserElapsedMs":983}}
{"browserSmoke":{"elapsedMs":1632,"consumer":"shared-library","stage":"script.crs-client","state":"script-load","browserElapsedMs":984}}
{"browserSmoke":{"elapsedMs":1633,"consumer":"shared-library","stage":"script.crs-client","state":"after-script","browserElapsedMs":984}}
{"browserSmoke":{"elapsedMs":1633,"consumer":"shared-library","stage":"script.shared-library","state":"before-script","browserElapsedMs":984}}
{"browserSmoke":{"elapsedMs":1633,"consumer":"shared-library","stage":"script.shared-library","state":"script-load","browserElapsedMs":984}}
{"browserSmoke":{"elapsedMs":1633,"consumer":"shared-library","stage":"script.shared-library","state":"after-script","browserElapsedMs":984}}
{"browserSmoke":{"elapsedMs":1633,"consumer":"shared-library","stage":"script.engine-adapter","state":"before-script","browserElapsedMs":984}}
{"browserSmoke":{"elapsedMs":1633,"consumer":"shared-library","stage":"script.engine-adapter","state":"script-load","browserElapsedMs":984}}
{"browserSmoke":{"elapsedMs":1633,"consumer":"shared-library","stage":"script.engine-adapter","state":"after-script","browserElapsedMs":984}}
{"browserSmoke":{"elapsedMs":1634,"consumer":"shared-library","stage":"script.document","state":"dom-content-loaded","browserElapsedMs":985}}
{"browserSmoke":{"elapsedMs":1635,"consumer":"shared-library","stage":"script.document","state":"load","browserElapsedMs":985}}
{"browserSmoke":{"elapsedMs":1635,"consumer":"shared-library","stage":"navigation","state":"completed"}}
{"browserSmoke":{"elapsedMs":1638,"consumer":"shared-library","stage":"sync-prover-init","state":"started"}}
{"browserSmoke":{"elapsedMs":1867,"consumer":"shared-library","stage":"sync-prover-init","state":"completed","durationMs":229}}
{"browserSmoke":{"elapsedMs":1868,"consumer":"shared-library","stage":"shared-crs-adapter","state":"started"}}
{"browserSmoke":{"elapsedMs":1869,"consumer":"shared-library","stage":"crs-1.load.g1_uncompressed.dat","state":"started"}}
{"browserSmoke":{"elapsedMs":1871,"consumer":"shared-library","stage":"http","requestId":6,"path":"/crs/g1_uncompressed.dat","state":"request-received"}}
{"browserSmoke":{"elapsedMs":1896,"consumer":"shared-library","stage":"browser-request","state":"started","path":"/crs/g1_uncompressed.dat"}}
{"browserSmoke":{"elapsedMs":1901,"consumer":"shared-library","stage":"http","requestId":6,"path":"/crs/g1_uncompressed.dat","state":"file-read-completed","bodyBytes":75497472,"durationMs":31}}
{"browserSmoke":{"elapsedMs":1911,"consumer":"shared-library","stage":"browser-response","state":"headers","path":"/crs/g1_uncompressed.dat","status":200}}
{"browserSmoke":{"elapsedMs":1949,"consumer":"shared-library","stage":"http","requestId":6,"path":"/crs/g1_uncompressed.dat","state":"response-finished","status":200,"bodyBytes":75497472,"durationMs":78}}
{"browserSmoke":{"elapsedMs":1960,"consumer":"shared-library","stage":"browser-request","state":"finished","path":"/crs/g1_uncompressed.dat"}}
{"browserSmoke":{"elapsedMs":1960,"consumer":"shared-library","stage":"crs-1.load.g1_uncompressed.dat","state":"completed","durationMs":83}}
{"browserSmoke":{"elapsedMs":1961,"consumer":"shared-library","stage":"crs-1.sha256.75497472","state":"started"}}
{"browserSmoke":{"elapsedMs":2301,"consumer":"shared-library","stage":"crs-1.sha256.75497472","state":"completed","durationMs":339}}
{"browserSmoke":{"elapsedMs":2301,"consumer":"shared-library","stage":"crs-1.load.g2.dat","state":"started"}}
{"browserSmoke":{"elapsedMs":2303,"consumer":"shared-library","stage":"http","requestId":7,"path":"/crs/g2.dat","state":"request-received"}}
{"browserSmoke":{"elapsedMs":2303,"consumer":"shared-library","stage":"browser-request","state":"started","path":"/crs/g2.dat"}}
{"browserSmoke":{"elapsedMs":2303,"consumer":"shared-library","stage":"http","requestId":7,"path":"/crs/g2.dat","state":"file-read-completed","bodyBytes":128,"durationMs":1}}
{"browserSmoke":{"elapsedMs":2303,"consumer":"shared-library","stage":"http","requestId":7,"path":"/crs/g2.dat","state":"response-finished","status":200,"bodyBytes":128,"durationMs":1}}
{"browserSmoke":{"elapsedMs":2304,"consumer":"shared-library","stage":"browser-response","state":"headers","path":"/crs/g2.dat","status":200}}
{"browserSmoke":{"elapsedMs":2304,"consumer":"shared-library","stage":"browser-request","state":"finished","path":"/crs/g2.dat"}}
{"browserSmoke":{"elapsedMs":2304,"consumer":"shared-library","stage":"crs-1.load.g2.dat","state":"completed","durationMs":3}}
{"browserSmoke":{"elapsedMs":2305,"consumer":"shared-library","stage":"crs-1.sha256.128","state":"started"}}
{"browserSmoke":{"elapsedMs":2306,"consumer":"shared-library","stage":"crs-1.sha256.128","state":"completed","durationMs":1}}
{"browserSmoke":{"elapsedMs":2307,"consumer":"shared-library","stage":"crs-1.load.grumpkin_g1.dat","state":"started"}}
{"browserSmoke":{"elapsedMs":2308,"consumer":"shared-library","stage":"http","requestId":8,"path":"/crs/grumpkin_g1.dat","state":"request-received"}}
{"browserSmoke":{"elapsedMs":2308,"consumer":"shared-library","stage":"browser-request","state":"started","path":"/crs/grumpkin_g1.dat"}}
{"browserSmoke":{"elapsedMs":2310,"consumer":"shared-library","stage":"http","requestId":8,"path":"/crs/grumpkin_g1.dat","state":"file-read-completed","bodyBytes":4194368,"durationMs":3}}
{"browserSmoke":{"elapsedMs":2311,"consumer":"shared-library","stage":"http","requestId":8,"path":"/crs/grumpkin_g1.dat","state":"response-finished","status":200,"bodyBytes":4194368,"durationMs":4}}
{"browserSmoke":{"elapsedMs":2312,"consumer":"shared-library","stage":"browser-response","state":"headers","path":"/crs/grumpkin_g1.dat","status":200}}
{"browserSmoke":{"elapsedMs":2350,"consumer":"shared-library","stage":"browser-request","state":"finished","path":"/crs/grumpkin_g1.dat"}}
{"browserSmoke":{"elapsedMs":2350,"consumer":"shared-library","stage":"crs-1.load.grumpkin_g1.dat","state":"completed","durationMs":43}}
{"browserSmoke":{"elapsedMs":2351,"consumer":"shared-library","stage":"crs-1.sha256.4194368","state":"started"}}
{"browserSmoke":{"elapsedMs":2370,"consumer":"shared-library","stage":"crs-1.sha256.4194368","state":"completed","durationMs":19}}
{"browserSmoke":{"elapsedMs":2371,"consumer":"shared-library","stage":"crs-1.srsInitSrs","state":"started"}}
{"browserSmoke":{"elapsedMs":2833,"consumer":"shared-library","stage":"crs-1.srsInitSrs","state":"completed","durationMs":461}}
{"browserSmoke":{"elapsedMs":2835,"consumer":"shared-library","stage":"crs-1.srsInitGrumpkinSrs","state":"started"}}
{"browserSmoke":{"elapsedMs":2853,"consumer":"shared-library","stage":"crs-1.srsInitGrumpkinSrs","state":"completed","durationMs":19}}
{"browserSmoke":{"elapsedMs":2854,"consumer":"shared-library","stage":"shared-crs-adapter","state":"completed","durationMs":987}}
{"browserSmoke":{"elapsedMs":2855,"consumer":"shared-library","stage":"poseidon","state":"started"}}
{"browserSmoke":{"elapsedMs":2857,"consumer":"shared-library","stage":"poseidon","state":"completed","durationMs":2}}
{"browserSmoke":{"elapsedMs":2860,"consumer":"shared-library","stage":"async-prover-init","state":"started"}}
{"browserSmoke":{"elapsedMs":2865,"consumer":"shared-library","stage":"browser-request","state":"started","path":"/bb-main.worker.js"}}
{"browserSmoke":{"elapsedMs":2868,"consumer":"shared-library","stage":"http","requestId":9,"path":"/bb-main.worker.js","state":"request-received"}}
{"browserSmoke":{"elapsedMs":2868,"consumer":"shared-library","stage":"http","requestId":9,"path":"/bb-main.worker.js","state":"file-read-completed","bodyBytes":22772,"durationMs":0}}
{"browserSmoke":{"elapsedMs":2868,"consumer":"shared-library","stage":"http","requestId":9,"path":"/bb-main.worker.js","state":"response-finished","status":200,"bodyBytes":22772,"durationMs":1}}
{"browserSmoke":{"elapsedMs":2913,"consumer":"shared-library","stage":"browser-response","state":"headers","path":"/bb-main.worker.js","status":200}}
{"browserSmoke":{"elapsedMs":2918,"consumer":"shared-library","stage":"browser-request","state":"finished","path":"/bb-main.worker.js"}}
{"browserSmoke":{"elapsedMs":3078,"consumer":"shared-library","stage":"http","requestId":10,"path":"/bb-thread.worker.js","state":"request-received"}}
{"browserSmoke":{"elapsedMs":3078,"consumer":"shared-library","stage":"browser-request","state":"started","path":"/bb-thread.worker.js"}}
{"browserSmoke":{"elapsedMs":3079,"consumer":"shared-library","stage":"http","requestId":10,"path":"/bb-thread.worker.js","state":"file-read-completed","bodyBytes":15377,"durationMs":1}}
{"browserSmoke":{"elapsedMs":3079,"consumer":"shared-library","stage":"http","requestId":10,"path":"/bb-thread.worker.js","state":"response-finished","status":200,"bodyBytes":15377,"durationMs":1}}
{"browserSmoke":{"elapsedMs":3082,"consumer":"shared-library","stage":"browser-response","state":"headers","path":"/bb-thread.worker.js","status":200}}
{"browserSmoke":{"elapsedMs":3082,"consumer":"shared-library","stage":"browser-request","state":"finished","path":"/bb-thread.worker.js"}}
{"browserSmoke":{"elapsedMs":3084,"consumer":"shared-library","stage":"async-prover-init","state":"completed","durationMs":224}}
{"browserSmoke":{"elapsedMs":3085,"consumer":"shared-library","stage":"async-prover-destroy","state":"started"}}
{"browserSmoke":{"elapsedMs":3086,"consumer":"shared-library","stage":"async-prover-destroy","state":"completed","durationMs":1}}
{"browserSmoke":{"elapsedMs":3089,"consumer":"shared-library","stage":"sqlite-open","state":"started"}}
{"browserSmoke":{"elapsedMs":3090,"consumer":"shared-library","stage":"browser-request","state":"started","path":"/sqlite.worker.js"}}
{"browserSmoke":{"elapsedMs":3091,"consumer":"shared-library","stage":"http","requestId":11,"path":"/sqlite.worker.js","state":"request-received"}}
{"browserSmoke":{"elapsedMs":3091,"consumer":"shared-library","stage":"http","requestId":11,"path":"/sqlite.worker.js","state":"file-read-completed","bodyBytes":476347,"durationMs":0}}
{"browserSmoke":{"elapsedMs":3091,"consumer":"shared-library","stage":"http","requestId":11,"path":"/sqlite.worker.js","state":"response-finished","status":200,"bodyBytes":476347,"durationMs":0}}
{"browserSmoke":{"elapsedMs":3094,"consumer":"shared-library","stage":"browser-response","state":"headers","path":"/sqlite.worker.js","status":200}}
{"browserSmoke":{"elapsedMs":3099,"consumer":"shared-library","stage":"browser-request","state":"finished","path":"/sqlite.worker.js"}}
{"browserSmoke":{"elapsedMs":3107,"consumer":"shared-library","stage":"http","requestId":12,"path":"/sqlite3.wasm","state":"request-received"}}
{"browserSmoke":{"elapsedMs":3107,"consumer":"shared-library","stage":"browser-request","state":"started","path":"/sqlite3.wasm"}}
{"browserSmoke":{"elapsedMs":3108,"consumer":"shared-library","stage":"http","requestId":12,"path":"/sqlite3.wasm","state":"file-read-completed","bodyBytes":1058719,"durationMs":1}}
{"browserSmoke":{"elapsedMs":3108,"consumer":"shared-library","stage":"http","requestId":12,"path":"/sqlite3.wasm","state":"response-finished","status":200,"bodyBytes":1058719,"durationMs":1}}
{"browserSmoke":{"elapsedMs":3109,"consumer":"shared-library","stage":"browser-response","state":"headers","path":"/sqlite3.wasm","status":200}}
{"browserSmoke":{"elapsedMs":3132,"consumer":"shared-library","stage":"browser-request","state":"started","path":"/sqlite3-opfs-async-proxy.js"}}
{"browserSmoke":{"elapsedMs":3132,"consumer":"shared-library","stage":"browser-request","state":"finished","path":"/sqlite3.wasm"}}
{"browserSmoke":{"elapsedMs":3132,"consumer":"shared-library","stage":"http","requestId":13,"path":"/sqlite3-opfs-async-proxy.js","state":"request-received"}}
{"browserSmoke":{"elapsedMs":3132,"consumer":"shared-library","stage":"http","requestId":13,"path":"/sqlite3-opfs-async-proxy.js","state":"file-read-completed","bodyBytes":24541,"durationMs":0}}
{"browserSmoke":{"elapsedMs":3133,"consumer":"shared-library","stage":"http","requestId":13,"path":"/sqlite3-opfs-async-proxy.js","state":"response-finished","status":200,"bodyBytes":24541,"durationMs":0}}
{"browserSmoke":{"elapsedMs":3135,"consumer":"shared-library","stage":"browser-response","state":"headers","path":"/sqlite3-opfs-async-proxy.js","status":200}}
{"browserSmoke":{"elapsedMs":3139,"consumer":"shared-library","stage":"browser-request","state":"finished","path":"/sqlite3-opfs-async-proxy.js"}}
{"browserSmoke":{"elapsedMs":3148,"consumer":"shared-library","stage":"http","requestId":14,"path":"/sqlite3-opfs-async-proxy.js","state":"request-received"}}
{"browserSmoke":{"elapsedMs":3148,"consumer":"shared-library","stage":"browser-request","state":"started","path":"/sqlite3-opfs-async-proxy.js"}}
{"browserSmoke":{"elapsedMs":3148,"consumer":"shared-library","stage":"http","requestId":14,"path":"/sqlite3-opfs-async-proxy.js","state":"file-read-completed","bodyBytes":24541,"durationMs":0}}
{"browserSmoke":{"elapsedMs":3149,"consumer":"shared-library","stage":"http","requestId":14,"path":"/sqlite3-opfs-async-proxy.js","state":"response-finished","status":200,"bodyBytes":24541,"durationMs":0}}
{"browserSmoke":{"elapsedMs":3151,"consumer":"shared-library","stage":"browser-response","state":"headers","path":"/sqlite3-opfs-async-proxy.js","status":200}}
{"browserSmoke":{"elapsedMs":3152,"consumer":"shared-library","stage":"browser-request","state":"finished","path":"/sqlite3-opfs-async-proxy.js"}}
{"browserSmoke":{"elapsedMs":3166,"consumer":"shared-library","stage":"sqlite-open","state":"completed","durationMs":77}}
{"browserSmoke":{"elapsedMs":3167,"consumer":"shared-library","stage":"sqlite-write","state":"started"}}
{"browserSmoke":{"elapsedMs":3170,"consumer":"shared-library","stage":"sqlite-write","state":"completed","durationMs":3}}
{"browserSmoke":{"elapsedMs":3170,"consumer":"shared-library","stage":"sqlite-read","state":"started"}}
{"browserSmoke":{"elapsedMs":3172,"consumer":"shared-library","stage":"sqlite-read","state":"completed","durationMs":2}}
{"browserSmoke":{"elapsedMs":3172,"consumer":"shared-library","stage":"sqlite-close","state":"started"}}
{"browserSmoke":{"elapsedMs":3174,"consumer":"shared-library","stage":"sqlite-close","state":"completed","durationMs":1}}
{"browserSmoke":{"elapsedMs":3198,"consumer":"shared-library","stage":"browser","state":"disconnected","deadlineExceeded":false}}
{"browserSmoke":{"elapsedMs":3244,"consumer":"engine-adapter","stage":"browser-launch","state":"started"}}
{"browserSmoke":{"elapsedMs":3545,"consumer":"engine-adapter","stage":"browser-launch","state":"completed"}}
{"browserSmoke":{"elapsedMs":3545,"consumer":"engine-adapter","stage":"page-create","state":"started"}}
{"browserSmoke":{"elapsedMs":3611,"consumer":"engine-adapter","stage":"page-create","state":"completed"}}
{"browserSmoke":{"elapsedMs":3612,"consumer":"engine-adapter","stage":"expose-function","state":"started"}}
{"browserSmoke":{"elapsedMs":3616,"consumer":"engine-adapter","stage":"expose-function","state":"completed"}}
{"browserSmoke":{"elapsedMs":3616,"consumer":"engine-adapter","stage":"install-readiness-markers","state":"started"}}
{"browserSmoke":{"elapsedMs":3617,"consumer":"engine-adapter","stage":"install-readiness-markers","state":"completed"}}
{"browserSmoke":{"elapsedMs":3617,"consumer":"engine-adapter","stage":"navigation","state":"started"}}
{"browserSmoke":{"elapsedMs":3619,"consumer":"engine-adapter","stage":"browser-request","state":"started","path":"/"}}
{"browserSmoke":{"elapsedMs":3620,"consumer":"engine-adapter","stage":"http","requestId":15,"path":"/","state":"request-received"}}
{"browserSmoke":{"elapsedMs":3621,"consumer":"engine-adapter","stage":"http","requestId":15,"path":"/","state":"response-finished","status":200,"bodyBytes":3384,"durationMs":0}}
{"browserSmoke":{"elapsedMs":3625,"consumer":"engine-adapter","stage":"browser-response","state":"headers","path":"/","status":200}}
{"browserSmoke":{"elapsedMs":3656,"consumer":"engine-adapter","stage":"http","requestId":16,"path":"/aztec_bundle.js","state":"request-received"}}
{"browserSmoke":{"elapsedMs":3657,"consumer":"engine-adapter","stage":"http","requestId":17,"path":"/crs-client.js","state":"request-received"}}
{"browserSmoke":{"elapsedMs":3657,"consumer":"engine-adapter","stage":"http","requestId":18,"path":"/aztec-lib.js","state":"request-received"}}
{"browserSmoke":{"elapsedMs":3657,"consumer":"engine-adapter","stage":"http","requestId":19,"path":"/app-env.js","state":"request-received"}}
{"browserSmoke":{"elapsedMs":3658,"consumer":"engine-adapter","stage":"http","requestId":17,"path":"/crs-client.js","state":"file-read-completed","bodyBytes":7428,"durationMs":1}}
{"browserSmoke":{"elapsedMs":3658,"consumer":"engine-adapter","stage":"http","requestId":17,"path":"/crs-client.js","state":"response-finished","status":200,"bodyBytes":7428,"durationMs":2}}
{"browserSmoke":{"elapsedMs":3658,"consumer":"engine-adapter","stage":"http","requestId":18,"path":"/aztec-lib.js","state":"file-read-completed","bodyBytes":37766,"durationMs":2}}
{"browserSmoke":{"elapsedMs":3659,"consumer":"engine-adapter","stage":"http","requestId":18,"path":"/aztec-lib.js","state":"response-finished","status":200,"bodyBytes":37766,"durationMs":2}}
{"browserSmoke":{"elapsedMs":3659,"consumer":"engine-adapter","stage":"http","requestId":19,"path":"/app-env.js","state":"file-read-completed","bodyBytes":11161,"durationMs":2}}
{"browserSmoke":{"elapsedMs":3659,"consumer":"engine-adapter","stage":"http","requestId":19,"path":"/app-env.js","state":"response-finished","status":200,"bodyBytes":11161,"durationMs":2}}
{"browserSmoke":{"elapsedMs":3668,"consumer":"engine-adapter","stage":"browser-request","state":"started","path":"/aztec_bundle.js"}}
{"browserSmoke":{"elapsedMs":3668,"consumer":"engine-adapter","stage":"browser-request","state":"started","path":"/crs-client.js"}}
{"browserSmoke":{"elapsedMs":3668,"consumer":"engine-adapter","stage":"browser-request","state":"started","path":"/aztec-lib.js"}}
{"browserSmoke":{"elapsedMs":3668,"consumer":"engine-adapter","stage":"browser-request","state":"started","path":"/app-env.js"}}
{"browserSmoke":{"elapsedMs":3668,"consumer":"engine-adapter","stage":"script.sdk","state":"before-script","browserElapsedMs":40}}
{"browserSmoke":{"elapsedMs":3668,"consumer":"engine-adapter","stage":"browser-request","state":"finished","path":"/"}}
{"browserSmoke":{"elapsedMs":3669,"consumer":"engine-adapter","stage":"browser-response","state":"headers","path":"/crs-client.js","status":200}}
{"browserSmoke":{"elapsedMs":3669,"consumer":"engine-adapter","stage":"browser-request","state":"finished","path":"/crs-client.js"}}
{"browserSmoke":{"elapsedMs":3669,"consumer":"engine-adapter","stage":"browser-response","state":"headers","path":"/app-env.js","status":200}}
{"browserSmoke":{"elapsedMs":3669,"consumer":"engine-adapter","stage":"browser-request","state":"finished","path":"/app-env.js"}}
{"browserSmoke":{"elapsedMs":3669,"consumer":"engine-adapter","stage":"browser-response","state":"headers","path":"/aztec-lib.js","status":200}}
{"browserSmoke":{"elapsedMs":3669,"consumer":"engine-adapter","stage":"browser-request","state":"finished","path":"/aztec-lib.js"}}
{"browserSmoke":{"elapsedMs":3676,"consumer":"engine-adapter","stage":"http","requestId":16,"path":"/aztec_bundle.js","state":"file-read-completed","bodyBytes":50304646,"durationMs":19}}
{"browserSmoke":{"elapsedMs":3902,"consumer":"engine-adapter","stage":"http","requestId":16,"path":"/aztec_bundle.js","state":"response-finished","status":200,"bodyBytes":50304646,"durationMs":246}}
{"browserSmoke":{"elapsedMs":4024,"consumer":"engine-adapter","stage":"browser-response","state":"headers","path":"/aztec_bundle.js","status":200}}
{"browserSmoke":{"elapsedMs":4025,"consumer":"engine-adapter","stage":"browser-request","state":"finished","path":"/aztec_bundle.js"}}
{"browserSmoke":{"elapsedMs":4689,"consumer":"engine-adapter","stage":"script.sdk","state":"script-load","browserElapsedMs":1069}}
{"browserSmoke":{"elapsedMs":4690,"consumer":"engine-adapter","stage":"script.sdk","state":"after-script","browserElapsedMs":1069}}
{"browserSmoke":{"elapsedMs":4690,"consumer":"engine-adapter","stage":"script.crs-client","state":"before-script","browserElapsedMs":1070}}
{"browserSmoke":{"elapsedMs":4691,"consumer":"engine-adapter","stage":"script.crs-client","state":"script-load","browserElapsedMs":1070}}
{"browserSmoke":{"elapsedMs":4691,"consumer":"engine-adapter","stage":"script.crs-client","state":"after-script","browserElapsedMs":1070}}
{"browserSmoke":{"elapsedMs":4691,"consumer":"engine-adapter","stage":"script.shared-library","state":"before-script","browserElapsedMs":1070}}
{"browserSmoke":{"elapsedMs":4691,"consumer":"engine-adapter","stage":"script.shared-library","state":"script-load","browserElapsedMs":1070}}
{"browserSmoke":{"elapsedMs":4691,"consumer":"engine-adapter","stage":"script.shared-library","state":"after-script","browserElapsedMs":1070}}
{"browserSmoke":{"elapsedMs":4691,"consumer":"engine-adapter","stage":"script.engine-adapter","state":"before-script","browserElapsedMs":1070}}
{"browserSmoke":{"elapsedMs":4691,"consumer":"engine-adapter","stage":"script.engine-adapter","state":"script-load","browserElapsedMs":1070}}
{"browserSmoke":{"elapsedMs":4691,"consumer":"engine-adapter","stage":"script.engine-adapter","state":"after-script","browserElapsedMs":1070}}
{"browserSmoke":{"elapsedMs":4694,"consumer":"engine-adapter","stage":"script.document","state":"dom-content-loaded","browserElapsedMs":1072}}
{"browserSmoke":{"elapsedMs":4695,"consumer":"engine-adapter","stage":"script.document","state":"load","browserElapsedMs":1072}}
{"browserSmoke":{"elapsedMs":4695,"consumer":"engine-adapter","stage":"navigation","state":"completed"}}
{"browserSmoke":{"elapsedMs":4697,"consumer":"engine-adapter","stage":"sync-prover-init","state":"started"}}
{"browserSmoke":{"elapsedMs":4929,"consumer":"engine-adapter","stage":"sync-prover-init","state":"completed","durationMs":232}}
{"browserSmoke":{"elapsedMs":4930,"consumer":"engine-adapter","stage":"engine-crs-adapter","state":"started"}}
{"browserSmoke":{"elapsedMs":4932,"consumer":"engine-adapter","stage":"crs-1.load.g1_uncompressed.dat","state":"started"}}
{"browserSmoke":{"elapsedMs":4933,"consumer":"engine-adapter","stage":"browser-request","state":"started","path":"/crs/g1_uncompressed.dat"}}
{"browserSmoke":{"elapsedMs":4933,"consumer":"engine-adapter","stage":"http","requestId":20,"path":"/crs/g1_uncompressed.dat","state":"request-received"}}
{"browserSmoke":{"elapsedMs":4956,"consumer":"engine-adapter","stage":"http","requestId":20,"path":"/crs/g1_uncompressed.dat","state":"file-read-completed","bodyBytes":75497472,"durationMs":23}}
{"browserSmoke":{"elapsedMs":4963,"consumer":"engine-adapter","stage":"browser-response","state":"headers","path":"/crs/g1_uncompressed.dat","status":200}}
{"browserSmoke":{"elapsedMs":5007,"consumer":"engine-adapter","stage":"http","requestId":20,"path":"/crs/g1_uncompressed.dat","state":"response-finished","status":200,"bodyBytes":75497472,"durationMs":74}}
{"browserSmoke":{"elapsedMs":5014,"consumer":"engine-adapter","stage":"browser-request","state":"finished","path":"/crs/g1_uncompressed.dat"}}
{"browserSmoke":{"elapsedMs":5014,"consumer":"engine-adapter","stage":"crs-1.load.g1_uncompressed.dat","state":"completed","durationMs":82}}
{"browserSmoke":{"elapsedMs":5017,"consumer":"engine-adapter","stage":"crs-1.sha256.75497472","state":"started"}}
{"browserSmoke":{"elapsedMs":5360,"consumer":"engine-adapter","stage":"crs-1.sha256.75497472","state":"completed","durationMs":343}}
{"browserSmoke":{"elapsedMs":5361,"consumer":"engine-adapter","stage":"crs-1.load.g2.dat","state":"started"}}
{"browserSmoke":{"elapsedMs":5363,"consumer":"engine-adapter","stage":"http","requestId":21,"path":"/crs/g2.dat","state":"request-received"}}
{"browserSmoke":{"elapsedMs":5363,"consumer":"engine-adapter","stage":"browser-request","state":"started","path":"/crs/g2.dat"}}
{"browserSmoke":{"elapsedMs":5363,"consumer":"engine-adapter","stage":"http","requestId":21,"path":"/crs/g2.dat","state":"file-read-completed","bodyBytes":128,"durationMs":0}}
{"browserSmoke":{"elapsedMs":5363,"consumer":"engine-adapter","stage":"http","requestId":21,"path":"/crs/g2.dat","state":"response-finished","status":200,"bodyBytes":128,"durationMs":1}}
{"browserSmoke":{"elapsedMs":5364,"consumer":"engine-adapter","stage":"browser-response","state":"headers","path":"/crs/g2.dat","status":200}}
{"browserSmoke":{"elapsedMs":5364,"consumer":"engine-adapter","stage":"browser-request","state":"finished","path":"/crs/g2.dat"}}
{"browserSmoke":{"elapsedMs":5364,"consumer":"engine-adapter","stage":"crs-1.load.g2.dat","state":"completed","durationMs":3}}
{"browserSmoke":{"elapsedMs":5365,"consumer":"engine-adapter","stage":"crs-1.sha256.128","state":"started"}}
{"browserSmoke":{"elapsedMs":5366,"consumer":"engine-adapter","stage":"crs-1.sha256.128","state":"completed","durationMs":1}}
{"browserSmoke":{"elapsedMs":5366,"consumer":"engine-adapter","stage":"crs-1.load.grumpkin_g1.dat","state":"started"}}
{"browserSmoke":{"elapsedMs":5367,"consumer":"engine-adapter","stage":"http","requestId":22,"path":"/crs/grumpkin_g1.dat","state":"request-received"}}
{"browserSmoke":{"elapsedMs":5368,"consumer":"engine-adapter","stage":"browser-request","state":"started","path":"/crs/grumpkin_g1.dat"}}
{"browserSmoke":{"elapsedMs":5369,"consumer":"engine-adapter","stage":"http","requestId":22,"path":"/crs/grumpkin_g1.dat","state":"file-read-completed","bodyBytes":4194368,"durationMs":2}}
{"browserSmoke":{"elapsedMs":5370,"consumer":"engine-adapter","stage":"http","requestId":22,"path":"/crs/grumpkin_g1.dat","state":"response-finished","status":200,"bodyBytes":4194368,"durationMs":2}}
{"browserSmoke":{"elapsedMs":5370,"consumer":"engine-adapter","stage":"browser-response","state":"headers","path":"/crs/grumpkin_g1.dat","status":200}}
{"browserSmoke":{"elapsedMs":5417,"consumer":"engine-adapter","stage":"browser-request","state":"finished","path":"/crs/grumpkin_g1.dat"}}
{"browserSmoke":{"elapsedMs":5417,"consumer":"engine-adapter","stage":"crs-1.load.grumpkin_g1.dat","state":"completed","durationMs":45}}
{"browserSmoke":{"elapsedMs":5418,"consumer":"engine-adapter","stage":"crs-1.sha256.4194368","state":"started"}}
{"browserSmoke":{"elapsedMs":5438,"consumer":"engine-adapter","stage":"crs-1.sha256.4194368","state":"completed","durationMs":19}}
{"browserSmoke":{"elapsedMs":5438,"consumer":"engine-adapter","stage":"crs-1.srsInitSrs","state":"started"}}
{"browserSmoke":{"elapsedMs":5870,"consumer":"engine-adapter","stage":"crs-1.srsInitSrs","state":"completed","durationMs":431}}
{"browserSmoke":{"elapsedMs":5871,"consumer":"engine-adapter","stage":"crs-1.srsInitGrumpkinSrs","state":"started"}}
{"browserSmoke":{"elapsedMs":5889,"consumer":"engine-adapter","stage":"crs-1.srsInitGrumpkinSrs","state":"completed","durationMs":17}}
{"browserSmoke":{"elapsedMs":5890,"consumer":"engine-adapter","stage":"engine-crs-adapter","state":"completed","durationMs":960}}
{"browserSmoke":{"elapsedMs":5891,"consumer":"engine-adapter","stage":"poseidon","state":"started"}}
{"browserSmoke":{"elapsedMs":5893,"consumer":"engine-adapter","stage":"poseidon","state":"completed","durationMs":2}}
{"browserSmoke":{"elapsedMs":5893,"consumer":"engine-adapter","stage":"async-prover-init","state":"started"}}
{"browserSmoke":{"elapsedMs":5895,"consumer":"engine-adapter","stage":"browser-request","state":"started","path":"/bb-main.worker.js"}}
{"browserSmoke":{"elapsedMs":5895,"consumer":"engine-adapter","stage":"http","requestId":23,"path":"/bb-main.worker.js","state":"request-received"}}
{"browserSmoke":{"elapsedMs":5896,"consumer":"engine-adapter","stage":"http","requestId":23,"path":"/bb-main.worker.js","state":"file-read-completed","bodyBytes":22772,"durationMs":0}}
{"browserSmoke":{"elapsedMs":5896,"consumer":"engine-adapter","stage":"http","requestId":23,"path":"/bb-main.worker.js","state":"response-finished","status":200,"bodyBytes":22772,"durationMs":0}}
{"browserSmoke":{"elapsedMs":5899,"consumer":"engine-adapter","stage":"browser-response","state":"headers","path":"/bb-main.worker.js","status":200}}
{"browserSmoke":{"elapsedMs":5900,"consumer":"engine-adapter","stage":"browser-request","state":"finished","path":"/bb-main.worker.js"}}
{"browserSmoke":{"elapsedMs":6066,"consumer":"engine-adapter","stage":"http","requestId":24,"path":"/bb-thread.worker.js","state":"request-received"}}
{"browserSmoke":{"elapsedMs":6066,"consumer":"engine-adapter","stage":"http","requestId":24,"path":"/bb-thread.worker.js","state":"file-read-completed","bodyBytes":15377,"durationMs":0}}
{"browserSmoke":{"elapsedMs":6066,"consumer":"engine-adapter","stage":"http","requestId":24,"path":"/bb-thread.worker.js","state":"response-finished","status":200,"bodyBytes":15377,"durationMs":0}}
{"browserSmoke":{"elapsedMs":6066,"consumer":"engine-adapter","stage":"browser-request","state":"started","path":"/bb-thread.worker.js"}}
{"browserSmoke":{"elapsedMs":6090,"consumer":"engine-adapter","stage":"browser-response","state":"headers","path":"/bb-thread.worker.js","status":200}}
{"browserSmoke":{"elapsedMs":6091,"consumer":"engine-adapter","stage":"browser-request","state":"finished","path":"/bb-thread.worker.js"}}
{"browserSmoke":{"elapsedMs":6096,"consumer":"engine-adapter","stage":"async-prover-init","state":"completed","durationMs":199}}
{"browserSmoke":{"elapsedMs":6100,"consumer":"engine-adapter","stage":"async-prover-destroy","state":"started"}}
{"browserSmoke":{"elapsedMs":6102,"consumer":"engine-adapter","stage":"async-prover-destroy","state":"completed","durationMs":2}}
{"browserSmoke":{"elapsedMs":6105,"consumer":"engine-adapter","stage":"sqlite-open","state":"started"}}
{"browserSmoke":{"elapsedMs":6106,"consumer":"engine-adapter","stage":"browser-request","state":"started","path":"/sqlite.worker.js"}}
{"browserSmoke":{"elapsedMs":6106,"consumer":"engine-adapter","stage":"http","requestId":25,"path":"/sqlite.worker.js","state":"request-received"}}
{"browserSmoke":{"elapsedMs":6106,"consumer":"engine-adapter","stage":"http","requestId":25,"path":"/sqlite.worker.js","state":"file-read-completed","bodyBytes":476347,"durationMs":0}}
{"browserSmoke":{"elapsedMs":6106,"consumer":"engine-adapter","stage":"http","requestId":25,"path":"/sqlite.worker.js","state":"response-finished","status":200,"bodyBytes":476347,"durationMs":0}}
{"browserSmoke":{"elapsedMs":6110,"consumer":"engine-adapter","stage":"browser-response","state":"headers","path":"/sqlite.worker.js","status":200}}
{"browserSmoke":{"elapsedMs":6115,"consumer":"engine-adapter","stage":"browser-request","state":"finished","path":"/sqlite.worker.js"}}
{"browserSmoke":{"elapsedMs":6123,"consumer":"engine-adapter","stage":"http","requestId":26,"path":"/sqlite3.wasm","state":"request-received"}}
{"browserSmoke":{"elapsedMs":6123,"consumer":"engine-adapter","stage":"http","requestId":26,"path":"/sqlite3.wasm","state":"file-read-completed","bodyBytes":1058719,"durationMs":1}}
{"browserSmoke":{"elapsedMs":6124,"consumer":"engine-adapter","stage":"http","requestId":26,"path":"/sqlite3.wasm","state":"response-finished","status":200,"bodyBytes":1058719,"durationMs":1}}
{"browserSmoke":{"elapsedMs":6133,"consumer":"engine-adapter","stage":"browser-request","state":"started","path":"/sqlite3.wasm"}}
{"browserSmoke":{"elapsedMs":6134,"consumer":"engine-adapter","stage":"browser-response","state":"headers","path":"/sqlite3.wasm","status":200}}
{"browserSmoke":{"elapsedMs":6150,"consumer":"engine-adapter","stage":"browser-request","state":"started","path":"/sqlite3-opfs-async-proxy.js"}}
{"browserSmoke":{"elapsedMs":6150,"consumer":"engine-adapter","stage":"http","requestId":27,"path":"/sqlite3-opfs-async-proxy.js","state":"request-received"}}
{"browserSmoke":{"elapsedMs":6150,"consumer":"engine-adapter","stage":"browser-request","state":"finished","path":"/sqlite3.wasm"}}
{"browserSmoke":{"elapsedMs":6150,"consumer":"engine-adapter","stage":"http","requestId":27,"path":"/sqlite3-opfs-async-proxy.js","state":"file-read-completed","bodyBytes":24541,"durationMs":0}}
{"browserSmoke":{"elapsedMs":6150,"consumer":"engine-adapter","stage":"http","requestId":27,"path":"/sqlite3-opfs-async-proxy.js","state":"response-finished","status":200,"bodyBytes":24541,"durationMs":0}}
{"browserSmoke":{"elapsedMs":6153,"consumer":"engine-adapter","stage":"browser-response","state":"headers","path":"/sqlite3-opfs-async-proxy.js","status":200}}
{"browserSmoke":{"elapsedMs":6154,"consumer":"engine-adapter","stage":"browser-request","state":"finished","path":"/sqlite3-opfs-async-proxy.js"}}
{"browserSmoke":{"elapsedMs":6159,"consumer":"engine-adapter","stage":"browser-request","state":"started","path":"/sqlite3-opfs-async-proxy.js"}}
{"browserSmoke":{"elapsedMs":6160,"consumer":"engine-adapter","stage":"http","requestId":28,"path":"/sqlite3-opfs-async-proxy.js","state":"request-received"}}
{"browserSmoke":{"elapsedMs":6160,"consumer":"engine-adapter","stage":"http","requestId":28,"path":"/sqlite3-opfs-async-proxy.js","state":"file-read-completed","bodyBytes":24541,"durationMs":0}}
{"browserSmoke":{"elapsedMs":6160,"consumer":"engine-adapter","stage":"http","requestId":28,"path":"/sqlite3-opfs-async-proxy.js","state":"response-finished","status":200,"bodyBytes":24541,"durationMs":0}}
{"browserSmoke":{"elapsedMs":6163,"consumer":"engine-adapter","stage":"browser-response","state":"headers","path":"/sqlite3-opfs-async-proxy.js","status":200}}
{"browserSmoke":{"elapsedMs":6164,"consumer":"engine-adapter","stage":"browser-request","state":"finished","path":"/sqlite3-opfs-async-proxy.js"}}
{"browserSmoke":{"elapsedMs":6178,"consumer":"engine-adapter","stage":"sqlite-open","state":"completed","durationMs":73}}
{"browserSmoke":{"elapsedMs":6179,"consumer":"engine-adapter","stage":"sqlite-write","state":"started"}}
{"browserSmoke":{"elapsedMs":6182,"consumer":"engine-adapter","stage":"sqlite-write","state":"completed","durationMs":3}}
{"browserSmoke":{"elapsedMs":6183,"consumer":"engine-adapter","stage":"sqlite-read","state":"started"}}
{"browserSmoke":{"elapsedMs":6184,"consumer":"engine-adapter","stage":"sqlite-read","state":"completed","durationMs":2}}
{"browserSmoke":{"elapsedMs":6185,"consumer":"engine-adapter","stage":"sqlite-close","state":"started"}}
{"browserSmoke":{"elapsedMs":6187,"consumer":"engine-adapter","stage":"sqlite-close","state":"completed","durationMs":2}}
{"browserSmoke":{"elapsedMs":6198,"consumer":"engine-adapter","stage":"browser","state":"disconnected","deadlineExceeded":false}}
{
  "outcome": "pass",
  "navigationTimeoutMsPerConsumer": 30000,
  "evaluationTimeoutMsPerConsumer": 120000,
  "isolation": "Fresh browser process and disposable profile per consumer",
  "consumers": [
    {
      "consumer": "shared-library",
      "outcome": "pass",
      "browser": "145.0.7632.6",
      "evaluationMs": 1543,
      "crs": "verified and initialized through shared-library",
      "bn254Inputs": [
        {
          "bytes": 75497472,
          "numPoints": 1179648
        }
      ],
      "legacyBuffer": "01",
      "exports": 74,
      "crossOriginIsolated": true,
      "poseidon": "0x038682aa1cb5ae4e0a3f13da432a95c77c5c111f6f030faf9cad641ce1ed7383",
      "sqlite": "value",
      "workers": "initialized and destroyed"
    },
    {
      "consumer": "engine-adapter",
      "outcome": "pass",
      "browser": "145.0.7632.6",
      "evaluationMs": 1494,
      "crs": "verified and initialized through engine-adapter",
      "bn254Inputs": [
        {
          "bytes": 75497472,
          "numPoints": 1179648
        }
      ],
      "legacyBuffer": "01",
      "exports": 74,
      "crossOriginIsolated": true,
      "poseidon": "0x038682aa1cb5ae4e0a3f13da432a95c77c5c111f6f030faf9cad641ce1ed7383",
      "sqlite": "value",
      "workers": "initialized and destroyed"
    }
  ],
  "sourceHashes": {
    ".build/sdk/aztec_bundle.js": "c21c47f831fc0992bd5099dfc15af8ee4ac7b0496b191504d1762a3cb566913f",
    "scripts/test-sdk-browser.mjs": "5024b762ab12d00e680c7d72bb672fd96cb6be327bbe791929dfe55fbda8468a",
    "crs-manifest.json": "4927de3e03d69f4e640a841f9421dd0b93819b5e3d42c142d12ee079d5a402be",
    "shared/crs-client.js": "d2f05e23a00be052861eab920d8e1673767028256fceb825d1c7ee70b91e193a",
    "shared/aztec-lib.js": "aa8d08ccbc0402c7dd2dc4ad352e2c79634696cce491b050a574219f5a5c3286",
    "shared/app-env.js": "8aa2f83b858731c273b218def2cac2b6bee379ea2f7568e3758579c137caf821"
  },
  "stages": [
    {
      "elapsedMs": 4,
      "stage": "http-server",
      "state": "listening"
    },
    {
      "elapsedMs": 4,
      "consumer": "shared-library",
      "stage": "browser-launch",
      "state": "started"
    },
    {
      "elapsedMs": 558,
      "consumer": "shared-library",
      "stage": "browser-launch",
      "state": "completed"
    },
    {
      "elapsedMs": 558,
      "consumer": "shared-library",
      "stage": "page-create",
      "state": "started"
    },
    {
      "elapsedMs": 638,
      "consumer": "shared-library",
      "stage": "page-create",
      "state": "completed"
    },
    {
      "elapsedMs": 638,
      "consumer": "shared-library",
      "stage": "expose-function",
      "state": "started"
    },
    {
      "elapsedMs": 644,
      "consumer": "shared-library",
      "stage": "expose-function",
      "state": "completed"
    },
    {
      "elapsedMs": 644,
      "consumer": "shared-library",
      "stage": "install-readiness-markers",
      "state": "started"
    },
    {
      "elapsedMs": 645,
      "consumer": "shared-library",
      "stage": "install-readiness-markers",
      "state": "completed"
    },
    {
      "elapsedMs": 645,
      "consumer": "shared-library",
      "stage": "navigation",
      "state": "started"
    },
    {
      "elapsedMs": 648,
      "consumer": "shared-library",
      "stage": "browser-request",
      "state": "started",
      "path": "/"
    },
    {
      "elapsedMs": 650,
      "consumer": "shared-library",
      "stage": "http",
      "requestId": 1,
      "path": "/",
      "state": "request-received"
    },
    {
      "elapsedMs": 652,
      "consumer": "shared-library",
      "stage": "http",
      "requestId": 1,
      "path": "/",
      "state": "response-finished",
      "status": 200,
      "bodyBytes": 3384,
      "durationMs": 3
    },
    {
      "elapsedMs": 655,
      "consumer": "shared-library",
      "stage": "browser-response",
      "state": "headers",
      "path": "/",
      "status": 200
    },
    {
      "elapsedMs": 690,
      "consumer": "shared-library",
      "stage": "http",
      "requestId": 2,
      "path": "/aztec_bundle.js",
      "state": "request-received"
    },
    {
      "elapsedMs": 690,
      "consumer": "shared-library",
      "stage": "http",
      "requestId": 3,
      "path": "/crs-client.js",
      "state": "request-received"
    },
    {
      "elapsedMs": 690,
      "consumer": "shared-library",
      "stage": "http",
      "requestId": 4,
      "path": "/aztec-lib.js",
      "state": "request-received"
    },
    {
      "elapsedMs": 690,
      "consumer": "shared-library",
      "stage": "http",
      "requestId": 5,
      "path": "/app-env.js",
      "state": "request-received"
    },
    {
      "elapsedMs": 691,
      "consumer": "shared-library",
      "stage": "http",
      "requestId": 3,
      "path": "/crs-client.js",
      "state": "file-read-completed",
      "bodyBytes": 7428,
      "durationMs": 0
    },
    {
      "elapsedMs": 691,
      "consumer": "shared-library",
      "stage": "http",
      "requestId": 3,
      "path": "/crs-client.js",
      "state": "response-finished",
      "status": 200,
      "bodyBytes": 7428,
      "durationMs": 1
    },
    {
      "elapsedMs": 691,
      "consumer": "shared-library",
      "stage": "http",
      "requestId": 5,
      "path": "/app-env.js",
      "state": "file-read-completed",
      "bodyBytes": 11161,
      "durationMs": 1
    },
    {
      "elapsedMs": 691,
      "consumer": "shared-library",
      "stage": "http",
      "requestId": 5,
      "path": "/app-env.js",
      "state": "response-finished",
      "status": 200,
      "bodyBytes": 11161,
      "durationMs": 1
    },
    {
      "elapsedMs": 691,
      "consumer": "shared-library",
      "stage": "http",
      "requestId": 4,
      "path": "/aztec-lib.js",
      "state": "file-read-completed",
      "bodyBytes": 37766,
      "durationMs": 1
    },
    {
      "elapsedMs": 692,
      "consumer": "shared-library",
      "stage": "http",
      "requestId": 4,
      "path": "/aztec-lib.js",
      "state": "response-finished",
      "status": 200,
      "bodyBytes": 37766,
      "durationMs": 1
    },
    {
      "elapsedMs": 699,
      "consumer": "shared-library",
      "stage": "http",
      "requestId": 2,
      "path": "/aztec_bundle.js",
      "state": "file-read-completed",
      "bodyBytes": 50304646,
      "durationMs": 9
    },
    {
      "elapsedMs": 702,
      "consumer": "shared-library",
      "stage": "browser-request",
      "state": "started",
      "path": "/aztec_bundle.js"
    },
    {
      "elapsedMs": 703,
      "consumer": "shared-library",
      "stage": "browser-request",
      "state": "started",
      "path": "/crs-client.js"
    },
    {
      "elapsedMs": 703,
      "consumer": "shared-library",
      "stage": "browser-request",
      "state": "started",
      "path": "/aztec-lib.js"
    },
    {
      "elapsedMs": 703,
      "consumer": "shared-library",
      "stage": "browser-request",
      "state": "started",
      "path": "/app-env.js"
    },
    {
      "elapsedMs": 705,
      "consumer": "shared-library",
      "stage": "script.sdk",
      "state": "before-script",
      "browserElapsedMs": 45
    },
    {
      "elapsedMs": 706,
      "consumer": "shared-library",
      "stage": "browser-request",
      "state": "finished",
      "path": "/"
    },
    {
      "elapsedMs": 707,
      "consumer": "shared-library",
      "stage": "browser-response",
      "state": "headers",
      "path": "/crs-client.js",
      "status": 200
    },
    {
      "elapsedMs": 707,
      "consumer": "shared-library",
      "stage": "browser-request",
      "state": "finished",
      "path": "/crs-client.js"
    },
    {
      "elapsedMs": 707,
      "consumer": "shared-library",
      "stage": "browser-response",
      "state": "headers",
      "path": "/app-env.js",
      "status": 200
    },
    {
      "elapsedMs": 707,
      "consumer": "shared-library",
      "stage": "browser-request",
      "state": "finished",
      "path": "/app-env.js"
    },
    {
      "elapsedMs": 707,
      "consumer": "shared-library",
      "stage": "browser-response",
      "state": "headers",
      "path": "/aztec-lib.js",
      "status": 200
    },
    {
      "elapsedMs": 707,
      "consumer": "shared-library",
      "stage": "browser-request",
      "state": "finished",
      "path": "/aztec-lib.js"
    },
    {
      "elapsedMs": 967,
      "consumer": "shared-library",
      "stage": "http",
      "requestId": 2,
      "path": "/aztec_bundle.js",
      "state": "response-finished",
      "status": 200,
      "bodyBytes": 50304646,
      "durationMs": 277
    },
    {
      "elapsedMs": 1058,
      "consumer": "shared-library",
      "stage": "browser-response",
      "state": "headers",
      "path": "/aztec_bundle.js",
      "status": 200
    },
    {
      "elapsedMs": 1058,
      "consumer": "shared-library",
      "stage": "browser-request",
      "state": "finished",
      "path": "/aztec_bundle.js"
    },
    {
      "elapsedMs": 1631,
      "consumer": "shared-library",
      "stage": "script.sdk",
      "state": "script-load",
      "browserElapsedMs": 983
    },
    {
      "elapsedMs": 1631,
      "consumer": "shared-library",
      "stage": "script.sdk",
      "state": "after-script",
      "browserElapsedMs": 983
    },
    {
      "elapsedMs": 1631,
      "consumer": "shared-library",
      "stage": "script.crs-client",
      "state": "before-script",
      "browserElapsedMs": 983
    },
    {
      "elapsedMs": 1632,
      "consumer": "shared-library",
      "stage": "script.crs-client",
      "state": "script-load",
      "browserElapsedMs": 984
    },
    {
      "elapsedMs": 1633,
      "consumer": "shared-library",
      "stage": "script.crs-client",
      "state": "after-script",
      "browserElapsedMs": 984
    },
    {
      "elapsedMs": 1633,
      "consumer": "shared-library",
      "stage": "script.shared-library",
      "state": "before-script",
      "browserElapsedMs": 984
    },
    {
      "elapsedMs": 1633,
      "consumer": "shared-library",
      "stage": "script.shared-library",
      "state": "script-load",
      "browserElapsedMs": 984
    },
    {
      "elapsedMs": 1633,
      "consumer": "shared-library",
      "stage": "script.shared-library",
      "state": "after-script",
      "browserElapsedMs": 984
    },
    {
      "elapsedMs": 1633,
      "consumer": "shared-library",
      "stage": "script.engine-adapter",
      "state": "before-script",
      "browserElapsedMs": 984
    },
    {
      "elapsedMs": 1633,
      "consumer": "shared-library",
      "stage": "script.engine-adapter",
      "state": "script-load",
      "browserElapsedMs": 984
    },
    {
      "elapsedMs": 1633,
      "consumer": "shared-library",
      "stage": "script.engine-adapter",
      "state": "after-script",
      "browserElapsedMs": 984
    },
    {
      "elapsedMs": 1634,
      "consumer": "shared-library",
      "stage": "script.document",
      "state": "dom-content-loaded",
      "browserElapsedMs": 985
    },
    {
      "elapsedMs": 1635,
      "consumer": "shared-library",
      "stage": "script.document",
      "state": "load",
      "browserElapsedMs": 985
    },
    {
      "elapsedMs": 1635,
      "consumer": "shared-library",
      "stage": "navigation",
      "state": "completed"
    },
    {
      "elapsedMs": 1638,
      "consumer": "shared-library",
      "stage": "sync-prover-init",
      "state": "started"
    },
    {
      "elapsedMs": 1867,
      "consumer": "shared-library",
      "stage": "sync-prover-init",
      "state": "completed",
      "durationMs": 229
    },
    {
      "elapsedMs": 1868,
      "consumer": "shared-library",
      "stage": "shared-crs-adapter",
      "state": "started"
    },
    {
      "elapsedMs": 1869,
      "consumer": "shared-library",
      "stage": "crs-1.load.g1_uncompressed.dat",
      "state": "started"
    },
    {
      "elapsedMs": 1871,
      "consumer": "shared-library",
      "stage": "http",
      "requestId": 6,
      "path": "/crs/g1_uncompressed.dat",
      "state": "request-received"
    },
    {
      "elapsedMs": 1896,
      "consumer": "shared-library",
      "stage": "browser-request",
      "state": "started",
      "path": "/crs/g1_uncompressed.dat"
    },
    {
      "elapsedMs": 1901,
      "consumer": "shared-library",
      "stage": "http",
      "requestId": 6,
      "path": "/crs/g1_uncompressed.dat",
      "state": "file-read-completed",
      "bodyBytes": 75497472,
      "durationMs": 31
    },
    {
      "elapsedMs": 1911,
      "consumer": "shared-library",
      "stage": "browser-response",
      "state": "headers",
      "path": "/crs/g1_uncompressed.dat",
      "status": 200
    },
    {
      "elapsedMs": 1949,
      "consumer": "shared-library",
      "stage": "http",
      "requestId": 6,
      "path": "/crs/g1_uncompressed.dat",
      "state": "response-finished",
      "status": 200,
      "bodyBytes": 75497472,
      "durationMs": 78
    },
    {
      "elapsedMs": 1960,
      "consumer": "shared-library",
      "stage": "browser-request",
      "state": "finished",
      "path": "/crs/g1_uncompressed.dat"
    },
    {
      "elapsedMs": 1960,
      "consumer": "shared-library",
      "stage": "crs-1.load.g1_uncompressed.dat",
      "state": "completed",
      "durationMs": 83
    },
    {
      "elapsedMs": 1961,
      "consumer": "shared-library",
      "stage": "crs-1.sha256.75497472",
      "state": "started"
    },
    {
      "elapsedMs": 2301,
      "consumer": "shared-library",
      "stage": "crs-1.sha256.75497472",
      "state": "completed",
      "durationMs": 339
    },
    {
      "elapsedMs": 2301,
      "consumer": "shared-library",
      "stage": "crs-1.load.g2.dat",
      "state": "started"
    },
    {
      "elapsedMs": 2303,
      "consumer": "shared-library",
      "stage": "http",
      "requestId": 7,
      "path": "/crs/g2.dat",
      "state": "request-received"
    },
    {
      "elapsedMs": 2303,
      "consumer": "shared-library",
      "stage": "browser-request",
      "state": "started",
      "path": "/crs/g2.dat"
    },
    {
      "elapsedMs": 2303,
      "consumer": "shared-library",
      "stage": "http",
      "requestId": 7,
      "path": "/crs/g2.dat",
      "state": "file-read-completed",
      "bodyBytes": 128,
      "durationMs": 1
    },
    {
      "elapsedMs": 2303,
      "consumer": "shared-library",
      "stage": "http",
      "requestId": 7,
      "path": "/crs/g2.dat",
      "state": "response-finished",
      "status": 200,
      "bodyBytes": 128,
      "durationMs": 1
    },
    {
      "elapsedMs": 2304,
      "consumer": "shared-library",
      "stage": "browser-response",
      "state": "headers",
      "path": "/crs/g2.dat",
      "status": 200
    },
    {
      "elapsedMs": 2304,
      "consumer": "shared-library",
      "stage": "browser-request",
      "state": "finished",
      "path": "/crs/g2.dat"
    },
    {
      "elapsedMs": 2304,
      "consumer": "shared-library",
      "stage": "crs-1.load.g2.dat",
      "state": "completed",
      "durationMs": 3
    },
    {
      "elapsedMs": 2305,
      "consumer": "shared-library",
      "stage": "crs-1.sha256.128",
      "state": "started"
    },
    {
      "elapsedMs": 2306,
      "consumer": "shared-library",
      "stage": "crs-1.sha256.128",
      "state": "completed",
      "durationMs": 1
    },
    {
      "elapsedMs": 2307,
      "consumer": "shared-library",
      "stage": "crs-1.load.grumpkin_g1.dat",
      "state": "started"
    },
    {
      "elapsedMs": 2308,
      "consumer": "shared-library",
      "stage": "http",
      "requestId": 8,
      "path": "/crs/grumpkin_g1.dat",
      "state": "request-received"
    },
    {
      "elapsedMs": 2308,
      "consumer": "shared-library",
      "stage": "browser-request",
      "state": "started",
      "path": "/crs/grumpkin_g1.dat"
    },
    {
      "elapsedMs": 2310,
      "consumer": "shared-library",
      "stage": "http",
      "requestId": 8,
      "path": "/crs/grumpkin_g1.dat",
      "state": "file-read-completed",
      "bodyBytes": 4194368,
      "durationMs": 3
    },
    {
      "elapsedMs": 2311,
      "consumer": "shared-library",
      "stage": "http",
      "requestId": 8,
      "path": "/crs/grumpkin_g1.dat",
      "state": "response-finished",
      "status": 200,
      "bodyBytes": 4194368,
      "durationMs": 4
    },
    {
      "elapsedMs": 2312,
      "consumer": "shared-library",
      "stage": "browser-response",
      "state": "headers",
      "path": "/crs/grumpkin_g1.dat",
      "status": 200
    },
    {
      "elapsedMs": 2350,
      "consumer": "shared-library",
      "stage": "browser-request",
      "state": "finished",
      "path": "/crs/grumpkin_g1.dat"
    },
    {
      "elapsedMs": 2350,
      "consumer": "shared-library",
      "stage": "crs-1.load.grumpkin_g1.dat",
      "state": "completed",
      "durationMs": 43
    },
    {
      "elapsedMs": 2351,
      "consumer": "shared-library",
      "stage": "crs-1.sha256.4194368",
      "state": "started"
    },
    {
      "elapsedMs": 2370,
      "consumer": "shared-library",
      "stage": "crs-1.sha256.4194368",
      "state": "completed",
      "durationMs": 19
    },
    {
      "elapsedMs": 2371,
      "consumer": "shared-library",
      "stage": "crs-1.srsInitSrs",
      "state": "started"
    },
    {
      "elapsedMs": 2833,
      "consumer": "shared-library",
      "stage": "crs-1.srsInitSrs",
      "state": "completed",
      "durationMs": 461
    },
    {
      "elapsedMs": 2835,
      "consumer": "shared-library",
      "stage": "crs-1.srsInitGrumpkinSrs",
      "state": "started"
    },
    {
      "elapsedMs": 2853,
      "consumer": "shared-library",
      "stage": "crs-1.srsInitGrumpkinSrs",
      "state": "completed",
      "durationMs": 19
    },
    {
      "elapsedMs": 2854,
      "consumer": "shared-library",
      "stage": "shared-crs-adapter",
      "state": "completed",
      "durationMs": 987
    },
    {
      "elapsedMs": 2855,
      "consumer": "shared-library",
      "stage": "poseidon",
      "state": "started"
    },
    {
      "elapsedMs": 2857,
      "consumer": "shared-library",
      "stage": "poseidon",
      "state": "completed",
      "durationMs": 2
    },
    {
      "elapsedMs": 2860,
      "consumer": "shared-library",
      "stage": "async-prover-init",
      "state": "started"
    },
    {
      "elapsedMs": 2865,
      "consumer": "shared-library",
      "stage": "browser-request",
      "state": "started",
      "path": "/bb-main.worker.js"
    },
    {
      "elapsedMs": 2868,
      "consumer": "shared-library",
      "stage": "http",
      "requestId": 9,
      "path": "/bb-main.worker.js",
      "state": "request-received"
    },
    {
      "elapsedMs": 2868,
      "consumer": "shared-library",
      "stage": "http",
      "requestId": 9,
      "path": "/bb-main.worker.js",
      "state": "file-read-completed",
      "bodyBytes": 22772,
      "durationMs": 0
    },
    {
      "elapsedMs": 2868,
      "consumer": "shared-library",
      "stage": "http",
      "requestId": 9,
      "path": "/bb-main.worker.js",
      "state": "response-finished",
      "status": 200,
      "bodyBytes": 22772,
      "durationMs": 1
    },
    {
      "elapsedMs": 2913,
      "consumer": "shared-library",
      "stage": "browser-response",
      "state": "headers",
      "path": "/bb-main.worker.js",
      "status": 200
    },
    {
      "elapsedMs": 2918,
      "consumer": "shared-library",
      "stage": "browser-request",
      "state": "finished",
      "path": "/bb-main.worker.js"
    },
    {
      "elapsedMs": 3078,
      "consumer": "shared-library",
      "stage": "http",
      "requestId": 10,
      "path": "/bb-thread.worker.js",
      "state": "request-received"
    },
    {
      "elapsedMs": 3078,
      "consumer": "shared-library",
      "stage": "browser-request",
      "state": "started",
      "path": "/bb-thread.worker.js"
    },
    {
      "elapsedMs": 3079,
      "consumer": "shared-library",
      "stage": "http",
      "requestId": 10,
      "path": "/bb-thread.worker.js",
      "state": "file-read-completed",
      "bodyBytes": 15377,
      "durationMs": 1
    },
    {
      "elapsedMs": 3079,
      "consumer": "shared-library",
      "stage": "http",
      "requestId": 10,
      "path": "/bb-thread.worker.js",
      "state": "response-finished",
      "status": 200,
      "bodyBytes": 15377,
      "durationMs": 1
    },
    {
      "elapsedMs": 3082,
      "consumer": "shared-library",
      "stage": "browser-response",
      "state": "headers",
      "path": "/bb-thread.worker.js",
      "status": 200
    },
    {
      "elapsedMs": 3082,
      "consumer": "shared-library",
      "stage": "browser-request",
      "state": "finished",
      "path": "/bb-thread.worker.js"
    },
    {
      "elapsedMs": 3084,
      "consumer": "shared-library",
      "stage": "async-prover-init",
      "state": "completed",
      "durationMs": 224
    },
    {
      "elapsedMs": 3085,
      "consumer": "shared-library",
      "stage": "async-prover-destroy",
      "state": "started"
    },
    {
      "elapsedMs": 3086,
      "consumer": "shared-library",
      "stage": "async-prover-destroy",
      "state": "completed",
      "durationMs": 1
    },
    {
      "elapsedMs": 3089,
      "consumer": "shared-library",
      "stage": "sqlite-open",
      "state": "started"
    },
    {
      "elapsedMs": 3090,
      "consumer": "shared-library",
      "stage": "browser-request",
      "state": "started",
      "path": "/sqlite.worker.js"
    },
    {
      "elapsedMs": 3091,
      "consumer": "shared-library",
      "stage": "http",
      "requestId": 11,
      "path": "/sqlite.worker.js",
      "state": "request-received"
    },
    {
      "elapsedMs": 3091,
      "consumer": "shared-library",
      "stage": "http",
      "requestId": 11,
      "path": "/sqlite.worker.js",
      "state": "file-read-completed",
      "bodyBytes": 476347,
      "durationMs": 0
    },
    {
      "elapsedMs": 3091,
      "consumer": "shared-library",
      "stage": "http",
      "requestId": 11,
      "path": "/sqlite.worker.js",
      "state": "response-finished",
      "status": 200,
      "bodyBytes": 476347,
      "durationMs": 0
    },
    {
      "elapsedMs": 3094,
      "consumer": "shared-library",
      "stage": "browser-response",
      "state": "headers",
      "path": "/sqlite.worker.js",
      "status": 200
    },
    {
      "elapsedMs": 3099,
      "consumer": "shared-library",
      "stage": "browser-request",
      "state": "finished",
      "path": "/sqlite.worker.js"
    },
    {
      "elapsedMs": 3107,
      "consumer": "shared-library",
      "stage": "http",
      "requestId": 12,
      "path": "/sqlite3.wasm",
      "state": "request-received"
    },
    {
      "elapsedMs": 3107,
      "consumer": "shared-library",
      "stage": "browser-request",
      "state": "started",
      "path": "/sqlite3.wasm"
    },
    {
      "elapsedMs": 3108,
      "consumer": "shared-library",
      "stage": "http",
      "requestId": 12,
      "path": "/sqlite3.wasm",
      "state": "file-read-completed",
      "bodyBytes": 1058719,
      "durationMs": 1
    },
    {
      "elapsedMs": 3108,
      "consumer": "shared-library",
      "stage": "http",
      "requestId": 12,
      "path": "/sqlite3.wasm",
      "state": "response-finished",
      "status": 200,
      "bodyBytes": 1058719,
      "durationMs": 1
    },
    {
      "elapsedMs": 3109,
      "consumer": "shared-library",
      "stage": "browser-response",
      "state": "headers",
      "path": "/sqlite3.wasm",
      "status": 200
    },
    {
      "elapsedMs": 3132,
      "consumer": "shared-library",
      "stage": "browser-request",
      "state": "started",
      "path": "/sqlite3-opfs-async-proxy.js"
    },
    {
      "elapsedMs": 3132,
      "consumer": "shared-library",
      "stage": "browser-request",
      "state": "finished",
      "path": "/sqlite3.wasm"
    },
    {
      "elapsedMs": 3132,
      "consumer": "shared-library",
      "stage": "http",
      "requestId": 13,
      "path": "/sqlite3-opfs-async-proxy.js",
      "state": "request-received"
    },
    {
      "elapsedMs": 3132,
      "consumer": "shared-library",
      "stage": "http",
      "requestId": 13,
      "path": "/sqlite3-opfs-async-proxy.js",
      "state": "file-read-completed",
      "bodyBytes": 24541,
      "durationMs": 0
    },
    {
      "elapsedMs": 3133,
      "consumer": "shared-library",
      "stage": "http",
      "requestId": 13,
      "path": "/sqlite3-opfs-async-proxy.js",
      "state": "response-finished",
      "status": 200,
      "bodyBytes": 24541,
      "durationMs": 0
    },
    {
      "elapsedMs": 3135,
      "consumer": "shared-library",
      "stage": "browser-response",
      "state": "headers",
      "path": "/sqlite3-opfs-async-proxy.js",
      "status": 200
    },
    {
      "elapsedMs": 3139,
      "consumer": "shared-library",
      "stage": "browser-request",
      "state": "finished",
      "path": "/sqlite3-opfs-async-proxy.js"
    },
    {
      "elapsedMs": 3148,
      "consumer": "shared-library",
      "stage": "http",
      "requestId": 14,
      "path": "/sqlite3-opfs-async-proxy.js",
      "state": "request-received"
    },
    {
      "elapsedMs": 3148,
      "consumer": "shared-library",
      "stage": "browser-request",
      "state": "started",
      "path": "/sqlite3-opfs-async-proxy.js"
    },
    {
      "elapsedMs": 3148,
      "consumer": "shared-library",
      "stage": "http",
      "requestId": 14,
      "path": "/sqlite3-opfs-async-proxy.js",
      "state": "file-read-completed",
      "bodyBytes": 24541,
      "durationMs": 0
    },
    {
      "elapsedMs": 3149,
      "consumer": "shared-library",
      "stage": "http",
      "requestId": 14,
      "path": "/sqlite3-opfs-async-proxy.js",
      "state": "response-finished",
      "status": 200,
      "bodyBytes": 24541,
      "durationMs": 0
    },
    {
      "elapsedMs": 3151,
      "consumer": "shared-library",
      "stage": "browser-response",
      "state": "headers",
      "path": "/sqlite3-opfs-async-proxy.js",
      "status": 200
    },
    {
      "elapsedMs": 3152,
      "consumer": "shared-library",
      "stage": "browser-request",
      "state": "finished",
      "path": "/sqlite3-opfs-async-proxy.js"
    },
    {
      "elapsedMs": 3166,
      "consumer": "shared-library",
      "stage": "sqlite-open",
      "state": "completed",
      "durationMs": 77
    },
    {
      "elapsedMs": 3167,
      "consumer": "shared-library",
      "stage": "sqlite-write",
      "state": "started"
    },
    {
      "elapsedMs": 3170,
      "consumer": "shared-library",
      "stage": "sqlite-write",
      "state": "completed",
      "durationMs": 3
    },
    {
      "elapsedMs": 3170,
      "consumer": "shared-library",
      "stage": "sqlite-read",
      "state": "started"
    },
    {
      "elapsedMs": 3172,
      "consumer": "shared-library",
      "stage": "sqlite-read",
      "state": "completed",
      "durationMs": 2
    },
    {
      "elapsedMs": 3172,
      "consumer": "shared-library",
      "stage": "sqlite-close",
      "state": "started"
    },
    {
      "elapsedMs": 3174,
      "consumer": "shared-library",
      "stage": "sqlite-close",
      "state": "completed",
      "durationMs": 1
    },
    {
      "elapsedMs": 3198,
      "consumer": "shared-library",
      "stage": "browser",
      "state": "disconnected",
      "deadlineExceeded": false
    },
    {
      "elapsedMs": 3244,
      "consumer": "engine-adapter",
      "stage": "browser-launch",
      "state": "started"
    },
    {
      "elapsedMs": 3545,
      "consumer": "engine-adapter",
      "stage": "browser-launch",
      "state": "completed"
    },
    {
      "elapsedMs": 3545,
      "consumer": "engine-adapter",
      "stage": "page-create",
      "state": "started"
    },
    {
      "elapsedMs": 3611,
      "consumer": "engine-adapter",
      "stage": "page-create",
      "state": "completed"
    },
    {
      "elapsedMs": 3612,
      "consumer": "engine-adapter",
      "stage": "expose-function",
      "state": "started"
    },
    {
      "elapsedMs": 3616,
      "consumer": "engine-adapter",
      "stage": "expose-function",
      "state": "completed"
    },
    {
      "elapsedMs": 3616,
      "consumer": "engine-adapter",
      "stage": "install-readiness-markers",
      "state": "started"
    },
    {
      "elapsedMs": 3617,
      "consumer": "engine-adapter",
      "stage": "install-readiness-markers",
      "state": "completed"
    },
    {
      "elapsedMs": 3617,
      "consumer": "engine-adapter",
      "stage": "navigation",
      "state": "started"
    },
    {
      "elapsedMs": 3619,
      "consumer": "engine-adapter",
      "stage": "browser-request",
      "state": "started",
      "path": "/"
    },
    {
      "elapsedMs": 3620,
      "consumer": "engine-adapter",
      "stage": "http",
      "requestId": 15,
      "path": "/",
      "state": "request-received"
    },
    {
      "elapsedMs": 3621,
      "consumer": "engine-adapter",
      "stage": "http",
      "requestId": 15,
      "path": "/",
      "state": "response-finished",
      "status": 200,
      "bodyBytes": 3384,
      "durationMs": 0
    },
    {
      "elapsedMs": 3625,
      "consumer": "engine-adapter",
      "stage": "browser-response",
      "state": "headers",
      "path": "/",
      "status": 200
    },
    {
      "elapsedMs": 3656,
      "consumer": "engine-adapter",
      "stage": "http",
      "requestId": 16,
      "path": "/aztec_bundle.js",
      "state": "request-received"
    },
    {
      "elapsedMs": 3657,
      "consumer": "engine-adapter",
      "stage": "http",
      "requestId": 17,
      "path": "/crs-client.js",
      "state": "request-received"
    },
    {
      "elapsedMs": 3657,
      "consumer": "engine-adapter",
      "stage": "http",
      "requestId": 18,
      "path": "/aztec-lib.js",
      "state": "request-received"
    },
    {
      "elapsedMs": 3657,
      "consumer": "engine-adapter",
      "stage": "http",
      "requestId": 19,
      "path": "/app-env.js",
      "state": "request-received"
    },
    {
      "elapsedMs": 3658,
      "consumer": "engine-adapter",
      "stage": "http",
      "requestId": 17,
      "path": "/crs-client.js",
      "state": "file-read-completed",
      "bodyBytes": 7428,
      "durationMs": 1
    },
    {
      "elapsedMs": 3658,
      "consumer": "engine-adapter",
      "stage": "http",
      "requestId": 17,
      "path": "/crs-client.js",
      "state": "response-finished",
      "status": 200,
      "bodyBytes": 7428,
      "durationMs": 2
    },
    {
      "elapsedMs": 3658,
      "consumer": "engine-adapter",
      "stage": "http",
      "requestId": 18,
      "path": "/aztec-lib.js",
      "state": "file-read-completed",
      "bodyBytes": 37766,
      "durationMs": 2
    },
    {
      "elapsedMs": 3659,
      "consumer": "engine-adapter",
      "stage": "http",
      "requestId": 18,
      "path": "/aztec-lib.js",
      "state": "response-finished",
      "status": 200,
      "bodyBytes": 37766,
      "durationMs": 2
    },
    {
      "elapsedMs": 3659,
      "consumer": "engine-adapter",
      "stage": "http",
      "requestId": 19,
      "path": "/app-env.js",
      "state": "file-read-completed",
      "bodyBytes": 11161,
      "durationMs": 2
    },
    {
      "elapsedMs": 3659,
      "consumer": "engine-adapter",
      "stage": "http",
      "requestId": 19,
      "path": "/app-env.js",
      "state": "response-finished",
      "status": 200,
      "bodyBytes": 11161,
      "durationMs": 2
    },
    {
      "elapsedMs": 3668,
      "consumer": "engine-adapter",
      "stage": "browser-request",
      "state": "started",
      "path": "/aztec_bundle.js"
    },
    {
      "elapsedMs": 3668,
      "consumer": "engine-adapter",
      "stage": "browser-request",
      "state": "started",
      "path": "/crs-client.js"
    },
    {
      "elapsedMs": 3668,
      "consumer": "engine-adapter",
      "stage": "browser-request",
      "state": "started",
      "path": "/aztec-lib.js"
    },
    {
      "elapsedMs": 3668,
      "consumer": "engine-adapter",
      "stage": "browser-request",
      "state": "started",
      "path": "/app-env.js"
    },
    {
      "elapsedMs": 3668,
      "consumer": "engine-adapter",
      "stage": "script.sdk",
      "state": "before-script",
      "browserElapsedMs": 40
    },
    {
      "elapsedMs": 3668,
      "consumer": "engine-adapter",
      "stage": "browser-request",
      "state": "finished",
      "path": "/"
    },
    {
      "elapsedMs": 3669,
      "consumer": "engine-adapter",
      "stage": "browser-response",
      "state": "headers",
      "path": "/crs-client.js",
      "status": 200
    },
    {
      "elapsedMs": 3669,
      "consumer": "engine-adapter",
      "stage": "browser-request",
      "state": "finished",
      "path": "/crs-client.js"
    },
    {
      "elapsedMs": 3669,
      "consumer": "engine-adapter",
      "stage": "browser-response",
      "state": "headers",
      "path": "/app-env.js",
      "status": 200
    },
    {
      "elapsedMs": 3669,
      "consumer": "engine-adapter",
      "stage": "browser-request",
      "state": "finished",
      "path": "/app-env.js"
    },
    {
      "elapsedMs": 3669,
      "consumer": "engine-adapter",
      "stage": "browser-response",
      "state": "headers",
      "path": "/aztec-lib.js",
      "status": 200
    },
    {
      "elapsedMs": 3669,
      "consumer": "engine-adapter",
      "stage": "browser-request",
      "state": "finished",
      "path": "/aztec-lib.js"
    },
    {
      "elapsedMs": 3676,
      "consumer": "engine-adapter",
      "stage": "http",
      "requestId": 16,
      "path": "/aztec_bundle.js",
      "state": "file-read-completed",
      "bodyBytes": 50304646,
      "durationMs": 19
    },
    {
      "elapsedMs": 3902,
      "consumer": "engine-adapter",
      "stage": "http",
      "requestId": 16,
      "path": "/aztec_bundle.js",
      "state": "response-finished",
      "status": 200,
      "bodyBytes": 50304646,
      "durationMs": 246
    },
    {
      "elapsedMs": 4024,
      "consumer": "engine-adapter",
      "stage": "browser-response",
      "state": "headers",
      "path": "/aztec_bundle.js",
      "status": 200
    },
    {
      "elapsedMs": 4025,
      "consumer": "engine-adapter",
      "stage": "browser-request",
      "state": "finished",
      "path": "/aztec_bundle.js"
    },
    {
      "elapsedMs": 4689,
      "consumer": "engine-adapter",
      "stage": "script.sdk",
      "state": "script-load",
      "browserElapsedMs": 1069
    },
    {
      "elapsedMs": 4690,
      "consumer": "engine-adapter",
      "stage": "script.sdk",
      "state": "after-script",
      "browserElapsedMs": 1069
    },
    {
      "elapsedMs": 4690,
      "consumer": "engine-adapter",
      "stage": "script.crs-client",
      "state": "before-script",
      "browserElapsedMs": 1070
    },
    {
      "elapsedMs": 4691,
      "consumer": "engine-adapter",
      "stage": "script.crs-client",
      "state": "script-load",
      "browserElapsedMs": 1070
    },
    {
      "elapsedMs": 4691,
      "consumer": "engine-adapter",
      "stage": "script.crs-client",
      "state": "after-script",
      "browserElapsedMs": 1070
    },
    {
      "elapsedMs": 4691,
      "consumer": "engine-adapter",
      "stage": "script.shared-library",
      "state": "before-script",
      "browserElapsedMs": 1070
    },
    {
      "elapsedMs": 4691,
      "consumer": "engine-adapter",
      "stage": "script.shared-library",
      "state": "script-load",
      "browserElapsedMs": 1070
    },
    {
      "elapsedMs": 4691,
      "consumer": "engine-adapter",
      "stage": "script.shared-library",
      "state": "after-script",
      "browserElapsedMs": 1070
    },
    {
      "elapsedMs": 4691,
      "consumer": "engine-adapter",
      "stage": "script.engine-adapter",
      "state": "before-script",
      "browserElapsedMs": 1070
    },
    {
      "elapsedMs": 4691,
      "consumer": "engine-adapter",
      "stage": "script.engine-adapter",
      "state": "script-load",
      "browserElapsedMs": 1070
    },
    {
      "elapsedMs": 4691,
      "consumer": "engine-adapter",
      "stage": "script.engine-adapter",
      "state": "after-script",
      "browserElapsedMs": 1070
    },
    {
      "elapsedMs": 4694,
      "consumer": "engine-adapter",
      "stage": "script.document",
      "state": "dom-content-loaded",
      "browserElapsedMs": 1072
    },
    {
      "elapsedMs": 4695,
      "consumer": "engine-adapter",
      "stage": "script.document",
      "state": "load",
      "browserElapsedMs": 1072
    },
    {
      "elapsedMs": 4695,
      "consumer": "engine-adapter",
      "stage": "navigation",
      "state": "completed"
    },
    {
      "elapsedMs": 4697,
      "consumer": "engine-adapter",
      "stage": "sync-prover-init",
      "state": "started"
    },
    {
      "elapsedMs": 4929,
      "consumer": "engine-adapter",
      "stage": "sync-prover-init",
      "state": "completed",
      "durationMs": 232
    },
    {
      "elapsedMs": 4930,
      "consumer": "engine-adapter",
      "stage": "engine-crs-adapter",
      "state": "started"
    },
    {
      "elapsedMs": 4932,
      "consumer": "engine-adapter",
      "stage": "crs-1.load.g1_uncompressed.dat",
      "state": "started"
    },
    {
      "elapsedMs": 4933,
      "consumer": "engine-adapter",
      "stage": "browser-request",
      "state": "started",
      "path": "/crs/g1_uncompressed.dat"
    },
    {
      "elapsedMs": 4933,
      "consumer": "engine-adapter",
      "stage": "http",
      "requestId": 20,
      "path": "/crs/g1_uncompressed.dat",
      "state": "request-received"
    },
    {
      "elapsedMs": 4956,
      "consumer": "engine-adapter",
      "stage": "http",
      "requestId": 20,
      "path": "/crs/g1_uncompressed.dat",
      "state": "file-read-completed",
      "bodyBytes": 75497472,
      "durationMs": 23
    },
    {
      "elapsedMs": 4963,
      "consumer": "engine-adapter",
      "stage": "browser-response",
      "state": "headers",
      "path": "/crs/g1_uncompressed.dat",
      "status": 200
    },
    {
      "elapsedMs": 5007,
      "consumer": "engine-adapter",
      "stage": "http",
      "requestId": 20,
      "path": "/crs/g1_uncompressed.dat",
      "state": "response-finished",
      "status": 200,
      "bodyBytes": 75497472,
      "durationMs": 74
    },
    {
      "elapsedMs": 5014,
      "consumer": "engine-adapter",
      "stage": "browser-request",
      "state": "finished",
      "path": "/crs/g1_uncompressed.dat"
    },
    {
      "elapsedMs": 5014,
      "consumer": "engine-adapter",
      "stage": "crs-1.load.g1_uncompressed.dat",
      "state": "completed",
      "durationMs": 82
    },
    {
      "elapsedMs": 5017,
      "consumer": "engine-adapter",
      "stage": "crs-1.sha256.75497472",
      "state": "started"
    },
    {
      "elapsedMs": 5360,
      "consumer": "engine-adapter",
      "stage": "crs-1.sha256.75497472",
      "state": "completed",
      "durationMs": 343
    },
    {
      "elapsedMs": 5361,
      "consumer": "engine-adapter",
      "stage": "crs-1.load.g2.dat",
      "state": "started"
    },
    {
      "elapsedMs": 5363,
      "consumer": "engine-adapter",
      "stage": "http",
      "requestId": 21,
      "path": "/crs/g2.dat",
      "state": "request-received"
    },
    {
      "elapsedMs": 5363,
      "consumer": "engine-adapter",
      "stage": "browser-request",
      "state": "started",
      "path": "/crs/g2.dat"
    },
    {
      "elapsedMs": 5363,
      "consumer": "engine-adapter",
      "stage": "http",
      "requestId": 21,
      "path": "/crs/g2.dat",
      "state": "file-read-completed",
      "bodyBytes": 128,
      "durationMs": 0
    },
    {
      "elapsedMs": 5363,
      "consumer": "engine-adapter",
      "stage": "http",
      "requestId": 21,
      "path": "/crs/g2.dat",
      "state": "response-finished",
      "status": 200,
      "bodyBytes": 128,
      "durationMs": 1
    },
    {
      "elapsedMs": 5364,
      "consumer": "engine-adapter",
      "stage": "browser-response",
      "state": "headers",
      "path": "/crs/g2.dat",
      "status": 200
    },
    {
      "elapsedMs": 5364,
      "consumer": "engine-adapter",
      "stage": "browser-request",
      "state": "finished",
      "path": "/crs/g2.dat"
    },
    {
      "elapsedMs": 5364,
      "consumer": "engine-adapter",
      "stage": "crs-1.load.g2.dat",
      "state": "completed",
      "durationMs": 3
    },
    {
      "elapsedMs": 5365,
      "consumer": "engine-adapter",
      "stage": "crs-1.sha256.128",
      "state": "started"
    },
    {
      "elapsedMs": 5366,
      "consumer": "engine-adapter",
      "stage": "crs-1.sha256.128",
      "state": "completed",
      "durationMs": 1
    },
    {
      "elapsedMs": 5366,
      "consumer": "engine-adapter",
      "stage": "crs-1.load.grumpkin_g1.dat",
      "state": "started"
    },
    {
      "elapsedMs": 5367,
      "consumer": "engine-adapter",
      "stage": "http",
      "requestId": 22,
      "path": "/crs/grumpkin_g1.dat",
      "state": "request-received"
    },
    {
      "elapsedMs": 5368,
      "consumer": "engine-adapter",
      "stage": "browser-request",
      "state": "started",
      "path": "/crs/grumpkin_g1.dat"
    },
    {
      "elapsedMs": 5369,
      "consumer": "engine-adapter",
      "stage": "http",
      "requestId": 22,
      "path": "/crs/grumpkin_g1.dat",
      "state": "file-read-completed",
      "bodyBytes": 4194368,
      "durationMs": 2
    },
    {
      "elapsedMs": 5370,
      "consumer": "engine-adapter",
      "stage": "http",
      "requestId": 22,
      "path": "/crs/grumpkin_g1.dat",
      "state": "response-finished",
      "status": 200,
      "bodyBytes": 4194368,
      "durationMs": 2
    },
    {
      "elapsedMs": 5370,
      "consumer": "engine-adapter",
      "stage": "browser-response",
      "state": "headers",
      "path": "/crs/grumpkin_g1.dat",
      "status": 200
    },
    {
      "elapsedMs": 5417,
      "consumer": "engine-adapter",
      "stage": "browser-request",
      "state": "finished",
      "path": "/crs/grumpkin_g1.dat"
    },
    {
      "elapsedMs": 5417,
      "consumer": "engine-adapter",
      "stage": "crs-1.load.grumpkin_g1.dat",
      "state": "completed",
      "durationMs": 45
    },
    {
      "elapsedMs": 5418,
      "consumer": "engine-adapter",
      "stage": "crs-1.sha256.4194368",
      "state": "started"
    },
    {
      "elapsedMs": 5438,
      "consumer": "engine-adapter",
      "stage": "crs-1.sha256.4194368",
      "state": "completed",
      "durationMs": 19
    },
    {
      "elapsedMs": 5438,
      "consumer": "engine-adapter",
      "stage": "crs-1.srsInitSrs",
      "state": "started"
    },
    {
      "elapsedMs": 5870,
      "consumer": "engine-adapter",
      "stage": "crs-1.srsInitSrs",
      "state": "completed",
      "durationMs": 431
    },
    {
      "elapsedMs": 5871,
      "consumer": "engine-adapter",
      "stage": "crs-1.srsInitGrumpkinSrs",
      "state": "started"
    },
    {
      "elapsedMs": 5889,
      "consumer": "engine-adapter",
      "stage": "crs-1.srsInitGrumpkinSrs",
      "state": "completed",
      "durationMs": 17
    },
    {
      "elapsedMs": 5890,
      "consumer": "engine-adapter",
      "stage": "engine-crs-adapter",
      "state": "completed",
      "durationMs": 960
    },
    {
      "elapsedMs": 5891,
      "consumer": "engine-adapter",
      "stage": "poseidon",
      "state": "started"
    },
    {
      "elapsedMs": 5893,
      "consumer": "engine-adapter",
      "stage": "poseidon",
      "state": "completed",
      "durationMs": 2
    },
    {
      "elapsedMs": 5893,
      "consumer": "engine-adapter",
      "stage": "async-prover-init",
      "state": "started"
    },
    {
      "elapsedMs": 5895,
      "consumer": "engine-adapter",
      "stage": "browser-request",
      "state": "started",
      "path": "/bb-main.worker.js"
    },
    {
      "elapsedMs": 5895,
      "consumer": "engine-adapter",
      "stage": "http",
      "requestId": 23,
      "path": "/bb-main.worker.js",
      "state": "request-received"
    },
    {
      "elapsedMs": 5896,
      "consumer": "engine-adapter",
      "stage": "http",
      "requestId": 23,
      "path": "/bb-main.worker.js",
      "state": "file-read-completed",
      "bodyBytes": 22772,
      "durationMs": 0
    },
    {
      "elapsedMs": 5896,
      "consumer": "engine-adapter",
      "stage": "http",
      "requestId": 23,
      "path": "/bb-main.worker.js",
      "state": "response-finished",
      "status": 200,
      "bodyBytes": 22772,
      "durationMs": 0
    },
    {
      "elapsedMs": 5899,
      "consumer": "engine-adapter",
      "stage": "browser-response",
      "state": "headers",
      "path": "/bb-main.worker.js",
      "status": 200
    },
    {
      "elapsedMs": 5900,
      "consumer": "engine-adapter",
      "stage": "browser-request",
      "state": "finished",
      "path": "/bb-main.worker.js"
    },
    {
      "elapsedMs": 6066,
      "consumer": "engine-adapter",
      "stage": "http",
      "requestId": 24,
      "path": "/bb-thread.worker.js",
      "state": "request-received"
    },
    {
      "elapsedMs": 6066,
      "consumer": "engine-adapter",
      "stage": "http",
      "requestId": 24,
      "path": "/bb-thread.worker.js",
      "state": "file-read-completed",
      "bodyBytes": 15377,
      "durationMs": 0
    },
    {
      "elapsedMs": 6066,
      "consumer": "engine-adapter",
      "stage": "http",
      "requestId": 24,
      "path": "/bb-thread.worker.js",
      "state": "response-finished",
      "status": 200,
      "bodyBytes": 15377,
      "durationMs": 0
    },
    {
      "elapsedMs": 6066,
      "consumer": "engine-adapter",
      "stage": "browser-request",
      "state": "started",
      "path": "/bb-thread.worker.js"
    },
    {
      "elapsedMs": 6090,
      "consumer": "engine-adapter",
      "stage": "browser-response",
      "state": "headers",
      "path": "/bb-thread.worker.js",
      "status": 200
    },
    {
      "elapsedMs": 6091,
      "consumer": "engine-adapter",
      "stage": "browser-request",
      "state": "finished",
      "path": "/bb-thread.worker.js"
    },
    {
      "elapsedMs": 6096,
      "consumer": "engine-adapter",
      "stage": "async-prover-init",
      "state": "completed",
      "durationMs": 199
    },
    {
      "elapsedMs": 6100,
      "consumer": "engine-adapter",
      "stage": "async-prover-destroy",
      "state": "started"
    },
    {
      "elapsedMs": 6102,
      "consumer": "engine-adapter",
      "stage": "async-prover-destroy",
      "state": "completed",
      "durationMs": 2
    },
    {
      "elapsedMs": 6105,
      "consumer": "engine-adapter",
      "stage": "sqlite-open",
      "state": "started"
    },
    {
      "elapsedMs": 6106,
      "consumer": "engine-adapter",
      "stage": "browser-request",
      "state": "started",
      "path": "/sqlite.worker.js"
    },
    {
      "elapsedMs": 6106,
      "consumer": "engine-adapter",
      "stage": "http",
      "requestId": 25,
      "path": "/sqlite.worker.js",
      "state": "request-received"
    },
    {
      "elapsedMs": 6106,
      "consumer": "engine-adapter",
      "stage": "http",
      "requestId": 25,
      "path": "/sqlite.worker.js",
      "state": "file-read-completed",
      "bodyBytes": 476347,
      "durationMs": 0
    },
    {
      "elapsedMs": 6106,
      "consumer": "engine-adapter",
      "stage": "http",
      "requestId": 25,
      "path": "/sqlite.worker.js",
      "state": "response-finished",
      "status": 200,
      "bodyBytes": 476347,
      "durationMs": 0
    },
    {
      "elapsedMs": 6110,
      "consumer": "engine-adapter",
      "stage": "browser-response",
      "state": "headers",
      "path": "/sqlite.worker.js",
      "status": 200
    },
    {
      "elapsedMs": 6115,
      "consumer": "engine-adapter",
      "stage": "browser-request",
      "state": "finished",
      "path": "/sqlite.worker.js"
    },
    {
      "elapsedMs": 6123,
      "consumer": "engine-adapter",
      "stage": "http",
      "requestId": 26,
      "path": "/sqlite3.wasm",
      "state": "request-received"
    },
    {
      "elapsedMs": 6123,
      "consumer": "engine-adapter",
      "stage": "http",
      "requestId": 26,
      "path": "/sqlite3.wasm",
      "state": "file-read-completed",
      "bodyBytes": 1058719,
      "durationMs": 1
    },
    {
      "elapsedMs": 6124,
      "consumer": "engine-adapter",
      "stage": "http",
      "requestId": 26,
      "path": "/sqlite3.wasm",
      "state": "response-finished",
      "status": 200,
      "bodyBytes": 1058719,
      "durationMs": 1
    },
    {
      "elapsedMs": 6133,
      "consumer": "engine-adapter",
      "stage": "browser-request",
      "state": "started",
      "path": "/sqlite3.wasm"
    },
    {
      "elapsedMs": 6134,
      "consumer": "engine-adapter",
      "stage": "browser-response",
      "state": "headers",
      "path": "/sqlite3.wasm",
      "status": 200
    },
    {
      "elapsedMs": 6150,
      "consumer": "engine-adapter",
      "stage": "browser-request",
      "state": "started",
      "path": "/sqlite3-opfs-async-proxy.js"
    },
    {
      "elapsedMs": 6150,
      "consumer": "engine-adapter",
      "stage": "http",
      "requestId": 27,
      "path": "/sqlite3-opfs-async-proxy.js",
      "state": "request-received"
    },
    {
      "elapsedMs": 6150,
      "consumer": "engine-adapter",
      "stage": "browser-request",
      "state": "finished",
      "path": "/sqlite3.wasm"
    },
    {
      "elapsedMs": 6150,
      "consumer": "engine-adapter",
      "stage": "http",
      "requestId": 27,
      "path": "/sqlite3-opfs-async-proxy.js",
      "state": "file-read-completed",
      "bodyBytes": 24541,
      "durationMs": 0
    },
    {
      "elapsedMs": 6150,
      "consumer": "engine-adapter",
      "stage": "http",
      "requestId": 27,
      "path": "/sqlite3-opfs-async-proxy.js",
      "state": "response-finished",
      "status": 200,
      "bodyBytes": 24541,
      "durationMs": 0
    },
    {
      "elapsedMs": 6153,
      "consumer": "engine-adapter",
      "stage": "browser-response",
      "state": "headers",
      "path": "/sqlite3-opfs-async-proxy.js",
      "status": 200
    },
    {
      "elapsedMs": 6154,
      "consumer": "engine-adapter",
      "stage": "browser-request",
      "state": "finished",
      "path": "/sqlite3-opfs-async-proxy.js"
    },
    {
      "elapsedMs": 6159,
      "consumer": "engine-adapter",
      "stage": "browser-request",
      "state": "started",
      "path": "/sqlite3-opfs-async-proxy.js"
    },
    {
      "elapsedMs": 6160,
      "consumer": "engine-adapter",
      "stage": "http",
      "requestId": 28,
      "path": "/sqlite3-opfs-async-proxy.js",
      "state": "request-received"
    },
    {
      "elapsedMs": 6160,
      "consumer": "engine-adapter",
      "stage": "http",
      "requestId": 28,
      "path": "/sqlite3-opfs-async-proxy.js",
      "state": "file-read-completed",
      "bodyBytes": 24541,
      "durationMs": 0
    },
    {
      "elapsedMs": 6160,
      "consumer": "engine-adapter",
      "stage": "http",
      "requestId": 28,
      "path": "/sqlite3-opfs-async-proxy.js",
      "state": "response-finished",
      "status": 200,
      "bodyBytes": 24541,
      "durationMs": 0
    },
    {
      "elapsedMs": 6163,
      "consumer": "engine-adapter",
      "stage": "browser-response",
      "state": "headers",
      "path": "/sqlite3-opfs-async-proxy.js",
      "status": 200
    },
    {
      "elapsedMs": 6164,
      "consumer": "engine-adapter",
      "stage": "browser-request",
      "state": "finished",
      "path": "/sqlite3-opfs-async-proxy.js"
    },
    {
      "elapsedMs": 6178,
      "consumer": "engine-adapter",
      "stage": "sqlite-open",
      "state": "completed",
      "durationMs": 73
    },
    {
      "elapsedMs": 6179,
      "consumer": "engine-adapter",
      "stage": "sqlite-write",
      "state": "started"
    },
    {
      "elapsedMs": 6182,
      "consumer": "engine-adapter",
      "stage": "sqlite-write",
      "state": "completed",
      "durationMs": 3
    },
    {
      "elapsedMs": 6183,
      "consumer": "engine-adapter",
      "stage": "sqlite-read",
      "state": "started"
    },
    {
      "elapsedMs": 6184,
      "consumer": "engine-adapter",
      "stage": "sqlite-read",
      "state": "completed",
      "durationMs": 2
    },
    {
      "elapsedMs": 6185,
      "consumer": "engine-adapter",
      "stage": "sqlite-close",
      "state": "started"
    },
    {
      "elapsedMs": 6187,
      "consumer": "engine-adapter",
      "stage": "sqlite-close",
      "state": "completed",
      "durationMs": 2
    },
    {
      "elapsedMs": 6198,
      "consumer": "engine-adapter",
      "stage": "browser",
      "state": "disconnected",
      "deadlineExceeded": false
    }
  ]
}
