{"browserSmoke":{"elapsedMs":4,"stage":"http-server","state":"listening"}}
{"browserSmoke":{"elapsedMs":4,"consumer":"shared-library","stage":"browser-launch","state":"started"}}
{"browserSmoke":{"elapsedMs":582,"consumer":"shared-library","stage":"browser-launch","state":"completed"}}
{"browserSmoke":{"elapsedMs":582,"consumer":"shared-library","stage":"page-create","state":"started"}}
{"browserSmoke":{"elapsedMs":739,"consumer":"shared-library","stage":"page-create","state":"completed"}}
{"browserSmoke":{"elapsedMs":739,"consumer":"shared-library","stage":"expose-function","state":"started"}}
{"browserSmoke":{"elapsedMs":761,"consumer":"shared-library","stage":"expose-function","state":"completed"}}
{"browserSmoke":{"elapsedMs":761,"consumer":"shared-library","stage":"install-readiness-markers","state":"started"}}
{"browserSmoke":{"elapsedMs":762,"consumer":"shared-library","stage":"install-readiness-markers","state":"completed"}}
{"browserSmoke":{"elapsedMs":762,"consumer":"shared-library","stage":"navigation","state":"started"}}
{"browserSmoke":{"elapsedMs":764,"consumer":"shared-library","stage":"browser-request","state":"started","path":"/"}}
{"browserSmoke":{"elapsedMs":770,"consumer":"shared-library","stage":"http","requestId":1,"path":"/","state":"request-received"}}
{"browserSmoke":{"elapsedMs":774,"consumer":"shared-library","stage":"http","requestId":1,"path":"/","state":"response-finished","status":200,"bodyBytes":3384,"durationMs":4}}
{"browserSmoke":{"elapsedMs":778,"consumer":"shared-library","stage":"browser-response","state":"headers","path":"/","status":200}}
{"browserSmoke":{"elapsedMs":814,"consumer":"shared-library","stage":"http","requestId":2,"path":"/aztec_bundle.js","state":"request-received"}}
{"browserSmoke":{"elapsedMs":814,"consumer":"shared-library","stage":"http","requestId":3,"path":"/crs-client.js","state":"request-received"}}
{"browserSmoke":{"elapsedMs":814,"consumer":"shared-library","stage":"http","requestId":4,"path":"/aztec-lib.js","state":"request-received"}}
{"browserSmoke":{"elapsedMs":815,"consumer":"shared-library","stage":"http","requestId":5,"path":"/app-env.js","state":"request-received"}}
{"browserSmoke":{"elapsedMs":815,"consumer":"shared-library","stage":"browser-request","state":"started","path":"/aztec_bundle.js"}}
{"browserSmoke":{"elapsedMs":815,"consumer":"shared-library","stage":"browser-request","state":"started","path":"/crs-client.js"}}
{"browserSmoke":{"elapsedMs":815,"consumer":"shared-library","stage":"browser-request","state":"started","path":"/aztec-lib.js"}}
{"browserSmoke":{"elapsedMs":815,"consumer":"shared-library","stage":"browser-request","state":"started","path":"/app-env.js"}}
{"browserSmoke":{"elapsedMs":815,"consumer":"shared-library","stage":"http","requestId":3,"path":"/crs-client.js","state":"file-read-completed","bodyBytes":7428,"durationMs":1}}
{"browserSmoke":{"elapsedMs":816,"consumer":"shared-library","stage":"http","requestId":3,"path":"/crs-client.js","state":"response-finished","status":200,"bodyBytes":7428,"durationMs":1}}
{"browserSmoke":{"elapsedMs":816,"consumer":"shared-library","stage":"http","requestId":4,"path":"/aztec-lib.js","state":"file-read-completed","bodyBytes":37542,"durationMs":1}}
{"browserSmoke":{"elapsedMs":816,"consumer":"shared-library","stage":"http","requestId":4,"path":"/aztec-lib.js","state":"response-finished","status":200,"bodyBytes":37542,"durationMs":1}}
{"browserSmoke":{"elapsedMs":816,"consumer":"shared-library","stage":"http","requestId":5,"path":"/app-env.js","state":"file-read-completed","bodyBytes":7224,"durationMs":1}}
{"browserSmoke":{"elapsedMs":816,"consumer":"shared-library","stage":"http","requestId":5,"path":"/app-env.js","state":"response-finished","status":200,"bodyBytes":7224,"durationMs":1}}
{"browserSmoke":{"elapsedMs":818,"consumer":"shared-library","stage":"script.sdk","state":"before-script","browserElapsedMs":53}}
{"browserSmoke":{"elapsedMs":822,"consumer":"shared-library","stage":"browser-request","state":"finished","path":"/"}}
{"browserSmoke":{"elapsedMs":822,"consumer":"shared-library","stage":"browser-response","state":"headers","path":"/app-env.js","status":200}}
{"browserSmoke":{"elapsedMs":822,"consumer":"shared-library","stage":"browser-request","state":"finished","path":"/app-env.js"}}
{"browserSmoke":{"elapsedMs":822,"consumer":"shared-library","stage":"browser-response","state":"headers","path":"/aztec-lib.js","status":200}}
{"browserSmoke":{"elapsedMs":822,"consumer":"shared-library","stage":"browser-request","state":"finished","path":"/aztec-lib.js"}}
{"browserSmoke":{"elapsedMs":822,"consumer":"shared-library","stage":"browser-response","state":"headers","path":"/crs-client.js","status":200}}
{"browserSmoke":{"elapsedMs":822,"consumer":"shared-library","stage":"browser-request","state":"finished","path":"/crs-client.js"}}
{"browserSmoke":{"elapsedMs":828,"consumer":"shared-library","stage":"http","requestId":2,"path":"/aztec_bundle.js","state":"file-read-completed","bodyBytes":50142228,"durationMs":14}}
{"browserSmoke":{"elapsedMs":998,"consumer":"shared-library","stage":"http","requestId":2,"path":"/aztec_bundle.js","state":"response-finished","status":200,"bodyBytes":50142228,"durationMs":184}}
{"browserSmoke":{"elapsedMs":1065,"consumer":"shared-library","stage":"browser-response","state":"headers","path":"/aztec_bundle.js","status":200}}
{"browserSmoke":{"elapsedMs":1065,"consumer":"shared-library","stage":"browser-request","state":"finished","path":"/aztec_bundle.js"}}
{"browserSmoke":{"elapsedMs":1480,"consumer":"shared-library","stage":"script.sdk","state":"script-load","browserElapsedMs":717}}
{"browserSmoke":{"elapsedMs":1481,"consumer":"shared-library","stage":"script.sdk","state":"after-script","browserElapsedMs":717}}
{"browserSmoke":{"elapsedMs":1481,"consumer":"shared-library","stage":"script.crs-client","state":"before-script","browserElapsedMs":717}}
{"browserSmoke":{"elapsedMs":1481,"consumer":"shared-library","stage":"script.crs-client","state":"script-load","browserElapsedMs":717}}
{"browserSmoke":{"elapsedMs":1482,"consumer":"shared-library","stage":"script.crs-client","state":"after-script","browserElapsedMs":717}}
{"browserSmoke":{"elapsedMs":1482,"consumer":"shared-library","stage":"script.shared-library","state":"before-script","browserElapsedMs":717}}
{"browserSmoke":{"elapsedMs":1482,"consumer":"shared-library","stage":"script.shared-library","state":"script-load","browserElapsedMs":718}}
{"browserSmoke":{"elapsedMs":1482,"consumer":"shared-library","stage":"script.shared-library","state":"after-script","browserElapsedMs":718}}
{"browserSmoke":{"elapsedMs":1482,"consumer":"shared-library","stage":"script.engine-adapter","state":"before-script","browserElapsedMs":718}}
{"browserSmoke":{"elapsedMs":1482,"consumer":"shared-library","stage":"script.engine-adapter","state":"script-load","browserElapsedMs":718}}
{"browserSmoke":{"elapsedMs":1482,"consumer":"shared-library","stage":"script.engine-adapter","state":"after-script","browserElapsedMs":718}}
{"browserSmoke":{"elapsedMs":1484,"consumer":"shared-library","stage":"script.document","state":"dom-content-loaded","browserElapsedMs":719}}
{"browserSmoke":{"elapsedMs":1484,"consumer":"shared-library","stage":"script.document","state":"load","browserElapsedMs":719}}
{"browserSmoke":{"elapsedMs":1484,"consumer":"shared-library","stage":"navigation","state":"completed"}}
{"browserSmoke":{"elapsedMs":1486,"consumer":"shared-library","stage":"sync-prover-init","state":"started"}}
{"browserSmoke":{"elapsedMs":1637,"consumer":"shared-library","stage":"sync-prover-init","state":"completed","durationMs":152}}
{"browserSmoke":{"elapsedMs":1638,"consumer":"shared-library","stage":"shared-crs-adapter","state":"started"}}
{"browserSmoke":{"elapsedMs":1639,"consumer":"shared-library","stage":"crs-1.load.g1_uncompressed.dat","state":"started"}}
{"browserSmoke":{"elapsedMs":1640,"consumer":"shared-library","stage":"browser-request","state":"started","path":"/crs/g1_uncompressed.dat"}}
{"browserSmoke":{"elapsedMs":1640,"consumer":"shared-library","stage":"http","requestId":6,"path":"/crs/g1_uncompressed.dat","state":"request-received"}}
{"browserSmoke":{"elapsedMs":1674,"consumer":"shared-library","stage":"http","requestId":6,"path":"/crs/g1_uncompressed.dat","state":"file-read-completed","bodyBytes":75497472,"durationMs":34}}
{"browserSmoke":{"elapsedMs":1678,"consumer":"shared-library","stage":"browser-response","state":"headers","path":"/crs/g1_uncompressed.dat","status":200}}
{"browserSmoke":{"elapsedMs":1703,"consumer":"shared-library","stage":"http","requestId":6,"path":"/crs/g1_uncompressed.dat","state":"response-finished","status":200,"bodyBytes":75497472,"durationMs":63}}
{"browserSmoke":{"elapsedMs":1707,"consumer":"shared-library","stage":"browser-request","state":"finished","path":"/crs/g1_uncompressed.dat"}}
{"browserSmoke":{"elapsedMs":1707,"consumer":"shared-library","stage":"crs-1.load.g1_uncompressed.dat","state":"completed","durationMs":68}}
{"browserSmoke":{"elapsedMs":1712,"consumer":"shared-library","stage":"crs-1.sha256.75497472","state":"started"}}
{"browserSmoke":{"elapsedMs":1937,"consumer":"shared-library","stage":"crs-1.sha256.75497472","state":"completed","durationMs":225}}
{"browserSmoke":{"elapsedMs":1938,"consumer":"shared-library","stage":"crs-1.load.g2.dat","state":"started"}}
{"browserSmoke":{"elapsedMs":1939,"consumer":"shared-library","stage":"browser-request","state":"started","path":"/crs/g2.dat"}}
{"browserSmoke":{"elapsedMs":1939,"consumer":"shared-library","stage":"http","requestId":7,"path":"/crs/g2.dat","state":"request-received"}}
{"browserSmoke":{"elapsedMs":1939,"consumer":"shared-library","stage":"http","requestId":7,"path":"/crs/g2.dat","state":"file-read-completed","bodyBytes":128,"durationMs":0}}
{"browserSmoke":{"elapsedMs":1939,"consumer":"shared-library","stage":"http","requestId":7,"path":"/crs/g2.dat","state":"response-finished","status":200,"bodyBytes":128,"durationMs":0}}
{"browserSmoke":{"elapsedMs":1940,"consumer":"shared-library","stage":"browser-response","state":"headers","path":"/crs/g2.dat","status":200}}
{"browserSmoke":{"elapsedMs":1940,"consumer":"shared-library","stage":"browser-request","state":"finished","path":"/crs/g2.dat"}}
{"browserSmoke":{"elapsedMs":1940,"consumer":"shared-library","stage":"crs-1.load.g2.dat","state":"completed","durationMs":2}}
{"browserSmoke":{"elapsedMs":1940,"consumer":"shared-library","stage":"crs-1.sha256.128","state":"started"}}
{"browserSmoke":{"elapsedMs":1941,"consumer":"shared-library","stage":"crs-1.sha256.128","state":"completed","durationMs":0}}
{"browserSmoke":{"elapsedMs":1941,"consumer":"shared-library","stage":"crs-1.load.grumpkin_g1.dat","state":"started"}}
{"browserSmoke":{"elapsedMs":1941,"consumer":"shared-library","stage":"browser-request","state":"started","path":"/crs/grumpkin_g1.dat"}}
{"browserSmoke":{"elapsedMs":1942,"consumer":"shared-library","stage":"http","requestId":8,"path":"/crs/grumpkin_g1.dat","state":"request-received"}}
{"browserSmoke":{"elapsedMs":1944,"consumer":"shared-library","stage":"http","requestId":8,"path":"/crs/grumpkin_g1.dat","state":"file-read-completed","bodyBytes":4194368,"durationMs":2}}
{"browserSmoke":{"elapsedMs":1945,"consumer":"shared-library","stage":"http","requestId":8,"path":"/crs/grumpkin_g1.dat","state":"response-finished","status":200,"bodyBytes":4194368,"durationMs":3}}
{"browserSmoke":{"elapsedMs":1945,"consumer":"shared-library","stage":"browser-response","state":"headers","path":"/crs/grumpkin_g1.dat","status":200}}
{"browserSmoke":{"elapsedMs":1967,"consumer":"shared-library","stage":"browser-request","state":"finished","path":"/crs/grumpkin_g1.dat"}}
{"browserSmoke":{"elapsedMs":1967,"consumer":"shared-library","stage":"crs-1.load.grumpkin_g1.dat","state":"completed","durationMs":26}}
{"browserSmoke":{"elapsedMs":1968,"consumer":"shared-library","stage":"crs-1.sha256.4194368","state":"started"}}
{"browserSmoke":{"elapsedMs":1980,"consumer":"shared-library","stage":"crs-1.sha256.4194368","state":"completed","durationMs":12}}
{"browserSmoke":{"elapsedMs":1981,"consumer":"shared-library","stage":"crs-1.srsInitSrs","state":"started"}}
{"browserSmoke":{"elapsedMs":2251,"consumer":"shared-library","stage":"crs-1.srsInitSrs","state":"completed","durationMs":270}}
{"browserSmoke":{"elapsedMs":2252,"consumer":"shared-library","stage":"crs-1.srsInitGrumpkinSrs","state":"started"}}
{"browserSmoke":{"elapsedMs":2264,"consumer":"shared-library","stage":"crs-1.srsInitGrumpkinSrs","state":"completed","durationMs":12}}
{"browserSmoke":{"elapsedMs":2265,"consumer":"shared-library","stage":"shared-crs-adapter","state":"completed","durationMs":626}}
{"browserSmoke":{"elapsedMs":2265,"consumer":"shared-library","stage":"poseidon","state":"started"}}
{"browserSmoke":{"elapsedMs":2266,"consumer":"shared-library","stage":"poseidon","state":"completed","durationMs":1}}
{"browserSmoke":{"elapsedMs":2267,"consumer":"shared-library","stage":"async-prover-init","state":"started"}}
{"browserSmoke":{"elapsedMs":2268,"consumer":"shared-library","stage":"browser-request","state":"started","path":"/bb-main.worker.js"}}
{"browserSmoke":{"elapsedMs":2269,"consumer":"shared-library","stage":"http","requestId":9,"path":"/bb-main.worker.js","state":"request-received"}}
{"browserSmoke":{"elapsedMs":2269,"consumer":"shared-library","stage":"http","requestId":9,"path":"/bb-main.worker.js","state":"file-read-completed","bodyBytes":22772,"durationMs":0}}
{"browserSmoke":{"elapsedMs":2270,"consumer":"shared-library","stage":"http","requestId":9,"path":"/bb-main.worker.js","state":"response-finished","status":200,"bodyBytes":22772,"durationMs":1}}
{"browserSmoke":{"elapsedMs":2273,"consumer":"shared-library","stage":"browser-response","state":"headers","path":"/bb-main.worker.js","status":200}}
{"browserSmoke":{"elapsedMs":2274,"consumer":"shared-library","stage":"browser-request","state":"finished","path":"/bb-main.worker.js"}}
{"browserSmoke":{"elapsedMs":2378,"consumer":"shared-library","stage":"http","requestId":10,"path":"/bb-thread.worker.js","state":"request-received"}}
{"browserSmoke":{"elapsedMs":2378,"consumer":"shared-library","stage":"browser-request","state":"started","path":"/bb-thread.worker.js"}}
{"browserSmoke":{"elapsedMs":2378,"consumer":"shared-library","stage":"http","requestId":10,"path":"/bb-thread.worker.js","state":"file-read-completed","bodyBytes":15377,"durationMs":0}}
{"browserSmoke":{"elapsedMs":2379,"consumer":"shared-library","stage":"http","requestId":10,"path":"/bb-thread.worker.js","state":"response-finished","status":200,"bodyBytes":15377,"durationMs":1}}
{"browserSmoke":{"elapsedMs":2380,"consumer":"shared-library","stage":"browser-response","state":"headers","path":"/bb-thread.worker.js","status":200}}
{"browserSmoke":{"elapsedMs":2380,"consumer":"shared-library","stage":"browser-request","state":"finished","path":"/bb-thread.worker.js"}}
{"browserSmoke":{"elapsedMs":2382,"consumer":"shared-library","stage":"async-prover-init","state":"completed","durationMs":115}}
{"browserSmoke":{"elapsedMs":2382,"consumer":"shared-library","stage":"async-prover-destroy","state":"started"}}
{"browserSmoke":{"elapsedMs":2383,"consumer":"shared-library","stage":"async-prover-destroy","state":"completed","durationMs":1}}
{"browserSmoke":{"elapsedMs":2383,"consumer":"shared-library","stage":"sqlite-open","state":"started"}}
{"browserSmoke":{"elapsedMs":2384,"consumer":"shared-library","stage":"browser-request","state":"started","path":"/sqlite.worker.js"}}
{"browserSmoke":{"elapsedMs":2384,"consumer":"shared-library","stage":"http","requestId":11,"path":"/sqlite.worker.js","state":"request-received"}}
{"browserSmoke":{"elapsedMs":2385,"consumer":"shared-library","stage":"http","requestId":11,"path":"/sqlite.worker.js","state":"file-read-completed","bodyBytes":476347,"durationMs":0}}
{"browserSmoke":{"elapsedMs":2385,"consumer":"shared-library","stage":"http","requestId":11,"path":"/sqlite.worker.js","state":"response-finished","status":200,"bodyBytes":476347,"durationMs":1}}
{"browserSmoke":{"elapsedMs":2386,"consumer":"shared-library","stage":"browser-response","state":"headers","path":"/sqlite.worker.js","status":200}}
{"browserSmoke":{"elapsedMs":2389,"consumer":"shared-library","stage":"browser-request","state":"finished","path":"/sqlite.worker.js"}}
{"browserSmoke":{"elapsedMs":2395,"consumer":"shared-library","stage":"http","requestId":12,"path":"/sqlite3.wasm","state":"request-received"}}
{"browserSmoke":{"elapsedMs":2395,"consumer":"shared-library","stage":"browser-request","state":"started","path":"/sqlite3.wasm"}}
{"browserSmoke":{"elapsedMs":2395,"consumer":"shared-library","stage":"http","requestId":12,"path":"/sqlite3.wasm","state":"file-read-completed","bodyBytes":1058719,"durationMs":1}}
{"browserSmoke":{"elapsedMs":2396,"consumer":"shared-library","stage":"http","requestId":12,"path":"/sqlite3.wasm","state":"response-finished","status":200,"bodyBytes":1058719,"durationMs":1}}
{"browserSmoke":{"elapsedMs":2396,"consumer":"shared-library","stage":"browser-response","state":"headers","path":"/sqlite3.wasm","status":200}}
{"browserSmoke":{"elapsedMs":2410,"consumer":"shared-library","stage":"browser-request","state":"started","path":"/sqlite3-opfs-async-proxy.js"}}
{"browserSmoke":{"elapsedMs":2410,"consumer":"shared-library","stage":"http","requestId":13,"path":"/sqlite3-opfs-async-proxy.js","state":"request-received"}}
{"browserSmoke":{"elapsedMs":2410,"consumer":"shared-library","stage":"browser-request","state":"finished","path":"/sqlite3.wasm"}}
{"browserSmoke":{"elapsedMs":2410,"consumer":"shared-library","stage":"http","requestId":13,"path":"/sqlite3-opfs-async-proxy.js","state":"file-read-completed","bodyBytes":24541,"durationMs":0}}
{"browserSmoke":{"elapsedMs":2410,"consumer":"shared-library","stage":"http","requestId":13,"path":"/sqlite3-opfs-async-proxy.js","state":"response-finished","status":200,"bodyBytes":24541,"durationMs":0}}
{"browserSmoke":{"elapsedMs":2412,"consumer":"shared-library","stage":"browser-response","state":"headers","path":"/sqlite3-opfs-async-proxy.js","status":200}}
{"browserSmoke":{"elapsedMs":2414,"consumer":"shared-library","stage":"browser-request","state":"finished","path":"/sqlite3-opfs-async-proxy.js"}}
{"browserSmoke":{"elapsedMs":2418,"consumer":"shared-library","stage":"browser-request","state":"started","path":"/sqlite3-opfs-async-proxy.js"}}
{"browserSmoke":{"elapsedMs":2418,"consumer":"shared-library","stage":"http","requestId":14,"path":"/sqlite3-opfs-async-proxy.js","state":"request-received"}}
{"browserSmoke":{"elapsedMs":2418,"consumer":"shared-library","stage":"http","requestId":14,"path":"/sqlite3-opfs-async-proxy.js","state":"file-read-completed","bodyBytes":24541,"durationMs":0}}
{"browserSmoke":{"elapsedMs":2418,"consumer":"shared-library","stage":"http","requestId":14,"path":"/sqlite3-opfs-async-proxy.js","state":"response-finished","status":200,"bodyBytes":24541,"durationMs":0}}
{"browserSmoke":{"elapsedMs":2420,"consumer":"shared-library","stage":"browser-response","state":"headers","path":"/sqlite3-opfs-async-proxy.js","status":200}}
{"browserSmoke":{"elapsedMs":2420,"consumer":"shared-library","stage":"browser-request","state":"finished","path":"/sqlite3-opfs-async-proxy.js"}}
{"browserSmoke":{"elapsedMs":2428,"consumer":"shared-library","stage":"sqlite-open","state":"completed","durationMs":45}}
{"browserSmoke":{"elapsedMs":2429,"consumer":"shared-library","stage":"sqlite-write","state":"started"}}
{"browserSmoke":{"elapsedMs":2431,"consumer":"shared-library","stage":"sqlite-write","state":"completed","durationMs":2}}
{"browserSmoke":{"elapsedMs":2431,"consumer":"shared-library","stage":"sqlite-read","state":"started"}}
{"browserSmoke":{"elapsedMs":2432,"consumer":"shared-library","stage":"sqlite-read","state":"completed","durationMs":1}}
{"browserSmoke":{"elapsedMs":2432,"consumer":"shared-library","stage":"sqlite-close","state":"started"}}
{"browserSmoke":{"elapsedMs":2433,"consumer":"shared-library","stage":"sqlite-close","state":"completed","durationMs":1}}
{"browserSmoke":{"elapsedMs":2438,"consumer":"shared-library","stage":"browser","state":"disconnected","deadlineExceeded":false}}
{"browserSmoke":{"elapsedMs":2462,"consumer":"engine-adapter","stage":"browser-launch","state":"started"}}
{"browserSmoke":{"elapsedMs":2555,"consumer":"engine-adapter","stage":"browser-launch","state":"completed"}}
{"browserSmoke":{"elapsedMs":2555,"consumer":"engine-adapter","stage":"page-create","state":"started"}}
{"browserSmoke":{"elapsedMs":2585,"consumer":"engine-adapter","stage":"page-create","state":"completed"}}
{"browserSmoke":{"elapsedMs":2585,"consumer":"engine-adapter","stage":"expose-function","state":"started"}}
{"browserSmoke":{"elapsedMs":2587,"consumer":"engine-adapter","stage":"expose-function","state":"completed"}}
{"browserSmoke":{"elapsedMs":2587,"consumer":"engine-adapter","stage":"install-readiness-markers","state":"started"}}
{"browserSmoke":{"elapsedMs":2588,"consumer":"engine-adapter","stage":"install-readiness-markers","state":"completed"}}
{"browserSmoke":{"elapsedMs":2588,"consumer":"engine-adapter","stage":"navigation","state":"started"}}
{"browserSmoke":{"elapsedMs":2588,"consumer":"engine-adapter","stage":"browser-request","state":"started","path":"/"}}
{"browserSmoke":{"elapsedMs":2589,"consumer":"engine-adapter","stage":"http","requestId":15,"path":"/","state":"request-received"}}
{"browserSmoke":{"elapsedMs":2589,"consumer":"engine-adapter","stage":"http","requestId":15,"path":"/","state":"response-finished","status":200,"bodyBytes":3384,"durationMs":0}}
{"browserSmoke":{"elapsedMs":2590,"consumer":"engine-adapter","stage":"browser-response","state":"headers","path":"/","status":200}}
{"browserSmoke":{"elapsedMs":2613,"consumer":"engine-adapter","stage":"http","requestId":16,"path":"/aztec_bundle.js","state":"request-received"}}
{"browserSmoke":{"elapsedMs":2613,"consumer":"engine-adapter","stage":"http","requestId":17,"path":"/crs-client.js","state":"request-received"}}
{"browserSmoke":{"elapsedMs":2613,"consumer":"engine-adapter","stage":"http","requestId":18,"path":"/aztec-lib.js","state":"request-received"}}
{"browserSmoke":{"elapsedMs":2613,"consumer":"engine-adapter","stage":"http","requestId":19,"path":"/app-env.js","state":"request-received"}}
{"browserSmoke":{"elapsedMs":2613,"consumer":"engine-adapter","stage":"http","requestId":17,"path":"/crs-client.js","state":"file-read-completed","bodyBytes":7428,"durationMs":1}}
{"browserSmoke":{"elapsedMs":2614,"consumer":"engine-adapter","stage":"http","requestId":17,"path":"/crs-client.js","state":"response-finished","status":200,"bodyBytes":7428,"durationMs":1}}
{"browserSmoke":{"elapsedMs":2614,"consumer":"engine-adapter","stage":"http","requestId":18,"path":"/aztec-lib.js","state":"file-read-completed","bodyBytes":37542,"durationMs":1}}
{"browserSmoke":{"elapsedMs":2614,"consumer":"engine-adapter","stage":"http","requestId":18,"path":"/aztec-lib.js","state":"response-finished","status":200,"bodyBytes":37542,"durationMs":1}}
{"browserSmoke":{"elapsedMs":2614,"consumer":"engine-adapter","stage":"http","requestId":19,"path":"/app-env.js","state":"file-read-completed","bodyBytes":7224,"durationMs":1}}
{"browserSmoke":{"elapsedMs":2614,"consumer":"engine-adapter","stage":"http","requestId":19,"path":"/app-env.js","state":"response-finished","status":200,"bodyBytes":7224,"durationMs":1}}
{"browserSmoke":{"elapsedMs":2620,"consumer":"engine-adapter","stage":"browser-request","state":"started","path":"/aztec_bundle.js"}}
{"browserSmoke":{"elapsedMs":2620,"consumer":"engine-adapter","stage":"browser-request","state":"started","path":"/crs-client.js"}}
{"browserSmoke":{"elapsedMs":2620,"consumer":"engine-adapter","stage":"browser-request","state":"started","path":"/aztec-lib.js"}}
{"browserSmoke":{"elapsedMs":2620,"consumer":"engine-adapter","stage":"browser-request","state":"started","path":"/app-env.js"}}
{"browserSmoke":{"elapsedMs":2620,"consumer":"engine-adapter","stage":"script.sdk","state":"before-script","browserElapsedMs":26}}
{"browserSmoke":{"elapsedMs":2620,"consumer":"engine-adapter","stage":"browser-request","state":"finished","path":"/"}}
{"browserSmoke":{"elapsedMs":2620,"consumer":"engine-adapter","stage":"browser-response","state":"headers","path":"/crs-client.js","status":200}}
{"browserSmoke":{"elapsedMs":2621,"consumer":"engine-adapter","stage":"browser-request","state":"finished","path":"/crs-client.js"}}
{"browserSmoke":{"elapsedMs":2621,"consumer":"engine-adapter","stage":"browser-response","state":"headers","path":"/app-env.js","status":200}}
{"browserSmoke":{"elapsedMs":2621,"consumer":"engine-adapter","stage":"browser-request","state":"finished","path":"/app-env.js"}}
{"browserSmoke":{"elapsedMs":2621,"consumer":"engine-adapter","stage":"browser-response","state":"headers","path":"/aztec-lib.js","status":200}}
{"browserSmoke":{"elapsedMs":2621,"consumer":"engine-adapter","stage":"browser-request","state":"finished","path":"/aztec-lib.js"}}
{"browserSmoke":{"elapsedMs":2623,"consumer":"engine-adapter","stage":"http","requestId":16,"path":"/aztec_bundle.js","state":"file-read-completed","bodyBytes":50142228,"durationMs":10}}
{"browserSmoke":{"elapsedMs":2785,"consumer":"engine-adapter","stage":"http","requestId":16,"path":"/aztec_bundle.js","state":"response-finished","status":200,"bodyBytes":50142228,"durationMs":172}}
{"browserSmoke":{"elapsedMs":2842,"consumer":"engine-adapter","stage":"browser-response","state":"headers","path":"/aztec_bundle.js","status":200}}
{"browserSmoke":{"elapsedMs":2842,"consumer":"engine-adapter","stage":"browser-request","state":"finished","path":"/aztec_bundle.js"}}
{"browserSmoke":{"elapsedMs":3236,"consumer":"engine-adapter","stage":"script.sdk","state":"script-load","browserElapsedMs":648}}
{"browserSmoke":{"elapsedMs":3237,"consumer":"engine-adapter","stage":"script.sdk","state":"after-script","browserElapsedMs":648}}
{"browserSmoke":{"elapsedMs":3237,"consumer":"engine-adapter","stage":"script.crs-client","state":"before-script","browserElapsedMs":648}}
{"browserSmoke":{"elapsedMs":3237,"consumer":"engine-adapter","stage":"script.crs-client","state":"script-load","browserElapsedMs":648}}
{"browserSmoke":{"elapsedMs":3237,"consumer":"engine-adapter","stage":"script.crs-client","state":"after-script","browserElapsedMs":648}}
{"browserSmoke":{"elapsedMs":3237,"consumer":"engine-adapter","stage":"script.shared-library","state":"before-script","browserElapsedMs":648}}
{"browserSmoke":{"elapsedMs":3237,"consumer":"engine-adapter","stage":"script.shared-library","state":"script-load","browserElapsedMs":648}}
{"browserSmoke":{"elapsedMs":3238,"consumer":"engine-adapter","stage":"script.shared-library","state":"after-script","browserElapsedMs":648}}
{"browserSmoke":{"elapsedMs":3238,"consumer":"engine-adapter","stage":"script.engine-adapter","state":"before-script","browserElapsedMs":648}}
{"browserSmoke":{"elapsedMs":3238,"consumer":"engine-adapter","stage":"script.engine-adapter","state":"script-load","browserElapsedMs":648}}
{"browserSmoke":{"elapsedMs":3238,"consumer":"engine-adapter","stage":"script.engine-adapter","state":"after-script","browserElapsedMs":648}}
{"browserSmoke":{"elapsedMs":3238,"consumer":"engine-adapter","stage":"script.document","state":"dom-content-loaded","browserElapsedMs":649}}
{"browserSmoke":{"elapsedMs":3238,"consumer":"engine-adapter","stage":"script.document","state":"load","browserElapsedMs":649}}
{"browserSmoke":{"elapsedMs":3239,"consumer":"engine-adapter","stage":"navigation","state":"completed"}}
{"browserSmoke":{"elapsedMs":3240,"consumer":"engine-adapter","stage":"sync-prover-init","state":"started"}}
{"browserSmoke":{"elapsedMs":3383,"consumer":"engine-adapter","stage":"sync-prover-init","state":"completed","durationMs":143}}
{"browserSmoke":{"elapsedMs":3384,"consumer":"engine-adapter","stage":"engine-crs-adapter","state":"started"}}
{"browserSmoke":{"elapsedMs":3385,"consumer":"engine-adapter","stage":"crs-1.load.g1_uncompressed.dat","state":"started"}}
{"browserSmoke":{"elapsedMs":3386,"consumer":"engine-adapter","stage":"http","requestId":20,"path":"/crs/g1_uncompressed.dat","state":"request-received"}}
{"browserSmoke":{"elapsedMs":3386,"consumer":"engine-adapter","stage":"browser-request","state":"started","path":"/crs/g1_uncompressed.dat"}}
{"browserSmoke":{"elapsedMs":3395,"consumer":"engine-adapter","stage":"http","requestId":20,"path":"/crs/g1_uncompressed.dat","state":"file-read-completed","bodyBytes":75497472,"durationMs":10}}
{"browserSmoke":{"elapsedMs":3398,"consumer":"engine-adapter","stage":"browser-response","state":"headers","path":"/crs/g1_uncompressed.dat","status":200}}
{"browserSmoke":{"elapsedMs":3418,"consumer":"engine-adapter","stage":"http","requestId":20,"path":"/crs/g1_uncompressed.dat","state":"response-finished","status":200,"bodyBytes":75497472,"durationMs":32}}
{"browserSmoke":{"elapsedMs":3421,"consumer":"engine-adapter","stage":"browser-request","state":"finished","path":"/crs/g1_uncompressed.dat"}}
{"browserSmoke":{"elapsedMs":3421,"consumer":"engine-adapter","stage":"crs-1.load.g1_uncompressed.dat","state":"completed","durationMs":36}}
{"browserSmoke":{"elapsedMs":3422,"consumer":"engine-adapter","stage":"crs-1.sha256.75497472","state":"started"}}
{"browserSmoke":{"elapsedMs":3640,"consumer":"engine-adapter","stage":"crs-1.sha256.75497472","state":"completed","durationMs":218}}
{"browserSmoke":{"elapsedMs":3641,"consumer":"engine-adapter","stage":"crs-1.load.g2.dat","state":"started"}}
{"browserSmoke":{"elapsedMs":3641,"consumer":"engine-adapter","stage":"browser-request","state":"started","path":"/crs/g2.dat"}}
{"browserSmoke":{"elapsedMs":3641,"consumer":"engine-adapter","stage":"http","requestId":21,"path":"/crs/g2.dat","state":"request-received"}}
{"browserSmoke":{"elapsedMs":3642,"consumer":"engine-adapter","stage":"http","requestId":21,"path":"/crs/g2.dat","state":"file-read-completed","bodyBytes":128,"durationMs":0}}
{"browserSmoke":{"elapsedMs":3642,"consumer":"engine-adapter","stage":"http","requestId":21,"path":"/crs/g2.dat","state":"response-finished","status":200,"bodyBytes":128,"durationMs":0}}
{"browserSmoke":{"elapsedMs":3642,"consumer":"engine-adapter","stage":"browser-response","state":"headers","path":"/crs/g2.dat","status":200}}
{"browserSmoke":{"elapsedMs":3642,"consumer":"engine-adapter","stage":"browser-request","state":"finished","path":"/crs/g2.dat"}}
{"browserSmoke":{"elapsedMs":3642,"consumer":"engine-adapter","stage":"crs-1.load.g2.dat","state":"completed","durationMs":2}}
{"browserSmoke":{"elapsedMs":3643,"consumer":"engine-adapter","stage":"crs-1.sha256.128","state":"started"}}
{"browserSmoke":{"elapsedMs":3643,"consumer":"engine-adapter","stage":"crs-1.sha256.128","state":"completed","durationMs":0}}
{"browserSmoke":{"elapsedMs":3643,"consumer":"engine-adapter","stage":"crs-1.load.grumpkin_g1.dat","state":"started"}}
{"browserSmoke":{"elapsedMs":3644,"consumer":"engine-adapter","stage":"browser-request","state":"started","path":"/crs/grumpkin_g1.dat"}}
{"browserSmoke":{"elapsedMs":3644,"consumer":"engine-adapter","stage":"http","requestId":22,"path":"/crs/grumpkin_g1.dat","state":"request-received"}}
{"browserSmoke":{"elapsedMs":3645,"consumer":"engine-adapter","stage":"http","requestId":22,"path":"/crs/grumpkin_g1.dat","state":"file-read-completed","bodyBytes":4194368,"durationMs":1}}
{"browserSmoke":{"elapsedMs":3645,"consumer":"engine-adapter","stage":"http","requestId":22,"path":"/crs/grumpkin_g1.dat","state":"response-finished","status":200,"bodyBytes":4194368,"durationMs":1}}
{"browserSmoke":{"elapsedMs":3645,"consumer":"engine-adapter","stage":"browser-response","state":"headers","path":"/crs/grumpkin_g1.dat","status":200}}
{"browserSmoke":{"elapsedMs":3668,"consumer":"engine-adapter","stage":"browser-request","state":"finished","path":"/crs/grumpkin_g1.dat"}}
{"browserSmoke":{"elapsedMs":3668,"consumer":"engine-adapter","stage":"crs-1.load.grumpkin_g1.dat","state":"completed","durationMs":25}}
{"browserSmoke":{"elapsedMs":3669,"consumer":"engine-adapter","stage":"crs-1.sha256.4194368","state":"started"}}
{"browserSmoke":{"elapsedMs":3681,"consumer":"engine-adapter","stage":"crs-1.sha256.4194368","state":"completed","durationMs":12}}
{"browserSmoke":{"elapsedMs":3682,"consumer":"engine-adapter","stage":"crs-1.srsInitSrs","state":"started"}}
{"browserSmoke":{"elapsedMs":3951,"consumer":"engine-adapter","stage":"crs-1.srsInitSrs","state":"completed","durationMs":269}}
{"browserSmoke":{"elapsedMs":3951,"consumer":"engine-adapter","stage":"crs-1.srsInitGrumpkinSrs","state":"started"}}
{"browserSmoke":{"elapsedMs":3963,"consumer":"engine-adapter","stage":"crs-1.srsInitGrumpkinSrs","state":"completed","durationMs":11}}
{"browserSmoke":{"elapsedMs":3963,"consumer":"engine-adapter","stage":"engine-crs-adapter","state":"completed","durationMs":580}}
{"browserSmoke":{"elapsedMs":3964,"consumer":"engine-adapter","stage":"poseidon","state":"started"}}
{"browserSmoke":{"elapsedMs":3965,"consumer":"engine-adapter","stage":"poseidon","state":"completed","durationMs":1}}
{"browserSmoke":{"elapsedMs":3965,"consumer":"engine-adapter","stage":"async-prover-init","state":"started"}}
{"browserSmoke":{"elapsedMs":3966,"consumer":"engine-adapter","stage":"browser-request","state":"started","path":"/bb-main.worker.js"}}
{"browserSmoke":{"elapsedMs":3966,"consumer":"engine-adapter","stage":"http","requestId":23,"path":"/bb-main.worker.js","state":"request-received"}}
{"browserSmoke":{"elapsedMs":3966,"consumer":"engine-adapter","stage":"http","requestId":23,"path":"/bb-main.worker.js","state":"file-read-completed","bodyBytes":22772,"durationMs":0}}
{"browserSmoke":{"elapsedMs":3966,"consumer":"engine-adapter","stage":"http","requestId":23,"path":"/bb-main.worker.js","state":"response-finished","status":200,"bodyBytes":22772,"durationMs":0}}
{"browserSmoke":{"elapsedMs":3968,"consumer":"engine-adapter","stage":"browser-response","state":"headers","path":"/bb-main.worker.js","status":200}}
{"browserSmoke":{"elapsedMs":3968,"consumer":"engine-adapter","stage":"browser-request","state":"finished","path":"/bb-main.worker.js"}}
{"browserSmoke":{"elapsedMs":4075,"consumer":"engine-adapter","stage":"http","requestId":24,"path":"/bb-thread.worker.js","state":"request-received"}}
{"browserSmoke":{"elapsedMs":4075,"consumer":"engine-adapter","stage":"browser-request","state":"started","path":"/bb-thread.worker.js"}}
{"browserSmoke":{"elapsedMs":4076,"consumer":"engine-adapter","stage":"http","requestId":24,"path":"/bb-thread.worker.js","state":"file-read-completed","bodyBytes":15377,"durationMs":1}}
{"browserSmoke":{"elapsedMs":4076,"consumer":"engine-adapter","stage":"http","requestId":24,"path":"/bb-thread.worker.js","state":"response-finished","status":200,"bodyBytes":15377,"durationMs":1}}
{"browserSmoke":{"elapsedMs":4078,"consumer":"engine-adapter","stage":"browser-response","state":"headers","path":"/bb-thread.worker.js","status":200}}
{"browserSmoke":{"elapsedMs":4078,"consumer":"engine-adapter","stage":"browser-request","state":"finished","path":"/bb-thread.worker.js"}}
{"browserSmoke":{"elapsedMs":4080,"consumer":"engine-adapter","stage":"async-prover-init","state":"completed","durationMs":114}}
{"browserSmoke":{"elapsedMs":4080,"consumer":"engine-adapter","stage":"async-prover-destroy","state":"started"}}
{"browserSmoke":{"elapsedMs":4082,"consumer":"engine-adapter","stage":"async-prover-destroy","state":"completed","durationMs":1}}
{"browserSmoke":{"elapsedMs":4083,"consumer":"engine-adapter","stage":"sqlite-open","state":"started"}}
{"browserSmoke":{"elapsedMs":4084,"consumer":"engine-adapter","stage":"browser-request","state":"started","path":"/sqlite.worker.js"}}
{"browserSmoke":{"elapsedMs":4084,"consumer":"engine-adapter","stage":"http","requestId":25,"path":"/sqlite.worker.js","state":"request-received"}}
{"browserSmoke":{"elapsedMs":4084,"consumer":"engine-adapter","stage":"http","requestId":25,"path":"/sqlite.worker.js","state":"file-read-completed","bodyBytes":476347,"durationMs":0}}
{"browserSmoke":{"elapsedMs":4084,"consumer":"engine-adapter","stage":"http","requestId":25,"path":"/sqlite.worker.js","state":"response-finished","status":200,"bodyBytes":476347,"durationMs":0}}
{"browserSmoke":{"elapsedMs":4086,"consumer":"engine-adapter","stage":"browser-response","state":"headers","path":"/sqlite.worker.js","status":200}}
{"browserSmoke":{"elapsedMs":4089,"consumer":"engine-adapter","stage":"browser-request","state":"finished","path":"/sqlite.worker.js"}}
{"browserSmoke":{"elapsedMs":4094,"consumer":"engine-adapter","stage":"http","requestId":26,"path":"/sqlite3.wasm","state":"request-received"}}
{"browserSmoke":{"elapsedMs":4094,"consumer":"engine-adapter","stage":"browser-request","state":"started","path":"/sqlite3.wasm"}}
{"browserSmoke":{"elapsedMs":4094,"consumer":"engine-adapter","stage":"http","requestId":26,"path":"/sqlite3.wasm","state":"file-read-completed","bodyBytes":1058719,"durationMs":0}}
{"browserSmoke":{"elapsedMs":4094,"consumer":"engine-adapter","stage":"http","requestId":26,"path":"/sqlite3.wasm","state":"response-finished","status":200,"bodyBytes":1058719,"durationMs":1}}
{"browserSmoke":{"elapsedMs":4095,"consumer":"engine-adapter","stage":"browser-response","state":"headers","path":"/sqlite3.wasm","status":200}}
{"browserSmoke":{"elapsedMs":4107,"consumer":"engine-adapter","stage":"browser-request","state":"started","path":"/sqlite3-opfs-async-proxy.js"}}
{"browserSmoke":{"elapsedMs":4107,"consumer":"engine-adapter","stage":"http","requestId":27,"path":"/sqlite3-opfs-async-proxy.js","state":"request-received"}}
{"browserSmoke":{"elapsedMs":4107,"consumer":"engine-adapter","stage":"browser-request","state":"finished","path":"/sqlite3.wasm"}}
{"browserSmoke":{"elapsedMs":4107,"consumer":"engine-adapter","stage":"http","requestId":27,"path":"/sqlite3-opfs-async-proxy.js","state":"file-read-completed","bodyBytes":24541,"durationMs":0}}
{"browserSmoke":{"elapsedMs":4108,"consumer":"engine-adapter","stage":"http","requestId":27,"path":"/sqlite3-opfs-async-proxy.js","state":"response-finished","status":200,"bodyBytes":24541,"durationMs":0}}
{"browserSmoke":{"elapsedMs":4109,"consumer":"engine-adapter","stage":"browser-response","state":"headers","path":"/sqlite3-opfs-async-proxy.js","status":200}}
{"browserSmoke":{"elapsedMs":4110,"consumer":"engine-adapter","stage":"browser-request","state":"finished","path":"/sqlite3-opfs-async-proxy.js"}}
{"browserSmoke":{"elapsedMs":4112,"consumer":"engine-adapter","stage":"browser-request","state":"started","path":"/sqlite3-opfs-async-proxy.js"}}
{"browserSmoke":{"elapsedMs":4112,"consumer":"engine-adapter","stage":"http","requestId":28,"path":"/sqlite3-opfs-async-proxy.js","state":"request-received"}}
{"browserSmoke":{"elapsedMs":4112,"consumer":"engine-adapter","stage":"http","requestId":28,"path":"/sqlite3-opfs-async-proxy.js","state":"file-read-completed","bodyBytes":24541,"durationMs":0}}
{"browserSmoke":{"elapsedMs":4112,"consumer":"engine-adapter","stage":"http","requestId":28,"path":"/sqlite3-opfs-async-proxy.js","state":"response-finished","status":200,"bodyBytes":24541,"durationMs":0}}
{"browserSmoke":{"elapsedMs":4114,"consumer":"engine-adapter","stage":"browser-response","state":"headers","path":"/sqlite3-opfs-async-proxy.js","status":200}}
{"browserSmoke":{"elapsedMs":4115,"consumer":"engine-adapter","stage":"browser-request","state":"finished","path":"/sqlite3-opfs-async-proxy.js"}}
{"browserSmoke":{"elapsedMs":4124,"consumer":"engine-adapter","stage":"sqlite-open","state":"completed","durationMs":41}}
{"browserSmoke":{"elapsedMs":4124,"consumer":"engine-adapter","stage":"sqlite-write","state":"started"}}
{"browserSmoke":{"elapsedMs":4126,"consumer":"engine-adapter","stage":"sqlite-write","state":"completed","durationMs":2}}
{"browserSmoke":{"elapsedMs":4126,"consumer":"engine-adapter","stage":"sqlite-read","state":"started"}}
{"browserSmoke":{"elapsedMs":4127,"consumer":"engine-adapter","stage":"sqlite-read","state":"completed","durationMs":1}}
{"browserSmoke":{"elapsedMs":4127,"consumer":"engine-adapter","stage":"sqlite-close","state":"started"}}
{"browserSmoke":{"elapsedMs":4129,"consumer":"engine-adapter","stage":"sqlite-close","state":"completed","durationMs":1}}
{"browserSmoke":{"elapsedMs":4132,"consumer":"engine-adapter","stage":"browser","state":"disconnected","deadlineExceeded":false}}
{
  "outcome": "pass",
  "navigationTimeoutMsPerConsumer": 30000,
  "evaluationTimeoutMsPerConsumer": 120000,
  "isolation": "Fresh browser process and disposable profile per consumer",
  "consumers": [
    {
      "consumer": "shared-library",
      "outcome": "pass",
      "browser": "145.0.7632.6",
      "evaluationMs": 950,
      "crs": "verified and initialized through shared-library",
      "bn254Inputs": [
        {
          "bytes": 75497472,
          "numPoints": 1179648
        }
      ],
      "legacyBuffer": "01",
      "exports": 71,
      "crossOriginIsolated": true,
      "poseidon": "0x038682aa1cb5ae4e0a3f13da432a95c77c5c111f6f030faf9cad641ce1ed7383",
      "sqlite": "value",
      "workers": "initialized and destroyed"
    },
    {
      "consumer": "engine-adapter",
      "outcome": "pass",
      "browser": "145.0.7632.6",
      "evaluationMs": 891,
      "crs": "verified and initialized through engine-adapter",
      "bn254Inputs": [
        {
          "bytes": 75497472,
          "numPoints": 1179648
        }
      ],
      "legacyBuffer": "01",
      "exports": 71,
      "crossOriginIsolated": true,
      "poseidon": "0x038682aa1cb5ae4e0a3f13da432a95c77c5c111f6f030faf9cad641ce1ed7383",
      "sqlite": "value",
      "workers": "initialized and destroyed"
    }
  ],
  "sourceHashes": {
    ".build/sdk/aztec_bundle.js": "21f1bc33ab5a083a9ff579d40ff45ca44ff0f152316ee89944b9933fed9ea7f1",
    "scripts/test-sdk-browser.mjs": "a830f478e9f22522534dd4c59ec743d6581c45b92fddaa284ee329b37b0f4bc1",
    "crs-manifest.json": "4927de3e03d69f4e640a841f9421dd0b93819b5e3d42c142d12ee079d5a402be",
    "shared/crs-client.js": "d2f05e23a00be052861eab920d8e1673767028256fceb825d1c7ee70b91e193a",
    "shared/aztec-lib.js": "6e6ec0a21c68a90520f0cfb9920f705c38adf42b225bc1b355686e586cd96d9e",
    "shared/app-env.js": "5a8352ed9f63c85f2de23a4f3e19a845ac0271303e44a0bce511efc7dc14f3cd"
  },
  "stages": [
    {
      "elapsedMs": 4,
      "stage": "http-server",
      "state": "listening"
    },
    {
      "elapsedMs": 4,
      "consumer": "shared-library",
      "stage": "browser-launch",
      "state": "started"
    },
    {
      "elapsedMs": 582,
      "consumer": "shared-library",
      "stage": "browser-launch",
      "state": "completed"
    },
    {
      "elapsedMs": 582,
      "consumer": "shared-library",
      "stage": "page-create",
      "state": "started"
    },
    {
      "elapsedMs": 739,
      "consumer": "shared-library",
      "stage": "page-create",
      "state": "completed"
    },
    {
      "elapsedMs": 739,
      "consumer": "shared-library",
      "stage": "expose-function",
      "state": "started"
    },
    {
      "elapsedMs": 761,
      "consumer": "shared-library",
      "stage": "expose-function",
      "state": "completed"
    },
    {
      "elapsedMs": 761,
      "consumer": "shared-library",
      "stage": "install-readiness-markers",
      "state": "started"
    },
    {
      "elapsedMs": 762,
      "consumer": "shared-library",
      "stage": "install-readiness-markers",
      "state": "completed"
    },
    {
      "elapsedMs": 762,
      "consumer": "shared-library",
      "stage": "navigation",
      "state": "started"
    },
    {
      "elapsedMs": 764,
      "consumer": "shared-library",
      "stage": "browser-request",
      "state": "started",
      "path": "/"
    },
    {
      "elapsedMs": 770,
      "consumer": "shared-library",
      "stage": "http",
      "requestId": 1,
      "path": "/",
      "state": "request-received"
    },
    {
      "elapsedMs": 774,
      "consumer": "shared-library",
      "stage": "http",
      "requestId": 1,
      "path": "/",
      "state": "response-finished",
      "status": 200,
      "bodyBytes": 3384,
      "durationMs": 4
    },
    {
      "elapsedMs": 778,
      "consumer": "shared-library",
      "stage": "browser-response",
      "state": "headers",
      "path": "/",
      "status": 200
    },
    {
      "elapsedMs": 814,
      "consumer": "shared-library",
      "stage": "http",
      "requestId": 2,
      "path": "/aztec_bundle.js",
      "state": "request-received"
    },
    {
      "elapsedMs": 814,
      "consumer": "shared-library",
      "stage": "http",
      "requestId": 3,
      "path": "/crs-client.js",
      "state": "request-received"
    },
    {
      "elapsedMs": 814,
      "consumer": "shared-library",
      "stage": "http",
      "requestId": 4,
      "path": "/aztec-lib.js",
      "state": "request-received"
    },
    {
      "elapsedMs": 815,
      "consumer": "shared-library",
      "stage": "http",
      "requestId": 5,
      "path": "/app-env.js",
      "state": "request-received"
    },
    {
      "elapsedMs": 815,
      "consumer": "shared-library",
      "stage": "browser-request",
      "state": "started",
      "path": "/aztec_bundle.js"
    },
    {
      "elapsedMs": 815,
      "consumer": "shared-library",
      "stage": "browser-request",
      "state": "started",
      "path": "/crs-client.js"
    },
    {
      "elapsedMs": 815,
      "consumer": "shared-library",
      "stage": "browser-request",
      "state": "started",
      "path": "/aztec-lib.js"
    },
    {
      "elapsedMs": 815,
      "consumer": "shared-library",
      "stage": "browser-request",
      "state": "started",
      "path": "/app-env.js"
    },
    {
      "elapsedMs": 815,
      "consumer": "shared-library",
      "stage": "http",
      "requestId": 3,
      "path": "/crs-client.js",
      "state": "file-read-completed",
      "bodyBytes": 7428,
      "durationMs": 1
    },
    {
      "elapsedMs": 816,
      "consumer": "shared-library",
      "stage": "http",
      "requestId": 3,
      "path": "/crs-client.js",
      "state": "response-finished",
      "status": 200,
      "bodyBytes": 7428,
      "durationMs": 1
    },
    {
      "elapsedMs": 816,
      "consumer": "shared-library",
      "stage": "http",
      "requestId": 4,
      "path": "/aztec-lib.js",
      "state": "file-read-completed",
      "bodyBytes": 37542,
      "durationMs": 1
    },
    {
      "elapsedMs": 816,
      "consumer": "shared-library",
      "stage": "http",
      "requestId": 4,
      "path": "/aztec-lib.js",
      "state": "response-finished",
      "status": 200,
      "bodyBytes": 37542,
      "durationMs": 1
    },
    {
      "elapsedMs": 816,
      "consumer": "shared-library",
      "stage": "http",
      "requestId": 5,
      "path": "/app-env.js",
      "state": "file-read-completed",
      "bodyBytes": 7224,
      "durationMs": 1
    },
    {
      "elapsedMs": 816,
      "consumer": "shared-library",
      "stage": "http",
      "requestId": 5,
      "path": "/app-env.js",
      "state": "response-finished",
      "status": 200,
      "bodyBytes": 7224,
      "durationMs": 1
    },
    {
      "elapsedMs": 818,
      "consumer": "shared-library",
      "stage": "script.sdk",
      "state": "before-script",
      "browserElapsedMs": 53
    },
    {
      "elapsedMs": 822,
      "consumer": "shared-library",
      "stage": "browser-request",
      "state": "finished",
      "path": "/"
    },
    {
      "elapsedMs": 822,
      "consumer": "shared-library",
      "stage": "browser-response",
      "state": "headers",
      "path": "/app-env.js",
      "status": 200
    },
    {
      "elapsedMs": 822,
      "consumer": "shared-library",
      "stage": "browser-request",
      "state": "finished",
      "path": "/app-env.js"
    },
    {
      "elapsedMs": 822,
      "consumer": "shared-library",
      "stage": "browser-response",
      "state": "headers",
      "path": "/aztec-lib.js",
      "status": 200
    },
    {
      "elapsedMs": 822,
      "consumer": "shared-library",
      "stage": "browser-request",
      "state": "finished",
      "path": "/aztec-lib.js"
    },
    {
      "elapsedMs": 822,
      "consumer": "shared-library",
      "stage": "browser-response",
      "state": "headers",
      "path": "/crs-client.js",
      "status": 200
    },
    {
      "elapsedMs": 822,
      "consumer": "shared-library",
      "stage": "browser-request",
      "state": "finished",
      "path": "/crs-client.js"
    },
    {
      "elapsedMs": 828,
      "consumer": "shared-library",
      "stage": "http",
      "requestId": 2,
      "path": "/aztec_bundle.js",
      "state": "file-read-completed",
      "bodyBytes": 50142228,
      "durationMs": 14
    },
    {
      "elapsedMs": 998,
      "consumer": "shared-library",
      "stage": "http",
      "requestId": 2,
      "path": "/aztec_bundle.js",
      "state": "response-finished",
      "status": 200,
      "bodyBytes": 50142228,
      "durationMs": 184
    },
    {
      "elapsedMs": 1065,
      "consumer": "shared-library",
      "stage": "browser-response",
      "state": "headers",
      "path": "/aztec_bundle.js",
      "status": 200
    },
    {
      "elapsedMs": 1065,
      "consumer": "shared-library",
      "stage": "browser-request",
      "state": "finished",
      "path": "/aztec_bundle.js"
    },
    {
      "elapsedMs": 1480,
      "consumer": "shared-library",
      "stage": "script.sdk",
      "state": "script-load",
      "browserElapsedMs": 717
    },
    {
      "elapsedMs": 1481,
      "consumer": "shared-library",
      "stage": "script.sdk",
      "state": "after-script",
      "browserElapsedMs": 717
    },
    {
      "elapsedMs": 1481,
      "consumer": "shared-library",
      "stage": "script.crs-client",
      "state": "before-script",
      "browserElapsedMs": 717
    },
    {
      "elapsedMs": 1481,
      "consumer": "shared-library",
      "stage": "script.crs-client",
      "state": "script-load",
      "browserElapsedMs": 717
    },
    {
      "elapsedMs": 1482,
      "consumer": "shared-library",
      "stage": "script.crs-client",
      "state": "after-script",
      "browserElapsedMs": 717
    },
    {
      "elapsedMs": 1482,
      "consumer": "shared-library",
      "stage": "script.shared-library",
      "state": "before-script",
      "browserElapsedMs": 717
    },
    {
      "elapsedMs": 1482,
      "consumer": "shared-library",
      "stage": "script.shared-library",
      "state": "script-load",
      "browserElapsedMs": 718
    },
    {
      "elapsedMs": 1482,
      "consumer": "shared-library",
      "stage": "script.shared-library",
      "state": "after-script",
      "browserElapsedMs": 718
    },
    {
      "elapsedMs": 1482,
      "consumer": "shared-library",
      "stage": "script.engine-adapter",
      "state": "before-script",
      "browserElapsedMs": 718
    },
    {
      "elapsedMs": 1482,
      "consumer": "shared-library",
      "stage": "script.engine-adapter",
      "state": "script-load",
      "browserElapsedMs": 718
    },
    {
      "elapsedMs": 1482,
      "consumer": "shared-library",
      "stage": "script.engine-adapter",
      "state": "after-script",
      "browserElapsedMs": 718
    },
    {
      "elapsedMs": 1484,
      "consumer": "shared-library",
      "stage": "script.document",
      "state": "dom-content-loaded",
      "browserElapsedMs": 719
    },
    {
      "elapsedMs": 1484,
      "consumer": "shared-library",
      "stage": "script.document",
      "state": "load",
      "browserElapsedMs": 719
    },
    {
      "elapsedMs": 1484,
      "consumer": "shared-library",
      "stage": "navigation",
      "state": "completed"
    },
    {
      "elapsedMs": 1486,
      "consumer": "shared-library",
      "stage": "sync-prover-init",
      "state": "started"
    },
    {
      "elapsedMs": 1637,
      "consumer": "shared-library",
      "stage": "sync-prover-init",
      "state": "completed",
      "durationMs": 152
    },
    {
      "elapsedMs": 1638,
      "consumer": "shared-library",
      "stage": "shared-crs-adapter",
      "state": "started"
    },
    {
      "elapsedMs": 1639,
      "consumer": "shared-library",
      "stage": "crs-1.load.g1_uncompressed.dat",
      "state": "started"
    },
    {
      "elapsedMs": 1640,
      "consumer": "shared-library",
      "stage": "browser-request",
      "state": "started",
      "path": "/crs/g1_uncompressed.dat"
    },
    {
      "elapsedMs": 1640,
      "consumer": "shared-library",
      "stage": "http",
      "requestId": 6,
      "path": "/crs/g1_uncompressed.dat",
      "state": "request-received"
    },
    {
      "elapsedMs": 1674,
      "consumer": "shared-library",
      "stage": "http",
      "requestId": 6,
      "path": "/crs/g1_uncompressed.dat",
      "state": "file-read-completed",
      "bodyBytes": 75497472,
      "durationMs": 34
    },
    {
      "elapsedMs": 1678,
      "consumer": "shared-library",
      "stage": "browser-response",
      "state": "headers",
      "path": "/crs/g1_uncompressed.dat",
      "status": 200
    },
    {
      "elapsedMs": 1703,
      "consumer": "shared-library",
      "stage": "http",
      "requestId": 6,
      "path": "/crs/g1_uncompressed.dat",
      "state": "response-finished",
      "status": 200,
      "bodyBytes": 75497472,
      "durationMs": 63
    },
    {
      "elapsedMs": 1707,
      "consumer": "shared-library",
      "stage": "browser-request",
      "state": "finished",
      "path": "/crs/g1_uncompressed.dat"
    },
    {
      "elapsedMs": 1707,
      "consumer": "shared-library",
      "stage": "crs-1.load.g1_uncompressed.dat",
      "state": "completed",
      "durationMs": 68
    },
    {
      "elapsedMs": 1712,
      "consumer": "shared-library",
      "stage": "crs-1.sha256.75497472",
      "state": "started"
    },
    {
      "elapsedMs": 1937,
      "consumer": "shared-library",
      "stage": "crs-1.sha256.75497472",
      "state": "completed",
      "durationMs": 225
    },
    {
      "elapsedMs": 1938,
      "consumer": "shared-library",
      "stage": "crs-1.load.g2.dat",
      "state": "started"
    },
    {
      "elapsedMs": 1939,
      "consumer": "shared-library",
      "stage": "browser-request",
      "state": "started",
      "path": "/crs/g2.dat"
    },
    {
      "elapsedMs": 1939,
      "consumer": "shared-library",
      "stage": "http",
      "requestId": 7,
      "path": "/crs/g2.dat",
      "state": "request-received"
    },
    {
      "elapsedMs": 1939,
      "consumer": "shared-library",
      "stage": "http",
      "requestId": 7,
      "path": "/crs/g2.dat",
      "state": "file-read-completed",
      "bodyBytes": 128,
      "durationMs": 0
    },
    {
      "elapsedMs": 1939,
      "consumer": "shared-library",
      "stage": "http",
      "requestId": 7,
      "path": "/crs/g2.dat",
      "state": "response-finished",
      "status": 200,
      "bodyBytes": 128,
      "durationMs": 0
    },
    {
      "elapsedMs": 1940,
      "consumer": "shared-library",
      "stage": "browser-response",
      "state": "headers",
      "path": "/crs/g2.dat",
      "status": 200
    },
    {
      "elapsedMs": 1940,
      "consumer": "shared-library",
      "stage": "browser-request",
      "state": "finished",
      "path": "/crs/g2.dat"
    },
    {
      "elapsedMs": 1940,
      "consumer": "shared-library",
      "stage": "crs-1.load.g2.dat",
      "state": "completed",
      "durationMs": 2
    },
    {
      "elapsedMs": 1940,
      "consumer": "shared-library",
      "stage": "crs-1.sha256.128",
      "state": "started"
    },
    {
      "elapsedMs": 1941,
      "consumer": "shared-library",
      "stage": "crs-1.sha256.128",
      "state": "completed",
      "durationMs": 0
    },
    {
      "elapsedMs": 1941,
      "consumer": "shared-library",
      "stage": "crs-1.load.grumpkin_g1.dat",
      "state": "started"
    },
    {
      "elapsedMs": 1941,
      "consumer": "shared-library",
      "stage": "browser-request",
      "state": "started",
      "path": "/crs/grumpkin_g1.dat"
    },
    {
      "elapsedMs": 1942,
      "consumer": "shared-library",
      "stage": "http",
      "requestId": 8,
      "path": "/crs/grumpkin_g1.dat",
      "state": "request-received"
    },
    {
      "elapsedMs": 1944,
      "consumer": "shared-library",
      "stage": "http",
      "requestId": 8,
      "path": "/crs/grumpkin_g1.dat",
      "state": "file-read-completed",
      "bodyBytes": 4194368,
      "durationMs": 2
    },
    {
      "elapsedMs": 1945,
      "consumer": "shared-library",
      "stage": "http",
      "requestId": 8,
      "path": "/crs/grumpkin_g1.dat",
      "state": "response-finished",
      "status": 200,
      "bodyBytes": 4194368,
      "durationMs": 3
    },
    {
      "elapsedMs": 1945,
      "consumer": "shared-library",
      "stage": "browser-response",
      "state": "headers",
      "path": "/crs/grumpkin_g1.dat",
      "status": 200
    },
    {
      "elapsedMs": 1967,
      "consumer": "shared-library",
      "stage": "browser-request",
      "state": "finished",
      "path": "/crs/grumpkin_g1.dat"
    },
    {
      "elapsedMs": 1967,
      "consumer": "shared-library",
      "stage": "crs-1.load.grumpkin_g1.dat",
      "state": "completed",
      "durationMs": 26
    },
    {
      "elapsedMs": 1968,
      "consumer": "shared-library",
      "stage": "crs-1.sha256.4194368",
      "state": "started"
    },
    {
      "elapsedMs": 1980,
      "consumer": "shared-library",
      "stage": "crs-1.sha256.4194368",
      "state": "completed",
      "durationMs": 12
    },
    {
      "elapsedMs": 1981,
      "consumer": "shared-library",
      "stage": "crs-1.srsInitSrs",
      "state": "started"
    },
    {
      "elapsedMs": 2251,
      "consumer": "shared-library",
      "stage": "crs-1.srsInitSrs",
      "state": "completed",
      "durationMs": 270
    },
    {
      "elapsedMs": 2252,
      "consumer": "shared-library",
      "stage": "crs-1.srsInitGrumpkinSrs",
      "state": "started"
    },
    {
      "elapsedMs": 2264,
      "consumer": "shared-library",
      "stage": "crs-1.srsInitGrumpkinSrs",
      "state": "completed",
      "durationMs": 12
    },
    {
      "elapsedMs": 2265,
      "consumer": "shared-library",
      "stage": "shared-crs-adapter",
      "state": "completed",
      "durationMs": 626
    },
    {
      "elapsedMs": 2265,
      "consumer": "shared-library",
      "stage": "poseidon",
      "state": "started"
    },
    {
      "elapsedMs": 2266,
      "consumer": "shared-library",
      "stage": "poseidon",
      "state": "completed",
      "durationMs": 1
    },
    {
      "elapsedMs": 2267,
      "consumer": "shared-library",
      "stage": "async-prover-init",
      "state": "started"
    },
    {
      "elapsedMs": 2268,
      "consumer": "shared-library",
      "stage": "browser-request",
      "state": "started",
      "path": "/bb-main.worker.js"
    },
    {
      "elapsedMs": 2269,
      "consumer": "shared-library",
      "stage": "http",
      "requestId": 9,
      "path": "/bb-main.worker.js",
      "state": "request-received"
    },
    {
      "elapsedMs": 2269,
      "consumer": "shared-library",
      "stage": "http",
      "requestId": 9,
      "path": "/bb-main.worker.js",
      "state": "file-read-completed",
      "bodyBytes": 22772,
      "durationMs": 0
    },
    {
      "elapsedMs": 2270,
      "consumer": "shared-library",
      "stage": "http",
      "requestId": 9,
      "path": "/bb-main.worker.js",
      "state": "response-finished",
      "status": 200,
      "bodyBytes": 22772,
      "durationMs": 1
    },
    {
      "elapsedMs": 2273,
      "consumer": "shared-library",
      "stage": "browser-response",
      "state": "headers",
      "path": "/bb-main.worker.js",
      "status": 200
    },
    {
      "elapsedMs": 2274,
      "consumer": "shared-library",
      "stage": "browser-request",
      "state": "finished",
      "path": "/bb-main.worker.js"
    },
    {
      "elapsedMs": 2378,
      "consumer": "shared-library",
      "stage": "http",
      "requestId": 10,
      "path": "/bb-thread.worker.js",
      "state": "request-received"
    },
    {
      "elapsedMs": 2378,
      "consumer": "shared-library",
      "stage": "browser-request",
      "state": "started",
      "path": "/bb-thread.worker.js"
    },
    {
      "elapsedMs": 2378,
      "consumer": "shared-library",
      "stage": "http",
      "requestId": 10,
      "path": "/bb-thread.worker.js",
      "state": "file-read-completed",
      "bodyBytes": 15377,
      "durationMs": 0
    },
    {
      "elapsedMs": 2379,
      "consumer": "shared-library",
      "stage": "http",
      "requestId": 10,
      "path": "/bb-thread.worker.js",
      "state": "response-finished",
      "status": 200,
      "bodyBytes": 15377,
      "durationMs": 1
    },
    {
      "elapsedMs": 2380,
      "consumer": "shared-library",
      "stage": "browser-response",
      "state": "headers",
      "path": "/bb-thread.worker.js",
      "status": 200
    },
    {
      "elapsedMs": 2380,
      "consumer": "shared-library",
      "stage": "browser-request",
      "state": "finished",
      "path": "/bb-thread.worker.js"
    },
    {
      "elapsedMs": 2382,
      "consumer": "shared-library",
      "stage": "async-prover-init",
      "state": "completed",
      "durationMs": 115
    },
    {
      "elapsedMs": 2382,
      "consumer": "shared-library",
      "stage": "async-prover-destroy",
      "state": "started"
    },
    {
      "elapsedMs": 2383,
      "consumer": "shared-library",
      "stage": "async-prover-destroy",
      "state": "completed",
      "durationMs": 1
    },
    {
      "elapsedMs": 2383,
      "consumer": "shared-library",
      "stage": "sqlite-open",
      "state": "started"
    },
    {
      "elapsedMs": 2384,
      "consumer": "shared-library",
      "stage": "browser-request",
      "state": "started",
      "path": "/sqlite.worker.js"
    },
    {
      "elapsedMs": 2384,
      "consumer": "shared-library",
      "stage": "http",
      "requestId": 11,
      "path": "/sqlite.worker.js",
      "state": "request-received"
    },
    {
      "elapsedMs": 2385,
      "consumer": "shared-library",
      "stage": "http",
      "requestId": 11,
      "path": "/sqlite.worker.js",
      "state": "file-read-completed",
      "bodyBytes": 476347,
      "durationMs": 0
    },
    {
      "elapsedMs": 2385,
      "consumer": "shared-library",
      "stage": "http",
      "requestId": 11,
      "path": "/sqlite.worker.js",
      "state": "response-finished",
      "status": 200,
      "bodyBytes": 476347,
      "durationMs": 1
    },
    {
      "elapsedMs": 2386,
      "consumer": "shared-library",
      "stage": "browser-response",
      "state": "headers",
      "path": "/sqlite.worker.js",
      "status": 200
    },
    {
      "elapsedMs": 2389,
      "consumer": "shared-library",
      "stage": "browser-request",
      "state": "finished",
      "path": "/sqlite.worker.js"
    },
    {
      "elapsedMs": 2395,
      "consumer": "shared-library",
      "stage": "http",
      "requestId": 12,
      "path": "/sqlite3.wasm",
      "state": "request-received"
    },
    {
      "elapsedMs": 2395,
      "consumer": "shared-library",
      "stage": "browser-request",
      "state": "started",
      "path": "/sqlite3.wasm"
    },
    {
      "elapsedMs": 2395,
      "consumer": "shared-library",
      "stage": "http",
      "requestId": 12,
      "path": "/sqlite3.wasm",
      "state": "file-read-completed",
      "bodyBytes": 1058719,
      "durationMs": 1
    },
    {
      "elapsedMs": 2396,
      "consumer": "shared-library",
      "stage": "http",
      "requestId": 12,
      "path": "/sqlite3.wasm",
      "state": "response-finished",
      "status": 200,
      "bodyBytes": 1058719,
      "durationMs": 1
    },
    {
      "elapsedMs": 2396,
      "consumer": "shared-library",
      "stage": "browser-response",
      "state": "headers",
      "path": "/sqlite3.wasm",
      "status": 200
    },
    {
      "elapsedMs": 2410,
      "consumer": "shared-library",
      "stage": "browser-request",
      "state": "started",
      "path": "/sqlite3-opfs-async-proxy.js"
    },
    {
      "elapsedMs": 2410,
      "consumer": "shared-library",
      "stage": "http",
      "requestId": 13,
      "path": "/sqlite3-opfs-async-proxy.js",
      "state": "request-received"
    },
    {
      "elapsedMs": 2410,
      "consumer": "shared-library",
      "stage": "browser-request",
      "state": "finished",
      "path": "/sqlite3.wasm"
    },
    {
      "elapsedMs": 2410,
      "consumer": "shared-library",
      "stage": "http",
      "requestId": 13,
      "path": "/sqlite3-opfs-async-proxy.js",
      "state": "file-read-completed",
      "bodyBytes": 24541,
      "durationMs": 0
    },
    {
      "elapsedMs": 2410,
      "consumer": "shared-library",
      "stage": "http",
      "requestId": 13,
      "path": "/sqlite3-opfs-async-proxy.js",
      "state": "response-finished",
      "status": 200,
      "bodyBytes": 24541,
      "durationMs": 0
    },
    {
      "elapsedMs": 2412,
      "consumer": "shared-library",
      "stage": "browser-response",
      "state": "headers",
      "path": "/sqlite3-opfs-async-proxy.js",
      "status": 200
    },
    {
      "elapsedMs": 2414,
      "consumer": "shared-library",
      "stage": "browser-request",
      "state": "finished",
      "path": "/sqlite3-opfs-async-proxy.js"
    },
    {
      "elapsedMs": 2418,
      "consumer": "shared-library",
      "stage": "browser-request",
      "state": "started",
      "path": "/sqlite3-opfs-async-proxy.js"
    },
    {
      "elapsedMs": 2418,
      "consumer": "shared-library",
      "stage": "http",
      "requestId": 14,
      "path": "/sqlite3-opfs-async-proxy.js",
      "state": "request-received"
    },
    {
      "elapsedMs": 2418,
      "consumer": "shared-library",
      "stage": "http",
      "requestId": 14,
      "path": "/sqlite3-opfs-async-proxy.js",
      "state": "file-read-completed",
      "bodyBytes": 24541,
      "durationMs": 0
    },
    {
      "elapsedMs": 2418,
      "consumer": "shared-library",
      "stage": "http",
      "requestId": 14,
      "path": "/sqlite3-opfs-async-proxy.js",
      "state": "response-finished",
      "status": 200,
      "bodyBytes": 24541,
      "durationMs": 0
    },
    {
      "elapsedMs": 2420,
      "consumer": "shared-library",
      "stage": "browser-response",
      "state": "headers",
      "path": "/sqlite3-opfs-async-proxy.js",
      "status": 200
    },
    {
      "elapsedMs": 2420,
      "consumer": "shared-library",
      "stage": "browser-request",
      "state": "finished",
      "path": "/sqlite3-opfs-async-proxy.js"
    },
    {
      "elapsedMs": 2428,
      "consumer": "shared-library",
      "stage": "sqlite-open",
      "state": "completed",
      "durationMs": 45
    },
    {
      "elapsedMs": 2429,
      "consumer": "shared-library",
      "stage": "sqlite-write",
      "state": "started"
    },
    {
      "elapsedMs": 2431,
      "consumer": "shared-library",
      "stage": "sqlite-write",
      "state": "completed",
      "durationMs": 2
    },
    {
      "elapsedMs": 2431,
      "consumer": "shared-library",
      "stage": "sqlite-read",
      "state": "started"
    },
    {
      "elapsedMs": 2432,
      "consumer": "shared-library",
      "stage": "sqlite-read",
      "state": "completed",
      "durationMs": 1
    },
    {
      "elapsedMs": 2432,
      "consumer": "shared-library",
      "stage": "sqlite-close",
      "state": "started"
    },
    {
      "elapsedMs": 2433,
      "consumer": "shared-library",
      "stage": "sqlite-close",
      "state": "completed",
      "durationMs": 1
    },
    {
      "elapsedMs": 2438,
      "consumer": "shared-library",
      "stage": "browser",
      "state": "disconnected",
      "deadlineExceeded": false
    },
    {
      "elapsedMs": 2462,
      "consumer": "engine-adapter",
      "stage": "browser-launch",
      "state": "started"
    },
    {
      "elapsedMs": 2555,
      "consumer": "engine-adapter",
      "stage": "browser-launch",
      "state": "completed"
    },
    {
      "elapsedMs": 2555,
      "consumer": "engine-adapter",
      "stage": "page-create",
      "state": "started"
    },
    {
      "elapsedMs": 2585,
      "consumer": "engine-adapter",
      "stage": "page-create",
      "state": "completed"
    },
    {
      "elapsedMs": 2585,
      "consumer": "engine-adapter",
      "stage": "expose-function",
      "state": "started"
    },
    {
      "elapsedMs": 2587,
      "consumer": "engine-adapter",
      "stage": "expose-function",
      "state": "completed"
    },
    {
      "elapsedMs": 2587,
      "consumer": "engine-adapter",
      "stage": "install-readiness-markers",
      "state": "started"
    },
    {
      "elapsedMs": 2588,
      "consumer": "engine-adapter",
      "stage": "install-readiness-markers",
      "state": "completed"
    },
    {
      "elapsedMs": 2588,
      "consumer": "engine-adapter",
      "stage": "navigation",
      "state": "started"
    },
    {
      "elapsedMs": 2588,
      "consumer": "engine-adapter",
      "stage": "browser-request",
      "state": "started",
      "path": "/"
    },
    {
      "elapsedMs": 2589,
      "consumer": "engine-adapter",
      "stage": "http",
      "requestId": 15,
      "path": "/",
      "state": "request-received"
    },
    {
      "elapsedMs": 2589,
      "consumer": "engine-adapter",
      "stage": "http",
      "requestId": 15,
      "path": "/",
      "state": "response-finished",
      "status": 200,
      "bodyBytes": 3384,
      "durationMs": 0
    },
    {
      "elapsedMs": 2590,
      "consumer": "engine-adapter",
      "stage": "browser-response",
      "state": "headers",
      "path": "/",
      "status": 200
    },
    {
      "elapsedMs": 2613,
      "consumer": "engine-adapter",
      "stage": "http",
      "requestId": 16,
      "path": "/aztec_bundle.js",
      "state": "request-received"
    },
    {
      "elapsedMs": 2613,
      "consumer": "engine-adapter",
      "stage": "http",
      "requestId": 17,
      "path": "/crs-client.js",
      "state": "request-received"
    },
    {
      "elapsedMs": 2613,
      "consumer": "engine-adapter",
      "stage": "http",
      "requestId": 18,
      "path": "/aztec-lib.js",
      "state": "request-received"
    },
    {
      "elapsedMs": 2613,
      "consumer": "engine-adapter",
      "stage": "http",
      "requestId": 19,
      "path": "/app-env.js",
      "state": "request-received"
    },
    {
      "elapsedMs": 2613,
      "consumer": "engine-adapter",
      "stage": "http",
      "requestId": 17,
      "path": "/crs-client.js",
      "state": "file-read-completed",
      "bodyBytes": 7428,
      "durationMs": 1
    },
    {
      "elapsedMs": 2614,
      "consumer": "engine-adapter",
      "stage": "http",
      "requestId": 17,
      "path": "/crs-client.js",
      "state": "response-finished",
      "status": 200,
      "bodyBytes": 7428,
      "durationMs": 1
    },
    {
      "elapsedMs": 2614,
      "consumer": "engine-adapter",
      "stage": "http",
      "requestId": 18,
      "path": "/aztec-lib.js",
      "state": "file-read-completed",
      "bodyBytes": 37542,
      "durationMs": 1
    },
    {
      "elapsedMs": 2614,
      "consumer": "engine-adapter",
      "stage": "http",
      "requestId": 18,
      "path": "/aztec-lib.js",
      "state": "response-finished",
      "status": 200,
      "bodyBytes": 37542,
      "durationMs": 1
    },
    {
      "elapsedMs": 2614,
      "consumer": "engine-adapter",
      "stage": "http",
      "requestId": 19,
      "path": "/app-env.js",
      "state": "file-read-completed",
      "bodyBytes": 7224,
      "durationMs": 1
    },
    {
      "elapsedMs": 2614,
      "consumer": "engine-adapter",
      "stage": "http",
      "requestId": 19,
      "path": "/app-env.js",
      "state": "response-finished",
      "status": 200,
      "bodyBytes": 7224,
      "durationMs": 1
    },
    {
      "elapsedMs": 2620,
      "consumer": "engine-adapter",
      "stage": "browser-request",
      "state": "started",
      "path": "/aztec_bundle.js"
    },
    {
      "elapsedMs": 2620,
      "consumer": "engine-adapter",
      "stage": "browser-request",
      "state": "started",
      "path": "/crs-client.js"
    },
    {
      "elapsedMs": 2620,
      "consumer": "engine-adapter",
      "stage": "browser-request",
      "state": "started",
      "path": "/aztec-lib.js"
    },
    {
      "elapsedMs": 2620,
      "consumer": "engine-adapter",
      "stage": "browser-request",
      "state": "started",
      "path": "/app-env.js"
    },
    {
      "elapsedMs": 2620,
      "consumer": "engine-adapter",
      "stage": "script.sdk",
      "state": "before-script",
      "browserElapsedMs": 26
    },
    {
      "elapsedMs": 2620,
      "consumer": "engine-adapter",
      "stage": "browser-request",
      "state": "finished",
      "path": "/"
    },
    {
      "elapsedMs": 2620,
      "consumer": "engine-adapter",
      "stage": "browser-response",
      "state": "headers",
      "path": "/crs-client.js",
      "status": 200
    },
    {
      "elapsedMs": 2621,
      "consumer": "engine-adapter",
      "stage": "browser-request",
      "state": "finished",
      "path": "/crs-client.js"
    },
    {
      "elapsedMs": 2621,
      "consumer": "engine-adapter",
      "stage": "browser-response",
      "state": "headers",
      "path": "/app-env.js",
      "status": 200
    },
    {
      "elapsedMs": 2621,
      "consumer": "engine-adapter",
      "stage": "browser-request",
      "state": "finished",
      "path": "/app-env.js"
    },
    {
      "elapsedMs": 2621,
      "consumer": "engine-adapter",
      "stage": "browser-response",
      "state": "headers",
      "path": "/aztec-lib.js",
      "status": 200
    },
    {
      "elapsedMs": 2621,
      "consumer": "engine-adapter",
      "stage": "browser-request",
      "state": "finished",
      "path": "/aztec-lib.js"
    },
    {
      "elapsedMs": 2623,
      "consumer": "engine-adapter",
      "stage": "http",
      "requestId": 16,
      "path": "/aztec_bundle.js",
      "state": "file-read-completed",
      "bodyBytes": 50142228,
      "durationMs": 10
    },
    {
      "elapsedMs": 2785,
      "consumer": "engine-adapter",
      "stage": "http",
      "requestId": 16,
      "path": "/aztec_bundle.js",
      "state": "response-finished",
      "status": 200,
      "bodyBytes": 50142228,
      "durationMs": 172
    },
    {
      "elapsedMs": 2842,
      "consumer": "engine-adapter",
      "stage": "browser-response",
      "state": "headers",
      "path": "/aztec_bundle.js",
      "status": 200
    },
    {
      "elapsedMs": 2842,
      "consumer": "engine-adapter",
      "stage": "browser-request",
      "state": "finished",
      "path": "/aztec_bundle.js"
    },
    {
      "elapsedMs": 3236,
      "consumer": "engine-adapter",
      "stage": "script.sdk",
      "state": "script-load",
      "browserElapsedMs": 648
    },
    {
      "elapsedMs": 3237,
      "consumer": "engine-adapter",
      "stage": "script.sdk",
      "state": "after-script",
      "browserElapsedMs": 648
    },
    {
      "elapsedMs": 3237,
      "consumer": "engine-adapter",
      "stage": "script.crs-client",
      "state": "before-script",
      "browserElapsedMs": 648
    },
    {
      "elapsedMs": 3237,
      "consumer": "engine-adapter",
      "stage": "script.crs-client",
      "state": "script-load",
      "browserElapsedMs": 648
    },
    {
      "elapsedMs": 3237,
      "consumer": "engine-adapter",
      "stage": "script.crs-client",
      "state": "after-script",
      "browserElapsedMs": 648
    },
    {
      "elapsedMs": 3237,
      "consumer": "engine-adapter",
      "stage": "script.shared-library",
      "state": "before-script",
      "browserElapsedMs": 648
    },
    {
      "elapsedMs": 3237,
      "consumer": "engine-adapter",
      "stage": "script.shared-library",
      "state": "script-load",
      "browserElapsedMs": 648
    },
    {
      "elapsedMs": 3238,
      "consumer": "engine-adapter",
      "stage": "script.shared-library",
      "state": "after-script",
      "browserElapsedMs": 648
    },
    {
      "elapsedMs": 3238,
      "consumer": "engine-adapter",
      "stage": "script.engine-adapter",
      "state": "before-script",
      "browserElapsedMs": 648
    },
    {
      "elapsedMs": 3238,
      "consumer": "engine-adapter",
      "stage": "script.engine-adapter",
      "state": "script-load",
      "browserElapsedMs": 648
    },
    {
      "elapsedMs": 3238,
      "consumer": "engine-adapter",
      "stage": "script.engine-adapter",
      "state": "after-script",
      "browserElapsedMs": 648
    },
    {
      "elapsedMs": 3238,
      "consumer": "engine-adapter",
      "stage": "script.document",
      "state": "dom-content-loaded",
      "browserElapsedMs": 649
    },
    {
      "elapsedMs": 3238,
      "consumer": "engine-adapter",
      "stage": "script.document",
      "state": "load",
      "browserElapsedMs": 649
    },
    {
      "elapsedMs": 3239,
      "consumer": "engine-adapter",
      "stage": "navigation",
      "state": "completed"
    },
    {
      "elapsedMs": 3240,
      "consumer": "engine-adapter",
      "stage": "sync-prover-init",
      "state": "started"
    },
    {
      "elapsedMs": 3383,
      "consumer": "engine-adapter",
      "stage": "sync-prover-init",
      "state": "completed",
      "durationMs": 143
    },
    {
      "elapsedMs": 3384,
      "consumer": "engine-adapter",
      "stage": "engine-crs-adapter",
      "state": "started"
    },
    {
      "elapsedMs": 3385,
      "consumer": "engine-adapter",
      "stage": "crs-1.load.g1_uncompressed.dat",
      "state": "started"
    },
    {
      "elapsedMs": 3386,
      "consumer": "engine-adapter",
      "stage": "http",
      "requestId": 20,
      "path": "/crs/g1_uncompressed.dat",
      "state": "request-received"
    },
    {
      "elapsedMs": 3386,
      "consumer": "engine-adapter",
      "stage": "browser-request",
      "state": "started",
      "path": "/crs/g1_uncompressed.dat"
    },
    {
      "elapsedMs": 3395,
      "consumer": "engine-adapter",
      "stage": "http",
      "requestId": 20,
      "path": "/crs/g1_uncompressed.dat",
      "state": "file-read-completed",
      "bodyBytes": 75497472,
      "durationMs": 10
    },
    {
      "elapsedMs": 3398,
      "consumer": "engine-adapter",
      "stage": "browser-response",
      "state": "headers",
      "path": "/crs/g1_uncompressed.dat",
      "status": 200
    },
    {
      "elapsedMs": 3418,
      "consumer": "engine-adapter",
      "stage": "http",
      "requestId": 20,
      "path": "/crs/g1_uncompressed.dat",
      "state": "response-finished",
      "status": 200,
      "bodyBytes": 75497472,
      "durationMs": 32
    },
    {
      "elapsedMs": 3421,
      "consumer": "engine-adapter",
      "stage": "browser-request",
      "state": "finished",
      "path": "/crs/g1_uncompressed.dat"
    },
    {
      "elapsedMs": 3421,
      "consumer": "engine-adapter",
      "stage": "crs-1.load.g1_uncompressed.dat",
      "state": "completed",
      "durationMs": 36
    },
    {
      "elapsedMs": 3422,
      "consumer": "engine-adapter",
      "stage": "crs-1.sha256.75497472",
      "state": "started"
    },
    {
      "elapsedMs": 3640,
      "consumer": "engine-adapter",
      "stage": "crs-1.sha256.75497472",
      "state": "completed",
      "durationMs": 218
    },
    {
      "elapsedMs": 3641,
      "consumer": "engine-adapter",
      "stage": "crs-1.load.g2.dat",
      "state": "started"
    },
    {
      "elapsedMs": 3641,
      "consumer": "engine-adapter",
      "stage": "browser-request",
      "state": "started",
      "path": "/crs/g2.dat"
    },
    {
      "elapsedMs": 3641,
      "consumer": "engine-adapter",
      "stage": "http",
      "requestId": 21,
      "path": "/crs/g2.dat",
      "state": "request-received"
    },
    {
      "elapsedMs": 3642,
      "consumer": "engine-adapter",
      "stage": "http",
      "requestId": 21,
      "path": "/crs/g2.dat",
      "state": "file-read-completed",
      "bodyBytes": 128,
      "durationMs": 0
    },
    {
      "elapsedMs": 3642,
      "consumer": "engine-adapter",
      "stage": "http",
      "requestId": 21,
      "path": "/crs/g2.dat",
      "state": "response-finished",
      "status": 200,
      "bodyBytes": 128,
      "durationMs": 0
    },
    {
      "elapsedMs": 3642,
      "consumer": "engine-adapter",
      "stage": "browser-response",
      "state": "headers",
      "path": "/crs/g2.dat",
      "status": 200
    },
    {
      "elapsedMs": 3642,
      "consumer": "engine-adapter",
      "stage": "browser-request",
      "state": "finished",
      "path": "/crs/g2.dat"
    },
    {
      "elapsedMs": 3642,
      "consumer": "engine-adapter",
      "stage": "crs-1.load.g2.dat",
      "state": "completed",
      "durationMs": 2
    },
    {
      "elapsedMs": 3643,
      "consumer": "engine-adapter",
      "stage": "crs-1.sha256.128",
      "state": "started"
    },
    {
      "elapsedMs": 3643,
      "consumer": "engine-adapter",
      "stage": "crs-1.sha256.128",
      "state": "completed",
      "durationMs": 0
    },
    {
      "elapsedMs": 3643,
      "consumer": "engine-adapter",
      "stage": "crs-1.load.grumpkin_g1.dat",
      "state": "started"
    },
    {
      "elapsedMs": 3644,
      "consumer": "engine-adapter",
      "stage": "browser-request",
      "state": "started",
      "path": "/crs/grumpkin_g1.dat"
    },
    {
      "elapsedMs": 3644,
      "consumer": "engine-adapter",
      "stage": "http",
      "requestId": 22,
      "path": "/crs/grumpkin_g1.dat",
      "state": "request-received"
    },
    {
      "elapsedMs": 3645,
      "consumer": "engine-adapter",
      "stage": "http",
      "requestId": 22,
      "path": "/crs/grumpkin_g1.dat",
      "state": "file-read-completed",
      "bodyBytes": 4194368,
      "durationMs": 1
    },
    {
      "elapsedMs": 3645,
      "consumer": "engine-adapter",
      "stage": "http",
      "requestId": 22,
      "path": "/crs/grumpkin_g1.dat",
      "state": "response-finished",
      "status": 200,
      "bodyBytes": 4194368,
      "durationMs": 1
    },
    {
      "elapsedMs": 3645,
      "consumer": "engine-adapter",
      "stage": "browser-response",
      "state": "headers",
      "path": "/crs/grumpkin_g1.dat",
      "status": 200
    },
    {
      "elapsedMs": 3668,
      "consumer": "engine-adapter",
      "stage": "browser-request",
      "state": "finished",
      "path": "/crs/grumpkin_g1.dat"
    },
    {
      "elapsedMs": 3668,
      "consumer": "engine-adapter",
      "stage": "crs-1.load.grumpkin_g1.dat",
      "state": "completed",
      "durationMs": 25
    },
    {
      "elapsedMs": 3669,
      "consumer": "engine-adapter",
      "stage": "crs-1.sha256.4194368",
      "state": "started"
    },
    {
      "elapsedMs": 3681,
      "consumer": "engine-adapter",
      "stage": "crs-1.sha256.4194368",
      "state": "completed",
      "durationMs": 12
    },
    {
      "elapsedMs": 3682,
      "consumer": "engine-adapter",
      "stage": "crs-1.srsInitSrs",
      "state": "started"
    },
    {
      "elapsedMs": 3951,
      "consumer": "engine-adapter",
      "stage": "crs-1.srsInitSrs",
      "state": "completed",
      "durationMs": 269
    },
    {
      "elapsedMs": 3951,
      "consumer": "engine-adapter",
      "stage": "crs-1.srsInitGrumpkinSrs",
      "state": "started"
    },
    {
      "elapsedMs": 3963,
      "consumer": "engine-adapter",
      "stage": "crs-1.srsInitGrumpkinSrs",
      "state": "completed",
      "durationMs": 11
    },
    {
      "elapsedMs": 3963,
      "consumer": "engine-adapter",
      "stage": "engine-crs-adapter",
      "state": "completed",
      "durationMs": 580
    },
    {
      "elapsedMs": 3964,
      "consumer": "engine-adapter",
      "stage": "poseidon",
      "state": "started"
    },
    {
      "elapsedMs": 3965,
      "consumer": "engine-adapter",
      "stage": "poseidon",
      "state": "completed",
      "durationMs": 1
    },
    {
      "elapsedMs": 3965,
      "consumer": "engine-adapter",
      "stage": "async-prover-init",
      "state": "started"
    },
    {
      "elapsedMs": 3966,
      "consumer": "engine-adapter",
      "stage": "browser-request",
      "state": "started",
      "path": "/bb-main.worker.js"
    },
    {
      "elapsedMs": 3966,
      "consumer": "engine-adapter",
      "stage": "http",
      "requestId": 23,
      "path": "/bb-main.worker.js",
      "state": "request-received"
    },
    {
      "elapsedMs": 3966,
      "consumer": "engine-adapter",
      "stage": "http",
      "requestId": 23,
      "path": "/bb-main.worker.js",
      "state": "file-read-completed",
      "bodyBytes": 22772,
      "durationMs": 0
    },
    {
      "elapsedMs": 3966,
      "consumer": "engine-adapter",
      "stage": "http",
      "requestId": 23,
      "path": "/bb-main.worker.js",
      "state": "response-finished",
      "status": 200,
      "bodyBytes": 22772,
      "durationMs": 0
    },
    {
      "elapsedMs": 3968,
      "consumer": "engine-adapter",
      "stage": "browser-response",
      "state": "headers",
      "path": "/bb-main.worker.js",
      "status": 200
    },
    {
      "elapsedMs": 3968,
      "consumer": "engine-adapter",
      "stage": "browser-request",
      "state": "finished",
      "path": "/bb-main.worker.js"
    },
    {
      "elapsedMs": 4075,
      "consumer": "engine-adapter",
      "stage": "http",
      "requestId": 24,
      "path": "/bb-thread.worker.js",
      "state": "request-received"
    },
    {
      "elapsedMs": 4075,
      "consumer": "engine-adapter",
      "stage": "browser-request",
      "state": "started",
      "path": "/bb-thread.worker.js"
    },
    {
      "elapsedMs": 4076,
      "consumer": "engine-adapter",
      "stage": "http",
      "requestId": 24,
      "path": "/bb-thread.worker.js",
      "state": "file-read-completed",
      "bodyBytes": 15377,
      "durationMs": 1
    },
    {
      "elapsedMs": 4076,
      "consumer": "engine-adapter",
      "stage": "http",
      "requestId": 24,
      "path": "/bb-thread.worker.js",
      "state": "response-finished",
      "status": 200,
      "bodyBytes": 15377,
      "durationMs": 1
    },
    {
      "elapsedMs": 4078,
      "consumer": "engine-adapter",
      "stage": "browser-response",
      "state": "headers",
      "path": "/bb-thread.worker.js",
      "status": 200
    },
    {
      "elapsedMs": 4078,
      "consumer": "engine-adapter",
      "stage": "browser-request",
      "state": "finished",
      "path": "/bb-thread.worker.js"
    },
    {
      "elapsedMs": 4080,
      "consumer": "engine-adapter",
      "stage": "async-prover-init",
      "state": "completed",
      "durationMs": 114
    },
    {
      "elapsedMs": 4080,
      "consumer": "engine-adapter",
      "stage": "async-prover-destroy",
      "state": "started"
    },
    {
      "elapsedMs": 4082,
      "consumer": "engine-adapter",
      "stage": "async-prover-destroy",
      "state": "completed",
      "durationMs": 1
    },
    {
      "elapsedMs": 4083,
      "consumer": "engine-adapter",
      "stage": "sqlite-open",
      "state": "started"
    },
    {
      "elapsedMs": 4084,
      "consumer": "engine-adapter",
      "stage": "browser-request",
      "state": "started",
      "path": "/sqlite.worker.js"
    },
    {
      "elapsedMs": 4084,
      "consumer": "engine-adapter",
      "stage": "http",
      "requestId": 25,
      "path": "/sqlite.worker.js",
      "state": "request-received"
    },
    {
      "elapsedMs": 4084,
      "consumer": "engine-adapter",
      "stage": "http",
      "requestId": 25,
      "path": "/sqlite.worker.js",
      "state": "file-read-completed",
      "bodyBytes": 476347,
      "durationMs": 0
    },
    {
      "elapsedMs": 4084,
      "consumer": "engine-adapter",
      "stage": "http",
      "requestId": 25,
      "path": "/sqlite.worker.js",
      "state": "response-finished",
      "status": 200,
      "bodyBytes": 476347,
      "durationMs": 0
    },
    {
      "elapsedMs": 4086,
      "consumer": "engine-adapter",
      "stage": "browser-response",
      "state": "headers",
      "path": "/sqlite.worker.js",
      "status": 200
    },
    {
      "elapsedMs": 4089,
      "consumer": "engine-adapter",
      "stage": "browser-request",
      "state": "finished",
      "path": "/sqlite.worker.js"
    },
    {
      "elapsedMs": 4094,
      "consumer": "engine-adapter",
      "stage": "http",
      "requestId": 26,
      "path": "/sqlite3.wasm",
      "state": "request-received"
    },
    {
      "elapsedMs": 4094,
      "consumer": "engine-adapter",
      "stage": "browser-request",
      "state": "started",
      "path": "/sqlite3.wasm"
    },
    {
      "elapsedMs": 4094,
      "consumer": "engine-adapter",
      "stage": "http",
      "requestId": 26,
      "path": "/sqlite3.wasm",
      "state": "file-read-completed",
      "bodyBytes": 1058719,
      "durationMs": 0
    },
    {
      "elapsedMs": 4094,
      "consumer": "engine-adapter",
      "stage": "http",
      "requestId": 26,
      "path": "/sqlite3.wasm",
      "state": "response-finished",
      "status": 200,
      "bodyBytes": 1058719,
      "durationMs": 1
    },
    {
      "elapsedMs": 4095,
      "consumer": "engine-adapter",
      "stage": "browser-response",
      "state": "headers",
      "path": "/sqlite3.wasm",
      "status": 200
    },
    {
      "elapsedMs": 4107,
      "consumer": "engine-adapter",
      "stage": "browser-request",
      "state": "started",
      "path": "/sqlite3-opfs-async-proxy.js"
    },
    {
      "elapsedMs": 4107,
      "consumer": "engine-adapter",
      "stage": "http",
      "requestId": 27,
      "path": "/sqlite3-opfs-async-proxy.js",
      "state": "request-received"
    },
    {
      "elapsedMs": 4107,
      "consumer": "engine-adapter",
      "stage": "browser-request",
      "state": "finished",
      "path": "/sqlite3.wasm"
    },
    {
      "elapsedMs": 4107,
      "consumer": "engine-adapter",
      "stage": "http",
      "requestId": 27,
      "path": "/sqlite3-opfs-async-proxy.js",
      "state": "file-read-completed",
      "bodyBytes": 24541,
      "durationMs": 0
    },
    {
      "elapsedMs": 4108,
      "consumer": "engine-adapter",
      "stage": "http",
      "requestId": 27,
      "path": "/sqlite3-opfs-async-proxy.js",
      "state": "response-finished",
      "status": 200,
      "bodyBytes": 24541,
      "durationMs": 0
    },
    {
      "elapsedMs": 4109,
      "consumer": "engine-adapter",
      "stage": "browser-response",
      "state": "headers",
      "path": "/sqlite3-opfs-async-proxy.js",
      "status": 200
    },
    {
      "elapsedMs": 4110,
      "consumer": "engine-adapter",
      "stage": "browser-request",
      "state": "finished",
      "path": "/sqlite3-opfs-async-proxy.js"
    },
    {
      "elapsedMs": 4112,
      "consumer": "engine-adapter",
      "stage": "browser-request",
      "state": "started",
      "path": "/sqlite3-opfs-async-proxy.js"
    },
    {
      "elapsedMs": 4112,
      "consumer": "engine-adapter",
      "stage": "http",
      "requestId": 28,
      "path": "/sqlite3-opfs-async-proxy.js",
      "state": "request-received"
    },
    {
      "elapsedMs": 4112,
      "consumer": "engine-adapter",
      "stage": "http",
      "requestId": 28,
      "path": "/sqlite3-opfs-async-proxy.js",
      "state": "file-read-completed",
      "bodyBytes": 24541,
      "durationMs": 0
    },
    {
      "elapsedMs": 4112,
      "consumer": "engine-adapter",
      "stage": "http",
      "requestId": 28,
      "path": "/sqlite3-opfs-async-proxy.js",
      "state": "response-finished",
      "status": 200,
      "bodyBytes": 24541,
      "durationMs": 0
    },
    {
      "elapsedMs": 4114,
      "consumer": "engine-adapter",
      "stage": "browser-response",
      "state": "headers",
      "path": "/sqlite3-opfs-async-proxy.js",
      "status": 200
    },
    {
      "elapsedMs": 4115,
      "consumer": "engine-adapter",
      "stage": "browser-request",
      "state": "finished",
      "path": "/sqlite3-opfs-async-proxy.js"
    },
    {
      "elapsedMs": 4124,
      "consumer": "engine-adapter",
      "stage": "sqlite-open",
      "state": "completed",
      "durationMs": 41
    },
    {
      "elapsedMs": 4124,
      "consumer": "engine-adapter",
      "stage": "sqlite-write",
      "state": "started"
    },
    {
      "elapsedMs": 4126,
      "consumer": "engine-adapter",
      "stage": "sqlite-write",
      "state": "completed",
      "durationMs": 2
    },
    {
      "elapsedMs": 4126,
      "consumer": "engine-adapter",
      "stage": "sqlite-read",
      "state": "started"
    },
    {
      "elapsedMs": 4127,
      "consumer": "engine-adapter",
      "stage": "sqlite-read",
      "state": "completed",
      "durationMs": 1
    },
    {
      "elapsedMs": 4127,
      "consumer": "engine-adapter",
      "stage": "sqlite-close",
      "state": "started"
    },
    {
      "elapsedMs": 4129,
      "consumer": "engine-adapter",
      "stage": "sqlite-close",
      "state": "completed",
      "durationMs": 1
    },
    {
      "elapsedMs": 4132,
      "consumer": "engine-adapter",
      "stage": "browser",
      "state": "disconnected",
      "deadlineExceeded": false
    }
  ]
}
