✔ sponsored proof receives full authorization, gas and owner tagging context (1.057542ms)
✔ actual proven author payer rejects despite sponsor preparation (0.434417ms)
✔ sponsor route never accepts an account root or missing private owner context (0.473625ms)
✔ actual RPC wrapper confines credentials and disallows redirect forwarding (29.051875ms)
✔ Request and URL inputs preserve headers without mutating caller data (0.813834ms)
✔ prepares exact claim root with unfunded author and actual SDK ABI (365.001667ms)
✔ prepares exact post root with unfunded author and actual SDK ABI (83.511833ms)
✔ prepares exact withdraw root with unfunded author and actual SDK ABI (80.8605ms)
✔ rejects missing sponsor configuration (0.389ms)
✔ rejects wrong installed class before configuration reads (6.929208ms)
✔ rejects absent deployed sponsor (6.671292ms)
✔ rejects immutable target mismatch (78.700041ms)
✔ rejects mutually agreeing provider scope different from deployment (0.2105ms)
✔ rejects node/wallet version disagreement (0.12ms)
✔ rejects changed middle sibling before signing (83.531042ms)
✔ rejects wrong local blind (86.781583ms)
✔ rejects index outside registered count (84.34625ms)
✔ rejects expired anchor (104.637209ms)
✔ rejects early anchor (79.4365ms)
✔ rejects supplied gas above immutable cap (82.298208ms)
✔ rejects aggregate fee above ticket budget (82.477583ms)
✔ rejects sponsor depletion with no author fallback (79.884084ms)
✔ rejects arbitrary operation (0.155833ms)
✔ uses a fresh auth nonce on independent preparation (166.110333ms)
✔ rejects actual board code different from bundled board artifact (83.515166ms)
✔ actual client tree matches independently executed fixed Noir vector (0.966625ms)
✔ route preparation rejects the formerly accepted plain-Poseidon tree before signing (77.607792ms)
ℹ tests 27
ℹ suites 0
ℹ pass 27
ℹ fail 0
ℹ cancelled 0
ℹ skipped 0
ℹ todo 0
ℹ duration_ms 2385.458917
