✔ actual engine sender routes claim through exact sponsor options (2.86025ms)
✔ actual engine sender routes post through exact sponsor options (0.3825ms)
✔ actual engine sender routes post dummy through exact sponsor options (0.309166ms)
✔ actual engine sender routes withdraw through exact sponsor options (0.289ms)
✔ missing configuration, artifact, SDK or provider rejects before coupon acquisition or signing (1.618042ms)
✔ literal gas settings hydrate through actual SDK and incomplete bounds never default (0.469666ms)
✔ provider exhaustion and private errors never send, leak input text or fall back (0.7975ms)
✔ exact submission ambiguity and paid failure propagate without reacquiring or resending (0.838625ms)
✔ invalid author-funded or missing-auth prepared route cannot be sent (2.769625ms)
✔ actual main entry fails closed for every private action before account/provider work (1.814667ms)
✔ actual wallet keeps checked NO_FROM gas and owner scope/tag through simulation and proof (26.372625ms)
✔ browser config preserves only the installed local sponsorship callback (3.0165ms)
✔ provider cannot smuggle private messages or retry codes into the UI (1.071709ms)
✔ actual main claim selects sponsorship and never calls the direct method (12.363ms)
✔ actual main post selects sponsorship and never calls the direct method (1.578875ms)
✔ actual main post dummy selects sponsorship and never calls the direct method (0.885583ms)
✔ actual main withdraw selects sponsorship and never calls the direct method (0.762333ms)
✔ local coupon callback reads only deployment-scoped batch state without owner or action (0.282417ms)
✔ durable encrypted acquisition verifies actual chain state despite issuer usable:false, then never reuses after reopen (71.615584ms)
✔ lost submit response resumes persisted blind/reservation without another allocation or submit (5.056041ms)
✔ retrieve outage and pending onchain registration retain same reservation for restart (10.992333ms)
✔ concurrent acquisition of one persisted coupon hands it out at most once through encrypted CAS (3.616834ms)
✔ storage commit failure precedes any opaque leaf submission (0.730291ms)
✔ malicious reservation scope or position rejects before local save/submission (2.771708ms)
✔ wrong issuer root, sibling or chain registration rejects without marking attempted (10.702333ms)
✔ attempted/expiry metadata tampering fails authentication on restart (6.072917ms)
✔ wrong encryption key and ciphertext damage reject without coupon reuse (1.641ms)
✔ bounded storage cap stops admission and expired rows are purged (3.5975ms)
✔ deadline bounds a stalled readonly registration call and leaves coupon pending (52.786542ms)
✔ failure of attempted-state commit never hands out a verified coupon (1.981375ms)
✔ transaction abort is not treated as durable reservation storage (0.878375ms)
✔ reads actual ABI batch/config with NO_FROM and returns latest node timestamp, never authorizes (202.720583ms)
✔ rejects wallet chain (0.272708ms)
✔ rejects node chain (0.074875ms)
✔ rejects wallet version (0.056125ms)
✔ rejects node version (0.064083ms)
✔ rejects agreeing wrong chain (0.051541ms)
✔ rejects absent deployed contract before registering (8.3205ms)
✔ rejects changed currentContractClassId (8.604333ms)
✔ rejects changed originalContractClassId (8.123583ms)
✔ rejects forged instance preimage even if advertised address/class match (9.541917ms)
✔ rejects wrong advertised contract address (10.105667ms)
✔ rejects wrong artifact name (0.1485ms)
✔ rejects changed private root inventory (0.061375ms)
✔ rejects immutable board mismatch (9.266125ms)
✔ rejects unavailable or invalid batch 0:0x0000000000000000000000000000000000000000000000000000000000000000 (8.749583ms)
✔ rejects unavailable or invalid batch 0:0x0000000000000000000000000000000000000000000000000000000000000014 (8.943458ms)
✔ rejects unavailable or invalid batch 1025:0x0000000000000000000000000000000000000000000000000000000000000014 (9.614375ms)
✔ rejects invalid requested batch 0 (0.153334ms)
✔ rejects invalid requested batch 01 (0.067541ms)
✔ rejects invalid requested batch -1 (0.043125ms)
✔ rejects invalid requested batch 18446744073709551616 (0.036917ms)
✔ rejects invalid requested batch 9007199254740992 (0.037167ms)
✔ rejects foreign author/key fields before touching wallet (0.044125ms)
✔ rejects field outside Fr modulus (0.066666ms)
✔ rejects malformed latest timestamp (7.496375ms)
✔ rejects overflowing batch window range (7.239125ms)
✔ rejects invalid immutable policy (7.391833ms)
✔ provider exceptions are sanitized without diagnostic stack metadata (0.168167ms)
✔ real HTTP reservation, commitment, operator-only seal and pending retrieval (159.65375ms)
✔ strict payload fields and fixed safe failures over real HTTP (12.320958ms)
✔ methods, fixed paths, credentials, encoding and malformed JSON are rejected (9.753417ms)
✔ exact CORS allowlist, bounded preflight and privacy headers (10.764208ms)
✔ declared and chunked request bodies are bounded before issuer mutation (7.512584ms)
✔ global admission rate rejects further requests without identity buckets (9.472625ms)
✔ global in-flight bound and server deadline limit stalled operations (103.745958ms)
✔ partial request body is closed at the server deadline (85.293584ms)
✔ internal database or implementation errors never expose diagnostics (1.408ms)
✔ browser request explicitly omits credentials and referrers and forbids redirects (0.330208ms)
✔ transport rejects unsafe origins and secret-bearing inputs before fetch (0.244125ms)
✔ transport rejects changed scope, unknown response fields and registration fiction (0.479333ms)
✔ transport caps actual streamed response bytes on loopback HTTP (1.256333ms)
✔ transport total deadline bounds stalled fetch and stream regardless of injected cancellation (104.005708ms)
✔ transport sanitizes network and remote error bodies (0.401ms)
✔ parser rejects oversized headers and invalid UTF-8 cannot mutate issuer (8.457667ms)
✔ transport rejects redirects, declared oversize, malformed JSON and wrong media type (0.434875ms)
✔ transport rejects malformed submitted receipts and membership paths (0.654583ms)
ℹ tests 77
ℹ suites 0
ℹ pass 77
ℹ fail 0
ℹ cancelled 0
ℹ skipped 0
ℹ todo 0
ℹ duration_ms 832.659333
