{"browserSmoke":{"elapsedMs":3,"stage":"http-server","state":"listening"}}
{"browserSmoke":{"elapsedMs":4,"consumer":"sdk-only","stage":"browser-launch","state":"started"}}
{"browserSmoke":{"elapsedMs":616,"consumer":"sdk-only","stage":"browser-launch","state":"completed"}}
{"browserSmoke":{"elapsedMs":616,"consumer":"sdk-only","stage":"page-create","state":"started"}}
{"browserSmoke":{"elapsedMs":772,"consumer":"sdk-only","stage":"page-create","state":"completed"}}
{"browserSmoke":{"elapsedMs":773,"consumer":"sdk-only","stage":"expose-function","state":"started"}}
{"browserSmoke":{"elapsedMs":791,"consumer":"sdk-only","stage":"expose-function","state":"completed"}}
{"browserSmoke":{"elapsedMs":792,"consumer":"sdk-only","stage":"install-readiness-markers","state":"started"}}
{"browserSmoke":{"elapsedMs":792,"consumer":"sdk-only","stage":"install-readiness-markers","state":"completed"}}
{"browserSmoke":{"elapsedMs":792,"consumer":"sdk-only","stage":"navigation","state":"started"}}
{"browserSmoke":{"elapsedMs":795,"consumer":"sdk-only","stage":"browser-request","state":"started","path":"/"}}
{"browserSmoke":{"elapsedMs":804,"consumer":"sdk-only","stage":"http","requestId":1,"path":"/","state":"request-received"}}
{"browserSmoke":{"elapsedMs":809,"consumer":"sdk-only","stage":"http","requestId":1,"path":"/","state":"response-finished","status":200,"bodyBytes":276,"durationMs":6}}
{"browserSmoke":{"elapsedMs":813,"consumer":"sdk-only","stage":"browser-response","state":"headers","path":"/","status":200}}
{"browserSmoke":{"elapsedMs":847,"consumer":"sdk-only","stage":"http","requestId":2,"path":"/aztec_bundle.js","state":"request-received"}}
{"browserSmoke":{"elapsedMs":848,"consumer":"sdk-only","stage":"browser-request","state":"started","path":"/aztec_bundle.js"}}
{"browserSmoke":{"elapsedMs":852,"consumer":"sdk-only","stage":"script.sdk","state":"before-script","browserElapsedMs":57}}
{"browserSmoke":{"elapsedMs":854,"consumer":"sdk-only","stage":"browser-request","state":"finished","path":"/"}}
{"browserSmoke":{"elapsedMs":854,"consumer":"sdk-only","stage":"http","requestId":2,"path":"/aztec_bundle.js","state":"file-read-completed","bodyBytes":50173891,"durationMs":7}}
{"browserSmoke":{"elapsedMs":1013,"consumer":"sdk-only","stage":"http","requestId":2,"path":"/aztec_bundle.js","state":"response-finished","status":200,"bodyBytes":50173891,"durationMs":166}}
{"browserSmoke":{"elapsedMs":1082,"consumer":"sdk-only","stage":"browser-response","state":"headers","path":"/aztec_bundle.js","status":200}}
{"browserSmoke":{"elapsedMs":1083,"consumer":"sdk-only","stage":"browser-request","state":"finished","path":"/aztec_bundle.js"}}
{"browserSmoke":{"elapsedMs":1498,"consumer":"sdk-only","stage":"script.sdk","state":"script-load","browserElapsedMs":705}}
{"browserSmoke":{"elapsedMs":1499,"consumer":"sdk-only","stage":"script.sdk","state":"after-script","browserElapsedMs":705}}
{"browserSmoke":{"elapsedMs":1499,"consumer":"sdk-only","stage":"script.document","state":"dom-content-loaded","browserElapsedMs":706}}
{"browserSmoke":{"elapsedMs":1499,"consumer":"sdk-only","stage":"script.document","state":"load","browserElapsedMs":706}}
{"browserSmoke":{"elapsedMs":1500,"consumer":"sdk-only","stage":"navigation","state":"completed"}}
{"browserSmoke":{"elapsedMs":1501,"consumer":"sdk-only","stage":"sync-prover-init","state":"started"}}
{"browserSmoke":{"elapsedMs":1652,"consumer":"sdk-only","stage":"sync-prover-init","state":"completed","durationMs":151}}
{"browserSmoke":{"elapsedMs":1653,"consumer":"sdk-only","stage":"poseidon","state":"started"}}
{"browserSmoke":{"elapsedMs":1655,"consumer":"sdk-only","stage":"poseidon","state":"completed","durationMs":2}}
{"browserSmoke":{"elapsedMs":1656,"consumer":"sdk-only","stage":"async-prover-init","state":"started"}}
{"browserSmoke":{"elapsedMs":1657,"consumer":"sdk-only","stage":"browser-request","state":"started","path":"/bb-main.worker.js"}}
{"browserSmoke":{"elapsedMs":1658,"consumer":"sdk-only","stage":"http","requestId":3,"path":"/bb-main.worker.js","state":"request-received"}}
{"browserSmoke":{"elapsedMs":1658,"consumer":"sdk-only","stage":"http","requestId":3,"path":"/bb-main.worker.js","state":"file-read-completed","bodyBytes":22772,"durationMs":1}}
{"browserSmoke":{"elapsedMs":1658,"consumer":"sdk-only","stage":"http","requestId":3,"path":"/bb-main.worker.js","state":"response-finished","status":200,"bodyBytes":22772,"durationMs":1}}
{"browserSmoke":{"elapsedMs":1661,"consumer":"sdk-only","stage":"browser-response","state":"headers","path":"/bb-main.worker.js","status":200}}
{"browserSmoke":{"elapsedMs":1662,"consumer":"sdk-only","stage":"browser-request","state":"finished","path":"/bb-main.worker.js"}}
{"browserSmoke":{"elapsedMs":1768,"consumer":"sdk-only","stage":"http","requestId":4,"path":"/bb-thread.worker.js","state":"request-received"}}
{"browserSmoke":{"elapsedMs":1768,"consumer":"sdk-only","stage":"browser-request","state":"started","path":"/bb-thread.worker.js"}}
{"browserSmoke":{"elapsedMs":1768,"consumer":"sdk-only","stage":"http","requestId":4,"path":"/bb-thread.worker.js","state":"file-read-completed","bodyBytes":15377,"durationMs":0}}
{"browserSmoke":{"elapsedMs":1768,"consumer":"sdk-only","stage":"http","requestId":4,"path":"/bb-thread.worker.js","state":"response-finished","status":200,"bodyBytes":15377,"durationMs":1}}
{"browserSmoke":{"elapsedMs":1770,"consumer":"sdk-only","stage":"browser-response","state":"headers","path":"/bb-thread.worker.js","status":200}}
{"browserSmoke":{"elapsedMs":1770,"consumer":"sdk-only","stage":"browser-request","state":"finished","path":"/bb-thread.worker.js"}}
{"browserSmoke":{"elapsedMs":1772,"consumer":"sdk-only","stage":"async-prover-init","state":"completed","durationMs":116}}
{"browserSmoke":{"elapsedMs":1772,"consumer":"sdk-only","stage":"async-prover-destroy","state":"started"}}
{"browserSmoke":{"elapsedMs":1773,"consumer":"sdk-only","stage":"async-prover-destroy","state":"completed","durationMs":1}}
{"browserSmoke":{"elapsedMs":1774,"consumer":"sdk-only","stage":"sqlite-open","state":"started"}}
{"browserSmoke":{"elapsedMs":1774,"consumer":"sdk-only","stage":"browser-request","state":"started","path":"/sqlite.worker.js"}}
{"browserSmoke":{"elapsedMs":1775,"consumer":"sdk-only","stage":"http","requestId":5,"path":"/sqlite.worker.js","state":"request-received"}}
{"browserSmoke":{"elapsedMs":1775,"consumer":"sdk-only","stage":"http","requestId":5,"path":"/sqlite.worker.js","state":"file-read-completed","bodyBytes":476347,"durationMs":0}}
{"browserSmoke":{"elapsedMs":1775,"consumer":"sdk-only","stage":"http","requestId":5,"path":"/sqlite.worker.js","state":"response-finished","status":200,"bodyBytes":476347,"durationMs":1}}
{"browserSmoke":{"elapsedMs":1777,"consumer":"sdk-only","stage":"browser-response","state":"headers","path":"/sqlite.worker.js","status":200}}
{"browserSmoke":{"elapsedMs":1780,"consumer":"sdk-only","stage":"browser-request","state":"finished","path":"/sqlite.worker.js"}}
{"browserSmoke":{"elapsedMs":1786,"consumer":"sdk-only","stage":"http","requestId":6,"path":"/sqlite3.wasm","state":"request-received"}}
{"browserSmoke":{"elapsedMs":1786,"consumer":"sdk-only","stage":"browser-request","state":"started","path":"/sqlite3.wasm"}}
{"browserSmoke":{"elapsedMs":1787,"consumer":"sdk-only","stage":"http","requestId":6,"path":"/sqlite3.wasm","state":"file-read-completed","bodyBytes":1058719,"durationMs":1}}
{"browserSmoke":{"elapsedMs":1787,"consumer":"sdk-only","stage":"http","requestId":6,"path":"/sqlite3.wasm","state":"response-finished","status":200,"bodyBytes":1058719,"durationMs":1}}
{"browserSmoke":{"elapsedMs":1788,"consumer":"sdk-only","stage":"browser-response","state":"headers","path":"/sqlite3.wasm","status":200}}
{"browserSmoke":{"elapsedMs":1804,"consumer":"sdk-only","stage":"browser-request","state":"started","path":"/sqlite3-opfs-async-proxy.js"}}
{"browserSmoke":{"elapsedMs":1804,"consumer":"sdk-only","stage":"http","requestId":7,"path":"/sqlite3-opfs-async-proxy.js","state":"request-received"}}
{"browserSmoke":{"elapsedMs":1804,"consumer":"sdk-only","stage":"browser-request","state":"finished","path":"/sqlite3.wasm"}}
{"browserSmoke":{"elapsedMs":1805,"consumer":"sdk-only","stage":"http","requestId":7,"path":"/sqlite3-opfs-async-proxy.js","state":"file-read-completed","bodyBytes":24541,"durationMs":0}}
{"browserSmoke":{"elapsedMs":1805,"consumer":"sdk-only","stage":"http","requestId":7,"path":"/sqlite3-opfs-async-proxy.js","state":"response-finished","status":200,"bodyBytes":24541,"durationMs":0}}
{"browserSmoke":{"elapsedMs":1806,"consumer":"sdk-only","stage":"browser-response","state":"headers","path":"/sqlite3-opfs-async-proxy.js","status":200}}
{"browserSmoke":{"elapsedMs":1809,"consumer":"sdk-only","stage":"browser-request","state":"finished","path":"/sqlite3-opfs-async-proxy.js"}}
{"browserSmoke":{"elapsedMs":1813,"consumer":"sdk-only","stage":"browser-request","state":"started","path":"/sqlite3-opfs-async-proxy.js"}}
{"browserSmoke":{"elapsedMs":1813,"consumer":"sdk-only","stage":"http","requestId":8,"path":"/sqlite3-opfs-async-proxy.js","state":"request-received"}}
{"browserSmoke":{"elapsedMs":1814,"consumer":"sdk-only","stage":"http","requestId":8,"path":"/sqlite3-opfs-async-proxy.js","state":"file-read-completed","bodyBytes":24541,"durationMs":0}}
{"browserSmoke":{"elapsedMs":1814,"consumer":"sdk-only","stage":"http","requestId":8,"path":"/sqlite3-opfs-async-proxy.js","state":"response-finished","status":200,"bodyBytes":24541,"durationMs":0}}
{"browserSmoke":{"elapsedMs":1815,"consumer":"sdk-only","stage":"browser-response","state":"headers","path":"/sqlite3-opfs-async-proxy.js","status":200}}
{"browserSmoke":{"elapsedMs":1816,"consumer":"sdk-only","stage":"browser-request","state":"finished","path":"/sqlite3-opfs-async-proxy.js"}}
{"browserSmoke":{"elapsedMs":1825,"consumer":"sdk-only","stage":"sqlite-open","state":"completed","durationMs":51}}
{"browserSmoke":{"elapsedMs":1825,"consumer":"sdk-only","stage":"sqlite-write","state":"started"}}
{"browserSmoke":{"elapsedMs":1827,"consumer":"sdk-only","stage":"sqlite-write","state":"completed","durationMs":2}}
{"browserSmoke":{"elapsedMs":1827,"consumer":"sdk-only","stage":"sqlite-read","state":"started"}}
{"browserSmoke":{"elapsedMs":1828,"consumer":"sdk-only","stage":"sqlite-read","state":"completed","durationMs":1}}
{"browserSmoke":{"elapsedMs":1828,"consumer":"sdk-only","stage":"sqlite-close","state":"started"}}
{"browserSmoke":{"elapsedMs":1829,"consumer":"sdk-only","stage":"sqlite-close","state":"completed","durationMs":1}}
{"browserSmoke":{"elapsedMs":1830,"consumer":"sdk-only","stage":"real-browser-encrypted-coupon-store","state":"started"}}
{"browserSmoke":{"elapsedMs":1839,"consumer":"sdk-only","stage":"real-browser-encrypted-coupon-store","state":"completed","durationMs":9}}
{"browserSmoke":{"elapsedMs":1849,"consumer":"sdk-only","stage":"browser","state":"disconnected","deadlineExceeded":false}}
{
  "outcome": "pass",
  "navigationTimeoutMsPerConsumer": 30000,
  "evaluationTimeoutMsPerConsumer": 120000,
  "isolation": "Fresh browser process and disposable profile per consumer",
  "consumers": [
    {
      "consumer": "sdk-only",
      "outcome": "pass",
      "browser": "145.0.7632.6",
      "evaluationMs": 340,
      "couponStorage": "real IndexedDB encrypted reopen and atomic attempted state passed",
      "crs": "skipped",
      "bn254Inputs": [],
      "legacyBuffer": "01",
      "exports": 75,
      "crossOriginIsolated": true,
      "poseidon": "0x038682aa1cb5ae4e0a3f13da432a95c77c5c111f6f030faf9cad641ce1ed7383",
      "sqlite": "value",
      "workers": "initialized and destroyed"
    }
  ],
  "sourceHashes": {
    ".build/sdk/aztec_bundle.js": "e9d4e2c47ef84d8c1c2db4b244ba338e7a4a7ffddfd1d6de6af6e46dc82917a4",
    "scripts/test-sdk-browser.mjs": "0df11fd449d942572e9db8bcb7fe27aab2d0ee60a5d20d1669e344da612156d3"
  },
  "stages": [
    {
      "elapsedMs": 3,
      "stage": "http-server",
      "state": "listening"
    },
    {
      "elapsedMs": 4,
      "consumer": "sdk-only",
      "stage": "browser-launch",
      "state": "started"
    },
    {
      "elapsedMs": 616,
      "consumer": "sdk-only",
      "stage": "browser-launch",
      "state": "completed"
    },
    {
      "elapsedMs": 616,
      "consumer": "sdk-only",
      "stage": "page-create",
      "state": "started"
    },
    {
      "elapsedMs": 772,
      "consumer": "sdk-only",
      "stage": "page-create",
      "state": "completed"
    },
    {
      "elapsedMs": 773,
      "consumer": "sdk-only",
      "stage": "expose-function",
      "state": "started"
    },
    {
      "elapsedMs": 791,
      "consumer": "sdk-only",
      "stage": "expose-function",
      "state": "completed"
    },
    {
      "elapsedMs": 792,
      "consumer": "sdk-only",
      "stage": "install-readiness-markers",
      "state": "started"
    },
    {
      "elapsedMs": 792,
      "consumer": "sdk-only",
      "stage": "install-readiness-markers",
      "state": "completed"
    },
    {
      "elapsedMs": 792,
      "consumer": "sdk-only",
      "stage": "navigation",
      "state": "started"
    },
    {
      "elapsedMs": 795,
      "consumer": "sdk-only",
      "stage": "browser-request",
      "state": "started",
      "path": "/"
    },
    {
      "elapsedMs": 804,
      "consumer": "sdk-only",
      "stage": "http",
      "requestId": 1,
      "path": "/",
      "state": "request-received"
    },
    {
      "elapsedMs": 809,
      "consumer": "sdk-only",
      "stage": "http",
      "requestId": 1,
      "path": "/",
      "state": "response-finished",
      "status": 200,
      "bodyBytes": 276,
      "durationMs": 6
    },
    {
      "elapsedMs": 813,
      "consumer": "sdk-only",
      "stage": "browser-response",
      "state": "headers",
      "path": "/",
      "status": 200
    },
    {
      "elapsedMs": 847,
      "consumer": "sdk-only",
      "stage": "http",
      "requestId": 2,
      "path": "/aztec_bundle.js",
      "state": "request-received"
    },
    {
      "elapsedMs": 848,
      "consumer": "sdk-only",
      "stage": "browser-request",
      "state": "started",
      "path": "/aztec_bundle.js"
    },
    {
      "elapsedMs": 852,
      "consumer": "sdk-only",
      "stage": "script.sdk",
      "state": "before-script",
      "browserElapsedMs": 57
    },
    {
      "elapsedMs": 854,
      "consumer": "sdk-only",
      "stage": "browser-request",
      "state": "finished",
      "path": "/"
    },
    {
      "elapsedMs": 854,
      "consumer": "sdk-only",
      "stage": "http",
      "requestId": 2,
      "path": "/aztec_bundle.js",
      "state": "file-read-completed",
      "bodyBytes": 50173891,
      "durationMs": 7
    },
    {
      "elapsedMs": 1013,
      "consumer": "sdk-only",
      "stage": "http",
      "requestId": 2,
      "path": "/aztec_bundle.js",
      "state": "response-finished",
      "status": 200,
      "bodyBytes": 50173891,
      "durationMs": 166
    },
    {
      "elapsedMs": 1082,
      "consumer": "sdk-only",
      "stage": "browser-response",
      "state": "headers",
      "path": "/aztec_bundle.js",
      "status": 200
    },
    {
      "elapsedMs": 1083,
      "consumer": "sdk-only",
      "stage": "browser-request",
      "state": "finished",
      "path": "/aztec_bundle.js"
    },
    {
      "elapsedMs": 1498,
      "consumer": "sdk-only",
      "stage": "script.sdk",
      "state": "script-load",
      "browserElapsedMs": 705
    },
    {
      "elapsedMs": 1499,
      "consumer": "sdk-only",
      "stage": "script.sdk",
      "state": "after-script",
      "browserElapsedMs": 705
    },
    {
      "elapsedMs": 1499,
      "consumer": "sdk-only",
      "stage": "script.document",
      "state": "dom-content-loaded",
      "browserElapsedMs": 706
    },
    {
      "elapsedMs": 1499,
      "consumer": "sdk-only",
      "stage": "script.document",
      "state": "load",
      "browserElapsedMs": 706
    },
    {
      "elapsedMs": 1500,
      "consumer": "sdk-only",
      "stage": "navigation",
      "state": "completed"
    },
    {
      "elapsedMs": 1501,
      "consumer": "sdk-only",
      "stage": "sync-prover-init",
      "state": "started"
    },
    {
      "elapsedMs": 1652,
      "consumer": "sdk-only",
      "stage": "sync-prover-init",
      "state": "completed",
      "durationMs": 151
    },
    {
      "elapsedMs": 1653,
      "consumer": "sdk-only",
      "stage": "poseidon",
      "state": "started"
    },
    {
      "elapsedMs": 1655,
      "consumer": "sdk-only",
      "stage": "poseidon",
      "state": "completed",
      "durationMs": 2
    },
    {
      "elapsedMs": 1656,
      "consumer": "sdk-only",
      "stage": "async-prover-init",
      "state": "started"
    },
    {
      "elapsedMs": 1657,
      "consumer": "sdk-only",
      "stage": "browser-request",
      "state": "started",
      "path": "/bb-main.worker.js"
    },
    {
      "elapsedMs": 1658,
      "consumer": "sdk-only",
      "stage": "http",
      "requestId": 3,
      "path": "/bb-main.worker.js",
      "state": "request-received"
    },
    {
      "elapsedMs": 1658,
      "consumer": "sdk-only",
      "stage": "http",
      "requestId": 3,
      "path": "/bb-main.worker.js",
      "state": "file-read-completed",
      "bodyBytes": 22772,
      "durationMs": 1
    },
    {
      "elapsedMs": 1658,
      "consumer": "sdk-only",
      "stage": "http",
      "requestId": 3,
      "path": "/bb-main.worker.js",
      "state": "response-finished",
      "status": 200,
      "bodyBytes": 22772,
      "durationMs": 1
    },
    {
      "elapsedMs": 1661,
      "consumer": "sdk-only",
      "stage": "browser-response",
      "state": "headers",
      "path": "/bb-main.worker.js",
      "status": 200
    },
    {
      "elapsedMs": 1662,
      "consumer": "sdk-only",
      "stage": "browser-request",
      "state": "finished",
      "path": "/bb-main.worker.js"
    },
    {
      "elapsedMs": 1768,
      "consumer": "sdk-only",
      "stage": "http",
      "requestId": 4,
      "path": "/bb-thread.worker.js",
      "state": "request-received"
    },
    {
      "elapsedMs": 1768,
      "consumer": "sdk-only",
      "stage": "browser-request",
      "state": "started",
      "path": "/bb-thread.worker.js"
    },
    {
      "elapsedMs": 1768,
      "consumer": "sdk-only",
      "stage": "http",
      "requestId": 4,
      "path": "/bb-thread.worker.js",
      "state": "file-read-completed",
      "bodyBytes": 15377,
      "durationMs": 0
    },
    {
      "elapsedMs": 1768,
      "consumer": "sdk-only",
      "stage": "http",
      "requestId": 4,
      "path": "/bb-thread.worker.js",
      "state": "response-finished",
      "status": 200,
      "bodyBytes": 15377,
      "durationMs": 1
    },
    {
      "elapsedMs": 1770,
      "consumer": "sdk-only",
      "stage": "browser-response",
      "state": "headers",
      "path": "/bb-thread.worker.js",
      "status": 200
    },
    {
      "elapsedMs": 1770,
      "consumer": "sdk-only",
      "stage": "browser-request",
      "state": "finished",
      "path": "/bb-thread.worker.js"
    },
    {
      "elapsedMs": 1772,
      "consumer": "sdk-only",
      "stage": "async-prover-init",
      "state": "completed",
      "durationMs": 116
    },
    {
      "elapsedMs": 1772,
      "consumer": "sdk-only",
      "stage": "async-prover-destroy",
      "state": "started"
    },
    {
      "elapsedMs": 1773,
      "consumer": "sdk-only",
      "stage": "async-prover-destroy",
      "state": "completed",
      "durationMs": 1
    },
    {
      "elapsedMs": 1774,
      "consumer": "sdk-only",
      "stage": "sqlite-open",
      "state": "started"
    },
    {
      "elapsedMs": 1774,
      "consumer": "sdk-only",
      "stage": "browser-request",
      "state": "started",
      "path": "/sqlite.worker.js"
    },
    {
      "elapsedMs": 1775,
      "consumer": "sdk-only",
      "stage": "http",
      "requestId": 5,
      "path": "/sqlite.worker.js",
      "state": "request-received"
    },
    {
      "elapsedMs": 1775,
      "consumer": "sdk-only",
      "stage": "http",
      "requestId": 5,
      "path": "/sqlite.worker.js",
      "state": "file-read-completed",
      "bodyBytes": 476347,
      "durationMs": 0
    },
    {
      "elapsedMs": 1775,
      "consumer": "sdk-only",
      "stage": "http",
      "requestId": 5,
      "path": "/sqlite.worker.js",
      "state": "response-finished",
      "status": 200,
      "bodyBytes": 476347,
      "durationMs": 1
    },
    {
      "elapsedMs": 1777,
      "consumer": "sdk-only",
      "stage": "browser-response",
      "state": "headers",
      "path": "/sqlite.worker.js",
      "status": 200
    },
    {
      "elapsedMs": 1780,
      "consumer": "sdk-only",
      "stage": "browser-request",
      "state": "finished",
      "path": "/sqlite.worker.js"
    },
    {
      "elapsedMs": 1786,
      "consumer": "sdk-only",
      "stage": "http",
      "requestId": 6,
      "path": "/sqlite3.wasm",
      "state": "request-received"
    },
    {
      "elapsedMs": 1786,
      "consumer": "sdk-only",
      "stage": "browser-request",
      "state": "started",
      "path": "/sqlite3.wasm"
    },
    {
      "elapsedMs": 1787,
      "consumer": "sdk-only",
      "stage": "http",
      "requestId": 6,
      "path": "/sqlite3.wasm",
      "state": "file-read-completed",
      "bodyBytes": 1058719,
      "durationMs": 1
    },
    {
      "elapsedMs": 1787,
      "consumer": "sdk-only",
      "stage": "http",
      "requestId": 6,
      "path": "/sqlite3.wasm",
      "state": "response-finished",
      "status": 200,
      "bodyBytes": 1058719,
      "durationMs": 1
    },
    {
      "elapsedMs": 1788,
      "consumer": "sdk-only",
      "stage": "browser-response",
      "state": "headers",
      "path": "/sqlite3.wasm",
      "status": 200
    },
    {
      "elapsedMs": 1804,
      "consumer": "sdk-only",
      "stage": "browser-request",
      "state": "started",
      "path": "/sqlite3-opfs-async-proxy.js"
    },
    {
      "elapsedMs": 1804,
      "consumer": "sdk-only",
      "stage": "http",
      "requestId": 7,
      "path": "/sqlite3-opfs-async-proxy.js",
      "state": "request-received"
    },
    {
      "elapsedMs": 1804,
      "consumer": "sdk-only",
      "stage": "browser-request",
      "state": "finished",
      "path": "/sqlite3.wasm"
    },
    {
      "elapsedMs": 1805,
      "consumer": "sdk-only",
      "stage": "http",
      "requestId": 7,
      "path": "/sqlite3-opfs-async-proxy.js",
      "state": "file-read-completed",
      "bodyBytes": 24541,
      "durationMs": 0
    },
    {
      "elapsedMs": 1805,
      "consumer": "sdk-only",
      "stage": "http",
      "requestId": 7,
      "path": "/sqlite3-opfs-async-proxy.js",
      "state": "response-finished",
      "status": 200,
      "bodyBytes": 24541,
      "durationMs": 0
    },
    {
      "elapsedMs": 1806,
      "consumer": "sdk-only",
      "stage": "browser-response",
      "state": "headers",
      "path": "/sqlite3-opfs-async-proxy.js",
      "status": 200
    },
    {
      "elapsedMs": 1809,
      "consumer": "sdk-only",
      "stage": "browser-request",
      "state": "finished",
      "path": "/sqlite3-opfs-async-proxy.js"
    },
    {
      "elapsedMs": 1813,
      "consumer": "sdk-only",
      "stage": "browser-request",
      "state": "started",
      "path": "/sqlite3-opfs-async-proxy.js"
    },
    {
      "elapsedMs": 1813,
      "consumer": "sdk-only",
      "stage": "http",
      "requestId": 8,
      "path": "/sqlite3-opfs-async-proxy.js",
      "state": "request-received"
    },
    {
      "elapsedMs": 1814,
      "consumer": "sdk-only",
      "stage": "http",
      "requestId": 8,
      "path": "/sqlite3-opfs-async-proxy.js",
      "state": "file-read-completed",
      "bodyBytes": 24541,
      "durationMs": 0
    },
    {
      "elapsedMs": 1814,
      "consumer": "sdk-only",
      "stage": "http",
      "requestId": 8,
      "path": "/sqlite3-opfs-async-proxy.js",
      "state": "response-finished",
      "status": 200,
      "bodyBytes": 24541,
      "durationMs": 0
    },
    {
      "elapsedMs": 1815,
      "consumer": "sdk-only",
      "stage": "browser-response",
      "state": "headers",
      "path": "/sqlite3-opfs-async-proxy.js",
      "status": 200
    },
    {
      "elapsedMs": 1816,
      "consumer": "sdk-only",
      "stage": "browser-request",
      "state": "finished",
      "path": "/sqlite3-opfs-async-proxy.js"
    },
    {
      "elapsedMs": 1825,
      "consumer": "sdk-only",
      "stage": "sqlite-open",
      "state": "completed",
      "durationMs": 51
    },
    {
      "elapsedMs": 1825,
      "consumer": "sdk-only",
      "stage": "sqlite-write",
      "state": "started"
    },
    {
      "elapsedMs": 1827,
      "consumer": "sdk-only",
      "stage": "sqlite-write",
      "state": "completed",
      "durationMs": 2
    },
    {
      "elapsedMs": 1827,
      "consumer": "sdk-only",
      "stage": "sqlite-read",
      "state": "started"
    },
    {
      "elapsedMs": 1828,
      "consumer": "sdk-only",
      "stage": "sqlite-read",
      "state": "completed",
      "durationMs": 1
    },
    {
      "elapsedMs": 1828,
      "consumer": "sdk-only",
      "stage": "sqlite-close",
      "state": "started"
    },
    {
      "elapsedMs": 1829,
      "consumer": "sdk-only",
      "stage": "sqlite-close",
      "state": "completed",
      "durationMs": 1
    },
    {
      "elapsedMs": 1830,
      "consumer": "sdk-only",
      "stage": "real-browser-encrypted-coupon-store",
      "state": "started"
    },
    {
      "elapsedMs": 1839,
      "consumer": "sdk-only",
      "stage": "real-browser-encrypted-coupon-store",
      "state": "completed",
      "durationMs": 9
    },
    {
      "elapsedMs": 1849,
      "consumer": "sdk-only",
      "stage": "browser",
      "state": "disconnected",
      "deadlineExceeded": false
    }
  ]
}
