{
  "outcome": "pass",
  "node": "24.21.0",
  "sdkSha256": "2cc9bb9b562f22ad551f4574336cd3cddb60201e4ea5769e7010dc6a2c3983ce",
  "scope": "Named functions extracted from real CLI sources; no main(), remote RPC, pre-existing wallets, persisted wallet files, or transactions. Account derivation and hashing use the actual built SDK.",
  "sourceHashes": {
    "apps/src/billboard/user/cli.mjs": "4683177e9d49c29cb6027d7a294bbe13fdd652782729f1c97e1e09966b9d4711",
    "apps/src/billboard/deploy/cli.mjs": "4301f4e0749e4795a0ee1be9f1e242d4fea8caafe7aa8a3d68e3633e2839580b",
    "apps/src/fee-juice/cli.mjs": "84c3eb08854f5d7701bce1922fb8e2db22971e9d3982bab6aae6b0b1edd62fbb",
    "shared/aztec-lib.js": "6e6ec0a21c68a90520f0cfb9920f705c38adf42b225bc1b355686e586cd96d9e"
  },
  "results": [
    {
      "lane": "user",
      "outcome": "pass",
      "extractedFunction": "loadAztecSDK",
      "functionSha256": "8616e19ad8004bc0d4728611b2ee9df37ff968557e5af31e10b3f83078593f68",
      "exports": 75,
      "poseidon": "0x038682aa1cb5ae4e0a3f13da432a95c77c5c111f6f030faf9cad641ce1ed7383",
      "disposableAddress": "0x247237ece6de9a5f863fb8740a783ecf5110573e2cba008b2fc11ebf94bb8fcb",
      "bufferCompatibility": "pass",
      "storage": "actual bundled adapter opened, reopened and deleted in process-local fake-indexeddb",
      "networkRequests": 0,
      "filesystemWrites": 0
    },
    {
      "lane": "deploy",
      "outcome": "pass",
      "extractedFunction": "loadAztecSDK",
      "functionSha256": "bc3aa74762ac94b6e59f95b43789ad5fc6ec81b0e98bbe6d6d486a25fd54d080",
      "exports": 75,
      "poseidon": "0x038682aa1cb5ae4e0a3f13da432a95c77c5c111f6f030faf9cad641ce1ed7383",
      "disposableAddress": "0x247237ece6de9a5f863fb8740a783ecf5110573e2cba008b2fc11ebf94bb8fcb",
      "bufferCompatibility": "pass",
      "storage": "actual bundled adapter opened, reopened and deleted in process-local fake-indexeddb",
      "networkRequests": 0,
      "filesystemWrites": 0
    },
    {
      "lane": "fee",
      "outcome": "pass",
      "extractedFunction": "loadAztecSDK",
      "functionSha256": "a2bf914b9aa1b9e811390bda546285a4ad90640fc3debabf0041216a0486477a",
      "exports": 75,
      "poseidon": "0x038682aa1cb5ae4e0a3f13da432a95c77c5c111f6f030faf9cad641ce1ed7383",
      "disposableAddress": "0x247237ece6de9a5f863fb8740a783ecf5110573e2cba008b2fc11ebf94bb8fcb",
      "bufferCompatibility": "pass",
      "storage": "actual bundled adapter opened, reopened and deleted in process-local fake-indexeddb",
      "networkRequests": 0,
      "filesystemWrites": 0
    },
    {
      "lane": "randomGenerator",
      "outcome": "pass",
      "extractedFunction": "generateAztecWallet",
      "functionSha256": "9953527055cf2e259603753a4b817805c7b97b34bea65b85b13241f1baeffea6",
      "addressDerived": true,
      "memoryOnlyWrites": 1,
      "networkRequests": 0
    },
    {
      "lane": "signatureGenerator",
      "outcome": "pass",
      "extractedFunction": "generateAztecFromEth",
      "functionSha256": "e3f89cadd32fd46c5f9d72771b76161dbcca14d54747d7475c77ea5524d024f5",
      "addressDerived": true,
      "memoryOnlyWrites": 2,
      "networkRequests": 0
    }
  ]
}
