✔ encrypted real SQLite persistence survives reopen and stores no owner/blind/token plaintext (43.192125ms)
✔ wrong key fails closed on both empty and populated restart (9.656833ms)
✔ rejects fake/wrong algorithm key and policy drift (3.445875ms)
✔ AAD/ciphertext rejects tampered id rather than pruning/hiding it (5.3925ms)
✔ AAD/ciphertext rejects tampered partition rather than pruning/hiding it (7.379834ms)
✔ AAD/ciphertext rejects tampered expiry rather than pruning/hiding it (5.333208ms)
✔ AAD/ciphertext rejects tampered attempted rather than pruning/hiding it (4.714292ms)
✔ AAD/ciphertext rejects tampered ciphertext rather than pruning/hiding it (4.445583ms)
✔ AAD/ciphertext rejects tampered iv rather than pruning/hiding it (5.73675ms)
✔ atomic duplicate admission across real separate SQLite connections (4.434208ms)
✔ transactional compare/update permits exactly one concurrent attempted mark (4.85975ms)
✔ real competing processes cannot both mark the same coupon attempted (73.407667ms)
✔ full capacity prevents fresh reservations, expiry pruning is inclusive and durable (8.367875ms)
✔ bad field/size/expiry, missing attempted ID and closed operations fail safely (4.703334ms)
✔ rejects nonprivate directory/file and symlink/hardlink database paths (4.510959ms)
✔ rejects oversized stored ciphertext before returning any records (5.04425ms)
✔ two local authors receive distinct verified coupons from one real HTTP issuer batch (191.192833ms)
✔ actual engine sender routes claim through exact sponsor options (5.44ms)
✔ actual engine sender routes post through exact sponsor options (0.563417ms)
✔ actual engine sender routes post dummy through exact sponsor options (0.471042ms)
✔ actual engine sender routes withdraw through exact sponsor options (0.422333ms)
✔ missing configuration, artifact, SDK or provider rejects before coupon acquisition or signing (2.350875ms)
✔ literal gas settings hydrate through actual SDK and incomplete bounds never default (0.916459ms)
✔ provider exhaustion and private errors never send, leak input text or fall back (1.405ms)
✔ exact submission ambiguity and paid failure propagate without reacquiring or resending (4.661041ms)
✔ invalid author-funded or missing-auth prepared route cannot be sent (1.5395ms)
✔ actual main entry fails closed for every private action before account/provider work (1.944834ms)
✔ actual wallet keeps checked NO_FROM gas and owner scope/tag through simulation and proof (33.693583ms)
✔ browser config preserves only the installed local sponsorship callback (4.419708ms)
✔ provider cannot smuggle private messages or retry codes into the UI (1.612833ms)
✔ actual main claim selects sponsorship and never calls the direct method (15.735459ms)
✔ actual main post selects sponsorship and never calls the direct method (4.179208ms)
✔ actual main post dummy selects sponsorship and never calls the direct method (1.502083ms)
✔ actual main withdraw selects sponsorship and never calls the direct method (1.236709ms)
✔ local coupon callback reads only deployment-scoped batch state without owner or action (0.556416ms)
✔ durable encrypted acquisition verifies actual chain state despite issuer usable:false, then never reuses after reopen (90.777417ms)
✔ lost submit response resumes persisted blind/reservation without another allocation or submit (5.239166ms)
✔ retrieve outage and pending onchain registration retain same reservation for restart (14.790334ms)
✔ concurrent acquisition of one persisted coupon hands it out at most once through encrypted CAS (6.284042ms)
✔ storage commit failure precedes any opaque leaf submission (1.119209ms)
✔ malicious reservation scope or position rejects before local save/submission (5.422667ms)
✔ wrong issuer root, sibling or chain registration rejects without marking attempted (18.607708ms)
✔ attempted/expiry metadata tampering fails authentication on restart (9.62ms)
✔ wrong encryption key and ciphertext damage reject without coupon reuse (2.256542ms)
✔ bounded storage cap stops admission and expired rows are purged (5.524667ms)
✔ deadline bounds a stalled readonly registration call and leaves coupon pending (50.742292ms)
✔ failure of attempted-state commit never hands out a verified coupon (3.717667ms)
✔ transaction abort is not treated as durable reservation storage (1.571167ms)
✔ reads actual ABI batch/config with NO_FROM and returns latest node timestamp, never authorizes (216.982958ms)
✔ rejects wallet chain (0.41225ms)
✔ rejects node chain (0.104541ms)
✔ rejects wallet version (0.103292ms)
✔ rejects node version (0.104ms)
✔ rejects agreeing wrong chain (0.084916ms)
✔ rejects absent deployed contract before registering (11.749917ms)
✔ rejects changed currentContractClassId (11.701333ms)
✔ rejects changed originalContractClassId (11.858958ms)
✔ rejects forged instance preimage even if advertised address/class match (13.615208ms)
✔ rejects wrong advertised contract address (10.791ms)
✔ rejects wrong artifact name (0.171083ms)
✔ rejects changed private root inventory (0.090792ms)
✔ rejects immutable board mismatch (12.305042ms)
✔ rejects unavailable or invalid batch 0:0x0000000000000000000000000000000000000000000000000000000000000000 (12.073375ms)
✔ rejects unavailable or invalid batch 0:0x0000000000000000000000000000000000000000000000000000000000000014 (11.74725ms)
✔ rejects unavailable or invalid batch 1025:0x0000000000000000000000000000000000000000000000000000000000000014 (13.364375ms)
✔ rejects invalid requested batch 0 (0.210417ms)
✔ rejects invalid requested batch 01 (0.077458ms)
✔ rejects invalid requested batch -1 (0.060041ms)
✔ rejects invalid requested batch 18446744073709551616 (0.053792ms)
✔ rejects invalid requested batch 9007199254740992 (0.05175ms)
✔ rejects foreign author/key fields before touching wallet (0.065125ms)
✔ rejects field outside Fr modulus (0.170458ms)
✔ rejects malformed latest timestamp (11.943375ms)
✔ rejects overflowing batch window range (11.05875ms)
✔ rejects invalid immutable policy (11.150042ms)
✔ provider exceptions are sanitized without diagnostic stack metadata (0.245375ms)
✔ real HTTP reservation, commitment, operator-only seal and pending retrieval (227.007709ms)
✔ strict payload fields and fixed safe failures over real HTTP (16.661916ms)
✔ methods, fixed paths, credentials, encoding and malformed JSON are rejected (17.706625ms)
✔ exact CORS allowlist, bounded preflight and privacy headers (10.296834ms)
✔ declared and chunked request bodies are bounded before issuer mutation (11.745042ms)
✔ global admission rate rejects further requests without identity buckets (10.656709ms)
✔ global in-flight bound and server deadline limit stalled operations (103.890333ms)
✔ partial request body is closed at the server deadline (100.863333ms)
✔ internal database or implementation errors never expose diagnostics (2.039333ms)
✔ browser request explicitly omits credentials and referrers and forbids redirects (0.576625ms)
✔ transport rejects unsafe origins and secret-bearing inputs before fetch (0.474666ms)
✔ transport rejects changed scope, unknown response fields and registration fiction (0.879208ms)
✔ transport caps actual streamed response bytes on loopback HTTP (2.131208ms)
✔ transport total deadline bounds stalled fetch and stream regardless of injected cancellation (104.065ms)
✔ transport sanitizes network and remote error bodies (0.498958ms)
✔ parser rejects oversized headers and invalid UTF-8 cannot mutate issuer (6.941625ms)
✔ transport rejects redirects, declared oversize, malformed JSON and wrong media type (0.566583ms)
✔ transport rejects malformed submitted receipts and membership paths (0.755375ms)
✔ misrouted RPC credential is rejected before issuer allocation (5.385291ms)
✔ invalid response headers cancel a body before reader acquisition (0.254958ms)
ℹ tests 96
ℹ suites 0
ℹ pass 96
ℹ fail 0
ℹ cancelled 0
ℹ skipped 0
ℹ todo 0
ℹ duration_ms 1379.398333
