✔ sponsored proof receives full authorization, gas and owner tagging context (0.784625ms)
✔ actual proven author payer rejects despite sponsor preparation (0.400708ms)
✔ sponsor route never accepts an account root or missing private owner context (0.438167ms)
✔ browser actual module persists ciphertext and interoperates with Node AES-GCM (7.84175ms)
✔ browser actual custody rejects wrong wallet, ciphertext corruption and moved scope (3.032583ms)
✔ browser save observes transaction abort and never reports durable success (1.543958ms)
✔ actual engine codec matches frozen claim, boundary and exit commitments (5.821875ms)
✔ actual public deposit flow saves and reads back before send; returns event receipt nonce without secret (4.232333ms)
✔ actual deposit flow fails closed for missing store, failed durability and disabled portal (1.675083ms)
✔ actual deposit flow fails closed for mismatched read-back and existing receipt (1.011542ms)
✔ actual recovery requires the current event nonce and exact saved secret hash without signing fallback (4.267166ms)
✔ large stable Field identity is preserved without Number conversion (1.166084ms)
✔ order parsing rejects truncation and unsafe integer aliases (0.175917ms)
✔ message byte length and canonical padding round trip multi-byte text (1.553666ms)
✔ moderation resolves displayed order once and thereafter carries only identity (0.746917ms)
✔ unknown identity and unsafe order stop before signing (0.212542ms)
✔ state conflict causes refresh and a new attempt, never resubmission of old proof (0.248625ms)
✔ uncertain submission never triggers automatic new proof or resend (0.167333ms)
✔ exact already-known transaction is reconciled without resending (0.083417ms)
✔ failed, proposed, dropped and mismatched receipts never report success (0.117375ms)
✔ queued drop requires structured pinned conflict validation before fresh proof (0.27475ms)
✔ state refresh has a bounded retry budget (0.108917ms)
✔ receipt becoming included during revalidation prevents fresh proof (0.075208ms)
✔ dummy retries reject ambiguous spent-right conflicts and allow only invalid anchor refresh (0.123875ms)
✔ outer post retry cannot override an inner dummy spent-right refusal (0.105208ms)
✔ auto screening propagates unresolved transaction outcomes and retains a timing wait control (0.113583ms)
✔ nested dummy anchor recovery retains one two-refresh budget (0.097042ms)
✔ actual engine sender routes claim through exact sponsor options (2.020417ms)
✔ actual engine sender routes post through exact sponsor options (0.313208ms)
✔ actual engine sender routes post dummy through exact sponsor options (0.287666ms)
✔ actual engine sender routes withdraw through exact sponsor options (0.276167ms)
✔ missing configuration, artifact, SDK or provider rejects before coupon acquisition or signing (1.156042ms)
✔ literal gas settings hydrate through actual SDK and incomplete bounds never default (0.770333ms)
✔ provider exhaustion and private errors never send, leak input text or fall back (0.985833ms)
✔ exact submission ambiguity and paid failure propagate without reacquiring or resending (0.847958ms)
✔ invalid author-funded or missing-auth prepared route cannot be sent (0.964917ms)
✔ actual main entry fails closed for every private action before account/provider work (1.258416ms)
✔ actual wallet keeps checked NO_FROM gas and owner scope/tag through simulation and proof (22.633625ms)
✔ browser config preserves only the installed local sponsorship callback (2.61325ms)
✔ provider cannot smuggle private messages or retry codes into the UI (0.927834ms)
✔ actual main claim selects sponsorship and never calls the direct method (12.499542ms)
✔ actual main post selects sponsorship and never calls the direct method (2.064041ms)
✔ actual main post dummy selects sponsorship and never calls the direct method (1.12075ms)
✔ actual main withdraw selects sponsorship and never calls the direct method (0.865833ms)
✔ actual RPC wrapper confines credentials and disallows redirect forwarding (33.359542ms)
✔ Request and URL inputs preserve headers without mutating caller data (1.813417ms)
ℹ tests 46
ℹ suites 0
ℹ pass 46
ℹ fail 0
ℹ cancelled 0
ℹ skipped 0
ℹ todo 0
ℹ duration_ms 377.17025
