bug: Input to Brillig function is in a separate subgraph to output
    ┌─ /Users/zac/nargo/github.com/AztecProtocol/aztec-nr/v5.2.0/aztec/src/state_vars/public_immutable.nr:328:41
    │
328 │         let nullifier_exists = unsafe { check_nullifier_exists(nullifier) };
    │                                         --------------------------------- There is no path from the output of this Brillig call to either return values or inputs of the circuit, which creates an independent subgraph. This is quite likely a soundness vulnerability
    │
    = Call stack:
      1: FeeTarget::delegated
              at application/src/main.nr:27:37
      2: PublicImmutable<T, &mut PrivateContext>::read
              at /Users/zac/nargo/github.com/AztecProtocol/aztec-nr/v5.2.0/aztec/src/state_vars/public_immutable.nr:328:41

bug: Brillig function call isn't properly covered by a manual constraint
   ┌─ /Users/zac/nargo/github.com/AztecProtocol/aztec-nr/v5.2.0/aztec/src/oracle/get_contract_instance.nr:18:29
   │
18 │     let instance = unsafe { get_contract_instance_internal(address) };
   │                             --------------------------------------- This Brillig call's inputs and its return values haven't been sufficiently constrained. This should be done to prevent potential soundness vulnerabilities
   │
   = Call stack:
     1: generate_private_external
             at /Users/zac/nargo/github.com/AztecProtocol/aztec-nr/v5.2.0/aztec/src/macros/internals_functions_generation/external/private.nr:96:17
     2: assert_is_initialized_private
             at /Users/zac/nargo/github.com/AztecProtocol/aztec-nr/v5.2.0/aztec/src/macros/functions/initialization_utils.nr:114:20
     3: get_contract_instance
             at /Users/zac/nargo/github.com/AztecProtocol/aztec-nr/v5.2.0/aztec/src/oracle/get_contract_instance.nr:18:29

bug: Brillig function call isn't properly covered by a manual constraint
   ┌─ /Users/zac/nargo/github.com/AztecProtocol/aztec-nr/v5.2.0/aztec/src/nullifier/utils.nr:18:52
   │
18 │     let should_use_pending_read_request = unsafe { is_nullifier_pending(unsiloed_nullifier, contract_address) };
   │                                                    ---------------------------------------------------------- This Brillig call's inputs and its return values haven't been sufficiently constrained. This should be done to prevent potential soundness vulnerabilities
   │
   = Call stack:
     1: generate_private_external
             at /Users/zac/nargo/github.com/AztecProtocol/aztec-nr/v5.2.0/aztec/src/macros/internals_functions_generation/external/private.nr:96:17
     2: assert_is_initialized_private
             at /Users/zac/nargo/github.com/AztecProtocol/aztec-nr/v5.2.0/aztec/src/macros/functions/initialization_utils.nr:116:39
     3: compute_nullifier_existence_request
             at /Users/zac/nargo/github.com/AztecProtocol/aztec-nr/v5.2.0/aztec/src/nullifier/utils.nr:18:52

bug: Brillig function call isn't properly covered by a manual constraint
     ┌─ /Users/zac/nargo/github.com/AztecProtocol/aztec-nr/v5.2.0/aztec/src/context/private_context.nr:1184:13
     │  
1184 │ ╭             call_private_function_internal(
1185 │ │                 contract_address,
1186 │ │                 function_selector,
1187 │ │                 args_hash,
1188 │ │                 start_side_effect_counter,
1189 │ │                 is_static_call,
1190 │ │             )
     │ ╰─────────────' This Brillig call's inputs and its return values haven't been sufficiently constrained. This should be done to prevent potential soundness vulnerabilities
     │  
     = Call stack:
       1: FeeTarget::delegated
               at application/src/main.nr:29:9
       2: assert_current_call_valid_authwit
               at /Users/zac/nargo/github.com/AztecProtocol/aztec-nr/v5.2.0/aztec/src/authwit/auth.nr:260:5
       3: assert_inner_hash_valid_authwit
               at /Users/zac/nargo/github.com/AztecProtocol/aztec-nr/v5.2.0/aztec/src/authwit/auth.nr:272:25
       4: PrivateContext::static_call_private_function
               at /Users/zac/nargo/github.com/AztecProtocol/aztec-nr/v5.2.0/aztec/src/context/private_context.nr:1109:9
       5: PrivateContext::call_private_function_with_args_hash
               at /Users/zac/nargo/github.com/AztecProtocol/aztec-nr/v5.2.0/aztec/src/context/private_context.nr:1184:13

bug: Brillig function call isn't properly covered by a manual constraint
   ┌─ /Users/zac/nargo/github.com/AztecProtocol/aztec-nr/v5.2.0/aztec/src/history/storage.nr:26:28
   │
26 │     let witness = unsafe { get_public_data_witness(block_header, public_data_tree_index) };
   │                            ------------------------------------------------------------- This Brillig call's inputs and its return values haven't been sufficiently constrained. This should be done to prevent potential soundness vulnerabilities
   │
   = Call stack:
     1: FeeTarget::delegated
             at application/src/main.nr:27:37
     2: PublicImmutable<T, &mut PrivateContext>::read
             at /Users/zac/nargo/github.com/AztecProtocol/aztec-nr/v5.2.0/aztec/src/state_vars/public_immutable.nr:333:9
     3: WithHash<T, M>::historical_public_storage_read
             at /Users/zac/nargo/github.com/AztecProtocol/aztec-nr/v5.2.0/aztec/src/utils/with_hash.nr:67:20
     4: public_storage_historical_read
             at /Users/zac/nargo/github.com/AztecProtocol/aztec-nr/v5.2.0/aztec/src/history/storage.nr:26:28

bug: Brillig function call isn't properly covered by a manual constraint
    ┌─ /Users/zac/nargo/github.com/AztecProtocol/aztec-nr/v5.2.0/aztec/src/context/private_context.nr:561:38
    │
561 │         let is_revertible = unsafe { is_execution_in_revertible_phase(current_counter) };
    │                                      ------------------------------------------------- This Brillig call's inputs and its return values haven't been sufficiently constrained. This should be done to prevent potential soundness vulnerabilities
    │
    = Call stack:
      1: generate_private_external
              at /Users/zac/nargo/github.com/AztecProtocol/aztec-nr/v5.2.0/aztec/src/macros/internals_functions_generation/external/private.nr:105:53
      2: PrivateContext::in_revertible_phase
              at /Users/zac/nargo/github.com/AztecProtocol/aztec-nr/v5.2.0/aztec/src/context/private_context.nr:561:38

bug: Input to Brillig function is in a separate subgraph to output
    ┌─ /Users/zac/nargo/github.com/AztecProtocol/aztec-nr/v5.2.0/aztec/src/state_vars/public_immutable.nr:328:41
    │
328 │         let nullifier_exists = unsafe { check_nullifier_exists(nullifier) };
    │                                         --------------------------------- There is no path from the output of this Brillig call to either return values or inputs of the circuit, which creates an independent subgraph. This is quite likely a soundness vulnerability
    │
    = Call stack:
      1: RestrictedSponsor::sponsor
              at sponsor/src/main.nr:44:22
      2: PublicImmutable<T, &mut PrivateContext>::read
              at /Users/zac/nargo/github.com/AztecProtocol/aztec-nr/v5.2.0/aztec/src/state_vars/public_immutable.nr:328:41

bug: Input to Brillig function is in a separate subgraph to output
     ┌─ /Users/zac/nargo/github.com/AztecProtocol/aztec-nr/v5.2.0/aztec/src/context/private_context.nr:1184:13
     │  
1184 │ ╭             call_private_function_internal(
1185 │ │                 contract_address,
1186 │ │                 function_selector,
1187 │ │                 args_hash,
1188 │ │                 start_side_effect_counter,
1189 │ │                 is_static_call,
1190 │ │             )
     │ ╰─────────────' There is no path from the output of this Brillig call to either return values or inputs of the circuit, which creates an independent subgraph. This is quite likely a soundness vulnerability
     │  
     = Call stack:
       1: RestrictedSponsor::sponsor
               at sponsor/src/main.nr:54:9
       2: ContractSelfPrivate<Storage, CallSelf, EnqueueSelf, CallSelfStatic, EnqueueSelfStatic, CallInternal, CallSelfUtility>::call
               at /Users/zac/nargo/github.com/AztecProtocol/aztec-nr/v5.2.0/aztec/src/contract_self/contract_self_private.nr:258:9
       3: PrivateCall<M, N, T>::call
               at /Users/zac/nargo/github.com/AztecProtocol/aztec-nr/v5.2.0/aztec/src/context/calls.nr:42:13
       4: PrivateContext::call_private_function_with_args_hash
               at /Users/zac/nargo/github.com/AztecProtocol/aztec-nr/v5.2.0/aztec/src/context/private_context.nr:1184:13

bug: Brillig function call isn't properly covered by a manual constraint
   ┌─ /Users/zac/nargo/github.com/AztecProtocol/aztec-nr/v5.2.0/aztec/src/keys/getters/mod.nr:27:51
   │
27 │     let (public_keys, partial_address) = unsafe { get_public_keys_and_partial_address(account) };
   │                                                   -------------------------------------------- This Brillig call's inputs and its return values haven't been sufficiently constrained. This should be done to prevent potential soundness vulnerabilities
   │
   = Call stack:
     1: RestrictedSponsor::sponsor
             at sponsor/src/main.nr:51:9
     2: SingleUseClaim<&mut PrivateContext>::claim
             at /Users/zac/nargo/github.com/AztecProtocol/aztec-nr/v5.2.0/aztec/src/state_vars/single_use_claim.nr:107:58
     3: get_public_keys
             at /Users/zac/nargo/github.com/AztecProtocol/aztec-nr/v5.2.0/aztec/src/keys/getters/mod.nr:27:51

bug: Brillig function call isn't properly covered by a manual constraint
    ┌─ /Users/zac/nargo/github.com/AztecProtocol/aztec-nr/v5.2.0/aztec/src/context/private_context.nr:829:36
    │
829 │             let request = unsafe { get_key_validation_request(pk_m_hash, key_index) };
    │                                    ------------------------------------------------ This Brillig call's inputs and its return values haven't been sufficiently constrained. This should be done to prevent potential soundness vulnerabilities
    │
    = Call stack:
      1: RestrictedSponsor::sponsor
              at sponsor/src/main.nr:51:9
      2: SingleUseClaim<&mut PrivateContext>::claim
              at /Users/zac/nargo/github.com/AztecProtocol/aztec-nr/v5.2.0/aztec/src/state_vars/single_use_claim.nr:107:29
      3: PrivateContext::request_nhk_app
              at /Users/zac/nargo/github.com/AztecProtocol/aztec-nr/v5.2.0/aztec/src/context/private_context.nr:758:9
      4: PrivateContext::request_sk_app
              at /Users/zac/nargo/github.com/AztecProtocol/aztec-nr/v5.2.0/aztec/src/context/private_context.nr:829:36

bug: Brillig function call isn't properly covered by a manual constraint
   ┌─ /Users/zac/nargo/github.com/AztecProtocol/aztec-nr/v5.2.0/aztec/src/history/storage.nr:26:28
   │
26 │     let witness = unsafe { get_public_data_witness(block_header, public_data_tree_index) };
   │                            ------------------------------------------------------------- This Brillig call's inputs and its return values haven't been sufficiently constrained. This should be done to prevent potential soundness vulnerabilities
   │
   = Call stack:
     1: RestrictedSponsor::sponsor
             at sponsor/src/main.nr:44:22
     2: PublicImmutable<T, &mut PrivateContext>::read
             at /Users/zac/nargo/github.com/AztecProtocol/aztec-nr/v5.2.0/aztec/src/state_vars/public_immutable.nr:333:9
     3: WithHash<T, M>::historical_public_storage_read
             at /Users/zac/nargo/github.com/AztecProtocol/aztec-nr/v5.2.0/aztec/src/utils/with_hash.nr:67:20
     4: public_storage_historical_read
             at /Users/zac/nargo/github.com/AztecProtocol/aztec-nr/v5.2.0/aztec/src/history/storage.nr:26:28

bug: Brillig function call isn't properly covered by a manual constraint
   ┌─ /Users/zac/nargo/github.com/AztecProtocol/aztec-nr/v5.2.0/aztec/src/context/returns_hash.nr:30:33
   │
30 │         let preimage = unsafe { execution_cache::load(self.hash) };
   │                                 -------------------------------- This Brillig call's inputs and its return values haven't been sufficiently constrained. This should be done to prevent potential soundness vulnerabilities
   │
   = Call stack:
     1: RestrictedSponsor::sponsor
             at sponsor/src/main.nr:54:9
     2: ContractSelfPrivate<Storage, CallSelf, EnqueueSelf, CallSelfStatic, EnqueueSelfStatic, CallInternal, CallSelfUtility>::call
             at /Users/zac/nargo/github.com/AztecProtocol/aztec-nr/v5.2.0/aztec/src/contract_self/contract_self_private.nr:258:9
     3: PrivateCall<M, N, T>::call
             at /Users/zac/nargo/github.com/AztecProtocol/aztec-nr/v5.2.0/aztec/src/context/calls.nr:46:9
     4: ReturnsHash::get_preimage
             at /Users/zac/nargo/github.com/AztecProtocol/aztec-nr/v5.2.0/aztec/src/context/returns_hash.nr:30:33

bug: Brillig function call isn't properly covered by a manual constraint
   ┌─ /Users/zac/nargo/github.com/AztecProtocol/aztec-nr/v5.2.0/aztec/src/nullifier/utils.nr:18:52
   │
18 │     let should_use_pending_read_request = unsafe { is_nullifier_pending(unsiloed_nullifier, contract_address) };
   │                                                    ---------------------------------------------------------- This Brillig call's inputs and its return values haven't been sufficiently constrained. This should be done to prevent potential soundness vulnerabilities
   │
   = Call stack:
     1: generate_private_external
             at /Users/zac/nargo/github.com/AztecProtocol/aztec-nr/v5.2.0/aztec/src/macros/internals_functions_generation/external/private.nr:96:17
     2: assert_is_initialized_private
             at /Users/zac/nargo/github.com/AztecProtocol/aztec-nr/v5.2.0/aztec/src/macros/functions/initialization_utils.nr:116:39
     3: compute_nullifier_existence_request
             at /Users/zac/nargo/github.com/AztecProtocol/aztec-nr/v5.2.0/aztec/src/nullifier/utils.nr:18:52

bug: Brillig function call isn't properly covered by a manual constraint
   ┌─ /Users/zac/nargo/github.com/AztecProtocol/aztec-nr/v5.2.0/aztec/src/oracle/get_contract_instance.nr:18:29
   │
18 │     let instance = unsafe { get_contract_instance_internal(address) };
   │                             --------------------------------------- This Brillig call's inputs and its return values haven't been sufficiently constrained. This should be done to prevent potential soundness vulnerabilities
   │
   = Call stack:
     1: generate_private_external
             at /Users/zac/nargo/github.com/AztecProtocol/aztec-nr/v5.2.0/aztec/src/macros/internals_functions_generation/external/private.nr:96:17
     2: assert_is_initialized_private
             at /Users/zac/nargo/github.com/AztecProtocol/aztec-nr/v5.2.0/aztec/src/macros/functions/initialization_utils.nr:114:20
     3: get_contract_instance
             at /Users/zac/nargo/github.com/AztecProtocol/aztec-nr/v5.2.0/aztec/src/oracle/get_contract_instance.nr:18:29

bug: Brillig function call isn't properly covered by a manual constraint
     ┌─ /Users/zac/nargo/github.com/AztecProtocol/aztec-nr/v5.2.0/aztec/src/context/private_context.nr:1184:13
     │  
1184 │ ╭             call_private_function_internal(
1185 │ │                 contract_address,
1186 │ │                 function_selector,
1187 │ │                 args_hash,
1188 │ │                 start_side_effect_counter,
1189 │ │                 is_static_call,
1190 │ │             )
     │ ╰─────────────' This Brillig call's inputs and its return values haven't been sufficiently constrained. This should be done to prevent potential soundness vulnerabilities
     │  
     = Call stack:
       1: RestrictedSponsor::sponsor
               at sponsor/src/main.nr:54:9
       2: ContractSelfPrivate<Storage, CallSelf, EnqueueSelf, CallSelfStatic, EnqueueSelfStatic, CallInternal, CallSelfUtility>::call
               at /Users/zac/nargo/github.com/AztecProtocol/aztec-nr/v5.2.0/aztec/src/contract_self/contract_self_private.nr:258:9
       3: PrivateCall<M, N, T>::call
               at /Users/zac/nargo/github.com/AztecProtocol/aztec-nr/v5.2.0/aztec/src/context/calls.nr:42:13
       4: PrivateContext::call_private_function_with_args_hash
               at /Users/zac/nargo/github.com/AztecProtocol/aztec-nr/v5.2.0/aztec/src/context/private_context.nr:1184:13

bug: Input to Brillig function is in a separate subgraph to output
     ┌─ /Users/zac/nargo/github.com/AztecProtocol/aztec-nr/v5.2.0/aztec/src/context/private_context.nr:1184:13
     │  
1184 │ ╭             call_private_function_internal(
1185 │ │                 contract_address,
1186 │ │                 function_selector,
1187 │ │                 args_hash,
1188 │ │                 start_side_effect_counter,
1189 │ │                 is_static_call,
1190 │ │             )
     │ ╰─────────────' There is no path from the output of this Brillig call to either return values or inputs of the circuit, which creates an independent subgraph. This is quite likely a soundness vulnerability
     │  
     = Call stack:
       1: NestedCaller::attempt
               at nested/src/main.nr:12:9
       2: ContractSelfPrivate<Storage, CallSelf, EnqueueSelf, CallSelfStatic, EnqueueSelfStatic, CallInternal, CallSelfUtility>::call
               at /Users/zac/nargo/github.com/AztecProtocol/aztec-nr/v5.2.0/aztec/src/contract_self/contract_self_private.nr:258:9
       3: PrivateCall<M, N, T>::call
               at /Users/zac/nargo/github.com/AztecProtocol/aztec-nr/v5.2.0/aztec/src/context/calls.nr:42:13
       4: PrivateContext::call_private_function_with_args_hash
               at /Users/zac/nargo/github.com/AztecProtocol/aztec-nr/v5.2.0/aztec/src/context/private_context.nr:1184:13

bug: Brillig function call isn't properly covered by a manual constraint
     ┌─ /Users/zac/nargo/github.com/AztecProtocol/aztec-nr/v5.2.0/aztec/src/context/private_context.nr:1184:13
     │  
1184 │ ╭             call_private_function_internal(
1185 │ │                 contract_address,
1186 │ │                 function_selector,
1187 │ │                 args_hash,
1188 │ │                 start_side_effect_counter,
1189 │ │                 is_static_call,
1190 │ │             )
     │ ╰─────────────' This Brillig call's inputs and its return values haven't been sufficiently constrained. This should be done to prevent potential soundness vulnerabilities
     │  
     = Call stack:
       1: NestedCaller::attempt
               at nested/src/main.nr:12:9
       2: ContractSelfPrivate<Storage, CallSelf, EnqueueSelf, CallSelfStatic, EnqueueSelfStatic, CallInternal, CallSelfUtility>::call
               at /Users/zac/nargo/github.com/AztecProtocol/aztec-nr/v5.2.0/aztec/src/contract_self/contract_self_private.nr:258:9
       3: PrivateCall<M, N, T>::call
               at /Users/zac/nargo/github.com/AztecProtocol/aztec-nr/v5.2.0/aztec/src/context/calls.nr:42:13
       4: PrivateContext::call_private_function_with_args_hash
               at /Users/zac/nargo/github.com/AztecProtocol/aztec-nr/v5.2.0/aztec/src/context/private_context.nr:1184:13

bug: Brillig function call isn't properly covered by a manual constraint
   ┌─ /Users/zac/nargo/github.com/AztecProtocol/aztec-nr/v5.2.0/aztec/src/context/returns_hash.nr:30:33
   │
30 │         let preimage = unsafe { execution_cache::load(self.hash) };
   │                                 -------------------------------- This Brillig call's inputs and its return values haven't been sufficiently constrained. This should be done to prevent potential soundness vulnerabilities
   │
   = Call stack:
     1: NestedCaller::attempt
             at nested/src/main.nr:12:9
     2: ContractSelfPrivate<Storage, CallSelf, EnqueueSelf, CallSelfStatic, EnqueueSelfStatic, CallInternal, CallSelfUtility>::call
             at /Users/zac/nargo/github.com/AztecProtocol/aztec-nr/v5.2.0/aztec/src/contract_self/contract_self_private.nr:258:9
     3: PrivateCall<M, N, T>::call
             at /Users/zac/nargo/github.com/AztecProtocol/aztec-nr/v5.2.0/aztec/src/context/calls.nr:46:9
     4: ReturnsHash::get_preimage
             at /Users/zac/nargo/github.com/AztecProtocol/aztec-nr/v5.2.0/aztec/src/context/returns_hash.nr:30:33

{"mode":"compile","outcome":"pass","scope":"Restricted sponsor feasibility fixture; no real-proof or mainnet claim"}
