bug: Brillig function call isn't properly covered by a manual constraint
   ┌─ /Users/zac/nargo/github.com/AztecProtocol/aztec-nr/v5.2.0/aztec/src/messaging.nr:35:9
   │  
35 │ ╭         get_l1_to_l2_membership_witness(
36 │ │             message_hash,
37 │ │             Option::some(UnsiloedNullifier { contract_address, nullifier }),
38 │ │         )
   │ ╰─────────' This Brillig call's inputs and its return values haven't been sufficiently constrained. This should be done to prevent potential soundness vulnerabilities
   │  
   = Call stack:
     1: Billboard::claim_deposit
             at billboard/billboard_contract/src/main.nr:289:19
     2: PrivateContext::consume_l1_to_l2_message
             at /Users/zac/nargo/github.com/AztecProtocol/aztec-nr/v5.2.0/aztec/src/context/private_context.nr:897:25
     3: process_l1_to_l2_message
             at /Users/zac/nargo/github.com/AztecProtocol/aztec-nr/v5.2.0/aztec/src/messaging.nr:35:9

bug: Brillig function call isn't properly covered by a manual constraint
   ┌─ /Users/zac/nargo/github.com/AztecProtocol/aztec-nr/v5.2.0/aztec/src/messages/delivery/tag_derivation.nr:88:18
   │
88 │         unsafe { get_existing_app_siloed_handshake_secrets(STANDARD_HANDSHAKE_REGISTRY_ADDRESS, sender, recipient) };
   │                  ------------------------------------------------------------------------------------------------- This Brillig call's inputs and its return values haven't been sufficiently constrained. This should be done to prevent potential soundness vulnerabilities
   │
   = Call stack:
      1: Billboard::claim_deposit
             at billboard/billboard_contract/src/main.nr:311:19
      2: NoteMessage<Note>::deliver
             at /Users/zac/nargo/github.com/AztecProtocol/aztec-nr/v5.2.0/aztec/src/note/note_message.nr:55:9
      3: NoteMessage<Note>::deliver_to
             at /Users/zac/nargo/github.com/AztecProtocol/aztec-nr/v5.2.0/aztec/src/note/note_message.nr:82:9
      4: do_private_message_delivery
             at /Users/zac/nargo/github.com/AztecProtocol/aztec-nr/v5.2.0/aztec/src/messages/delivery/mod.nr:81:9
      5: do_onchain_private_message_delivery
             at /Users/zac/nargo/github.com/AztecProtocol/aztec-nr/v5.2.0/aztec/src/messages/delivery/mod.nr:122:19
      6: derive_log_tag
             at /Users/zac/nargo/github.com/AztecProtocol/aztec-nr/v5.2.0/aztec/src/messages/delivery/tag.nr:30:18
      7: Option<T>::map_or_else
             at std/option.nr:94:13
      8: derive_log_tag
             at /Users/zac/nargo/github.com/AztecProtocol/aztec-nr/v5.2.0/aztec/src/messages/delivery/tag.nr:31:12
      9: default_tag_secret_source
             at /Users/zac/nargo/github.com/AztecProtocol/aztec-nr/v5.2.0/aztec/src/messages/delivery/tag.nr:45:5
     10: existing_handshake_secrets_or_else
             at /Users/zac/nargo/github.com/AztecProtocol/aztec-nr/v5.2.0/aztec/src/messages/delivery/tag_derivation.nr:88:18

bug: Brillig function call isn't properly covered by a manual constraint
   ┌─ /Users/zac/nargo/github.com/AztecProtocol/aztec-nr/v5.2.0/aztec/src/oracle/get_contract_instance.nr:18:29
   │
18 │     let instance = unsafe { get_contract_instance_internal(address) };
   │                             --------------------------------------- This Brillig call's inputs and its return values haven't been sufficiently constrained. This should be done to prevent potential soundness vulnerabilities
   │
   = Call stack:
     1: generate_private_external
             at /Users/zac/nargo/github.com/AztecProtocol/aztec-nr/v5.2.0/aztec/src/macros/internals_functions_generation/external/private.nr:96:17
     2: assert_is_initialized_private
             at /Users/zac/nargo/github.com/AztecProtocol/aztec-nr/v5.2.0/aztec/src/macros/functions/initialization_utils.nr:114:20
     3: get_contract_instance
             at /Users/zac/nargo/github.com/AztecProtocol/aztec-nr/v5.2.0/aztec/src/oracle/get_contract_instance.nr:18:29

bug: Brillig function call isn't properly covered by a manual constraint
   ┌─ /Users/zac/nargo/github.com/AztecProtocol/aztec-nr/v5.2.0/aztec/src/nullifier/utils.nr:18:52
   │
18 │     let should_use_pending_read_request = unsafe { is_nullifier_pending(unsiloed_nullifier, contract_address) };
   │                                                    ---------------------------------------------------------- This Brillig call's inputs and its return values haven't been sufficiently constrained. This should be done to prevent potential soundness vulnerabilities
   │
   = Call stack:
     1: generate_private_external
             at /Users/zac/nargo/github.com/AztecProtocol/aztec-nr/v5.2.0/aztec/src/macros/internals_functions_generation/external/private.nr:96:17
     2: assert_is_initialized_private
             at /Users/zac/nargo/github.com/AztecProtocol/aztec-nr/v5.2.0/aztec/src/macros/functions/initialization_utils.nr:116:39
     3: compute_nullifier_existence_request
             at /Users/zac/nargo/github.com/AztecProtocol/aztec-nr/v5.2.0/aztec/src/nullifier/utils.nr:18:52

bug: Brillig function call isn't properly covered by a manual constraint
    ┌─ /Users/zac/nargo/github.com/AztecProtocol/aztec-nr/v5.2.0/aztec/src/messages/encryption/aes128.nr:260:25
    │
260 │                         random_address_point()
    │                         ---------------------- This Brillig call's inputs and its return values haven't been sufficiently constrained. This should be done to prevent potential soundness vulnerabilities
    │
    = Call stack:
       1: Billboard::claim_deposit
              at billboard/billboard_contract/src/main.nr:311:19
       2: NoteMessage<Note>::deliver
              at /Users/zac/nargo/github.com/AztecProtocol/aztec-nr/v5.2.0/aztec/src/note/note_message.nr:55:9
       3: NoteMessage<Note>::deliver_to
              at /Users/zac/nargo/github.com/AztecProtocol/aztec-nr/v5.2.0/aztec/src/note/note_message.nr:82:9
       4: do_private_message_delivery
              at /Users/zac/nargo/github.com/AztecProtocol/aztec-nr/v5.2.0/aztec/src/messages/delivery/mod.nr:81:9
       5: do_onchain_private_message_delivery
              at /Users/zac/nargo/github.com/AztecProtocol/aztec-nr/v5.2.0/aztec/src/messages/delivery/mod.nr:117:22
       6: remove_constraints_if
              at /Users/zac/nargo/github.com/AztecProtocol/aztec-nr/v5.2.0/aztec/src/utils/remove_constraints.nr:22:9
       7: do_onchain_private_message_delivery
              at /Users/zac/nargo/github.com/AztecProtocol/aztec-nr/v5.2.0/aztec/src/messages/delivery/mod.nr:119:12
       8: <impl MessageEncryption for AES128>::encrypt
              at /Users/zac/nargo/github.com/AztecProtocol/aztec-nr/v5.2.0/aztec/src/messages/encryption/aes128.nr:240:13
       9: Option<T>::unwrap_or_else
              at std/option.nr:61:13
      10: <impl MessageEncryption for AES128>::encrypt
              at /Users/zac/nargo/github.com/AztecProtocol/aztec-nr/v5.2.0/aztec/src/messages/encryption/aes128.nr:260:25

bug: Brillig function call isn't properly covered by a manual constraint
    ┌─ /Users/zac/nargo/github.com/AztecProtocol/aztec-nr/v5.2.0/aztec/src/messages/encryption/aes128.nr:356:38
    │
356 │             ciphertext[i] = unsafe { random() };
    │                                      -------- This Brillig call's inputs and its return values haven't been sufficiently constrained. This should be done to prevent potential soundness vulnerabilities
    │
    = Call stack:
      1: Billboard::claim_deposit
              at billboard/billboard_contract/src/main.nr:311:19
      2: NoteMessage<Note>::deliver
              at /Users/zac/nargo/github.com/AztecProtocol/aztec-nr/v5.2.0/aztec/src/note/note_message.nr:55:9
      3: NoteMessage<Note>::deliver_to
              at /Users/zac/nargo/github.com/AztecProtocol/aztec-nr/v5.2.0/aztec/src/note/note_message.nr:82:9
      4: do_private_message_delivery
              at /Users/zac/nargo/github.com/AztecProtocol/aztec-nr/v5.2.0/aztec/src/messages/delivery/mod.nr:81:9
      5: do_onchain_private_message_delivery
              at /Users/zac/nargo/github.com/AztecProtocol/aztec-nr/v5.2.0/aztec/src/messages/delivery/mod.nr:117:22
      6: remove_constraints_if
              at /Users/zac/nargo/github.com/AztecProtocol/aztec-nr/v5.2.0/aztec/src/utils/remove_constraints.nr:22:9
      7: do_onchain_private_message_delivery
              at /Users/zac/nargo/github.com/AztecProtocol/aztec-nr/v5.2.0/aztec/src/messages/delivery/mod.nr:119:12
      8: <impl MessageEncryption for AES128>::encrypt
              at /Users/zac/nargo/github.com/AztecProtocol/aztec-nr/v5.2.0/aztec/src/messages/encryption/aes128.nr:356:38

bug: Brillig function call isn't properly covered by a manual constraint
   ┌─ /Users/zac/nargo/github.com/AztecProtocol/aztec-nr/v5.2.0/aztec/src/history/storage.nr:26:28
   │
26 │     let witness = unsafe { get_public_data_witness(block_header, public_data_tree_index) };
   │                            ------------------------------------------------------------- This Brillig call's inputs and its return values haven't been sufficiently constrained. This should be done to prevent potential soundness vulnerabilities
   │
   = Call stack:
     1: Billboard::claim_deposit
             at billboard/billboard_contract/src/main.nr:295:45
     2: public_storage_historical_read
             at /Users/zac/nargo/github.com/AztecProtocol/aztec-nr/v5.2.0/aztec/src/history/storage.nr:26:28

bug: Brillig function call isn't properly covered by a manual constraint
   ┌─ /Users/zac/nargo/github.com/AztecProtocol/aztec-nr/v5.2.0/aztec/src/history/storage.nr:26:28
   │
26 │     let witness = unsafe { get_public_data_witness(block_header, public_data_tree_index) };
   │                            ------------------------------------------------------------- This Brillig call's inputs and its return values haven't been sufficiently constrained. This should be done to prevent potential soundness vulnerabilities
   │
   = Call stack:
     1: Billboard::post
             at billboard/billboard_contract/src/main.nr:361:53
     2: public_storage_historical_read
             at /Users/zac/nargo/github.com/AztecProtocol/aztec-nr/v5.2.0/aztec/src/history/storage.nr:26:28

bug: Brillig function call isn't properly covered by a manual constraint
   ┌─ /Users/zac/nargo/github.com/AztecProtocol/aztec-nr/v5.2.0/aztec/src/keys/getters/mod.nr:27:51
   │
27 │     let (public_keys, partial_address) = unsafe { get_public_keys_and_partial_address(account) };
   │                                                   -------------------------------------------- This Brillig call's inputs and its return values haven't been sufficiently constrained. This should be done to prevent potential soundness vulnerabilities
   │
   = Call stack:
     1: Billboard::post
             at billboard/billboard_contract/src/main.nr:354:35
     2: PrivateSet<Note, &mut PrivateContext>::pop_notes
             at /Users/zac/nargo/github.com/AztecProtocol/aztec-nr/v5.2.0/aztec/src/state_vars/private_set.nr:244:17
     3: destroy_note
             at /Users/zac/nargo/github.com/AztecProtocol/aztec-nr/v5.2.0/aztec/src/note/lifecycle.nr:82:21
     4: generate_note_hash_trait_impl
             at /Users/zac/nargo/github.com/AztecProtocol/aztec-nr/v5.2.0/aztec/src/macros/notes.nr:90:40
     5: get_public_keys
             at /Users/zac/nargo/github.com/AztecProtocol/aztec-nr/v5.2.0/aztec/src/keys/getters/mod.nr:27:51

bug: Brillig function call isn't properly covered by a manual constraint
    ┌─ /Users/zac/nargo/github.com/AztecProtocol/aztec-nr/v5.2.0/aztec/src/context/private_context.nr:561:38
    │
561 │         let is_revertible = unsafe { is_execution_in_revertible_phase(current_counter) };
    │                                      ------------------------------------------------- This Brillig call's inputs and its return values haven't been sufficiently constrained. This should be done to prevent potential soundness vulnerabilities
    │
    = Call stack:
      1: generate_private_external
              at /Users/zac/nargo/github.com/AztecProtocol/aztec-nr/v5.2.0/aztec/src/macros/internals_functions_generation/external/private.nr:105:53
      2: PrivateContext::in_revertible_phase
              at /Users/zac/nargo/github.com/AztecProtocol/aztec-nr/v5.2.0/aztec/src/context/private_context.nr:561:38

bug: Brillig function call isn't properly covered by a manual constraint
   ┌─ /Users/zac/nargo/github.com/AztecProtocol/aztec-nr/v5.2.0/aztec/src/history/note.nr:46:28
   │
46 │     let witness = unsafe { get_note_hash_membership_witness(block_header, unique_note_hash) };
   │                            ---------------------------------------------------------------- This Brillig call's inputs and its return values haven't been sufficiently constrained. This should be done to prevent potential soundness vulnerabilities
   │
   = Call stack:
     1: Billboard::post
             at billboard/billboard_contract/src/main.nr:395:49
     2: assert_note_existed_by
             at /Users/zac/nargo/github.com/AztecProtocol/aztec-nr/v5.2.0/aztec/src/history/note.nr:46:32

bug: Brillig function call isn't properly covered by a manual constraint
    ┌─ /Users/zac/nargo/github.com/AztecProtocol/aztec-nr/v5.2.0/aztec/src/note/note_getter.nr:173:39
    │
173 │     let maybe_hinted_notes = unsafe { get_notes_internal(storage_slot, options) };
    │                                       ----------------------------------------- This Brillig call's inputs and its return values haven't been sufficiently constrained. This should be done to prevent potential soundness vulnerabilities
    │
    = Call stack:
      1: Billboard::post
              at billboard/billboard_contract/src/main.nr:354:35
      2: PrivateSet<Note, &mut PrivateContext>::pop_notes
              at /Users/zac/nargo/github.com/AztecProtocol/aztec-nr/v5.2.0/aztec/src/state_vars/private_set.nr:235:31
      3: get_notes
              at /Users/zac/nargo/github.com/AztecProtocol/aztec-nr/v5.2.0/aztec/src/note/note_getter.nr:173:39

bug: Brillig function call isn't properly covered by a manual constraint
   ┌─ /Users/zac/nargo/github.com/AztecProtocol/aztec-nr/v5.2.0/aztec/src/oracle/get_contract_instance.nr:18:29
   │
18 │     let instance = unsafe { get_contract_instance_internal(address) };
   │                             --------------------------------------- This Brillig call's inputs and its return values haven't been sufficiently constrained. This should be done to prevent potential soundness vulnerabilities
   │
   = Call stack:
     1: generate_private_external
             at /Users/zac/nargo/github.com/AztecProtocol/aztec-nr/v5.2.0/aztec/src/macros/internals_functions_generation/external/private.nr:96:17
     2: assert_is_initialized_private
             at /Users/zac/nargo/github.com/AztecProtocol/aztec-nr/v5.2.0/aztec/src/macros/functions/initialization_utils.nr:114:20
     3: get_contract_instance
             at /Users/zac/nargo/github.com/AztecProtocol/aztec-nr/v5.2.0/aztec/src/oracle/get_contract_instance.nr:18:29

bug: Brillig function call isn't properly covered by a manual constraint
   ┌─ /Users/zac/nargo/github.com/AztecProtocol/aztec-nr/v5.2.0/aztec/src/messages/delivery/tag_derivation.nr:88:18
   │
88 │         unsafe { get_existing_app_siloed_handshake_secrets(STANDARD_HANDSHAKE_REGISTRY_ADDRESS, sender, recipient) };
   │                  ------------------------------------------------------------------------------------------------- This Brillig call's inputs and its return values haven't been sufficiently constrained. This should be done to prevent potential soundness vulnerabilities
   │
   = Call stack:
      1: Billboard::post
             at billboard/billboard_contract/src/main.nr:516:25
      2: NoteMessage<Note>::deliver
             at /Users/zac/nargo/github.com/AztecProtocol/aztec-nr/v5.2.0/aztec/src/note/note_message.nr:55:9
      3: NoteMessage<Note>::deliver_to
             at /Users/zac/nargo/github.com/AztecProtocol/aztec-nr/v5.2.0/aztec/src/note/note_message.nr:82:9
      4: do_private_message_delivery
             at /Users/zac/nargo/github.com/AztecProtocol/aztec-nr/v5.2.0/aztec/src/messages/delivery/mod.nr:81:9
      5: do_onchain_private_message_delivery
             at /Users/zac/nargo/github.com/AztecProtocol/aztec-nr/v5.2.0/aztec/src/messages/delivery/mod.nr:122:19
      6: derive_log_tag
             at /Users/zac/nargo/github.com/AztecProtocol/aztec-nr/v5.2.0/aztec/src/messages/delivery/tag.nr:30:18
      7: Option<T>::map_or_else
             at std/option.nr:94:13
      8: derive_log_tag
             at /Users/zac/nargo/github.com/AztecProtocol/aztec-nr/v5.2.0/aztec/src/messages/delivery/tag.nr:31:12
      9: default_tag_secret_source
             at /Users/zac/nargo/github.com/AztecProtocol/aztec-nr/v5.2.0/aztec/src/messages/delivery/tag.nr:45:5
     10: existing_handshake_secrets_or_else
             at /Users/zac/nargo/github.com/AztecProtocol/aztec-nr/v5.2.0/aztec/src/messages/delivery/tag_derivation.nr:88:18

bug: Brillig function call isn't properly covered by a manual constraint
   ┌─ /Users/zac/nargo/github.com/AztecProtocol/aztec-nr/v5.2.0/aztec/src/nullifier/utils.nr:18:52
   │
18 │     let should_use_pending_read_request = unsafe { is_nullifier_pending(unsiloed_nullifier, contract_address) };
   │                                                    ---------------------------------------------------------- This Brillig call's inputs and its return values haven't been sufficiently constrained. This should be done to prevent potential soundness vulnerabilities
   │
   = Call stack:
     1: generate_private_external
             at /Users/zac/nargo/github.com/AztecProtocol/aztec-nr/v5.2.0/aztec/src/macros/internals_functions_generation/external/private.nr:96:17
     2: assert_is_initialized_private
             at /Users/zac/nargo/github.com/AztecProtocol/aztec-nr/v5.2.0/aztec/src/macros/functions/initialization_utils.nr:116:39
     3: compute_nullifier_existence_request
             at /Users/zac/nargo/github.com/AztecProtocol/aztec-nr/v5.2.0/aztec/src/nullifier/utils.nr:18:52

bug: Brillig function call isn't properly covered by a manual constraint
    ┌─ /Users/zac/nargo/github.com/AztecProtocol/aztec-nr/v5.2.0/aztec/src/messages/encryption/aes128.nr:260:25
    │
260 │                         random_address_point()
    │                         ---------------------- This Brillig call's inputs and its return values haven't been sufficiently constrained. This should be done to prevent potential soundness vulnerabilities
    │
    = Call stack:
       1: Billboard::post
              at billboard/billboard_contract/src/main.nr:516:25
       2: NoteMessage<Note>::deliver
              at /Users/zac/nargo/github.com/AztecProtocol/aztec-nr/v5.2.0/aztec/src/note/note_message.nr:55:9
       3: NoteMessage<Note>::deliver_to
              at /Users/zac/nargo/github.com/AztecProtocol/aztec-nr/v5.2.0/aztec/src/note/note_message.nr:82:9
       4: do_private_message_delivery
              at /Users/zac/nargo/github.com/AztecProtocol/aztec-nr/v5.2.0/aztec/src/messages/delivery/mod.nr:81:9
       5: do_onchain_private_message_delivery
              at /Users/zac/nargo/github.com/AztecProtocol/aztec-nr/v5.2.0/aztec/src/messages/delivery/mod.nr:117:22
       6: remove_constraints_if
              at /Users/zac/nargo/github.com/AztecProtocol/aztec-nr/v5.2.0/aztec/src/utils/remove_constraints.nr:22:9
       7: do_onchain_private_message_delivery
              at /Users/zac/nargo/github.com/AztecProtocol/aztec-nr/v5.2.0/aztec/src/messages/delivery/mod.nr:119:12
       8: <impl MessageEncryption for AES128>::encrypt
              at /Users/zac/nargo/github.com/AztecProtocol/aztec-nr/v5.2.0/aztec/src/messages/encryption/aes128.nr:240:13
       9: Option<T>::unwrap_or_else
              at std/option.nr:61:13
      10: <impl MessageEncryption for AES128>::encrypt
              at /Users/zac/nargo/github.com/AztecProtocol/aztec-nr/v5.2.0/aztec/src/messages/encryption/aes128.nr:260:25

bug: Brillig function call isn't properly covered by a manual constraint
    ┌─ /Users/zac/nargo/github.com/AztecProtocol/aztec-nr/v5.2.0/aztec/src/messages/encryption/aes128.nr:356:38
    │
356 │             ciphertext[i] = unsafe { random() };
    │                                      -------- This Brillig call's inputs and its return values haven't been sufficiently constrained. This should be done to prevent potential soundness vulnerabilities
    │
    = Call stack:
      1: Billboard::post
              at billboard/billboard_contract/src/main.nr:516:25
      2: NoteMessage<Note>::deliver
              at /Users/zac/nargo/github.com/AztecProtocol/aztec-nr/v5.2.0/aztec/src/note/note_message.nr:55:9
      3: NoteMessage<Note>::deliver_to
              at /Users/zac/nargo/github.com/AztecProtocol/aztec-nr/v5.2.0/aztec/src/note/note_message.nr:82:9
      4: do_private_message_delivery
              at /Users/zac/nargo/github.com/AztecProtocol/aztec-nr/v5.2.0/aztec/src/messages/delivery/mod.nr:81:9
      5: do_onchain_private_message_delivery
              at /Users/zac/nargo/github.com/AztecProtocol/aztec-nr/v5.2.0/aztec/src/messages/delivery/mod.nr:117:22
      6: remove_constraints_if
              at /Users/zac/nargo/github.com/AztecProtocol/aztec-nr/v5.2.0/aztec/src/utils/remove_constraints.nr:22:9
      7: do_onchain_private_message_delivery
              at /Users/zac/nargo/github.com/AztecProtocol/aztec-nr/v5.2.0/aztec/src/messages/delivery/mod.nr:119:12
      8: <impl MessageEncryption for AES128>::encrypt
              at /Users/zac/nargo/github.com/AztecProtocol/aztec-nr/v5.2.0/aztec/src/messages/encryption/aes128.nr:356:38

bug: Brillig function call isn't properly covered by a manual constraint
   ┌─ /Users/zac/nargo/github.com/AztecProtocol/aztec-nr/v5.2.0/aztec/src/history/storage.nr:26:28
   │
26 │     let witness = unsafe { get_public_data_witness(block_header, public_data_tree_index) };
   │                            ------------------------------------------------------------- This Brillig call's inputs and its return values haven't been sufficiently constrained. This should be done to prevent potential soundness vulnerabilities
   │
   = Call stack:
     1: Billboard::update_portal
             at billboard/billboard_contract/src/main.nr:203:38
     2: public_storage_historical_read
             at /Users/zac/nargo/github.com/AztecProtocol/aztec-nr/v5.2.0/aztec/src/history/storage.nr:26:28

bug: Brillig function call isn't properly covered by a manual constraint
   ┌─ /Users/zac/nargo/github.com/AztecProtocol/aztec-nr/v5.2.0/aztec/src/nullifier/utils.nr:18:52
   │
18 │     let should_use_pending_read_request = unsafe { is_nullifier_pending(unsiloed_nullifier, contract_address) };
   │                                                    ---------------------------------------------------------- This Brillig call's inputs and its return values haven't been sufficiently constrained. This should be done to prevent potential soundness vulnerabilities
   │
   = Call stack:
     1: generate_private_external
             at /Users/zac/nargo/github.com/AztecProtocol/aztec-nr/v5.2.0/aztec/src/macros/internals_functions_generation/external/private.nr:96:17
     2: assert_is_initialized_private
             at /Users/zac/nargo/github.com/AztecProtocol/aztec-nr/v5.2.0/aztec/src/macros/functions/initialization_utils.nr:116:39
     3: compute_nullifier_existence_request
             at /Users/zac/nargo/github.com/AztecProtocol/aztec-nr/v5.2.0/aztec/src/nullifier/utils.nr:18:52

bug: Brillig function call isn't properly covered by a manual constraint
   ┌─ /Users/zac/nargo/github.com/AztecProtocol/aztec-nr/v5.2.0/aztec/src/oracle/get_contract_instance.nr:18:29
   │
18 │     let instance = unsafe { get_contract_instance_internal(address) };
   │                             --------------------------------------- This Brillig call's inputs and its return values haven't been sufficiently constrained. This should be done to prevent potential soundness vulnerabilities
   │
   = Call stack:
     1: generate_private_external
             at /Users/zac/nargo/github.com/AztecProtocol/aztec-nr/v5.2.0/aztec/src/macros/internals_functions_generation/external/private.nr:96:17
     2: assert_is_initialized_private
             at /Users/zac/nargo/github.com/AztecProtocol/aztec-nr/v5.2.0/aztec/src/macros/functions/initialization_utils.nr:114:20
     3: get_contract_instance
             at /Users/zac/nargo/github.com/AztecProtocol/aztec-nr/v5.2.0/aztec/src/oracle/get_contract_instance.nr:18:29

bug: Brillig function call isn't properly covered by a manual constraint
    ┌─ /Users/zac/nargo/github.com/AztecProtocol/aztec-nr/v5.2.0/aztec/src/context/private_context.nr:561:38
    │
561 │         let is_revertible = unsafe { is_execution_in_revertible_phase(current_counter) };
    │                                      ------------------------------------------------- This Brillig call's inputs and its return values haven't been sufficiently constrained. This should be done to prevent potential soundness vulnerabilities
    │
    = Call stack:
      1: generate_private_external
              at /Users/zac/nargo/github.com/AztecProtocol/aztec-nr/v5.2.0/aztec/src/macros/internals_functions_generation/external/private.nr:105:53
      2: PrivateContext::in_revertible_phase
              at /Users/zac/nargo/github.com/AztecProtocol/aztec-nr/v5.2.0/aztec/src/context/private_context.nr:561:38

bug: Brillig function call isn't properly covered by a manual constraint
   ┌─ /Users/zac/nargo/github.com/AztecProtocol/aztec-nr/v5.2.0/aztec/src/nullifier/utils.nr:18:52
   │
18 │     let should_use_pending_read_request = unsafe { is_nullifier_pending(unsiloed_nullifier, contract_address) };
   │                                                    ---------------------------------------------------------- This Brillig call's inputs and its return values haven't been sufficiently constrained. This should be done to prevent potential soundness vulnerabilities
   │
   = Call stack:
     1: generate_private_external
             at /Users/zac/nargo/github.com/AztecProtocol/aztec-nr/v5.2.0/aztec/src/macros/internals_functions_generation/external/private.nr:96:17
     2: assert_is_initialized_private
             at /Users/zac/nargo/github.com/AztecProtocol/aztec-nr/v5.2.0/aztec/src/macros/functions/initialization_utils.nr:116:39
     3: compute_nullifier_existence_request
             at /Users/zac/nargo/github.com/AztecProtocol/aztec-nr/v5.2.0/aztec/src/nullifier/utils.nr:18:52

bug: Brillig function call isn't properly covered by a manual constraint
    ┌─ /Users/zac/nargo/github.com/AztecProtocol/aztec-nr/v5.2.0/aztec/src/note/note_getter.nr:173:39
    │
173 │     let maybe_hinted_notes = unsafe { get_notes_internal(storage_slot, options) };
    │                                       ----------------------------------------- This Brillig call's inputs and its return values haven't been sufficiently constrained. This should be done to prevent potential soundness vulnerabilities
    │
    = Call stack:
      1: Billboard::withdraw
              at billboard/billboard_contract/src/main.nr:571:39
      2: PrivateSet<Note, &mut PrivateContext>::pop_notes
              at /Users/zac/nargo/github.com/AztecProtocol/aztec-nr/v5.2.0/aztec/src/state_vars/private_set.nr:235:31
      3: get_notes
              at /Users/zac/nargo/github.com/AztecProtocol/aztec-nr/v5.2.0/aztec/src/note/note_getter.nr:173:39

bug: Brillig function call isn't properly covered by a manual constraint
   ┌─ /Users/zac/nargo/github.com/AztecProtocol/aztec-nr/v5.2.0/aztec/src/keys/getters/mod.nr:27:51
   │
27 │     let (public_keys, partial_address) = unsafe { get_public_keys_and_partial_address(account) };
   │                                                   -------------------------------------------- This Brillig call's inputs and its return values haven't been sufficiently constrained. This should be done to prevent potential soundness vulnerabilities
   │
   = Call stack:
     1: Billboard::withdraw
             at billboard/billboard_contract/src/main.nr:571:39
     2: PrivateSet<Note, &mut PrivateContext>::pop_notes
             at /Users/zac/nargo/github.com/AztecProtocol/aztec-nr/v5.2.0/aztec/src/state_vars/private_set.nr:244:17
     3: destroy_note
             at /Users/zac/nargo/github.com/AztecProtocol/aztec-nr/v5.2.0/aztec/src/note/lifecycle.nr:82:21
     4: generate_note_hash_trait_impl
             at /Users/zac/nargo/github.com/AztecProtocol/aztec-nr/v5.2.0/aztec/src/macros/notes.nr:90:40
     5: get_public_keys
             at /Users/zac/nargo/github.com/AztecProtocol/aztec-nr/v5.2.0/aztec/src/keys/getters/mod.nr:27:51

bug: Brillig function call isn't properly covered by a manual constraint
   ┌─ /Users/zac/nargo/github.com/AztecProtocol/aztec-nr/v5.2.0/aztec/src/oracle/get_contract_instance.nr:18:29
   │
18 │     let instance = unsafe { get_contract_instance_internal(address) };
   │                             --------------------------------------- This Brillig call's inputs and its return values haven't been sufficiently constrained. This should be done to prevent potential soundness vulnerabilities
   │
   = Call stack:
     1: generate_private_external
             at /Users/zac/nargo/github.com/AztecProtocol/aztec-nr/v5.2.0/aztec/src/macros/internals_functions_generation/external/private.nr:96:17
     2: assert_is_initialized_private
             at /Users/zac/nargo/github.com/AztecProtocol/aztec-nr/v5.2.0/aztec/src/macros/functions/initialization_utils.nr:114:20
     3: get_contract_instance
             at /Users/zac/nargo/github.com/AztecProtocol/aztec-nr/v5.2.0/aztec/src/oracle/get_contract_instance.nr:18:29

bug: Brillig function call isn't properly covered by a manual constraint
    ┌─ /Users/zac/nargo/github.com/AztecProtocol/aztec-nr/v5.2.0/aztec/src/context/private_context.nr:829:36
    │
829 │             let request = unsafe { get_key_validation_request(pk_m_hash, key_index) };
    │                                    ------------------------------------------------ This Brillig call's inputs and its return values haven't been sufficiently constrained. This should be done to prevent potential soundness vulnerabilities
    │
    = Call stack:
      1: Billboard::withdraw
              at billboard/billboard_contract/src/main.nr:571:39
      2: PrivateSet<Note, &mut PrivateContext>::pop_notes
              at /Users/zac/nargo/github.com/AztecProtocol/aztec-nr/v5.2.0/aztec/src/state_vars/private_set.nr:244:17
      3: destroy_note
              at /Users/zac/nargo/github.com/AztecProtocol/aztec-nr/v5.2.0/aztec/src/note/lifecycle.nr:82:21
      4: generate_note_hash_trait_impl
              at /Users/zac/nargo/github.com/AztecProtocol/aztec-nr/v5.2.0/aztec/src/macros/notes.nr:91:30
      5: PrivateContext::request_nhk_app
              at /Users/zac/nargo/github.com/AztecProtocol/aztec-nr/v5.2.0/aztec/src/context/private_context.nr:758:9
      6: PrivateContext::request_sk_app
              at /Users/zac/nargo/github.com/AztecProtocol/aztec-nr/v5.2.0/aztec/src/context/private_context.nr:829:36

