{"browserSmoke":{"elapsedMs":3,"stage":"http-server","state":"listening"}}
{"browserSmoke":{"elapsedMs":3,"consumer":"shared-library","stage":"browser-launch","state":"started"}}
{"browserSmoke":{"elapsedMs":725,"consumer":"shared-library","stage":"browser-launch","state":"completed"}}
{"browserSmoke":{"elapsedMs":725,"consumer":"shared-library","stage":"page-create","state":"started"}}
{"browserSmoke":{"elapsedMs":852,"consumer":"shared-library","stage":"page-create","state":"completed"}}
{"browserSmoke":{"elapsedMs":853,"consumer":"shared-library","stage":"expose-function","state":"started"}}
{"browserSmoke":{"elapsedMs":867,"consumer":"shared-library","stage":"expose-function","state":"completed"}}
{"browserSmoke":{"elapsedMs":867,"consumer":"shared-library","stage":"install-readiness-markers","state":"started"}}
{"browserSmoke":{"elapsedMs":867,"consumer":"shared-library","stage":"install-readiness-markers","state":"completed"}}
{"browserSmoke":{"elapsedMs":868,"consumer":"shared-library","stage":"navigation","state":"started"}}
{"browserSmoke":{"elapsedMs":869,"consumer":"shared-library","stage":"browser-request","state":"started","path":"/"}}
{"browserSmoke":{"elapsedMs":873,"consumer":"shared-library","stage":"http","requestId":1,"path":"/","state":"request-received"}}
{"browserSmoke":{"elapsedMs":878,"consumer":"shared-library","stage":"http","requestId":1,"path":"/","state":"response-finished","status":200,"bodyBytes":3384,"durationMs":5}}
{"browserSmoke":{"elapsedMs":881,"consumer":"shared-library","stage":"browser-response","state":"headers","path":"/","status":200}}
{"browserSmoke":{"elapsedMs":912,"consumer":"shared-library","stage":"http","requestId":2,"path":"/aztec_bundle.js","state":"request-received"}}
{"browserSmoke":{"elapsedMs":912,"consumer":"shared-library","stage":"http","requestId":3,"path":"/crs-client.js","state":"request-received"}}
{"browserSmoke":{"elapsedMs":912,"consumer":"shared-library","stage":"http","requestId":4,"path":"/aztec-lib.js","state":"request-received"}}
{"browserSmoke":{"elapsedMs":912,"consumer":"shared-library","stage":"http","requestId":5,"path":"/app-env.js","state":"request-received"}}
{"browserSmoke":{"elapsedMs":912,"consumer":"shared-library","stage":"http","requestId":3,"path":"/crs-client.js","state":"file-read-completed","bodyBytes":7428,"durationMs":0}}
{"browserSmoke":{"elapsedMs":912,"consumer":"shared-library","stage":"http","requestId":3,"path":"/crs-client.js","state":"response-finished","status":200,"bodyBytes":7428,"durationMs":1}}
{"browserSmoke":{"elapsedMs":912,"consumer":"shared-library","stage":"http","requestId":4,"path":"/aztec-lib.js","state":"file-read-completed","bodyBytes":37542,"durationMs":0}}
{"browserSmoke":{"elapsedMs":912,"consumer":"shared-library","stage":"http","requestId":4,"path":"/aztec-lib.js","state":"response-finished","status":200,"bodyBytes":37542,"durationMs":1}}
{"browserSmoke":{"elapsedMs":913,"consumer":"shared-library","stage":"http","requestId":5,"path":"/app-env.js","state":"file-read-completed","bodyBytes":7525,"durationMs":1}}
{"browserSmoke":{"elapsedMs":913,"consumer":"shared-library","stage":"http","requestId":5,"path":"/app-env.js","state":"response-finished","status":200,"bodyBytes":7525,"durationMs":1}}
{"browserSmoke":{"elapsedMs":913,"consumer":"shared-library","stage":"browser-request","state":"started","path":"/aztec_bundle.js"}}
{"browserSmoke":{"elapsedMs":914,"consumer":"shared-library","stage":"browser-request","state":"started","path":"/crs-client.js"}}
{"browserSmoke":{"elapsedMs":914,"consumer":"shared-library","stage":"browser-request","state":"started","path":"/aztec-lib.js"}}
{"browserSmoke":{"elapsedMs":914,"consumer":"shared-library","stage":"browser-request","state":"started","path":"/app-env.js"}}
{"browserSmoke":{"elapsedMs":916,"consumer":"shared-library","stage":"script.sdk","state":"before-script","browserElapsedMs":45}}
{"browserSmoke":{"elapsedMs":918,"consumer":"shared-library","stage":"browser-request","state":"finished","path":"/"}}
{"browserSmoke":{"elapsedMs":918,"consumer":"shared-library","stage":"browser-response","state":"headers","path":"/aztec-lib.js","status":200}}
{"browserSmoke":{"elapsedMs":918,"consumer":"shared-library","stage":"browser-request","state":"finished","path":"/aztec-lib.js"}}
{"browserSmoke":{"elapsedMs":918,"consumer":"shared-library","stage":"browser-response","state":"headers","path":"/crs-client.js","status":200}}
{"browserSmoke":{"elapsedMs":918,"consumer":"shared-library","stage":"browser-request","state":"finished","path":"/crs-client.js"}}
{"browserSmoke":{"elapsedMs":918,"consumer":"shared-library","stage":"browser-response","state":"headers","path":"/app-env.js","status":200}}
{"browserSmoke":{"elapsedMs":918,"consumer":"shared-library","stage":"browser-request","state":"finished","path":"/app-env.js"}}
{"browserSmoke":{"elapsedMs":922,"consumer":"shared-library","stage":"http","requestId":2,"path":"/aztec_bundle.js","state":"file-read-completed","bodyBytes":50304031,"durationMs":11}}
{"browserSmoke":{"elapsedMs":1065,"consumer":"shared-library","stage":"http","requestId":2,"path":"/aztec_bundle.js","state":"response-finished","status":200,"bodyBytes":50304031,"durationMs":153}}
{"browserSmoke":{"elapsedMs":1141,"consumer":"shared-library","stage":"browser-response","state":"headers","path":"/aztec_bundle.js","status":200}}
{"browserSmoke":{"elapsedMs":1141,"consumer":"shared-library","stage":"browser-request","state":"finished","path":"/aztec_bundle.js"}}
{"browserSmoke":{"elapsedMs":1545,"consumer":"shared-library","stage":"script.sdk","state":"script-load","browserElapsedMs":676}}
{"browserSmoke":{"elapsedMs":1545,"consumer":"shared-library","stage":"script.sdk","state":"after-script","browserElapsedMs":676}}
{"browserSmoke":{"elapsedMs":1546,"consumer":"shared-library","stage":"script.crs-client","state":"before-script","browserElapsedMs":676}}
{"browserSmoke":{"elapsedMs":1546,"consumer":"shared-library","stage":"script.crs-client","state":"script-load","browserElapsedMs":676}}
{"browserSmoke":{"elapsedMs":1546,"consumer":"shared-library","stage":"script.crs-client","state":"after-script","browserElapsedMs":676}}
{"browserSmoke":{"elapsedMs":1546,"consumer":"shared-library","stage":"script.shared-library","state":"before-script","browserElapsedMs":676}}
{"browserSmoke":{"elapsedMs":1547,"consumer":"shared-library","stage":"script.shared-library","state":"script-load","browserElapsedMs":676}}
{"browserSmoke":{"elapsedMs":1547,"consumer":"shared-library","stage":"script.shared-library","state":"after-script","browserElapsedMs":676}}
{"browserSmoke":{"elapsedMs":1547,"consumer":"shared-library","stage":"script.engine-adapter","state":"before-script","browserElapsedMs":676}}
{"browserSmoke":{"elapsedMs":1547,"consumer":"shared-library","stage":"script.engine-adapter","state":"script-load","browserElapsedMs":677}}
{"browserSmoke":{"elapsedMs":1547,"consumer":"shared-library","stage":"script.engine-adapter","state":"after-script","browserElapsedMs":677}}
{"browserSmoke":{"elapsedMs":1548,"consumer":"shared-library","stage":"script.document","state":"dom-content-loaded","browserElapsedMs":678}}
{"browserSmoke":{"elapsedMs":1548,"consumer":"shared-library","stage":"script.document","state":"load","browserElapsedMs":678}}
{"browserSmoke":{"elapsedMs":1548,"consumer":"shared-library","stage":"navigation","state":"completed"}}
{"browserSmoke":{"elapsedMs":1549,"consumer":"shared-library","stage":"sync-prover-init","state":"started"}}
{"browserSmoke":{"elapsedMs":1702,"consumer":"shared-library","stage":"sync-prover-init","state":"completed","durationMs":152}}
{"browserSmoke":{"elapsedMs":1702,"consumer":"shared-library","stage":"shared-crs-adapter","state":"started"}}
{"browserSmoke":{"elapsedMs":1703,"consumer":"shared-library","stage":"crs-1.load.g1_uncompressed.dat","state":"started"}}
{"browserSmoke":{"elapsedMs":1704,"consumer":"shared-library","stage":"browser-request","state":"started","path":"/crs/g1_uncompressed.dat"}}
{"browserSmoke":{"elapsedMs":1704,"consumer":"shared-library","stage":"http","requestId":6,"path":"/crs/g1_uncompressed.dat","state":"request-received"}}
{"browserSmoke":{"elapsedMs":1731,"consumer":"shared-library","stage":"http","requestId":6,"path":"/crs/g1_uncompressed.dat","state":"file-read-completed","bodyBytes":75497472,"durationMs":26}}
{"browserSmoke":{"elapsedMs":1734,"consumer":"shared-library","stage":"browser-response","state":"headers","path":"/crs/g1_uncompressed.dat","status":200}}
{"browserSmoke":{"elapsedMs":1765,"consumer":"shared-library","stage":"http","requestId":6,"path":"/crs/g1_uncompressed.dat","state":"response-finished","status":200,"bodyBytes":75497472,"durationMs":60}}
{"browserSmoke":{"elapsedMs":1773,"consumer":"shared-library","stage":"browser-request","state":"finished","path":"/crs/g1_uncompressed.dat"}}
{"browserSmoke":{"elapsedMs":1773,"consumer":"shared-library","stage":"crs-1.load.g1_uncompressed.dat","state":"completed","durationMs":70}}
{"browserSmoke":{"elapsedMs":1775,"consumer":"shared-library","stage":"crs-1.sha256.75497472","state":"started"}}
{"browserSmoke":{"elapsedMs":2004,"consumer":"shared-library","stage":"crs-1.sha256.75497472","state":"completed","durationMs":229}}
{"browserSmoke":{"elapsedMs":2005,"consumer":"shared-library","stage":"crs-1.load.g2.dat","state":"started"}}
{"browserSmoke":{"elapsedMs":2006,"consumer":"shared-library","stage":"browser-request","state":"started","path":"/crs/g2.dat"}}
{"browserSmoke":{"elapsedMs":2006,"consumer":"shared-library","stage":"http","requestId":7,"path":"/crs/g2.dat","state":"request-received"}}
{"browserSmoke":{"elapsedMs":2006,"consumer":"shared-library","stage":"http","requestId":7,"path":"/crs/g2.dat","state":"file-read-completed","bodyBytes":128,"durationMs":0}}
{"browserSmoke":{"elapsedMs":2006,"consumer":"shared-library","stage":"http","requestId":7,"path":"/crs/g2.dat","state":"response-finished","status":200,"bodyBytes":128,"durationMs":1}}
{"browserSmoke":{"elapsedMs":2007,"consumer":"shared-library","stage":"browser-response","state":"headers","path":"/crs/g2.dat","status":200}}
{"browserSmoke":{"elapsedMs":2007,"consumer":"shared-library","stage":"browser-request","state":"finished","path":"/crs/g2.dat"}}
{"browserSmoke":{"elapsedMs":2007,"consumer":"shared-library","stage":"crs-1.load.g2.dat","state":"completed","durationMs":2}}
{"browserSmoke":{"elapsedMs":2007,"consumer":"shared-library","stage":"crs-1.sha256.128","state":"started"}}
{"browserSmoke":{"elapsedMs":2008,"consumer":"shared-library","stage":"crs-1.sha256.128","state":"completed","durationMs":0}}
{"browserSmoke":{"elapsedMs":2008,"consumer":"shared-library","stage":"crs-1.load.grumpkin_g1.dat","state":"started"}}
{"browserSmoke":{"elapsedMs":2009,"consumer":"shared-library","stage":"browser-request","state":"started","path":"/crs/grumpkin_g1.dat"}}
{"browserSmoke":{"elapsedMs":2009,"consumer":"shared-library","stage":"http","requestId":8,"path":"/crs/grumpkin_g1.dat","state":"request-received"}}
{"browserSmoke":{"elapsedMs":2011,"consumer":"shared-library","stage":"http","requestId":8,"path":"/crs/grumpkin_g1.dat","state":"file-read-completed","bodyBytes":4194368,"durationMs":2}}
{"browserSmoke":{"elapsedMs":2012,"consumer":"shared-library","stage":"http","requestId":8,"path":"/crs/grumpkin_g1.dat","state":"response-finished","status":200,"bodyBytes":4194368,"durationMs":3}}
{"browserSmoke":{"elapsedMs":2012,"consumer":"shared-library","stage":"browser-response","state":"headers","path":"/crs/grumpkin_g1.dat","status":200}}
{"browserSmoke":{"elapsedMs":2035,"consumer":"shared-library","stage":"browser-request","state":"finished","path":"/crs/grumpkin_g1.dat"}}
{"browserSmoke":{"elapsedMs":2035,"consumer":"shared-library","stage":"crs-1.load.grumpkin_g1.dat","state":"completed","durationMs":27}}
{"browserSmoke":{"elapsedMs":2035,"consumer":"shared-library","stage":"crs-1.sha256.4194368","state":"started"}}
{"browserSmoke":{"elapsedMs":2048,"consumer":"shared-library","stage":"crs-1.sha256.4194368","state":"completed","durationMs":12}}
{"browserSmoke":{"elapsedMs":2048,"consumer":"shared-library","stage":"crs-1.srsInitSrs","state":"started"}}
{"browserSmoke":{"elapsedMs":2323,"consumer":"shared-library","stage":"crs-1.srsInitSrs","state":"completed","durationMs":274}}
{"browserSmoke":{"elapsedMs":2324,"consumer":"shared-library","stage":"crs-1.srsInitGrumpkinSrs","state":"started"}}
{"browserSmoke":{"elapsedMs":2335,"consumer":"shared-library","stage":"crs-1.srsInitGrumpkinSrs","state":"completed","durationMs":11}}
{"browserSmoke":{"elapsedMs":2335,"consumer":"shared-library","stage":"shared-crs-adapter","state":"completed","durationMs":633}}
{"browserSmoke":{"elapsedMs":2336,"consumer":"shared-library","stage":"poseidon","state":"started"}}
{"browserSmoke":{"elapsedMs":2337,"consumer":"shared-library","stage":"poseidon","state":"completed","durationMs":1}}
{"browserSmoke":{"elapsedMs":2337,"consumer":"shared-library","stage":"async-prover-init","state":"started"}}
{"browserSmoke":{"elapsedMs":2339,"consumer":"shared-library","stage":"browser-request","state":"started","path":"/bb-main.worker.js"}}
{"browserSmoke":{"elapsedMs":2340,"consumer":"shared-library","stage":"http","requestId":9,"path":"/bb-main.worker.js","state":"request-received"}}
{"browserSmoke":{"elapsedMs":2340,"consumer":"shared-library","stage":"http","requestId":9,"path":"/bb-main.worker.js","state":"file-read-completed","bodyBytes":22772,"durationMs":0}}
{"browserSmoke":{"elapsedMs":2340,"consumer":"shared-library","stage":"http","requestId":9,"path":"/bb-main.worker.js","state":"response-finished","status":200,"bodyBytes":22772,"durationMs":0}}
{"browserSmoke":{"elapsedMs":2343,"consumer":"shared-library","stage":"browser-response","state":"headers","path":"/bb-main.worker.js","status":200}}
{"browserSmoke":{"elapsedMs":2344,"consumer":"shared-library","stage":"browser-request","state":"finished","path":"/bb-main.worker.js"}}
{"browserSmoke":{"elapsedMs":2450,"consumer":"shared-library","stage":"http","requestId":10,"path":"/bb-thread.worker.js","state":"request-received"}}
{"browserSmoke":{"elapsedMs":2450,"consumer":"shared-library","stage":"browser-request","state":"started","path":"/bb-thread.worker.js"}}
{"browserSmoke":{"elapsedMs":2451,"consumer":"shared-library","stage":"http","requestId":10,"path":"/bb-thread.worker.js","state":"file-read-completed","bodyBytes":15377,"durationMs":0}}
{"browserSmoke":{"elapsedMs":2451,"consumer":"shared-library","stage":"http","requestId":10,"path":"/bb-thread.worker.js","state":"response-finished","status":200,"bodyBytes":15377,"durationMs":1}}
{"browserSmoke":{"elapsedMs":2452,"consumer":"shared-library","stage":"browser-response","state":"headers","path":"/bb-thread.worker.js","status":200}}
{"browserSmoke":{"elapsedMs":2453,"consumer":"shared-library","stage":"browser-request","state":"finished","path":"/bb-thread.worker.js"}}
{"browserSmoke":{"elapsedMs":2454,"consumer":"shared-library","stage":"async-prover-init","state":"completed","durationMs":116}}
{"browserSmoke":{"elapsedMs":2454,"consumer":"shared-library","stage":"async-prover-destroy","state":"started"}}
{"browserSmoke":{"elapsedMs":2455,"consumer":"shared-library","stage":"async-prover-destroy","state":"completed","durationMs":0}}
{"browserSmoke":{"elapsedMs":2455,"consumer":"shared-library","stage":"sqlite-open","state":"started"}}
{"browserSmoke":{"elapsedMs":2456,"consumer":"shared-library","stage":"browser-request","state":"started","path":"/sqlite.worker.js"}}
{"browserSmoke":{"elapsedMs":2456,"consumer":"shared-library","stage":"http","requestId":11,"path":"/sqlite.worker.js","state":"request-received"}}
{"browserSmoke":{"elapsedMs":2456,"consumer":"shared-library","stage":"http","requestId":11,"path":"/sqlite.worker.js","state":"file-read-completed","bodyBytes":476347,"durationMs":0}}
{"browserSmoke":{"elapsedMs":2456,"consumer":"shared-library","stage":"http","requestId":11,"path":"/sqlite.worker.js","state":"response-finished","status":200,"bodyBytes":476347,"durationMs":0}}
{"browserSmoke":{"elapsedMs":2458,"consumer":"shared-library","stage":"browser-response","state":"headers","path":"/sqlite.worker.js","status":200}}
{"browserSmoke":{"elapsedMs":2461,"consumer":"shared-library","stage":"browser-request","state":"finished","path":"/sqlite.worker.js"}}
{"browserSmoke":{"elapsedMs":2466,"consumer":"shared-library","stage":"http","requestId":12,"path":"/sqlite3.wasm","state":"request-received"}}
{"browserSmoke":{"elapsedMs":2467,"consumer":"shared-library","stage":"browser-request","state":"started","path":"/sqlite3.wasm"}}
{"browserSmoke":{"elapsedMs":2467,"consumer":"shared-library","stage":"http","requestId":12,"path":"/sqlite3.wasm","state":"file-read-completed","bodyBytes":1058719,"durationMs":0}}
{"browserSmoke":{"elapsedMs":2467,"consumer":"shared-library","stage":"http","requestId":12,"path":"/sqlite3.wasm","state":"response-finished","status":200,"bodyBytes":1058719,"durationMs":1}}
{"browserSmoke":{"elapsedMs":2468,"consumer":"shared-library","stage":"browser-response","state":"headers","path":"/sqlite3.wasm","status":200}}
{"browserSmoke":{"elapsedMs":2482,"consumer":"shared-library","stage":"browser-request","state":"started","path":"/sqlite3-opfs-async-proxy.js"}}
{"browserSmoke":{"elapsedMs":2482,"consumer":"shared-library","stage":"http","requestId":13,"path":"/sqlite3-opfs-async-proxy.js","state":"request-received"}}
{"browserSmoke":{"elapsedMs":2482,"consumer":"shared-library","stage":"browser-request","state":"finished","path":"/sqlite3.wasm"}}
{"browserSmoke":{"elapsedMs":2483,"consumer":"shared-library","stage":"http","requestId":13,"path":"/sqlite3-opfs-async-proxy.js","state":"file-read-completed","bodyBytes":24541,"durationMs":0}}
{"browserSmoke":{"elapsedMs":2483,"consumer":"shared-library","stage":"http","requestId":13,"path":"/sqlite3-opfs-async-proxy.js","state":"response-finished","status":200,"bodyBytes":24541,"durationMs":0}}
{"browserSmoke":{"elapsedMs":2484,"consumer":"shared-library","stage":"browser-response","state":"headers","path":"/sqlite3-opfs-async-proxy.js","status":200}}
{"browserSmoke":{"elapsedMs":2486,"consumer":"shared-library","stage":"browser-request","state":"finished","path":"/sqlite3-opfs-async-proxy.js"}}
{"browserSmoke":{"elapsedMs":2490,"consumer":"shared-library","stage":"browser-request","state":"started","path":"/sqlite3-opfs-async-proxy.js"}}
{"browserSmoke":{"elapsedMs":2490,"consumer":"shared-library","stage":"http","requestId":14,"path":"/sqlite3-opfs-async-proxy.js","state":"request-received"}}
{"browserSmoke":{"elapsedMs":2490,"consumer":"shared-library","stage":"http","requestId":14,"path":"/sqlite3-opfs-async-proxy.js","state":"file-read-completed","bodyBytes":24541,"durationMs":0}}
{"browserSmoke":{"elapsedMs":2490,"consumer":"shared-library","stage":"http","requestId":14,"path":"/sqlite3-opfs-async-proxy.js","state":"response-finished","status":200,"bodyBytes":24541,"durationMs":0}}
{"browserSmoke":{"elapsedMs":2492,"consumer":"shared-library","stage":"browser-response","state":"headers","path":"/sqlite3-opfs-async-proxy.js","status":200}}
{"browserSmoke":{"elapsedMs":2492,"consumer":"shared-library","stage":"browser-request","state":"finished","path":"/sqlite3-opfs-async-proxy.js"}}
{"browserSmoke":{"elapsedMs":2501,"consumer":"shared-library","stage":"sqlite-open","state":"completed","durationMs":46}}
{"browserSmoke":{"elapsedMs":2502,"consumer":"shared-library","stage":"sqlite-write","state":"started"}}
{"browserSmoke":{"elapsedMs":2504,"consumer":"shared-library","stage":"sqlite-write","state":"completed","durationMs":2}}
{"browserSmoke":{"elapsedMs":2504,"consumer":"shared-library","stage":"sqlite-read","state":"started"}}
{"browserSmoke":{"elapsedMs":2505,"consumer":"shared-library","stage":"sqlite-read","state":"completed","durationMs":1}}
{"browserSmoke":{"elapsedMs":2505,"consumer":"shared-library","stage":"sqlite-close","state":"started"}}
{"browserSmoke":{"elapsedMs":2506,"consumer":"shared-library","stage":"sqlite-close","state":"completed","durationMs":1}}
{"browserSmoke":{"elapsedMs":2511,"consumer":"shared-library","stage":"browser","state":"disconnected","deadlineExceeded":false}}
{"browserSmoke":{"elapsedMs":2539,"consumer":"engine-adapter","stage":"browser-launch","state":"started"}}
{"browserSmoke":{"elapsedMs":2624,"consumer":"engine-adapter","stage":"browser-launch","state":"completed"}}
{"browserSmoke":{"elapsedMs":2624,"consumer":"engine-adapter","stage":"page-create","state":"started"}}
{"browserSmoke":{"elapsedMs":2653,"consumer":"engine-adapter","stage":"page-create","state":"completed"}}
{"browserSmoke":{"elapsedMs":2653,"consumer":"engine-adapter","stage":"expose-function","state":"started"}}
{"browserSmoke":{"elapsedMs":2656,"consumer":"engine-adapter","stage":"expose-function","state":"completed"}}
{"browserSmoke":{"elapsedMs":2656,"consumer":"engine-adapter","stage":"install-readiness-markers","state":"started"}}
{"browserSmoke":{"elapsedMs":2656,"consumer":"engine-adapter","stage":"install-readiness-markers","state":"completed"}}
{"browserSmoke":{"elapsedMs":2656,"consumer":"engine-adapter","stage":"navigation","state":"started"}}
{"browserSmoke":{"elapsedMs":2657,"consumer":"engine-adapter","stage":"browser-request","state":"started","path":"/"}}
{"browserSmoke":{"elapsedMs":2658,"consumer":"engine-adapter","stage":"http","requestId":15,"path":"/","state":"request-received"}}
{"browserSmoke":{"elapsedMs":2658,"consumer":"engine-adapter","stage":"http","requestId":15,"path":"/","state":"response-finished","status":200,"bodyBytes":3384,"durationMs":0}}
{"browserSmoke":{"elapsedMs":2659,"consumer":"engine-adapter","stage":"browser-response","state":"headers","path":"/","status":200}}
{"browserSmoke":{"elapsedMs":2683,"consumer":"engine-adapter","stage":"http","requestId":16,"path":"/aztec_bundle.js","state":"request-received"}}
{"browserSmoke":{"elapsedMs":2683,"consumer":"engine-adapter","stage":"http","requestId":17,"path":"/crs-client.js","state":"request-received"}}
{"browserSmoke":{"elapsedMs":2684,"consumer":"engine-adapter","stage":"http","requestId":18,"path":"/aztec-lib.js","state":"request-received"}}
{"browserSmoke":{"elapsedMs":2684,"consumer":"engine-adapter","stage":"http","requestId":19,"path":"/app-env.js","state":"request-received"}}
{"browserSmoke":{"elapsedMs":2684,"consumer":"engine-adapter","stage":"browser-request","state":"started","path":"/aztec_bundle.js"}}
{"browserSmoke":{"elapsedMs":2685,"consumer":"engine-adapter","stage":"browser-request","state":"started","path":"/crs-client.js"}}
{"browserSmoke":{"elapsedMs":2685,"consumer":"engine-adapter","stage":"browser-request","state":"started","path":"/aztec-lib.js"}}
{"browserSmoke":{"elapsedMs":2685,"consumer":"engine-adapter","stage":"browser-request","state":"started","path":"/app-env.js"}}
{"browserSmoke":{"elapsedMs":2685,"consumer":"engine-adapter","stage":"http","requestId":17,"path":"/crs-client.js","state":"file-read-completed","bodyBytes":7428,"durationMs":2}}
{"browserSmoke":{"elapsedMs":2685,"consumer":"engine-adapter","stage":"http","requestId":17,"path":"/crs-client.js","state":"response-finished","status":200,"bodyBytes":7428,"durationMs":2}}
{"browserSmoke":{"elapsedMs":2685,"consumer":"engine-adapter","stage":"http","requestId":18,"path":"/aztec-lib.js","state":"file-read-completed","bodyBytes":37542,"durationMs":2}}
{"browserSmoke":{"elapsedMs":2686,"consumer":"engine-adapter","stage":"http","requestId":18,"path":"/aztec-lib.js","state":"response-finished","status":200,"bodyBytes":37542,"durationMs":2}}
{"browserSmoke":{"elapsedMs":2686,"consumer":"engine-adapter","stage":"script.sdk","state":"before-script","browserElapsedMs":28}}
{"browserSmoke":{"elapsedMs":2686,"consumer":"engine-adapter","stage":"browser-request","state":"finished","path":"/"}}
{"browserSmoke":{"elapsedMs":2686,"consumer":"engine-adapter","stage":"http","requestId":19,"path":"/app-env.js","state":"file-read-completed","bodyBytes":7525,"durationMs":2}}
{"browserSmoke":{"elapsedMs":2686,"consumer":"engine-adapter","stage":"http","requestId":19,"path":"/app-env.js","state":"response-finished","status":200,"bodyBytes":7525,"durationMs":2}}
{"browserSmoke":{"elapsedMs":2687,"consumer":"engine-adapter","stage":"browser-response","state":"headers","path":"/crs-client.js","status":200}}
{"browserSmoke":{"elapsedMs":2687,"consumer":"engine-adapter","stage":"browser-request","state":"finished","path":"/crs-client.js"}}
{"browserSmoke":{"elapsedMs":2687,"consumer":"engine-adapter","stage":"browser-response","state":"headers","path":"/aztec-lib.js","status":200}}
{"browserSmoke":{"elapsedMs":2687,"consumer":"engine-adapter","stage":"browser-request","state":"finished","path":"/aztec-lib.js"}}
{"browserSmoke":{"elapsedMs":2687,"consumer":"engine-adapter","stage":"browser-response","state":"headers","path":"/app-env.js","status":200}}
{"browserSmoke":{"elapsedMs":2687,"consumer":"engine-adapter","stage":"browser-request","state":"finished","path":"/app-env.js"}}
{"browserSmoke":{"elapsedMs":2693,"consumer":"engine-adapter","stage":"http","requestId":16,"path":"/aztec_bundle.js","state":"file-read-completed","bodyBytes":50304031,"durationMs":10}}
{"browserSmoke":{"elapsedMs":2835,"consumer":"engine-adapter","stage":"http","requestId":16,"path":"/aztec_bundle.js","state":"response-finished","status":200,"bodyBytes":50304031,"durationMs":152}}
{"browserSmoke":{"elapsedMs":2900,"consumer":"engine-adapter","stage":"browser-response","state":"headers","path":"/aztec_bundle.js","status":200}}
{"browserSmoke":{"elapsedMs":2900,"consumer":"engine-adapter","stage":"browser-request","state":"finished","path":"/aztec_bundle.js"}}
{"browserSmoke":{"elapsedMs":3289,"consumer":"engine-adapter","stage":"script.sdk","state":"script-load","browserElapsedMs":632}}
{"browserSmoke":{"elapsedMs":3289,"consumer":"engine-adapter","stage":"script.sdk","state":"after-script","browserElapsedMs":632}}
{"browserSmoke":{"elapsedMs":3289,"consumer":"engine-adapter","stage":"script.crs-client","state":"before-script","browserElapsedMs":632}}
{"browserSmoke":{"elapsedMs":3289,"consumer":"engine-adapter","stage":"script.crs-client","state":"script-load","browserElapsedMs":632}}
{"browserSmoke":{"elapsedMs":3290,"consumer":"engine-adapter","stage":"script.crs-client","state":"after-script","browserElapsedMs":632}}
{"browserSmoke":{"elapsedMs":3290,"consumer":"engine-adapter","stage":"script.shared-library","state":"before-script","browserElapsedMs":632}}
{"browserSmoke":{"elapsedMs":3290,"consumer":"engine-adapter","stage":"script.shared-library","state":"script-load","browserElapsedMs":632}}
{"browserSmoke":{"elapsedMs":3290,"consumer":"engine-adapter","stage":"script.shared-library","state":"after-script","browserElapsedMs":632}}
{"browserSmoke":{"elapsedMs":3290,"consumer":"engine-adapter","stage":"script.engine-adapter","state":"before-script","browserElapsedMs":632}}
{"browserSmoke":{"elapsedMs":3290,"consumer":"engine-adapter","stage":"script.engine-adapter","state":"script-load","browserElapsedMs":632}}
{"browserSmoke":{"elapsedMs":3290,"consumer":"engine-adapter","stage":"script.engine-adapter","state":"after-script","browserElapsedMs":632}}
{"browserSmoke":{"elapsedMs":3291,"consumer":"engine-adapter","stage":"script.document","state":"dom-content-loaded","browserElapsedMs":633}}
{"browserSmoke":{"elapsedMs":3291,"consumer":"engine-adapter","stage":"script.document","state":"load","browserElapsedMs":633}}
{"browserSmoke":{"elapsedMs":3291,"consumer":"engine-adapter","stage":"navigation","state":"completed"}}
{"browserSmoke":{"elapsedMs":3292,"consumer":"engine-adapter","stage":"sync-prover-init","state":"started"}}
{"browserSmoke":{"elapsedMs":3435,"consumer":"engine-adapter","stage":"sync-prover-init","state":"completed","durationMs":143}}
{"browserSmoke":{"elapsedMs":3436,"consumer":"engine-adapter","stage":"engine-crs-adapter","state":"started"}}
{"browserSmoke":{"elapsedMs":3436,"consumer":"engine-adapter","stage":"crs-1.load.g1_uncompressed.dat","state":"started"}}
{"browserSmoke":{"elapsedMs":3437,"consumer":"engine-adapter","stage":"browser-request","state":"started","path":"/crs/g1_uncompressed.dat"}}
{"browserSmoke":{"elapsedMs":3437,"consumer":"engine-adapter","stage":"http","requestId":20,"path":"/crs/g1_uncompressed.dat","state":"request-received"}}
{"browserSmoke":{"elapsedMs":3446,"consumer":"engine-adapter","stage":"http","requestId":20,"path":"/crs/g1_uncompressed.dat","state":"file-read-completed","bodyBytes":75497472,"durationMs":9}}
{"browserSmoke":{"elapsedMs":3448,"consumer":"engine-adapter","stage":"browser-response","state":"headers","path":"/crs/g1_uncompressed.dat","status":200}}
{"browserSmoke":{"elapsedMs":3466,"consumer":"engine-adapter","stage":"http","requestId":20,"path":"/crs/g1_uncompressed.dat","state":"response-finished","status":200,"bodyBytes":75497472,"durationMs":28}}
{"browserSmoke":{"elapsedMs":3468,"consumer":"engine-adapter","stage":"browser-request","state":"finished","path":"/crs/g1_uncompressed.dat"}}
{"browserSmoke":{"elapsedMs":3468,"consumer":"engine-adapter","stage":"crs-1.load.g1_uncompressed.dat","state":"completed","durationMs":31}}
{"browserSmoke":{"elapsedMs":3469,"consumer":"engine-adapter","stage":"crs-1.sha256.75497472","state":"started"}}
{"browserSmoke":{"elapsedMs":3688,"consumer":"engine-adapter","stage":"crs-1.sha256.75497472","state":"completed","durationMs":218}}
{"browserSmoke":{"elapsedMs":3688,"consumer":"engine-adapter","stage":"crs-1.load.g2.dat","state":"started"}}
{"browserSmoke":{"elapsedMs":3689,"consumer":"engine-adapter","stage":"browser-request","state":"started","path":"/crs/g2.dat"}}
{"browserSmoke":{"elapsedMs":3689,"consumer":"engine-adapter","stage":"http","requestId":21,"path":"/crs/g2.dat","state":"request-received"}}
{"browserSmoke":{"elapsedMs":3689,"consumer":"engine-adapter","stage":"http","requestId":21,"path":"/crs/g2.dat","state":"file-read-completed","bodyBytes":128,"durationMs":0}}
{"browserSmoke":{"elapsedMs":3690,"consumer":"engine-adapter","stage":"http","requestId":21,"path":"/crs/g2.dat","state":"response-finished","status":200,"bodyBytes":128,"durationMs":0}}
{"browserSmoke":{"elapsedMs":3690,"consumer":"engine-adapter","stage":"browser-response","state":"headers","path":"/crs/g2.dat","status":200}}
{"browserSmoke":{"elapsedMs":3690,"consumer":"engine-adapter","stage":"browser-request","state":"finished","path":"/crs/g2.dat"}}
{"browserSmoke":{"elapsedMs":3690,"consumer":"engine-adapter","stage":"crs-1.load.g2.dat","state":"completed","durationMs":2}}
{"browserSmoke":{"elapsedMs":3691,"consumer":"engine-adapter","stage":"crs-1.sha256.128","state":"started"}}
{"browserSmoke":{"elapsedMs":3691,"consumer":"engine-adapter","stage":"crs-1.sha256.128","state":"completed","durationMs":0}}
{"browserSmoke":{"elapsedMs":3691,"consumer":"engine-adapter","stage":"crs-1.load.grumpkin_g1.dat","state":"started"}}
{"browserSmoke":{"elapsedMs":3692,"consumer":"engine-adapter","stage":"browser-request","state":"started","path":"/crs/grumpkin_g1.dat"}}
{"browserSmoke":{"elapsedMs":3692,"consumer":"engine-adapter","stage":"http","requestId":22,"path":"/crs/grumpkin_g1.dat","state":"request-received"}}
{"browserSmoke":{"elapsedMs":3692,"consumer":"engine-adapter","stage":"http","requestId":22,"path":"/crs/grumpkin_g1.dat","state":"file-read-completed","bodyBytes":4194368,"durationMs":1}}
{"browserSmoke":{"elapsedMs":3693,"consumer":"engine-adapter","stage":"http","requestId":22,"path":"/crs/grumpkin_g1.dat","state":"response-finished","status":200,"bodyBytes":4194368,"durationMs":1}}
{"browserSmoke":{"elapsedMs":3693,"consumer":"engine-adapter","stage":"browser-response","state":"headers","path":"/crs/grumpkin_g1.dat","status":200}}
{"browserSmoke":{"elapsedMs":3716,"consumer":"engine-adapter","stage":"browser-request","state":"finished","path":"/crs/grumpkin_g1.dat"}}
{"browserSmoke":{"elapsedMs":3716,"consumer":"engine-adapter","stage":"crs-1.load.grumpkin_g1.dat","state":"completed","durationMs":25}}
{"browserSmoke":{"elapsedMs":3717,"consumer":"engine-adapter","stage":"crs-1.sha256.4194368","state":"started"}}
{"browserSmoke":{"elapsedMs":3729,"consumer":"engine-adapter","stage":"crs-1.sha256.4194368","state":"completed","durationMs":12}}
{"browserSmoke":{"elapsedMs":3729,"consumer":"engine-adapter","stage":"crs-1.srsInitSrs","state":"started"}}
{"browserSmoke":{"elapsedMs":3983,"consumer":"engine-adapter","stage":"crs-1.srsInitSrs","state":"completed","durationMs":253}}
{"browserSmoke":{"elapsedMs":3983,"consumer":"engine-adapter","stage":"crs-1.srsInitGrumpkinSrs","state":"started"}}
{"browserSmoke":{"elapsedMs":3994,"consumer":"engine-adapter","stage":"crs-1.srsInitGrumpkinSrs","state":"completed","durationMs":10}}
{"browserSmoke":{"elapsedMs":3995,"consumer":"engine-adapter","stage":"engine-crs-adapter","state":"completed","durationMs":559}}
{"browserSmoke":{"elapsedMs":3995,"consumer":"engine-adapter","stage":"poseidon","state":"started"}}
{"browserSmoke":{"elapsedMs":3996,"consumer":"engine-adapter","stage":"poseidon","state":"completed","durationMs":1}}
{"browserSmoke":{"elapsedMs":3996,"consumer":"engine-adapter","stage":"async-prover-init","state":"started"}}
{"browserSmoke":{"elapsedMs":3997,"consumer":"engine-adapter","stage":"browser-request","state":"started","path":"/bb-main.worker.js"}}
{"browserSmoke":{"elapsedMs":3997,"consumer":"engine-adapter","stage":"http","requestId":23,"path":"/bb-main.worker.js","state":"request-received"}}
{"browserSmoke":{"elapsedMs":3997,"consumer":"engine-adapter","stage":"http","requestId":23,"path":"/bb-main.worker.js","state":"file-read-completed","bodyBytes":22772,"durationMs":0}}
{"browserSmoke":{"elapsedMs":3997,"consumer":"engine-adapter","stage":"http","requestId":23,"path":"/bb-main.worker.js","state":"response-finished","status":200,"bodyBytes":22772,"durationMs":0}}
{"browserSmoke":{"elapsedMs":3999,"consumer":"engine-adapter","stage":"browser-response","state":"headers","path":"/bb-main.worker.js","status":200}}
{"browserSmoke":{"elapsedMs":3999,"consumer":"engine-adapter","stage":"browser-request","state":"finished","path":"/bb-main.worker.js"}}
{"browserSmoke":{"elapsedMs":4103,"consumer":"engine-adapter","stage":"http","requestId":24,"path":"/bb-thread.worker.js","state":"request-received"}}
{"browserSmoke":{"elapsedMs":4103,"consumer":"engine-adapter","stage":"browser-request","state":"started","path":"/bb-thread.worker.js"}}
{"browserSmoke":{"elapsedMs":4103,"consumer":"engine-adapter","stage":"http","requestId":24,"path":"/bb-thread.worker.js","state":"file-read-completed","bodyBytes":15377,"durationMs":0}}
{"browserSmoke":{"elapsedMs":4104,"consumer":"engine-adapter","stage":"http","requestId":24,"path":"/bb-thread.worker.js","state":"response-finished","status":200,"bodyBytes":15377,"durationMs":0}}
{"browserSmoke":{"elapsedMs":4105,"consumer":"engine-adapter","stage":"browser-response","state":"headers","path":"/bb-thread.worker.js","status":200}}
{"browserSmoke":{"elapsedMs":4105,"consumer":"engine-adapter","stage":"browser-request","state":"finished","path":"/bb-thread.worker.js"}}
{"browserSmoke":{"elapsedMs":4106,"consumer":"engine-adapter","stage":"async-prover-init","state":"completed","durationMs":110}}
{"browserSmoke":{"elapsedMs":4107,"consumer":"engine-adapter","stage":"async-prover-destroy","state":"started"}}
{"browserSmoke":{"elapsedMs":4107,"consumer":"engine-adapter","stage":"async-prover-destroy","state":"completed","durationMs":0}}
{"browserSmoke":{"elapsedMs":4108,"consumer":"engine-adapter","stage":"sqlite-open","state":"started"}}
{"browserSmoke":{"elapsedMs":4108,"consumer":"engine-adapter","stage":"browser-request","state":"started","path":"/sqlite.worker.js"}}
{"browserSmoke":{"elapsedMs":4109,"consumer":"engine-adapter","stage":"http","requestId":25,"path":"/sqlite.worker.js","state":"request-received"}}
{"browserSmoke":{"elapsedMs":4109,"consumer":"engine-adapter","stage":"http","requestId":25,"path":"/sqlite.worker.js","state":"file-read-completed","bodyBytes":476347,"durationMs":0}}
{"browserSmoke":{"elapsedMs":4109,"consumer":"engine-adapter","stage":"http","requestId":25,"path":"/sqlite.worker.js","state":"response-finished","status":200,"bodyBytes":476347,"durationMs":0}}
{"browserSmoke":{"elapsedMs":4110,"consumer":"engine-adapter","stage":"browser-response","state":"headers","path":"/sqlite.worker.js","status":200}}
{"browserSmoke":{"elapsedMs":4113,"consumer":"engine-adapter","stage":"browser-request","state":"finished","path":"/sqlite.worker.js"}}
{"browserSmoke":{"elapsedMs":4118,"consumer":"engine-adapter","stage":"http","requestId":26,"path":"/sqlite3.wasm","state":"request-received"}}
{"browserSmoke":{"elapsedMs":4118,"consumer":"engine-adapter","stage":"browser-request","state":"started","path":"/sqlite3.wasm"}}
{"browserSmoke":{"elapsedMs":4118,"consumer":"engine-adapter","stage":"http","requestId":26,"path":"/sqlite3.wasm","state":"file-read-completed","bodyBytes":1058719,"durationMs":0}}
{"browserSmoke":{"elapsedMs":4118,"consumer":"engine-adapter","stage":"http","requestId":26,"path":"/sqlite3.wasm","state":"response-finished","status":200,"bodyBytes":1058719,"durationMs":0}}
{"browserSmoke":{"elapsedMs":4119,"consumer":"engine-adapter","stage":"browser-response","state":"headers","path":"/sqlite3.wasm","status":200}}
{"browserSmoke":{"elapsedMs":4131,"consumer":"engine-adapter","stage":"browser-request","state":"started","path":"/sqlite3-opfs-async-proxy.js"}}
{"browserSmoke":{"elapsedMs":4131,"consumer":"engine-adapter","stage":"http","requestId":27,"path":"/sqlite3-opfs-async-proxy.js","state":"request-received"}}
{"browserSmoke":{"elapsedMs":4131,"consumer":"engine-adapter","stage":"browser-request","state":"finished","path":"/sqlite3.wasm"}}
{"browserSmoke":{"elapsedMs":4131,"consumer":"engine-adapter","stage":"http","requestId":27,"path":"/sqlite3-opfs-async-proxy.js","state":"file-read-completed","bodyBytes":24541,"durationMs":0}}
{"browserSmoke":{"elapsedMs":4131,"consumer":"engine-adapter","stage":"http","requestId":27,"path":"/sqlite3-opfs-async-proxy.js","state":"response-finished","status":200,"bodyBytes":24541,"durationMs":0}}
{"browserSmoke":{"elapsedMs":4132,"consumer":"engine-adapter","stage":"browser-response","state":"headers","path":"/sqlite3-opfs-async-proxy.js","status":200}}
{"browserSmoke":{"elapsedMs":4133,"consumer":"engine-adapter","stage":"browser-request","state":"finished","path":"/sqlite3-opfs-async-proxy.js"}}
{"browserSmoke":{"elapsedMs":4135,"consumer":"engine-adapter","stage":"browser-request","state":"started","path":"/sqlite3-opfs-async-proxy.js"}}
{"browserSmoke":{"elapsedMs":4135,"consumer":"engine-adapter","stage":"http","requestId":28,"path":"/sqlite3-opfs-async-proxy.js","state":"request-received"}}
{"browserSmoke":{"elapsedMs":4135,"consumer":"engine-adapter","stage":"http","requestId":28,"path":"/sqlite3-opfs-async-proxy.js","state":"file-read-completed","bodyBytes":24541,"durationMs":0}}
{"browserSmoke":{"elapsedMs":4135,"consumer":"engine-adapter","stage":"http","requestId":28,"path":"/sqlite3-opfs-async-proxy.js","state":"response-finished","status":200,"bodyBytes":24541,"durationMs":0}}
{"browserSmoke":{"elapsedMs":4137,"consumer":"engine-adapter","stage":"browser-response","state":"headers","path":"/sqlite3-opfs-async-proxy.js","status":200}}
{"browserSmoke":{"elapsedMs":4137,"consumer":"engine-adapter","stage":"browser-request","state":"finished","path":"/sqlite3-opfs-async-proxy.js"}}
{"browserSmoke":{"elapsedMs":4146,"consumer":"engine-adapter","stage":"sqlite-open","state":"completed","durationMs":38}}
{"browserSmoke":{"elapsedMs":4146,"consumer":"engine-adapter","stage":"sqlite-write","state":"started"}}
{"browserSmoke":{"elapsedMs":4148,"consumer":"engine-adapter","stage":"sqlite-write","state":"completed","durationMs":2}}
{"browserSmoke":{"elapsedMs":4148,"consumer":"engine-adapter","stage":"sqlite-read","state":"started"}}
{"browserSmoke":{"elapsedMs":4149,"consumer":"engine-adapter","stage":"sqlite-read","state":"completed","durationMs":1}}
{"browserSmoke":{"elapsedMs":4150,"consumer":"engine-adapter","stage":"sqlite-close","state":"started"}}
{"browserSmoke":{"elapsedMs":4151,"consumer":"engine-adapter","stage":"sqlite-close","state":"completed","durationMs":1}}
{"browserSmoke":{"elapsedMs":4157,"consumer":"engine-adapter","stage":"browser","state":"disconnected","deadlineExceeded":false}}
{
  "outcome": "pass",
  "navigationTimeoutMsPerConsumer": 30000,
  "evaluationTimeoutMsPerConsumer": 120000,
  "isolation": "Fresh browser process and disposable profile per consumer",
  "consumers": [
    {
      "consumer": "shared-library",
      "outcome": "pass",
      "browser": "145.0.7632.6",
      "evaluationMs": 959,
      "crs": "verified and initialized through shared-library",
      "bn254Inputs": [
        {
          "bytes": 75497472,
          "numPoints": 1179648
        }
      ],
      "legacyBuffer": "01",
      "exports": 74,
      "crossOriginIsolated": true,
      "poseidon": "0x038682aa1cb5ae4e0a3f13da432a95c77c5c111f6f030faf9cad641ce1ed7383",
      "sqlite": "value",
      "workers": "initialized and destroyed"
    },
    {
      "consumer": "engine-adapter",
      "outcome": "pass",
      "browser": "145.0.7632.6",
      "evaluationMs": 860,
      "crs": "verified and initialized through engine-adapter",
      "bn254Inputs": [
        {
          "bytes": 75497472,
          "numPoints": 1179648
        }
      ],
      "legacyBuffer": "01",
      "exports": 74,
      "crossOriginIsolated": true,
      "poseidon": "0x038682aa1cb5ae4e0a3f13da432a95c77c5c111f6f030faf9cad641ce1ed7383",
      "sqlite": "value",
      "workers": "initialized and destroyed"
    }
  ],
  "sourceHashes": {
    ".build/sdk/aztec_bundle.js": "f3f7326f6a8ecd672838580e901e6c0222cf8d5d5642cf4be97015e80c666dc1",
    "scripts/test-sdk-browser.mjs": "5024b762ab12d00e680c7d72bb672fd96cb6be327bbe791929dfe55fbda8468a",
    "crs-manifest.json": "4927de3e03d69f4e640a841f9421dd0b93819b5e3d42c142d12ee079d5a402be",
    "shared/crs-client.js": "d2f05e23a00be052861eab920d8e1673767028256fceb825d1c7ee70b91e193a",
    "shared/aztec-lib.js": "6e6ec0a21c68a90520f0cfb9920f705c38adf42b225bc1b355686e586cd96d9e",
    "shared/app-env.js": "dee3d77c3807426e9ef1fc4c6dba0d28ffbd4e49ccdd939e5814dee0bf4c5e57"
  },
  "stages": [
    {
      "elapsedMs": 3,
      "stage": "http-server",
      "state": "listening"
    },
    {
      "elapsedMs": 3,
      "consumer": "shared-library",
      "stage": "browser-launch",
      "state": "started"
    },
    {
      "elapsedMs": 725,
      "consumer": "shared-library",
      "stage": "browser-launch",
      "state": "completed"
    },
    {
      "elapsedMs": 725,
      "consumer": "shared-library",
      "stage": "page-create",
      "state": "started"
    },
    {
      "elapsedMs": 852,
      "consumer": "shared-library",
      "stage": "page-create",
      "state": "completed"
    },
    {
      "elapsedMs": 853,
      "consumer": "shared-library",
      "stage": "expose-function",
      "state": "started"
    },
    {
      "elapsedMs": 867,
      "consumer": "shared-library",
      "stage": "expose-function",
      "state": "completed"
    },
    {
      "elapsedMs": 867,
      "consumer": "shared-library",
      "stage": "install-readiness-markers",
      "state": "started"
    },
    {
      "elapsedMs": 867,
      "consumer": "shared-library",
      "stage": "install-readiness-markers",
      "state": "completed"
    },
    {
      "elapsedMs": 868,
      "consumer": "shared-library",
      "stage": "navigation",
      "state": "started"
    },
    {
      "elapsedMs": 869,
      "consumer": "shared-library",
      "stage": "browser-request",
      "state": "started",
      "path": "/"
    },
    {
      "elapsedMs": 873,
      "consumer": "shared-library",
      "stage": "http",
      "requestId": 1,
      "path": "/",
      "state": "request-received"
    },
    {
      "elapsedMs": 878,
      "consumer": "shared-library",
      "stage": "http",
      "requestId": 1,
      "path": "/",
      "state": "response-finished",
      "status": 200,
      "bodyBytes": 3384,
      "durationMs": 5
    },
    {
      "elapsedMs": 881,
      "consumer": "shared-library",
      "stage": "browser-response",
      "state": "headers",
      "path": "/",
      "status": 200
    },
    {
      "elapsedMs": 912,
      "consumer": "shared-library",
      "stage": "http",
      "requestId": 2,
      "path": "/aztec_bundle.js",
      "state": "request-received"
    },
    {
      "elapsedMs": 912,
      "consumer": "shared-library",
      "stage": "http",
      "requestId": 3,
      "path": "/crs-client.js",
      "state": "request-received"
    },
    {
      "elapsedMs": 912,
      "consumer": "shared-library",
      "stage": "http",
      "requestId": 4,
      "path": "/aztec-lib.js",
      "state": "request-received"
    },
    {
      "elapsedMs": 912,
      "consumer": "shared-library",
      "stage": "http",
      "requestId": 5,
      "path": "/app-env.js",
      "state": "request-received"
    },
    {
      "elapsedMs": 912,
      "consumer": "shared-library",
      "stage": "http",
      "requestId": 3,
      "path": "/crs-client.js",
      "state": "file-read-completed",
      "bodyBytes": 7428,
      "durationMs": 0
    },
    {
      "elapsedMs": 912,
      "consumer": "shared-library",
      "stage": "http",
      "requestId": 3,
      "path": "/crs-client.js",
      "state": "response-finished",
      "status": 200,
      "bodyBytes": 7428,
      "durationMs": 1
    },
    {
      "elapsedMs": 912,
      "consumer": "shared-library",
      "stage": "http",
      "requestId": 4,
      "path": "/aztec-lib.js",
      "state": "file-read-completed",
      "bodyBytes": 37542,
      "durationMs": 0
    },
    {
      "elapsedMs": 912,
      "consumer": "shared-library",
      "stage": "http",
      "requestId": 4,
      "path": "/aztec-lib.js",
      "state": "response-finished",
      "status": 200,
      "bodyBytes": 37542,
      "durationMs": 1
    },
    {
      "elapsedMs": 913,
      "consumer": "shared-library",
      "stage": "http",
      "requestId": 5,
      "path": "/app-env.js",
      "state": "file-read-completed",
      "bodyBytes": 7525,
      "durationMs": 1
    },
    {
      "elapsedMs": 913,
      "consumer": "shared-library",
      "stage": "http",
      "requestId": 5,
      "path": "/app-env.js",
      "state": "response-finished",
      "status": 200,
      "bodyBytes": 7525,
      "durationMs": 1
    },
    {
      "elapsedMs": 913,
      "consumer": "shared-library",
      "stage": "browser-request",
      "state": "started",
      "path": "/aztec_bundle.js"
    },
    {
      "elapsedMs": 914,
      "consumer": "shared-library",
      "stage": "browser-request",
      "state": "started",
      "path": "/crs-client.js"
    },
    {
      "elapsedMs": 914,
      "consumer": "shared-library",
      "stage": "browser-request",
      "state": "started",
      "path": "/aztec-lib.js"
    },
    {
      "elapsedMs": 914,
      "consumer": "shared-library",
      "stage": "browser-request",
      "state": "started",
      "path": "/app-env.js"
    },
    {
      "elapsedMs": 916,
      "consumer": "shared-library",
      "stage": "script.sdk",
      "state": "before-script",
      "browserElapsedMs": 45
    },
    {
      "elapsedMs": 918,
      "consumer": "shared-library",
      "stage": "browser-request",
      "state": "finished",
      "path": "/"
    },
    {
      "elapsedMs": 918,
      "consumer": "shared-library",
      "stage": "browser-response",
      "state": "headers",
      "path": "/aztec-lib.js",
      "status": 200
    },
    {
      "elapsedMs": 918,
      "consumer": "shared-library",
      "stage": "browser-request",
      "state": "finished",
      "path": "/aztec-lib.js"
    },
    {
      "elapsedMs": 918,
      "consumer": "shared-library",
      "stage": "browser-response",
      "state": "headers",
      "path": "/crs-client.js",
      "status": 200
    },
    {
      "elapsedMs": 918,
      "consumer": "shared-library",
      "stage": "browser-request",
      "state": "finished",
      "path": "/crs-client.js"
    },
    {
      "elapsedMs": 918,
      "consumer": "shared-library",
      "stage": "browser-response",
      "state": "headers",
      "path": "/app-env.js",
      "status": 200
    },
    {
      "elapsedMs": 918,
      "consumer": "shared-library",
      "stage": "browser-request",
      "state": "finished",
      "path": "/app-env.js"
    },
    {
      "elapsedMs": 922,
      "consumer": "shared-library",
      "stage": "http",
      "requestId": 2,
      "path": "/aztec_bundle.js",
      "state": "file-read-completed",
      "bodyBytes": 50304031,
      "durationMs": 11
    },
    {
      "elapsedMs": 1065,
      "consumer": "shared-library",
      "stage": "http",
      "requestId": 2,
      "path": "/aztec_bundle.js",
      "state": "response-finished",
      "status": 200,
      "bodyBytes": 50304031,
      "durationMs": 153
    },
    {
      "elapsedMs": 1141,
      "consumer": "shared-library",
      "stage": "browser-response",
      "state": "headers",
      "path": "/aztec_bundle.js",
      "status": 200
    },
    {
      "elapsedMs": 1141,
      "consumer": "shared-library",
      "stage": "browser-request",
      "state": "finished",
      "path": "/aztec_bundle.js"
    },
    {
      "elapsedMs": 1545,
      "consumer": "shared-library",
      "stage": "script.sdk",
      "state": "script-load",
      "browserElapsedMs": 676
    },
    {
      "elapsedMs": 1545,
      "consumer": "shared-library",
      "stage": "script.sdk",
      "state": "after-script",
      "browserElapsedMs": 676
    },
    {
      "elapsedMs": 1546,
      "consumer": "shared-library",
      "stage": "script.crs-client",
      "state": "before-script",
      "browserElapsedMs": 676
    },
    {
      "elapsedMs": 1546,
      "consumer": "shared-library",
      "stage": "script.crs-client",
      "state": "script-load",
      "browserElapsedMs": 676
    },
    {
      "elapsedMs": 1546,
      "consumer": "shared-library",
      "stage": "script.crs-client",
      "state": "after-script",
      "browserElapsedMs": 676
    },
    {
      "elapsedMs": 1546,
      "consumer": "shared-library",
      "stage": "script.shared-library",
      "state": "before-script",
      "browserElapsedMs": 676
    },
    {
      "elapsedMs": 1547,
      "consumer": "shared-library",
      "stage": "script.shared-library",
      "state": "script-load",
      "browserElapsedMs": 676
    },
    {
      "elapsedMs": 1547,
      "consumer": "shared-library",
      "stage": "script.shared-library",
      "state": "after-script",
      "browserElapsedMs": 676
    },
    {
      "elapsedMs": 1547,
      "consumer": "shared-library",
      "stage": "script.engine-adapter",
      "state": "before-script",
      "browserElapsedMs": 676
    },
    {
      "elapsedMs": 1547,
      "consumer": "shared-library",
      "stage": "script.engine-adapter",
      "state": "script-load",
      "browserElapsedMs": 677
    },
    {
      "elapsedMs": 1547,
      "consumer": "shared-library",
      "stage": "script.engine-adapter",
      "state": "after-script",
      "browserElapsedMs": 677
    },
    {
      "elapsedMs": 1548,
      "consumer": "shared-library",
      "stage": "script.document",
      "state": "dom-content-loaded",
      "browserElapsedMs": 678
    },
    {
      "elapsedMs": 1548,
      "consumer": "shared-library",
      "stage": "script.document",
      "state": "load",
      "browserElapsedMs": 678
    },
    {
      "elapsedMs": 1548,
      "consumer": "shared-library",
      "stage": "navigation",
      "state": "completed"
    },
    {
      "elapsedMs": 1549,
      "consumer": "shared-library",
      "stage": "sync-prover-init",
      "state": "started"
    },
    {
      "elapsedMs": 1702,
      "consumer": "shared-library",
      "stage": "sync-prover-init",
      "state": "completed",
      "durationMs": 152
    },
    {
      "elapsedMs": 1702,
      "consumer": "shared-library",
      "stage": "shared-crs-adapter",
      "state": "started"
    },
    {
      "elapsedMs": 1703,
      "consumer": "shared-library",
      "stage": "crs-1.load.g1_uncompressed.dat",
      "state": "started"
    },
    {
      "elapsedMs": 1704,
      "consumer": "shared-library",
      "stage": "browser-request",
      "state": "started",
      "path": "/crs/g1_uncompressed.dat"
    },
    {
      "elapsedMs": 1704,
      "consumer": "shared-library",
      "stage": "http",
      "requestId": 6,
      "path": "/crs/g1_uncompressed.dat",
      "state": "request-received"
    },
    {
      "elapsedMs": 1731,
      "consumer": "shared-library",
      "stage": "http",
      "requestId": 6,
      "path": "/crs/g1_uncompressed.dat",
      "state": "file-read-completed",
      "bodyBytes": 75497472,
      "durationMs": 26
    },
    {
      "elapsedMs": 1734,
      "consumer": "shared-library",
      "stage": "browser-response",
      "state": "headers",
      "path": "/crs/g1_uncompressed.dat",
      "status": 200
    },
    {
      "elapsedMs": 1765,
      "consumer": "shared-library",
      "stage": "http",
      "requestId": 6,
      "path": "/crs/g1_uncompressed.dat",
      "state": "response-finished",
      "status": 200,
      "bodyBytes": 75497472,
      "durationMs": 60
    },
    {
      "elapsedMs": 1773,
      "consumer": "shared-library",
      "stage": "browser-request",
      "state": "finished",
      "path": "/crs/g1_uncompressed.dat"
    },
    {
      "elapsedMs": 1773,
      "consumer": "shared-library",
      "stage": "crs-1.load.g1_uncompressed.dat",
      "state": "completed",
      "durationMs": 70
    },
    {
      "elapsedMs": 1775,
      "consumer": "shared-library",
      "stage": "crs-1.sha256.75497472",
      "state": "started"
    },
    {
      "elapsedMs": 2004,
      "consumer": "shared-library",
      "stage": "crs-1.sha256.75497472",
      "state": "completed",
      "durationMs": 229
    },
    {
      "elapsedMs": 2005,
      "consumer": "shared-library",
      "stage": "crs-1.load.g2.dat",
      "state": "started"
    },
    {
      "elapsedMs": 2006,
      "consumer": "shared-library",
      "stage": "browser-request",
      "state": "started",
      "path": "/crs/g2.dat"
    },
    {
      "elapsedMs": 2006,
      "consumer": "shared-library",
      "stage": "http",
      "requestId": 7,
      "path": "/crs/g2.dat",
      "state": "request-received"
    },
    {
      "elapsedMs": 2006,
      "consumer": "shared-library",
      "stage": "http",
      "requestId": 7,
      "path": "/crs/g2.dat",
      "state": "file-read-completed",
      "bodyBytes": 128,
      "durationMs": 0
    },
    {
      "elapsedMs": 2006,
      "consumer": "shared-library",
      "stage": "http",
      "requestId": 7,
      "path": "/crs/g2.dat",
      "state": "response-finished",
      "status": 200,
      "bodyBytes": 128,
      "durationMs": 1
    },
    {
      "elapsedMs": 2007,
      "consumer": "shared-library",
      "stage": "browser-response",
      "state": "headers",
      "path": "/crs/g2.dat",
      "status": 200
    },
    {
      "elapsedMs": 2007,
      "consumer": "shared-library",
      "stage": "browser-request",
      "state": "finished",
      "path": "/crs/g2.dat"
    },
    {
      "elapsedMs": 2007,
      "consumer": "shared-library",
      "stage": "crs-1.load.g2.dat",
      "state": "completed",
      "durationMs": 2
    },
    {
      "elapsedMs": 2007,
      "consumer": "shared-library",
      "stage": "crs-1.sha256.128",
      "state": "started"
    },
    {
      "elapsedMs": 2008,
      "consumer": "shared-library",
      "stage": "crs-1.sha256.128",
      "state": "completed",
      "durationMs": 0
    },
    {
      "elapsedMs": 2008,
      "consumer": "shared-library",
      "stage": "crs-1.load.grumpkin_g1.dat",
      "state": "started"
    },
    {
      "elapsedMs": 2009,
      "consumer": "shared-library",
      "stage": "browser-request",
      "state": "started",
      "path": "/crs/grumpkin_g1.dat"
    },
    {
      "elapsedMs": 2009,
      "consumer": "shared-library",
      "stage": "http",
      "requestId": 8,
      "path": "/crs/grumpkin_g1.dat",
      "state": "request-received"
    },
    {
      "elapsedMs": 2011,
      "consumer": "shared-library",
      "stage": "http",
      "requestId": 8,
      "path": "/crs/grumpkin_g1.dat",
      "state": "file-read-completed",
      "bodyBytes": 4194368,
      "durationMs": 2
    },
    {
      "elapsedMs": 2012,
      "consumer": "shared-library",
      "stage": "http",
      "requestId": 8,
      "path": "/crs/grumpkin_g1.dat",
      "state": "response-finished",
      "status": 200,
      "bodyBytes": 4194368,
      "durationMs": 3
    },
    {
      "elapsedMs": 2012,
      "consumer": "shared-library",
      "stage": "browser-response",
      "state": "headers",
      "path": "/crs/grumpkin_g1.dat",
      "status": 200
    },
    {
      "elapsedMs": 2035,
      "consumer": "shared-library",
      "stage": "browser-request",
      "state": "finished",
      "path": "/crs/grumpkin_g1.dat"
    },
    {
      "elapsedMs": 2035,
      "consumer": "shared-library",
      "stage": "crs-1.load.grumpkin_g1.dat",
      "state": "completed",
      "durationMs": 27
    },
    {
      "elapsedMs": 2035,
      "consumer": "shared-library",
      "stage": "crs-1.sha256.4194368",
      "state": "started"
    },
    {
      "elapsedMs": 2048,
      "consumer": "shared-library",
      "stage": "crs-1.sha256.4194368",
      "state": "completed",
      "durationMs": 12
    },
    {
      "elapsedMs": 2048,
      "consumer": "shared-library",
      "stage": "crs-1.srsInitSrs",
      "state": "started"
    },
    {
      "elapsedMs": 2323,
      "consumer": "shared-library",
      "stage": "crs-1.srsInitSrs",
      "state": "completed",
      "durationMs": 274
    },
    {
      "elapsedMs": 2324,
      "consumer": "shared-library",
      "stage": "crs-1.srsInitGrumpkinSrs",
      "state": "started"
    },
    {
      "elapsedMs": 2335,
      "consumer": "shared-library",
      "stage": "crs-1.srsInitGrumpkinSrs",
      "state": "completed",
      "durationMs": 11
    },
    {
      "elapsedMs": 2335,
      "consumer": "shared-library",
      "stage": "shared-crs-adapter",
      "state": "completed",
      "durationMs": 633
    },
    {
      "elapsedMs": 2336,
      "consumer": "shared-library",
      "stage": "poseidon",
      "state": "started"
    },
    {
      "elapsedMs": 2337,
      "consumer": "shared-library",
      "stage": "poseidon",
      "state": "completed",
      "durationMs": 1
    },
    {
      "elapsedMs": 2337,
      "consumer": "shared-library",
      "stage": "async-prover-init",
      "state": "started"
    },
    {
      "elapsedMs": 2339,
      "consumer": "shared-library",
      "stage": "browser-request",
      "state": "started",
      "path": "/bb-main.worker.js"
    },
    {
      "elapsedMs": 2340,
      "consumer": "shared-library",
      "stage": "http",
      "requestId": 9,
      "path": "/bb-main.worker.js",
      "state": "request-received"
    },
    {
      "elapsedMs": 2340,
      "consumer": "shared-library",
      "stage": "http",
      "requestId": 9,
      "path": "/bb-main.worker.js",
      "state": "file-read-completed",
      "bodyBytes": 22772,
      "durationMs": 0
    },
    {
      "elapsedMs": 2340,
      "consumer": "shared-library",
      "stage": "http",
      "requestId": 9,
      "path": "/bb-main.worker.js",
      "state": "response-finished",
      "status": 200,
      "bodyBytes": 22772,
      "durationMs": 0
    },
    {
      "elapsedMs": 2343,
      "consumer": "shared-library",
      "stage": "browser-response",
      "state": "headers",
      "path": "/bb-main.worker.js",
      "status": 200
    },
    {
      "elapsedMs": 2344,
      "consumer": "shared-library",
      "stage": "browser-request",
      "state": "finished",
      "path": "/bb-main.worker.js"
    },
    {
      "elapsedMs": 2450,
      "consumer": "shared-library",
      "stage": "http",
      "requestId": 10,
      "path": "/bb-thread.worker.js",
      "state": "request-received"
    },
    {
      "elapsedMs": 2450,
      "consumer": "shared-library",
      "stage": "browser-request",
      "state": "started",
      "path": "/bb-thread.worker.js"
    },
    {
      "elapsedMs": 2451,
      "consumer": "shared-library",
      "stage": "http",
      "requestId": 10,
      "path": "/bb-thread.worker.js",
      "state": "file-read-completed",
      "bodyBytes": 15377,
      "durationMs": 0
    },
    {
      "elapsedMs": 2451,
      "consumer": "shared-library",
      "stage": "http",
      "requestId": 10,
      "path": "/bb-thread.worker.js",
      "state": "response-finished",
      "status": 200,
      "bodyBytes": 15377,
      "durationMs": 1
    },
    {
      "elapsedMs": 2452,
      "consumer": "shared-library",
      "stage": "browser-response",
      "state": "headers",
      "path": "/bb-thread.worker.js",
      "status": 200
    },
    {
      "elapsedMs": 2453,
      "consumer": "shared-library",
      "stage": "browser-request",
      "state": "finished",
      "path": "/bb-thread.worker.js"
    },
    {
      "elapsedMs": 2454,
      "consumer": "shared-library",
      "stage": "async-prover-init",
      "state": "completed",
      "durationMs": 116
    },
    {
      "elapsedMs": 2454,
      "consumer": "shared-library",
      "stage": "async-prover-destroy",
      "state": "started"
    },
    {
      "elapsedMs": 2455,
      "consumer": "shared-library",
      "stage": "async-prover-destroy",
      "state": "completed",
      "durationMs": 0
    },
    {
      "elapsedMs": 2455,
      "consumer": "shared-library",
      "stage": "sqlite-open",
      "state": "started"
    },
    {
      "elapsedMs": 2456,
      "consumer": "shared-library",
      "stage": "browser-request",
      "state": "started",
      "path": "/sqlite.worker.js"
    },
    {
      "elapsedMs": 2456,
      "consumer": "shared-library",
      "stage": "http",
      "requestId": 11,
      "path": "/sqlite.worker.js",
      "state": "request-received"
    },
    {
      "elapsedMs": 2456,
      "consumer": "shared-library",
      "stage": "http",
      "requestId": 11,
      "path": "/sqlite.worker.js",
      "state": "file-read-completed",
      "bodyBytes": 476347,
      "durationMs": 0
    },
    {
      "elapsedMs": 2456,
      "consumer": "shared-library",
      "stage": "http",
      "requestId": 11,
      "path": "/sqlite.worker.js",
      "state": "response-finished",
      "status": 200,
      "bodyBytes": 476347,
      "durationMs": 0
    },
    {
      "elapsedMs": 2458,
      "consumer": "shared-library",
      "stage": "browser-response",
      "state": "headers",
      "path": "/sqlite.worker.js",
      "status": 200
    },
    {
      "elapsedMs": 2461,
      "consumer": "shared-library",
      "stage": "browser-request",
      "state": "finished",
      "path": "/sqlite.worker.js"
    },
    {
      "elapsedMs": 2466,
      "consumer": "shared-library",
      "stage": "http",
      "requestId": 12,
      "path": "/sqlite3.wasm",
      "state": "request-received"
    },
    {
      "elapsedMs": 2467,
      "consumer": "shared-library",
      "stage": "browser-request",
      "state": "started",
      "path": "/sqlite3.wasm"
    },
    {
      "elapsedMs": 2467,
      "consumer": "shared-library",
      "stage": "http",
      "requestId": 12,
      "path": "/sqlite3.wasm",
      "state": "file-read-completed",
      "bodyBytes": 1058719,
      "durationMs": 0
    },
    {
      "elapsedMs": 2467,
      "consumer": "shared-library",
      "stage": "http",
      "requestId": 12,
      "path": "/sqlite3.wasm",
      "state": "response-finished",
      "status": 200,
      "bodyBytes": 1058719,
      "durationMs": 1
    },
    {
      "elapsedMs": 2468,
      "consumer": "shared-library",
      "stage": "browser-response",
      "state": "headers",
      "path": "/sqlite3.wasm",
      "status": 200
    },
    {
      "elapsedMs": 2482,
      "consumer": "shared-library",
      "stage": "browser-request",
      "state": "started",
      "path": "/sqlite3-opfs-async-proxy.js"
    },
    {
      "elapsedMs": 2482,
      "consumer": "shared-library",
      "stage": "http",
      "requestId": 13,
      "path": "/sqlite3-opfs-async-proxy.js",
      "state": "request-received"
    },
    {
      "elapsedMs": 2482,
      "consumer": "shared-library",
      "stage": "browser-request",
      "state": "finished",
      "path": "/sqlite3.wasm"
    },
    {
      "elapsedMs": 2483,
      "consumer": "shared-library",
      "stage": "http",
      "requestId": 13,
      "path": "/sqlite3-opfs-async-proxy.js",
      "state": "file-read-completed",
      "bodyBytes": 24541,
      "durationMs": 0
    },
    {
      "elapsedMs": 2483,
      "consumer": "shared-library",
      "stage": "http",
      "requestId": 13,
      "path": "/sqlite3-opfs-async-proxy.js",
      "state": "response-finished",
      "status": 200,
      "bodyBytes": 24541,
      "durationMs": 0
    },
    {
      "elapsedMs": 2484,
      "consumer": "shared-library",
      "stage": "browser-response",
      "state": "headers",
      "path": "/sqlite3-opfs-async-proxy.js",
      "status": 200
    },
    {
      "elapsedMs": 2486,
      "consumer": "shared-library",
      "stage": "browser-request",
      "state": "finished",
      "path": "/sqlite3-opfs-async-proxy.js"
    },
    {
      "elapsedMs": 2490,
      "consumer": "shared-library",
      "stage": "browser-request",
      "state": "started",
      "path": "/sqlite3-opfs-async-proxy.js"
    },
    {
      "elapsedMs": 2490,
      "consumer": "shared-library",
      "stage": "http",
      "requestId": 14,
      "path": "/sqlite3-opfs-async-proxy.js",
      "state": "request-received"
    },
    {
      "elapsedMs": 2490,
      "consumer": "shared-library",
      "stage": "http",
      "requestId": 14,
      "path": "/sqlite3-opfs-async-proxy.js",
      "state": "file-read-completed",
      "bodyBytes": 24541,
      "durationMs": 0
    },
    {
      "elapsedMs": 2490,
      "consumer": "shared-library",
      "stage": "http",
      "requestId": 14,
      "path": "/sqlite3-opfs-async-proxy.js",
      "state": "response-finished",
      "status": 200,
      "bodyBytes": 24541,
      "durationMs": 0
    },
    {
      "elapsedMs": 2492,
      "consumer": "shared-library",
      "stage": "browser-response",
      "state": "headers",
      "path": "/sqlite3-opfs-async-proxy.js",
      "status": 200
    },
    {
      "elapsedMs": 2492,
      "consumer": "shared-library",
      "stage": "browser-request",
      "state": "finished",
      "path": "/sqlite3-opfs-async-proxy.js"
    },
    {
      "elapsedMs": 2501,
      "consumer": "shared-library",
      "stage": "sqlite-open",
      "state": "completed",
      "durationMs": 46
    },
    {
      "elapsedMs": 2502,
      "consumer": "shared-library",
      "stage": "sqlite-write",
      "state": "started"
    },
    {
      "elapsedMs": 2504,
      "consumer": "shared-library",
      "stage": "sqlite-write",
      "state": "completed",
      "durationMs": 2
    },
    {
      "elapsedMs": 2504,
      "consumer": "shared-library",
      "stage": "sqlite-read",
      "state": "started"
    },
    {
      "elapsedMs": 2505,
      "consumer": "shared-library",
      "stage": "sqlite-read",
      "state": "completed",
      "durationMs": 1
    },
    {
      "elapsedMs": 2505,
      "consumer": "shared-library",
      "stage": "sqlite-close",
      "state": "started"
    },
    {
      "elapsedMs": 2506,
      "consumer": "shared-library",
      "stage": "sqlite-close",
      "state": "completed",
      "durationMs": 1
    },
    {
      "elapsedMs": 2511,
      "consumer": "shared-library",
      "stage": "browser",
      "state": "disconnected",
      "deadlineExceeded": false
    },
    {
      "elapsedMs": 2539,
      "consumer": "engine-adapter",
      "stage": "browser-launch",
      "state": "started"
    },
    {
      "elapsedMs": 2624,
      "consumer": "engine-adapter",
      "stage": "browser-launch",
      "state": "completed"
    },
    {
      "elapsedMs": 2624,
      "consumer": "engine-adapter",
      "stage": "page-create",
      "state": "started"
    },
    {
      "elapsedMs": 2653,
      "consumer": "engine-adapter",
      "stage": "page-create",
      "state": "completed"
    },
    {
      "elapsedMs": 2653,
      "consumer": "engine-adapter",
      "stage": "expose-function",
      "state": "started"
    },
    {
      "elapsedMs": 2656,
      "consumer": "engine-adapter",
      "stage": "expose-function",
      "state": "completed"
    },
    {
      "elapsedMs": 2656,
      "consumer": "engine-adapter",
      "stage": "install-readiness-markers",
      "state": "started"
    },
    {
      "elapsedMs": 2656,
      "consumer": "engine-adapter",
      "stage": "install-readiness-markers",
      "state": "completed"
    },
    {
      "elapsedMs": 2656,
      "consumer": "engine-adapter",
      "stage": "navigation",
      "state": "started"
    },
    {
      "elapsedMs": 2657,
      "consumer": "engine-adapter",
      "stage": "browser-request",
      "state": "started",
      "path": "/"
    },
    {
      "elapsedMs": 2658,
      "consumer": "engine-adapter",
      "stage": "http",
      "requestId": 15,
      "path": "/",
      "state": "request-received"
    },
    {
      "elapsedMs": 2658,
      "consumer": "engine-adapter",
      "stage": "http",
      "requestId": 15,
      "path": "/",
      "state": "response-finished",
      "status": 200,
      "bodyBytes": 3384,
      "durationMs": 0
    },
    {
      "elapsedMs": 2659,
      "consumer": "engine-adapter",
      "stage": "browser-response",
      "state": "headers",
      "path": "/",
      "status": 200
    },
    {
      "elapsedMs": 2683,
      "consumer": "engine-adapter",
      "stage": "http",
      "requestId": 16,
      "path": "/aztec_bundle.js",
      "state": "request-received"
    },
    {
      "elapsedMs": 2683,
      "consumer": "engine-adapter",
      "stage": "http",
      "requestId": 17,
      "path": "/crs-client.js",
      "state": "request-received"
    },
    {
      "elapsedMs": 2684,
      "consumer": "engine-adapter",
      "stage": "http",
      "requestId": 18,
      "path": "/aztec-lib.js",
      "state": "request-received"
    },
    {
      "elapsedMs": 2684,
      "consumer": "engine-adapter",
      "stage": "http",
      "requestId": 19,
      "path": "/app-env.js",
      "state": "request-received"
    },
    {
      "elapsedMs": 2684,
      "consumer": "engine-adapter",
      "stage": "browser-request",
      "state": "started",
      "path": "/aztec_bundle.js"
    },
    {
      "elapsedMs": 2685,
      "consumer": "engine-adapter",
      "stage": "browser-request",
      "state": "started",
      "path": "/crs-client.js"
    },
    {
      "elapsedMs": 2685,
      "consumer": "engine-adapter",
      "stage": "browser-request",
      "state": "started",
      "path": "/aztec-lib.js"
    },
    {
      "elapsedMs": 2685,
      "consumer": "engine-adapter",
      "stage": "browser-request",
      "state": "started",
      "path": "/app-env.js"
    },
    {
      "elapsedMs": 2685,
      "consumer": "engine-adapter",
      "stage": "http",
      "requestId": 17,
      "path": "/crs-client.js",
      "state": "file-read-completed",
      "bodyBytes": 7428,
      "durationMs": 2
    },
    {
      "elapsedMs": 2685,
      "consumer": "engine-adapter",
      "stage": "http",
      "requestId": 17,
      "path": "/crs-client.js",
      "state": "response-finished",
      "status": 200,
      "bodyBytes": 7428,
      "durationMs": 2
    },
    {
      "elapsedMs": 2685,
      "consumer": "engine-adapter",
      "stage": "http",
      "requestId": 18,
      "path": "/aztec-lib.js",
      "state": "file-read-completed",
      "bodyBytes": 37542,
      "durationMs": 2
    },
    {
      "elapsedMs": 2686,
      "consumer": "engine-adapter",
      "stage": "http",
      "requestId": 18,
      "path": "/aztec-lib.js",
      "state": "response-finished",
      "status": 200,
      "bodyBytes": 37542,
      "durationMs": 2
    },
    {
      "elapsedMs": 2686,
      "consumer": "engine-adapter",
      "stage": "script.sdk",
      "state": "before-script",
      "browserElapsedMs": 28
    },
    {
      "elapsedMs": 2686,
      "consumer": "engine-adapter",
      "stage": "browser-request",
      "state": "finished",
      "path": "/"
    },
    {
      "elapsedMs": 2686,
      "consumer": "engine-adapter",
      "stage": "http",
      "requestId": 19,
      "path": "/app-env.js",
      "state": "file-read-completed",
      "bodyBytes": 7525,
      "durationMs": 2
    },
    {
      "elapsedMs": 2686,
      "consumer": "engine-adapter",
      "stage": "http",
      "requestId": 19,
      "path": "/app-env.js",
      "state": "response-finished",
      "status": 200,
      "bodyBytes": 7525,
      "durationMs": 2
    },
    {
      "elapsedMs": 2687,
      "consumer": "engine-adapter",
      "stage": "browser-response",
      "state": "headers",
      "path": "/crs-client.js",
      "status": 200
    },
    {
      "elapsedMs": 2687,
      "consumer": "engine-adapter",
      "stage": "browser-request",
      "state": "finished",
      "path": "/crs-client.js"
    },
    {
      "elapsedMs": 2687,
      "consumer": "engine-adapter",
      "stage": "browser-response",
      "state": "headers",
      "path": "/aztec-lib.js",
      "status": 200
    },
    {
      "elapsedMs": 2687,
      "consumer": "engine-adapter",
      "stage": "browser-request",
      "state": "finished",
      "path": "/aztec-lib.js"
    },
    {
      "elapsedMs": 2687,
      "consumer": "engine-adapter",
      "stage": "browser-response",
      "state": "headers",
      "path": "/app-env.js",
      "status": 200
    },
    {
      "elapsedMs": 2687,
      "consumer": "engine-adapter",
      "stage": "browser-request",
      "state": "finished",
      "path": "/app-env.js"
    },
    {
      "elapsedMs": 2693,
      "consumer": "engine-adapter",
      "stage": "http",
      "requestId": 16,
      "path": "/aztec_bundle.js",
      "state": "file-read-completed",
      "bodyBytes": 50304031,
      "durationMs": 10
    },
    {
      "elapsedMs": 2835,
      "consumer": "engine-adapter",
      "stage": "http",
      "requestId": 16,
      "path": "/aztec_bundle.js",
      "state": "response-finished",
      "status": 200,
      "bodyBytes": 50304031,
      "durationMs": 152
    },
    {
      "elapsedMs": 2900,
      "consumer": "engine-adapter",
      "stage": "browser-response",
      "state": "headers",
      "path": "/aztec_bundle.js",
      "status": 200
    },
    {
      "elapsedMs": 2900,
      "consumer": "engine-adapter",
      "stage": "browser-request",
      "state": "finished",
      "path": "/aztec_bundle.js"
    },
    {
      "elapsedMs": 3289,
      "consumer": "engine-adapter",
      "stage": "script.sdk",
      "state": "script-load",
      "browserElapsedMs": 632
    },
    {
      "elapsedMs": 3289,
      "consumer": "engine-adapter",
      "stage": "script.sdk",
      "state": "after-script",
      "browserElapsedMs": 632
    },
    {
      "elapsedMs": 3289,
      "consumer": "engine-adapter",
      "stage": "script.crs-client",
      "state": "before-script",
      "browserElapsedMs": 632
    },
    {
      "elapsedMs": 3289,
      "consumer": "engine-adapter",
      "stage": "script.crs-client",
      "state": "script-load",
      "browserElapsedMs": 632
    },
    {
      "elapsedMs": 3290,
      "consumer": "engine-adapter",
      "stage": "script.crs-client",
      "state": "after-script",
      "browserElapsedMs": 632
    },
    {
      "elapsedMs": 3290,
      "consumer": "engine-adapter",
      "stage": "script.shared-library",
      "state": "before-script",
      "browserElapsedMs": 632
    },
    {
      "elapsedMs": 3290,
      "consumer": "engine-adapter",
      "stage": "script.shared-library",
      "state": "script-load",
      "browserElapsedMs": 632
    },
    {
      "elapsedMs": 3290,
      "consumer": "engine-adapter",
      "stage": "script.shared-library",
      "state": "after-script",
      "browserElapsedMs": 632
    },
    {
      "elapsedMs": 3290,
      "consumer": "engine-adapter",
      "stage": "script.engine-adapter",
      "state": "before-script",
      "browserElapsedMs": 632
    },
    {
      "elapsedMs": 3290,
      "consumer": "engine-adapter",
      "stage": "script.engine-adapter",
      "state": "script-load",
      "browserElapsedMs": 632
    },
    {
      "elapsedMs": 3290,
      "consumer": "engine-adapter",
      "stage": "script.engine-adapter",
      "state": "after-script",
      "browserElapsedMs": 632
    },
    {
      "elapsedMs": 3291,
      "consumer": "engine-adapter",
      "stage": "script.document",
      "state": "dom-content-loaded",
      "browserElapsedMs": 633
    },
    {
      "elapsedMs": 3291,
      "consumer": "engine-adapter",
      "stage": "script.document",
      "state": "load",
      "browserElapsedMs": 633
    },
    {
      "elapsedMs": 3291,
      "consumer": "engine-adapter",
      "stage": "navigation",
      "state": "completed"
    },
    {
      "elapsedMs": 3292,
      "consumer": "engine-adapter",
      "stage": "sync-prover-init",
      "state": "started"
    },
    {
      "elapsedMs": 3435,
      "consumer": "engine-adapter",
      "stage": "sync-prover-init",
      "state": "completed",
      "durationMs": 143
    },
    {
      "elapsedMs": 3436,
      "consumer": "engine-adapter",
      "stage": "engine-crs-adapter",
      "state": "started"
    },
    {
      "elapsedMs": 3436,
      "consumer": "engine-adapter",
      "stage": "crs-1.load.g1_uncompressed.dat",
      "state": "started"
    },
    {
      "elapsedMs": 3437,
      "consumer": "engine-adapter",
      "stage": "browser-request",
      "state": "started",
      "path": "/crs/g1_uncompressed.dat"
    },
    {
      "elapsedMs": 3437,
      "consumer": "engine-adapter",
      "stage": "http",
      "requestId": 20,
      "path": "/crs/g1_uncompressed.dat",
      "state": "request-received"
    },
    {
      "elapsedMs": 3446,
      "consumer": "engine-adapter",
      "stage": "http",
      "requestId": 20,
      "path": "/crs/g1_uncompressed.dat",
      "state": "file-read-completed",
      "bodyBytes": 75497472,
      "durationMs": 9
    },
    {
      "elapsedMs": 3448,
      "consumer": "engine-adapter",
      "stage": "browser-response",
      "state": "headers",
      "path": "/crs/g1_uncompressed.dat",
      "status": 200
    },
    {
      "elapsedMs": 3466,
      "consumer": "engine-adapter",
      "stage": "http",
      "requestId": 20,
      "path": "/crs/g1_uncompressed.dat",
      "state": "response-finished",
      "status": 200,
      "bodyBytes": 75497472,
      "durationMs": 28
    },
    {
      "elapsedMs": 3468,
      "consumer": "engine-adapter",
      "stage": "browser-request",
      "state": "finished",
      "path": "/crs/g1_uncompressed.dat"
    },
    {
      "elapsedMs": 3468,
      "consumer": "engine-adapter",
      "stage": "crs-1.load.g1_uncompressed.dat",
      "state": "completed",
      "durationMs": 31
    },
    {
      "elapsedMs": 3469,
      "consumer": "engine-adapter",
      "stage": "crs-1.sha256.75497472",
      "state": "started"
    },
    {
      "elapsedMs": 3688,
      "consumer": "engine-adapter",
      "stage": "crs-1.sha256.75497472",
      "state": "completed",
      "durationMs": 218
    },
    {
      "elapsedMs": 3688,
      "consumer": "engine-adapter",
      "stage": "crs-1.load.g2.dat",
      "state": "started"
    },
    {
      "elapsedMs": 3689,
      "consumer": "engine-adapter",
      "stage": "browser-request",
      "state": "started",
      "path": "/crs/g2.dat"
    },
    {
      "elapsedMs": 3689,
      "consumer": "engine-adapter",
      "stage": "http",
      "requestId": 21,
      "path": "/crs/g2.dat",
      "state": "request-received"
    },
    {
      "elapsedMs": 3689,
      "consumer": "engine-adapter",
      "stage": "http",
      "requestId": 21,
      "path": "/crs/g2.dat",
      "state": "file-read-completed",
      "bodyBytes": 128,
      "durationMs": 0
    },
    {
      "elapsedMs": 3690,
      "consumer": "engine-adapter",
      "stage": "http",
      "requestId": 21,
      "path": "/crs/g2.dat",
      "state": "response-finished",
      "status": 200,
      "bodyBytes": 128,
      "durationMs": 0
    },
    {
      "elapsedMs": 3690,
      "consumer": "engine-adapter",
      "stage": "browser-response",
      "state": "headers",
      "path": "/crs/g2.dat",
      "status": 200
    },
    {
      "elapsedMs": 3690,
      "consumer": "engine-adapter",
      "stage": "browser-request",
      "state": "finished",
      "path": "/crs/g2.dat"
    },
    {
      "elapsedMs": 3690,
      "consumer": "engine-adapter",
      "stage": "crs-1.load.g2.dat",
      "state": "completed",
      "durationMs": 2
    },
    {
      "elapsedMs": 3691,
      "consumer": "engine-adapter",
      "stage": "crs-1.sha256.128",
      "state": "started"
    },
    {
      "elapsedMs": 3691,
      "consumer": "engine-adapter",
      "stage": "crs-1.sha256.128",
      "state": "completed",
      "durationMs": 0
    },
    {
      "elapsedMs": 3691,
      "consumer": "engine-adapter",
      "stage": "crs-1.load.grumpkin_g1.dat",
      "state": "started"
    },
    {
      "elapsedMs": 3692,
      "consumer": "engine-adapter",
      "stage": "browser-request",
      "state": "started",
      "path": "/crs/grumpkin_g1.dat"
    },
    {
      "elapsedMs": 3692,
      "consumer": "engine-adapter",
      "stage": "http",
      "requestId": 22,
      "path": "/crs/grumpkin_g1.dat",
      "state": "request-received"
    },
    {
      "elapsedMs": 3692,
      "consumer": "engine-adapter",
      "stage": "http",
      "requestId": 22,
      "path": "/crs/grumpkin_g1.dat",
      "state": "file-read-completed",
      "bodyBytes": 4194368,
      "durationMs": 1
    },
    {
      "elapsedMs": 3693,
      "consumer": "engine-adapter",
      "stage": "http",
      "requestId": 22,
      "path": "/crs/grumpkin_g1.dat",
      "state": "response-finished",
      "status": 200,
      "bodyBytes": 4194368,
      "durationMs": 1
    },
    {
      "elapsedMs": 3693,
      "consumer": "engine-adapter",
      "stage": "browser-response",
      "state": "headers",
      "path": "/crs/grumpkin_g1.dat",
      "status": 200
    },
    {
      "elapsedMs": 3716,
      "consumer": "engine-adapter",
      "stage": "browser-request",
      "state": "finished",
      "path": "/crs/grumpkin_g1.dat"
    },
    {
      "elapsedMs": 3716,
      "consumer": "engine-adapter",
      "stage": "crs-1.load.grumpkin_g1.dat",
      "state": "completed",
      "durationMs": 25
    },
    {
      "elapsedMs": 3717,
      "consumer": "engine-adapter",
      "stage": "crs-1.sha256.4194368",
      "state": "started"
    },
    {
      "elapsedMs": 3729,
      "consumer": "engine-adapter",
      "stage": "crs-1.sha256.4194368",
      "state": "completed",
      "durationMs": 12
    },
    {
      "elapsedMs": 3729,
      "consumer": "engine-adapter",
      "stage": "crs-1.srsInitSrs",
      "state": "started"
    },
    {
      "elapsedMs": 3983,
      "consumer": "engine-adapter",
      "stage": "crs-1.srsInitSrs",
      "state": "completed",
      "durationMs": 253
    },
    {
      "elapsedMs": 3983,
      "consumer": "engine-adapter",
      "stage": "crs-1.srsInitGrumpkinSrs",
      "state": "started"
    },
    {
      "elapsedMs": 3994,
      "consumer": "engine-adapter",
      "stage": "crs-1.srsInitGrumpkinSrs",
      "state": "completed",
      "durationMs": 10
    },
    {
      "elapsedMs": 3995,
      "consumer": "engine-adapter",
      "stage": "engine-crs-adapter",
      "state": "completed",
      "durationMs": 559
    },
    {
      "elapsedMs": 3995,
      "consumer": "engine-adapter",
      "stage": "poseidon",
      "state": "started"
    },
    {
      "elapsedMs": 3996,
      "consumer": "engine-adapter",
      "stage": "poseidon",
      "state": "completed",
      "durationMs": 1
    },
    {
      "elapsedMs": 3996,
      "consumer": "engine-adapter",
      "stage": "async-prover-init",
      "state": "started"
    },
    {
      "elapsedMs": 3997,
      "consumer": "engine-adapter",
      "stage": "browser-request",
      "state": "started",
      "path": "/bb-main.worker.js"
    },
    {
      "elapsedMs": 3997,
      "consumer": "engine-adapter",
      "stage": "http",
      "requestId": 23,
      "path": "/bb-main.worker.js",
      "state": "request-received"
    },
    {
      "elapsedMs": 3997,
      "consumer": "engine-adapter",
      "stage": "http",
      "requestId": 23,
      "path": "/bb-main.worker.js",
      "state": "file-read-completed",
      "bodyBytes": 22772,
      "durationMs": 0
    },
    {
      "elapsedMs": 3997,
      "consumer": "engine-adapter",
      "stage": "http",
      "requestId": 23,
      "path": "/bb-main.worker.js",
      "state": "response-finished",
      "status": 200,
      "bodyBytes": 22772,
      "durationMs": 0
    },
    {
      "elapsedMs": 3999,
      "consumer": "engine-adapter",
      "stage": "browser-response",
      "state": "headers",
      "path": "/bb-main.worker.js",
      "status": 200
    },
    {
      "elapsedMs": 3999,
      "consumer": "engine-adapter",
      "stage": "browser-request",
      "state": "finished",
      "path": "/bb-main.worker.js"
    },
    {
      "elapsedMs": 4103,
      "consumer": "engine-adapter",
      "stage": "http",
      "requestId": 24,
      "path": "/bb-thread.worker.js",
      "state": "request-received"
    },
    {
      "elapsedMs": 4103,
      "consumer": "engine-adapter",
      "stage": "browser-request",
      "state": "started",
      "path": "/bb-thread.worker.js"
    },
    {
      "elapsedMs": 4103,
      "consumer": "engine-adapter",
      "stage": "http",
      "requestId": 24,
      "path": "/bb-thread.worker.js",
      "state": "file-read-completed",
      "bodyBytes": 15377,
      "durationMs": 0
    },
    {
      "elapsedMs": 4104,
      "consumer": "engine-adapter",
      "stage": "http",
      "requestId": 24,
      "path": "/bb-thread.worker.js",
      "state": "response-finished",
      "status": 200,
      "bodyBytes": 15377,
      "durationMs": 0
    },
    {
      "elapsedMs": 4105,
      "consumer": "engine-adapter",
      "stage": "browser-response",
      "state": "headers",
      "path": "/bb-thread.worker.js",
      "status": 200
    },
    {
      "elapsedMs": 4105,
      "consumer": "engine-adapter",
      "stage": "browser-request",
      "state": "finished",
      "path": "/bb-thread.worker.js"
    },
    {
      "elapsedMs": 4106,
      "consumer": "engine-adapter",
      "stage": "async-prover-init",
      "state": "completed",
      "durationMs": 110
    },
    {
      "elapsedMs": 4107,
      "consumer": "engine-adapter",
      "stage": "async-prover-destroy",
      "state": "started"
    },
    {
      "elapsedMs": 4107,
      "consumer": "engine-adapter",
      "stage": "async-prover-destroy",
      "state": "completed",
      "durationMs": 0
    },
    {
      "elapsedMs": 4108,
      "consumer": "engine-adapter",
      "stage": "sqlite-open",
      "state": "started"
    },
    {
      "elapsedMs": 4108,
      "consumer": "engine-adapter",
      "stage": "browser-request",
      "state": "started",
      "path": "/sqlite.worker.js"
    },
    {
      "elapsedMs": 4109,
      "consumer": "engine-adapter",
      "stage": "http",
      "requestId": 25,
      "path": "/sqlite.worker.js",
      "state": "request-received"
    },
    {
      "elapsedMs": 4109,
      "consumer": "engine-adapter",
      "stage": "http",
      "requestId": 25,
      "path": "/sqlite.worker.js",
      "state": "file-read-completed",
      "bodyBytes": 476347,
      "durationMs": 0
    },
    {
      "elapsedMs": 4109,
      "consumer": "engine-adapter",
      "stage": "http",
      "requestId": 25,
      "path": "/sqlite.worker.js",
      "state": "response-finished",
      "status": 200,
      "bodyBytes": 476347,
      "durationMs": 0
    },
    {
      "elapsedMs": 4110,
      "consumer": "engine-adapter",
      "stage": "browser-response",
      "state": "headers",
      "path": "/sqlite.worker.js",
      "status": 200
    },
    {
      "elapsedMs": 4113,
      "consumer": "engine-adapter",
      "stage": "browser-request",
      "state": "finished",
      "path": "/sqlite.worker.js"
    },
    {
      "elapsedMs": 4118,
      "consumer": "engine-adapter",
      "stage": "http",
      "requestId": 26,
      "path": "/sqlite3.wasm",
      "state": "request-received"
    },
    {
      "elapsedMs": 4118,
      "consumer": "engine-adapter",
      "stage": "browser-request",
      "state": "started",
      "path": "/sqlite3.wasm"
    },
    {
      "elapsedMs": 4118,
      "consumer": "engine-adapter",
      "stage": "http",
      "requestId": 26,
      "path": "/sqlite3.wasm",
      "state": "file-read-completed",
      "bodyBytes": 1058719,
      "durationMs": 0
    },
    {
      "elapsedMs": 4118,
      "consumer": "engine-adapter",
      "stage": "http",
      "requestId": 26,
      "path": "/sqlite3.wasm",
      "state": "response-finished",
      "status": 200,
      "bodyBytes": 1058719,
      "durationMs": 0
    },
    {
      "elapsedMs": 4119,
      "consumer": "engine-adapter",
      "stage": "browser-response",
      "state": "headers",
      "path": "/sqlite3.wasm",
      "status": 200
    },
    {
      "elapsedMs": 4131,
      "consumer": "engine-adapter",
      "stage": "browser-request",
      "state": "started",
      "path": "/sqlite3-opfs-async-proxy.js"
    },
    {
      "elapsedMs": 4131,
      "consumer": "engine-adapter",
      "stage": "http",
      "requestId": 27,
      "path": "/sqlite3-opfs-async-proxy.js",
      "state": "request-received"
    },
    {
      "elapsedMs": 4131,
      "consumer": "engine-adapter",
      "stage": "browser-request",
      "state": "finished",
      "path": "/sqlite3.wasm"
    },
    {
      "elapsedMs": 4131,
      "consumer": "engine-adapter",
      "stage": "http",
      "requestId": 27,
      "path": "/sqlite3-opfs-async-proxy.js",
      "state": "file-read-completed",
      "bodyBytes": 24541,
      "durationMs": 0
    },
    {
      "elapsedMs": 4131,
      "consumer": "engine-adapter",
      "stage": "http",
      "requestId": 27,
      "path": "/sqlite3-opfs-async-proxy.js",
      "state": "response-finished",
      "status": 200,
      "bodyBytes": 24541,
      "durationMs": 0
    },
    {
      "elapsedMs": 4132,
      "consumer": "engine-adapter",
      "stage": "browser-response",
      "state": "headers",
      "path": "/sqlite3-opfs-async-proxy.js",
      "status": 200
    },
    {
      "elapsedMs": 4133,
      "consumer": "engine-adapter",
      "stage": "browser-request",
      "state": "finished",
      "path": "/sqlite3-opfs-async-proxy.js"
    },
    {
      "elapsedMs": 4135,
      "consumer": "engine-adapter",
      "stage": "browser-request",
      "state": "started",
      "path": "/sqlite3-opfs-async-proxy.js"
    },
    {
      "elapsedMs": 4135,
      "consumer": "engine-adapter",
      "stage": "http",
      "requestId": 28,
      "path": "/sqlite3-opfs-async-proxy.js",
      "state": "request-received"
    },
    {
      "elapsedMs": 4135,
      "consumer": "engine-adapter",
      "stage": "http",
      "requestId": 28,
      "path": "/sqlite3-opfs-async-proxy.js",
      "state": "file-read-completed",
      "bodyBytes": 24541,
      "durationMs": 0
    },
    {
      "elapsedMs": 4135,
      "consumer": "engine-adapter",
      "stage": "http",
      "requestId": 28,
      "path": "/sqlite3-opfs-async-proxy.js",
      "state": "response-finished",
      "status": 200,
      "bodyBytes": 24541,
      "durationMs": 0
    },
    {
      "elapsedMs": 4137,
      "consumer": "engine-adapter",
      "stage": "browser-response",
      "state": "headers",
      "path": "/sqlite3-opfs-async-proxy.js",
      "status": 200
    },
    {
      "elapsedMs": 4137,
      "consumer": "engine-adapter",
      "stage": "browser-request",
      "state": "finished",
      "path": "/sqlite3-opfs-async-proxy.js"
    },
    {
      "elapsedMs": 4146,
      "consumer": "engine-adapter",
      "stage": "sqlite-open",
      "state": "completed",
      "durationMs": 38
    },
    {
      "elapsedMs": 4146,
      "consumer": "engine-adapter",
      "stage": "sqlite-write",
      "state": "started"
    },
    {
      "elapsedMs": 4148,
      "consumer": "engine-adapter",
      "stage": "sqlite-write",
      "state": "completed",
      "durationMs": 2
    },
    {
      "elapsedMs": 4148,
      "consumer": "engine-adapter",
      "stage": "sqlite-read",
      "state": "started"
    },
    {
      "elapsedMs": 4149,
      "consumer": "engine-adapter",
      "stage": "sqlite-read",
      "state": "completed",
      "durationMs": 1
    },
    {
      "elapsedMs": 4150,
      "consumer": "engine-adapter",
      "stage": "sqlite-close",
      "state": "started"
    },
    {
      "elapsedMs": 4151,
      "consumer": "engine-adapter",
      "stage": "sqlite-close",
      "state": "completed",
      "durationMs": 1
    },
    {
      "elapsedMs": 4157,
      "consumer": "engine-adapter",
      "stage": "browser",
      "state": "disconnected",
      "deadlineExceeded": false
    }
  ]
}
