✔ private fee proof preserves payment options, gas and owner context (0.857417ms)
✔ actual proven author payer rejects despite privatePayer preparation (0.417041ms)
✔ private fee route rejects a wrong account or exposed author payer (0.234583ms)
✔ matching synthetic artifacts and recorded sources pass (7.579208ms)
✔ stale deploy Noir copy is rejected (5.3955ms)
✔ stale censor Noir copy is rejected (5.111709ms)
✔ missing verification key is rejected even when all consumer copies agree (11.821875ms)
✔ empty private function set is rejected even when all consumer copies agree (10.830708ms)
✔ only public functions is rejected even when all consumer copies agree (4.861167ms)
✔ untranspiled artifact is rejected even when all consumer copies agree (5.130375ms)
✔ truthy non-boolean transpilation marker is rejected even when all consumer copies agree (5.253708ms)
✔ stale portal bytecode is rejected: apps/src/billboard/portal_bytecode.txt (4.982583ms)
✔ stale portal bytecode is rejected: apps/src/billboard/deploy/portal_bytecode.txt (4.382125ms)
✔ portal source drift is rejected by embedded compiler provenance (4.552458ms)
✔ missing Solidity source provenance is rejected (4.379958ms)
✔ string-encoded Solidity metadata remains supported (5.767208ms)
✔ Noir source drift requires a rebuild (4.86025ms)
✔ Noir dependency declaration drift requires a rebuild (5.184792ms)
✔ root dependency lock drift requires a rebuild (5.075709ms)
✔ portal dependency lock drift requires a rebuild (4.8115ms)
✔ compiler configuration drift requires a rebuild (4.713292ms)
✔ toolchain pins drift requires a rebuild (5.560209ms)
✔ contract builder drift requires a rebuild (6.317375ms)
✔ Noir debug-path normalizer drift requires a rebuild (5.050375ms)
✔ Noir dependency verifier drift requires a rebuild (4.961791ms)
✔ Noir dependency pins drift requires a rebuild (4.591667ms)
✔ new Noir source omitted from the old manifest requires a rebuild (4.816833ms)
✔ contract manifest input hash tampering is rejected (5.228208ms)
✔ contract manifest noir hash tampering is rejected (5.128833ms)
✔ contract manifest portal hash tampering is rejected (5.07975ms)
✔ synchronized altered Noir artifacts still fail the recorded build hash (5.048083ms)
✔ synchronized altered portal bytecode still fails the recorded build hash (4.7125ms)
✔ privateFee key, extra route and stale content fail closed (4.9505ms)
✔ user generated page binds the canonical privateFee and isolated RPC credential (63.1335ms)
✔ censor generated page binds the canonical privateFee and isolated RPC credential (20.9225ms)
✔ deploy generated page binds the canonical privateFee and isolated RPC credential (21.218333ms)
✔ fee-juice generated page binds the canonical privateFee and isolated RPC credential (17.926416ms)
✔ normal author calls carry only private payment method and bootstrap claim is consumed once (2.044416ms)
✔ unknown submission is preserved without retry and private errors are redacted (1.216375ms)
✔ missing private fee configuration fails before account work for every private action (1.345458ms)
✔ actual wallet keeps configured gas and normal account scope/tag through simulation and proof (26.881167ms)
✔ actual main claim uses standard author call with private fee payment (12.057041ms)
✔ actual main post uses standard author call with private fee payment (1.751ms)
✔ actual main post dummy uses standard author call with private fee payment (0.899083ms)
✔ actual main withdraw uses standard author call with private fee payment (0.784375ms)
✔ moderator calls use their normal account with private fee payment (1.082583ms)
✔ inherited object names never select an application method (0.2955ms)
✔ matching trees and artifact embedded sources pass (3.173041ms)
✔ macro change absent from file_map still fails the full tree check (2.339584ms)
✔ new and missing tree sources cannot pass (2.274583ms)
✔ local or transitive manifest changes fail (2.193708ms)
✔ changed, missing, new and conflicting artifact sources fail (2.16225ms)
✔ absolute and traversal source paths fail closed (1.665667ms)
✔ each contract requires its own exact registered source inventory (1.390416ms)
✔ canonical shared address has no owner, salt, or initializer (207.018583ms)
✔ private balance payment emits only pay_fee with shared payer (14.939125ms)
✔ cold-start emits actual FeeJuice claim then private mint-and-pay; never reads author balance (13.718ms)
✔ bridge secret and hash bind local salt and author (0.4115ms)
✔ rejects empty private balance without public fallback (13.268ms)
✔ rejects insufficient cold-start funding (11.315917ms)
✔ rejects wrong bridge secret (10.849542ms)
✔ rejects zero bridge salt (12.255834ms)
✔ rejects unsupported chain (0.154625ms)
✔ rejects unsupported version (0.075333ms)
✔ cold-start works without public instance publication (10.249167ms)
✔ rejects upgraded deployed class (9.846541ms)
✔ rejects malformed instance preimage (10.823459ms)
✔ rejects per-user alternative fee contract (11.14075ms)
✔ rejects zero or overflowing maximum fee (0.159167ms)
✔ rejects priority fee exceeding total cap (0.0405ms)
✔ does not leak provider errors or private claim content (10.099791ms)
✔ rejects extra public entrypoint hidden behind generated dispatcher (0.098125ms)
✔ browser forwards public fee config and local claim directly with no service or store (1.052042ms)
✔ CLI reads public configuration and restricted local claim, rejecting links, extra fields, and broad permissions (1.441375ms)
✔ CLI keeps ambiguous outcomes actionable without exposing private errors (0.11875ms)
✔ funding deposits to shared address and passes mandatory recovery callback (1.105875ms)
✔ standalone claim uses standard author entrypoint with only private fee payload, then stops PXE (0.48725ms)
✔ browser recovery storage preserves earlier deposits and refuses conflicting replacements or secrets (0.781333ms)
✔ deposit below claim fee is rejected before requesting L1 funding (0.392125ms)
✔ approve then persist nonce-bound public recovery before deposit; recover exact private claim (235.145541ms)
✔ existing allowance avoids approval and uses pending sender nonce (28.037ms)
✔ save failure prevents deposit (12.454333ms)
✔ ambiguous send retains public recovery, never retries or leaks raw error (11.513166ms)
✔ rejects inadequate user token balance before approval (11.223083ms)
✔ rejects wrong L1 network before any transaction (11.647541ms)
✔ rejects wrong portal version before any transaction (10.899833ms)
✔ recovery rejects reorg (34.671833ms)
✔ recovery rejects reverted (37.976459ms)
✔ recovery rejects wrong nonce (34.795041ms)
✔ recovery rejects wrong sender (33.23475ms)
✔ recovery rejects wrong calldata (32.170875ms)
✔ recovery rejects missing event (32.8315ms)
✔ recovery rejects duplicate event (32.223ms)
✔ public record from another wallet cannot recover credit (32.32175ms)
✔ public record from another owner cannot recover credit (33.226667ms)
✔ recovery requires hash and trusted deployment scope (31.521542ms)
✔ confirmed approval nonce overrides stale Ethers pending cache (22.734458ms)
✔ failure diagnostics expose only finite phase and safe codes (10.920083ms)
✔ preparing ownerless FPC through actual BaseWallet never registers it as the author account (200.499333ms)
✔ explicit registration keys still pass through actual BaseWallet and derive a matching account (19.6645ms)
✔ the removed implicit-key override reproduces the actual BaseWallet address mismatch (16.3365ms)
✔ complete synthetic SDK manifest passes (9.732916ms)
✔ stale lockfile is rejected (6.646042ms)
✔ stale build script is rejected (6.519042ms)
✔ stale SDK entry source is rejected (6.515833ms)
✔ stale storage adapter source is rejected (6.367125ms)
✔ stale PXE schema source is rejected (8.072042ms)
✔ stale imported dependency source is rejected (5.922ms)
✔ stale toolchain helper is rejected (6.168708ms)
✔ stale runtime asset source is rejected (6.59725ms)
✔ stale bundle output is rejected (6.732917ms)
✔ stale worker output is rejected (8.296ms)
✔ stale runtime asset output is rejected (6.89975ms)
✔ protocol version mismatch is rejected (6.097834ms)
✔ omitting required inputs entry shared/sdk-entry.mjs is rejected (6.22675ms)
✔ omitting required inputs entry shared/sdk-store.mjs is rejected (6.006292ms)
✔ omitting required inputs entry node_modules/@aztec/pxe/dest/storage/metadata.js is rejected (7.414625ms)
✔ omitting required inputs entry node_modules/@aztec/noir-acvm_js/web/acvm_js_bg.wasm is rejected (6.2405ms)
✔ omitting required outputs entry sqlite.worker.js is rejected (5.7465ms)
✔ omitting required outputs entry sqlite3.wasm is rejected (5.478917ms)
✔ runtime asset output cannot differ from its source even with a refreshed output hash (8.160375ms)
✔ manifest inputs path confinement rejects ../outside.js (8.1275ms)
✔ manifest inputs path confinement rejects /outside.js (6.316708ms)
✔ manifest inputs path confinement rejects shared/../outside.js (6.535625ms)
✔ manifest inputs path confinement rejects shared\outside.js (6.779667ms)
✔ manifest outputs path confinement rejects ../outside.js (6.4775ms)
✔ manifest outputs path confinement rejects /outside.js (8.244584ms)
✔ manifest outputs path confinement rejects nested/worker.js (6.435834ms)
✔ manifest outputs path confinement rejects ..\outside.js (6.569083ms)
✔ inputs symlink cannot escape its allowed directory (6.83ms)
✔ outputs symlink cannot escape its allowed directory (7.419875ms)
✔ invalid manifest structure is rejected (7.185417ms)
✔ malformed manifest digest is rejected (6.215625ms)
✔ missing worker file is rejected rather than silently omitted (6.012333ms)
ℹ tests 134
ℹ suites 0
ℹ pass 134
ℹ fail 0
ℹ cancelled 0
ℹ skipped 0
ℹ todo 0
ℹ duration_ms 4040.051417
