✔ immutable bounded intent survives reopen, canonical key ordering and scope binding (232.269541ms)
✔ prepared bytes persist exactly before submission and cannot be replaced (63.986ms)
✔ one durable claim and uncertainty survive restart; stale revision cannot submit (35.13275ms)
✔ caller observations require exact hash, canonical block and tuple; pending is not confirmed (21.376375ms)
✔ reverted receipt is never confirmed; dropped/unknown and rollback fence new work (38.078459ms)
✔ wrong scope/target/operator/static flag or registration arguments fail actual codec checks (111.435916ms)
✔ cached hash cannot authorize substituted calldata even when lookup returns intended args (61.932541ms)
✔ empty proof, stale cached Tx hash, trailing bytes and size overflow cannot persist (32.649875ms)
✔ reopen detects stored bytes/hash/observation tampering (96.370541ms)
✔ stored pending/included claim state is validated; rollback to pending reacquires it (103.212584ms)
✔ canonical inclusion permits the next batch without waiting for network finality (35.800833ms)
✔ two real connections enforce CAS and one job claim (24.123458ms)
✔ two actual worker processes released together produce exactly one durable claimant (590.0325ms)
✔ abrupt worker death after commit retains exact transaction and submission uncertainty (514.656709ms)
✔ unsafe permissions and symlink database fail closed (26.164583ms)
✔ symlink ancestors and unsafe or dangling SQLite sidecars fail before opening (66.370542ms)
✔ one step persists exact prepared bytes before send, then reconciles actual ABI state after restart (275.350791ms)
✔ ambiguous send is retained and never causes automatic reprepare or resend (81.373875ms)
✔ missing recovery fence stops before journal allocation, signing or send (12.773208ms)
✔ wrong operator or network fails before signing (31.885625ms)
✔ invalid proof validation or known public revert never reaches send (101.775083ms)
✔ an unrecorded preparation after restart requires recovery instead of duplicate signing (18.713541ms)
✔ canonical mismatch fences all later work, rather than reporting inclusion (69.451542ms)
✔ missing registered tuple after receipt success is a recovery stop (67.99625ms)
✔ safe state and issuer failures retain actionable codes without provider details (19.380333ms)
✔ a different rollup fails before sealing, signing or sending (9.366333ms)
✔ reads actual ABI batch/config with NO_FROM and returns latest node timestamp, never authorizes (190.288416ms)
✔ rejects wallet chain (0.312ms)
✔ rejects node chain (0.074833ms)
✔ rejects wallet version (0.071709ms)
✔ rejects node version (0.069ms)
✔ rejects agreeing wrong chain (0.05525ms)
✔ rejects absent deployed contract before registering (8.7285ms)
✔ rejects changed currentContractClassId (7.687042ms)
✔ rejects changed originalContractClassId (7.581167ms)
✔ rejects forged instance preimage even if advertised address/class match (9.369416ms)
✔ rejects wrong advertised contract address (6.898541ms)
✔ rejects wrong artifact name (0.152458ms)
✔ rejects changed private root inventory (0.0725ms)
✔ rejects immutable board mismatch (7.79925ms)
✔ rejects unavailable or invalid batch 0:0x0000000000000000000000000000000000000000000000000000000000000000 (7.728667ms)
✔ rejects unavailable or invalid batch 0:0x0000000000000000000000000000000000000000000000000000000000000014 (7.528333ms)
✔ rejects unavailable or invalid batch 1025:0x0000000000000000000000000000000000000000000000000000000000000014 (8.497292ms)
✔ rejects invalid requested batch 0 (0.132042ms)
✔ rejects invalid requested batch 01 (0.047084ms)
✔ rejects invalid requested batch -1 (0.044959ms)
✔ rejects invalid requested batch 18446744073709551616 (0.034375ms)
✔ rejects invalid requested batch 9007199254740992 (0.034125ms)
✔ rejects foreign author/key fields before touching wallet (0.049667ms)
✔ rejects field outside Fr modulus (0.069417ms)
✔ rejects malformed latest timestamp (8.400625ms)
✔ rejects overflowing batch window range (7.356333ms)
✔ rejects invalid immutable policy (7.345417ms)
✔ provider exceptions are sanitized without diagnostic stack metadata (0.161666ms)
ℹ tests 54
ℹ suites 0
ℹ pass 54
ℹ fail 0
ℹ cancelled 0
ℹ skipped 0
ℹ todo 0
ℹ duration_ms 5599.342208
