✔ immutable bounded intent survives reopen, canonical key ordering and scope binding (246.931ms)
✔ prepared bytes persist exactly before submission and cannot be replaced (70.159459ms)
✔ one durable claim and uncertainty survive restart; stale revision cannot submit (38.020916ms)
✔ caller observations require exact hash, canonical block and tuple; pending is not confirmed (23.755667ms)
✔ reverted receipt is never confirmed; dropped/unknown and rollback fence new work (42.613792ms)
✔ wrong scope/target/operator/static flag or registration arguments fail actual codec checks (120.407875ms)
✔ cached hash cannot authorize substituted calldata even when lookup returns intended args (42.366833ms)
✔ empty proof, stale cached Tx hash, trailing bytes and size overflow cannot persist (34.154708ms)
✔ reopen detects stored bytes/hash/observation tampering (103.666625ms)
✔ stored pending/included claim state is validated; rollback to pending reacquires it (109.351292ms)
✔ canonical inclusion permits the next batch without waiting for network finality (36.431083ms)
✔ two real connections enforce CAS and one job claim (25.071542ms)
✔ two actual worker processes released together produce exactly one durable claimant (567.996791ms)
✔ abrupt worker death after commit retains exact transaction and submission uncertainty (534.52425ms)
✔ unsafe permissions and symlink database fail closed (26.328792ms)
✔ symlink ancestors and unsafe or dangling SQLite sidecars fail before opening (70.436417ms)
✔ one step persists exact prepared bytes before send, then reconciles actual ABI state after restart (298.57025ms)
✔ ambiguous send is retained and never causes automatic reprepare or resend (84.716417ms)
✔ missing recovery fence stops before journal allocation, signing or send (11.883208ms)
✔ wrong operator or network fails before signing (33.982959ms)
✔ invalid proof validation or known public revert never reaches send (106.072666ms)
✔ an unrecorded preparation after restart requires recovery instead of duplicate signing (19.9395ms)
✔ canonical mismatch fences all later work, rather than reporting inclusion (71.751292ms)
✔ missing registered tuple after receipt success is a recovery stop (71.089334ms)
✔ safe state and issuer failures retain actionable codes without provider details (22.114041ms)
✔ reads actual ABI batch/config with NO_FROM and returns latest node timestamp, never authorizes (204.155875ms)
✔ rejects wallet chain (0.28875ms)
✔ rejects node chain (0.073291ms)
✔ rejects wallet version (0.067959ms)
✔ rejects node version (0.068667ms)
✔ rejects agreeing wrong chain (0.05675ms)
✔ rejects absent deployed contract before registering (9.502334ms)
✔ rejects changed currentContractClassId (9.100625ms)
✔ rejects changed originalContractClassId (17.336334ms)
✔ rejects forged instance preimage even if advertised address/class match (14.692541ms)
✔ rejects wrong advertised contract address (9.827ms)
✔ rejects wrong artifact name (0.203583ms)
✔ rejects changed private root inventory (0.080625ms)
✔ rejects immutable board mismatch (8.248917ms)
✔ rejects unavailable or invalid batch 0:0x0000000000000000000000000000000000000000000000000000000000000000 (9.743833ms)
✔ rejects unavailable or invalid batch 0:0x0000000000000000000000000000000000000000000000000000000000000014 (8.632833ms)
✔ rejects unavailable or invalid batch 1025:0x0000000000000000000000000000000000000000000000000000000000000014 (9.128958ms)
✔ rejects invalid requested batch 0 (0.16725ms)
✔ rejects invalid requested batch 01 (0.057708ms)
✔ rejects invalid requested batch -1 (0.036875ms)
✔ rejects invalid requested batch 18446744073709551616 (0.042834ms)
✔ rejects invalid requested batch 9007199254740992 (0.034583ms)
✔ rejects foreign author/key fields before touching wallet (0.049541ms)
✔ rejects field outside Fr modulus (0.070417ms)
✔ rejects malformed latest timestamp (8.161583ms)
✔ rejects overflowing batch window range (7.7415ms)
✔ rejects invalid immutable policy (11.185375ms)
✔ provider exceptions are sanitized without diagnostic stack metadata (0.179208ms)
ℹ tests 53
ℹ suites 0
ℹ pass 53
ℹ fail 0
ℹ cancelled 0
ℹ skipped 0
ℹ todo 0
ℹ duration_ms 3576.392584
