{"browserSmoke":{"elapsedMs":5,"stage":"http-server","state":"listening"}}
{"browserSmoke":{"elapsedMs":6,"consumer":"sdk-only","stage":"browser-launch","state":"started"}}
{"browserSmoke":{"elapsedMs":842,"consumer":"sdk-only","stage":"browser-launch","state":"completed"}}
{"browserSmoke":{"elapsedMs":842,"consumer":"sdk-only","stage":"page-create","state":"started"}}
{"browserSmoke":{"elapsedMs":1062,"consumer":"sdk-only","stage":"page-create","state":"completed"}}
{"browserSmoke":{"elapsedMs":1062,"consumer":"sdk-only","stage":"expose-function","state":"started"}}
{"browserSmoke":{"elapsedMs":1080,"consumer":"sdk-only","stage":"expose-function","state":"completed"}}
{"browserSmoke":{"elapsedMs":1080,"consumer":"sdk-only","stage":"install-readiness-markers","state":"started"}}
{"browserSmoke":{"elapsedMs":1081,"consumer":"sdk-only","stage":"install-readiness-markers","state":"completed"}}
{"browserSmoke":{"elapsedMs":1081,"consumer":"sdk-only","stage":"navigation","state":"started"}}
{"browserSmoke":{"elapsedMs":1084,"consumer":"sdk-only","stage":"browser-request","state":"started","path":"/"}}
{"browserSmoke":{"elapsedMs":1089,"consumer":"sdk-only","stage":"http","requestId":1,"path":"/","state":"request-received"}}
{"browserSmoke":{"elapsedMs":1095,"consumer":"sdk-only","stage":"http","requestId":1,"path":"/","state":"response-finished","status":200,"bodyBytes":276,"durationMs":7}}
{"browserSmoke":{"elapsedMs":1106,"consumer":"sdk-only","stage":"browser-response","state":"headers","path":"/","status":200}}
{"browserSmoke":{"elapsedMs":1150,"consumer":"sdk-only","stage":"http","requestId":2,"path":"/aztec_bundle.js","state":"request-received"}}
{"browserSmoke":{"elapsedMs":1152,"consumer":"sdk-only","stage":"browser-request","state":"started","path":"/aztec_bundle.js"}}
{"browserSmoke":{"elapsedMs":1156,"consumer":"sdk-only","stage":"script.sdk","state":"before-script","browserElapsedMs":71}}
{"browserSmoke":{"elapsedMs":1158,"consumer":"sdk-only","stage":"browser-request","state":"finished","path":"/"}}
{"browserSmoke":{"elapsedMs":1160,"consumer":"sdk-only","stage":"http","requestId":2,"path":"/aztec_bundle.js","state":"file-read-completed","bodyBytes":50177704,"durationMs":10}}
{"browserSmoke":{"elapsedMs":1413,"consumer":"sdk-only","stage":"http","requestId":2,"path":"/aztec_bundle.js","state":"response-finished","status":200,"bodyBytes":50177704,"durationMs":263}}
{"browserSmoke":{"elapsedMs":1532,"consumer":"sdk-only","stage":"browser-response","state":"headers","path":"/aztec_bundle.js","status":200}}
{"browserSmoke":{"elapsedMs":1533,"consumer":"sdk-only","stage":"browser-request","state":"finished","path":"/aztec_bundle.js"}}
{"browserSmoke":{"elapsedMs":2177,"consumer":"sdk-only","stage":"script.sdk","state":"script-load","browserElapsedMs":1094}}
{"browserSmoke":{"elapsedMs":2178,"consumer":"sdk-only","stage":"script.sdk","state":"after-script","browserElapsedMs":1094}}
{"browserSmoke":{"elapsedMs":2179,"consumer":"sdk-only","stage":"script.document","state":"dom-content-loaded","browserElapsedMs":1096}}
{"browserSmoke":{"elapsedMs":2180,"consumer":"sdk-only","stage":"script.document","state":"load","browserElapsedMs":1097}}
{"browserSmoke":{"elapsedMs":2180,"consumer":"sdk-only","stage":"navigation","state":"completed"}}
{"browserSmoke":{"elapsedMs":2181,"consumer":"sdk-only","stage":"sync-prover-init","state":"started"}}
{"browserSmoke":{"elapsedMs":2405,"consumer":"sdk-only","stage":"sync-prover-init","state":"completed","durationMs":223}}
{"browserSmoke":{"elapsedMs":2405,"consumer":"sdk-only","stage":"poseidon","state":"started"}}
{"browserSmoke":{"elapsedMs":2409,"consumer":"sdk-only","stage":"poseidon","state":"completed","durationMs":4}}
{"browserSmoke":{"elapsedMs":2410,"consumer":"sdk-only","stage":"async-prover-init","state":"started"}}
{"browserSmoke":{"elapsedMs":2411,"consumer":"sdk-only","stage":"browser-request","state":"started","path":"/bb-main.worker.js"}}
{"browserSmoke":{"elapsedMs":2412,"consumer":"sdk-only","stage":"http","requestId":3,"path":"/bb-main.worker.js","state":"request-received"}}
{"browserSmoke":{"elapsedMs":2412,"consumer":"sdk-only","stage":"http","requestId":3,"path":"/bb-main.worker.js","state":"file-read-completed","bodyBytes":22772,"durationMs":0}}
{"browserSmoke":{"elapsedMs":2413,"consumer":"sdk-only","stage":"http","requestId":3,"path":"/bb-main.worker.js","state":"response-finished","status":200,"bodyBytes":22772,"durationMs":1}}
{"browserSmoke":{"elapsedMs":2417,"consumer":"sdk-only","stage":"browser-response","state":"headers","path":"/bb-main.worker.js","status":200}}
{"browserSmoke":{"elapsedMs":2418,"consumer":"sdk-only","stage":"browser-request","state":"finished","path":"/bb-main.worker.js"}}
{"browserSmoke":{"elapsedMs":2586,"consumer":"sdk-only","stage":"http","requestId":4,"path":"/bb-thread.worker.js","state":"request-received"}}
{"browserSmoke":{"elapsedMs":2586,"consumer":"sdk-only","stage":"browser-request","state":"started","path":"/bb-thread.worker.js"}}
{"browserSmoke":{"elapsedMs":2587,"consumer":"sdk-only","stage":"http","requestId":4,"path":"/bb-thread.worker.js","state":"file-read-completed","bodyBytes":15377,"durationMs":1}}
{"browserSmoke":{"elapsedMs":2587,"consumer":"sdk-only","stage":"http","requestId":4,"path":"/bb-thread.worker.js","state":"response-finished","status":200,"bodyBytes":15377,"durationMs":1}}
{"browserSmoke":{"elapsedMs":2589,"consumer":"sdk-only","stage":"browser-response","state":"headers","path":"/bb-thread.worker.js","status":200}}
{"browserSmoke":{"elapsedMs":2589,"consumer":"sdk-only","stage":"browser-request","state":"finished","path":"/bb-thread.worker.js"}}
{"browserSmoke":{"elapsedMs":2591,"consumer":"sdk-only","stage":"async-prover-init","state":"completed","durationMs":181}}
{"browserSmoke":{"elapsedMs":2592,"consumer":"sdk-only","stage":"async-prover-destroy","state":"started"}}
{"browserSmoke":{"elapsedMs":2593,"consumer":"sdk-only","stage":"async-prover-destroy","state":"completed","durationMs":1}}
{"browserSmoke":{"elapsedMs":2594,"consumer":"sdk-only","stage":"sqlite-open","state":"started"}}
{"browserSmoke":{"elapsedMs":2594,"consumer":"sdk-only","stage":"browser-request","state":"started","path":"/sqlite.worker.js"}}
{"browserSmoke":{"elapsedMs":2595,"consumer":"sdk-only","stage":"http","requestId":5,"path":"/sqlite.worker.js","state":"request-received"}}
{"browserSmoke":{"elapsedMs":2595,"consumer":"sdk-only","stage":"http","requestId":5,"path":"/sqlite.worker.js","state":"file-read-completed","bodyBytes":476347,"durationMs":1}}
{"browserSmoke":{"elapsedMs":2595,"consumer":"sdk-only","stage":"http","requestId":5,"path":"/sqlite.worker.js","state":"response-finished","status":200,"bodyBytes":476347,"durationMs":1}}
{"browserSmoke":{"elapsedMs":2597,"consumer":"sdk-only","stage":"browser-response","state":"headers","path":"/sqlite.worker.js","status":200}}
{"browserSmoke":{"elapsedMs":2602,"consumer":"sdk-only","stage":"browser-request","state":"finished","path":"/sqlite.worker.js"}}
{"browserSmoke":{"elapsedMs":2610,"consumer":"sdk-only","stage":"http","requestId":6,"path":"/sqlite3.wasm","state":"request-received"}}
{"browserSmoke":{"elapsedMs":2610,"consumer":"sdk-only","stage":"browser-request","state":"started","path":"/sqlite3.wasm"}}
{"browserSmoke":{"elapsedMs":2611,"consumer":"sdk-only","stage":"http","requestId":6,"path":"/sqlite3.wasm","state":"file-read-completed","bodyBytes":1058719,"durationMs":1}}
{"browserSmoke":{"elapsedMs":2611,"consumer":"sdk-only","stage":"http","requestId":6,"path":"/sqlite3.wasm","state":"response-finished","status":200,"bodyBytes":1058719,"durationMs":2}}
{"browserSmoke":{"elapsedMs":2612,"consumer":"sdk-only","stage":"browser-response","state":"headers","path":"/sqlite3.wasm","status":200}}
{"browserSmoke":{"elapsedMs":2634,"consumer":"sdk-only","stage":"browser-request","state":"started","path":"/sqlite3-opfs-async-proxy.js"}}
{"browserSmoke":{"elapsedMs":2634,"consumer":"sdk-only","stage":"http","requestId":7,"path":"/sqlite3-opfs-async-proxy.js","state":"request-received"}}
{"browserSmoke":{"elapsedMs":2634,"consumer":"sdk-only","stage":"browser-request","state":"finished","path":"/sqlite3.wasm"}}
{"browserSmoke":{"elapsedMs":2634,"consumer":"sdk-only","stage":"http","requestId":7,"path":"/sqlite3-opfs-async-proxy.js","state":"file-read-completed","bodyBytes":24541,"durationMs":0}}
{"browserSmoke":{"elapsedMs":2634,"consumer":"sdk-only","stage":"http","requestId":7,"path":"/sqlite3-opfs-async-proxy.js","state":"response-finished","status":200,"bodyBytes":24541,"durationMs":1}}
{"browserSmoke":{"elapsedMs":2636,"consumer":"sdk-only","stage":"browser-response","state":"headers","path":"/sqlite3-opfs-async-proxy.js","status":200}}
{"browserSmoke":{"elapsedMs":2638,"consumer":"sdk-only","stage":"browser-request","state":"finished","path":"/sqlite3-opfs-async-proxy.js"}}
{"browserSmoke":{"elapsedMs":2643,"consumer":"sdk-only","stage":"browser-request","state":"started","path":"/sqlite3-opfs-async-proxy.js"}}
{"browserSmoke":{"elapsedMs":2643,"consumer":"sdk-only","stage":"http","requestId":8,"path":"/sqlite3-opfs-async-proxy.js","state":"request-received"}}
{"browserSmoke":{"elapsedMs":2644,"consumer":"sdk-only","stage":"http","requestId":8,"path":"/sqlite3-opfs-async-proxy.js","state":"file-read-completed","bodyBytes":24541,"durationMs":0}}
{"browserSmoke":{"elapsedMs":2644,"consumer":"sdk-only","stage":"http","requestId":8,"path":"/sqlite3-opfs-async-proxy.js","state":"response-finished","status":200,"bodyBytes":24541,"durationMs":0}}
{"browserSmoke":{"elapsedMs":2646,"consumer":"sdk-only","stage":"browser-response","state":"headers","path":"/sqlite3-opfs-async-proxy.js","status":200}}
{"browserSmoke":{"elapsedMs":2647,"consumer":"sdk-only","stage":"browser-request","state":"finished","path":"/sqlite3-opfs-async-proxy.js"}}
{"browserSmoke":{"elapsedMs":2660,"consumer":"sdk-only","stage":"sqlite-open","state":"completed","durationMs":66}}
{"browserSmoke":{"elapsedMs":2661,"consumer":"sdk-only","stage":"sqlite-write","state":"started"}}
{"browserSmoke":{"elapsedMs":2666,"consumer":"sdk-only","stage":"sqlite-write","state":"completed","durationMs":6}}
{"browserSmoke":{"elapsedMs":2667,"consumer":"sdk-only","stage":"sqlite-read","state":"started"}}
{"browserSmoke":{"elapsedMs":2668,"consumer":"sdk-only","stage":"sqlite-read","state":"completed","durationMs":1}}
{"browserSmoke":{"elapsedMs":2669,"consumer":"sdk-only","stage":"sqlite-close","state":"started"}}
{"browserSmoke":{"elapsedMs":2670,"consumer":"sdk-only","stage":"sqlite-close","state":"completed","durationMs":1}}
{"browserSmoke":{"elapsedMs":2671,"consumer":"sdk-only","stage":"real-browser-encrypted-coupon-store","state":"started"}}
{"browserSmoke":{"elapsedMs":2683,"consumer":"sdk-only","stage":"real-browser-encrypted-coupon-store","state":"completed","durationMs":12}}
{"browserSmoke":{"elapsedMs":2689,"consumer":"sdk-only","stage":"browser","state":"disconnected","deadlineExceeded":false}}
{
  "outcome": "pass",
  "navigationTimeoutMsPerConsumer": 30000,
  "evaluationTimeoutMsPerConsumer": 120000,
  "isolation": "Fresh browser process and disposable profile per consumer",
  "consumers": [
    {
      "consumer": "sdk-only",
      "outcome": "pass",
      "browser": "145.0.7632.6",
      "evaluationMs": 505,
      "couponStorage": "real IndexedDB encrypted reopen and atomic attempted state passed",
      "crs": "skipped",
      "bn254Inputs": [],
      "legacyBuffer": "01",
      "exports": 76,
      "crossOriginIsolated": true,
      "poseidon": "0x038682aa1cb5ae4e0a3f13da432a95c77c5c111f6f030faf9cad641ce1ed7383",
      "sqlite": "value",
      "workers": "initialized and destroyed"
    }
  ],
  "sourceHashes": {
    ".build/sdk/aztec_bundle.js": "5434a01984bb8086b5e3d290fb24d71feeb79af6dc224d3d5e0eac280f553fdd",
    "scripts/test-sdk-browser.mjs": "b4403dd805bdcfab81d0ce0e9eb56af1a07d786d9e1f5669a11ec96584bfa8dd"
  },
  "stages": [
    {
      "elapsedMs": 5,
      "stage": "http-server",
      "state": "listening"
    },
    {
      "elapsedMs": 6,
      "consumer": "sdk-only",
      "stage": "browser-launch",
      "state": "started"
    },
    {
      "elapsedMs": 842,
      "consumer": "sdk-only",
      "stage": "browser-launch",
      "state": "completed"
    },
    {
      "elapsedMs": 842,
      "consumer": "sdk-only",
      "stage": "page-create",
      "state": "started"
    },
    {
      "elapsedMs": 1062,
      "consumer": "sdk-only",
      "stage": "page-create",
      "state": "completed"
    },
    {
      "elapsedMs": 1062,
      "consumer": "sdk-only",
      "stage": "expose-function",
      "state": "started"
    },
    {
      "elapsedMs": 1080,
      "consumer": "sdk-only",
      "stage": "expose-function",
      "state": "completed"
    },
    {
      "elapsedMs": 1080,
      "consumer": "sdk-only",
      "stage": "install-readiness-markers",
      "state": "started"
    },
    {
      "elapsedMs": 1081,
      "consumer": "sdk-only",
      "stage": "install-readiness-markers",
      "state": "completed"
    },
    {
      "elapsedMs": 1081,
      "consumer": "sdk-only",
      "stage": "navigation",
      "state": "started"
    },
    {
      "elapsedMs": 1084,
      "consumer": "sdk-only",
      "stage": "browser-request",
      "state": "started",
      "path": "/"
    },
    {
      "elapsedMs": 1089,
      "consumer": "sdk-only",
      "stage": "http",
      "requestId": 1,
      "path": "/",
      "state": "request-received"
    },
    {
      "elapsedMs": 1095,
      "consumer": "sdk-only",
      "stage": "http",
      "requestId": 1,
      "path": "/",
      "state": "response-finished",
      "status": 200,
      "bodyBytes": 276,
      "durationMs": 7
    },
    {
      "elapsedMs": 1106,
      "consumer": "sdk-only",
      "stage": "browser-response",
      "state": "headers",
      "path": "/",
      "status": 200
    },
    {
      "elapsedMs": 1150,
      "consumer": "sdk-only",
      "stage": "http",
      "requestId": 2,
      "path": "/aztec_bundle.js",
      "state": "request-received"
    },
    {
      "elapsedMs": 1152,
      "consumer": "sdk-only",
      "stage": "browser-request",
      "state": "started",
      "path": "/aztec_bundle.js"
    },
    {
      "elapsedMs": 1156,
      "consumer": "sdk-only",
      "stage": "script.sdk",
      "state": "before-script",
      "browserElapsedMs": 71
    },
    {
      "elapsedMs": 1158,
      "consumer": "sdk-only",
      "stage": "browser-request",
      "state": "finished",
      "path": "/"
    },
    {
      "elapsedMs": 1160,
      "consumer": "sdk-only",
      "stage": "http",
      "requestId": 2,
      "path": "/aztec_bundle.js",
      "state": "file-read-completed",
      "bodyBytes": 50177704,
      "durationMs": 10
    },
    {
      "elapsedMs": 1413,
      "consumer": "sdk-only",
      "stage": "http",
      "requestId": 2,
      "path": "/aztec_bundle.js",
      "state": "response-finished",
      "status": 200,
      "bodyBytes": 50177704,
      "durationMs": 263
    },
    {
      "elapsedMs": 1532,
      "consumer": "sdk-only",
      "stage": "browser-response",
      "state": "headers",
      "path": "/aztec_bundle.js",
      "status": 200
    },
    {
      "elapsedMs": 1533,
      "consumer": "sdk-only",
      "stage": "browser-request",
      "state": "finished",
      "path": "/aztec_bundle.js"
    },
    {
      "elapsedMs": 2177,
      "consumer": "sdk-only",
      "stage": "script.sdk",
      "state": "script-load",
      "browserElapsedMs": 1094
    },
    {
      "elapsedMs": 2178,
      "consumer": "sdk-only",
      "stage": "script.sdk",
      "state": "after-script",
      "browserElapsedMs": 1094
    },
    {
      "elapsedMs": 2179,
      "consumer": "sdk-only",
      "stage": "script.document",
      "state": "dom-content-loaded",
      "browserElapsedMs": 1096
    },
    {
      "elapsedMs": 2180,
      "consumer": "sdk-only",
      "stage": "script.document",
      "state": "load",
      "browserElapsedMs": 1097
    },
    {
      "elapsedMs": 2180,
      "consumer": "sdk-only",
      "stage": "navigation",
      "state": "completed"
    },
    {
      "elapsedMs": 2181,
      "consumer": "sdk-only",
      "stage": "sync-prover-init",
      "state": "started"
    },
    {
      "elapsedMs": 2405,
      "consumer": "sdk-only",
      "stage": "sync-prover-init",
      "state": "completed",
      "durationMs": 223
    },
    {
      "elapsedMs": 2405,
      "consumer": "sdk-only",
      "stage": "poseidon",
      "state": "started"
    },
    {
      "elapsedMs": 2409,
      "consumer": "sdk-only",
      "stage": "poseidon",
      "state": "completed",
      "durationMs": 4
    },
    {
      "elapsedMs": 2410,
      "consumer": "sdk-only",
      "stage": "async-prover-init",
      "state": "started"
    },
    {
      "elapsedMs": 2411,
      "consumer": "sdk-only",
      "stage": "browser-request",
      "state": "started",
      "path": "/bb-main.worker.js"
    },
    {
      "elapsedMs": 2412,
      "consumer": "sdk-only",
      "stage": "http",
      "requestId": 3,
      "path": "/bb-main.worker.js",
      "state": "request-received"
    },
    {
      "elapsedMs": 2412,
      "consumer": "sdk-only",
      "stage": "http",
      "requestId": 3,
      "path": "/bb-main.worker.js",
      "state": "file-read-completed",
      "bodyBytes": 22772,
      "durationMs": 0
    },
    {
      "elapsedMs": 2413,
      "consumer": "sdk-only",
      "stage": "http",
      "requestId": 3,
      "path": "/bb-main.worker.js",
      "state": "response-finished",
      "status": 200,
      "bodyBytes": 22772,
      "durationMs": 1
    },
    {
      "elapsedMs": 2417,
      "consumer": "sdk-only",
      "stage": "browser-response",
      "state": "headers",
      "path": "/bb-main.worker.js",
      "status": 200
    },
    {
      "elapsedMs": 2418,
      "consumer": "sdk-only",
      "stage": "browser-request",
      "state": "finished",
      "path": "/bb-main.worker.js"
    },
    {
      "elapsedMs": 2586,
      "consumer": "sdk-only",
      "stage": "http",
      "requestId": 4,
      "path": "/bb-thread.worker.js",
      "state": "request-received"
    },
    {
      "elapsedMs": 2586,
      "consumer": "sdk-only",
      "stage": "browser-request",
      "state": "started",
      "path": "/bb-thread.worker.js"
    },
    {
      "elapsedMs": 2587,
      "consumer": "sdk-only",
      "stage": "http",
      "requestId": 4,
      "path": "/bb-thread.worker.js",
      "state": "file-read-completed",
      "bodyBytes": 15377,
      "durationMs": 1
    },
    {
      "elapsedMs": 2587,
      "consumer": "sdk-only",
      "stage": "http",
      "requestId": 4,
      "path": "/bb-thread.worker.js",
      "state": "response-finished",
      "status": 200,
      "bodyBytes": 15377,
      "durationMs": 1
    },
    {
      "elapsedMs": 2589,
      "consumer": "sdk-only",
      "stage": "browser-response",
      "state": "headers",
      "path": "/bb-thread.worker.js",
      "status": 200
    },
    {
      "elapsedMs": 2589,
      "consumer": "sdk-only",
      "stage": "browser-request",
      "state": "finished",
      "path": "/bb-thread.worker.js"
    },
    {
      "elapsedMs": 2591,
      "consumer": "sdk-only",
      "stage": "async-prover-init",
      "state": "completed",
      "durationMs": 181
    },
    {
      "elapsedMs": 2592,
      "consumer": "sdk-only",
      "stage": "async-prover-destroy",
      "state": "started"
    },
    {
      "elapsedMs": 2593,
      "consumer": "sdk-only",
      "stage": "async-prover-destroy",
      "state": "completed",
      "durationMs": 1
    },
    {
      "elapsedMs": 2594,
      "consumer": "sdk-only",
      "stage": "sqlite-open",
      "state": "started"
    },
    {
      "elapsedMs": 2594,
      "consumer": "sdk-only",
      "stage": "browser-request",
      "state": "started",
      "path": "/sqlite.worker.js"
    },
    {
      "elapsedMs": 2595,
      "consumer": "sdk-only",
      "stage": "http",
      "requestId": 5,
      "path": "/sqlite.worker.js",
      "state": "request-received"
    },
    {
      "elapsedMs": 2595,
      "consumer": "sdk-only",
      "stage": "http",
      "requestId": 5,
      "path": "/sqlite.worker.js",
      "state": "file-read-completed",
      "bodyBytes": 476347,
      "durationMs": 1
    },
    {
      "elapsedMs": 2595,
      "consumer": "sdk-only",
      "stage": "http",
      "requestId": 5,
      "path": "/sqlite.worker.js",
      "state": "response-finished",
      "status": 200,
      "bodyBytes": 476347,
      "durationMs": 1
    },
    {
      "elapsedMs": 2597,
      "consumer": "sdk-only",
      "stage": "browser-response",
      "state": "headers",
      "path": "/sqlite.worker.js",
      "status": 200
    },
    {
      "elapsedMs": 2602,
      "consumer": "sdk-only",
      "stage": "browser-request",
      "state": "finished",
      "path": "/sqlite.worker.js"
    },
    {
      "elapsedMs": 2610,
      "consumer": "sdk-only",
      "stage": "http",
      "requestId": 6,
      "path": "/sqlite3.wasm",
      "state": "request-received"
    },
    {
      "elapsedMs": 2610,
      "consumer": "sdk-only",
      "stage": "browser-request",
      "state": "started",
      "path": "/sqlite3.wasm"
    },
    {
      "elapsedMs": 2611,
      "consumer": "sdk-only",
      "stage": "http",
      "requestId": 6,
      "path": "/sqlite3.wasm",
      "state": "file-read-completed",
      "bodyBytes": 1058719,
      "durationMs": 1
    },
    {
      "elapsedMs": 2611,
      "consumer": "sdk-only",
      "stage": "http",
      "requestId": 6,
      "path": "/sqlite3.wasm",
      "state": "response-finished",
      "status": 200,
      "bodyBytes": 1058719,
      "durationMs": 2
    },
    {
      "elapsedMs": 2612,
      "consumer": "sdk-only",
      "stage": "browser-response",
      "state": "headers",
      "path": "/sqlite3.wasm",
      "status": 200
    },
    {
      "elapsedMs": 2634,
      "consumer": "sdk-only",
      "stage": "browser-request",
      "state": "started",
      "path": "/sqlite3-opfs-async-proxy.js"
    },
    {
      "elapsedMs": 2634,
      "consumer": "sdk-only",
      "stage": "http",
      "requestId": 7,
      "path": "/sqlite3-opfs-async-proxy.js",
      "state": "request-received"
    },
    {
      "elapsedMs": 2634,
      "consumer": "sdk-only",
      "stage": "browser-request",
      "state": "finished",
      "path": "/sqlite3.wasm"
    },
    {
      "elapsedMs": 2634,
      "consumer": "sdk-only",
      "stage": "http",
      "requestId": 7,
      "path": "/sqlite3-opfs-async-proxy.js",
      "state": "file-read-completed",
      "bodyBytes": 24541,
      "durationMs": 0
    },
    {
      "elapsedMs": 2634,
      "consumer": "sdk-only",
      "stage": "http",
      "requestId": 7,
      "path": "/sqlite3-opfs-async-proxy.js",
      "state": "response-finished",
      "status": 200,
      "bodyBytes": 24541,
      "durationMs": 1
    },
    {
      "elapsedMs": 2636,
      "consumer": "sdk-only",
      "stage": "browser-response",
      "state": "headers",
      "path": "/sqlite3-opfs-async-proxy.js",
      "status": 200
    },
    {
      "elapsedMs": 2638,
      "consumer": "sdk-only",
      "stage": "browser-request",
      "state": "finished",
      "path": "/sqlite3-opfs-async-proxy.js"
    },
    {
      "elapsedMs": 2643,
      "consumer": "sdk-only",
      "stage": "browser-request",
      "state": "started",
      "path": "/sqlite3-opfs-async-proxy.js"
    },
    {
      "elapsedMs": 2643,
      "consumer": "sdk-only",
      "stage": "http",
      "requestId": 8,
      "path": "/sqlite3-opfs-async-proxy.js",
      "state": "request-received"
    },
    {
      "elapsedMs": 2644,
      "consumer": "sdk-only",
      "stage": "http",
      "requestId": 8,
      "path": "/sqlite3-opfs-async-proxy.js",
      "state": "file-read-completed",
      "bodyBytes": 24541,
      "durationMs": 0
    },
    {
      "elapsedMs": 2644,
      "consumer": "sdk-only",
      "stage": "http",
      "requestId": 8,
      "path": "/sqlite3-opfs-async-proxy.js",
      "state": "response-finished",
      "status": 200,
      "bodyBytes": 24541,
      "durationMs": 0
    },
    {
      "elapsedMs": 2646,
      "consumer": "sdk-only",
      "stage": "browser-response",
      "state": "headers",
      "path": "/sqlite3-opfs-async-proxy.js",
      "status": 200
    },
    {
      "elapsedMs": 2647,
      "consumer": "sdk-only",
      "stage": "browser-request",
      "state": "finished",
      "path": "/sqlite3-opfs-async-proxy.js"
    },
    {
      "elapsedMs": 2660,
      "consumer": "sdk-only",
      "stage": "sqlite-open",
      "state": "completed",
      "durationMs": 66
    },
    {
      "elapsedMs": 2661,
      "consumer": "sdk-only",
      "stage": "sqlite-write",
      "state": "started"
    },
    {
      "elapsedMs": 2666,
      "consumer": "sdk-only",
      "stage": "sqlite-write",
      "state": "completed",
      "durationMs": 6
    },
    {
      "elapsedMs": 2667,
      "consumer": "sdk-only",
      "stage": "sqlite-read",
      "state": "started"
    },
    {
      "elapsedMs": 2668,
      "consumer": "sdk-only",
      "stage": "sqlite-read",
      "state": "completed",
      "durationMs": 1
    },
    {
      "elapsedMs": 2669,
      "consumer": "sdk-only",
      "stage": "sqlite-close",
      "state": "started"
    },
    {
      "elapsedMs": 2670,
      "consumer": "sdk-only",
      "stage": "sqlite-close",
      "state": "completed",
      "durationMs": 1
    },
    {
      "elapsedMs": 2671,
      "consumer": "sdk-only",
      "stage": "real-browser-encrypted-coupon-store",
      "state": "started"
    },
    {
      "elapsedMs": 2683,
      "consumer": "sdk-only",
      "stage": "real-browser-encrypted-coupon-store",
      "state": "completed",
      "durationMs": 12
    },
    {
      "elapsedMs": 2689,
      "consumer": "sdk-only",
      "stage": "browser",
      "state": "disconnected",
      "deadlineExceeded": false
    }
  ]
}
