✔ two local authors receive distinct verified coupons from one real HTTP issuer batch (135.537834ms)
✔ real HTTP reservation, commitment, operator-only seal and pending retrieval (144.525ms)
✔ strict payload fields and fixed safe failures over real HTTP (11.001709ms)
✔ methods, fixed paths, credentials, encoding and malformed JSON are rejected (8.507125ms)
✔ exact CORS allowlist, bounded preflight and privacy headers (5.76675ms)
✔ declared and chunked request bodies are bounded before issuer mutation (5.487458ms)
✔ global admission rate rejects further requests without identity buckets (5.6405ms)
✔ global in-flight bound and server deadline limit stalled operations (103.401666ms)
✔ partial request body is closed at the server deadline (86.217416ms)
✔ internal database or implementation errors never expose diagnostics (2.483666ms)
✔ browser request explicitly omits credentials and referrers and forbids redirects (0.391ms)
✔ transport rejects unsafe origins and secret-bearing inputs before fetch (0.261708ms)
✔ transport rejects changed scope, unknown response fields and registration fiction (0.682417ms)
✔ transport caps actual streamed response bytes on loopback HTTP (1.981708ms)
✔ transport total deadline bounds stalled fetch and stream regardless of injected cancellation (102.098542ms)
✔ transport sanitizes network and remote error bodies (0.32375ms)
✔ parser rejects oversized headers and invalid UTF-8 cannot mutate issuer (7.976958ms)
✔ transport rejects redirects, declared oversize, malformed JSON and wrong media type (0.334291ms)
✔ transport rejects malformed submitted receipts and membership paths (0.508542ms)
✔ misrouted RPC credential is rejected before issuer allocation (3.927625ms)
✔ invalid response headers cancel a body before reader acquisition (0.226333ms)
ℹ tests 21
ℹ suites 0
ℹ pass 21
ℹ fail 0
ℹ cancelled 0
ℹ skipped 0
ℹ todo 0
ℹ duration_ms 727.768084
