✔ wallet-free cache resumes bounded pages without rescanning completed history (6.846708ms)
✔ snapshot pagination neither duplicates nor misses posts when newer ones arrive (0.999458ms)
✔ same-height reorg rolls back affected pages and invalidates pagination (0.832833ms)
✔ flag-only block updates a cached post without scanning its publication (0.615792ms)
✔ failed atomic persistence retains prior checkpoint and retries same page (0.37925ms)
✔ chain change during fetch never commits fetched events (0.154834ms)
✔ identical event duplicates deduplicate; conflicting payloads fail (0.625458ms)
✔ unexpected private fields, wrong scope and out-of-range results cannot enter cache (0.328041ms)
✔ bounded rollback can discard cache and rebuild after deep reorg (0.437167ms)
✔ capacity failure is explicit and does not advance past missing events (0.262292ms)
✔ RPC failure preserves cached data and cursor (0.232167ms)
✔ malformed restored cache and concurrent sync are rejected (2.659167ms)
ℹ tests 12
ℹ suites 0
ℹ pass 12
ℹ fail 0
ℹ cancelled 0
ℹ skipped 0
ℹ todo 0
ℹ duration_ms 60.588041
