✔ wallet-free cache resumes bounded pages without rescanning completed history (6.779125ms)
✔ snapshot pagination neither duplicates nor misses posts when newer ones arrive (0.897417ms)
✔ same-height reorg rolls back affected pages and invalidates pagination (0.644083ms)
✔ flag-only block updates a cached post without scanning its publication (0.570042ms)
✔ failed atomic persistence retains prior checkpoint and retries same page (0.351375ms)
✔ chain change during fetch never commits fetched events (0.147584ms)
✔ identical event duplicates deduplicate; conflicting payloads fail (0.267458ms)
✔ unexpected private fields, wrong scope and out-of-range results cannot enter cache (0.45975ms)
✔ bounded rollback can discard cache and rebuild after deep reorg (0.400416ms)
✔ capacity failure is explicit and does not advance past missing events (0.708583ms)
✔ RPC failure preserves cached data and cursor (0.199583ms)
✔ malformed restored cache and concurrent sync are rejected (2.580917ms)
ℹ tests 12
ℹ suites 0
ℹ pass 12
ℹ fail 0
ℹ cancelled 0
ℹ skipped 0
ℹ todo 0
ℹ duration_ms 54.403375
