✔ matching synthetic artifacts and recorded sources pass (8.320708ms)
✔ stale deploy Noir copy is rejected (5.313833ms)
✔ stale censor Noir copy is rejected (4.889625ms)
✔ missing verification key is rejected even when all consumer copies agree (5.527417ms)
✔ empty private function set is rejected even when all consumer copies agree (5.265583ms)
✔ only public functions is rejected even when all consumer copies agree (5.695666ms)
✔ untranspiled artifact is rejected even when all consumer copies agree (5.96025ms)
✔ truthy non-boolean transpilation marker is rejected even when all consumer copies agree (5.686166ms)
✔ stale portal bytecode is rejected: apps/src/billboard/portal_bytecode.txt (4.446042ms)
✔ stale portal bytecode is rejected: apps/src/billboard/deploy/portal_bytecode.txt (5.05425ms)
✔ portal source drift is rejected by embedded compiler provenance (4.589333ms)
✔ missing Solidity source provenance is rejected (5.203125ms)
✔ string-encoded Solidity metadata remains supported (6.207709ms)
✔ Noir source drift requires a rebuild (5.71625ms)
✔ Noir dependency declaration drift requires a rebuild (4.871583ms)
✔ root dependency lock drift requires a rebuild (5.285291ms)
✔ portal dependency lock drift requires a rebuild (4.653083ms)
✔ compiler configuration drift requires a rebuild (6.226666ms)
✔ toolchain pins drift requires a rebuild (5.818958ms)
✔ contract builder drift requires a rebuild (5.2525ms)
✔ Noir debug-path normalizer drift requires a rebuild (4.864042ms)
✔ Noir dependency verifier drift requires a rebuild (4.974917ms)
✔ Noir dependency pins drift requires a rebuild (5.133208ms)
✔ new Noir source omitted from the old manifest requires a rebuild (5.847792ms)
✔ contract manifest input hash tampering is rejected (5.375583ms)
✔ contract manifest noir hash tampering is rejected (5.810959ms)
✔ contract manifest portal hash tampering is rejected (4.772292ms)
✔ synchronized altered Noir artifacts still fail the recorded build hash (5.094208ms)
✔ synchronized altered portal bytecode still fails the recorded build hash (5.035792ms)
✔ privateFee key, extra route and stale content fail closed (6.024917ms)
✔ user renders stable public IDs, Unicode and moderation reasons without wallet reads (1.338459ms)
✔ censor renders stable public IDs, Unicode and moderation reasons without wallet reads (0.564084ms)
✔ user countdown does not announce withdrawal eligibility while screened debt remains (0.562625ms)
✔ all verified local bytes reach SRS with the pinned v5 point counts (14.728458ms)
✔ old uncompressed-size local BN254 data is rejected before any prover call (0.465041ms)
✔ corrupt same-size cache and CDN bytes cannot initialize SRS (21.659459ms)
✔ bad local cache and bad first CDN fall back only to hash-verified second CDN bytes (13.494458ms)
✔ g1.dat uses the official v5 CDN filename and exact range (24.642167ms)
✔ grumpkin_g1.dat uses the official v5 CDN filename and exact range (13.838542ms)
✔ missing manifest is rejected before any data request (0.234625ms)
✔ different SDK release is rejected before any data request (0.731ms)
✔ old schema is rejected before any data request (0.142625ms)
✔ wrong compressed format is rejected before any data request (0.13125ms)
✔ wrong G2 format is rejected before any data request (0.080667ms)
✔ wrong Grumpkin format is rejected before any data request (0.064042ms)
✔ old point count is rejected before any data request (0.066625ms)
✔ old Grumpkin filename is rejected before any data request (0.0645ms)
✔ unexpected network destination is rejected before any data request (0.053458ms)
✔ duplicate file is rejected before any data request (0.0685ms)
✔ invalid range is rejected before any data request (0.061ms)
✔ missing derived entry is rejected before any data request (0.056541ms)
✔ wrong derived name is rejected before any data request (0.049125ms)
✔ wrong derived length is rejected before any data request (0.044917ms)
✔ wrong derived point count is rejected before any data request (0.046792ms)
✔ wrong derived format is rejected before any data request (0.052292ms)
✔ invalid derived digest is rejected before any data request (0.072666ms)
✔ derived remote URL is rejected before any data request (0.057083ms)
✔ missing provenance is rejected before any data request (0.050459ms)
✔ wrong derivation method is rejected before any data request (0.058333ms)
✔ wrong derivation SDK is rejected before any data request (0.053333ms)
✔ wrong derivation input name is rejected before any data request (0.0485ms)
✔ mismatched derivation input pin is rejected before any data request (0.0585ms)
✔ mismatched derivation G2 pin is rejected before any data request (0.051459ms)
✔ wrong derivation WASM path is rejected before any data request (0.041583ms)
✔ wrong derivation WASM digest is rejected before any data request (0.041417ms)
✔ extra derivation metadata is rejected before any data request (0.041875ms)
✔ truncated body cannot be loaded (0.144166ms)
✔ oversized body cannot be loaded (0.075ms)
✔ oversized content length cannot be loaded (0.346375ms)
✔ HTTP failure cannot be loaded (0.05175ms)
✔ empty successful response cannot be loaded (0.048375ms)
✔ oversized streamed response is cancelled instead of reading remaining bytes (0.408167ms)
✔ non-ending HTTP error response is cancelled before rejection (0.085708ms)
✔ HTTP error response remains the rejection reason when cancellation fails (0.078125ms)
✔ BN254 initialization rejection prevents Grumpkin initialization (12.794958ms)
✔ unexpected BN254 response cannot be reported as initialized (12.862667ms)
✔ unexpected Grumpkin response cannot be reported as initialized (17.43825ms)
✔ browser loading uses the same checks with Web Crypto SHA-256 (18.591917ms)
✔ verified local derived bytes skip compressed reads and use the documented empty response (25.388417ms)
✔ derived corruption after the first two points falls back before any bad bytes reach SRS (35.28875ms)
✔ truncated derived input is rejected before hash verification and uses verified compressed fallback (13.691042ms)
✔ oversized derived input is rejected before hash verification and uses verified compressed fallback (14.496042ms)
✔ cache metadata wrapper is rejected before hash verification and uses verified compressed fallback (18.424709ms)
✔ corrupt derived bytes plus invalid compressed sources never invoke the prover (23.301583ms)
✔ missing derived and compressed local input fetches only the pinned compressed CDN bytes (17.668958ms)
✔ loader cannot replace the trusted metadata snapshot (25.724125ms)
✔ mismatched derived content pin never accepts bytes through supplied cache metadata (37.80275ms)
✔ derived initialization rejects nonempty output and does not initialize Grumpkin (26.612542ms)
✔ derived initialization rejects missing output and does not initialize Grumpkin (24.329334ms)
✔ derived initialization rejects wrong element type and does not initialize Grumpkin (25.028042ms)
✔ browser VM uses full Web Crypto digest verification for derived input (30.290292ms)
✔ normal author calls carry only private payment method and bootstrap claim is consumed once (2.512458ms)
✔ unknown submission is preserved without retry and private errors are redacted (1.744667ms)
✔ missing private fee configuration fails before account work for every private action (1.4675ms)
✔ actual wallet keeps configured gas and normal account scope/tag through simulation and proof (9.0665ms)
✔ actual main claim uses standard author call with private fee payment (13.45825ms)
✔ actual main post uses standard author call with private fee payment (2.408541ms)
✔ actual main post dummy uses standard author call with private fee payment (1.21325ms)
✔ actual main withdraw uses standard author call with private fee payment (0.955625ms)
✔ moderator calls use their normal account with private fee payment (1.037833ms)
✔ inherited object names never select an application method (0.339375ms)
✔ actual main private post works with no Ethereum signer (0.935125ms)
✔ actual main fails before PXE when RPC identity changed after CLI preflight (0.491ms)
✔ settlement pending returns after one witness lookup, without ninety-minute polling (1.15875ms)
✔ witness RPC failure remains unknown, never a false unclaimed or paid result (0.911959ms)
✔ consumed/error text is not evidence of a refund: false (4.467375ms)
✔ consumed/error text is not evidence of a refund: true (1.000208ms)
✔ actual main refuses a private send when durable journal is unavailable (0.82325ms)
✔ actual main recovery avoids proving and Ethereum signing and reports revert distinctly (1.115792ms)
✔ Ethereum recovery handles already refunded receipts before checking active deposit (1.339917ms)
✔ actual moderator declare-immoral uses the active wallet's durable journal (1.108709ms)
✔ actual moderator declare-immoral refuses an unresolved previous transaction before preparing a fee (0.505375ms)
✔ actual moderator set-moderation-policy uses the active wallet's durable journal (0.855291ms)
✔ actual moderator set-moderation-policy refuses an unresolved previous transaction before preparing a fee (0.464792ms)
✔ actual moderator transfer-censor uses the active wallet's durable journal (0.666083ms)
✔ actual moderator transfer-censor refuses an unresolved previous transaction before preparing a fee (0.497208ms)
✔ moderator wallet cannot bypass journal ownership by supplying a second key (0.659ms)
✔ moderator recovery success distinguishes an already completed identical transfer from a failed one (1.016792ms)
✔ moderator recovery reverted distinguishes an already completed identical transfer from a failed one (0.666125ms)
✔ moderator recovery with unknown outcome cannot prepare another private fee payment (0.548792ms)
✔ actual recovery dispatcher restores the saved message and nonce before requesting a fresh post proof (1.391792ms)
✔ already published stable identity blocks a replacement before fee preparation (0.700416ms)
✔ recovery cannot silently regenerate a dummy operation (0.473375ms)
✔ recovery cannot silently regenerate a withdraw operation (0.463167ms)
✔ recovery cannot silently regenerate a claim operation (0.426209ms)
✔ claim  records its own operation rather than stale real-post metadata (5.282959ms)
✔ post dummy records its own operation rather than stale real-post metadata (1.142083ms)
✔ withdraw  records its own operation rather than stale real-post metadata (0.956291ms)
✔ missing withdrawal note never proves success when history contains no exit (7.640125ms)
✔ missing withdrawal note never proves success when history is unavailable (1.596917ms)
✔ missing withdrawal note can recover an exact successful canonical exit without paying again (2.29775ms)
✔ missing withdrawal note cannot recover a reverted exit (1.193458ms)
✔ an exit for another selected deposit cannot complete withdrawal (1.849417ms)
✔ withdrawal recovery without original claim custody cannot guess deposit ownership (1.6165ms)
✔ withdrawal absence reconciliation has a deadline even if its receipt read stalls (21.731833ms)
✔ saved dummy requires the same source screening sequence (unchanged) (1.239208ms)
✔ saved dummy requires the same source screening sequence (changed) (0.739792ms)
✔ saved withdraw requires the same source screening sequence (unchanged) (0.764208ms)
✔ saved withdraw requires the same source screening sequence (changed) (0.539208ms)
✔ actual wallet passes attributed application spend to the durable journal before submission (0.560334ms)
✔ successful retried screening releases its step guard before the following withdrawal (3.433209ms)
✔ stale claim restores exact original receipt and claim identity without depositing again (3.283042ms)
✔ stale claim rejects changed amount before another fee payment (1.996291ms)
✔ stale claim rejects changed depositNonce before another fee payment (2.033667ms)
✔ stale claim rejects changed leafIndex before another fee payment (1.854791ms)
✔ stale claim rejects changed depositChain before another fee payment (2.047792ms)
✔ stale claim rejects changed secretHash before another fee payment (1.976458ms)
✔ stale claim rejects changed depositor before another fee payment (2.184125ms)
✔ an existing note is not confirmation of an unresolved saved claim transaction (2.7815ms)
✔ failed claim does not enter the former thirty-attempt loop (3.805416ms)
✔ saved claim rejects a receipt returned for another transaction (1.47225ms)
✔ saved claim rejects a reorged Ethereum receipt (1.33975ms)
✔ saved claim receipt reads time out before any proof or fee preparation (23.8225ms)
✔ explicit recovery restores exact saved transfer-censor arguments (2.020125ms)
✔ explicit recovery restores exact saved set-moderation-policy arguments (2.028958ms)
✔ explicit recovery restores exact saved declare-immoral arguments (1.537084ms)
✔ daemon stale transaction reconciliation regenerates the same job (1.616334ms)
✔ daemon stale transaction reconciliation rejects another job (1.334542ms)
✔ saved moderator request cannot spend fees after authority transfers away (1.4215ms)
✔ build provenance rejects changed frontend sources paired with old HTML (18.025333ms)
✔ build provenance rejects output changes and removed output (19.868125ms)
✔ source removal and newly discovered app invalidate previous build (17.737583ms)
✔ partial or interrupted builds cannot preserve a valid aggregate manifest (17.985125ms)
✔ mid-build drift and private RPC overrides cannot be certified (19.838458ms)
✔ internal symlinks hash the actual source while escapes and cycles reject (14.360875ms)
✔ obsolete template cannot leave a served HTML page in certified output (13.939083ms)
✔ unexpected top-level and nested HTML reject certification without deletion (17.222583ms)
✔ output symlink escapes and cycles cannot bypass the served HTML inventory (13.557667ms)
✔ funding deposits to shared address and passes mandatory recovery callback (1.491333ms)
✔ standalone claim uses standard author entrypoint with only private fee payload, then stops PXE (0.725583ms)
✔ browser recovery storage preserves earlier deposits and refuses conflicting replacements or secrets (0.563958ms)
✔ deposit below claim fee is rejected before requesting L1 funding (0.375958ms)
✔ private fee claim refuses missing or unresolved recovery storage before consuming bridge information (0.731375ms)
✔ private fee success recovery requires no Ethereum signer, bridge claim file or PXE (0.295958ms)
✔ private fee reverted recovery requires no Ethereum signer, bridge claim file or PXE (0.247666ms)
✔ fee Ethereum approved recovery is explicit and does not start an L2 proof (0.268375ms)
✔ fee Ethereum funded recovery is explicit and does not start an L2 proof (0.280166ms)
✔ fee Ethereum reverted recovery is explicit and does not start an L2 proof (0.296875ms)
✔ fee Ethereum replaced recovery is explicit and does not start an L2 proof (0.26875ms)
✔ claim persists exact public funding identity before preparation without duplicating secrets (0.424541ms)
✔ stale private fee claim restores saved funding record even when UI holds another deposit (0.771416ms)
✔ BB_SUBMISSION_UNKNOWN does not regenerate private fee claim (0.397375ms)
✔ BB_TRANSACTION_FAILED does not regenerate private fee claim (0.399333ms)
✔ live old claim cannot authorize replacement (0.374208ms)
✔ saved fee claim rejects owner (0.364208ms)
✔ saved fee claim rejects kind (0.346208ms)
✔ saved fee claim rejects unknown-record-key (0.367292ms)
✔ changed canonical message index blocks regenerated claim before proving (0.453708ms)
✔ canonical funding validation failure blocks regenerated claim (0.371166ms)
✔ private fee funding reconciliation has a bounded deadline (6.242ms)
✔ approve then persist nonce-bound public recovery before deposit; recover exact private claim (245.527791ms)
✔ existing allowance avoids approval and uses pending sender nonce (30.897875ms)
✔ save failure prevents deposit (14.605542ms)
✔ ambiguous send retains public recovery, never retries or leaks raw error (15.623125ms)
✔ rejects inadequate user token balance before approval (13.223333ms)
✔ rejects wrong L1 network before any transaction (11.092417ms)
✔ rejects wrong portal version before any transaction (12.485708ms)
✔ recovery rejects reorg (39.8ms)
✔ recovery rejects reverted (39.411917ms)
✔ recovery rejects wrong nonce (39.937875ms)
✔ recovery rejects wrong sender (38.879167ms)
✔ recovery rejects wrong calldata (38.873833ms)
✔ recovery rejects missing event (37.827042ms)
✔ recovery rejects duplicate event (37.711625ms)
✔ public record from another wallet cannot recover credit (36.953833ms)
✔ public record from another owner cannot recover credit (37.783042ms)
✔ recovery requires hash and trusted deployment scope (37.525834ms)
✔ confirmed approval nonce overrides stale Ethers pending cache (27.525167ms)
✔ failure diagnostics expose only finite phase and safe codes (13.511417ms)
✔ lost approval response is recovered by sender nonce and never silently approved twice (63.560875ms)
✔ lost bridge-deposit response recovers exact funding provenance without an unstored hash or another payment (38.562708ms)
✔ missing durable fee journal prevents token approval (11.170291ms)
✔ portable journal alone restores private-fee funding provenance in a fresh store (42.6705ms)
✔ full-history index refuses to checkpoint an omitted publication order (3.283417ms)
✔ an index starting from genesis refuses a nonzero first publication order (0.349291ms)
✔ orphaned flag disappears when its page is rolled back (0.788917ms)
✔ different payloads at one canonical event position never commit (0.178667ms)
✔ unavailable historical checkpoint preserves all cached events (0.334083ms)
✔ identical policy can be published repeatedly under the same content version (0.259458ms)
✔ conflicting text cannot reuse a policy content version (0.257458ms)
✔ post without its preceding policy publication cannot enter full-history cache (0.252667ms)
✔ sync deadline covers the aggregate RPC sequence, not each read independently (31.543708ms)
✔ connection reads pinned immutable slots at one block and matches both contract class IDs (18.625459ms)
✔ matching public slots cannot bypass a wrong currentContractClassId (7.689917ms)
✔ matching public slots cannot bypass a wrong originalContractClassId (5.237708ms)
✔ connection rejects conflicting immutable slot 1 (6.897917ms)
✔ connection rejects conflicting immutable slot 3 (5.210334ms)
✔ connection rejects conflicting immutable slot 4 (6.31525ms)
✔ connection rejects conflicting immutable slot 5 (4.431416ms)
✔ restored public cache rejects additional private payload fields (0.461125ms)
✔ policy A then B then A identifies A as the current restored policy (0.289417ms)
✔ SDK serialization decodes PolicyPublished to strict public schema (2.8035ms)
✔ SDK serialization decodes PostPublished to strict public schema (0.381667ms)
✔ SDK serialization decodes PostFlagged to strict public schema (0.219625ms)
✔ wallet-free source verifies network, reads checkpointed head and atomically drains cursor pages (2.670792ms)
✔ same-tag pagination retains every event without duplicates (1.730416ms)
✔ decoder rejects wrong tag (0.389458ms)
✔ decoder rejects extra field (0.197666ms)
✔ decoder rejects wrong schema (0.1735ms)
✔ decoder rejects nonzero message padding (0.205458ms)
✔ decoder rejects oversized message length (0.219209ms)
✔ decoder rejects invalid UTF-8 (0.194875ms)
✔ decoder rejects zero post identity (0.184083ms)
✔ decoder rejects negative position (0.159916ms)
✔ wrong network refuses before reading events (0.3175ms)
✔ incomplete atomic range rejects {"maxPages":2} (0.536667ms)
✔ incomplete atomic range rejects {"maxEvents":2} (0.529291ms)
✔ nonadvancing server cursor rejects rather than skipping records (0.465166ms)
✔ reorg anchor rejection leaves range incomplete (0.335875ms)
✔ stalled RPC is bounded (6.711708ms)
✔ range bounds fail before RPC (0.3925ms)
✔ precomputed metadata loads raw JSON block data without hashing (0.631583ms)
✔ duplicated or missing precomputed tags fail closed (0.41275ms)
✔ decoder supports raw JSON RPC strings without SDK objects (0.157958ms)
✔ runtime source imports only local modules without SDK or proving assets (0.156959ms)
✔ wallet-free cache resumes bounded pages without rescanning completed history (4.460208ms)
✔ snapshot pagination neither duplicates nor misses posts when newer ones arrive (0.899708ms)
✔ same-height reorg rolls back affected pages and invalidates pagination (0.854292ms)
✔ flag-only block updates a cached post without scanning its publication (0.430792ms)
✔ failed atomic persistence retains prior checkpoint and retries same page (0.712834ms)
✔ chain change during fetch never commits fetched events (0.227208ms)
✔ identical event duplicates deduplicate; conflicting payloads fail (0.365459ms)
✔ unexpected private fields, wrong scope and out-of-range results cannot enter cache (0.293375ms)
✔ bounded rollback can discard cache and rebuild after deep reorg (0.537ms)
✔ capacity failure is explicit and does not advance past missing events (0.307625ms)
✔ RPC failure preserves cached data and cursor (0.272292ms)
✔ malformed restored cache and concurrent sync are rejected (2.582875ms)
✔ complete synthetic SDK manifest passes (9.982833ms)
✔ stale lockfile is rejected (5.70425ms)
✔ stale build script is rejected (6.844625ms)
✔ stale SDK entry source is rejected (6.5235ms)
✔ stale storage adapter source is rejected (6.953875ms)
✔ stale PXE schema source is rejected (7.215542ms)
✔ stale imported dependency source is rejected (5.909667ms)
✔ stale toolchain helper is rejected (6.638666ms)
✔ stale runtime asset source is rejected (7.224791ms)
✔ stale bundle output is rejected (6.384458ms)
✔ stale worker output is rejected (7.736958ms)
✔ stale runtime asset output is rejected (6.62275ms)
✔ protocol version mismatch is rejected (5.802542ms)
✔ omitting required inputs entry shared/sdk-entry.mjs is rejected (6.823917ms)
✔ omitting required inputs entry shared/sdk-store.mjs is rejected (5.957959ms)
✔ omitting required inputs entry node_modules/@aztec/pxe/dest/storage/metadata.js is rejected (7.385333ms)
✔ omitting required inputs entry node_modules/@aztec/noir-acvm_js/web/acvm_js_bg.wasm is rejected (5.487666ms)
✔ omitting required outputs entry sqlite.worker.js is rejected (5.707875ms)
✔ omitting required outputs entry sqlite3.wasm is rejected (6.944875ms)
✔ runtime asset output cannot differ from its source even with a refreshed output hash (6.9255ms)
✔ manifest inputs path confinement rejects ../outside.js (7.806167ms)
✔ manifest inputs path confinement rejects /outside.js (6.619542ms)
✔ manifest inputs path confinement rejects shared/../outside.js (5.855667ms)
✔ manifest inputs path confinement rejects shared\outside.js (7.535125ms)
✔ manifest outputs path confinement rejects ../outside.js (7.096542ms)
✔ manifest outputs path confinement rejects /outside.js (8.236125ms)
✔ manifest outputs path confinement rejects nested/worker.js (6.399958ms)
✔ manifest outputs path confinement rejects ..\outside.js (6.741875ms)
✔ inputs symlink cannot escape its allowed directory (7.30225ms)
✔ outputs symlink cannot escape its allowed directory (7.304458ms)
✔ invalid manifest structure is rejected (6.903291ms)
✔ malformed manifest digest is rejected (6.091834ms)
✔ missing worker file is rejected rather than silently omitted (6.031791ms)
✔ full Field wallet salt survives without Number narrowing (1.569083ms)
✔ invalid wallet salt fails closed 9007199254740992 (0.550666ms)
✔ invalid wallet salt fails closed -1 (0.396292ms)
✔ invalid wallet salt fails closed 0x (0.3525ms)
✔ invalid wallet salt fails closed 0001 (0.3795ms)
✔ invalid wallet salt fails closed 0x30644e72e131a029b85045b68181585d2833e84879b9709143e1f593f0000001 (0.375208ms)
✔ public wallet and symlink are rejected without modifying source files (0.812125ms)
✔ network endpoints must be explicit and do not read ambient configuration (0.560833ms)
✔ unsafe RPC endpoint rejects without echoing input (0.095584ms)
✔ unsafe RPC endpoint rejects without echoing input (0.087625ms)
✔ unsafe RPC endpoint rejects without echoing input (0.0455ms)
✔ missing user wallet never loads defaults (0.467375ms)
✔ escrow claim-secret encryption separates accounts sharing a key with different salts (23.919917ms)
✔ lost binding response resumes from encrypted transaction without supplied hash or another binding (20.761292ms)
✔ lost board deployment response resumes original transaction and deploys the board only once (5.450125ms)
✔ unresolved saved binding cannot start another transaction or falsely complete setup (26.42775ms)
✔ missing journal fails closed before any deployment signature and closes PXE (0.846584ms)
✔ definitively stale deploy proof regenerates only the same deployment operation (8.187625ms)
✔ definitively stale binding proof regenerates only the same deployment operation (8.539667ms)
✔ stale binding cannot silently accept another binding that appeared meanwhile (5.274291ms)
✔ stale binding cannot redeploy a missing original Ethereum portal (4.975667ms)
✔ stale board deployment cannot silently accept a board that appeared meanwhile (3.29025ms)
✔ password recovery file transfers actual SDK transaction browser to CLI and back without changing identity (439.683541ms)
✔ fresh profile restores pending history search progress (152.876292ms)
✔ older authenticated backup never replaces newer local transaction (284.840875ms)
✔ foreign wallet, moved key, descriptor damage and duplicated records fail before restore writes (130.913167ms)
✔ export filters other wallets but refuses legacy records lacking ownership metadata (114.772666ms)
✔ actual offline CLI restores fresh wallet plus claims/journals, exports portable file, rejects overwrite and wrong password (2669.45475ms)
✔ file: operation metadata survives restart and canonical recovery alone permits the next operation (197.84975ms)
✔ file: crash before broadcast recovers identical actual SDK transaction without a new proof (129.133708ms)
✔ file: crash after broadcast recovers receipt without resending; acknowledgement is explicit (150.335042ms)
✔ file: canonical recheck rejects previously acknowledged receipt after reorg (94.523166ms)
✔ file: concurrent prepare permits exactly one durable transaction (75.442042ms)
✔ file: wrong key and full-salt mismatch fail authentication (63.557709ms)
✔ file: scope separation never recovers another board or chain (61.107583ms)
✔ file: failed execution, uncertain drop, RPC error and foreign receipt never permit replacement (225.683125ms)
✔ file: wallet context change prevents recovery broadcast (91.753291ms)
✔ file: persisted envelope excludes transaction and wallet plaintext and tampering fails closed (90.747917ms)
✔ indexeddb: operation metadata survives restart and canonical recovery alone permits the next operation (168.128416ms)
✔ indexeddb: crash before broadcast recovers identical actual SDK transaction without a new proof (105.398709ms)
✔ indexeddb: crash after broadcast recovers receipt without resending; acknowledgement is explicit (145.380292ms)
✔ indexeddb: canonical recheck rejects previously acknowledged receipt after reorg (72.238166ms)
✔ indexeddb: concurrent prepare permits exactly one durable transaction (61.145333ms)
✔ indexeddb: wrong key and full-salt mismatch fail authentication (53.220709ms)
✔ indexeddb: scope separation never recovers another board or chain (50.106792ms)
✔ indexeddb: failed execution, uncertain drop, RPC error and foreign receipt never permit replacement (226.180541ms)
✔ indexeddb: wallet context change prevents recovery broadcast (79.460584ms)
✔ indexeddb: persisted envelope excludes transaction and wallet plaintext and tampering fails closed (82.844917ms)
✔ file adapter rejects symlinks, unsafe modes and stale locks without replacing data (1.116292ms)
✔ abrupt worker death after durable prepare preserves exact recovery transaction (244.813667ms)
✔ stale proof replacement retains exact post intent and original proof through portable recovery (519.007667ms)
✔ uncertain or live original cannot authorize another proof: {"status":"pending"} (88.163458ms)
✔ uncertain or live original cannot authorize another proof: {"status":"proposed"} (79.040459ms)
✔ uncertain or live original cannot authorize another proof: {"status":"checkpointed"} (83.180583ms)
✔ uncertain or live original cannot authorize another proof: {"validation":{"result":"valid"}} (74.277041ms)
✔ uncertain or live original cannot authorize another proof: {"validation":{"result":"invalid","reason":["bad signature"]}} (74.486541ms)
✔ uncertain or live original cannot authorize another proof: {"validation":{"result":"invalid","reason":["Existing nullifier","unrecognized"]}} (83.140625ms)
✔ original becoming live during proving prevents saving replacement and preserves the original request (188.003042ms)
✔ different logical operation cannot consume a stale-proof authorization (187.151209ms)
✔ concurrent replacement authorizations still allow only one durable new proof (361.328167ms)
✔ replacement chain is bounded and preserves its last record when the limit is reached (6126.135541ms)
✔ stalled transaction reads and canonical receipt requests respect bounded deadlines (17.494625ms)
✔ stalled replacement reconciliation remains unknown and leaves the original record intact (121.454333ms)
✔ replacement RPC exceptions expose only the bounded recovery classification (78.191584ms)
✔ replacement must retain the exact bound application spend even when fee nullifiers change (359.054834ms)
✔ finds withdrawal older than 500 blocks with exact pinned RPC page limits (3.066291ms)
✔ complete negative history coverage returns null (1.035458ms)
✔ incomplete or noncanonical history never becomes unclaimed: missing (0.278333ms)
✔ incomplete or noncanonical history never becomes unclaimed: rpcFail (0.17225ms)
✔ incomplete or noncanonical history never becomes unclaimed: reorg (0.834459ms)
✔ incomplete or noncanonical history never becomes unclaimed: reverted (0.826583ms)
✔ stalled history request has a bounded unknown result (12.098833ms)
✔ moving anchor cannot establish absence (0.275625ms)
✔ restart resumes saved pages and checks newly arrived blocks (1.451833ms)
✔ new tail and old unfinished range are both searched after restart (1.295917ms)
✔ changed saved anchor discards skipped pages (0.248417ms)
✔ completed negative scan searches only newly appended history (0.218166ms)
✔ cursor persistence failure never reports absence (0.154958ms)
✔ browser: encrypted history cursor survives restart with scoped identity and atomic updates (6.219708ms)
✔ file: encrypted history cursor survives restart with scoped identity and atomic updates (27.860791ms)
ℹ tests 380
ℹ suites 0
ℹ pass 380
ℹ fail 0
ℹ cancelled 0
ℹ skipped 0
ℹ todo 0
ℹ duration_ms 21113.700166
