✔ user renders stable public IDs, Unicode and moderation reasons without wallet reads (1.502959ms)
✔ censor renders stable public IDs, Unicode and moderation reasons without wallet reads (0.558375ms)
✔ user countdown does not announce withdrawal eligibility while screened debt remains (0.446ms)
✔ SDK serialization decodes PolicyPublished to strict public schema (2.815084ms)
✔ SDK serialization decodes PostPublished to strict public schema (0.433042ms)
✔ SDK serialization decodes PostFlagged to strict public schema (0.243375ms)
✔ wallet-free source verifies network, reads checkpointed head and atomically drains cursor pages (2.822875ms)
✔ same-tag pagination retains every event without duplicates (1.713416ms)
✔ decoder rejects wrong tag (0.578667ms)
✔ decoder rejects extra field (0.203292ms)
✔ decoder rejects wrong schema (0.193292ms)
✔ decoder rejects nonzero message padding (0.2185ms)
✔ decoder rejects oversized message length (0.228291ms)
✔ decoder rejects invalid UTF-8 (0.186583ms)
✔ decoder rejects zero post identity (0.196834ms)
✔ decoder rejects negative position (0.17975ms)
✔ wrong network refuses before reading events (0.34475ms)
✔ incomplete atomic range rejects {"maxPages":2} (0.621959ms)
✔ incomplete atomic range rejects {"maxEvents":2} (0.583375ms)
✔ nonadvancing server cursor rejects rather than skipping records (0.506416ms)
✔ reorg anchor rejection leaves range incomplete (0.339375ms)
✔ stalled RPC is bounded (6.973916ms)
✔ range bounds fail before RPC (0.405458ms)
✔ precomputed metadata loads raw JSON block data without hashing (0.618333ms)
✔ duplicated or missing precomputed tags fail closed (0.407042ms)
✔ decoder supports raw JSON RPC strings without SDK objects (0.159ms)
✔ runtime source imports only local modules without SDK or proving assets (0.14925ms)
ℹ tests 27
ℹ suites 0
ℹ pass 27
ℹ fail 0
ℹ cancelled 0
ℹ skipped 0
ℹ todo 0
ℹ duration_ms 419.873083
